
=== NEW RUN ===
episodes=8000, shaping=False, K=1.0, goal_reward=10000.0, gamma=0.99
inter_level_shaping=False, inter_level_K=0.0
formula=F(wp1 & X(F(g1)))
waypoints={'wp1': (1, 8), 'g1': (8, 8)}
dfa_states=[1, 2, 3], pre_trace=1, accepting=[3]

[Episode 1/8000 | last 1]
success rate                : 0.0% (cumulative 0.0%)
synthetic task reward       : 0.000
shaping reward              : 0.000
learning reward             : 0.000
episode length              : 101.0
abstract changes / episode  : 12.0
DFA transitions / episode   : 0.00
DFA transitions in window   : none
epsilon (next episode)       : 0.99960
replay buffer                : 101 samples [1: 100.0%, 2: 0.0%, 3: 0.0%]
DFA state visits in window   : 1: 102, 2: 0, 3: 0
DFA state visits cumulative  : 1: 102, 2: 0, 3: 0
DFA state entries in window  : 1: 1, 2: 0, 3: 0
DFA state entries cumulative : 1: 1, 2: 0, 3: 0
transitions cumulative       : none
accepted directly from s0    : 0
Gym endings cumulative       : terminated=1, truncated=0
Best policy updated at episode 1: mean learning reward=0.000

[Episode 100/8000 | last 100]
success rate                : 0.0% (cumulative 0.0%)
synthetic task reward       : 0.000
shaping reward              : 0.000
learning reward             : 0.000
episode length              : 93.0
abstract changes / episode  : 12.8
DFA transitions / episode   : 0.00
DFA transitions in window   : none
epsilon (next episode)       : 0.96078
replay buffer                : 9305 samples [1: 100.0%, 2: 0.0%, 3: 0.0%]
DFA state visits in window   : 1: 9405, 2: 0, 3: 0
DFA state visits cumulative  : 1: 9405, 2: 0, 3: 0
DFA state entries in window  : 1: 100, 2: 0, 3: 0
DFA state entries cumulative : 1: 100, 2: 0, 3: 0
transitions cumulative       : none
accepted directly from s0    : 0
Gym endings cumulative       : terminated=100, truncated=0

[Episode 200/8000 | last 100]
success rate                : 0.0% (cumulative 0.0%)
synthetic task reward       : 0.000
shaping reward              : 0.000
learning reward             : 0.000
episode length              : 90.4
abstract changes / episode  : 12.8
DFA transitions / episode   : 0.00
DFA transitions in window   : none
epsilon (next episode)       : 0.92310
replay buffer                : 18346 samples [1: 100.0%, 2: 0.0%, 3: 0.0%]
DFA state visits in window   : 1: 9141, 2: 0, 3: 0
DFA state visits cumulative  : 1: 18546, 2: 0, 3: 0
DFA state entries in window  : 1: 100, 2: 0, 3: 0
DFA state entries cumulative : 1: 200, 2: 0, 3: 0
transitions cumulative       : none
accepted directly from s0    : 0
Gym endings cumulative       : terminated=200, truncated=0

[Episode 300/8000 | last 100]
success rate                : 0.0% (cumulative 0.0%)
synthetic task reward       : 0.000
shaping reward              : 0.000
learning reward             : 0.000
episode length              : 97.3
abstract changes / episode  : 12.7
DFA transitions / episode   : 0.02
DFA transitions in window   : 1->2: 2
epsilon (next episode)       : 0.88690
replay buffer                : 28072 samples [1: 99.8%, 2: 0.2%, 3: 0.0%]
DFA state visits in window   : 1: 9756, 2: 70, 3: 0
DFA state visits cumulative  : 1: 28302, 2: 70, 3: 0
DFA state entries in window  : 1: 100, 2: 2, 3: 0
DFA state entries cumulative : 1: 300, 2: 2, 3: 0
transitions cumulative       : 1->2: 2
accepted directly from s0    : 0
Gym endings cumulative       : terminated=300, truncated=0

[Episode 400/8000 | last 100]
success rate                : 0.0% (cumulative 0.0%)
synthetic task reward       : 0.000
shaping reward              : 0.000
learning reward             : 0.000
episode length              : 105.6
abstract changes / episode  : 12.7
DFA transitions / episode   : 0.00
DFA transitions in window   : none
epsilon (next episode)       : 0.85212
replay buffer                : 38628 samples [1: 99.8%, 2: 0.2%, 3: 0.0%]
DFA state visits in window   : 1: 10656, 2: 0, 3: 0
DFA state visits cumulative  : 1: 38958, 2: 70, 3: 0
DFA state entries in window  : 1: 100, 2: 0, 3: 0
DFA state entries cumulative : 1: 400, 2: 2, 3: 0
transitions cumulative       : 1->2: 2
accepted directly from s0    : 0
Gym endings cumulative       : terminated=399, truncated=1

[Episode 500/8000 | last 100]
success rate                : 0.0% (cumulative 0.0%)
synthetic task reward       : 0.000
shaping reward              : 0.000
learning reward             : 0.000
episode length              : 101.2
abstract changes / episode  : 12.7
DFA transitions / episode   : 0.05
DFA transitions in window   : 1->2: 5
epsilon (next episode)       : 0.81870
replay buffer                : 48750 samples [1: 99.6%, 2: 0.4%, 3: 0.0%]
DFA state visits in window   : 1: 10109, 2: 113, 3: 0
DFA state visits cumulative  : 1: 49067, 2: 183, 3: 0
DFA state entries in window  : 1: 100, 2: 5, 3: 0
DFA state entries cumulative : 1: 500, 2: 7, 3: 0
transitions cumulative       : 1->2: 7
accepted directly from s0    : 0
Gym endings cumulative       : terminated=499, truncated=1

[Episode 600/8000 | last 100]
success rate                : 0.0% (cumulative 0.0%)
synthetic task reward       : 0.000
shaping reward              : 0.000
learning reward             : 0.000
episode length              : 110.6
abstract changes / episode  : 12.9
DFA transitions / episode   : 0.01
DFA transitions in window   : 1->2: 1
epsilon (next episode)       : 0.78659
replay buffer                : 59808 samples [1: 99.7%, 2: 0.3%, 3: 0.0%]
DFA state visits in window   : 1: 11136, 2: 22, 3: 0
DFA state visits cumulative  : 1: 60203, 2: 205, 3: 0
DFA state entries in window  : 1: 100, 2: 1, 3: 0
DFA state entries cumulative : 1: 600, 2: 8, 3: 0
transitions cumulative       : 1->2: 8
accepted directly from s0    : 0
Gym endings cumulative       : terminated=599, truncated=1

[Episode 700/8000 | last 100]
success rate                : 0.0% (cumulative 0.0%)
synthetic task reward       : 0.000
shaping reward              : 0.000
learning reward             : 0.000
episode length              : 112.7
abstract changes / episode  : 12.9
DFA transitions / episode   : 0.02
DFA transitions in window   : 1->2: 2
epsilon (next episode)       : 0.75574
replay buffer                : 71074 samples [1: 99.7%, 2: 0.3%, 3: 0.0%]
DFA state visits in window   : 1: 11330, 2: 36, 3: 0
DFA state visits cumulative  : 1: 71533, 2: 241, 3: 0
DFA state entries in window  : 1: 100, 2: 2, 3: 0
DFA state entries cumulative : 1: 700, 2: 10, 3: 0
transitions cumulative       : 1->2: 10
accepted directly from s0    : 0
Gym endings cumulative       : terminated=699, truncated=1

[Episode 800/8000 | last 100]
success rate                : 0.0% (cumulative 0.0%)
synthetic task reward       : 0.000
shaping reward              : 0.000
learning reward             : 0.000
episode length              : 110.0
abstract changes / episode  : 12.9
DFA transitions / episode   : 0.03
DFA transitions in window   : 1->2: 3
epsilon (next episode)       : 0.72610
replay buffer                : 82075 samples [1: 99.6%, 2: 0.4%, 3: 0.0%]
DFA state visits in window   : 1: 11027, 2: 74, 3: 0
DFA state visits cumulative  : 1: 82560, 2: 315, 3: 0
DFA state entries in window  : 1: 100, 2: 3, 3: 0
DFA state entries cumulative : 1: 800, 2: 13, 3: 0
transitions cumulative       : 1->2: 13
accepted directly from s0    : 0
Gym endings cumulative       : terminated=799, truncated=1

[Episode 900/8000 | last 100]
success rate                : 0.0% (cumulative 0.0%)
synthetic task reward       : 0.000
shaping reward              : 0.000
learning reward             : 0.000
episode length              : 104.0
abstract changes / episode  : 12.1
DFA transitions / episode   : 0.00
DFA transitions in window   : none
epsilon (next episode)       : 0.69763
replay buffer                : 92477 samples [1: 99.7%, 2: 0.3%, 3: 0.0%]
DFA state visits in window   : 1: 10502, 2: 0, 3: 0
DFA state visits cumulative  : 1: 93062, 2: 315, 3: 0
DFA state entries in window  : 1: 100, 2: 0, 3: 0
DFA state entries cumulative : 1: 900, 2: 13, 3: 0
transitions cumulative       : 1->2: 13
accepted directly from s0    : 0
Gym endings cumulative       : terminated=899, truncated=1

[Episode 1000/8000 | last 100]
success rate                : 0.0% (cumulative 0.0%)
synthetic task reward       : 0.000
shaping reward              : 0.000
learning reward             : 0.000
episode length              : 99.8
abstract changes / episode  : 11.9
DFA transitions / episode   : 0.00
DFA transitions in window   : none
epsilon (next episode)       : 0.67027
replay buffer                : 102461 samples [1: 99.7%, 2: 0.3%, 3: 0.0%]
DFA state visits in window   : 1: 10084, 2: 0, 3: 0
DFA state visits cumulative  : 1: 103146, 2: 315, 3: 0
DFA state entries in window  : 1: 100, 2: 0, 3: 0
DFA state entries cumulative : 1: 1000, 2: 13, 3: 0
transitions cumulative       : 1->2: 13
accepted directly from s0    : 0
Gym endings cumulative       : terminated=999, truncated=1

[Episode 1100/8000 | last 100]
success rate                : 0.0% (cumulative 0.0%)
synthetic task reward       : 0.000
shaping reward              : 0.000
learning reward             : 0.000
episode length              : 115.6
abstract changes / episode  : 12.1
DFA transitions / episode   : 0.06
DFA transitions in window   : 1->2: 6
epsilon (next episode)       : 0.64398
replay buffer                : 114019 samples [1: 99.6%, 2: 0.4%, 3: 0.0%]
DFA state visits in window   : 1: 11507, 2: 151, 3: 0
DFA state visits cumulative  : 1: 114653, 2: 466, 3: 0
DFA state entries in window  : 1: 100, 2: 6, 3: 0
DFA state entries cumulative : 1: 1100, 2: 19, 3: 0
transitions cumulative       : 1->2: 19
accepted directly from s0    : 0
Gym endings cumulative       : terminated=1099, truncated=1

[Episode 1200/8000 | last 100]
success rate                : 0.0% (cumulative 0.0%)
synthetic task reward       : 0.000
shaping reward              : 0.000
learning reward             : 0.000
episode length              : 131.8
abstract changes / episode  : 12.8
DFA transitions / episode   : 0.05
DFA transitions in window   : 1->2: 5
epsilon (next episode)       : 0.61872
replay buffer                : 127195 samples [1: 99.5%, 2: 0.5%, 3: 0.0%]
DFA state visits in window   : 1: 13145, 2: 131, 3: 0
DFA state visits cumulative  : 1: 127798, 2: 597, 3: 0
DFA state entries in window  : 1: 100, 2: 5, 3: 0
DFA state entries cumulative : 1: 1200, 2: 24, 3: 0
transitions cumulative       : 1->2: 24
accepted directly from s0    : 0
Gym endings cumulative       : terminated=1199, truncated=1

[Episode 1300/8000 | last 100]
success rate                : 0.0% (cumulative 0.0%)
synthetic task reward       : 0.000
shaping reward              : 0.000
learning reward             : 0.000
episode length              : 137.3
abstract changes / episode  : 12.6
DFA transitions / episode   : 0.05
DFA transitions in window   : 1->2: 5
epsilon (next episode)       : 0.59446
replay buffer                : 140930 samples [1: 99.4%, 2: 0.6%, 3: 0.0%]
DFA state visits in window   : 1: 13547, 2: 288, 3: 0
DFA state visits cumulative  : 1: 141345, 2: 885, 3: 0
DFA state entries in window  : 1: 100, 2: 5, 3: 0
DFA state entries cumulative : 1: 1300, 2: 29, 3: 0
transitions cumulative       : 1->2: 29
accepted directly from s0    : 0
Gym endings cumulative       : terminated=1299, truncated=1

[Episode 1400/8000 | last 100]
success rate                : 0.0% (cumulative 0.0%)
synthetic task reward       : 0.000
shaping reward              : 0.000
learning reward             : 0.000
episode length              : 142.4
abstract changes / episode  : 11.2
DFA transitions / episode   : 0.02
DFA transitions in window   : 1->2: 2
epsilon (next episode)       : 0.57115
replay buffer                : 155173 samples [1: 99.4%, 2: 0.6%, 3: 0.0%]
DFA state visits in window   : 1: 14288, 2: 55, 3: 0
DFA state visits cumulative  : 1: 155633, 2: 940, 3: 0
DFA state entries in window  : 1: 100, 2: 2, 3: 0
DFA state entries cumulative : 1: 1400, 2: 31, 3: 0
transitions cumulative       : 1->2: 31
accepted directly from s0    : 0
Gym endings cumulative       : terminated=1399, truncated=1

[Episode 1500/8000 | last 100]
success rate                : 0.0% (cumulative 0.0%)
synthetic task reward       : 0.000
shaping reward              : 0.000
learning reward             : 0.000
episode length              : 173.4
abstract changes / episode  : 12.5
DFA transitions / episode   : 0.04
DFA transitions in window   : 1->2: 4
epsilon (next episode)       : 0.54875
replay buffer                : 172514 samples [1: 99.4%, 2: 0.6%, 3: 0.0%]
DFA state visits in window   : 1: 17322, 2: 119, 3: 0
DFA state visits cumulative  : 1: 172955, 2: 1059, 3: 0
DFA state entries in window  : 1: 100, 2: 4, 3: 0
DFA state entries cumulative : 1: 1500, 2: 35, 3: 0
transitions cumulative       : 1->2: 35
accepted directly from s0    : 0
Gym endings cumulative       : terminated=1499, truncated=1

[Episode 1600/8000 | last 100]
success rate                : 0.0% (cumulative 0.0%)
synthetic task reward       : 0.000
shaping reward              : 0.000
learning reward             : 0.000
episode length              : 203.2
abstract changes / episode  : 14.3
DFA transitions / episode   : 0.05
DFA transitions in window   : 1->2: 5
epsilon (next episode)       : 0.52722
replay buffer                : 192832 samples [1: 99.3%, 2: 0.7%, 3: 0.0%]
DFA state visits in window   : 1: 20123, 2: 295, 3: 0
DFA state visits cumulative  : 1: 193078, 2: 1354, 3: 0
DFA state entries in window  : 1: 100, 2: 5, 3: 0
DFA state entries cumulative : 1: 1600, 2: 40, 3: 0
transitions cumulative       : 1->2: 40
accepted directly from s0    : 0
Gym endings cumulative       : terminated=1598, truncated=2

[Episode 1700/8000 | last 100]
success rate                : 0.0% (cumulative 0.0%)
synthetic task reward       : 0.000
shaping reward              : 0.000
learning reward             : 0.000
episode length              : 135.9
abstract changes / episode  : 13.5
DFA transitions / episode   : 0.00
DFA transitions in window   : none
epsilon (next episode)       : 0.50655
replay buffer                : 206427 samples [1: 99.4%, 2: 0.6%, 3: 0.0%]
DFA state visits in window   : 1: 13695, 2: 0, 3: 0
DFA state visits cumulative  : 1: 206773, 2: 1354, 3: 0
DFA state entries in window  : 1: 100, 2: 0, 3: 0
DFA state entries cumulative : 1: 1700, 2: 40, 3: 0
transitions cumulative       : 1->2: 40
accepted directly from s0    : 0
Gym endings cumulative       : terminated=1698, truncated=2

[Episode 1800/8000 | last 100]
success rate                : 0.0% (cumulative 0.0%)
synthetic task reward       : 0.000
shaping reward              : 0.000
learning reward             : 0.000
episode length              : 135.8
abstract changes / episode  : 12.9
DFA transitions / episode   : 0.00
DFA transitions in window   : none
epsilon (next episode)       : 0.48668
replay buffer                : 220008 samples [1: 99.4%, 2: 0.6%, 3: 0.0%]
DFA state visits in window   : 1: 13681, 2: 0, 3: 0
DFA state visits cumulative  : 1: 220454, 2: 1354, 3: 0
DFA state entries in window  : 1: 100, 2: 0, 3: 0
DFA state entries cumulative : 1: 1800, 2: 40, 3: 0
transitions cumulative       : 1->2: 40
accepted directly from s0    : 0
Gym endings cumulative       : terminated=1796, truncated=4

[Episode 1900/8000 | last 100]
success rate                : 0.0% (cumulative 0.0%)
synthetic task reward       : 0.000
shaping reward              : 0.000
learning reward             : 0.000
episode length              : 138.2
abstract changes / episode  : 13.8
DFA transitions / episode   : 0.00
DFA transitions in window   : none
epsilon (next episode)       : 0.46760
replay buffer                : 233824 samples [1: 99.4%, 2: 0.6%, 3: 0.0%]
DFA state visits in window   : 1: 13916, 2: 0, 3: 0
DFA state visits cumulative  : 1: 234370, 2: 1354, 3: 0
DFA state entries in window  : 1: 100, 2: 0, 3: 0
DFA state entries cumulative : 1: 1900, 2: 40, 3: 0
transitions cumulative       : 1->2: 40
accepted directly from s0    : 0
Gym endings cumulative       : terminated=1895, truncated=5

[Episode 2000/8000 | last 100]
success rate                : 0.0% (cumulative 0.0%)
synthetic task reward       : 0.000
shaping reward              : 0.000
learning reward             : 0.000
episode length              : 257.8
abstract changes / episode  : 15.1
DFA transitions / episode   : 0.00
DFA transitions in window   : none
epsilon (next episode)       : 0.44926
replay buffer                : 259602 samples [1: 99.5%, 2: 0.5%, 3: 0.0%]
DFA state visits in window   : 1: 25878, 2: 0, 3: 0
DFA state visits cumulative  : 1: 260248, 2: 1354, 3: 0
DFA state entries in window  : 1: 100, 2: 0, 3: 0
DFA state entries cumulative : 1: 2000, 2: 40, 3: 0
transitions cumulative       : 1->2: 40
accepted directly from s0    : 0
Gym endings cumulative       : terminated=1989, truncated=11

[Episode 2100/8000 | last 100]
success rate                : 0.0% (cumulative 0.0%)
synthetic task reward       : 0.000
shaping reward              : 0.000
learning reward             : 0.000
episode length              : 271.7
abstract changes / episode  : 16.4
DFA transitions / episode   : 0.11
DFA transitions in window   : 1->2: 11
epsilon (next episode)       : 0.43164
replay buffer                : 286773 samples [1: 99.3%, 2: 0.7%, 3: 0.0%]
DFA state visits in window   : 1: 26615, 2: 656, 3: 0
DFA state visits cumulative  : 1: 286863, 2: 2010, 3: 0
DFA state entries in window  : 1: 100, 2: 11, 3: 0
DFA state entries cumulative : 1: 2100, 2: 51, 3: 0
transitions cumulative       : 1->2: 51
accepted directly from s0    : 0
Gym endings cumulative       : terminated=2089, truncated=11

[Episode 2200/8000 | last 100]
success rate                : 0.0% (cumulative 0.0%)
synthetic task reward       : 0.000
shaping reward              : 0.000
learning reward             : 0.000
episode length              : 359.7
abstract changes / episode  : 22.5
DFA transitions / episode   : 0.02
DFA transitions in window   : 1->2: 2
epsilon (next episode)       : 0.41471
replay buffer                : 300000 samples [1: 99.3%, 2: 0.7%, 3: 0.0%]
DFA state visits in window   : 1: 35925, 2: 148, 3: 0
DFA state visits cumulative  : 1: 322788, 2: 2158, 3: 0
DFA state entries in window  : 1: 100, 2: 2, 3: 0
DFA state entries cumulative : 1: 2200, 2: 53, 3: 0
transitions cumulative       : 1->2: 53
accepted directly from s0    : 0
Gym endings cumulative       : terminated=2184, truncated=16

[Episode 2300/8000 | last 100]
success rate                : 0.0% (cumulative 0.0%)
synthetic task reward       : 0.000
shaping reward              : 0.000
learning reward             : 0.000
episode length              : 241.2
abstract changes / episode  : 14.9
DFA transitions / episode   : 0.07
DFA transitions in window   : 1->2: 7
epsilon (next episode)       : 0.39845
replay buffer                : 300000 samples [1: 99.2%, 2: 0.8%, 3: 0.0%]
DFA state visits in window   : 1: 23728, 2: 497, 3: 0
DFA state visits cumulative  : 1: 346516, 2: 2655, 3: 0
DFA state entries in window  : 1: 100, 2: 7, 3: 0
DFA state entries cumulative : 1: 2300, 2: 60, 3: 0
transitions cumulative       : 1->2: 60
accepted directly from s0    : 0
Gym endings cumulative       : terminated=2284, truncated=16

[Episode 2400/8000 | last 100]
success rate                : 0.0% (cumulative 0.0%)
synthetic task reward       : 0.000
shaping reward              : 0.000
learning reward             : 0.000
episode length              : 288.3
abstract changes / episode  : 16.2
DFA transitions / episode   : 0.05
DFA transitions in window   : 1->2: 5
epsilon (next episode)       : 0.38282
replay buffer                : 300000 samples [1: 99.1%, 2: 0.9%, 3: 0.0%]
DFA state visits in window   : 1: 28483, 2: 445, 3: 0
DFA state visits cumulative  : 1: 374999, 2: 3100, 3: 0
DFA state entries in window  : 1: 100, 2: 5, 3: 0
DFA state entries cumulative : 1: 2400, 2: 65, 3: 0
transitions cumulative       : 1->2: 65
accepted directly from s0    : 0
Gym endings cumulative       : terminated=2381, truncated=19

[Episode 2500/8000 | last 100]
success rate                : 0.0% (cumulative 0.0%)
synthetic task reward       : 0.000
shaping reward              : 0.000
learning reward             : 0.000
episode length              : 377.2
abstract changes / episode  : 16.9
DFA transitions / episode   : 0.05
DFA transitions in window   : 1->2: 5
epsilon (next episode)       : 0.36781
replay buffer                : 300000 samples [1: 98.9%, 2: 1.1%, 3: 0.0%]
DFA state visits in window   : 1: 37080, 2: 745, 3: 0
DFA state visits cumulative  : 1: 412079, 2: 3845, 3: 0
DFA state entries in window  : 1: 100, 2: 5, 3: 0
DFA state entries cumulative : 1: 2500, 2: 70, 3: 0
transitions cumulative       : 1->2: 70
accepted directly from s0    : 0
Gym endings cumulative       : terminated=2474, truncated=26

[Episode 2600/8000 | last 100]
success rate                : 0.0% (cumulative 0.0%)
synthetic task reward       : 0.000
shaping reward              : 0.000
learning reward             : 0.000
episode length              : 539.3
abstract changes / episode  : 31.9
DFA transitions / episode   : 0.01
DFA transitions in window   : 1->2: 1
epsilon (next episode)       : 0.35338
replay buffer                : 300000 samples [1: 99.1%, 2: 0.9%, 3: 0.0%]
DFA state visits in window   : 1: 54013, 2: 14, 3: 0
DFA state visits cumulative  : 1: 466092, 2: 3859, 3: 0
DFA state entries in window  : 1: 100, 2: 1, 3: 0
DFA state entries cumulative : 1: 2600, 2: 71, 3: 0
transitions cumulative       : 1->2: 71
accepted directly from s0    : 0
Gym endings cumulative       : terminated=2551, truncated=49

[Episode 2700/8000 | last 100]
success rate                : 0.0% (cumulative 0.0%)
synthetic task reward       : 0.000
shaping reward              : 0.000
learning reward             : 0.000
episode length              : 376.5
abstract changes / episode  : 18.8
DFA transitions / episode   : 0.04
DFA transitions in window   : 1->2: 4
epsilon (next episode)       : 0.33952
replay buffer                : 300000 samples [1: 99.1%, 2: 0.9%, 3: 0.0%]
DFA state visits in window   : 1: 37580, 2: 171, 3: 0
DFA state visits cumulative  : 1: 503672, 2: 4030, 3: 0
DFA state entries in window  : 1: 100, 2: 4, 3: 0
DFA state entries cumulative : 1: 2700, 2: 75, 3: 0
transitions cumulative       : 1->2: 75
accepted directly from s0    : 0
Gym endings cumulative       : terminated=2636, truncated=64

[Episode 2800/8000 | last 100]
success rate                : 0.0% (cumulative 0.0%)
synthetic task reward       : 0.000
shaping reward              : 0.000
learning reward             : 0.000
episode length              : 391.5
abstract changes / episode  : 19.8
DFA transitions / episode   : 0.00
DFA transitions in window   : none
epsilon (next episode)       : 0.32621
replay buffer                : 300000 samples [1: 99.1%, 2: 0.9%, 3: 0.0%]
DFA state visits in window   : 1: 39249, 2: 0, 3: 0
DFA state visits cumulative  : 1: 542921, 2: 4030, 3: 0
DFA state entries in window  : 1: 100, 2: 0, 3: 0
DFA state entries cumulative : 1: 2800, 2: 75, 3: 0
transitions cumulative       : 1->2: 75
accepted directly from s0    : 0
Gym endings cumulative       : terminated=2725, truncated=75

[Episode 2900/8000 | last 100]
success rate                : 2.0% (cumulative 0.1%)
synthetic task reward       : 200.000
shaping reward              : 0.000
learning reward             : 200.000
episode length              : 354.9
abstract changes / episode  : 17.1
DFA transitions / episode   : 0.07
DFA transitions in window   : 1->2: 5, 2->3: 2
epsilon (next episode)       : 0.31341
replay buffer                : 300000 samples [1: 99.0%, 2: 1.0%, 3: 0.0%]
DFA state visits in window   : 1: 34769, 2: 815, 3: 2
DFA state visits cumulative  : 1: 577690, 2: 4845, 3: 2
DFA state entries in window  : 1: 100, 2: 5, 3: 2
DFA state entries cumulative : 1: 2900, 2: 80, 3: 2
transitions cumulative       : 1->2: 80, 2->3: 2
accepted directly from s0    : 0
Gym endings cumulative       : terminated=2818, truncated=80
Best policy updated at episode 2900: mean learning reward=200.000

[Episode 3000/8000 | last 100]
success rate                : 0.0% (cumulative 0.1%)
synthetic task reward       : 0.000
shaping reward              : 0.000
learning reward             : 0.000
episode length              : 147.6
abstract changes / episode  : 13.5
DFA transitions / episode   : 0.04
DFA transitions in window   : 1->2: 4
epsilon (next episode)       : 0.30112
replay buffer                : 300000 samples [1: 99.0%, 2: 1.0%, 3: 0.0%]
DFA state visits in window   : 1: 14705, 2: 158, 3: 0
DFA state visits cumulative  : 1: 592395, 2: 5003, 3: 2
DFA state entries in window  : 1: 100, 2: 4, 3: 0
DFA state entries cumulative : 1: 3000, 2: 84, 3: 2
transitions cumulative       : 1->2: 84, 2->3: 2
accepted directly from s0    : 0
Gym endings cumulative       : terminated=2918, truncated=80

[Episode 3100/8000 | last 100]
success rate                : 0.0% (cumulative 0.1%)
synthetic task reward       : 0.000
shaping reward              : 0.000
learning reward             : 0.000
episode length              : 104.7
abstract changes / episode  : 13.5
DFA transitions / episode   : 0.04
DFA transitions in window   : 1->2: 4
epsilon (next episode)       : 0.28931
replay buffer                : 300000 samples [1: 98.9%, 2: 1.1%, 3: 0.0%]
DFA state visits in window   : 1: 10338, 2: 236, 3: 0
DFA state visits cumulative  : 1: 602733, 2: 5239, 3: 2
DFA state entries in window  : 1: 100, 2: 4, 3: 0
DFA state entries cumulative : 1: 3100, 2: 88, 3: 2
transitions cumulative       : 1->2: 88, 2->3: 2
accepted directly from s0    : 0
Gym endings cumulative       : terminated=3018, truncated=80

[Episode 3200/8000 | last 100]
success rate                : 0.0% (cumulative 0.1%)
synthetic task reward       : 0.000
shaping reward              : 0.000
learning reward             : 0.000
episode length              : 126.8
abstract changes / episode  : 13.4
DFA transitions / episode   : 0.03
DFA transitions in window   : 1->2: 3
epsilon (next episode)       : 0.27797
replay buffer                : 300000 samples [1: 98.9%, 2: 1.1%, 3: 0.0%]
DFA state visits in window   : 1: 12696, 2: 81, 3: 0
DFA state visits cumulative  : 1: 615429, 2: 5320, 3: 2
DFA state entries in window  : 1: 100, 2: 3, 3: 0
DFA state entries cumulative : 1: 3200, 2: 91, 3: 2
transitions cumulative       : 1->2: 91, 2->3: 2
accepted directly from s0    : 0
Gym endings cumulative       : terminated=3118, truncated=80

[Episode 3300/8000 | last 100]
success rate                : 0.0% (cumulative 0.1%)
synthetic task reward       : 0.000
shaping reward              : 0.000
learning reward             : 0.000
episode length              : 179.9
abstract changes / episode  : 12.3
DFA transitions / episode   : 0.01
DFA transitions in window   : 1->2: 1
epsilon (next episode)       : 0.26706
replay buffer                : 300000 samples [1: 99.0%, 2: 1.0%, 3: 0.0%]
DFA state visits in window   : 1: 18046, 2: 44, 3: 0
DFA state visits cumulative  : 1: 633475, 2: 5364, 3: 2
DFA state entries in window  : 1: 100, 2: 1, 3: 0
DFA state entries cumulative : 1: 3300, 2: 92, 3: 2
transitions cumulative       : 1->2: 92, 2->3: 2
accepted directly from s0    : 0
Gym endings cumulative       : terminated=3218, truncated=80

[Episode 3400/8000 | last 100]
success rate                : 0.0% (cumulative 0.1%)
synthetic task reward       : 0.000
shaping reward              : 0.000
learning reward             : 0.000
episode length              : 155.2
abstract changes / episode  : 10.3
DFA transitions / episode   : 0.00
DFA transitions in window   : none
epsilon (next episode)       : 0.25659
replay buffer                : 300000 samples [1: 99.2%, 2: 0.8%, 3: 0.0%]
DFA state visits in window   : 1: 15616, 2: 0, 3: 0
DFA state visits cumulative  : 1: 649091, 2: 5364, 3: 2
DFA state entries in window  : 1: 100, 2: 0, 3: 0
DFA state entries cumulative : 1: 3400, 2: 92, 3: 2
transitions cumulative       : 1->2: 92, 2->3: 2
accepted directly from s0    : 0
Gym endings cumulative       : terminated=3318, truncated=80

[Episode 3500/8000 | last 100]
success rate                : 0.0% (cumulative 0.1%)
synthetic task reward       : 0.000
shaping reward              : 0.000
learning reward             : 0.000
episode length              : 167.5
abstract changes / episode  : 13.3
DFA transitions / episode   : 0.06
DFA transitions in window   : 1->2: 6
epsilon (next episode)       : 0.24653
replay buffer                : 300000 samples [1: 99.1%, 2: 0.9%, 3: 0.0%]
DFA state visits in window   : 1: 16525, 2: 321, 3: 0
DFA state visits cumulative  : 1: 665616, 2: 5685, 3: 2
DFA state entries in window  : 1: 100, 2: 6, 3: 0
DFA state entries cumulative : 1: 3500, 2: 98, 3: 2
transitions cumulative       : 1->2: 98, 2->3: 2
accepted directly from s0    : 0
Gym endings cumulative       : terminated=3418, truncated=80

[Episode 3600/8000 | last 100]
success rate                : 0.0% (cumulative 0.1%)
synthetic task reward       : 0.000
shaping reward              : 0.000
learning reward             : 0.000
episode length              : 106.0
abstract changes / episode  : 12.2
DFA transitions / episode   : 0.00
DFA transitions in window   : none
epsilon (next episode)       : 0.23686
replay buffer                : 300000 samples [1: 99.2%, 2: 0.8%, 3: 0.0%]
DFA state visits in window   : 1: 10698, 2: 0, 3: 0
DFA state visits cumulative  : 1: 676314, 2: 5685, 3: 2
DFA state entries in window  : 1: 100, 2: 0, 3: 0
DFA state entries cumulative : 1: 3600, 2: 98, 3: 2
transitions cumulative       : 1->2: 98, 2->3: 2
accepted directly from s0    : 0
Gym endings cumulative       : terminated=3518, truncated=80

[Episode 3700/8000 | last 100]
success rate                : 0.0% (cumulative 0.1%)
synthetic task reward       : 0.000
shaping reward              : 0.000
learning reward             : 0.000
episode length              : 117.3
abstract changes / episode  : 11.3
DFA transitions / episode   : 0.01
DFA transitions in window   : 1->2: 1
epsilon (next episode)       : 0.22757
replay buffer                : 300000 samples [1: 99.2%, 2: 0.8%, 3: 0.0%]
DFA state visits in window   : 1: 11795, 2: 38, 3: 0
DFA state visits cumulative  : 1: 688109, 2: 5723, 3: 2
DFA state entries in window  : 1: 100, 2: 1, 3: 0
DFA state entries cumulative : 1: 3700, 2: 99, 3: 2
transitions cumulative       : 1->2: 99, 2->3: 2
accepted directly from s0    : 0
Gym endings cumulative       : terminated=3618, truncated=80

[Episode 3800/8000 | last 100]
success rate                : 0.0% (cumulative 0.1%)
synthetic task reward       : 0.000
shaping reward              : 0.000
learning reward             : 0.000
episode length              : 166.2
abstract changes / episode  : 9.5
DFA transitions / episode   : 0.02
DFA transitions in window   : 1->2: 2
epsilon (next episode)       : 0.21865
replay buffer                : 300000 samples [1: 99.4%, 2: 0.6%, 3: 0.0%]
DFA state visits in window   : 1: 16682, 2: 40, 3: 0
DFA state visits cumulative  : 1: 704791, 2: 5763, 3: 2
DFA state entries in window  : 1: 100, 2: 2, 3: 0
DFA state entries cumulative : 1: 3800, 2: 101, 3: 2
transitions cumulative       : 1->2: 101, 2->3: 2
accepted directly from s0    : 0
Gym endings cumulative       : terminated=3718, truncated=80

[Episode 3900/8000 | last 100]
success rate                : 0.0% (cumulative 0.1%)
synthetic task reward       : 0.000
shaping reward              : 0.000
learning reward             : 0.000
episode length              : 301.8
abstract changes / episode  : 14.8
DFA transitions / episode   : 0.00
DFA transitions in window   : none
epsilon (next episode)       : 0.21007
replay buffer                : 300000 samples [1: 99.4%, 2: 0.6%, 3: 0.0%]
DFA state visits in window   : 1: 30275, 2: 0, 3: 0
DFA state visits cumulative  : 1: 735066, 2: 5763, 3: 2
DFA state entries in window  : 1: 100, 2: 0, 3: 0
DFA state entries cumulative : 1: 3900, 2: 101, 3: 2
transitions cumulative       : 1->2: 101, 2->3: 2
accepted directly from s0    : 0
Gym endings cumulative       : terminated=3818, truncated=80

[Episode 4000/8000 | last 100]
success rate                : 0.0% (cumulative 0.1%)
synthetic task reward       : 0.000
shaping reward              : 0.000
learning reward             : 0.000
episode length              : 394.5
abstract changes / episode  : 15.6
DFA transitions / episode   : 0.01
DFA transitions in window   : 1->2: 1
epsilon (next episode)       : 0.20183
replay buffer                : 300000 samples [1: 99.4%, 2: 0.6%, 3: 0.0%]
DFA state visits in window   : 1: 39525, 2: 29, 3: 0
DFA state visits cumulative  : 1: 774591, 2: 5792, 3: 2
DFA state entries in window  : 1: 100, 2: 1, 3: 0
DFA state entries cumulative : 1: 4000, 2: 102, 3: 2
transitions cumulative       : 1->2: 102, 2->3: 2
accepted directly from s0    : 0
Gym endings cumulative       : terminated=3918, truncated=80

[Episode 4100/8000 | last 100]
success rate                : 0.0% (cumulative 0.0%)
synthetic task reward       : 0.000
shaping reward              : 0.000
learning reward             : 0.000
episode length              : 288.4
abstract changes / episode  : 15.8
DFA transitions / episode   : 0.05
DFA transitions in window   : 1->2: 5
epsilon (next episode)       : 0.19392
replay buffer                : 300000 samples [1: 99.4%, 2: 0.6%, 3: 0.0%]
DFA state visits in window   : 1: 28725, 2: 211, 3: 0
DFA state visits cumulative  : 1: 803316, 2: 6003, 3: 2
DFA state entries in window  : 1: 100, 2: 5, 3: 0
DFA state entries cumulative : 1: 4100, 2: 107, 3: 2
transitions cumulative       : 1->2: 107, 2->3: 2
accepted directly from s0    : 0
Gym endings cumulative       : terminated=4017, truncated=81

[Episode 4200/8000 | last 100]
success rate                : 0.0% (cumulative 0.0%)
synthetic task reward       : 0.000
shaping reward              : 0.000
learning reward             : 0.000
episode length              : 388.6
abstract changes / episode  : 11.9
DFA transitions / episode   : 0.04
DFA transitions in window   : 1->2: 4
epsilon (next episode)       : 0.18631
replay buffer                : 300000 samples [1: 99.3%, 2: 0.7%, 3: 0.0%]
DFA state visits in window   : 1: 38746, 2: 209, 3: 0
DFA state visits cumulative  : 1: 842062, 2: 6212, 3: 2
DFA state entries in window  : 1: 100, 2: 4, 3: 0
DFA state entries cumulative : 1: 4200, 2: 111, 3: 2
transitions cumulative       : 1->2: 111, 2->3: 2
accepted directly from s0    : 0
Gym endings cumulative       : terminated=4095, truncated=103

[Episode 4300/8000 | last 100]
success rate                : 0.0% (cumulative 0.0%)
synthetic task reward       : 0.000
shaping reward              : 0.000
learning reward             : 0.000
episode length              : 178.8
abstract changes / episode  : 9.7
DFA transitions / episode   : 0.00
DFA transitions in window   : none
epsilon (next episode)       : 0.17900
replay buffer                : 300000 samples [1: 99.5%, 2: 0.5%, 3: 0.0%]
DFA state visits in window   : 1: 17981, 2: 0, 3: 0
DFA state visits cumulative  : 1: 860043, 2: 6212, 3: 2
DFA state entries in window  : 1: 100, 2: 0, 3: 0
DFA state entries cumulative : 1: 4300, 2: 111, 3: 2
transitions cumulative       : 1->2: 111, 2->3: 2
accepted directly from s0    : 0
Gym endings cumulative       : terminated=4195, truncated=103

[Episode 4400/8000 | last 100]
success rate                : 0.0% (cumulative 0.0%)
synthetic task reward       : 0.000
shaping reward              : 0.000
learning reward             : 0.000
episode length              : 328.0
abstract changes / episode  : 15.5
DFA transitions / episode   : 0.12
DFA transitions in window   : 1->2: 12
epsilon (next episode)       : 0.17198
replay buffer                : 300000 samples [1: 99.4%, 2: 0.6%, 3: 0.0%]
DFA state visits in window   : 1: 32376, 2: 522, 3: 0
DFA state visits cumulative  : 1: 892419, 2: 6734, 3: 2
DFA state entries in window  : 1: 100, 2: 12, 3: 0
DFA state entries cumulative : 1: 4400, 2: 123, 3: 2
transitions cumulative       : 1->2: 123, 2->3: 2
accepted directly from s0    : 0
Gym endings cumulative       : terminated=4288, truncated=110

[Episode 4500/8000 | last 100]
success rate                : 1.0% (cumulative 0.1%)
synthetic task reward       : 100.000
shaping reward              : 0.000
learning reward             : 100.000
episode length              : 464.2
abstract changes / episode  : 23.9
DFA transitions / episode   : 0.11
DFA transitions in window   : 1->2: 10, 2->3: 1
epsilon (next episode)       : 0.16524
replay buffer                : 300000 samples [1: 99.1%, 2: 0.9%, 3: 0.0%]
DFA state visits in window   : 1: 45208, 2: 1309, 3: 1
DFA state visits cumulative  : 1: 937627, 2: 8043, 3: 3
DFA state entries in window  : 1: 100, 2: 10, 3: 1
DFA state entries cumulative : 1: 4500, 2: 133, 3: 3
transitions cumulative       : 1->2: 133, 2->3: 3
accepted directly from s0    : 0
Gym endings cumulative       : terminated=4371, truncated=126

[Episode 4600/8000 | last 100]
success rate                : 0.0% (cumulative 0.1%)
synthetic task reward       : 0.000
shaping reward              : 0.000
learning reward             : 0.000
episode length              : 198.4
abstract changes / episode  : 14.7
DFA transitions / episode   : 0.00
DFA transitions in window   : none
epsilon (next episode)       : 0.15876
replay buffer                : 300000 samples [1: 99.2%, 2: 0.8%, 3: 0.0%]
DFA state visits in window   : 1: 19939, 2: 0, 3: 0
DFA state visits cumulative  : 1: 957566, 2: 8043, 3: 3
DFA state entries in window  : 1: 100, 2: 0, 3: 0
DFA state entries cumulative : 1: 4600, 2: 133, 3: 3
transitions cumulative       : 1->2: 133, 2->3: 3
accepted directly from s0    : 0
Gym endings cumulative       : terminated=4470, truncated=127

[Episode 4700/8000 | last 100]
success rate                : 2.0% (cumulative 0.1%)
synthetic task reward       : 200.000
shaping reward              : 0.000
learning reward             : 200.000
episode length              : 313.5
abstract changes / episode  : 17.9
DFA transitions / episode   : 0.07
DFA transitions in window   : 1->2: 5, 2->3: 2
epsilon (next episode)       : 0.15253
replay buffer                : 300000 samples [1: 99.1%, 2: 0.9%, 3: 0.0%]
DFA state visits in window   : 1: 30917, 2: 533, 3: 2
DFA state visits cumulative  : 1: 988483, 2: 8576, 3: 5
DFA state entries in window  : 1: 100, 2: 5, 3: 2
DFA state entries cumulative : 1: 4700, 2: 138, 3: 5
transitions cumulative       : 1->2: 138, 2->3: 5
accepted directly from s0    : 0
Gym endings cumulative       : terminated=4565, truncated=130

[Episode 4800/8000 | last 100]
success rate                : 0.0% (cumulative 0.1%)
synthetic task reward       : 0.000
shaping reward              : 0.000
learning reward             : 0.000
episode length              : 130.4
abstract changes / episode  : 13.4
DFA transitions / episode   : 0.00
DFA transitions in window   : none
epsilon (next episode)       : 0.14655
replay buffer                : 300000 samples [1: 99.1%, 2: 0.9%, 3: 0.0%]
DFA state visits in window   : 1: 13143, 2: 0, 3: 0
DFA state visits cumulative  : 1: 1001626, 2: 8576, 3: 5
DFA state entries in window  : 1: 100, 2: 0, 3: 0
DFA state entries cumulative : 1: 4800, 2: 138, 3: 5
transitions cumulative       : 1->2: 138, 2->3: 5
accepted directly from s0    : 0
Gym endings cumulative       : terminated=4664, truncated=131

[Episode 4900/8000 | last 100]
success rate                : 0.0% (cumulative 0.1%)
synthetic task reward       : 0.000
shaping reward              : 0.000
learning reward             : 0.000
episode length              : 113.0
abstract changes / episode  : 13.3
DFA transitions / episode   : 0.06
DFA transitions in window   : 1->2: 6
epsilon (next episode)       : 0.14080
replay buffer                : 300000 samples [1: 99.0%, 2: 1.0%, 3: 0.0%]
DFA state visits in window   : 1: 11123, 2: 273, 3: 0
DFA state visits cumulative  : 1: 1012749, 2: 8849, 3: 5
DFA state entries in window  : 1: 100, 2: 6, 3: 0
DFA state entries cumulative : 1: 4900, 2: 144, 3: 5
transitions cumulative       : 1->2: 144, 2->3: 5
accepted directly from s0    : 0
Gym endings cumulative       : terminated=4764, truncated=131

[Episode 5000/8000 | last 100]
success rate                : 0.0% (cumulative 0.1%)
synthetic task reward       : 0.000
shaping reward              : 0.000
learning reward             : 0.000
episode length              : 169.3
abstract changes / episode  : 13.3
DFA transitions / episode   : 0.10
DFA transitions in window   : 1->2: 10
epsilon (next episode)       : 0.13528
replay buffer                : 300000 samples [1: 98.7%, 2: 1.3%, 3: 0.0%]
DFA state visits in window   : 1: 16280, 2: 747, 3: 0
DFA state visits cumulative  : 1: 1029029, 2: 9596, 3: 5
DFA state entries in window  : 1: 100, 2: 10, 3: 0
DFA state entries cumulative : 1: 5000, 2: 154, 3: 5
transitions cumulative       : 1->2: 154, 2->3: 5
accepted directly from s0    : 0
Gym endings cumulative       : terminated=4864, truncated=131

[Episode 5100/8000 | last 100]
success rate                : 0.0% (cumulative 0.1%)
synthetic task reward       : 0.000
shaping reward              : 0.000
learning reward             : 0.000
episode length              : 301.5
abstract changes / episode  : 12.2
DFA transitions / episode   : 0.05
DFA transitions in window   : 1->2: 5
epsilon (next episode)       : 0.12998
replay buffer                : 300000 samples [1: 98.6%, 2: 1.4%, 3: 0.0%]
DFA state visits in window   : 1: 29806, 2: 440, 3: 0
DFA state visits cumulative  : 1: 1058835, 2: 10036, 3: 5
DFA state entries in window  : 1: 100, 2: 5, 3: 0
DFA state entries cumulative : 1: 5100, 2: 159, 3: 5
transitions cumulative       : 1->2: 159, 2->3: 5
accepted directly from s0    : 0
Gym endings cumulative       : terminated=4961, truncated=134

[Episode 5200/8000 | last 100]
success rate                : 0.0% (cumulative 0.1%)
synthetic task reward       : 0.000
shaping reward              : 0.000
learning reward             : 0.000
episode length              : 402.8
abstract changes / episode  : 16.3
DFA transitions / episode   : 0.08
DFA transitions in window   : 1->2: 8
epsilon (next episode)       : 0.12488
replay buffer                : 300000 samples [1: 98.0%, 2: 2.0%, 3: 0.0%]
DFA state visits in window   : 1: 38239, 2: 2137, 3: 0
DFA state visits cumulative  : 1: 1097074, 2: 12173, 3: 5
DFA state entries in window  : 1: 100, 2: 8, 3: 0
DFA state entries cumulative : 1: 5200, 2: 167, 3: 5
transitions cumulative       : 1->2: 167, 2->3: 5
accepted directly from s0    : 0
Gym endings cumulative       : terminated=5050, truncated=145

[Episode 5300/8000 | last 100]
success rate                : 0.0% (cumulative 0.1%)
synthetic task reward       : 0.000
shaping reward              : 0.000
learning reward             : 0.000
episode length              : 278.2
abstract changes / episode  : 10.2
DFA transitions / episode   : 0.02
DFA transitions in window   : 1->2: 2
epsilon (next episode)       : 0.11998
replay buffer                : 300000 samples [1: 98.0%, 2: 2.0%, 3: 0.0%]
DFA state visits in window   : 1: 27822, 2: 101, 3: 0
DFA state visits cumulative  : 1: 1124896, 2: 12274, 3: 5
DFA state entries in window  : 1: 100, 2: 2, 3: 0
DFA state entries cumulative : 1: 5300, 2: 169, 3: 5
transitions cumulative       : 1->2: 169, 2->3: 5
accepted directly from s0    : 0
Gym endings cumulative       : terminated=5149, truncated=146

[Episode 5400/8000 | last 100]
success rate                : 0.0% (cumulative 0.1%)
synthetic task reward       : 0.000
shaping reward              : 0.000
learning reward             : 0.000
episode length              : 352.3
abstract changes / episode  : 10.6
DFA transitions / episode   : 0.00
DFA transitions in window   : none
epsilon (next episode)       : 0.11528
replay buffer                : 300000 samples [1: 98.0%, 2: 2.0%, 3: 0.0%]
DFA state visits in window   : 1: 35328, 2: 0, 3: 0
DFA state visits cumulative  : 1: 1160224, 2: 12274, 3: 5
DFA state entries in window  : 1: 100, 2: 0, 3: 0
DFA state entries cumulative : 1: 5400, 2: 169, 3: 5
transitions cumulative       : 1->2: 169, 2->3: 5
accepted directly from s0    : 0
Gym endings cumulative       : terminated=5249, truncated=146

[Episode 5500/8000 | last 100]
success rate                : 0.0% (cumulative 0.1%)
synthetic task reward       : 0.000
shaping reward              : 0.000
learning reward             : 0.000
episode length              : 414.0
abstract changes / episode  : 17.0
DFA transitions / episode   : 0.18
DFA transitions in window   : 1->2: 18
epsilon (next episode)       : 0.11075
replay buffer                : 300000 samples [1: 97.9%, 2: 2.1%, 3: 0.0%]
DFA state visits in window   : 1: 39409, 2: 2090, 3: 0
DFA state visits cumulative  : 1: 1199633, 2: 14364, 3: 5
DFA state entries in window  : 1: 100, 2: 18, 3: 0
DFA state entries cumulative : 1: 5500, 2: 187, 3: 5
transitions cumulative       : 1->2: 187, 2->3: 5
accepted directly from s0    : 0
Gym endings cumulative       : terminated=5335, truncated=160

[Episode 5600/8000 | last 100]
success rate                : 0.0% (cumulative 0.1%)
synthetic task reward       : 0.000
shaping reward              : 0.000
learning reward             : 0.000
episode length              : 252.5
abstract changes / episode  : 11.6
DFA transitions / episode   : 0.01
DFA transitions in window   : 1->2: 1
epsilon (next episode)       : 0.10641
replay buffer                : 300000 samples [1: 97.9%, 2: 2.1%, 3: 0.0%]
DFA state visits in window   : 1: 25326, 2: 27, 3: 0
DFA state visits cumulative  : 1: 1224959, 2: 14391, 3: 5
DFA state entries in window  : 1: 100, 2: 1, 3: 0
DFA state entries cumulative : 1: 5600, 2: 188, 3: 5
transitions cumulative       : 1->2: 188, 2->3: 5
accepted directly from s0    : 0
Gym endings cumulative       : terminated=5435, truncated=160

[Episode 5700/8000 | last 100]
success rate                : 0.0% (cumulative 0.1%)
synthetic task reward       : 0.000
shaping reward              : 0.000
learning reward             : 0.000
episode length              : 420.1
abstract changes / episode  : 15.3
DFA transitions / episode   : 0.01
DFA transitions in window   : 1->2: 1
epsilon (next episode)       : 0.10224
replay buffer                : 300000 samples [1: 97.9%, 2: 2.1%, 3: 0.0%]
DFA state visits in window   : 1: 42100, 2: 9, 3: 0
DFA state visits cumulative  : 1: 1267059, 2: 14400, 3: 5
DFA state entries in window  : 1: 100, 2: 1, 3: 0
DFA state entries cumulative : 1: 5700, 2: 189, 3: 5
transitions cumulative       : 1->2: 189, 2->3: 5
accepted directly from s0    : 0
Gym endings cumulative       : terminated=5521, truncated=174

[Episode 5800/8000 | last 100]
success rate                : 0.0% (cumulative 0.1%)
synthetic task reward       : 0.000
shaping reward              : 0.000
learning reward             : 0.000
episode length              : 294.7
abstract changes / episode  : 10.9
DFA transitions / episode   : 0.00
DFA transitions in window   : none
epsilon (next episode)       : 0.09823
replay buffer                : 300000 samples [1: 98.1%, 2: 1.9%, 3: 0.0%]
DFA state visits in window   : 1: 29569, 2: 0, 3: 0
DFA state visits cumulative  : 1: 1296628, 2: 14400, 3: 5
DFA state entries in window  : 1: 100, 2: 0, 3: 0
DFA state entries cumulative : 1: 5800, 2: 189, 3: 5
transitions cumulative       : 1->2: 189, 2->3: 5
accepted directly from s0    : 0
Gym endings cumulative       : terminated=5620, truncated=175

[Episode 5900/8000 | last 100]
success rate                : 0.0% (cumulative 0.1%)
synthetic task reward       : 0.000
shaping reward              : 0.000
learning reward             : 0.000
episode length              : 201.6
abstract changes / episode  : 13.1
DFA transitions / episode   : 0.01
DFA transitions in window   : 1->2: 1
epsilon (next episode)       : 0.09438
replay buffer                : 300000 samples [1: 98.3%, 2: 1.7%, 3: 0.0%]
DFA state visits in window   : 1: 20228, 2: 31, 3: 0
DFA state visits cumulative  : 1: 1316856, 2: 14431, 3: 5
DFA state entries in window  : 1: 100, 2: 1, 3: 0
DFA state entries cumulative : 1: 5900, 2: 190, 3: 5
transitions cumulative       : 1->2: 190, 2->3: 5
accepted directly from s0    : 0
Gym endings cumulative       : terminated=5720, truncated=175

[Episode 6000/8000 | last 100]
success rate                : 0.0% (cumulative 0.1%)
synthetic task reward       : 0.000
shaping reward              : 0.000
learning reward             : 0.000
episode length              : 127.5
abstract changes / episode  : 13.4
DFA transitions / episode   : 0.00
DFA transitions in window   : none
epsilon (next episode)       : 0.09067
replay buffer                : 300000 samples [1: 98.4%, 2: 1.6%, 3: 0.0%]
DFA state visits in window   : 1: 12846, 2: 0, 3: 0
DFA state visits cumulative  : 1: 1329702, 2: 14431, 3: 5
DFA state entries in window  : 1: 100, 2: 0, 3: 0
DFA state entries cumulative : 1: 6000, 2: 190, 3: 5
transitions cumulative       : 1->2: 190, 2->3: 5
accepted directly from s0    : 0
Gym endings cumulative       : terminated=5820, truncated=175

[Episode 6100/8000 | last 100]
success rate                : 0.0% (cumulative 0.1%)
synthetic task reward       : 0.000
shaping reward              : 0.000
learning reward             : 0.000
episode length              : 129.8
abstract changes / episode  : 14.4
DFA transitions / episode   : 0.24
DFA transitions in window   : 1->2: 24
epsilon (next episode)       : 0.08712
replay buffer                : 300000 samples [1: 98.2%, 2: 1.8%, 3: 0.0%]
DFA state visits in window   : 1: 12424, 2: 659, 3: 0
DFA state visits cumulative  : 1: 1342126, 2: 15090, 3: 5
DFA state entries in window  : 1: 100, 2: 24, 3: 0
DFA state entries cumulative : 1: 6100, 2: 214, 3: 5
transitions cumulative       : 1->2: 214, 2->3: 5
accepted directly from s0    : 0
Gym endings cumulative       : terminated=5920, truncated=175

[Episode 6200/8000 | last 100]
success rate                : 0.0% (cumulative 0.1%)
synthetic task reward       : 0.000
shaping reward              : 0.000
learning reward             : 0.000
episode length              : 171.9
abstract changes / episode  : 13.7
DFA transitions / episode   : 0.09
DFA transitions in window   : 1->2: 9
epsilon (next episode)       : 0.08370
replay buffer                : 300000 samples [1: 98.2%, 2: 1.8%, 3: 0.0%]
DFA state visits in window   : 1: 16730, 2: 558, 3: 0
DFA state visits cumulative  : 1: 1358856, 2: 15648, 3: 5
DFA state entries in window  : 1: 100, 2: 9, 3: 0
DFA state entries cumulative : 1: 6200, 2: 223, 3: 5
transitions cumulative       : 1->2: 223, 2->3: 5
accepted directly from s0    : 0
Gym endings cumulative       : terminated=6020, truncated=175

[Episode 6300/8000 | last 100]
success rate                : 0.0% (cumulative 0.1%)
synthetic task reward       : 0.000
shaping reward              : 0.000
learning reward             : 0.000
episode length              : 352.6
abstract changes / episode  : 11.8
DFA transitions / episode   : 0.03
DFA transitions in window   : 1->2: 3
epsilon (next episode)       : 0.08042
replay buffer                : 300000 samples [1: 98.8%, 2: 1.2%, 3: 0.0%]
DFA state visits in window   : 1: 35288, 2: 76, 3: 0
DFA state visits cumulative  : 1: 1394144, 2: 15724, 3: 5
DFA state entries in window  : 1: 100, 2: 3, 3: 0
DFA state entries cumulative : 1: 6300, 2: 226, 3: 5
transitions cumulative       : 1->2: 226, 2->3: 5
accepted directly from s0    : 0
Gym endings cumulative       : terminated=6119, truncated=176

[Episode 6400/8000 | last 100]
success rate                : 0.0% (cumulative 0.1%)
synthetic task reward       : 0.000
shaping reward              : 0.000
learning reward             : 0.000
episode length              : 499.1
abstract changes / episode  : 14.7
DFA transitions / episode   : 0.00
DFA transitions in window   : none
epsilon (next episode)       : 0.07727
replay buffer                : 300000 samples [1: 98.9%, 2: 1.1%, 3: 0.0%]
DFA state visits in window   : 1: 50008, 2: 0, 3: 0
DFA state visits cumulative  : 1: 1444152, 2: 15724, 3: 5
DFA state entries in window  : 1: 100, 2: 0, 3: 0
DFA state entries cumulative : 1: 6400, 2: 226, 3: 5
transitions cumulative       : 1->2: 226, 2->3: 5
accepted directly from s0    : 0
Gym endings cumulative       : terminated=6216, truncated=179

[Episode 6500/8000 | last 100]
success rate                : 0.0% (cumulative 0.1%)
synthetic task reward       : 0.000
shaping reward              : 0.000
learning reward             : 0.000
episode length              : 212.1
abstract changes / episode  : 11.9
DFA transitions / episode   : 0.00
DFA transitions in window   : none
epsilon (next episode)       : 0.07423
replay buffer                : 300000 samples [1: 98.9%, 2: 1.1%, 3: 0.0%]
DFA state visits in window   : 1: 21311, 2: 0, 3: 0
DFA state visits cumulative  : 1: 1465463, 2: 15724, 3: 5
DFA state entries in window  : 1: 100, 2: 0, 3: 0
DFA state entries cumulative : 1: 6500, 2: 226, 3: 5
transitions cumulative       : 1->2: 226, 2->3: 5
accepted directly from s0    : 0
Gym endings cumulative       : terminated=6316, truncated=179

[Episode 6600/8000 | last 100]
success rate                : 0.0% (cumulative 0.1%)
synthetic task reward       : 0.000
shaping reward              : 0.000
learning reward             : 0.000
episode length              : 356.8
abstract changes / episode  : 18.6
DFA transitions / episode   : 0.05
DFA transitions in window   : 1->2: 5
epsilon (next episode)       : 0.07132
replay buffer                : 300000 samples [1: 99.4%, 2: 0.6%, 3: 0.0%]
DFA state visits in window   : 1: 35212, 2: 567, 3: 0
DFA state visits cumulative  : 1: 1500675, 2: 16291, 3: 5
DFA state entries in window  : 1: 100, 2: 5, 3: 0
DFA state entries cumulative : 1: 6600, 2: 231, 3: 5
transitions cumulative       : 1->2: 231, 2->3: 5
accepted directly from s0    : 0
Gym endings cumulative       : terminated=6409, truncated=186

[Episode 6700/8000 | last 100]
success rate                : 0.0% (cumulative 0.1%)
synthetic task reward       : 0.000
shaping reward              : 0.000
learning reward             : 0.000
episode length              : 279.2
abstract changes / episode  : 11.1
DFA transitions / episode   : 0.01
DFA transitions in window   : 1->2: 1
epsilon (next episode)       : 0.06853
replay buffer                : 300000 samples [1: 99.4%, 2: 0.6%, 3: 0.0%]
DFA state visits in window   : 1: 28012, 2: 12, 3: 0
DFA state visits cumulative  : 1: 1528687, 2: 16303, 3: 5
DFA state entries in window  : 1: 100, 2: 1, 3: 0
DFA state entries cumulative : 1: 6700, 2: 232, 3: 5
transitions cumulative       : 1->2: 232, 2->3: 5
accepted directly from s0    : 0
Gym endings cumulative       : terminated=6508, truncated=187

[Episode 6800/8000 | last 100]
success rate                : 0.0% (cumulative 0.1%)
synthetic task reward       : 0.000
shaping reward              : 0.000
learning reward             : 0.000
episode length              : 441.0
abstract changes / episode  : 16.9
DFA transitions / episode   : 0.01
DFA transitions in window   : 1->2: 1
epsilon (next episode)       : 0.06584
replay buffer                : 300000 samples [1: 99.4%, 2: 0.6%, 3: 0.0%]
DFA state visits in window   : 1: 44191, 2: 9, 3: 0
DFA state visits cumulative  : 1: 1572878, 2: 16312, 3: 5
DFA state entries in window  : 1: 100, 2: 1, 3: 0
DFA state entries cumulative : 1: 6800, 2: 233, 3: 5
transitions cumulative       : 1->2: 233, 2->3: 5
accepted directly from s0    : 0
Gym endings cumulative       : terminated=6597, truncated=198

[Episode 6900/8000 | last 100]
success rate                : 0.0% (cumulative 0.1%)
synthetic task reward       : 0.000
shaping reward              : 0.000
learning reward             : 0.000
episode length              : 213.2
abstract changes / episode  : 14.1
DFA transitions / episode   : 0.00
DFA transitions in window   : none
epsilon (next episode)       : 0.06326
replay buffer                : 300000 samples [1: 99.4%, 2: 0.6%, 3: 0.0%]
DFA state visits in window   : 1: 21416, 2: 0, 3: 0
DFA state visits cumulative  : 1: 1594294, 2: 16312, 3: 5
DFA state entries in window  : 1: 100, 2: 0, 3: 0
DFA state entries cumulative : 1: 6900, 2: 233, 3: 5
transitions cumulative       : 1->2: 233, 2->3: 5
accepted directly from s0    : 0
Gym endings cumulative       : terminated=6696, truncated=199

[Episode 7000/8000 | last 100]
success rate                : 0.0% (cumulative 0.1%)
synthetic task reward       : 0.000
shaping reward              : 0.000
learning reward             : 0.000
episode length              : 90.5
abstract changes / episode  : 12.2
DFA transitions / episode   : 0.00
DFA transitions in window   : none
epsilon (next episode)       : 0.06078
replay buffer                : 300000 samples [1: 99.4%, 2: 0.6%, 3: 0.0%]
DFA state visits in window   : 1: 9152, 2: 0, 3: 0
DFA state visits cumulative  : 1: 1603446, 2: 16312, 3: 5
DFA state entries in window  : 1: 100, 2: 0, 3: 0
DFA state entries cumulative : 1: 7000, 2: 233, 3: 5
transitions cumulative       : 1->2: 233, 2->3: 5
accepted directly from s0    : 0
Gym endings cumulative       : terminated=6796, truncated=199

[Episode 7100/8000 | last 100]
success rate                : 0.0% (cumulative 0.1%)
synthetic task reward       : 0.000
shaping reward              : 0.000
learning reward             : 0.000
episode length              : 153.4
abstract changes / episode  : 13.4
DFA transitions / episode   : 0.00
DFA transitions in window   : none
epsilon (next episode)       : 0.05839
replay buffer                : 300000 samples [1: 99.4%, 2: 0.6%, 3: 0.0%]
DFA state visits in window   : 1: 15445, 2: 0, 3: 0
DFA state visits cumulative  : 1: 1618891, 2: 16312, 3: 5
DFA state entries in window  : 1: 100, 2: 0, 3: 0
DFA state entries cumulative : 1: 7100, 2: 233, 3: 5
transitions cumulative       : 1->2: 233, 2->3: 5
accepted directly from s0    : 0
Gym endings cumulative       : terminated=6896, truncated=199

[Episode 7200/8000 | last 100]
success rate                : 0.0% (cumulative 0.1%)
synthetic task reward       : 0.000
shaping reward              : 0.000
learning reward             : 0.000
episode length              : 163.7
abstract changes / episode  : 13.5
DFA transitions / episode   : 0.00
DFA transitions in window   : none
epsilon (next episode)       : 0.05610
replay buffer                : 300000 samples [1: 99.6%, 2: 0.4%, 3: 0.0%]
DFA state visits in window   : 1: 16471, 2: 0, 3: 0
DFA state visits cumulative  : 1: 1635362, 2: 16312, 3: 5
DFA state entries in window  : 1: 100, 2: 0, 3: 0
DFA state entries cumulative : 1: 7200, 2: 233, 3: 5
transitions cumulative       : 1->2: 233, 2->3: 5
accepted directly from s0    : 0
Gym endings cumulative       : terminated=6996, truncated=199

[Episode 7300/8000 | last 100]
success rate                : 0.0% (cumulative 0.1%)
synthetic task reward       : 0.000
shaping reward              : 0.000
learning reward             : 0.000
episode length              : 297.0
abstract changes / episode  : 16.1
DFA transitions / episode   : 0.07
DFA transitions in window   : 1->2: 7
epsilon (next episode)       : 0.05390
replay buffer                : 300000 samples [1: 99.5%, 2: 0.5%, 3: 0.0%]
DFA state visits in window   : 1: 28983, 2: 820, 3: 0
DFA state visits cumulative  : 1: 1664345, 2: 17132, 3: 5
DFA state entries in window  : 1: 100, 2: 7, 3: 0
DFA state entries cumulative : 1: 7300, 2: 240, 3: 5
transitions cumulative       : 1->2: 240, 2->3: 5
accepted directly from s0    : 0
Gym endings cumulative       : terminated=7082, truncated=213

[Episode 7400/8000 | last 100]
success rate                : 0.0% (cumulative 0.1%)
synthetic task reward       : 0.000
shaping reward              : 0.000
learning reward             : 0.000
episode length              : 309.5
abstract changes / episode  : 14.7
DFA transitions / episode   : 0.21
DFA transitions in window   : 1->2: 21
epsilon (next episode)       : 0.05179
replay buffer                : 300000 samples [1: 99.0%, 2: 1.0%, 3: 0.0%]
DFA state visits in window   : 1: 29452, 2: 1602, 3: 0
DFA state visits cumulative  : 1: 1693797, 2: 18734, 3: 5
DFA state entries in window  : 1: 100, 2: 21, 3: 0
DFA state entries cumulative : 1: 7400, 2: 261, 3: 5
transitions cumulative       : 1->2: 261, 2->3: 5
accepted directly from s0    : 0
Gym endings cumulative       : terminated=7174, truncated=221

[Episode 7500/8000 | last 100]
success rate                : 0.0% (cumulative 0.1%)
synthetic task reward       : 0.000
shaping reward              : 0.000
learning reward             : 0.000
episode length              : 249.7
abstract changes / episode  : 14.6
DFA transitions / episode   : 0.15
DFA transitions in window   : 1->2: 15
epsilon (next episode)       : 0.04976
replay buffer                : 300000 samples [1: 98.9%, 2: 1.1%, 3: 0.0%]
DFA state visits in window   : 1: 24702, 2: 366, 3: 0
DFA state visits cumulative  : 1: 1718499, 2: 19100, 3: 5
DFA state entries in window  : 1: 100, 2: 15, 3: 0
DFA state entries cumulative : 1: 7500, 2: 276, 3: 5
transitions cumulative       : 1->2: 276, 2->3: 5
accepted directly from s0    : 0
Gym endings cumulative       : terminated=7271, truncated=224

[Episode 7600/8000 | last 100]
success rate                : 0.0% (cumulative 0.1%)
synthetic task reward       : 0.000
shaping reward              : 0.000
learning reward             : 0.000
episode length              : 494.5
abstract changes / episode  : 15.9
DFA transitions / episode   : 0.03
DFA transitions in window   : 1->2: 3
epsilon (next episode)       : 0.04781
replay buffer                : 300000 samples [1: 98.7%, 2: 1.3%, 3: 0.0%]
DFA state visits in window   : 1: 48834, 2: 720, 3: 0
DFA state visits cumulative  : 1: 1767333, 2: 19820, 3: 5
DFA state entries in window  : 1: 100, 2: 3, 3: 0
DFA state entries cumulative : 1: 7600, 2: 279, 3: 5
transitions cumulative       : 1->2: 279, 2->3: 5
accepted directly from s0    : 0
Gym endings cumulative       : terminated=7357, truncated=238

[Episode 7700/8000 | last 100]
success rate                : 0.0% (cumulative 0.1%)
synthetic task reward       : 0.000
shaping reward              : 0.000
learning reward             : 0.000
episode length              : 605.1
abstract changes / episode  : 18.1
DFA transitions / episode   : 0.01
DFA transitions in window   : 1->2: 1
epsilon (next episode)       : 0.04593
replay buffer                : 300000 samples [1: 98.8%, 2: 1.2%, 3: 0.0%]
DFA state visits in window   : 1: 60514, 2: 93, 3: 0
DFA state visits cumulative  : 1: 1827847, 2: 19913, 3: 5
DFA state entries in window  : 1: 100, 2: 1, 3: 0
DFA state entries cumulative : 1: 7700, 2: 280, 3: 5
transitions cumulative       : 1->2: 280, 2->3: 5
accepted directly from s0    : 0
Gym endings cumulative       : terminated=7423, truncated=272

[Episode 7800/8000 | last 100]
success rate                : 0.0% (cumulative 0.1%)
synthetic task reward       : 0.000
shaping reward              : 0.000
learning reward             : 0.000
episode length              : 336.9
abstract changes / episode  : 14.5
DFA transitions / episode   : 0.02
DFA transitions in window   : 1->2: 2
epsilon (next episode)       : 0.04413
replay buffer                : 300000 samples [1: 98.7%, 2: 1.3%, 3: 0.0%]
DFA state visits in window   : 1: 33566, 2: 219, 3: 0
DFA state visits cumulative  : 1: 1861413, 2: 20132, 3: 5
DFA state entries in window  : 1: 100, 2: 2, 3: 0
DFA state entries cumulative : 1: 7800, 2: 282, 3: 5
transitions cumulative       : 1->2: 282, 2->3: 5
accepted directly from s0    : 0
Gym endings cumulative       : terminated=7513, truncated=282

[Episode 7900/8000 | last 100]
success rate                : 0.0% (cumulative 0.1%)
synthetic task reward       : 0.000
shaping reward              : 0.000
learning reward             : 0.000
episode length              : 294.9
abstract changes / episode  : 13.0
DFA transitions / episode   : 0.03
DFA transitions in window   : 1->2: 3
epsilon (next episode)       : 0.04240
replay buffer                : 300000 samples [1: 98.3%, 2: 1.7%, 3: 0.0%]
DFA state visits in window   : 1: 28322, 2: 1263, 3: 0
DFA state visits cumulative  : 1: 1889735, 2: 21395, 3: 5
DFA state entries in window  : 1: 100, 2: 3, 3: 0
DFA state entries cumulative : 1: 7900, 2: 285, 3: 5
transitions cumulative       : 1->2: 285, 2->3: 5
accepted directly from s0    : 0
Gym endings cumulative       : terminated=7612, truncated=283

[Episode 8000/8000 | last 100]
success rate                : 0.0% (cumulative 0.1%)
synthetic task reward       : 0.000
shaping reward              : 0.000
learning reward             : 0.000
episode length              : 257.9
abstract changes / episode  : 12.1
DFA transitions / episode   : 0.31
DFA transitions in window   : 1->2: 31
epsilon (next episode)       : 0.04074
replay buffer                : 300000 samples [1: 95.8%, 2: 4.2%, 3: 0.0%]
DFA state visits in window   : 1: 18401, 2: 7488, 3: 0
DFA state visits cumulative  : 1: 1908136, 2: 28883, 3: 5
DFA state entries in window  : 1: 100, 2: 31, 3: 0
DFA state entries cumulative : 1: 8000, 2: 316, 3: 5
transitions cumulative       : 1->2: 316, 2->3: 5
accepted directly from s0    : 0
Gym endings cumulative       : terminated=7706, truncated=289
Last policy saved after episode 8000. Best policy: episode 2900, mean learning reward=200.000
