=== NEW RUN (Shaping: True, Multi-Eps: True) ===
===Trajectory: [(1, 8), (5, 6), (8, 8)]===
----------------------------------------------------------------------------------------------------
[SHAPING | MULTI EPS] Episode 100/10000
Avg Reward                  : 0.000000
Avg Total Reward            : -349.787711
Epsilon Decay               : q0(WP1): 0.9048, q1(WP2): 1.0000, q2(Goal): 1.0000
Buffer Fractions            : q0(WP1): 100.00%, q1(WP2): 0.00%, q2(Goal): 0.00%
Hits (Cumulative)           : WP1: 0, WP2: 0, Goal: 0
----------------------------------------------------------------------------------------------------

----------------------------------------------------------------------------------------------------
[SHAPING | MULTI EPS] Episode 200/10000
Avg Reward                  : 0.000000
Avg Total Reward            : -324.393013
Epsilon Decay               : q0(WP1): 0.8186, q1(WP2): 1.0000, q2(Goal): 1.0000
Buffer Fractions            : q0(WP1): 99.66%, q1(WP2): 0.34%, q2(Goal): 0.00%
Hits (Cumulative)           : WP1: 2, WP2: 0, Goal: 0
----------------------------------------------------------------------------------------------------

----------------------------------------------------------------------------------------------------
[SHAPING | MULTI EPS] Episode 300/10000
Avg Reward                  : 0.000000
Avg Total Reward            : -266.296731
Epsilon Decay               : q0(WP1): 0.7407, q1(WP2): 1.0000, q2(Goal): 1.0000
Buffer Fractions            : q0(WP1): 99.55%, q1(WP2): 0.45%, q2(Goal): 0.00%
Hits (Cumulative)           : WP1: 6, WP2: 0, Goal: 0
----------------------------------------------------------------------------------------------------

----------------------------------------------------------------------------------------------------
[SHAPING | MULTI EPS] Episode 400/10000
Avg Reward                  : 0.000000
Avg Total Reward            : -215.547124
Epsilon Decay               : q0(WP1): 0.6702, q1(WP2): 1.0000, q2(Goal): 1.0000
Buffer Fractions            : q0(WP1): 99.10%, q1(WP2): 0.90%, q2(Goal): 0.00%
Hits (Cumulative)           : WP1: 17, WP2: 0, Goal: 0
----------------------------------------------------------------------------------------------------

----------------------------------------------------------------------------------------------------
[SHAPING | MULTI EPS] Episode 500/10000
Avg Reward                  : 0.000000
Avg Total Reward            : -181.636874
Epsilon Decay               : q0(WP1): 0.6064, q1(WP2): 1.0000, q2(Goal): 1.0000
Buffer Fractions            : q0(WP1): 98.94%, q1(WP2): 1.06%, q2(Goal): 0.00%
Hits (Cumulative)           : WP1: 25, WP2: 0, Goal: 0
----------------------------------------------------------------------------------------------------

----------------------------------------------------------------------------------------------------
[SHAPING | MULTI EPS] Episode 600/10000
Avg Reward                  : 0.000000
Avg Total Reward            : -159.414823
Epsilon Decay               : q0(WP1): 0.5486, q1(WP2): 1.0000, q2(Goal): 1.0000
Buffer Fractions            : q0(WP1): 98.62%, q1(WP2): 1.38%, q2(Goal): 0.00%
Hits (Cumulative)           : WP1: 36, WP2: 0, Goal: 0
----------------------------------------------------------------------------------------------------

----------------------------------------------------------------------------------------------------
[SHAPING | MULTI EPS] Episode 700/10000
Avg Reward                  : 0.000000
Avg Total Reward            : -216.179933
Epsilon Decay               : q0(WP1): 0.4964, q1(WP2): 1.0000, q2(Goal): 1.0000
Buffer Fractions            : q0(WP1): 98.69%, q1(WP2): 1.31%, q2(Goal): 0.00%
Hits (Cumulative)           : WP1: 42, WP2: 0, Goal: 0
----------------------------------------------------------------------------------------------------

----------------------------------------------------------------------------------------------------
[SHAPING | MULTI EPS] Episode 800/10000
Avg Reward                  : 0.000000
Avg Total Reward            : -221.910696
Epsilon Decay               : q0(WP1): 0.4491, q1(WP2): 1.0000, q2(Goal): 1.0000
Buffer Fractions            : q0(WP1): 98.91%, q1(WP2): 1.09%, q2(Goal): 0.00%
Hits (Cumulative)           : WP1: 43, WP2: 0, Goal: 0
----------------------------------------------------------------------------------------------------

----------------------------------------------------------------------------------------------------
[SHAPING | MULTI EPS] Episode 900/10000
Avg Reward                  : 0.000000
Avg Total Reward            : -162.961848
Epsilon Decay               : q0(WP1): 0.4064, q1(WP2): 1.0000, q2(Goal): 1.0000
Buffer Fractions            : q0(WP1): 98.91%, q1(WP2): 1.09%, q2(Goal): 0.00%
Hits (Cumulative)           : WP1: 48, WP2: 0, Goal: 0
----------------------------------------------------------------------------------------------------

----------------------------------------------------------------------------------------------------
[SHAPING | MULTI EPS] Episode 1000/10000
Avg Reward                  : 0.000000
Avg Total Reward            : 14.052967
Epsilon Decay               : q0(WP1): 0.3677, q1(WP2): 1.0000, q2(Goal): 1.0000
Buffer Fractions            : q0(WP1): 98.18%, q1(WP2): 1.82%, q2(Goal): 0.00%
Hits (Cumulative)           : WP1: 71, WP2: 0, Goal: 0
----------------------------------------------------------------------------------------------------

----------------------------------------------------------------------------------------------------
[SHAPING | MULTI EPS] Episode 1100/10000
Avg Reward                  : 0.000000
Avg Total Reward            : 65.881409
Epsilon Decay               : q0(WP1): 0.3327, q1(WP2): 1.0000, q2(Goal): 1.0000
Buffer Fractions            : q0(WP1): 97.66%, q1(WP2): 2.34%, q2(Goal): 0.00%
Hits (Cumulative)           : WP1: 103, WP2: 0, Goal: 0
----------------------------------------------------------------------------------------------------

----------------------------------------------------------------------------------------------------
[SHAPING | MULTI EPS] Episode 1200/10000
Avg Reward                  : 0.000000
Avg Total Reward            : 106.535386
Epsilon Decay               : q0(WP1): 0.3010, q1(WP2): 1.0000, q2(Goal): 1.0000
Buffer Fractions            : q0(WP1): 96.99%, q1(WP2): 3.01%, q2(Goal): 0.00%
Hits (Cumulative)           : WP1: 144, WP2: 0, Goal: 0
----------------------------------------------------------------------------------------------------

----------------------------------------------------------------------------------------------------
[SHAPING | MULTI EPS] Episode 1300/10000
Avg Reward                  : 0.000000
Avg Total Reward            : 180.129592
Epsilon Decay               : q0(WP1): 0.2724, q1(WP2): 1.0000, q2(Goal): 1.0000
Buffer Fractions            : q0(WP1): 96.24%, q1(WP2): 3.76%, q2(Goal): 0.00%
Hits (Cumulative)           : WP1: 192, WP2: 0, Goal: 0
----------------------------------------------------------------------------------------------------

----------------------------------------------------------------------------------------------------
[SHAPING | MULTI EPS] Episode 1400/10000
Avg Reward                  : 0.000000
Avg Total Reward            : 178.453765
Epsilon Decay               : q0(WP1): 0.2464, q1(WP2): 1.0000, q2(Goal): 1.0000
Buffer Fractions            : q0(WP1): 95.40%, q1(WP2): 4.60%, q2(Goal): 0.00%
Hits (Cumulative)           : WP1: 241, WP2: 0, Goal: 0
----------------------------------------------------------------------------------------------------

----------------------------------------------------------------------------------------------------
[SHAPING | MULTI EPS] Episode 1500/10000
Avg Reward                  : 0.000000
Avg Total Reward            : 197.600105
Epsilon Decay               : q0(WP1): 0.2230, q1(WP2): 1.0000, q2(Goal): 1.0000
Buffer Fractions            : q0(WP1): 94.74%, q1(WP2): 5.26%, q2(Goal): 0.00%
Hits (Cumulative)           : WP1: 290, WP2: 0, Goal: 0
----------------------------------------------------------------------------------------------------

----------------------------------------------------------------------------------------------------
[SHAPING | MULTI EPS] Episode 1600/10000
Avg Reward                  : 0.000000
Avg Total Reward            : 224.874784
Epsilon Decay               : q0(WP1): 0.2017, q1(WP2): 1.0000, q2(Goal): 1.0000
Buffer Fractions            : q0(WP1): 94.23%, q1(WP2): 5.77%, q2(Goal): 0.00%
Hits (Cumulative)           : WP1: 340, WP2: 0, Goal: 0
----------------------------------------------------------------------------------------------------

----------------------------------------------------------------------------------------------------
[SHAPING | MULTI EPS] Episode 1700/10000
Avg Reward                  : 0.000000
Avg Total Reward            : 241.986599
Epsilon Decay               : q0(WP1): 0.1825, q1(WP2): 1.0000, q2(Goal): 1.0000
Buffer Fractions            : q0(WP1): 93.43%, q1(WP2): 6.57%, q2(Goal): 0.00%
Hits (Cumulative)           : WP1: 400, WP2: 0, Goal: 0
----------------------------------------------------------------------------------------------------

----------------------------------------------------------------------------------------------------
[SHAPING | MULTI EPS] Episode 1800/10000
Avg Reward                  : 0.000000
Avg Total Reward            : 200.260433
Epsilon Decay               : q0(WP1): 0.1652, q1(WP2): 1.0000, q2(Goal): 1.0000
Buffer Fractions            : q0(WP1): 92.81%, q1(WP2): 7.19%, q2(Goal): 0.00%
Hits (Cumulative)           : WP1: 452, WP2: 0, Goal: 0
----------------------------------------------------------------------------------------------------

----------------------------------------------------------------------------------------------------
[SHAPING | MULTI EPS] Episode 1900/10000
Avg Reward                  : 0.000000
Avg Total Reward            : 240.122654
Epsilon Decay               : q0(WP1): 0.1494, q1(WP2): 1.0000, q2(Goal): 1.0000
Buffer Fractions            : q0(WP1): 92.18%, q1(WP2): 7.82%, q2(Goal): 0.00%
Hits (Cumulative)           : WP1: 513, WP2: 0, Goal: 0
----------------------------------------------------------------------------------------------------

----------------------------------------------------------------------------------------------------
[SHAPING | MULTI EPS] Episode 2000/10000
Avg Reward                  : 0.000000
Avg Total Reward            : 161.629585
Epsilon Decay               : q0(WP1): 0.1352, q1(WP2): 1.0000, q2(Goal): 1.0000
Buffer Fractions            : q0(WP1): 91.53%, q1(WP2): 8.47%, q2(Goal): 0.00%
Hits (Cumulative)           : WP1: 583, WP2: 0, Goal: 0
----------------------------------------------------------------------------------------------------

----------------------------------------------------------------------------------------------------
[SHAPING | MULTI EPS] Episode 2100/10000
Avg Reward                  : 0.000000
Avg Total Reward            : 182.446551
Epsilon Decay               : q0(WP1): 0.1223, q1(WP2): 1.0000, q2(Goal): 1.0000
Buffer Fractions            : q0(WP1): 91.07%, q1(WP2): 8.93%, q2(Goal): 0.00%
Hits (Cumulative)           : WP1: 654, WP2: 0, Goal: 0
----------------------------------------------------------------------------------------------------

----------------------------------------------------------------------------------------------------
[SHAPING | MULTI EPS] Episode 2200/10000
Avg Reward                  : 0.000000
Avg Total Reward            : 193.688351
Epsilon Decay               : q0(WP1): 0.1107, q1(WP2): 1.0000, q2(Goal): 1.0000
Buffer Fractions            : q0(WP1): 90.52%, q1(WP2): 9.48%, q2(Goal): 0.00%
Hits (Cumulative)           : WP1: 731, WP2: 0, Goal: 0
----------------------------------------------------------------------------------------------------

----------------------------------------------------------------------------------------------------
[SHAPING | MULTI EPS] Episode 2300/10000
Avg Reward                  : 0.000000
Avg Total Reward            : 208.558756
Epsilon Decay               : q0(WP1): 0.1001, q1(WP2): 1.0000, q2(Goal): 1.0000
Buffer Fractions            : q0(WP1): 89.84%, q1(WP2): 10.16%, q2(Goal): 0.00%
Hits (Cumulative)           : WP1: 811, WP2: 0, Goal: 0
----------------------------------------------------------------------------------------------------

----------------------------------------------------------------------------------------------------
[SHAPING | MULTI EPS] Episode 2400/10000
Avg Reward                  : 0.000000
Avg Total Reward            : 213.464640
Epsilon Decay               : q0(WP1): 0.0906, q1(WP2): 1.0000, q2(Goal): 1.0000
Buffer Fractions            : q0(WP1): 89.43%, q1(WP2): 10.57%, q2(Goal): 0.00%
Hits (Cumulative)           : WP1: 889, WP2: 0, Goal: 0
----------------------------------------------------------------------------------------------------

----------------------------------------------------------------------------------------------------
[SHAPING | MULTI EPS] Episode 2500/10000
Avg Reward                  : 0.000000
Avg Total Reward            : 215.008741
Epsilon Decay               : q0(WP1): 0.0820, q1(WP2): 1.0000, q2(Goal): 1.0000
Buffer Fractions            : q0(WP1): 88.55%, q1(WP2): 11.45%, q2(Goal): 0.00%
Hits (Cumulative)           : WP1: 985, WP2: 0, Goal: 0
----------------------------------------------------------------------------------------------------

----------------------------------------------------------------------------------------------------
[SHAPING | MULTI EPS] Episode 2600/10000
Avg Reward                  : 0.000000
Avg Total Reward            : 227.927167
Epsilon Decay               : q0(WP1): 0.0800, q1(WP2): 0.9157, q2(Goal): 1.0000
Buffer Fractions            : q0(WP1): 87.55%, q1(WP2): 12.45%, q2(Goal): 0.00%
Hits (Cumulative)           : WP1: 1085, WP2: 0, Goal: 0
----------------------------------------------------------------------------------------------------

----------------------------------------------------------------------------------------------------
[SHAPING | MULTI EPS] Episode 2700/10000
Avg Reward                  : 0.000000
Avg Total Reward            : 207.636104
Epsilon Decay               : q0(WP1): 0.0800, q1(WP2): 0.8285, q2(Goal): 1.0000
Buffer Fractions            : q0(WP1): 86.39%, q1(WP2): 13.61%, q2(Goal): 0.00%
Hits (Cumulative)           : WP1: 1185, WP2: 0, Goal: 0
----------------------------------------------------------------------------------------------------

----------------------------------------------------------------------------------------------------
[SHAPING | MULTI EPS] Episode 2800/10000
Avg Reward                  : 0.000000
Avg Total Reward            : 208.568170
Epsilon Decay               : q0(WP1): 0.0800, q1(WP2): 0.7497, q2(Goal): 1.0000
Buffer Fractions            : q0(WP1): 84.68%, q1(WP2): 15.32%, q2(Goal): 0.00%
Hits (Cumulative)           : WP1: 1285, WP2: 0, Goal: 0
----------------------------------------------------------------------------------------------------

----------------------------------------------------------------------------------------------------
[SHAPING | MULTI EPS] Episode 2900/10000
Avg Reward                  : 0.000000
Avg Total Reward            : 193.794934
Epsilon Decay               : q0(WP1): 0.0800, q1(WP2): 0.6783, q2(Goal): 1.0000
Buffer Fractions            : q0(WP1): 82.21%, q1(WP2): 17.79%, q2(Goal): 0.00%
Hits (Cumulative)           : WP1: 1385, WP2: 0, Goal: 0
----------------------------------------------------------------------------------------------------

----------------------------------------------------------------------------------------------------
[SHAPING | MULTI EPS] Episode 3000/10000
Avg Reward                  : 0.000000
Avg Total Reward            : 192.862869
Epsilon Decay               : q0(WP1): 0.0800, q1(WP2): 0.6137, q2(Goal): 1.0000
Buffer Fractions            : q0(WP1): 79.35%, q1(WP2): 20.65%, q2(Goal): 0.00%
Hits (Cumulative)           : WP1: 1485, WP2: 0, Goal: 0
----------------------------------------------------------------------------------------------------

----------------------------------------------------------------------------------------------------
[SHAPING | MULTI EPS] Episode 3100/10000
Avg Reward                  : 0.000000
Avg Total Reward            : 192.862869
Epsilon Decay               : q0(WP1): 0.0800, q1(WP2): 0.5553, q2(Goal): 1.0000
Buffer Fractions            : q0(WP1): 75.69%, q1(WP2): 24.31%, q2(Goal): 0.00%
Hits (Cumulative)           : WP1: 1585, WP2: 0, Goal: 0
----------------------------------------------------------------------------------------------------

----------------------------------------------------------------------------------------------------
[SHAPING | MULTI EPS] Episode 3200/10000
Avg Reward                  : 0.000000
Avg Total Reward            : 188.583018
Epsilon Decay               : q0(WP1): 0.0800, q1(WP2): 0.5029, q2(Goal): 1.0000
Buffer Fractions            : q0(WP1): 71.56%, q1(WP2): 28.44%, q2(Goal): 0.00%
Hits (Cumulative)           : WP1: 1684, WP2: 0, Goal: 0
----------------------------------------------------------------------------------------------------

----------------------------------------------------------------------------------------------------
[SHAPING | MULTI EPS] Episode 3300/10000
Avg Reward                  : 0.000000
Avg Total Reward            : 179.346250
Epsilon Decay               : q0(WP1): 0.0800, q1(WP2): 0.4555, q2(Goal): 1.0000
Buffer Fractions            : q0(WP1): 66.88%, q1(WP2): 33.11%, q2(Goal): 0.01%
Hits (Cumulative)           : WP1: 1783, WP2: 1, Goal: 0
----------------------------------------------------------------------------------------------------

----------------------------------------------------------------------------------------------------
[SHAPING | MULTI EPS] Episode 3400/10000
Avg Reward                  : 0.000000
Avg Total Reward            : 97.278898
Epsilon Decay               : q0(WP1): 0.0800, q1(WP2): 0.4192, q2(Goal): 1.0000
Buffer Fractions            : q0(WP1): 63.62%, q1(WP2): 36.28%, q2(Goal): 0.10%
Hits (Cumulative)           : WP1: 1866, WP2: 9, Goal: 0
----------------------------------------------------------------------------------------------------

----------------------------------------------------------------------------------------------------
[SHAPING | MULTI EPS] Episode 3500/10000
Avg Reward                  : 0.000000
Avg Total Reward            : -72.071283
Epsilon Decay               : q0(WP1): 0.0800, q1(WP2): 0.3983, q2(Goal): 1.0000
Buffer Fractions            : q0(WP1): 62.49%, q1(WP2): 37.40%, q2(Goal): 0.11%
Hits (Cumulative)           : WP1: 1917, WP2: 10, Goal: 0
----------------------------------------------------------------------------------------------------

----------------------------------------------------------------------------------------------------
[SHAPING | MULTI EPS] Episode 3600/10000
Avg Reward                  : 0.000000
Avg Total Reward            : -242.375576
Epsilon Decay               : q0(WP1): 0.0800, q1(WP2): 0.3936, q2(Goal): 1.0000
Buffer Fractions            : q0(WP1): 63.50%, q1(WP2): 36.39%, q2(Goal): 0.11%
Hits (Cumulative)           : WP1: 1929, WP2: 10, Goal: 0
----------------------------------------------------------------------------------------------------

----------------------------------------------------------------------------------------------------
[SHAPING | MULTI EPS] Episode 3700/10000
Avg Reward                  : 0.000000
Avg Total Reward            : -197.691106
Epsilon Decay               : q0(WP1): 0.0800, q1(WP2): 0.3877, q2(Goal): 1.0000
Buffer Fractions            : q0(WP1): 64.11%, q1(WP2): 35.76%, q2(Goal): 0.13%
Hits (Cumulative)           : WP1: 1944, WP2: 12, Goal: 0
----------------------------------------------------------------------------------------------------

----------------------------------------------------------------------------------------------------
[SHAPING | MULTI EPS] Episode 3800/10000
Avg Reward                  : 0.000000
Avg Total Reward            : -78.102110
Epsilon Decay               : q0(WP1): 0.0800, q1(WP2): 0.3703, q2(Goal): 1.0000
Buffer Fractions            : q0(WP1): 63.09%, q1(WP2): 36.73%, q2(Goal): 0.18%
Hits (Cumulative)           : WP1: 1990, WP2: 15, Goal: 0
----------------------------------------------------------------------------------------------------

----------------------------------------------------------------------------------------------------
[SHAPING | MULTI EPS] Episode 3900/10000
Avg Reward                  : 0.000000
Avg Total Reward            : -94.832238
Epsilon Decay               : q0(WP1): 0.0800, q1(WP2): 0.3558, q2(Goal): 1.0000
Buffer Fractions            : q0(WP1): 62.76%, q1(WP2): 37.04%, q2(Goal): 0.20%
Hits (Cumulative)           : WP1: 2030, WP2: 18, Goal: 0
----------------------------------------------------------------------------------------------------

----------------------------------------------------------------------------------------------------
[SHAPING | MULTI EPS] Episode 4000/10000
Avg Reward                  : 0.000000
Avg Total Reward            : 43.035934
Epsilon Decay               : q0(WP1): 0.0800, q1(WP2): 0.3404, q2(Goal): 1.0000
Buffer Fractions            : q0(WP1): 63.67%, q1(WP2): 36.13%, q2(Goal): 0.20%
Hits (Cumulative)           : WP1: 2074, WP2: 18, Goal: 0
----------------------------------------------------------------------------------------------------

----------------------------------------------------------------------------------------------------
[SHAPING | MULTI EPS] Episode 4100/10000
Avg Reward                  : 0.000000
Avg Total Reward            : 58.313323
Epsilon Decay               : q0(WP1): 0.0800, q1(WP2): 0.3294, q2(Goal): 1.0000
Buffer Fractions            : q0(WP1): 66.63%, q1(WP2): 33.14%, q2(Goal): 0.22%
Hits (Cumulative)           : WP1: 2107, WP2: 21, Goal: 0
----------------------------------------------------------------------------------------------------

----------------------------------------------------------------------------------------------------
[SHAPING | MULTI EPS] Episode 4200/10000
Avg Reward                  : 0.000000
Avg Total Reward            : 176.673849
Epsilon Decay               : q0(WP1): 0.0800, q1(WP2): 0.3068, q2(Goal): 1.0000
Buffer Fractions            : q0(WP1): 67.19%, q1(WP2): 32.39%, q2(Goal): 0.41%
Hits (Cumulative)           : WP1: 2178, WP2: 35, Goal: 0
----------------------------------------------------------------------------------------------------

----------------------------------------------------------------------------------------------------
[SHAPING | MULTI EPS] Episode 4300/10000
Avg Reward                  : 0.000000
Avg Total Reward            : 131.362464
Epsilon Decay               : q0(WP1): 0.0800, q1(WP2): 0.2939, q2(Goal): 1.0000
Buffer Fractions            : q0(WP1): 68.60%, q1(WP2): 30.93%, q2(Goal): 0.47%
Hits (Cumulative)           : WP1: 2221, WP2: 39, Goal: 0
----------------------------------------------------------------------------------------------------

----------------------------------------------------------------------------------------------------
[SHAPING | MULTI EPS] Episode 4400/10000
Avg Reward                  : 0.000000
Avg Total Reward            : -62.908099
Epsilon Decay               : q0(WP1): 0.0800, q1(WP2): 0.2855, q2(Goal): 1.0000
Buffer Fractions            : q0(WP1): 70.45%, q1(WP2): 29.06%, q2(Goal): 0.49%
Hits (Cumulative)           : WP1: 2250, WP2: 40, Goal: 0
----------------------------------------------------------------------------------------------------

----------------------------------------------------------------------------------------------------
[SHAPING | MULTI EPS] Episode 4500/10000
Avg Reward                  : 0.000000
Avg Total Reward            : 135.829182
Epsilon Decay               : q0(WP1): 0.0800, q1(WP2): 0.2696, q2(Goal): 1.0000
Buffer Fractions            : q0(WP1): 72.39%, q1(WP2): 27.02%, q2(Goal): 0.60%
Hits (Cumulative)           : WP1: 2307, WP2: 50, Goal: 0
----------------------------------------------------------------------------------------------------

----------------------------------------------------------------------------------------------------
[SHAPING | MULTI EPS] Episode 4600/10000
Avg Reward                  : 0.000000
Avg Total Reward            : 196.186589
Epsilon Decay               : q0(WP1): 0.0800, q1(WP2): 0.2529, q2(Goal): 1.0000
Buffer Fractions            : q0(WP1): 74.35%, q1(WP2): 24.96%, q2(Goal): 0.69%
Hits (Cumulative)           : WP1: 2371, WP2: 58, Goal: 0
----------------------------------------------------------------------------------------------------

----------------------------------------------------------------------------------------------------
[SHAPING | MULTI EPS] Episode 4700/10000
Avg Reward                  : 0.000000
Avg Total Reward            : 190.801788
Epsilon Decay               : q0(WP1): 0.0800, q1(WP2): 0.2389, q2(Goal): 1.0000
Buffer Fractions            : q0(WP1): 76.26%, q1(WP2): 22.94%, q2(Goal): 0.81%
Hits (Cumulative)           : WP1: 2428, WP2: 76, Goal: 0
----------------------------------------------------------------------------------------------------

----------------------------------------------------------------------------------------------------
[SHAPING | MULTI EPS] Episode 4800/10000
Avg Reward                  : 0.000000
Avg Total Reward            : 204.396570
Epsilon Decay               : q0(WP1): 0.0800, q1(WP2): 0.2248, q2(Goal): 1.0000
Buffer Fractions            : q0(WP1): 76.70%, q1(WP2): 22.18%, q2(Goal): 1.12%
Hits (Cumulative)           : WP1: 2489, WP2: 101, Goal: 0
----------------------------------------------------------------------------------------------------

----------------------------------------------------------------------------------------------------
[SHAPING | MULTI EPS] Episode 4900/10000
Avg Reward                  : 0.000000
Avg Total Reward            : 245.726336
Epsilon Decay               : q0(WP1): 0.0800, q1(WP2): 0.2108, q2(Goal): 1.0000
Buffer Fractions            : q0(WP1): 74.30%, q1(WP2): 24.12%, q2(Goal): 1.59%
Hits (Cumulative)           : WP1: 2553, WP2: 134, Goal: 0
----------------------------------------------------------------------------------------------------

----------------------------------------------------------------------------------------------------
[SHAPING | MULTI EPS] Episode 5000/10000
Avg Reward                  : 0.000000
Avg Total Reward            : 207.677034
Epsilon Decay               : q0(WP1): 0.0800, q1(WP2): 0.1969, q2(Goal): 1.0000
Buffer Fractions            : q0(WP1): 70.72%, q1(WP2): 27.36%, q2(Goal): 1.92%
Hits (Cumulative)           : WP1: 2621, WP2: 158, Goal: 0
----------------------------------------------------------------------------------------------------

----------------------------------------------------------------------------------------------------
[SHAPING | MULTI EPS] Episode 5100/10000
Avg Reward                  : 0.000000
Avg Total Reward            : 177.516629
Epsilon Decay               : q0(WP1): 0.0800, q1(WP2): 0.1836, q2(Goal): 1.0000
Buffer Fractions            : q0(WP1): 68.10%, q1(WP2): 29.52%, q2(Goal): 2.38%
Hits (Cumulative)           : WP1: 2691, WP2: 184, Goal: 0
----------------------------------------------------------------------------------------------------

----------------------------------------------------------------------------------------------------
[SHAPING | MULTI EPS] Episode 5200/10000
Avg Reward                  : 0.000000
Avg Total Reward            : 200.564120
Epsilon Decay               : q0(WP1): 0.0800, q1(WP2): 0.1695, q2(Goal): 1.0000
Buffer Fractions            : q0(WP1): 66.47%, q1(WP2): 30.81%, q2(Goal): 2.73%
Hits (Cumulative)           : WP1: 2771, WP2: 214, Goal: 0
----------------------------------------------------------------------------------------------------

----------------------------------------------------------------------------------------------------
[SHAPING | MULTI EPS] Episode 5300/10000
Avg Reward                  : 0.000000
Avg Total Reward            : 213.711159
Epsilon Decay               : q0(WP1): 0.0800, q1(WP2): 0.1580, q2(Goal): 1.0000
Buffer Fractions            : q0(WP1): 64.98%, q1(WP2): 32.08%, q2(Goal): 2.94%
Hits (Cumulative)           : WP1: 2841, WP2: 233, Goal: 0
----------------------------------------------------------------------------------------------------

----------------------------------------------------------------------------------------------------
[SHAPING | MULTI EPS] Episode 5400/10000
Avg Reward                  : 0.000000
Avg Total Reward            : 257.808703
Epsilon Decay               : q0(WP1): 0.0800, q1(WP2): 0.1452, q2(Goal): 1.0000
Buffer Fractions            : q0(WP1): 61.51%, q1(WP2): 35.12%, q2(Goal): 3.37%
Hits (Cumulative)           : WP1: 2926, WP2: 266, Goal: 0
----------------------------------------------------------------------------------------------------

----------------------------------------------------------------------------------------------------
[SHAPING | MULTI EPS] Episode 5500/10000
Avg Reward                  : 0.000000
Avg Total Reward            : 188.778668
Epsilon Decay               : q0(WP1): 0.0800, q1(WP2): 0.1335, q2(Goal): 1.0000
Buffer Fractions            : q0(WP1): 59.32%, q1(WP2): 37.27%, q2(Goal): 3.40%
Hits (Cumulative)           : WP1: 3010, WP2: 272, Goal: 0
----------------------------------------------------------------------------------------------------

----------------------------------------------------------------------------------------------------
[SHAPING | MULTI EPS] Episode 5600/10000
Avg Reward                  : 0.000000
Avg Total Reward            : 168.335452
Epsilon Decay               : q0(WP1): 0.0800, q1(WP2): 0.1226, q2(Goal): 1.0000
Buffer Fractions            : q0(WP1): 57.48%, q1(WP2): 39.11%, q2(Goal): 3.42%
Hits (Cumulative)           : WP1: 3095, WP2: 275, Goal: 0
----------------------------------------------------------------------------------------------------

----------------------------------------------------------------------------------------------------
[SHAPING | MULTI EPS] Episode 5700/10000
Avg Reward                  : 0.000000
Avg Total Reward            : -42.437959
Epsilon Decay               : q0(WP1): 0.0800, q1(WP2): 0.1174, q2(Goal): 1.0000
Buffer Fractions            : q0(WP1): 58.21%, q1(WP2): 38.45%, q2(Goal): 3.34%
Hits (Cumulative)           : WP1: 3138, WP2: 280, Goal: 0
----------------------------------------------------------------------------------------------------

----------------------------------------------------------------------------------------------------
[SHAPING | MULTI EPS] Episode 5800/10000
Avg Reward                  : 0.000000
Avg Total Reward            : 105.746840
Epsilon Decay               : q0(WP1): 0.0800, q1(WP2): 0.1146, q2(Goal): 1.0000
Buffer Fractions            : q0(WP1): 60.20%, q1(WP2): 36.41%, q2(Goal): 3.39%
Hits (Cumulative)           : WP1: 3162, WP2: 290, Goal: 0
----------------------------------------------------------------------------------------------------

----------------------------------------------------------------------------------------------------
[SHAPING | MULTI EPS] Episode 5900/10000
Avg Reward                  : 0.000000
Avg Total Reward            : 102.865134
Epsilon Decay               : q0(WP1): 0.0800, q1(WP2): 0.1087, q2(Goal): 1.0000
Buffer Fractions            : q0(WP1): 58.99%, q1(WP2): 37.42%, q2(Goal): 3.59%
Hits (Cumulative)           : WP1: 3215, WP2: 317, Goal: 0
----------------------------------------------------------------------------------------------------

----------------------------------------------------------------------------------------------------
[SHAPING | MULTI EPS] Episode 6000/10000
Avg Reward                  : 0.000000
Avg Total Reward            : 224.090814
Epsilon Decay               : q0(WP1): 0.0800, q1(WP2): 0.1000, q2(Goal): 1.0000
Buffer Fractions            : q0(WP1): 57.16%, q1(WP2): 38.49%, q2(Goal): 4.35%
Hits (Cumulative)           : WP1: 3298, WP2: 384, Goal: 0
----------------------------------------------------------------------------------------------------

----------------------------------------------------------------------------------------------------
[SHAPING | MULTI EPS] Episode 6100/10000
Avg Reward                  : 0.000000
Avg Total Reward            : 225.595657
Epsilon Decay               : q0(WP1): 0.0800, q1(WP2): 0.0916, q2(Goal): 1.0000
Buffer Fractions            : q0(WP1): 54.45%, q1(WP2): 40.35%, q2(Goal): 5.20%
Hits (Cumulative)           : WP1: 3386, WP2: 459, Goal: 0
----------------------------------------------------------------------------------------------------

----------------------------------------------------------------------------------------------------
[SHAPING | MULTI EPS] Episode 6200/10000
Avg Reward                  : 0.000000
Avg Total Reward            : -33.541396
Epsilon Decay               : q0(WP1): 0.0800, q1(WP2): 0.0878, q2(Goal): 1.0000
Buffer Fractions            : q0(WP1): 54.60%, q1(WP2): 40.30%, q2(Goal): 5.10%
Hits (Cumulative)           : WP1: 3429, WP2: 472, Goal: 0
----------------------------------------------------------------------------------------------------

----------------------------------------------------------------------------------------------------
[SHAPING | MULTI EPS] Episode 6300/10000
Avg Reward                  : 0.000000
Avg Total Reward            : -173.694801
Epsilon Decay               : q0(WP1): 0.0800, q1(WP2): 0.0863, q2(Goal): 1.0000
Buffer Fractions            : q0(WP1): 56.08%, q1(WP2): 39.13%, q2(Goal): 4.80%
Hits (Cumulative)           : WP1: 3446, WP2: 477, Goal: 0
----------------------------------------------------------------------------------------------------

----------------------------------------------------------------------------------------------------
[SHAPING | MULTI EPS] Episode 6400/10000
Avg Reward                  : 0.000000
Avg Total Reward            : 27.045087
Epsilon Decay               : q0(WP1): 0.0800, q1(WP2): 0.0831, q2(Goal): 1.0000
Buffer Fractions            : q0(WP1): 58.83%, q1(WP2): 36.47%, q2(Goal): 4.70%
Hits (Cumulative)           : WP1: 3484, WP2: 500, Goal: 0
----------------------------------------------------------------------------------------------------

----------------------------------------------------------------------------------------------------
[SHAPING | MULTI EPS] Episode 6500/10000
Avg Reward                  : 0.000000
Avg Total Reward            : 44.654722
Epsilon Decay               : q0(WP1): 0.0800, q1(WP2): 0.0800, q2(Goal): 0.9627
Buffer Fractions            : q0(WP1): 60.06%, q1(WP2): 34.88%, q2(Goal): 5.06%
Hits (Cumulative)           : WP1: 3550, WP2: 562, Goal: 0
----------------------------------------------------------------------------------------------------

----------------------------------------------------------------------------------------------------
[SHAPING | MULTI EPS] Episode 6600/10000
Avg Reward                  : 0.000000
Avg Total Reward            : -207.961996
Epsilon Decay               : q0(WP1): 0.0800, q1(WP2): 0.0800, q2(Goal): 0.9324
Buffer Fractions            : q0(WP1): 61.27%, q1(WP2): 33.56%, q2(Goal): 5.17%
Hits (Cumulative)           : WP1: 3588, WP2: 594, Goal: 0
----------------------------------------------------------------------------------------------------

----------------------------------------------------------------------------------------------------
[SHAPING | MULTI EPS] Episode 6700/10000
Avg Reward                  : 0.000000
Avg Total Reward            : -377.187105
Epsilon Decay               : q0(WP1): 0.0800, q1(WP2): 0.0800, q2(Goal): 0.9185
Buffer Fractions            : q0(WP1): 63.23%, q1(WP2): 31.58%, q2(Goal): 5.19%
Hits (Cumulative)           : WP1: 3603, WP2: 609, Goal: 0
----------------------------------------------------------------------------------------------------

----------------------------------------------------------------------------------------------------
[SHAPING | MULTI EPS] Episode 6800/10000
Avg Reward                  : 0.000000
Avg Total Reward            : -250.972716
Epsilon Decay               : q0(WP1): 0.0800, q1(WP2): 0.0800, q2(Goal): 0.8922
Buffer Fractions            : q0(WP1): 64.54%, q1(WP2): 30.11%, q2(Goal): 5.36%
Hits (Cumulative)           : WP1: 3632, WP2: 638, Goal: 0
----------------------------------------------------------------------------------------------------

----------------------------------------------------------------------------------------------------
[SHAPING | MULTI EPS] Episode 6900/10000
Avg Reward                  : 0.000000
Avg Total Reward            : 153.731801
Epsilon Decay               : q0(WP1): 0.0800, q1(WP2): 0.0800, q2(Goal): 0.8310
Buffer Fractions            : q0(WP1): 66.61%, q1(WP2): 27.32%, q2(Goal): 6.07%
Hits (Cumulative)           : WP1: 3706, WP2: 709, Goal: 0
----------------------------------------------------------------------------------------------------

----------------------------------------------------------------------------------------------------
[SHAPING | MULTI EPS] Episode 7000/10000
Avg Reward                  : 0.000000
Avg Total Reward            : 266.084252
Epsilon Decay               : q0(WP1): 0.0800, q1(WP2): 0.0800, q2(Goal): 0.7542
Buffer Fractions            : q0(WP1): 66.17%, q1(WP2): 26.18%, q2(Goal): 7.65%
Hits (Cumulative)           : WP1: 3803, WP2: 806, Goal: 0
----------------------------------------------------------------------------------------------------

----------------------------------------------------------------------------------------------------
[SHAPING | MULTI EPS] Episode 7100/10000
Avg Reward                  : 0.000000
Avg Total Reward            : 197.410126
Epsilon Decay               : q0(WP1): 0.0800, q1(WP2): 0.0800, q2(Goal): 0.6976
Buffer Fractions            : q0(WP1): 64.69%, q1(WP2): 25.84%, q2(Goal): 9.47%
Hits (Cumulative)           : WP1: 3883, WP2: 884, Goal: 0
----------------------------------------------------------------------------------------------------

----------------------------------------------------------------------------------------------------
[SHAPING | MULTI EPS] Episode 7200/10000
Avg Reward                  : 0.000000
Avg Total Reward            : 184.450636
Epsilon Decay               : q0(WP1): 0.0800, q1(WP2): 0.0800, q2(Goal): 0.6407
Buffer Fractions            : q0(WP1): 61.70%, q1(WP2): 27.10%, q2(Goal): 11.20%
Hits (Cumulative)           : WP1: 3970, WP2: 969, Goal: 0
----------------------------------------------------------------------------------------------------

----------------------------------------------------------------------------------------------------
[SHAPING | MULTI EPS] Episode 7300/10000
Avg Reward                  : 0.000000
Avg Total Reward            : 117.591522
Epsilon Decay               : q0(WP1): 0.0800, q1(WP2): 0.0800, q2(Goal): 0.5938
Buffer Fractions            : q0(WP1): 59.74%, q1(WP2): 27.02%, q2(Goal): 13.24%
Hits (Cumulative)           : WP1: 4047, WP2: 1045, Goal: 0
----------------------------------------------------------------------------------------------------

----------------------------------------------------------------------------------------------------
[SHAPING | MULTI EPS] Episode 7400/10000
Avg Reward                  : 0.000000
Avg Total Reward            : 199.486395
Epsilon Decay               : q0(WP1): 0.0800, q1(WP2): 0.0800, q2(Goal): 0.5432
Buffer Fractions            : q0(WP1): 58.67%, q1(WP2): 25.37%, q2(Goal): 15.95%
Hits (Cumulative)           : WP1: 4136, WP2: 1134, Goal: 0
----------------------------------------------------------------------------------------------------

----------------------------------------------------------------------------------------------------
[SHAPING | MULTI EPS] Episode 7500/10000
Avg Reward                  : 0.000000
Avg Total Reward            : 211.000782
Epsilon Decay               : q0(WP1): 0.0800, q1(WP2): 0.0800, q2(Goal): 0.5024
Buffer Fractions            : q0(WP1): 58.71%, q1(WP2): 23.63%, q2(Goal): 17.66%
Hits (Cumulative)           : WP1: 4221, WP2: 1212, Goal: 0
----------------------------------------------------------------------------------------------------

----------------------------------------------------------------------------------------------------
[SHAPING | MULTI EPS] Episode 7600/10000
Avg Reward                  : 0.000000
Avg Total Reward            : -103.582336
Epsilon Decay               : q0(WP1): 0.0800, q1(WP2): 0.0800, q2(Goal): 0.4895
Buffer Fractions            : q0(WP1): 59.77%, q1(WP2): 21.82%, q2(Goal): 18.41%
Hits (Cumulative)           : WP1: 4262, WP2: 1238, Goal: 0
----------------------------------------------------------------------------------------------------

----------------------------------------------------------------------------------------------------
[SHAPING | MULTI EPS] Episode 7700/10000
Avg Reward                  : 0.000000
Avg Total Reward            : -102.131828
Epsilon Decay               : q0(WP1): 0.0800, q1(WP2): 0.0800, q2(Goal): 0.4851
Buffer Fractions            : q0(WP1): 60.86%, q1(WP2): 20.75%, q2(Goal): 18.39%
Hits (Cumulative)           : WP1: 4280, WP2: 1247, Goal: 0
----------------------------------------------------------------------------------------------------

----------------------------------------------------------------------------------------------------
[SHAPING | MULTI EPS] Episode 7800/10000
Avg Reward                  : 0.000000
Avg Total Reward            : 37.599519
Epsilon Decay               : q0(WP1): 0.0800, q1(WP2): 0.0800, q2(Goal): 0.4822
Buffer Fractions            : q0(WP1): 62.18%, q1(WP2): 19.96%, q2(Goal): 17.86%
Hits (Cumulative)           : WP1: 4310, WP2: 1253, Goal: 0
----------------------------------------------------------------------------------------------------

----------------------------------------------------------------------------------------------------
[SHAPING | MULTI EPS] Episode 7900/10000
Avg Reward                  : 0.000000
Avg Total Reward            : 91.344706
Epsilon Decay               : q0(WP1): 0.0800, q1(WP2): 0.0800, q2(Goal): 0.4746
Buffer Fractions            : q0(WP1): 62.68%, q1(WP2): 19.64%, q2(Goal): 17.68%
Hits (Cumulative)           : WP1: 4354, WP2: 1269, Goal: 0
----------------------------------------------------------------------------------------------------

----------------------------------------------------------------------------------------------------
[SHAPING | MULTI EPS] Episode 8000/10000
Avg Reward                  : 0.000000
Avg Total Reward            : 30.646525
Epsilon Decay               : q0(WP1): 0.0800, q1(WP2): 0.0800, q2(Goal): 0.4736
Buffer Fractions            : q0(WP1): 63.24%, q1(WP2): 19.61%, q2(Goal): 17.14%
Hits (Cumulative)           : WP1: 4394, WP2: 1271, Goal: 0
----------------------------------------------------------------------------------------------------

----------------------------------------------------------------------------------------------------
[SHAPING | MULTI EPS] Episode 8100/10000
Avg Reward                  : 0.000000
Avg Total Reward            : 21.393650
Epsilon Decay               : q0(WP1): 0.0800, q1(WP2): 0.0800, q2(Goal): 0.4717
Buffer Fractions            : q0(WP1): 63.74%, q1(WP2): 19.85%, q2(Goal): 16.41%
Hits (Cumulative)           : WP1: 4421, WP2: 1275, Goal: 0
----------------------------------------------------------------------------------------------------

----------------------------------------------------------------------------------------------------
[SHAPING | MULTI EPS] Episode 8200/10000
Avg Reward                  : 0.000000
Avg Total Reward            : 24.220829
Epsilon Decay               : q0(WP1): 0.0800, q1(WP2): 0.0800, q2(Goal): 0.4675
Buffer Fractions            : q0(WP1): 67.26%, q1(WP2): 18.06%, q2(Goal): 14.68%
Hits (Cumulative)           : WP1: 4442, WP2: 1284, Goal: 0
----------------------------------------------------------------------------------------------------

----------------------------------------------------------------------------------------------------
[SHAPING | MULTI EPS] Episode 8300/10000
Avg Reward                  : 0.000000
Avg Total Reward            : -12.779373
Epsilon Decay               : q0(WP1): 0.0800, q1(WP2): 0.0800, q2(Goal): 0.4633
Buffer Fractions            : q0(WP1): 68.62%, q1(WP2): 17.93%, q2(Goal): 13.45%
Hits (Cumulative)           : WP1: 4480, WP2: 1293, Goal: 0
----------------------------------------------------------------------------------------------------

----------------------------------------------------------------------------------------------------
[SHAPING | MULTI EPS] Episode 8400/10000
Avg Reward                  : 0.000000
Avg Total Reward            : -2.364189
Epsilon Decay               : q0(WP1): 0.0800, q1(WP2): 0.0800, q2(Goal): 0.4624
Buffer Fractions            : q0(WP1): 70.60%, q1(WP2): 17.12%, q2(Goal): 12.29%
Hits (Cumulative)           : WP1: 4510, WP2: 1295, Goal: 0
----------------------------------------------------------------------------------------------------

----------------------------------------------------------------------------------------------------
[SHAPING | MULTI EPS] Episode 8500/10000
Avg Reward                  : 0.000000
Avg Total Reward            : -40.158289
Epsilon Decay               : q0(WP1): 0.0800, q1(WP2): 0.0800, q2(Goal): 0.4624
Buffer Fractions            : q0(WP1): 71.79%, q1(WP2): 16.95%, q2(Goal): 11.26%
Hits (Cumulative)           : WP1: 4543, WP2: 1295, Goal: 0
----------------------------------------------------------------------------------------------------

----------------------------------------------------------------------------------------------------
[SHAPING | MULTI EPS] Episode 8600/10000
Avg Reward                  : 0.000000
Avg Total Reward            : -131.607381
Epsilon Decay               : q0(WP1): 0.0800, q1(WP2): 0.0800, q2(Goal): 0.4624
Buffer Fractions            : q0(WP1): 73.59%, q1(WP2): 16.41%, q2(Goal): 9.99%
Hits (Cumulative)           : WP1: 4559, WP2: 1295, Goal: 0
----------------------------------------------------------------------------------------------------

----------------------------------------------------------------------------------------------------
[SHAPING | MULTI EPS] Episode 8700/10000
Avg Reward                  : 0.000000
Avg Total Reward            : -30.354143
Epsilon Decay               : q0(WP1): 0.0800, q1(WP2): 0.0800, q2(Goal): 0.4610
Buffer Fractions            : q0(WP1): 76.04%, q1(WP2): 15.55%, q2(Goal): 8.41%
Hits (Cumulative)           : WP1: 4587, WP2: 1298, Goal: 0
----------------------------------------------------------------------------------------------------

----------------------------------------------------------------------------------------------------
[SHAPING | MULTI EPS] Episode 8800/10000
Avg Reward                  : 0.000000
Avg Total Reward            : -40.364370
Epsilon Decay               : q0(WP1): 0.0800, q1(WP2): 0.0800, q2(Goal): 0.4610
Buffer Fractions            : q0(WP1): 78.40%, q1(WP2): 14.88%, q2(Goal): 6.72%
Hits (Cumulative)           : WP1: 4599, WP2: 1298, Goal: 0
----------------------------------------------------------------------------------------------------

----------------------------------------------------------------------------------------------------
[SHAPING | MULTI EPS] Episode 8900/10000
Avg Reward                  : 0.000000
Avg Total Reward            : -58.471870
Epsilon Decay               : q0(WP1): 0.0800, q1(WP2): 0.0800, q2(Goal): 0.4605
Buffer Fractions            : q0(WP1): 81.15%, q1(WP2): 13.72%, q2(Goal): 5.13%
Hits (Cumulative)           : WP1: 4620, WP2: 1299, Goal: 0
----------------------------------------------------------------------------------------------------

----------------------------------------------------------------------------------------------------
[SHAPING | MULTI EPS] Episode 9000/10000
Avg Reward                  : 0.000000
Avg Total Reward            : -45.449292
Epsilon Decay               : q0(WP1): 0.0800, q1(WP2): 0.0800, q2(Goal): 0.4582
Buffer Fractions            : q0(WP1): 83.71%, q1(WP2): 12.53%, q2(Goal): 3.76%
Hits (Cumulative)           : WP1: 4638, WP2: 1304, Goal: 0
----------------------------------------------------------------------------------------------------

----------------------------------------------------------------------------------------------------
[SHAPING | MULTI EPS] Episode 9100/10000
Avg Reward                  : 0.000000
Avg Total Reward            : -45.439296
Epsilon Decay               : q0(WP1): 0.0800, q1(WP2): 0.0800, q2(Goal): 0.4582
Buffer Fractions            : q0(WP1): 86.47%, q1(WP2): 11.85%, q2(Goal): 1.68%
Hits (Cumulative)           : WP1: 4663, WP2: 1304, Goal: 0
----------------------------------------------------------------------------------------------------

----------------------------------------------------------------------------------------------------
[SHAPING | MULTI EPS] Episode 9200/10000
Avg Reward                  : 0.000000
Avg Total Reward            : -9.788315
Epsilon Decay               : q0(WP1): 0.0800, q1(WP2): 0.0800, q2(Goal): 0.4573
Buffer Fractions            : q0(WP1): 86.48%, q1(WP2): 12.10%, q2(Goal): 1.42%
Hits (Cumulative)           : WP1: 4683, WP2: 1306, Goal: 0
----------------------------------------------------------------------------------------------------

----------------------------------------------------------------------------------------------------
[SHAPING | MULTI EPS] Episode 9300/10000
Avg Reward                  : 0.000000
Avg Total Reward            : -35.509112
Epsilon Decay               : q0(WP1): 0.0800, q1(WP2): 0.0800, q2(Goal): 0.4555
Buffer Fractions            : q0(WP1): 85.83%, q1(WP2): 12.67%, q2(Goal): 1.50%
Hits (Cumulative)           : WP1: 4709, WP2: 1310, Goal: 0
----------------------------------------------------------------------------------------------------

----------------------------------------------------------------------------------------------------
[SHAPING | MULTI EPS] Episode 9400/10000
Avg Reward                  : 0.000000
Avg Total Reward            : 26.306578
Epsilon Decay               : q0(WP1): 0.0800, q1(WP2): 0.0800, q2(Goal): 0.4532
Buffer Fractions            : q0(WP1): 85.35%, q1(WP2): 13.12%, q2(Goal): 1.53%
Hits (Cumulative)           : WP1: 4746, WP2: 1315, Goal: 0
----------------------------------------------------------------------------------------------------

----------------------------------------------------------------------------------------------------
[SHAPING | MULTI EPS] Episode 9500/10000
Avg Reward                  : 200.000000
Avg Total Reward            : 351.388221
Epsilon Decay               : q0(WP1): 0.0800, q1(WP2): 0.0800, q2(Goal): 0.4483
Buffer Fractions            : q0(WP1): 84.45%, q1(WP2): 13.81%, q2(Goal): 1.73%
Hits (Cumulative)           : WP1: 4787, WP2: 1326, Goal: 2
----------------------------------------------------------------------------------------------------

----------------------------------------------------------------------------------------------------
[SHAPING | MULTI EPS] Episode 9600/10000
Avg Reward                  : 100.000000
Avg Total Reward            : 209.422591
Epsilon Decay               : q0(WP1): 0.0800, q1(WP2): 0.0800, q2(Goal): 0.4447
Buffer Fractions            : q0(WP1): 84.40%, q1(WP2): 14.09%, q2(Goal): 1.51%
Hits (Cumulative)           : WP1: 4823, WP2: 1334, Goal: 3
----------------------------------------------------------------------------------------------------

----------------------------------------------------------------------------------------------------
[SHAPING | MULTI EPS] Episode 9700/10000
Avg Reward                  : 0.000000
Avg Total Reward            : 129.821620
Epsilon Decay               : q0(WP1): 0.0800, q1(WP2): 0.0800, q2(Goal): 0.4416
Buffer Fractions            : q0(WP1): 84.58%, q1(WP2): 13.87%, q2(Goal): 1.55%
Hits (Cumulative)           : WP1: 4853, WP2: 1341, Goal: 3
----------------------------------------------------------------------------------------------------

----------------------------------------------------------------------------------------------------
[SHAPING | MULTI EPS] Episode 9800/10000
Avg Reward                  : 0.000000
Avg Total Reward            : 175.172989
Epsilon Decay               : q0(WP1): 0.0800, q1(WP2): 0.0800, q2(Goal): 0.4389
Buffer Fractions            : q0(WP1): 84.10%, q1(WP2): 14.24%, q2(Goal): 1.66%
Hits (Cumulative)           : WP1: 4903, WP2: 1347, Goal: 3
----------------------------------------------------------------------------------------------------

----------------------------------------------------------------------------------------------------
[SHAPING | MULTI EPS] Episode 9900/10000
Avg Reward                  : 0.000000
Avg Total Reward            : 166.701695
Epsilon Decay               : q0(WP1): 0.0800, q1(WP2): 0.0800, q2(Goal): 0.4350
Buffer Fractions            : q0(WP1): 83.23%, q1(WP2): 14.96%, q2(Goal): 1.81%
Hits (Cumulative)           : WP1: 4961, WP2: 1356, Goal: 3
----------------------------------------------------------------------------------------------------

----------------------------------------------------------------------------------------------------
[SHAPING | MULTI EPS] Episode 10000/10000
Avg Reward                  : 0.000000
Avg Total Reward            : 179.860058
Epsilon Decay               : q0(WP1): 0.0800, q1(WP2): 0.0800, q2(Goal): 0.4320
Buffer Fractions            : q0(WP1): 81.81%, q1(WP2): 16.40%, q2(Goal): 1.79%
Hits (Cumulative)           : WP1: 5025, WP2: 1363, Goal: 3
----------------------------------------------------------------------------------------------------

