
=== NEW RUN ===
episodes=8000, shaping=True, K=1.0, goal_reward=10000.0, gamma=0.99
inter_level_shaping=False, inter_level_K=0.0
formula=F(wp1 & X(F(wp2 & X(F(goal)))))
waypoints={'wp1': (1, 8), 'wp2': (5, 6), 'goal': (8, 8)}
dfa_states=[1, 2, 3, 4], pre_trace=1, accepting=[4]

[Episode 1/8000 | last 1]
success rate                : 0.0% (cumulative 0.0%)
synthetic task reward       : 0.000
shaping reward              : -1562.075
learning reward             : -1562.075
episode length              : 103.0
abstract changes / episode  : 14.0
DFA transitions / episode   : 0.00
DFA transitions in window   : none
epsilon (next episode)       : 0.99960
replay buffer                : 103 samples [1: 100.0%, 2: 0.0%, 3: 0.0%, 4: 0.0%]
DFA state visits in window   : 1: 104, 2: 0, 3: 0, 4: 0
DFA state visits cumulative  : 1: 104, 2: 0, 3: 0, 4: 0
DFA state entries in window  : 1: 1, 2: 0, 3: 0, 4: 0
DFA state entries cumulative : 1: 1, 2: 0, 3: 0, 4: 0
transitions cumulative       : none
accepted directly from s0    : 0
Gym endings cumulative       : terminated=1, truncated=0
Best policy updated at episode 1: mean learning reward=-1562.075

[Episode 100/8000 | last 100]
success rate                : 0.0% (cumulative 0.0%)
synthetic task reward       : 0.000
shaping reward              : -1427.194
learning reward             : -1427.194
episode length              : 93.2
abstract changes / episode  : 12.8
DFA transitions / episode   : 0.03
DFA transitions in window   : 1->2: 3
epsilon (next episode)       : 0.96078
replay buffer                : 9320 samples [1: 99.2%, 2: 0.8%, 3: 0.0%, 4: 0.0%]
DFA state visits in window   : 1: 9341, 2: 79, 3: 0, 4: 0
DFA state visits cumulative  : 1: 9341, 2: 79, 3: 0, 4: 0
DFA state entries in window  : 1: 100, 2: 3, 3: 0, 4: 0
DFA state entries cumulative : 1: 100, 2: 3, 3: 0, 4: 0
transitions cumulative       : 1->2: 3
accepted directly from s0    : 0
Gym endings cumulative       : terminated=100, truncated=0
Best policy updated at episode 100: mean learning reward=-1427.194

[Episode 200/8000 | last 100]
success rate                : 0.0% (cumulative 0.0%)
synthetic task reward       : 0.000
shaping reward              : -1388.952
learning reward             : -1388.952
episode length              : 96.2
abstract changes / episode  : 12.6
DFA transitions / episode   : 0.07
DFA transitions in window   : 1->2: 7
epsilon (next episode)       : 0.92310
replay buffer                : 18938 samples [1: 98.8%, 2: 1.2%, 3: 0.0%, 4: 0.0%]
DFA state visits in window   : 1: 9559, 2: 159, 3: 0, 4: 0
DFA state visits cumulative  : 1: 18900, 2: 238, 3: 0, 4: 0
DFA state entries in window  : 1: 100, 2: 7, 3: 0, 4: 0
DFA state entries cumulative : 1: 200, 2: 10, 3: 0, 4: 0
transitions cumulative       : 1->2: 10
accepted directly from s0    : 0
Gym endings cumulative       : terminated=200, truncated=0
Best policy updated at episode 200: mean learning reward=-1388.952

[Episode 300/8000 | last 100]
success rate                : 0.0% (cumulative 0.0%)
synthetic task reward       : 0.000
shaping reward              : -1436.288
learning reward             : -1436.288
episode length              : 97.8
abstract changes / episode  : 12.8
DFA transitions / episode   : 0.02
DFA transitions in window   : 1->2: 2
epsilon (next episode)       : 0.88690
replay buffer                : 28716 samples [1: 99.1%, 2: 0.9%, 3: 0.0%, 4: 0.0%]
DFA state visits in window   : 1: 9837, 2: 41, 3: 0, 4: 0
DFA state visits cumulative  : 1: 28737, 2: 279, 3: 0, 4: 0
DFA state entries in window  : 1: 100, 2: 2, 3: 0, 4: 0
DFA state entries cumulative : 1: 300, 2: 12, 3: 0, 4: 0
transitions cumulative       : 1->2: 12
accepted directly from s0    : 0
Gym endings cumulative       : terminated=300, truncated=0

[Episode 400/8000 | last 100]
success rate                : 0.0% (cumulative 0.0%)
synthetic task reward       : 0.000
shaping reward              : -1455.304
learning reward             : -1455.304
episode length              : 106.4
abstract changes / episode  : 13.2
DFA transitions / episode   : 0.04
DFA transitions in window   : 1->2: 4
epsilon (next episode)       : 0.85212
replay buffer                : 39357 samples [1: 99.1%, 2: 0.9%, 3: 0.0%, 4: 0.0%]
DFA state visits in window   : 1: 10632, 2: 109, 3: 0, 4: 0
DFA state visits cumulative  : 1: 39369, 2: 388, 3: 0, 4: 0
DFA state entries in window  : 1: 100, 2: 4, 3: 0, 4: 0
DFA state entries cumulative : 1: 400, 2: 16, 3: 0, 4: 0
transitions cumulative       : 1->2: 16
accepted directly from s0    : 0
Gym endings cumulative       : terminated=400, truncated=0

[Episode 500/8000 | last 100]
success rate                : 0.0% (cumulative 0.0%)
synthetic task reward       : 0.000
shaping reward              : -1472.714
learning reward             : -1472.714
episode length              : 112.8
abstract changes / episode  : 13.3
DFA transitions / episode   : 0.01
DFA transitions in window   : 1->2: 1
epsilon (next episode)       : 0.81870
replay buffer                : 50642 samples [1: 99.2%, 2: 0.8%, 3: 0.0%, 4: 0.0%]
DFA state visits in window   : 1: 11357, 2: 28, 3: 0, 4: 0
DFA state visits cumulative  : 1: 50726, 2: 416, 3: 0, 4: 0
DFA state entries in window  : 1: 100, 2: 1, 3: 0, 4: 0
DFA state entries cumulative : 1: 500, 2: 17, 3: 0, 4: 0
transitions cumulative       : 1->2: 17
accepted directly from s0    : 0
Gym endings cumulative       : terminated=500, truncated=0

[Episode 600/8000 | last 100]
success rate                : 0.0% (cumulative 0.0%)
synthetic task reward       : 0.000
shaping reward              : -1506.407
learning reward             : -1506.407
episode length              : 114.2
abstract changes / episode  : 13.5
DFA transitions / episode   : 0.01
DFA transitions in window   : 1->2: 1
epsilon (next episode)       : 0.78659
replay buffer                : 62061 samples [1: 99.3%, 2: 0.7%, 3: 0.0%, 4: 0.0%]
DFA state visits in window   : 1: 11482, 2: 37, 3: 0, 4: 0
DFA state visits cumulative  : 1: 62208, 2: 453, 3: 0, 4: 0
DFA state entries in window  : 1: 100, 2: 1, 3: 0, 4: 0
DFA state entries cumulative : 1: 600, 2: 18, 3: 0, 4: 0
transitions cumulative       : 1->2: 18
accepted directly from s0    : 0
Gym endings cumulative       : terminated=600, truncated=0

[Episode 700/8000 | last 100]
success rate                : 0.0% (cumulative 0.0%)
synthetic task reward       : 0.000
shaping reward              : -1451.946
learning reward             : -1451.946
episode length              : 117.3
abstract changes / episode  : 13.1
DFA transitions / episode   : 0.02
DFA transitions in window   : 1->2: 2
epsilon (next episode)       : 0.75574
replay buffer                : 73790 samples [1: 99.4%, 2: 0.6%, 3: 0.0%, 4: 0.0%]
DFA state visits in window   : 1: 11785, 2: 44, 3: 0, 4: 0
DFA state visits cumulative  : 1: 73993, 2: 497, 3: 0, 4: 0
DFA state entries in window  : 1: 100, 2: 2, 3: 0, 4: 0
DFA state entries cumulative : 1: 700, 2: 20, 3: 0, 4: 0
transitions cumulative       : 1->2: 20
accepted directly from s0    : 0
Gym endings cumulative       : terminated=700, truncated=0

[Episode 800/8000 | last 100]
success rate                : 0.0% (cumulative 0.0%)
synthetic task reward       : 0.000
shaping reward              : -1351.232
learning reward             : -1351.232
episode length              : 125.6
abstract changes / episode  : 12.7
DFA transitions / episode   : 0.05
DFA transitions in window   : 1->2: 5
epsilon (next episode)       : 0.72610
replay buffer                : 86354 samples [1: 99.4%, 2: 0.6%, 3: 0.0%, 4: 0.0%]
DFA state visits in window   : 1: 12581, 2: 83, 3: 0, 4: 0
DFA state visits cumulative  : 1: 86574, 2: 580, 3: 0, 4: 0
DFA state entries in window  : 1: 100, 2: 5, 3: 0, 4: 0
DFA state entries cumulative : 1: 800, 2: 25, 3: 0, 4: 0
transitions cumulative       : 1->2: 25
accepted directly from s0    : 0
Gym endings cumulative       : terminated=800, truncated=0
Best policy updated at episode 800: mean learning reward=-1351.232

[Episode 900/8000 | last 100]
success rate                : 0.0% (cumulative 0.0%)
synthetic task reward       : 0.000
shaping reward              : -1366.445
learning reward             : -1366.445
episode length              : 122.5
abstract changes / episode  : 12.6
DFA transitions / episode   : 0.03
DFA transitions in window   : 1->2: 3
epsilon (next episode)       : 0.69763
replay buffer                : 98602 samples [1: 99.4%, 2: 0.6%, 3: 0.0%, 4: 0.0%]
DFA state visits in window   : 1: 12277, 2: 71, 3: 0, 4: 0
DFA state visits cumulative  : 1: 98851, 2: 651, 3: 0, 4: 0
DFA state entries in window  : 1: 100, 2: 3, 3: 0, 4: 0
DFA state entries cumulative : 1: 900, 2: 28, 3: 0, 4: 0
transitions cumulative       : 1->2: 28
accepted directly from s0    : 0
Gym endings cumulative       : terminated=900, truncated=0

[Episode 1000/8000 | last 100]
success rate                : 0.0% (cumulative 0.0%)
synthetic task reward       : 0.000
shaping reward              : -1328.773
learning reward             : -1328.773
episode length              : 133.9
abstract changes / episode  : 12.6
DFA transitions / episode   : 0.04
DFA transitions in window   : 1->2: 4
epsilon (next episode)       : 0.67027
replay buffer                : 111997 samples [1: 99.3%, 2: 0.7%, 3: 0.0%, 4: 0.0%]
DFA state visits in window   : 1: 13327, 2: 168, 3: 0, 4: 0
DFA state visits cumulative  : 1: 112178, 2: 819, 3: 0, 4: 0
DFA state entries in window  : 1: 100, 2: 4, 3: 0, 4: 0
DFA state entries cumulative : 1: 1000, 2: 32, 3: 0, 4: 0
transitions cumulative       : 1->2: 32
accepted directly from s0    : 0
Gym endings cumulative       : terminated=1000, truncated=0
Best policy updated at episode 1000: mean learning reward=-1328.773

[Episode 1100/8000 | last 100]
success rate                : 0.0% (cumulative 0.0%)
synthetic task reward       : 0.000
shaping reward              : -1379.085
learning reward             : -1379.085
episode length              : 143.2
abstract changes / episode  : 12.9
DFA transitions / episode   : 0.08
DFA transitions in window   : 1->2: 8
epsilon (next episode)       : 0.64398
replay buffer                : 126322 samples [1: 99.2%, 2: 0.8%, 3: 0.0%, 4: 0.0%]
DFA state visits in window   : 1: 14200, 2: 225, 3: 0, 4: 0
DFA state visits cumulative  : 1: 126378, 2: 1044, 3: 0, 4: 0
DFA state entries in window  : 1: 100, 2: 8, 3: 0, 4: 0
DFA state entries cumulative : 1: 1100, 2: 40, 3: 0, 4: 0
transitions cumulative       : 1->2: 40
accepted directly from s0    : 0
Gym endings cumulative       : terminated=1099, truncated=1

[Episode 1200/8000 | last 100]
success rate                : 0.0% (cumulative 0.0%)
synthetic task reward       : 0.000
shaping reward              : -1497.412
learning reward             : -1497.412
episode length              : 160.5
abstract changes / episode  : 13.8
DFA transitions / episode   : 0.03
DFA transitions in window   : 1->2: 3
epsilon (next episode)       : 0.61872
replay buffer                : 142368 samples [1: 99.2%, 2: 0.8%, 3: 0.0%, 4: 0.0%]
DFA state visits in window   : 1: 15945, 2: 201, 3: 0, 4: 0
DFA state visits cumulative  : 1: 142323, 2: 1245, 3: 0, 4: 0
DFA state entries in window  : 1: 100, 2: 3, 3: 0, 4: 0
DFA state entries cumulative : 1: 1200, 2: 43, 3: 0, 4: 0
transitions cumulative       : 1->2: 43
accepted directly from s0    : 0
Gym endings cumulative       : terminated=1199, truncated=1

[Episode 1300/8000 | last 100]
success rate                : 0.0% (cumulative 0.0%)
synthetic task reward       : 0.000
shaping reward              : -1522.434
learning reward             : -1522.434
episode length              : 169.7
abstract changes / episode  : 13.7
DFA transitions / episode   : 0.02
DFA transitions in window   : 1->2: 2
epsilon (next episode)       : 0.59446
replay buffer                : 159340 samples [1: 99.2%, 2: 0.8%, 3: 0.0%, 4: 0.0%]
DFA state visits in window   : 1: 16961, 2: 111, 3: 0, 4: 0
DFA state visits cumulative  : 1: 159284, 2: 1356, 3: 0, 4: 0
DFA state entries in window  : 1: 100, 2: 2, 3: 0, 4: 0
DFA state entries cumulative : 1: 1300, 2: 45, 3: 0, 4: 0
transitions cumulative       : 1->2: 45
accepted directly from s0    : 0
Gym endings cumulative       : terminated=1299, truncated=1

[Episode 1400/8000 | last 100]
success rate                : 0.0% (cumulative 0.0%)
synthetic task reward       : 0.000
shaping reward              : -1630.039
learning reward             : -1630.039
episode length              : 202.8
abstract changes / episode  : 14.7
DFA transitions / episode   : 0.04
DFA transitions in window   : 1->2: 4
epsilon (next episode)       : 0.57115
replay buffer                : 179621 samples [1: 99.1%, 2: 0.9%, 3: 0.0%, 4: 0.0%]
DFA state visits in window   : 1: 20044, 2: 337, 3: 0, 4: 0
DFA state visits cumulative  : 1: 179328, 2: 1693, 3: 0, 4: 0
DFA state entries in window  : 1: 100, 2: 4, 3: 0, 4: 0
DFA state entries cumulative : 1: 1400, 2: 49, 3: 0, 4: 0
transitions cumulative       : 1->2: 49
accepted directly from s0    : 0
Gym endings cumulative       : terminated=1399, truncated=1

[Episode 1500/8000 | last 100]
success rate                : 0.0% (cumulative 0.0%)
synthetic task reward       : 0.000
shaping reward              : -1606.584
learning reward             : -1606.584
episode length              : 183.5
abstract changes / episode  : 14.6
DFA transitions / episode   : 0.00
DFA transitions in window   : none
epsilon (next episode)       : 0.54875
replay buffer                : 197969 samples [1: 99.2%, 2: 0.8%, 3: 0.0%, 4: 0.0%]
DFA state visits in window   : 1: 18448, 2: 0, 3: 0, 4: 0
DFA state visits cumulative  : 1: 197776, 2: 1693, 3: 0, 4: 0
DFA state entries in window  : 1: 100, 2: 0, 3: 0, 4: 0
DFA state entries cumulative : 1: 1500, 2: 49, 3: 0, 4: 0
transitions cumulative       : 1->2: 49
accepted directly from s0    : 0
Gym endings cumulative       : terminated=1499, truncated=1

[Episode 1600/8000 | last 100]
success rate                : 0.0% (cumulative 0.0%)
synthetic task reward       : 0.000
shaping reward              : -1546.505
learning reward             : -1546.505
episode length              : 172.3
abstract changes / episode  : 14.0
DFA transitions / episode   : 0.00
DFA transitions in window   : none
epsilon (next episode)       : 0.52722
replay buffer                : 215200 samples [1: 99.2%, 2: 0.8%, 3: 0.0%, 4: 0.0%]
DFA state visits in window   : 1: 17331, 2: 0, 3: 0, 4: 0
DFA state visits cumulative  : 1: 215107, 2: 1693, 3: 0, 4: 0
DFA state entries in window  : 1: 100, 2: 0, 3: 0, 4: 0
DFA state entries cumulative : 1: 1600, 2: 49, 3: 0, 4: 0
transitions cumulative       : 1->2: 49
accepted directly from s0    : 0
Gym endings cumulative       : terminated=1598, truncated=2

[Episode 1700/8000 | last 100]
success rate                : 0.0% (cumulative 0.0%)
synthetic task reward       : 0.000
shaping reward              : -1549.195
learning reward             : -1549.195
episode length              : 155.4
abstract changes / episode  : 14.0
DFA transitions / episode   : 0.00
DFA transitions in window   : none
epsilon (next episode)       : 0.50655
replay buffer                : 230738 samples [1: 99.3%, 2: 0.7%, 3: 0.0%, 4: 0.0%]
DFA state visits in window   : 1: 15638, 2: 0, 3: 0, 4: 0
DFA state visits cumulative  : 1: 230745, 2: 1693, 3: 0, 4: 0
DFA state entries in window  : 1: 100, 2: 0, 3: 0, 4: 0
DFA state entries cumulative : 1: 1700, 2: 49, 3: 0, 4: 0
transitions cumulative       : 1->2: 49
accepted directly from s0    : 0
Gym endings cumulative       : terminated=1697, truncated=3

[Episode 1800/8000 | last 100]
success rate                : 0.0% (cumulative 0.0%)
synthetic task reward       : 0.000
shaping reward              : -1562.281
learning reward             : -1562.281
episode length              : 174.8
abstract changes / episode  : 14.2
DFA transitions / episode   : 0.00
DFA transitions in window   : none
epsilon (next episode)       : 0.48668
replay buffer                : 248219 samples [1: 99.3%, 2: 0.7%, 3: 0.0%, 4: 0.0%]
DFA state visits in window   : 1: 17581, 2: 0, 3: 0, 4: 0
DFA state visits cumulative  : 1: 248326, 2: 1693, 3: 0, 4: 0
DFA state entries in window  : 1: 100, 2: 0, 3: 0, 4: 0
DFA state entries cumulative : 1: 1800, 2: 49, 3: 0, 4: 0
transitions cumulative       : 1->2: 49
accepted directly from s0    : 0
Gym endings cumulative       : terminated=1795, truncated=5

[Episode 1900/8000 | last 100]
success rate                : 0.0% (cumulative 0.0%)
synthetic task reward       : 0.000
shaping reward              : -1441.714
learning reward             : -1441.714
episode length              : 204.3
abstract changes / episode  : 12.8
DFA transitions / episode   : 0.00
DFA transitions in window   : none
epsilon (next episode)       : 0.46760
replay buffer                : 268648 samples [1: 99.4%, 2: 0.6%, 3: 0.0%, 4: 0.0%]
DFA state visits in window   : 1: 20529, 2: 0, 3: 0, 4: 0
DFA state visits cumulative  : 1: 268855, 2: 1693, 3: 0, 4: 0
DFA state entries in window  : 1: 100, 2: 0, 3: 0, 4: 0
DFA state entries cumulative : 1: 1900, 2: 49, 3: 0, 4: 0
transitions cumulative       : 1->2: 49
accepted directly from s0    : 0
Gym endings cumulative       : terminated=1887, truncated=13

[Episode 2000/8000 | last 100]
success rate                : 0.0% (cumulative 0.0%)
synthetic task reward       : 0.000
shaping reward              : -1569.971
learning reward             : -1569.971
episode length              : 409.2
abstract changes / episode  : 15.0
DFA transitions / episode   : 0.01
DFA transitions in window   : 1->2: 1
epsilon (next episode)       : 0.44926
replay buffer                : 300000 samples [1: 99.4%, 2: 0.6%, 3: 0.0%, 4: 0.0%]
DFA state visits in window   : 1: 40673, 2: 349, 3: 0, 4: 0
DFA state visits cumulative  : 1: 309528, 2: 2042, 3: 0, 4: 0
DFA state entries in window  : 1: 100, 2: 1, 3: 0, 4: 0
DFA state entries cumulative : 1: 2000, 2: 50, 3: 0, 4: 0
transitions cumulative       : 1->2: 50
accepted directly from s0    : 0
Gym endings cumulative       : terminated=1972, truncated=28

[Episode 2100/8000 | last 100]
success rate                : 0.0% (cumulative 0.0%)
synthetic task reward       : 0.000
shaping reward              : -1539.267
learning reward             : -1539.267
episode length              : 458.1
abstract changes / episode  : 16.3
DFA transitions / episode   : 0.08
DFA transitions in window   : 1->2: 8
epsilon (next episode)       : 0.43164
replay buffer                : 300000 samples [1: 99.3%, 2: 0.7%, 3: 0.0%, 4: 0.0%]
DFA state visits in window   : 1: 45515, 2: 398, 3: 0, 4: 0
DFA state visits cumulative  : 1: 355043, 2: 2440, 3: 0, 4: 0
DFA state entries in window  : 1: 100, 2: 8, 3: 0, 4: 0
DFA state entries cumulative : 1: 2100, 2: 58, 3: 0, 4: 0
transitions cumulative       : 1->2: 58
accepted directly from s0    : 0
Gym endings cumulative       : terminated=2053, truncated=47

[Episode 2200/8000 | last 100]
success rate                : 0.0% (cumulative 0.0%)
synthetic task reward       : 0.000
shaping reward              : -1443.572
learning reward             : -1443.572
episode length              : 350.7
abstract changes / episode  : 15.6
DFA transitions / episode   : 0.14
DFA transitions in window   : 1->2: 14
epsilon (next episode)       : 0.41471
replay buffer                : 300000 samples [1: 99.1%, 2: 0.9%, 3: 0.0%, 4: 0.0%]
DFA state visits in window   : 1: 34152, 2: 1018, 3: 0, 4: 0
DFA state visits cumulative  : 1: 389195, 2: 3458, 3: 0, 4: 0
DFA state entries in window  : 1: 100, 2: 14, 3: 0, 4: 0
DFA state entries cumulative : 1: 2200, 2: 72, 3: 0, 4: 0
transitions cumulative       : 1->2: 72
accepted directly from s0    : 0
Gym endings cumulative       : terminated=2145, truncated=55

[Episode 2300/8000 | last 100]
success rate                : 0.0% (cumulative 0.0%)
synthetic task reward       : 0.000
shaping reward              : -1348.499
learning reward             : -1348.499
episode length              : 336.8
abstract changes / episode  : 14.9
DFA transitions / episode   : 0.16
DFA transitions in window   : 1->2: 16
epsilon (next episode)       : 0.39845
replay buffer                : 300000 samples [1: 99.0%, 2: 1.0%, 3: 0.0%, 4: 0.0%]
DFA state visits in window   : 1: 33152, 2: 624, 3: 0, 4: 0
DFA state visits cumulative  : 1: 422347, 2: 4082, 3: 0, 4: 0
DFA state entries in window  : 1: 100, 2: 16, 3: 0, 4: 0
DFA state entries cumulative : 1: 2300, 2: 88, 3: 0, 4: 0
transitions cumulative       : 1->2: 88
accepted directly from s0    : 0
Gym endings cumulative       : terminated=2239, truncated=61

[Episode 2400/8000 | last 100]
success rate                : 0.0% (cumulative 0.0%)
synthetic task reward       : 0.000
shaping reward              : -1945.044
learning reward             : -1945.044
episode length              : 523.8
abstract changes / episode  : 21.3
DFA transitions / episode   : 0.19
DFA transitions in window   : 1->2: 19
epsilon (next episode)       : 0.38282
replay buffer                : 300000 samples [1: 98.7%, 2: 1.3%, 3: 0.0%, 4: 0.0%]
DFA state visits in window   : 1: 50941, 2: 1539, 3: 0, 4: 0
DFA state visits cumulative  : 1: 473288, 2: 5621, 3: 0, 4: 0
DFA state entries in window  : 1: 100, 2: 19, 3: 0, 4: 0
DFA state entries cumulative : 1: 2400, 2: 107, 3: 0, 4: 0
transitions cumulative       : 1->2: 107
accepted directly from s0    : 0
Gym endings cumulative       : terminated=2323, truncated=77

[Episode 2500/8000 | last 100]
success rate                : 0.0% (cumulative 0.0%)
synthetic task reward       : 0.000
shaping reward              : -1886.886
learning reward             : -1886.886
episode length              : 557.6
abstract changes / episode  : 20.6
DFA transitions / episode   : 0.17
DFA transitions in window   : 1->2: 17
epsilon (next episode)       : 0.36781
replay buffer                : 300000 samples [1: 98.2%, 2: 1.8%, 3: 0.0%, 4: 0.0%]
DFA state visits in window   : 1: 54374, 2: 1487, 3: 0, 4: 0
DFA state visits cumulative  : 1: 527662, 2: 7108, 3: 0, 4: 0
DFA state entries in window  : 1: 100, 2: 17, 3: 0, 4: 0
DFA state entries cumulative : 1: 2500, 2: 124, 3: 0, 4: 0
transitions cumulative       : 1->2: 124
accepted directly from s0    : 0
Gym endings cumulative       : terminated=2401, truncated=99

[Episode 2600/8000 | last 100]
success rate                : 1.0% (cumulative 0.0%)
synthetic task reward       : 100.000
shaping reward              : -1592.518
learning reward             : -1492.518
episode length              : 482.5
abstract changes / episode  : 18.0
DFA transitions / episode   : 0.21
DFA transitions in window   : 1->2: 18, 2->3: 2, 3->4: 1
epsilon (next episode)       : 0.35338
replay buffer                : 300000 samples [1: 97.5%, 2: 2.3%, 3: 0.2%, 4: 0.0%]
DFA state visits in window   : 1: 46233, 2: 1659, 3: 453, 4: 1
DFA state visits cumulative  : 1: 573895, 2: 8767, 3: 453, 4: 1
DFA state entries in window  : 1: 100, 2: 18, 3: 2, 4: 1
DFA state entries cumulative : 1: 2600, 2: 142, 3: 2, 4: 1
transitions cumulative       : 1->2: 142, 2->3: 2, 3->4: 1
accepted directly from s0    : 0
Gym endings cumulative       : terminated=2487, truncated=112

[Episode 2700/8000 | last 100]
success rate                : 0.0% (cumulative 0.0%)
synthetic task reward       : 0.000
shaping reward              : -1459.993
learning reward             : -1459.993
episode length              : 531.7
abstract changes / episode  : 16.8
DFA transitions / episode   : 0.13
DFA transitions in window   : 1->2: 13
epsilon (next episode)       : 0.33952
replay buffer                : 300000 samples [1: 97.4%, 2: 2.4%, 3: 0.2%, 4: 0.0%]
DFA state visits in window   : 1: 52344, 2: 925, 3: 0, 4: 0
DFA state visits cumulative  : 1: 626239, 2: 9692, 3: 453, 4: 1
DFA state entries in window  : 1: 100, 2: 13, 3: 0, 4: 0
DFA state entries cumulative : 1: 2700, 2: 155, 3: 2, 4: 1
transitions cumulative       : 1->2: 155, 2->3: 2, 3->4: 1
accepted directly from s0    : 0
Gym endings cumulative       : terminated=2572, truncated=127

[Episode 2800/8000 | last 100]
success rate                : 0.0% (cumulative 0.0%)
synthetic task reward       : 0.000
shaping reward              : -1441.959
learning reward             : -1441.959
episode length              : 578.0
abstract changes / episode  : 16.7
DFA transitions / episode   : 0.16
DFA transitions in window   : 1->2: 15, 2->3: 1
epsilon (next episode)       : 0.32621
replay buffer                : 300000 samples [1: 97.5%, 2: 2.4%, 3: 0.2%, 4: 0.0%]
DFA state visits in window   : 1: 56887, 2: 970, 3: 48, 4: 0
DFA state visits cumulative  : 1: 683126, 2: 10662, 3: 501, 4: 1
DFA state entries in window  : 1: 100, 2: 15, 3: 1, 4: 0
DFA state entries cumulative : 1: 2800, 2: 170, 3: 3, 4: 1
transitions cumulative       : 1->2: 170, 2->3: 3, 3->4: 1
accepted directly from s0    : 0
Gym endings cumulative       : terminated=2649, truncated=151

[Episode 2900/8000 | last 100]
success rate                : 2.0% (cumulative 0.1%)
synthetic task reward       : 200.000
shaping reward              : -1298.796
learning reward             : -1098.796
episode length              : 610.1
abstract changes / episode  : 15.9
DFA transitions / episode   : 0.22
DFA transitions in window   : 1->2: 16, 2->3: 4, 3->4: 2
epsilon (next episode)       : 0.31341
replay buffer                : 300000 samples [1: 96.8%, 2: 2.9%, 3: 0.3%, 4: 0.0%]
DFA state visits in window   : 1: 57641, 2: 3032, 3: 438, 4: 2
DFA state visits cumulative  : 1: 740767, 2: 13694, 3: 939, 4: 3
DFA state entries in window  : 1: 100, 2: 16, 3: 4, 4: 2
DFA state entries cumulative : 1: 2900, 2: 186, 3: 7, 4: 3
transitions cumulative       : 1->2: 186, 2->3: 7, 3->4: 3
accepted directly from s0    : 0
Gym endings cumulative       : terminated=2717, truncated=181
Best policy updated at episode 2900: mean learning reward=-1098.796

[Episode 3000/8000 | last 100]
success rate                : 0.0% (cumulative 0.1%)
synthetic task reward       : 0.000
shaping reward              : -1513.841
learning reward             : -1513.841
episode length              : 655.4
abstract changes / episode  : 17.2
DFA transitions / episode   : 0.14
DFA transitions in window   : 1->2: 11, 2->3: 3
epsilon (next episode)       : 0.30112
replay buffer                : 300000 samples [1: 96.2%, 2: 3.3%, 3: 0.4%, 4: 0.0%]
DFA state visits in window   : 1: 62100, 2: 3145, 3: 395, 4: 0
DFA state visits cumulative  : 1: 802867, 2: 16839, 3: 1334, 4: 3
DFA state entries in window  : 1: 100, 2: 11, 3: 3, 4: 0
DFA state entries cumulative : 1: 3000, 2: 197, 3: 10, 4: 3
transitions cumulative       : 1->2: 197, 2->3: 10, 3->4: 3
accepted directly from s0    : 0
Gym endings cumulative       : terminated=2784, truncated=214

[Episode 3100/8000 | last 100]
success rate                : 4.0% (cumulative 0.2%)
synthetic task reward       : 400.000
shaping reward              : -1771.361
learning reward             : -1371.361
episode length              : 526.2
abstract changes / episode  : 20.2
DFA transitions / episode   : 0.33
DFA transitions in window   : 1->2: 21, 2->3: 8, 3->4: 4
epsilon (next episode)       : 0.28931
replay buffer                : 300000 samples [1: 95.7%, 2: 3.8%, 3: 0.6%, 4: 0.0%]
DFA state visits in window   : 1: 48852, 2: 3121, 3: 744, 4: 4
DFA state visits cumulative  : 1: 851719, 2: 19960, 3: 2078, 4: 7
DFA state entries in window  : 1: 100, 2: 21, 3: 8, 4: 4
DFA state entries cumulative : 1: 3100, 2: 218, 3: 18, 4: 7
transitions cumulative       : 1->2: 218, 2->3: 18, 3->4: 7
accepted directly from s0    : 0
Gym endings cumulative       : terminated=2868, truncated=226

[Episode 3200/8000 | last 100]
success rate                : 2.0% (cumulative 0.3%)
synthetic task reward       : 200.000
shaping reward              : -2003.190
learning reward             : -1803.190
episode length              : 411.4
abstract changes / episode  : 21.4
DFA transitions / episode   : 0.21
DFA transitions in window   : 1->2: 12, 2->3: 7, 3->4: 2
epsilon (next episode)       : 0.27797
replay buffer                : 300000 samples [1: 94.4%, 2: 4.7%, 3: 0.9%, 4: 0.0%]
DFA state visits in window   : 1: 36582, 2: 3569, 3: 1092, 4: 2
DFA state visits cumulative  : 1: 888301, 2: 23529, 3: 3170, 4: 9
DFA state entries in window  : 1: 100, 2: 12, 3: 7, 4: 2
DFA state entries cumulative : 1: 3200, 2: 230, 3: 25, 4: 9
transitions cumulative       : 1->2: 230, 2->3: 25, 3->4: 9
accepted directly from s0    : 0
Gym endings cumulative       : terminated=2953, truncated=239

[Episode 3300/8000 | last 100]
success rate                : 1.0% (cumulative 0.3%)
synthetic task reward       : 100.000
shaping reward              : -1678.863
learning reward             : -1578.863
episode length              : 477.8
abstract changes / episode  : 17.4
DFA transitions / episode   : 0.12
DFA transitions in window   : 1->2: 9, 2->3: 2, 3->4: 1
epsilon (next episode)       : 0.26706
replay buffer                : 300000 samples [1: 93.6%, 2: 5.5%, 3: 0.9%, 4: 0.0%]
DFA state visits in window   : 1: 44533, 2: 3250, 3: 98, 4: 1
DFA state visits cumulative  : 1: 932834, 2: 26779, 3: 3268, 4: 10
DFA state entries in window  : 1: 100, 2: 9, 3: 2, 4: 1
DFA state entries cumulative : 1: 3300, 2: 239, 3: 27, 4: 10
transitions cumulative       : 1->2: 239, 2->3: 27, 3->4: 10
accepted directly from s0    : 0
Gym endings cumulative       : terminated=3043, truncated=249

[Episode 3400/8000 | last 100]
success rate                : 10.0% (cumulative 0.6%)
synthetic task reward       : 1000.000
shaping reward              : -2078.592
learning reward             : -1078.592
episode length              : 701.4
abstract changes / episode  : 26.1
DFA transitions / episode   : 0.80
DFA transitions in window   : 1->2: 47, 2->3: 23, 3->4: 10
epsilon (next episode)       : 0.25659
replay buffer                : 300000 samples [1: 90.6%, 2: 7.9%, 3: 1.5%, 4: 0.0%]
DFA state visits in window   : 1: 59132, 2: 9133, 3: 1962, 4: 10
DFA state visits cumulative  : 1: 991966, 2: 35912, 3: 5230, 4: 20
DFA state entries in window  : 1: 100, 2: 47, 3: 23, 4: 10
DFA state entries cumulative : 1: 3400, 2: 286, 3: 50, 4: 20
transitions cumulative       : 1->2: 286, 2->3: 50, 3->4: 20
accepted directly from s0    : 0
Gym endings cumulative       : terminated=3099, truncated=283
Best policy updated at episode 3400: mean learning reward=-1078.592

[Episode 3500/8000 | last 100]
success rate                : 10.0% (cumulative 0.9%)
synthetic task reward       : 1000.000
shaping reward              : -1794.423
learning reward             : -794.423
episode length              : 563.9
abstract changes / episode  : 22.9
DFA transitions / episode   : 0.83
DFA transitions in window   : 1->2: 47, 2->3: 26, 3->4: 10
epsilon (next episode)       : 0.24653
replay buffer                : 300000 samples [1: 87.6%, 2: 9.9%, 3: 2.6%, 4: 0.0%]
DFA state visits in window   : 1: 44128, 2: 8791, 3: 3557, 4: 10
DFA state visits cumulative  : 1: 1036094, 2: 44703, 3: 8787, 4: 30
DFA state entries in window  : 1: 100, 2: 47, 3: 26, 4: 10
DFA state entries cumulative : 1: 3500, 2: 333, 3: 76, 4: 30
transitions cumulative       : 1->2: 333, 2->3: 76, 3->4: 30
accepted directly from s0    : 0
Gym endings cumulative       : terminated=3166, truncated=306
Best policy updated at episode 3500: mean learning reward=-794.423

[Episode 3600/8000 | last 100]
success rate                : 15.0% (cumulative 1.2%)
synthetic task reward       : 1500.000
shaping reward              : -2073.988
learning reward             : -573.988
episode length              : 545.0
abstract changes / episode  : 26.8
DFA transitions / episode   : 1.15
DFA transitions in window   : 1->2: 65, 2->3: 35, 3->4: 15
epsilon (next episode)       : 0.23686
replay buffer                : 300000 samples [1: 83.1%, 2: 12.7%, 3: 4.2%, 4: 0.0%]
DFA state visits in window   : 1: 38132, 2: 10801, 3: 5656, 4: 15
DFA state visits cumulative  : 1: 1074226, 2: 55504, 3: 14443, 4: 45
DFA state entries in window  : 1: 100, 2: 65, 3: 35, 4: 15
DFA state entries cumulative : 1: 3600, 2: 398, 3: 111, 4: 45
transitions cumulative       : 1->2: 398, 2->3: 111, 3->4: 45
accepted directly from s0    : 0
Gym endings cumulative       : terminated=3242, truncated=315
Best policy updated at episode 3600: mean learning reward=-573.988

[Episode 3700/8000 | last 100]
success rate                : 37.0% (cumulative 2.2%)
synthetic task reward       : 3700.000
shaping reward              : -1617.583
learning reward             : 2082.417
episode length              : 430.0
abstract changes / episode  : 23.1
DFA transitions / episode   : 1.61
DFA transitions in window   : 1->2: 76, 2->3: 48, 3->4: 37
epsilon (next episode)       : 0.22757
replay buffer                : 300000 samples [1: 78.4%, 2: 14.9%, 3: 6.6%, 4: 0.0%]
DFA state visits in window   : 1: 24584, 2: 10778, 3: 7701, 4: 37
DFA state visits cumulative  : 1: 1098810, 2: 66282, 3: 22144, 4: 82
DFA state entries in window  : 1: 100, 2: 76, 3: 48, 4: 37
DFA state entries cumulative : 1: 3700, 2: 474, 3: 159, 4: 82
transitions cumulative       : 1->2: 474, 2->3: 159, 3->4: 82
accepted directly from s0    : 0
Gym endings cumulative       : terminated=3300, truncated=320
Best policy updated at episode 3700: mean learning reward=2082.417

[Episode 3800/8000 | last 100]
success rate                : 40.0% (cumulative 3.2%)
synthetic task reward       : 4000.000
shaping reward              : -2055.747
learning reward             : 1944.253
episode length              : 511.5
abstract changes / episode  : 28.4
DFA transitions / episode   : 1.70
DFA transitions in window   : 1->2: 79, 2->3: 51, 3->4: 40
epsilon (next episode)       : 0.21865
replay buffer                : 300000 samples [1: 73.7%, 2: 17.9%, 3: 8.4%, 4: 0.0%]
DFA state visits in window   : 1: 32111, 2: 12759, 3: 6341, 4: 40
DFA state visits cumulative  : 1: 1130921, 2: 79041, 3: 28485, 4: 122
DFA state entries in window  : 1: 100, 2: 79, 3: 51, 4: 40
DFA state entries cumulative : 1: 3800, 2: 553, 3: 210, 4: 122
transitions cumulative       : 1->2: 553, 2->3: 210, 3->4: 122
accepted directly from s0    : 0
Gym endings cumulative       : terminated=3345, truncated=335

[Episode 3900/8000 | last 100]
success rate                : 42.0% (cumulative 4.2%)
synthetic task reward       : 4200.000
shaping reward              : -2255.846
learning reward             : 1944.154
episode length              : 459.5
abstract changes / episode  : 30.9
DFA transitions / episode   : 1.82
DFA transitions in window   : 1->2: 82, 2->3: 58, 3->4: 42
epsilon (next episode)       : 0.21007
replay buffer                : 300000 samples [1: 67.5%, 2: 21.8%, 3: 10.6%, 4: 0.0%]
DFA state visits in window   : 1: 25195, 2: 14017, 3: 6796, 4: 42
DFA state visits cumulative  : 1: 1156116, 2: 93058, 3: 35281, 4: 164
DFA state entries in window  : 1: 100, 2: 82, 3: 58, 4: 42
DFA state entries cumulative : 1: 3900, 2: 635, 3: 268, 4: 164
transitions cumulative       : 1->2: 635, 2->3: 268, 3->4: 164
accepted directly from s0    : 0
Gym endings cumulative       : terminated=3394, truncated=344

[Episode 4000/8000 | last 100]
success rate                : 44.0% (cumulative 5.2%)
synthetic task reward       : 4400.000
shaping reward              : -2235.487
learning reward             : 2164.513
episode length              : 433.7
abstract changes / episode  : 30.2
DFA transitions / episode   : 1.76
DFA transitions in window   : 1->2: 82, 2->3: 50, 3->4: 44
epsilon (next episode)       : 0.20183
replay buffer                : 300000 samples [1: 64.0%, 2: 24.2%, 3: 11.8%, 4: 0.0%]
DFA state visits in window   : 1: 24347, 2: 13992, 3: 5085, 4: 44
DFA state visits cumulative  : 1: 1180463, 2: 107050, 3: 40366, 4: 208
DFA state entries in window  : 1: 100, 2: 82, 3: 50, 4: 44
DFA state entries cumulative : 1: 4000, 2: 717, 3: 318, 4: 208
transitions cumulative       : 1->2: 717, 2->3: 318, 3->4: 208
accepted directly from s0    : 0
Gym endings cumulative       : terminated=3446, truncated=348
Best policy updated at episode 4000: mean learning reward=2164.513

[Episode 4100/8000 | last 100]
success rate                : 64.0% (cumulative 6.6%)
synthetic task reward       : 6400.000
shaping reward              : -1797.840
learning reward             : 4602.160
episode length              : 384.6
abstract changes / episode  : 27.8
DFA transitions / episode   : 2.24
DFA transitions in window   : 1->2: 88, 2->3: 72, 3->4: 64
epsilon (next episode)       : 0.19392
replay buffer                : 300000 samples [1: 60.6%, 2: 26.2%, 3: 13.3%, 4: 0.0%]
DFA state visits in window   : 1: 18999, 2: 12649, 3: 6846, 4: 64
DFA state visits cumulative  : 1: 1199462, 2: 119699, 3: 47212, 4: 272
DFA state entries in window  : 1: 100, 2: 88, 3: 72, 4: 64
DFA state entries cumulative : 1: 4100, 2: 805, 3: 390, 4: 272
transitions cumulative       : 1->2: 805, 2->3: 390, 3->4: 272
accepted directly from s0    : 0
Gym endings cumulative       : terminated=3480, truncated=350
Best policy updated at episode 4100: mean learning reward=4602.160

[Episode 4200/8000 | last 100]
success rate                : 69.0% (cumulative 8.1%)
synthetic task reward       : 6900.000
shaping reward              : -2328.420
learning reward             : 4571.580
episode length              : 455.0
abstract changes / episode  : 33.9
DFA transitions / episode   : 2.37
DFA transitions in window   : 1->2: 94, 2->3: 74, 3->4: 69
epsilon (next episode)       : 0.18631
replay buffer                : 300000 samples [1: 55.6%, 2: 29.7%, 3: 14.7%, 4: 0.0%]
DFA state visits in window   : 1: 20322, 2: 17981, 3: 7225, 4: 69
DFA state visits cumulative  : 1: 1219784, 2: 137680, 3: 54437, 4: 341
DFA state entries in window  : 1: 100, 2: 94, 3: 74, 4: 69
DFA state entries cumulative : 1: 4200, 2: 899, 3: 464, 4: 341
transitions cumulative       : 1->2: 899, 2->3: 464, 3->4: 341
accepted directly from s0    : 0
Gym endings cumulative       : terminated=3508, truncated=353

[Episode 4300/8000 | last 100]
success rate                : 73.0% (cumulative 9.6%)
synthetic task reward       : 7300.000
shaping reward              : -1854.338
learning reward             : 5445.662
episode length              : 400.8
abstract changes / episode  : 29.2
DFA transitions / episode   : 2.49
DFA transitions in window   : 1->2: 96, 2->3: 80, 3->4: 73
epsilon (next episode)       : 0.17900
replay buffer                : 300000 samples [1: 52.4%, 2: 32.1%, 3: 15.5%, 4: 0.0%]
DFA state visits in window   : 1: 16675, 2: 16171, 3: 7261, 4: 73
DFA state visits cumulative  : 1: 1236459, 2: 153851, 3: 61698, 4: 414
DFA state entries in window  : 1: 100, 2: 96, 3: 80, 4: 73
DFA state entries cumulative : 1: 4300, 2: 995, 3: 544, 4: 414
transitions cumulative       : 1->2: 995, 2->3: 544, 3->4: 414
accepted directly from s0    : 0
Gym endings cumulative       : terminated=3531, truncated=357
Best policy updated at episode 4300: mean learning reward=5445.662

[Episode 4400/8000 | last 100]
success rate                : 66.0% (cumulative 10.9%)
synthetic task reward       : 6600.000
shaping reward              : -1750.297
learning reward             : 4849.703
episode length              : 370.3
abstract changes / episode  : 27.4
DFA transitions / episode   : 2.28
DFA transitions in window   : 1->2: 90, 2->3: 72, 3->4: 66
epsilon (next episode)       : 0.17198
replay buffer                : 300000 samples [1: 51.1%, 2: 34.0%, 3: 14.9%, 4: 0.0%]
DFA state visits in window   : 1: 16661, 2: 15109, 3: 5293, 4: 66
DFA state visits cumulative  : 1: 1253120, 2: 168960, 3: 66991, 4: 480
DFA state entries in window  : 1: 100, 2: 90, 3: 72, 4: 66
DFA state entries cumulative : 1: 4400, 2: 1085, 3: 616, 4: 480
transitions cumulative       : 1->2: 1085, 2->3: 616, 3->4: 480
accepted directly from s0    : 0
Gym endings cumulative       : terminated=3565, truncated=357

[Episode 4500/8000 | last 100]
success rate                : 61.0% (cumulative 12.0%)
synthetic task reward       : 6100.000
shaping reward              : -1674.074
learning reward             : 4425.926
episode length              : 375.4
abstract changes / episode  : 26.0
DFA transitions / episode   : 2.15
DFA transitions in window   : 1->2: 81, 2->3: 73, 3->4: 61
epsilon (next episode)       : 0.16524
replay buffer                : 300000 samples [1: 49.3%, 2: 34.8%, 3: 15.9%, 4: 0.0%]
DFA state visits in window   : 1: 18776, 2: 10928, 3: 7880, 4: 61
DFA state visits cumulative  : 1: 1271896, 2: 179888, 3: 74871, 4: 541
DFA state entries in window  : 1: 100, 2: 81, 3: 73, 4: 61
DFA state entries cumulative : 1: 4500, 2: 1166, 3: 689, 4: 541
transitions cumulative       : 1->2: 1166, 2->3: 689, 3->4: 541
accepted directly from s0    : 0
Gym endings cumulative       : terminated=3602, truncated=359

[Episode 4600/8000 | last 100]
success rate                : 74.0% (cumulative 13.4%)
synthetic task reward       : 7400.000
shaping reward              : -1550.613
learning reward             : 5849.387
episode length              : 374.0
abstract changes / episode  : 25.6
DFA transitions / episode   : 2.34
DFA transitions in window   : 1->2: 84, 2->3: 76, 3->4: 74
epsilon (next episode)       : 0.15876
replay buffer                : 300000 samples [1: 48.9%, 2: 34.8%, 3: 16.3%, 4: 0.0%]
DFA state visits in window   : 1: 20437, 2: 10828, 3: 6159, 4: 74
DFA state visits cumulative  : 1: 1292333, 2: 190716, 3: 81030, 4: 615
DFA state entries in window  : 1: 100, 2: 84, 3: 76, 4: 74
DFA state entries cumulative : 1: 4600, 2: 1250, 3: 765, 4: 615
transitions cumulative       : 1->2: 1250, 2->3: 765, 3->4: 615
accepted directly from s0    : 0
Gym endings cumulative       : terminated=3627, truncated=360
Best policy updated at episode 4600: mean learning reward=5849.387

[Episode 4700/8000 | last 100]
success rate                : 65.0% (cumulative 14.5%)
synthetic task reward       : 6500.000
shaping reward              : -1695.219
learning reward             : 4804.781
episode length              : 418.3
abstract changes / episode  : 27.0
DFA transitions / episode   : 2.27
DFA transitions in window   : 1->2: 85, 2->3: 77, 3->4: 65
epsilon (next episode)       : 0.15253
replay buffer                : 300000 samples [1: 49.2%, 2: 34.2%, 3: 16.6%, 4: 0.0%]
DFA state visits in window   : 1: 23931, 2: 11892, 3: 6046, 4: 65
DFA state visits cumulative  : 1: 1316264, 2: 202608, 3: 87076, 4: 680
DFA state entries in window  : 1: 100, 2: 85, 3: 77, 4: 65
DFA state entries cumulative : 1: 4700, 2: 1335, 3: 842, 4: 680
transitions cumulative       : 1->2: 1335, 2->3: 842, 3->4: 680
accepted directly from s0    : 0
Gym endings cumulative       : terminated=3658, truncated=364

[Episode 4800/8000 | last 100]
success rate                : 73.0% (cumulative 15.7%)
synthetic task reward       : 7300.000
shaping reward              : -1615.571
learning reward             : 5684.429
episode length              : 444.4
abstract changes / episode  : 26.7
DFA transitions / episode   : 2.41
DFA transitions in window   : 1->2: 86, 2->3: 82, 3->4: 73
epsilon (next episode)       : 0.14655
replay buffer                : 300000 samples [1: 50.7%, 2: 33.1%, 3: 16.2%, 4: 0.0%]
DFA state visits in window   : 1: 27244, 2: 11126, 3: 6092, 4: 73
DFA state visits cumulative  : 1: 1343508, 2: 213734, 3: 93168, 4: 753
DFA state entries in window  : 1: 100, 2: 86, 3: 82, 4: 73
DFA state entries cumulative : 1: 4800, 2: 1421, 3: 924, 4: 753
transitions cumulative       : 1->2: 1421, 2->3: 924, 3->4: 753
accepted directly from s0    : 0
Gym endings cumulative       : terminated=3677, truncated=372

[Episode 4900/8000 | last 100]
success rate                : 64.0% (cumulative 16.7%)
synthetic task reward       : 6400.000
shaping reward              : -1580.437
learning reward             : 4819.563
episode length              : 370.9
abstract changes / episode  : 24.6
DFA transitions / episode   : 2.00
DFA transitions in window   : 1->2: 71, 2->3: 65, 3->4: 64
epsilon (next episode)       : 0.14080
replay buffer                : 300000 samples [1: 53.2%, 2: 31.2%, 3: 15.6%, 4: 0.0%]
DFA state visits in window   : 1: 24358, 2: 9126, 3: 3643, 4: 64
DFA state visits cumulative  : 1: 1367866, 2: 222860, 3: 96811, 4: 817
DFA state entries in window  : 1: 100, 2: 71, 3: 65, 4: 64
DFA state entries cumulative : 1: 4900, 2: 1492, 3: 989, 4: 817
transitions cumulative       : 1->2: 1492, 2->3: 989, 3->4: 817
accepted directly from s0    : 0
Gym endings cumulative       : terminated=3713, truncated=372

[Episode 5000/8000 | last 100]
success rate                : 65.0% (cumulative 17.6%)
synthetic task reward       : 6500.000
shaping reward              : -1287.917
learning reward             : 5212.083
episode length              : 334.0
abstract changes / episode  : 21.7
DFA transitions / episode   : 2.15
DFA transitions in window   : 1->2: 77, 2->3: 73, 3->4: 65
epsilon (next episode)       : 0.13528
replay buffer                : 300000 samples [1: 55.3%, 2: 29.6%, 3: 15.1%, 4: 0.0%]
DFA state visits in window   : 1: 22030, 2: 7186, 3: 4219, 4: 65
DFA state visits cumulative  : 1: 1389896, 2: 230046, 3: 101030, 4: 882
DFA state entries in window  : 1: 100, 2: 77, 3: 73, 4: 65
DFA state entries cumulative : 1: 5000, 2: 1569, 3: 1062, 4: 882
transitions cumulative       : 1->2: 1569, 2->3: 1062, 3->4: 882
accepted directly from s0    : 0
Gym endings cumulative       : terminated=3748, truncated=372

[Episode 5100/8000 | last 100]
success rate                : 58.0% (cumulative 18.4%)
synthetic task reward       : 5800.000
shaping reward              : -1232.704
learning reward             : 4567.296
episode length              : 268.8
abstract changes / episode  : 19.8
DFA transitions / episode   : 1.90
DFA transitions in window   : 1->2: 67, 2->3: 65, 3->4: 58
epsilon (next episode)       : 0.12998
replay buffer                : 300000 samples [1: 57.2%, 2: 28.0%, 3: 14.7%, 4: 0.0%]
DFA state visits in window   : 1: 16924, 2: 6195, 3: 3801, 4: 58
DFA state visits cumulative  : 1: 1406820, 2: 236241, 3: 104831, 4: 940
DFA state entries in window  : 1: 100, 2: 67, 3: 65, 4: 58
DFA state entries cumulative : 1: 5100, 2: 1636, 3: 1127, 4: 940
transitions cumulative       : 1->2: 1636, 2->3: 1127, 3->4: 940
accepted directly from s0    : 0
Gym endings cumulative       : terminated=3790, truncated=372

[Episode 5200/8000 | last 100]
success rate                : 68.0% (cumulative 19.4%)
synthetic task reward       : 6800.000
shaping reward              : -1215.157
learning reward             : 5584.843
episode length              : 293.2
abstract changes / episode  : 21.5
DFA transitions / episode   : 2.29
DFA transitions in window   : 1->2: 84, 2->3: 77, 3->4: 68
epsilon (next episode)       : 0.12488
replay buffer                : 300000 samples [1: 58.6%, 2: 27.0%, 3: 14.4%, 4: 0.0%]
DFA state visits in window   : 1: 16978, 2: 9030, 3: 3340, 4: 68
DFA state visits cumulative  : 1: 1423798, 2: 245271, 3: 108171, 4: 1008
DFA state entries in window  : 1: 100, 2: 84, 3: 77, 4: 68
DFA state entries cumulative : 1: 5200, 2: 1720, 3: 1204, 4: 1008
transitions cumulative       : 1->2: 1720, 2->3: 1204, 3->4: 1008
accepted directly from s0    : 0
Gym endings cumulative       : terminated=3822, truncated=372

[Episode 5300/8000 | last 100]
success rate                : 69.0% (cumulative 20.3%)
synthetic task reward       : 6900.000
shaping reward              : -1317.997
learning reward             : 5582.003
episode length              : 291.2
abstract changes / episode  : 21.8
DFA transitions / episode   : 2.21
DFA transitions in window   : 1->2: 77, 2->3: 75, 3->4: 69
epsilon (next episode)       : 0.11998
replay buffer                : 300000 samples [1: 60.3%, 2: 26.3%, 3: 13.4%, 4: 0.0%]
DFA state visits in window   : 1: 17671, 2: 7452, 3: 4029, 4: 69
DFA state visits cumulative  : 1: 1441469, 2: 252723, 3: 112200, 4: 1077
DFA state entries in window  : 1: 100, 2: 77, 3: 75, 4: 69
DFA state entries cumulative : 1: 5300, 2: 1797, 3: 1279, 4: 1077
transitions cumulative       : 1->2: 1797, 2->3: 1279, 3->4: 1077
accepted directly from s0    : 0
Gym endings cumulative       : terminated=3853, truncated=372

[Episode 5400/8000 | last 100]
success rate                : 64.0% (cumulative 21.1%)
synthetic task reward       : 6400.000
shaping reward              : -1091.906
learning reward             : 5308.094
episode length              : 254.2
abstract changes / episode  : 19.0
DFA transitions / episode   : 2.06
DFA transitions in window   : 1->2: 75, 2->3: 67, 3->4: 64
epsilon (next episode)       : 0.11528
replay buffer                : 300000 samples [1: 60.7%, 2: 26.3%, 3: 13.0%, 4: 0.0%]
DFA state visits in window   : 1: 15647, 2: 7188, 3: 2623, 4: 64
DFA state visits cumulative  : 1: 1457116, 2: 259911, 3: 114823, 4: 1141
DFA state entries in window  : 1: 100, 2: 75, 3: 67, 4: 64
DFA state entries cumulative : 1: 5400, 2: 1872, 3: 1346, 4: 1141
transitions cumulative       : 1->2: 1872, 2->3: 1346, 3->4: 1141
accepted directly from s0    : 0
Gym endings cumulative       : terminated=3889, truncated=372

[Episode 5500/8000 | last 100]
success rate                : 63.0% (cumulative 21.9%)
synthetic task reward       : 6300.000
shaping reward              : -1279.889
learning reward             : 5020.111
episode length              : 282.3
abstract changes / episode  : 21.1
DFA transitions / episode   : 2.07
DFA transitions in window   : 1->2: 74, 2->3: 70, 3->4: 63
epsilon (next episode)       : 0.11075
replay buffer                : 300000 samples [1: 61.6%, 2: 25.7%, 3: 12.7%, 4: 0.0%]
DFA state visits in window   : 1: 18428, 2: 6262, 3: 3575, 4: 63
DFA state visits cumulative  : 1: 1475544, 2: 266173, 3: 118398, 4: 1204
DFA state entries in window  : 1: 100, 2: 74, 3: 70, 4: 63
DFA state entries cumulative : 1: 5500, 2: 1946, 3: 1416, 4: 1204
transitions cumulative       : 1->2: 1946, 2->3: 1416, 3->4: 1204
accepted directly from s0    : 0
Gym endings cumulative       : terminated=3926, truncated=372

[Episode 5600/8000 | last 100]
success rate                : 71.0% (cumulative 22.8%)
synthetic task reward       : 7100.000
shaping reward              : -1227.457
learning reward             : 5872.543
episode length              : 291.6
abstract changes / episode  : 21.4
DFA transitions / episode   : 2.28
DFA transitions in window   : 1->2: 81, 2->3: 76, 3->4: 71
epsilon (next episode)       : 0.10641
replay buffer                : 300000 samples [1: 62.4%, 2: 25.6%, 3: 12.0%, 4: 0.0%]
DFA state visits in window   : 1: 17573, 2: 8826, 3: 2790, 4: 71
DFA state visits cumulative  : 1: 1493117, 2: 274999, 3: 121188, 4: 1275
DFA state entries in window  : 1: 100, 2: 81, 3: 76, 4: 71
DFA state entries cumulative : 1: 5600, 2: 2027, 3: 1492, 4: 1275
transitions cumulative       : 1->2: 2027, 2->3: 1492, 3->4: 1275
accepted directly from s0    : 0
Gym endings cumulative       : terminated=3955, truncated=372
Best policy updated at episode 5600: mean learning reward=5872.543

[Episode 5700/8000 | last 100]
success rate                : 72.0% (cumulative 23.6%)
synthetic task reward       : 7200.000
shaping reward              : -1108.059
learning reward             : 6091.941
episode length              : 286.8
abstract changes / episode  : 20.6
DFA transitions / episode   : 2.31
DFA transitions in window   : 1->2: 83, 2->3: 76, 3->4: 72
epsilon (next episode)       : 0.10224
replay buffer                : 300000 samples [1: 63.0%, 2: 25.3%, 3: 11.6%, 4: 0.0%]
DFA state visits in window   : 1: 18153, 2: 7457, 3: 3098, 4: 72
DFA state visits cumulative  : 1: 1511270, 2: 282456, 3: 124286, 4: 1347
DFA state entries in window  : 1: 100, 2: 83, 3: 76, 4: 72
DFA state entries cumulative : 1: 5700, 2: 2110, 3: 1568, 4: 1347
transitions cumulative       : 1->2: 2110, 2->3: 1568, 3->4: 1347
accepted directly from s0    : 0
Gym endings cumulative       : terminated=3983, truncated=372
Best policy updated at episode 5700: mean learning reward=6091.941

[Episode 5800/8000 | last 100]
success rate                : 26.0% (cumulative 23.7%)
synthetic task reward       : 2600.000
shaping reward              : -2002.259
learning reward             : 597.741
episode length              : 368.3
abstract changes / episode  : 26.4
DFA transitions / episode   : 1.36
DFA transitions in window   : 1->2: 77, 2->3: 33, 3->4: 26
epsilon (next episode)       : 0.09823
replay buffer                : 300000 samples [1: 63.2%, 2: 25.8%, 3: 10.9%, 4: 0.0%]
DFA state visits in window   : 1: 25124, 2: 9815, 3: 1964, 4: 26
DFA state visits cumulative  : 1: 1536394, 2: 292271, 3: 126250, 4: 1373
DFA state entries in window  : 1: 100, 2: 77, 3: 33, 4: 26
DFA state entries cumulative : 1: 5800, 2: 2187, 3: 1601, 4: 1373
transitions cumulative       : 1->2: 2187, 2->3: 1601, 3->4: 1373
accepted directly from s0    : 0
Gym endings cumulative       : terminated=4052, truncated=377

[Episode 5900/8000 | last 100]
success rate                : 41.0% (cumulative 24.0%)
synthetic task reward       : 4100.000
shaping reward              : -1746.121
learning reward             : 2353.879
episode length              : 408.5
abstract changes / episode  : 24.1
DFA transitions / episode   : 1.61
DFA transitions in window   : 1->2: 64, 2->3: 56, 3->4: 41
epsilon (next episode)       : 0.09438
replay buffer                : 300000 samples [1: 62.3%, 2: 24.9%, 3: 12.9%, 4: 0.0%]
DFA state visits in window   : 1: 23526, 2: 6873, 3: 10509, 4: 41
DFA state visits cumulative  : 1: 1559920, 2: 299144, 3: 136759, 4: 1414
DFA state entries in window  : 1: 100, 2: 64, 3: 56, 4: 41
DFA state entries cumulative : 1: 5900, 2: 2251, 3: 1657, 4: 1414
transitions cumulative       : 1->2: 2251, 2->3: 1657, 3->4: 1414
accepted directly from s0    : 0
Gym endings cumulative       : terminated=4103, truncated=385

[Episode 6000/8000 | last 100]
success rate                : 69.0% (cumulative 24.7%)
synthetic task reward       : 6900.000
shaping reward              : -1303.683
learning reward             : 5596.317
episode length              : 312.1
abstract changes / episode  : 22.4
DFA transitions / episode   : 2.29
DFA transitions in window   : 1->2: 85, 2->3: 75, 3->4: 69
epsilon (next episode)       : 0.09067
replay buffer                : 300000 samples [1: 60.9%, 2: 25.5%, 3: 13.6%, 4: 0.0%]
DFA state visits in window   : 1: 16358, 2: 8806, 3: 6082, 4: 69
DFA state visits cumulative  : 1: 1576278, 2: 307950, 3: 142841, 4: 1483
DFA state entries in window  : 1: 100, 2: 85, 3: 75, 4: 69
DFA state entries cumulative : 1: 6000, 2: 2336, 3: 1732, 4: 1483
transitions cumulative       : 1->2: 2336, 2->3: 1732, 3->4: 1483
accepted directly from s0    : 0
Gym endings cumulative       : terminated=4134, truncated=385

[Episode 6100/8000 | last 100]
success rate                : 70.0% (cumulative 25.5%)
synthetic task reward       : 7000.000
shaping reward              : -1325.324
learning reward             : 5674.676
episode length              : 306.8
abstract changes / episode  : 22.6
DFA transitions / episode   : 2.34
DFA transitions in window   : 1->2: 84, 2->3: 80, 3->4: 70
epsilon (next episode)       : 0.08712
replay buffer                : 300000 samples [1: 60.3%, 2: 25.7%, 3: 14.0%, 4: 0.0%]
DFA state visits in window   : 1: 16316, 2: 9021, 3: 5372, 4: 70
DFA state visits cumulative  : 1: 1592594, 2: 316971, 3: 148213, 4: 1553
DFA state entries in window  : 1: 100, 2: 84, 3: 80, 4: 70
DFA state entries cumulative : 1: 6100, 2: 2420, 3: 1812, 4: 1553
transitions cumulative       : 1->2: 2420, 2->3: 1812, 3->4: 1553
accepted directly from s0    : 0
Gym endings cumulative       : terminated=4164, truncated=385

[Episode 6200/8000 | last 100]
success rate                : 80.0% (cumulative 26.3%)
synthetic task reward       : 8000.000
shaping reward              : -1336.431
learning reward             : 6663.569
episode length              : 325.9
abstract changes / episode  : 23.8
DFA transitions / episode   : 2.62
DFA transitions in window   : 1->2: 93, 2->3: 89, 3->4: 80
epsilon (next episode)       : 0.08370
replay buffer                : 300000 samples [1: 58.9%, 2: 26.8%, 3: 14.3%, 4: 0.0%]
DFA state visits in window   : 1: 16177, 2: 11741, 3: 4695, 4: 80
DFA state visits cumulative  : 1: 1608771, 2: 328712, 3: 152908, 4: 1633
DFA state entries in window  : 1: 100, 2: 93, 3: 89, 4: 80
DFA state entries cumulative : 1: 6200, 2: 2513, 3: 1901, 4: 1633
transitions cumulative       : 1->2: 2513, 2->3: 1901, 3->4: 1633
accepted directly from s0    : 0
Gym endings cumulative       : terminated=4183, truncated=386
Best policy updated at episode 6200: mean learning reward=6663.569

[Episode 6300/8000 | last 100]
success rate                : 92.0% (cumulative 27.4%)
synthetic task reward       : 9200.000
shaping reward              : -971.749
learning reward             : 8228.251
episode length              : 284.3
abstract changes / episode  : 21.3
DFA transitions / episode   : 2.87
DFA transitions in window   : 1->2: 100, 2->3: 95, 3->4: 92
epsilon (next episode)       : 0.08042
replay buffer                : 300000 samples [1: 57.9%, 2: 27.7%, 3: 14.3%, 4: 0.0%]
DFA state visits in window   : 1: 14287, 2: 10630, 3: 3520, 4: 92
DFA state visits cumulative  : 1: 1623058, 2: 339342, 3: 156428, 4: 1725
DFA state entries in window  : 1: 100, 2: 100, 3: 95, 4: 92
DFA state entries cumulative : 1: 6300, 2: 2613, 3: 1996, 4: 1725
transitions cumulative       : 1->2: 2613, 2->3: 1996, 3->4: 1725
accepted directly from s0    : 0
Gym endings cumulative       : terminated=4190, truncated=387
Best policy updated at episode 6300: mean learning reward=8228.251

[Episode 6400/8000 | last 100]
success rate                : 91.0% (cumulative 28.4%)
synthetic task reward       : 9100.000
shaping reward              : -1039.701
learning reward             : 8060.299
episode length              : 306.1
abstract changes / episode  : 22.0
DFA transitions / episode   : 2.84
DFA transitions in window   : 1->2: 98, 2->3: 95, 3->4: 91
epsilon (next episode)       : 0.07727
replay buffer                : 300000 samples [1: 56.6%, 2: 28.6%, 3: 14.7%, 4: 0.0%]
DFA state visits in window   : 1: 16323, 2: 9897, 3: 4394, 4: 91
DFA state visits cumulative  : 1: 1639381, 2: 349239, 3: 160822, 4: 1816
DFA state entries in window  : 1: 100, 2: 98, 3: 95, 4: 91
DFA state entries cumulative : 1: 6400, 2: 2711, 3: 2091, 4: 1816
transitions cumulative       : 1->2: 2711, 2->3: 2091, 3->4: 1816
accepted directly from s0    : 0
Gym endings cumulative       : terminated=4198, truncated=388

[Episode 6500/8000 | last 100]
success rate                : 78.0% (cumulative 29.1%)
synthetic task reward       : 7800.000
shaping reward              : -1284.303
learning reward             : 6515.697
episode length              : 322.2
abstract changes / episode  : 23.4
DFA transitions / episode   : 2.52
DFA transitions in window   : 1->2: 92, 2->3: 82, 3->4: 78
epsilon (next episode)       : 0.07423
replay buffer                : 300000 samples [1: 57.0%, 2: 28.2%, 3: 14.8%, 4: 0.0%]
DFA state visits in window   : 1: 19769, 2: 8338, 3: 4134, 4: 78
DFA state visits cumulative  : 1: 1659150, 2: 357577, 3: 164956, 4: 1894
DFA state entries in window  : 1: 100, 2: 92, 3: 82, 4: 78
DFA state entries cumulative : 1: 6500, 2: 2803, 3: 2173, 4: 1894
transitions cumulative       : 1->2: 2803, 2->3: 2173, 3->4: 1894
accepted directly from s0    : 0
Gym endings cumulative       : terminated=4218, truncated=390

[Episode 6600/8000 | last 100]
success rate                : 67.0% (cumulative 29.7%)
synthetic task reward       : 6700.000
shaping reward              : -1222.895
learning reward             : 5477.105
episode length              : 269.2
abstract changes / episode  : 21.3
DFA transitions / episode   : 2.18
DFA transitions in window   : 1->2: 78, 2->3: 73, 3->4: 67
epsilon (next episode)       : 0.07132
replay buffer                : 300000 samples [1: 56.7%, 2: 28.1%, 3: 15.3%, 4: 0.0%]
DFA state visits in window   : 1: 16878, 2: 6213, 3: 3859, 4: 67
DFA state visits cumulative  : 1: 1676028, 2: 363790, 3: 168815, 4: 1961
DFA state entries in window  : 1: 100, 2: 78, 3: 73, 4: 67
DFA state entries cumulative : 1: 6600, 2: 2881, 3: 2246, 4: 1961
transitions cumulative       : 1->2: 2881, 2->3: 2246, 3->4: 1961
accepted directly from s0    : 0
Gym endings cumulative       : terminated=4251, truncated=390

[Episode 6700/8000 | last 100]
success rate                : 14.0% (cumulative 29.5%)
synthetic task reward       : 1400.000
shaping reward              : -1306.187
learning reward             : 93.813
episode length              : 245.5
abstract changes / episode  : 17.5
DFA transitions / episode   : 0.46
DFA transitions in window   : 1->2: 18, 2->3: 14, 3->4: 14
epsilon (next episode)       : 0.06853
replay buffer                : 300000 samples [1: 58.3%, 2: 26.9%, 3: 14.8%, 4: 0.0%]
DFA state visits in window   : 1: 23017, 2: 1045, 3: 573, 4: 14
DFA state visits cumulative  : 1: 1699045, 2: 364835, 3: 169388, 4: 1975
DFA state entries in window  : 1: 100, 2: 18, 3: 14, 4: 14
DFA state entries cumulative : 1: 6700, 2: 2899, 3: 2260, 4: 1975
transitions cumulative       : 1->2: 2899, 2->3: 2260, 3->4: 1975
accepted directly from s0    : 0
Gym endings cumulative       : terminated=4332, truncated=395

[Episode 6800/8000 | last 100]
success rate                : 38.0% (cumulative 29.6%)
synthetic task reward       : 3800.000
shaping reward              : -1119.186
learning reward             : 2680.814
episode length              : 411.2
abstract changes / episode  : 18.1
DFA transitions / episode   : 1.36
DFA transitions in window   : 1->2: 57, 2->3: 41, 3->4: 38
epsilon (next episode)       : 0.06584
replay buffer                : 300000 samples [1: 60.9%, 2: 25.0%, 3: 14.1%, 4: 0.0%]
DFA state visits in window   : 1: 33313, 2: 5350, 3: 2519, 4: 38
DFA state visits cumulative  : 1: 1732358, 2: 370185, 3: 171907, 4: 2013
DFA state entries in window  : 1: 100, 2: 57, 3: 41, 4: 38
DFA state entries cumulative : 1: 6800, 2: 2956, 3: 2301, 4: 2013
transitions cumulative       : 1->2: 2956, 2->3: 2301, 3->4: 2013
accepted directly from s0    : 0
Gym endings cumulative       : terminated=4385, truncated=404

[Episode 6900/8000 | last 100]
success rate                : 3.0% (cumulative 29.2%)
synthetic task reward       : 300.000
shaping reward              : -2361.036
learning reward             : -2061.036
episode length              : 456.5
abstract changes / episode  : 26.2
DFA transitions / episode   : 0.25
DFA transitions in window   : 1->2: 17, 2->3: 5, 3->4: 3
epsilon (next episode)       : 0.06326
replay buffer                : 300000 samples [1: 67.4%, 2: 22.3%, 3: 10.3%, 4: 0.0%]
DFA state visits in window   : 1: 42700, 2: 2718, 3: 332, 4: 3
DFA state visits cumulative  : 1: 1775058, 2: 372903, 3: 172239, 4: 2016
DFA state entries in window  : 1: 100, 2: 17, 3: 5, 4: 3
DFA state entries cumulative : 1: 6900, 2: 2973, 3: 2306, 4: 2016
transitions cumulative       : 1->2: 2973, 2->3: 2306, 3->4: 2016
accepted directly from s0    : 0
Gym endings cumulative       : terminated=4459, truncated=427

[Episode 7000/8000 | last 100]
success rate                : 26.0% (cumulative 29.2%)
synthetic task reward       : 2600.000
shaping reward              : -3114.654
learning reward             : -514.654
episode length              : 669.8
abstract changes / episode  : 38.0
DFA transitions / episode   : 1.03
DFA transitions in window   : 1->2: 42, 2->3: 35, 3->4: 26
epsilon (next episode)       : 0.06078
replay buffer                : 300000 samples [1: 74.1%, 2: 18.7%, 3: 7.2%, 4: 0.0%]
DFA state visits in window   : 1: 54702, 2: 10557, 3: 1796, 4: 26
DFA state visits cumulative  : 1: 1829760, 2: 383460, 3: 174035, 4: 2042
DFA state entries in window  : 1: 100, 2: 42, 3: 35, 4: 26
DFA state entries cumulative : 1: 7000, 2: 3015, 3: 2341, 4: 2042
transitions cumulative       : 1->2: 3015, 2->3: 2341, 3->4: 2042
accepted directly from s0    : 0
Gym endings cumulative       : terminated=4490, truncated=470

[Episode 7100/8000 | last 100]
success rate                : 65.0% (cumulative 29.7%)
synthetic task reward       : 6500.000
shaping reward              : -1867.903
learning reward             : 4632.097
episode length              : 410.9
abstract changes / episode  : 28.5
DFA transitions / episode   : 2.20
DFA transitions in window   : 1->2: 80, 2->3: 75, 3->4: 65
epsilon (next episode)       : 0.05839
replay buffer                : 300000 samples [1: 77.6%, 2: 15.7%, 3: 6.7%, 4: 0.0%]
DFA state visits in window   : 1: 30856, 2: 6628, 3: 3645, 4: 65
DFA state visits cumulative  : 1: 1860616, 2: 390088, 3: 177680, 4: 2107
DFA state entries in window  : 1: 100, 2: 80, 3: 75, 4: 65
DFA state entries cumulative : 1: 7100, 2: 3095, 3: 2416, 4: 2107
transitions cumulative       : 1->2: 3095, 2->3: 2416, 3->4: 2107
accepted directly from s0    : 0
Gym endings cumulative       : terminated=4520, truncated=475

[Episode 7200/8000 | last 100]
success rate                : 54.0% (cumulative 30.0%)
synthetic task reward       : 5400.000
shaping reward              : -2089.820
learning reward             : 3310.180
episode length              : 454.9
abstract changes / episode  : 29.1
DFA transitions / episode   : 1.71
DFA transitions in window   : 1->2: 61, 2->3: 56, 3->4: 54
epsilon (next episode)       : 0.05610
replay buffer                : 300000 samples [1: 81.2%, 2: 13.3%, 3: 5.6%, 4: 0.0%]
DFA state visits in window   : 1: 38116, 2: 4911, 3: 2505, 4: 54
DFA state visits cumulative  : 1: 1898732, 2: 394999, 3: 180185, 4: 2161
DFA state entries in window  : 1: 100, 2: 61, 3: 56, 4: 54
DFA state entries cumulative : 1: 7200, 2: 3156, 3: 2472, 4: 2161
transitions cumulative       : 1->2: 3156, 2->3: 2472, 3->4: 2161
accepted directly from s0    : 0
Gym endings cumulative       : terminated=4554, truncated=487

[Episode 7300/8000 | last 100]
success rate                : 50.0% (cumulative 30.3%)
synthetic task reward       : 5000.000
shaping reward              : -1760.551
learning reward             : 3239.449
episode length              : 350.8
abstract changes / episode  : 25.0
DFA transitions / episode   : 1.74
DFA transitions in window   : 1->2: 66, 2->3: 58, 3->4: 50
epsilon (next episode)       : 0.05390
replay buffer                : 300000 samples [1: 80.8%, 2: 13.1%, 3: 6.1%, 4: 0.0%]
DFA state visits in window   : 1: 20062, 2: 8110, 3: 6953, 4: 50
DFA state visits cumulative  : 1: 1918794, 2: 403109, 3: 187138, 4: 2211
DFA state entries in window  : 1: 100, 2: 66, 3: 58, 4: 50
DFA state entries cumulative : 1: 7300, 2: 3222, 3: 2530, 4: 2211
transitions cumulative       : 1->2: 3222, 2->3: 2530, 3->4: 2211
accepted directly from s0    : 0
Gym endings cumulative       : terminated=4602, truncated=489

[Episode 7400/8000 | last 100]
success rate                : 47.0% (cumulative 30.5%)
synthetic task reward       : 4700.000
shaping reward              : -1593.277
learning reward             : 3106.723
episode length              : 292.2
abstract changes / episode  : 22.4
DFA transitions / episode   : 1.61
DFA transitions in window   : 1->2: 60, 2->3: 54, 3->4: 47
epsilon (next episode)       : 0.05179
replay buffer                : 300000 samples [1: 78.9%, 2: 14.5%, 3: 6.6%, 4: 0.0%]
DFA state visits in window   : 1: 21393, 2: 5554, 3: 2331, 4: 47
DFA state visits cumulative  : 1: 1940187, 2: 408663, 3: 189469, 4: 2258
DFA state entries in window  : 1: 100, 2: 60, 3: 54, 4: 47
DFA state entries cumulative : 1: 7400, 2: 3282, 3: 2584, 4: 2258
transitions cumulative       : 1->2: 3282, 2->3: 2584, 3->4: 2258
accepted directly from s0    : 0
Gym endings cumulative       : terminated=4653, truncated=491

[Episode 7500/8000 | last 100]
success rate                : 15.0% (cumulative 30.3%)
synthetic task reward       : 1500.000
shaping reward              : -1672.231
learning reward             : -172.231
episode length              : 278.0
abstract changes / episode  : 21.1
DFA transitions / episode   : 0.82
DFA transitions in window   : 1->2: 48, 2->3: 19, 3->4: 15
epsilon (next episode)       : 0.04976
replay buffer                : 300000 samples [1: 77.8%, 2: 15.4%, 3: 6.8%, 4: 0.0%]
DFA state visits in window   : 1: 19760, 2: 6540, 3: 1586, 4: 15
DFA state visits cumulative  : 1: 1959947, 2: 415203, 3: 191055, 4: 2273
DFA state entries in window  : 1: 100, 2: 48, 3: 19, 4: 15
DFA state entries cumulative : 1: 7500, 2: 3330, 3: 2603, 4: 2273
transitions cumulative       : 1->2: 3330, 2->3: 2603, 3->4: 2273
accepted directly from s0    : 0
Gym endings cumulative       : terminated=4737, truncated=492

[Episode 7600/8000 | last 100]
success rate                : 10.0% (cumulative 30.0%)
synthetic task reward       : 1000.000
shaping reward              : -1604.161
learning reward             : -604.161
episode length              : 320.0
abstract changes / episode  : 20.9
DFA transitions / episode   : 0.62
DFA transitions in window   : 1->2: 39, 2->3: 13, 3->4: 10
epsilon (next episode)       : 0.04781
replay buffer                : 300000 samples [1: 75.9%, 2: 17.6%, 3: 6.5%, 4: 0.0%]
DFA state visits in window   : 1: 22257, 2: 9163, 3: 672, 4: 10
DFA state visits cumulative  : 1: 1982204, 2: 424366, 3: 191727, 4: 2283
DFA state entries in window  : 1: 100, 2: 39, 3: 13, 4: 10
DFA state entries cumulative : 1: 7600, 2: 3369, 3: 2616, 4: 2283
transitions cumulative       : 1->2: 3369, 2->3: 2616, 3->4: 2283
accepted directly from s0    : 0
Gym endings cumulative       : terminated=4819, truncated=500

[Episode 7700/8000 | last 100]
success rate                : 30.0% (cumulative 30.0%)
synthetic task reward       : 3000.000
shaping reward              : -1384.680
learning reward             : 1615.320
episode length              : 391.7
abstract changes / episode  : 20.7
DFA transitions / episode   : 1.26
DFA transitions in window   : 1->2: 63, 2->3: 33, 3->4: 30
epsilon (next episode)       : 0.04593
replay buffer                : 300000 samples [1: 69.7%, 2: 23.1%, 3: 7.2%, 4: 0.0%]
DFA state visits in window   : 1: 19061, 2: 18065, 3: 2115, 4: 30
DFA state visits cumulative  : 1: 2001265, 2: 442431, 3: 193842, 4: 2313
DFA state entries in window  : 1: 100, 2: 63, 3: 33, 4: 30
DFA state entries cumulative : 1: 7700, 2: 3432, 3: 2649, 4: 2313
transitions cumulative       : 1->2: 3432, 2->3: 2649, 3->4: 2313
accepted directly from s0    : 0
Gym endings cumulative       : terminated=4875, truncated=514

[Episode 7800/8000 | last 100]
success rate                : 53.0% (cumulative 30.3%)
synthetic task reward       : 5300.000
shaping reward              : -1187.668
learning reward             : 4112.332
episode length              : 362.4
abstract changes / episode  : 19.5
DFA transitions / episode   : 1.68
DFA transitions in window   : 1->2: 61, 2->3: 54, 3->4: 53
epsilon (next episode)       : 0.04413
replay buffer                : 300000 samples [1: 67.8%, 2: 24.2%, 3: 8.0%, 4: 0.0%]
DFA state visits in window   : 1: 26569, 2: 6790, 3: 2927, 4: 53
DFA state visits cumulative  : 1: 2027834, 2: 449221, 3: 196769, 4: 2366
DFA state entries in window  : 1: 100, 2: 61, 3: 54, 4: 53
DFA state entries cumulative : 1: 7800, 2: 3493, 3: 2703, 4: 2366
transitions cumulative       : 1->2: 3493, 2->3: 2703, 3->4: 2366
accepted directly from s0    : 0
Gym endings cumulative       : terminated=4916, truncated=520

[Episode 7900/8000 | last 100]
success rate                : 24.0% (cumulative 30.3%)
synthetic task reward       : 2400.000
shaping reward              : -1877.311
learning reward             : 522.689
episode length              : 396.9
abstract changes / episode  : 25.1
DFA transitions / episode   : 1.23
DFA transitions in window   : 1->2: 70, 2->3: 29, 3->4: 24
epsilon (next episode)       : 0.04240
replay buffer                : 300000 samples [1: 68.6%, 2: 24.1%, 3: 7.3%, 4: 0.0%]
DFA state visits in window   : 1: 26614, 2: 11486, 3: 1663, 4: 24
DFA state visits cumulative  : 1: 2054448, 2: 460707, 3: 198432, 4: 2390
DFA state entries in window  : 1: 100, 2: 70, 3: 29, 4: 24
DFA state entries cumulative : 1: 7900, 2: 3563, 3: 2732, 4: 2390
transitions cumulative       : 1->2: 3563, 2->3: 2732, 3->4: 2390
accepted directly from s0    : 0
Gym endings cumulative       : terminated=4984, truncated=528

[Episode 8000/8000 | last 100]
success rate                : 71.0% (cumulative 30.8%)
synthetic task reward       : 7100.000
shaping reward              : -1111.828
learning reward             : 5988.172
episode length              : 340.6
abstract changes / episode  : 19.9
DFA transitions / episode   : 2.19
DFA transitions in window   : 1->2: 75, 2->3: 73, 3->4: 71
epsilon (next episode)       : 0.04074
replay buffer                : 300000 samples [1: 65.9%, 2: 26.2%, 3: 7.9%, 4: 0.0%]
DFA state visits in window   : 1: 21435, 2: 9060, 3: 3593, 4: 71
DFA state visits cumulative  : 1: 2075883, 2: 469767, 3: 202025, 4: 2461
DFA state entries in window  : 1: 100, 2: 75, 3: 73, 4: 71
DFA state entries cumulative : 1: 8000, 2: 3638, 3: 2805, 4: 2461
transitions cumulative       : 1->2: 3638, 2->3: 2805, 3->4: 2461
accepted directly from s0    : 0
Gym endings cumulative       : terminated=5010, truncated=531
Last policy saved after episode 8000. Best policy: episode 6300, mean learning reward=8228.251
