
=== NEW RUN ===
episodes=8000, shaping=True, K=1.0, goal_reward=10000.0, gamma=0.99
inter_level_shaping=False, inter_level_K=0.0
formula=F(wp1 & X(F(wp2 & X(F(goal)))))
waypoints={'wp1': (1, 8), 'wp2': (5, 6), 'goal': (8, 8)}
dfa_states=[1, 2, 3, 4], pre_trace=1, accepting=[4]

[Episode 1/8000 | last 1]
success rate                : 0.0% (cumulative 0.0%)
synthetic task reward       : 0.000
shaping reward              : -1459.676
learning reward             : -1459.676
episode length              : 101.0
abstract changes / episode  : 12.0
DFA transitions / episode   : 0.00
DFA transitions in window   : none
epsilon (next episode)       : 0.99960
replay buffer                : 101 samples [1: 100.0%, 2: 0.0%, 3: 0.0%, 4: 0.0%]
DFA state visits in window   : 1: 102, 2: 0, 3: 0, 4: 0
DFA state visits cumulative  : 1: 102, 2: 0, 3: 0, 4: 0
DFA state entries in window  : 1: 1, 2: 0, 3: 0, 4: 0
DFA state entries cumulative : 1: 1, 2: 0, 3: 0, 4: 0
transitions cumulative       : none
accepted directly from s0    : 0
Gym endings cumulative       : terminated=1, truncated=0
Best policy updated at episode 1: mean learning reward=-1459.676

[Episode 100/8000 | last 100]
success rate                : 0.0% (cumulative 0.0%)
synthetic task reward       : 0.000
shaping reward              : -1419.577
learning reward             : -1419.577
episode length              : 100.4
abstract changes / episode  : 12.8
DFA transitions / episode   : 0.02
DFA transitions in window   : 1->2: 2
epsilon (next episode)       : 0.96078
replay buffer                : 10044 samples [1: 99.5%, 2: 0.5%, 3: 0.0%, 4: 0.0%]
DFA state visits in window   : 1: 10095, 2: 49, 3: 0, 4: 0
DFA state visits cumulative  : 1: 10095, 2: 49, 3: 0, 4: 0
DFA state entries in window  : 1: 100, 2: 2, 3: 0, 4: 0
DFA state entries cumulative : 1: 100, 2: 2, 3: 0, 4: 0
transitions cumulative       : 1->2: 2
accepted directly from s0    : 0
Gym endings cumulative       : terminated=99, truncated=1
Best policy updated at episode 100: mean learning reward=-1419.577

[Episode 200/8000 | last 100]
success rate                : 0.0% (cumulative 0.0%)
synthetic task reward       : 0.000
shaping reward              : -1413.695
learning reward             : -1413.695
episode length              : 98.1
abstract changes / episode  : 12.8
DFA transitions / episode   : 0.03
DFA transitions in window   : 1->2: 3
epsilon (next episode)       : 0.92310
replay buffer                : 19856 samples [1: 99.4%, 2: 0.6%, 3: 0.0%, 4: 0.0%]
DFA state visits in window   : 1: 9830, 2: 82, 3: 0, 4: 0
DFA state visits cumulative  : 1: 19925, 2: 131, 3: 0, 4: 0
DFA state entries in window  : 1: 100, 2: 3, 3: 0, 4: 0
DFA state entries cumulative : 1: 200, 2: 5, 3: 0, 4: 0
transitions cumulative       : 1->2: 5
accepted directly from s0    : 0
Gym endings cumulative       : terminated=199, truncated=1
Best policy updated at episode 200: mean learning reward=-1413.695

[Episode 300/8000 | last 100]
success rate                : 0.0% (cumulative 0.0%)
synthetic task reward       : 0.000
shaping reward              : -1441.204
learning reward             : -1441.204
episode length              : 98.5
abstract changes / episode  : 12.9
DFA transitions / episode   : 0.02
DFA transitions in window   : 1->2: 2
epsilon (next episode)       : 0.88690
replay buffer                : 29704 samples [1: 99.4%, 2: 0.6%, 3: 0.0%, 4: 0.0%]
DFA state visits in window   : 1: 9898, 2: 50, 3: 0, 4: 0
DFA state visits cumulative  : 1: 29823, 2: 181, 3: 0, 4: 0
DFA state entries in window  : 1: 100, 2: 2, 3: 0, 4: 0
DFA state entries cumulative : 1: 300, 2: 7, 3: 0, 4: 0
transitions cumulative       : 1->2: 7
accepted directly from s0    : 0
Gym endings cumulative       : terminated=299, truncated=1

[Episode 400/8000 | last 100]
success rate                : 0.0% (cumulative 0.0%)
synthetic task reward       : 0.000
shaping reward              : -1431.529
learning reward             : -1431.529
episode length              : 97.8
abstract changes / episode  : 12.9
DFA transitions / episode   : 0.02
DFA transitions in window   : 1->2: 2
epsilon (next episode)       : 0.85212
replay buffer                : 39487 samples [1: 99.4%, 2: 0.6%, 3: 0.0%, 4: 0.0%]
DFA state visits in window   : 1: 9833, 2: 50, 3: 0, 4: 0
DFA state visits cumulative  : 1: 39656, 2: 231, 3: 0, 4: 0
DFA state entries in window  : 1: 100, 2: 2, 3: 0, 4: 0
DFA state entries cumulative : 1: 400, 2: 9, 3: 0, 4: 0
transitions cumulative       : 1->2: 9
accepted directly from s0    : 0
Gym endings cumulative       : terminated=399, truncated=1

[Episode 500/8000 | last 100]
success rate                : 0.0% (cumulative 0.0%)
synthetic task reward       : 0.000
shaping reward              : -1436.993
learning reward             : -1436.993
episode length              : 105.9
abstract changes / episode  : 13.1
DFA transitions / episode   : 0.04
DFA transitions in window   : 1->2: 4
epsilon (next episode)       : 0.81870
replay buffer                : 50081 samples [1: 99.3%, 2: 0.7%, 3: 0.0%, 4: 0.0%]
DFA state visits in window   : 1: 10562, 2: 132, 3: 0, 4: 0
DFA state visits cumulative  : 1: 50218, 2: 363, 3: 0, 4: 0
DFA state entries in window  : 1: 100, 2: 4, 3: 0, 4: 0
DFA state entries cumulative : 1: 500, 2: 13, 3: 0, 4: 0
transitions cumulative       : 1->2: 13
accepted directly from s0    : 0
Gym endings cumulative       : terminated=499, truncated=1

[Episode 600/8000 | last 100]
success rate                : 0.0% (cumulative 0.0%)
synthetic task reward       : 0.000
shaping reward              : -1464.495
learning reward             : -1464.495
episode length              : 110.0
abstract changes / episode  : 13.1
DFA transitions / episode   : 0.01
DFA transitions in window   : 1->2: 1
epsilon (next episode)       : 0.78659
replay buffer                : 61080 samples [1: 99.4%, 2: 0.6%, 3: 0.0%, 4: 0.0%]
DFA state visits in window   : 1: 11076, 2: 23, 3: 0, 4: 0
DFA state visits cumulative  : 1: 61294, 2: 386, 3: 0, 4: 0
DFA state entries in window  : 1: 100, 2: 1, 3: 0, 4: 0
DFA state entries cumulative : 1: 600, 2: 14, 3: 0, 4: 0
transitions cumulative       : 1->2: 14
accepted directly from s0    : 0
Gym endings cumulative       : terminated=599, truncated=1

[Episode 700/8000 | last 100]
success rate                : 0.0% (cumulative 0.0%)
synthetic task reward       : 0.000
shaping reward              : -1388.867
learning reward             : -1388.867
episode length              : 114.4
abstract changes / episode  : 12.6
DFA transitions / episode   : 0.04
DFA transitions in window   : 1->2: 4
epsilon (next episode)       : 0.75574
replay buffer                : 72523 samples [1: 99.3%, 2: 0.7%, 3: 0.0%, 4: 0.0%]
DFA state visits in window   : 1: 11417, 2: 126, 3: 0, 4: 0
DFA state visits cumulative  : 1: 72711, 2: 512, 3: 0, 4: 0
DFA state entries in window  : 1: 100, 2: 4, 3: 0, 4: 0
DFA state entries cumulative : 1: 700, 2: 18, 3: 0, 4: 0
transitions cumulative       : 1->2: 18
accepted directly from s0    : 0
Gym endings cumulative       : terminated=699, truncated=1
Best policy updated at episode 700: mean learning reward=-1388.867

[Episode 800/8000 | last 100]
success rate                : 0.0% (cumulative 0.0%)
synthetic task reward       : 0.000
shaping reward              : -1376.720
learning reward             : -1376.720
episode length              : 118.6
abstract changes / episode  : 12.3
DFA transitions / episode   : 0.02
DFA transitions in window   : 1->2: 2
epsilon (next episode)       : 0.72610
replay buffer                : 84380 samples [1: 99.3%, 2: 0.7%, 3: 0.0%, 4: 0.0%]
DFA state visits in window   : 1: 11890, 2: 67, 3: 0, 4: 0
DFA state visits cumulative  : 1: 84601, 2: 579, 3: 0, 4: 0
DFA state entries in window  : 1: 100, 2: 2, 3: 0, 4: 0
DFA state entries cumulative : 1: 800, 2: 20, 3: 0, 4: 0
transitions cumulative       : 1->2: 20
accepted directly from s0    : 0
Gym endings cumulative       : terminated=799, truncated=1
Best policy updated at episode 800: mean learning reward=-1376.720

[Episode 900/8000 | last 100]
success rate                : 0.0% (cumulative 0.0%)
synthetic task reward       : 0.000
shaping reward              : -1316.981
learning reward             : -1316.981
episode length              : 124.8
abstract changes / episode  : 12.3
DFA transitions / episode   : 0.06
DFA transitions in window   : 1->2: 6
epsilon (next episode)       : 0.69763
replay buffer                : 96856 samples [1: 99.2%, 2: 0.8%, 3: 0.0%, 4: 0.0%]
DFA state visits in window   : 1: 12384, 2: 192, 3: 0, 4: 0
DFA state visits cumulative  : 1: 96985, 2: 771, 3: 0, 4: 0
DFA state entries in window  : 1: 100, 2: 6, 3: 0, 4: 0
DFA state entries cumulative : 1: 900, 2: 26, 3: 0, 4: 0
transitions cumulative       : 1->2: 26
accepted directly from s0    : 0
Gym endings cumulative       : terminated=899, truncated=1
Best policy updated at episode 900: mean learning reward=-1316.981

[Episode 1000/8000 | last 100]
success rate                : 0.0% (cumulative 0.0%)
synthetic task reward       : 0.000
shaping reward              : -1484.034
learning reward             : -1484.034
episode length              : 137.2
abstract changes / episode  : 13.6
DFA transitions / episode   : 0.03
DFA transitions in window   : 1->2: 3
epsilon (next episode)       : 0.67027
replay buffer                : 110576 samples [1: 99.2%, 2: 0.8%, 3: 0.0%, 4: 0.0%]
DFA state visits in window   : 1: 13709, 2: 111, 3: 0, 4: 0
DFA state visits cumulative  : 1: 110694, 2: 882, 3: 0, 4: 0
DFA state entries in window  : 1: 100, 2: 3, 3: 0, 4: 0
DFA state entries cumulative : 1: 1000, 2: 29, 3: 0, 4: 0
transitions cumulative       : 1->2: 29
accepted directly from s0    : 0
Gym endings cumulative       : terminated=999, truncated=1

[Episode 1100/8000 | last 100]
success rate                : 0.0% (cumulative 0.0%)
synthetic task reward       : 0.000
shaping reward              : -1508.783
learning reward             : -1508.783
episode length              : 154.4
abstract changes / episode  : 13.7
DFA transitions / episode   : 0.03
DFA transitions in window   : 1->2: 3
epsilon (next episode)       : 0.64398
replay buffer                : 126019 samples [1: 99.2%, 2: 0.8%, 3: 0.0%, 4: 0.0%]
DFA state visits in window   : 1: 15432, 2: 111, 3: 0, 4: 0
DFA state visits cumulative  : 1: 126126, 2: 993, 3: 0, 4: 0
DFA state entries in window  : 1: 100, 2: 3, 3: 0, 4: 0
DFA state entries cumulative : 1: 1100, 2: 32, 3: 0, 4: 0
transitions cumulative       : 1->2: 32
accepted directly from s0    : 0
Gym endings cumulative       : terminated=1099, truncated=1

[Episode 1200/8000 | last 100]
success rate                : 0.0% (cumulative 0.0%)
synthetic task reward       : 0.000
shaping reward              : -1443.649
learning reward             : -1443.649
episode length              : 168.4
abstract changes / episode  : 13.2
DFA transitions / episode   : 0.04
DFA transitions in window   : 1->2: 4
epsilon (next episode)       : 0.61872
replay buffer                : 142859 samples [1: 98.6%, 2: 1.4%, 3: 0.0%, 4: 0.0%]
DFA state visits in window   : 1: 15857, 2: 1083, 3: 0, 4: 0
DFA state visits cumulative  : 1: 141983, 2: 2076, 3: 0, 4: 0
DFA state entries in window  : 1: 100, 2: 4, 3: 0, 4: 0
DFA state entries cumulative : 1: 1200, 2: 36, 3: 0, 4: 0
transitions cumulative       : 1->2: 36
accepted directly from s0    : 0
Gym endings cumulative       : terminated=1198, truncated=2

[Episode 1300/8000 | last 100]
success rate                : 0.0% (cumulative 0.0%)
synthetic task reward       : 0.000
shaping reward              : -1527.211
learning reward             : -1527.211
episode length              : 176.1
abstract changes / episode  : 13.6
DFA transitions / episode   : 0.00
DFA transitions in window   : none
epsilon (next episode)       : 0.59446
replay buffer                : 160466 samples [1: 98.7%, 2: 1.3%, 3: 0.0%, 4: 0.0%]
DFA state visits in window   : 1: 17707, 2: 0, 3: 0, 4: 0
DFA state visits cumulative  : 1: 159690, 2: 2076, 3: 0, 4: 0
DFA state entries in window  : 1: 100, 2: 0, 3: 0, 4: 0
DFA state entries cumulative : 1: 1300, 2: 36, 3: 0, 4: 0
transitions cumulative       : 1->2: 36
accepted directly from s0    : 0
Gym endings cumulative       : terminated=1297, truncated=3

[Episode 1400/8000 | last 100]
success rate                : 0.0% (cumulative 0.0%)
synthetic task reward       : 0.000
shaping reward              : -1516.336
learning reward             : -1516.336
episode length              : 175.3
abstract changes / episode  : 14.0
DFA transitions / episode   : 0.03
DFA transitions in window   : 1->2: 3
epsilon (next episode)       : 0.57115
replay buffer                : 177995 samples [1: 98.8%, 2: 1.2%, 3: 0.0%, 4: 0.0%]
DFA state visits in window   : 1: 17564, 2: 65, 3: 0, 4: 0
DFA state visits cumulative  : 1: 177254, 2: 2141, 3: 0, 4: 0
DFA state entries in window  : 1: 100, 2: 3, 3: 0, 4: 0
DFA state entries cumulative : 1: 1400, 2: 39, 3: 0, 4: 0
transitions cumulative       : 1->2: 39
accepted directly from s0    : 0
Gym endings cumulative       : terminated=1396, truncated=4

[Episode 1500/8000 | last 100]
success rate                : 0.0% (cumulative 0.0%)
synthetic task reward       : 0.000
shaping reward              : -1595.673
learning reward             : -1595.673
episode length              : 205.2
abstract changes / episode  : 14.7
DFA transitions / episode   : 0.01
DFA transitions in window   : 1->2: 1
epsilon (next episode)       : 0.54875
replay buffer                : 198513 samples [1: 98.9%, 2: 1.1%, 3: 0.0%, 4: 0.0%]
DFA state visits in window   : 1: 20582, 2: 36, 3: 0, 4: 0
DFA state visits cumulative  : 1: 197836, 2: 2177, 3: 0, 4: 0
DFA state entries in window  : 1: 100, 2: 1, 3: 0, 4: 0
DFA state entries cumulative : 1: 1500, 2: 40, 3: 0, 4: 0
transitions cumulative       : 1->2: 40
accepted directly from s0    : 0
Gym endings cumulative       : terminated=1495, truncated=5

[Episode 1600/8000 | last 100]
success rate                : 0.0% (cumulative 0.0%)
synthetic task reward       : 0.000
shaping reward              : -1681.261
learning reward             : -1681.261
episode length              : 280.9
abstract changes / episode  : 15.9
DFA transitions / episode   : 0.02
DFA transitions in window   : 1->2: 2
epsilon (next episode)       : 0.52722
replay buffer                : 226600 samples [1: 99.0%, 2: 1.0%, 3: 0.0%, 4: 0.0%]
DFA state visits in window   : 1: 28061, 2: 126, 3: 0, 4: 0
DFA state visits cumulative  : 1: 225897, 2: 2303, 3: 0, 4: 0
DFA state entries in window  : 1: 100, 2: 2, 3: 0, 4: 0
DFA state entries cumulative : 1: 1600, 2: 42, 3: 0, 4: 0
transitions cumulative       : 1->2: 42
accepted directly from s0    : 0
Gym endings cumulative       : terminated=1591, truncated=9

[Episode 1700/8000 | last 100]
success rate                : 0.0% (cumulative 0.0%)
synthetic task reward       : 0.000
shaping reward              : -1694.680
learning reward             : -1694.680
episode length              : 295.9
abstract changes / episode  : 16.1
DFA transitions / episode   : 0.05
DFA transitions in window   : 1->2: 5
epsilon (next episode)       : 0.50655
replay buffer                : 256194 samples [1: 98.6%, 2: 1.4%, 3: 0.0%, 4: 0.0%]
DFA state visits in window   : 1: 28484, 2: 1210, 3: 0, 4: 0
DFA state visits cumulative  : 1: 254381, 2: 3513, 3: 0, 4: 0
DFA state entries in window  : 1: 100, 2: 5, 3: 0, 4: 0
DFA state entries cumulative : 1: 1700, 2: 47, 3: 0, 4: 0
transitions cumulative       : 1->2: 47
accepted directly from s0    : 0
Gym endings cumulative       : terminated=1685, truncated=15

[Episode 1800/8000 | last 100]
success rate                : 0.0% (cumulative 0.0%)
synthetic task reward       : 0.000
shaping reward              : -1560.351
learning reward             : -1560.351
episode length              : 242.0
abstract changes / episode  : 14.9
DFA transitions / episode   : 0.04
DFA transitions in window   : 1->2: 4
epsilon (next episode)       : 0.48668
replay buffer                : 280393 samples [1: 98.6%, 2: 1.4%, 3: 0.0%, 4: 0.0%]
DFA state visits in window   : 1: 23959, 2: 340, 3: 0, 4: 0
DFA state visits cumulative  : 1: 278340, 2: 3853, 3: 0, 4: 0
DFA state entries in window  : 1: 100, 2: 4, 3: 0, 4: 0
DFA state entries cumulative : 1: 1800, 2: 51, 3: 0, 4: 0
transitions cumulative       : 1->2: 51
accepted directly from s0    : 0
Gym endings cumulative       : terminated=1781, truncated=19

[Episode 1900/8000 | last 100]
success rate                : 0.0% (cumulative 0.0%)
synthetic task reward       : 0.000
shaping reward              : -1654.433
learning reward             : -1654.433
episode length              : 326.5
abstract changes / episode  : 16.0
DFA transitions / episode   : 0.08
DFA transitions in window   : 1->2: 8
epsilon (next episode)       : 0.46760
replay buffer                : 300000 samples [1: 98.6%, 2: 1.4%, 3: 0.0%, 4: 0.0%]
DFA state visits in window   : 1: 32209, 2: 543, 3: 0, 4: 0
DFA state visits cumulative  : 1: 310549, 2: 4396, 3: 0, 4: 0
DFA state entries in window  : 1: 100, 2: 8, 3: 0, 4: 0
DFA state entries cumulative : 1: 1900, 2: 59, 3: 0, 4: 0
transitions cumulative       : 1->2: 59
accepted directly from s0    : 0
Gym endings cumulative       : terminated=1870, truncated=30

[Episode 2000/8000 | last 100]
success rate                : 0.0% (cumulative 0.0%)
synthetic task reward       : 0.000
shaping reward              : -1441.543
learning reward             : -1441.543
episode length              : 227.9
abstract changes / episode  : 15.5
DFA transitions / episode   : 0.27
DFA transitions in window   : 1->2: 26, 2->3: 1
epsilon (next episode)       : 0.44926
replay buffer                : 300000 samples [1: 97.9%, 2: 2.1%, 3: 0.0%, 4: 0.0%]
DFA state visits in window   : 1: 20596, 2: 2237, 3: 61, 4: 0
DFA state visits cumulative  : 1: 331145, 2: 6633, 3: 61, 4: 0
DFA state entries in window  : 1: 100, 2: 26, 3: 1, 4: 0
DFA state entries cumulative : 1: 2000, 2: 85, 3: 1, 4: 0
transitions cumulative       : 1->2: 85, 2->3: 1
accepted directly from s0    : 0
Gym endings cumulative       : terminated=1968, truncated=32

[Episode 2100/8000 | last 100]
success rate                : 0.0% (cumulative 0.0%)
synthetic task reward       : 0.000
shaping reward              : -1559.288
learning reward             : -1559.288
episode length              : 277.6
abstract changes / episode  : 17.1
DFA transitions / episode   : 0.23
DFA transitions in window   : 1->2: 23
epsilon (next episode)       : 0.43164
replay buffer                : 300000 samples [1: 97.4%, 2: 2.6%, 3: 0.0%, 4: 0.0%]
DFA state visits in window   : 1: 26226, 2: 1639, 3: 0, 4: 0
DFA state visits cumulative  : 1: 357371, 2: 8272, 3: 61, 4: 0
DFA state entries in window  : 1: 100, 2: 23, 3: 0, 4: 0
DFA state entries cumulative : 1: 2100, 2: 108, 3: 1, 4: 0
transitions cumulative       : 1->2: 108, 2->3: 1
accepted directly from s0    : 0
Gym endings cumulative       : terminated=2065, truncated=35

[Episode 2200/8000 | last 100]
success rate                : 0.0% (cumulative 0.0%)
synthetic task reward       : 0.000
shaping reward              : -1554.715
learning reward             : -1554.715
episode length              : 308.9
abstract changes / episode  : 16.3
DFA transitions / episode   : 0.16
DFA transitions in window   : 1->2: 16
epsilon (next episode)       : 0.41471
replay buffer                : 300000 samples [1: 97.1%, 2: 2.9%, 3: 0.0%, 4: 0.0%]
DFA state visits in window   : 1: 29791, 2: 1197, 3: 0, 4: 0
DFA state visits cumulative  : 1: 387162, 2: 9469, 3: 61, 4: 0
DFA state entries in window  : 1: 100, 2: 16, 3: 0, 4: 0
DFA state entries cumulative : 1: 2200, 2: 124, 3: 1, 4: 0
transitions cumulative       : 1->2: 124, 2->3: 1
accepted directly from s0    : 0
Gym endings cumulative       : terminated=2158, truncated=42

[Episode 2300/8000 | last 100]
success rate                : 0.0% (cumulative 0.0%)
synthetic task reward       : 0.000
shaping reward              : -1291.960
learning reward             : -1291.960
episode length              : 262.8
abstract changes / episode  : 14.6
DFA transitions / episode   : 0.15
DFA transitions in window   : 1->2: 15
epsilon (next episode)       : 0.39845
replay buffer                : 300000 samples [1: 97.0%, 2: 3.0%, 3: 0.0%, 4: 0.0%]
DFA state visits in window   : 1: 25754, 2: 624, 3: 0, 4: 0
DFA state visits cumulative  : 1: 412916, 2: 10093, 3: 61, 4: 0
DFA state entries in window  : 1: 100, 2: 15, 3: 0, 4: 0
DFA state entries cumulative : 1: 2300, 2: 139, 3: 1, 4: 0
transitions cumulative       : 1->2: 139, 2->3: 1
accepted directly from s0    : 0
Gym endings cumulative       : terminated=2255, truncated=45
Best policy updated at episode 2300: mean learning reward=-1291.960

[Episode 2400/8000 | last 100]
success rate                : 0.0% (cumulative 0.0%)
synthetic task reward       : 0.000
shaping reward              : -1331.917
learning reward             : -1331.917
episode length              : 347.5
abstract changes / episode  : 14.7
DFA transitions / episode   : 0.13
DFA transitions in window   : 1->2: 13
epsilon (next episode)       : 0.38282
replay buffer                : 300000 samples [1: 97.2%, 2: 2.8%, 3: 0.0%, 4: 0.0%]
DFA state visits in window   : 1: 34342, 2: 506, 3: 0, 4: 0
DFA state visits cumulative  : 1: 447258, 2: 10599, 3: 61, 4: 0
DFA state entries in window  : 1: 100, 2: 13, 3: 0, 4: 0
DFA state entries cumulative : 1: 2400, 2: 152, 3: 1, 4: 0
transitions cumulative       : 1->2: 152, 2->3: 1
accepted directly from s0    : 0
Gym endings cumulative       : terminated=2351, truncated=49

[Episode 2500/8000 | last 100]
success rate                : 0.0% (cumulative 0.0%)
synthetic task reward       : 0.000
shaping reward              : -1599.005
learning reward             : -1599.005
episode length              : 417.4
abstract changes / episode  : 16.9
DFA transitions / episode   : 0.15
DFA transitions in window   : 1->2: 15
epsilon (next episode)       : 0.36781
replay buffer                : 300000 samples [1: 96.8%, 2: 3.2%, 3: 0.0%, 4: 0.0%]
DFA state visits in window   : 1: 40462, 2: 1376, 3: 0, 4: 0
DFA state visits cumulative  : 1: 487720, 2: 11975, 3: 61, 4: 0
DFA state entries in window  : 1: 100, 2: 15, 3: 0, 4: 0
DFA state entries cumulative : 1: 2500, 2: 167, 3: 1, 4: 0
transitions cumulative       : 1->2: 167, 2->3: 1
accepted directly from s0    : 0
Gym endings cumulative       : terminated=2442, truncated=58

[Episode 2600/8000 | last 100]
success rate                : 0.0% (cumulative 0.0%)
synthetic task reward       : 0.000
shaping reward              : -1593.042
learning reward             : -1593.042
episode length              : 369.0
abstract changes / episode  : 17.7
DFA transitions / episode   : 0.20
DFA transitions in window   : 1->2: 19, 2->3: 1
epsilon (next episode)       : 0.35338
replay buffer                : 300000 samples [1: 95.7%, 2: 4.3%, 3: 0.0%, 4: 0.0%]
DFA state visits in window   : 1: 33562, 2: 3359, 3: 83, 4: 0
DFA state visits cumulative  : 1: 521282, 2: 15334, 3: 144, 4: 0
DFA state entries in window  : 1: 100, 2: 19, 3: 1, 4: 0
DFA state entries cumulative : 1: 2600, 2: 186, 3: 2, 4: 0
transitions cumulative       : 1->2: 186, 2->3: 2
accepted directly from s0    : 0
Gym endings cumulative       : terminated=2534, truncated=66

[Episode 2700/8000 | last 100]
success rate                : 0.0% (cumulative 0.0%)
synthetic task reward       : 0.000
shaping reward              : -1428.867
learning reward             : -1428.867
episode length              : 304.4
abstract changes / episode  : 16.0
DFA transitions / episode   : 0.10
DFA transitions in window   : 1->2: 9, 2->3: 1
epsilon (next episode)       : 0.33952
replay buffer                : 300000 samples [1: 95.8%, 2: 4.1%, 3: 0.1%, 4: 0.0%]
DFA state visits in window   : 1: 29596, 2: 705, 3: 243, 4: 0
DFA state visits cumulative  : 1: 550878, 2: 16039, 3: 387, 4: 0
DFA state entries in window  : 1: 100, 2: 9, 3: 1, 4: 0
DFA state entries cumulative : 1: 2700, 2: 195, 3: 3, 4: 0
transitions cumulative       : 1->2: 195, 2->3: 3
accepted directly from s0    : 0
Gym endings cumulative       : terminated=2630, truncated=70

[Episode 2800/8000 | last 100]
success rate                : 0.0% (cumulative 0.0%)
synthetic task reward       : 0.000
shaping reward              : -1407.621
learning reward             : -1407.621
episode length              : 419.4
abstract changes / episode  : 16.8
DFA transitions / episode   : 0.35
DFA transitions in window   : 1->2: 30, 2->3: 5
epsilon (next episode)       : 0.32621
replay buffer                : 300000 samples [1: 93.3%, 2: 6.0%, 3: 0.7%, 4: 0.0%]
DFA state visits in window   : 1: 34401, 2: 5986, 3: 1650, 4: 0
DFA state visits cumulative  : 1: 585279, 2: 22025, 3: 2037, 4: 0
DFA state entries in window  : 1: 100, 2: 30, 3: 5, 4: 0
DFA state entries cumulative : 1: 2800, 2: 225, 3: 8, 4: 0
transitions cumulative       : 1->2: 225, 2->3: 8
accepted directly from s0    : 0
Gym endings cumulative       : terminated=2721, truncated=79

[Episode 2900/8000 | last 100]
success rate                : 0.0% (cumulative 0.0%)
synthetic task reward       : 0.000
shaping reward              : -1302.720
learning reward             : -1302.720
episode length              : 460.4
abstract changes / episode  : 15.2
DFA transitions / episode   : 0.14
DFA transitions in window   : 1->2: 13, 2->3: 1
epsilon (next episode)       : 0.31341
replay buffer                : 300000 samples [1: 93.7%, 2: 5.6%, 3: 0.7%, 4: 0.0%]
DFA state visits in window   : 1: 43654, 2: 2317, 3: 166, 4: 0
DFA state visits cumulative  : 1: 628933, 2: 24342, 3: 2203, 4: 0
DFA state entries in window  : 1: 100, 2: 13, 3: 1, 4: 0
DFA state entries cumulative : 1: 2900, 2: 238, 3: 9, 4: 0
transitions cumulative       : 1->2: 238, 2->3: 9
accepted directly from s0    : 0
Gym endings cumulative       : terminated=2807, truncated=94

[Episode 3000/8000 | last 100]
success rate                : 0.0% (cumulative 0.0%)
synthetic task reward       : 0.000
shaping reward              : -1633.955
learning reward             : -1633.955
episode length              : 653.6
abstract changes / episode  : 19.9
DFA transitions / episode   : 0.32
DFA transitions in window   : 1->2: 30, 2->3: 2
epsilon (next episode)       : 0.30112
replay buffer                : 300000 samples [1: 92.2%, 2: 6.8%, 3: 1.0%, 4: 0.0%]
DFA state visits in window   : 1: 58372, 2: 6274, 3: 811, 4: 0
DFA state visits cumulative  : 1: 687305, 2: 30616, 3: 3014, 4: 0
DFA state entries in window  : 1: 100, 2: 30, 3: 2, 4: 0
DFA state entries cumulative : 1: 3000, 2: 268, 3: 11, 4: 0
transitions cumulative       : 1->2: 268, 2->3: 11
accepted directly from s0    : 0
Gym endings cumulative       : terminated=2878, truncated=123

[Episode 3100/8000 | last 100]
success rate                : 1.0% (cumulative 0.0%)
synthetic task reward       : 100.000
shaping reward              : -1370.717
learning reward             : -1270.717
episode length              : 550.8
abstract changes / episode  : 16.9
DFA transitions / episode   : 0.38
DFA transitions in window   : 1->2: 30, 2->3: 7, 3->4: 1
epsilon (next episode)       : 0.28931
replay buffer                : 300000 samples [1: 89.6%, 2: 9.0%, 3: 1.4%, 4: 0.0%]
DFA state visits in window   : 1: 46584, 2: 7282, 3: 1314, 4: 1
DFA state visits cumulative  : 1: 733889, 2: 37898, 3: 4328, 4: 1
DFA state entries in window  : 1: 100, 2: 30, 3: 7, 4: 1
DFA state entries cumulative : 1: 3100, 2: 298, 3: 18, 4: 1
transitions cumulative       : 1->2: 298, 2->3: 18, 3->4: 1
accepted directly from s0    : 0
Gym endings cumulative       : terminated=2955, truncated=145
Best policy updated at episode 3100: mean learning reward=-1270.717

[Episode 3200/8000 | last 100]
success rate                : 0.0% (cumulative 0.0%)
synthetic task reward       : 0.000
shaping reward              : -1585.283
learning reward             : -1585.283
episode length              : 608.7
abstract changes / episode  : 19.0
DFA transitions / episode   : 0.33
DFA transitions in window   : 1->2: 26, 2->3: 7
epsilon (next episode)       : 0.27797
replay buffer                : 300000 samples [1: 88.3%, 2: 9.8%, 3: 1.8%, 4: 0.0%]
DFA state visits in window   : 1: 52516, 2: 7090, 3: 1367, 4: 0
DFA state visits cumulative  : 1: 786405, 2: 44988, 3: 5695, 4: 1
DFA state entries in window  : 1: 100, 2: 26, 3: 7, 4: 0
DFA state entries cumulative : 1: 3200, 2: 324, 3: 25, 4: 1
transitions cumulative       : 1->2: 324, 2->3: 25, 3->4: 1
accepted directly from s0    : 0
Gym endings cumulative       : terminated=3021, truncated=179

[Episode 3300/8000 | last 100]
success rate                : 3.0% (cumulative 0.1%)
synthetic task reward       : 300.000
shaping reward              : -1587.002
learning reward             : -1287.002
episode length              : 559.9
abstract changes / episode  : 20.4
DFA transitions / episode   : 0.67
DFA transitions in window   : 1->2: 44, 2->3: 20, 3->4: 3
epsilon (next episode)       : 0.26706
replay buffer                : 300000 samples [1: 85.2%, 2: 11.8%, 3: 3.0%, 4: 0.0%]
DFA state visits in window   : 1: 41648, 2: 9476, 3: 4966, 4: 3
DFA state visits cumulative  : 1: 828053, 2: 54464, 3: 10661, 4: 4
DFA state entries in window  : 1: 100, 2: 44, 3: 20, 4: 3
DFA state entries cumulative : 1: 3300, 2: 368, 3: 45, 4: 4
transitions cumulative       : 1->2: 368, 2->3: 45, 3->4: 4
accepted directly from s0    : 0
Gym endings cumulative       : terminated=3092, truncated=205

[Episode 3400/8000 | last 100]
success rate                : 0.0% (cumulative 0.1%)
synthetic task reward       : 0.000
shaping reward              : -1278.211
learning reward             : -1278.211
episode length              : 473.3
abstract changes / episode  : 16.0
DFA transitions / episode   : 0.19
DFA transitions in window   : 1->2: 18, 2->3: 1
epsilon (next episode)       : 0.25659
replay buffer                : 300000 samples [1: 86.0%, 2: 11.2%, 3: 2.8%, 4: 0.0%]
DFA state visits in window   : 1: 44512, 2: 2918, 3: 1, 4: 0
DFA state visits cumulative  : 1: 872565, 2: 57382, 3: 10662, 4: 4
DFA state entries in window  : 1: 100, 2: 18, 3: 1, 4: 0
DFA state entries cumulative : 1: 3400, 2: 386, 3: 46, 4: 4
transitions cumulative       : 1->2: 386, 2->3: 46, 3->4: 4
accepted directly from s0    : 0
Gym endings cumulative       : terminated=3181, truncated=216

[Episode 3500/8000 | last 100]
success rate                : 2.0% (cumulative 0.2%)
synthetic task reward       : 200.000
shaping reward              : -1683.903
learning reward             : -1483.903
episode length              : 538.5
abstract changes / episode  : 20.7
DFA transitions / episode   : 0.60
DFA transitions in window   : 1->2: 40, 2->3: 18, 3->4: 2
epsilon (next episode)       : 0.24653
replay buffer                : 300000 samples [1: 82.3%, 2: 12.9%, 3: 4.8%, 4: 0.0%]
DFA state visits in window   : 1: 39020, 2: 8399, 3: 6533, 4: 2
DFA state visits cumulative  : 1: 911585, 2: 65781, 3: 17195, 4: 6
DFA state entries in window  : 1: 100, 2: 40, 3: 18, 4: 2
DFA state entries cumulative : 1: 3500, 2: 426, 3: 64, 4: 6
transitions cumulative       : 1->2: 426, 2->3: 64, 3->4: 6
accepted directly from s0    : 0
Gym endings cumulative       : terminated=3254, truncated=241

[Episode 3600/8000 | last 100]
success rate                : 7.0% (cumulative 0.4%)
synthetic task reward       : 700.000
shaping reward              : -1414.116
learning reward             : -714.116
episode length              : 490.9
abstract changes / episode  : 18.4
DFA transitions / episode   : 0.57
DFA transitions in window   : 1->2: 35, 2->3: 15, 3->4: 7
epsilon (next episode)       : 0.23686
replay buffer                : 300000 samples [1: 80.2%, 2: 13.8%, 3: 6.1%, 4: 0.0%]
DFA state visits in window   : 1: 35267, 2: 9247, 3: 4673, 4: 7
DFA state visits cumulative  : 1: 946852, 2: 75028, 3: 21868, 4: 13
DFA state entries in window  : 1: 100, 2: 35, 3: 15, 4: 7
DFA state entries cumulative : 1: 3600, 2: 461, 3: 79, 4: 13
transitions cumulative       : 1->2: 461, 2->3: 79, 3->4: 13
accepted directly from s0    : 0
Gym endings cumulative       : terminated=3331, truncated=257
Best policy updated at episode 3600: mean learning reward=-714.116

[Episode 3700/8000 | last 100]
success rate                : 7.0% (cumulative 0.5%)
synthetic task reward       : 700.000
shaping reward              : -1974.821
learning reward             : -1274.821
episode length              : 590.7
abstract changes / episode  : 25.0
DFA transitions / episode   : 0.82
DFA transitions in window   : 1->2: 50, 2->3: 25, 3->4: 7
epsilon (next episode)       : 0.22757
replay buffer                : 300000 samples [1: 78.5%, 2: 14.4%, 3: 7.1%, 4: 0.0%]
DFA state visits in window   : 1: 44120, 2: 10201, 3: 4843, 4: 7
DFA state visits cumulative  : 1: 990972, 2: 85229, 3: 26711, 4: 20
DFA state entries in window  : 1: 100, 2: 50, 3: 25, 4: 7
DFA state entries cumulative : 1: 3700, 2: 511, 3: 104, 4: 20
transitions cumulative       : 1->2: 511, 2->3: 104, 3->4: 20
accepted directly from s0    : 0
Gym endings cumulative       : terminated=3403, truncated=278

[Episode 3800/8000 | last 100]
success rate                : 25.0% (cumulative 1.2%)
synthetic task reward       : 2500.000
shaping reward              : -2396.657
learning reward             : 103.343
episode length              : 553.6
abstract changes / episode  : 31.4
DFA transitions / episode   : 1.59
DFA transitions in window   : 1->2: 80, 2->3: 54, 3->4: 25
epsilon (next episode)       : 0.21865
replay buffer                : 300000 samples [1: 72.3%, 2: 18.6%, 3: 9.1%, 4: 0.0%]
DFA state visits in window   : 1: 27554, 2: 20069, 3: 7812, 4: 25
DFA state visits cumulative  : 1: 1018526, 2: 105298, 3: 34523, 4: 45
DFA state entries in window  : 1: 100, 2: 80, 3: 54, 4: 25
DFA state entries cumulative : 1: 3800, 2: 591, 3: 158, 4: 45
transitions cumulative       : 1->2: 591, 2->3: 158, 3->4: 45
accepted directly from s0    : 0
Gym endings cumulative       : terminated=3468, truncated=288
Best policy updated at episode 3800: mean learning reward=103.343

[Episode 3900/8000 | last 100]
success rate                : 23.0% (cumulative 1.7%)
synthetic task reward       : 2300.000
shaping reward              : -2784.686
learning reward             : -484.686
episode length              : 588.7
abstract changes / episode  : 35.7
DFA transitions / episode   : 1.45
DFA transitions in window   : 1->2: 73, 2->3: 49, 3->4: 23
epsilon (next episode)       : 0.21007
replay buffer                : 300000 samples [1: 67.1%, 2: 22.6%, 3: 10.3%, 4: 0.0%]
DFA state visits in window   : 1: 33733, 2: 17993, 3: 7219, 4: 23
DFA state visits cumulative  : 1: 1052259, 2: 123291, 3: 41742, 4: 68
DFA state entries in window  : 1: 100, 2: 73, 3: 49, 4: 23
DFA state entries cumulative : 1: 3900, 2: 664, 3: 207, 4: 68
transitions cumulative       : 1->2: 664, 2->3: 207, 3->4: 68
accepted directly from s0    : 0
Gym endings cumulative       : terminated=3526, truncated=307

[Episode 4000/8000 | last 100]
success rate                : 27.0% (cumulative 2.4%)
synthetic task reward       : 2700.000
shaping reward              : -2269.446
learning reward             : 430.554
episode length              : 477.0
abstract changes / episode  : 29.4
DFA transitions / episode   : 1.38
DFA transitions in window   : 1->2: 62, 2->3: 49, 3->4: 27
epsilon (next episode)       : 0.20183
replay buffer                : 300000 samples [1: 62.2%, 2: 25.6%, 3: 12.2%, 4: 0.0%]
DFA state visits in window   : 1: 25969, 2: 14380, 3: 7420, 4: 27
DFA state visits cumulative  : 1: 1078228, 2: 137671, 3: 49162, 4: 95
DFA state entries in window  : 1: 100, 2: 62, 3: 49, 4: 27
DFA state entries cumulative : 1: 4000, 2: 726, 3: 256, 4: 95
transitions cumulative       : 1->2: 726, 2->3: 256, 3->4: 95
accepted directly from s0    : 0
Gym endings cumulative       : terminated=3591, truncated=315
Best policy updated at episode 4000: mean learning reward=430.554

[Episode 4100/8000 | last 100]
success rate                : 57.0% (cumulative 3.7%)
synthetic task reward       : 5700.000
shaping reward              : -2177.097
learning reward             : 3522.903
episode length              : 431.5
abstract changes / episode  : 31.2
DFA transitions / episode   : 2.18
DFA transitions in window   : 1->2: 92, 2->3: 69, 3->4: 57
epsilon (next episode)       : 0.19392
replay buffer                : 300000 samples [1: 58.1%, 2: 29.0%, 3: 12.9%, 4: 0.0%]
DFA state visits in window   : 1: 17547, 2: 18085, 3: 7560, 4: 57
DFA state visits cumulative  : 1: 1095775, 2: 155756, 3: 56722, 4: 152
DFA state entries in window  : 1: 100, 2: 92, 3: 69, 4: 57
DFA state entries cumulative : 1: 4100, 2: 818, 3: 325, 4: 152
transitions cumulative       : 1->2: 818, 2->3: 325, 3->4: 152
accepted directly from s0    : 0
Gym endings cumulative       : terminated=3632, truncated=317
Best policy updated at episode 4100: mean learning reward=3522.903

[Episode 4200/8000 | last 100]
success rate                : 35.0% (cumulative 4.5%)
synthetic task reward       : 3500.000
shaping reward              : -2123.291
learning reward             : 1376.709
episode length              : 388.6
abstract changes / episode  : 27.4
DFA transitions / episode   : 1.42
DFA transitions in window   : 1->2: 65, 2->3: 42, 3->4: 35
epsilon (next episode)       : 0.18631
replay buffer                : 300000 samples [1: 55.7%, 2: 31.4%, 3: 12.9%, 4: 0.0%]
DFA state visits in window   : 1: 19738, 2: 15073, 3: 4109, 4: 35
DFA state visits cumulative  : 1: 1115513, 2: 170829, 3: 60831, 4: 187
DFA state entries in window  : 1: 100, 2: 65, 3: 42, 4: 35
DFA state entries cumulative : 1: 4200, 2: 883, 3: 367, 4: 187
transitions cumulative       : 1->2: 883, 2->3: 367, 3->4: 187
accepted directly from s0    : 0
Gym endings cumulative       : terminated=3697, truncated=317

[Episode 4300/8000 | last 100]
success rate                : 65.0% (cumulative 5.9%)
synthetic task reward       : 6500.000
shaping reward              : -1671.599
learning reward             : 4828.401
episode length              : 366.9
abstract changes / episode  : 26.1
DFA transitions / episode   : 2.20
DFA transitions in window   : 1->2: 86, 2->3: 69, 3->4: 65
epsilon (next episode)       : 0.17900
replay buffer                : 300000 samples [1: 52.0%, 2: 34.6%, 3: 13.4%, 4: 0.0%]
DFA state visits in window   : 1: 16515, 2: 14819, 3: 5389, 4: 65
DFA state visits cumulative  : 1: 1132028, 2: 185648, 3: 66220, 4: 252
DFA state entries in window  : 1: 100, 2: 86, 3: 69, 4: 65
DFA state entries cumulative : 1: 4300, 2: 969, 3: 436, 4: 252
transitions cumulative       : 1->2: 969, 2->3: 436, 3->4: 252
accepted directly from s0    : 0
Gym endings cumulative       : terminated=3730, truncated=319
Best policy updated at episode 4300: mean learning reward=4828.401

[Episode 4400/8000 | last 100]
success rate                : 62.0% (cumulative 7.1%)
synthetic task reward       : 6200.000
shaping reward              : -1710.998
learning reward             : 4489.002
episode length              : 356.2
abstract changes / episode  : 26.3
DFA transitions / episode   : 2.13
DFA transitions in window   : 1->2: 86, 2->3: 65, 3->4: 62
epsilon (next episode)       : 0.17198
replay buffer                : 300000 samples [1: 49.3%, 2: 36.9%, 3: 13.7%, 4: 0.0%]
DFA state visits in window   : 1: 16088, 2: 15367, 3: 4203, 4: 62
DFA state visits cumulative  : 1: 1148116, 2: 201015, 3: 70423, 4: 314
DFA state entries in window  : 1: 100, 2: 86, 3: 65, 4: 62
DFA state entries cumulative : 1: 4400, 2: 1055, 3: 501, 4: 314
transitions cumulative       : 1->2: 1055, 2->3: 501, 3->4: 314
accepted directly from s0    : 0
Gym endings cumulative       : terminated=3766, truncated=321

[Episode 4500/8000 | last 100]
success rate                : 57.0% (cumulative 8.2%)
synthetic task reward       : 5700.000
shaping reward              : -1457.057
learning reward             : 4242.943
episode length              : 317.6
abstract changes / episode  : 23.1
DFA transitions / episode   : 1.92
DFA transitions in window   : 1->2: 75, 2->3: 60, 3->4: 57
epsilon (next episode)       : 0.16524
replay buffer                : 300000 samples [1: 49.8%, 2: 36.7%, 3: 13.5%, 4: 0.0%]
DFA state visits in window   : 1: 16221, 2: 11978, 3: 3609, 4: 57
DFA state visits cumulative  : 1: 1164337, 2: 212993, 3: 74032, 4: 371
DFA state entries in window  : 1: 100, 2: 75, 3: 60, 4: 57
DFA state entries cumulative : 1: 4500, 2: 1130, 3: 561, 4: 371
transitions cumulative       : 1->2: 1130, 2->3: 561, 3->4: 371
accepted directly from s0    : 0
Gym endings cumulative       : terminated=3809, truncated=321

[Episode 4600/8000 | last 100]
success rate                : 70.0% (cumulative 9.6%)
synthetic task reward       : 7000.000
shaping reward              : -1616.736
learning reward             : 5383.264
episode length              : 363.1
abstract changes / episode  : 26.7
DFA transitions / episode   : 2.43
DFA transitions in window   : 1->2: 92, 2->3: 81, 3->4: 70
epsilon (next episode)       : 0.15876
replay buffer                : 300000 samples [1: 50.3%, 2: 35.9%, 3: 13.8%, 4: 0.0%]
DFA state visits in window   : 1: 19294, 2: 10883, 3: 6168, 4: 70
DFA state visits cumulative  : 1: 1183631, 2: 223876, 3: 80200, 4: 441
DFA state entries in window  : 1: 100, 2: 92, 3: 81, 4: 70
DFA state entries cumulative : 1: 4600, 2: 1222, 3: 642, 4: 441
transitions cumulative       : 1->2: 1222, 2->3: 642, 3->4: 441
accepted directly from s0    : 0
Gym endings cumulative       : terminated=3837, truncated=323
Best policy updated at episode 4600: mean learning reward=5383.264

[Episode 4700/8000 | last 100]
success rate                : 55.0% (cumulative 10.6%)
synthetic task reward       : 5500.000
shaping reward              : -1018.476
learning reward             : 4481.524
episode length              : 247.6
abstract changes / episode  : 18.9
DFA transitions / episode   : 1.98
DFA transitions in window   : 1->2: 79, 2->3: 64, 3->4: 55
epsilon (next episode)       : 0.15253
replay buffer                : 300000 samples [1: 49.8%, 2: 36.2%, 3: 14.0%, 4: 0.0%]
DFA state visits in window   : 1: 14999, 2: 6434, 3: 3375, 4: 55
DFA state visits cumulative  : 1: 1198630, 2: 230310, 3: 83575, 4: 496
DFA state entries in window  : 1: 100, 2: 79, 3: 64, 4: 55
DFA state entries cumulative : 1: 4700, 2: 1301, 3: 706, 4: 496
transitions cumulative       : 1->2: 1301, 2->3: 706, 3->4: 496
accepted directly from s0    : 0
Gym endings cumulative       : terminated=3882, truncated=323

[Episode 4800/8000 | last 100]
success rate                : 49.0% (cumulative 11.4%)
synthetic task reward       : 4900.000
shaping reward              : -1236.196
learning reward             : 3663.804
episode length              : 298.6
abstract changes / episode  : 20.6
DFA transitions / episode   : 1.93
DFA transitions in window   : 1->2: 82, 2->3: 62, 3->4: 49
epsilon (next episode)       : 0.14655
replay buffer                : 300000 samples [1: 49.6%, 2: 36.2%, 3: 14.2%, 4: 0.0%]
DFA state visits in window   : 1: 19120, 2: 7507, 3: 3288, 4: 49
DFA state visits cumulative  : 1: 1217750, 2: 237817, 3: 86863, 4: 545
DFA state entries in window  : 1: 100, 2: 82, 3: 62, 4: 49
DFA state entries cumulative : 1: 4800, 2: 1383, 3: 768, 4: 545
transitions cumulative       : 1->2: 1383, 2->3: 768, 3->4: 545
accepted directly from s0    : 0
Gym endings cumulative       : terminated=3933, truncated=323

[Episode 4900/8000 | last 100]
success rate                : 49.0% (cumulative 12.1%)
synthetic task reward       : 4900.000
shaping reward              : -1628.768
learning reward             : 3271.232
episode length              : 338.8
abstract changes / episode  : 24.0
DFA transitions / episode   : 1.82
DFA transitions in window   : 1->2: 75, 2->3: 58, 3->4: 49
epsilon (next episode)       : 0.14080
replay buffer                : 300000 samples [1: 53.1%, 2: 33.8%, 3: 13.1%, 4: 0.0%]
DFA state visits in window   : 1: 23707, 2: 7009, 3: 3210, 4: 49
DFA state visits cumulative  : 1: 1241457, 2: 244826, 3: 90073, 4: 594
DFA state entries in window  : 1: 100, 2: 75, 3: 58, 4: 49
DFA state entries cumulative : 1: 4900, 2: 1458, 3: 826, 4: 594
transitions cumulative       : 1->2: 1458, 2->3: 826, 3->4: 594
accepted directly from s0    : 0
Gym endings cumulative       : terminated=3982, truncated=325

[Episode 5000/8000 | last 100]
success rate                : 55.0% (cumulative 13.0%)
synthetic task reward       : 5500.000
shaping reward              : -1374.994
learning reward             : 4125.006
episode length              : 278.6
abstract changes / episode  : 21.7
DFA transitions / episode   : 1.97
DFA transitions in window   : 1->2: 79, 2->3: 63, 3->4: 55
epsilon (next episode)       : 0.13528
replay buffer                : 300000 samples [1: 55.2%, 2: 32.5%, 3: 12.3%, 4: 0.0%]
DFA state visits in window   : 1: 17633, 2: 6959, 3: 3313, 4: 55
DFA state visits cumulative  : 1: 1259090, 2: 251785, 3: 93386, 4: 649
DFA state entries in window  : 1: 100, 2: 79, 3: 63, 4: 55
DFA state entries cumulative : 1: 5000, 2: 1537, 3: 889, 4: 649
transitions cumulative       : 1->2: 1537, 2->3: 889, 3->4: 649
accepted directly from s0    : 0
Gym endings cumulative       : terminated=4026, truncated=326

[Episode 5100/8000 | last 100]
success rate                : 66.0% (cumulative 14.0%)
synthetic task reward       : 6600.000
shaping reward              : -1354.799
learning reward             : 5245.201
episode length              : 312.5
abstract changes / episode  : 23.7
DFA transitions / episode   : 2.35
DFA transitions in window   : 1->2: 89, 2->3: 80, 3->4: 66
epsilon (next episode)       : 0.12998
replay buffer                : 300000 samples [1: 55.6%, 2: 31.4%, 3: 13.0%, 4: 0.0%]
DFA state visits in window   : 1: 18069, 2: 8681, 3: 4530, 4: 66
DFA state visits cumulative  : 1: 1277159, 2: 260466, 3: 97916, 4: 715
DFA state entries in window  : 1: 100, 2: 89, 3: 80, 4: 66
DFA state entries cumulative : 1: 5100, 2: 1626, 3: 969, 4: 715
transitions cumulative       : 1->2: 1626, 2->3: 969, 3->4: 715
accepted directly from s0    : 0
Gym endings cumulative       : terminated=4060, truncated=326

[Episode 5200/8000 | last 100]
success rate                : 72.0% (cumulative 15.1%)
synthetic task reward       : 7200.000
shaping reward              : -1070.357
learning reward             : 6129.643
episode length              : 274.9
abstract changes / episode  : 20.9
DFA transitions / episode   : 2.45
DFA transitions in window   : 1->2: 92, 2->3: 81, 3->4: 72
epsilon (next episode)       : 0.12488
replay buffer                : 300000 samples [1: 57.0%, 2: 30.2%, 3: 12.8%, 4: 0.0%]
DFA state visits in window   : 1: 16030, 2: 7884, 3: 3605, 4: 72
DFA state visits cumulative  : 1: 1293189, 2: 268350, 3: 101521, 4: 787
DFA state entries in window  : 1: 100, 2: 92, 3: 81, 4: 72
DFA state entries cumulative : 1: 5200, 2: 1718, 3: 1050, 4: 787
transitions cumulative       : 1->2: 1718, 2->3: 1050, 3->4: 787
accepted directly from s0    : 0
Gym endings cumulative       : terminated=4088, truncated=326
Best policy updated at episode 5200: mean learning reward=6129.643

[Episode 5300/8000 | last 100]
success rate                : 74.0% (cumulative 16.2%)
synthetic task reward       : 7400.000
shaping reward              : -1393.173
learning reward             : 6006.827
episode length              : 340.4
abstract changes / episode  : 24.2
DFA transitions / episode   : 2.45
DFA transitions in window   : 1->2: 91, 2->3: 80, 3->4: 74
epsilon (next episode)       : 0.11998
replay buffer                : 300000 samples [1: 58.0%, 2: 29.9%, 3: 12.1%, 4: 0.0%]
DFA state visits in window   : 1: 19222, 2: 11691, 3: 3158, 4: 74
DFA state visits cumulative  : 1: 1312411, 2: 280041, 3: 104679, 4: 861
DFA state entries in window  : 1: 100, 2: 91, 3: 80, 4: 74
DFA state entries cumulative : 1: 5300, 2: 1809, 3: 1130, 4: 861
transitions cumulative       : 1->2: 1809, 2->3: 1130, 3->4: 861
accepted directly from s0    : 0
Gym endings cumulative       : terminated=4109, truncated=331

[Episode 5400/8000 | last 100]
success rate                : 72.0% (cumulative 17.3%)
synthetic task reward       : 7200.000
shaping reward              : -1275.693
learning reward             : 5924.307
episode length              : 308.4
abstract changes / episode  : 22.9
DFA transitions / episode   : 2.46
DFA transitions in window   : 1->2: 91, 2->3: 83, 3->4: 72
epsilon (next episode)       : 0.11528
replay buffer                : 300000 samples [1: 59.4%, 2: 28.1%, 3: 12.5%, 4: 0.0%]
DFA state visits in window   : 1: 18168, 2: 8617, 3: 4079, 4: 72
DFA state visits cumulative  : 1: 1330579, 2: 288658, 3: 108758, 4: 933
DFA state entries in window  : 1: 100, 2: 91, 3: 83, 4: 72
DFA state entries cumulative : 1: 5400, 2: 1900, 3: 1213, 4: 933
transitions cumulative       : 1->2: 1900, 2->3: 1213, 3->4: 933
accepted directly from s0    : 0
Gym endings cumulative       : terminated=4136, truncated=332

[Episode 5500/8000 | last 100]
success rate                : 53.0% (cumulative 17.9%)
synthetic task reward       : 5300.000
shaping reward              : -1492.105
learning reward             : 3807.895
episode length              : 329.4
abstract changes / episode  : 22.6
DFA transitions / episode   : 1.81
DFA transitions in window   : 1->2: 68, 2->3: 60, 3->4: 53
epsilon (next episode)       : 0.11075
replay buffer                : 300000 samples [1: 61.2%, 2: 26.8%, 3: 12.0%, 4: 0.0%]
DFA state visits in window   : 1: 22493, 2: 7655, 3: 2843, 4: 53
DFA state visits cumulative  : 1: 1353072, 2: 296313, 3: 111601, 4: 986
DFA state entries in window  : 1: 100, 2: 68, 3: 60, 4: 53
DFA state entries cumulative : 1: 5500, 2: 1968, 3: 1273, 4: 986
transitions cumulative       : 1->2: 1968, 2->3: 1273, 3->4: 986
accepted directly from s0    : 0
Gym endings cumulative       : terminated=4183, truncated=332

[Episode 5600/8000 | last 100]
success rate                : 61.0% (cumulative 18.7%)
synthetic task reward       : 6100.000
shaping reward              : -1709.394
learning reward             : 4390.606
episode length              : 368.6
abstract changes / episode  : 26.0
DFA transitions / episode   : 2.13
DFA transitions in window   : 1->2: 80, 2->3: 72, 3->4: 61
epsilon (next episode)       : 0.10641
replay buffer                : 300000 samples [1: 62.4%, 2: 26.5%, 3: 11.1%, 4: 0.0%]
DFA state visits in window   : 1: 23864, 2: 9478, 3: 3561, 4: 61
DFA state visits cumulative  : 1: 1376936, 2: 305791, 3: 115162, 4: 1047
DFA state entries in window  : 1: 100, 2: 80, 3: 72, 4: 61
DFA state entries cumulative : 1: 5600, 2: 2048, 3: 1345, 4: 1047
transitions cumulative       : 1->2: 2048, 2->3: 1345, 3->4: 1047
accepted directly from s0    : 0
Gym endings cumulative       : terminated=4222, truncated=332

[Episode 5700/8000 | last 100]
success rate                : 81.0% (cumulative 19.8%)
synthetic task reward       : 8100.000
shaping reward              : -1568.297
learning reward             : 6531.703
episode length              : 346.9
abstract changes / episode  : 27.1
DFA transitions / episode   : 2.70
DFA transitions in window   : 1->2: 98, 2->3: 91, 3->4: 81
epsilon (next episode)       : 0.10224
replay buffer                : 300000 samples [1: 61.3%, 2: 27.7%, 3: 11.0%, 4: 0.0%]
DFA state visits in window   : 1: 17467, 2: 13109, 3: 4132, 4: 81
DFA state visits cumulative  : 1: 1394403, 2: 318900, 3: 119294, 4: 1128
DFA state entries in window  : 1: 100, 2: 98, 3: 91, 4: 81
DFA state entries cumulative : 1: 5700, 2: 2146, 3: 1436, 4: 1128
transitions cumulative       : 1->2: 2146, 2->3: 1436, 3->4: 1128
accepted directly from s0    : 0
Gym endings cumulative       : terminated=4239, truncated=334
Best policy updated at episode 5700: mean learning reward=6531.703

[Episode 5800/8000 | last 100]
success rate                : 79.0% (cumulative 20.8%)
synthetic task reward       : 7900.000
shaping reward              : -1537.191
learning reward             : 6362.809
episode length              : 358.6
abstract changes / episode  : 26.1
DFA transitions / episode   : 2.58
DFA transitions in window   : 1->2: 91, 2->3: 88, 3->4: 79
epsilon (next episode)       : 0.09823
replay buffer                : 300000 samples [1: 60.3%, 2: 28.4%, 3: 11.3%, 4: 0.0%]
DFA state visits in window   : 1: 21435, 2: 10019, 3: 4426, 4: 79
DFA state visits cumulative  : 1: 1415838, 2: 328919, 3: 123720, 4: 1207
DFA state entries in window  : 1: 100, 2: 91, 3: 88, 4: 79
DFA state entries cumulative : 1: 5800, 2: 2237, 3: 1524, 4: 1207
transitions cumulative       : 1->2: 2237, 2->3: 1524, 3->4: 1207
accepted directly from s0    : 0
Gym endings cumulative       : terminated=4259, truncated=335

[Episode 5900/8000 | last 100]
success rate                : 77.0% (cumulative 21.8%)
synthetic task reward       : 7700.000
shaping reward              : -1331.337
learning reward             : 6368.663
episode length              : 326.7
abstract changes / episode  : 23.9
DFA transitions / episode   : 2.47
DFA transitions in window   : 1->2: 88, 2->3: 82, 3->4: 77
epsilon (next episode)       : 0.09438
replay buffer                : 300000 samples [1: 59.2%, 2: 29.3%, 3: 11.5%, 4: 0.0%]
DFA state visits in window   : 1: 19077, 2: 9773, 3: 3845, 4: 77
DFA state visits cumulative  : 1: 1434915, 2: 338692, 3: 127565, 4: 1284
DFA state entries in window  : 1: 100, 2: 88, 3: 82, 4: 77
DFA state entries cumulative : 1: 5900, 2: 2325, 3: 1606, 4: 1284
transitions cumulative       : 1->2: 2325, 2->3: 1606, 3->4: 1284
accepted directly from s0    : 0
Gym endings cumulative       : terminated=4281, truncated=336

[Episode 6000/8000 | last 100]
success rate                : 79.0% (cumulative 22.7%)
synthetic task reward       : 7900.000
shaping reward              : -1194.351
learning reward             : 6705.649
episode length              : 327.0
abstract changes / episode  : 22.3
DFA transitions / episode   : 2.48
DFA transitions in window   : 1->2: 86, 2->3: 83, 3->4: 79
epsilon (next episode)       : 0.09067
replay buffer                : 300000 samples [1: 59.8%, 2: 29.3%, 3: 10.9%, 4: 0.0%]
DFA state visits in window   : 1: 20543, 2: 9260, 3: 2914, 4: 79
DFA state visits cumulative  : 1: 1455458, 2: 347952, 3: 130479, 4: 1363
DFA state entries in window  : 1: 100, 2: 86, 3: 83, 4: 79
DFA state entries cumulative : 1: 6000, 2: 2411, 3: 1689, 4: 1363
transitions cumulative       : 1->2: 2411, 2->3: 1689, 3->4: 1363
accepted directly from s0    : 0
Gym endings cumulative       : terminated=4298, truncated=340
Best policy updated at episode 6000: mean learning reward=6705.649

[Episode 6100/8000 | last 100]
success rate                : 90.0% (cumulative 23.8%)
synthetic task reward       : 9000.000
shaping reward              : -1272.741
learning reward             : 7727.259
episode length              : 314.9
abstract changes / episode  : 24.4
DFA transitions / episode   : 2.83
DFA transitions in window   : 1->2: 99, 2->3: 94, 3->4: 90
epsilon (next episode)       : 0.08712
replay buffer                : 300000 samples [1: 59.0%, 2: 29.8%, 3: 11.2%, 4: 0.0%]
DFA state visits in window   : 1: 15998, 2: 10531, 3: 4966, 4: 90
DFA state visits cumulative  : 1: 1471456, 2: 358483, 3: 135445, 4: 1453
DFA state entries in window  : 1: 100, 2: 99, 3: 94, 4: 90
DFA state entries cumulative : 1: 6100, 2: 2510, 3: 1783, 4: 1453
transitions cumulative       : 1->2: 2510, 2->3: 1783, 3->4: 1453
accepted directly from s0    : 0
Gym endings cumulative       : terminated=4308, truncated=340
Best policy updated at episode 6100: mean learning reward=7727.259

[Episode 6200/8000 | last 100]
success rate                : 76.0% (cumulative 24.7%)
synthetic task reward       : 7600.000
shaping reward              : -1327.353
learning reward             : 6272.647
episode length              : 313.0
abstract changes / episode  : 23.5
DFA transitions / episode   : 2.50
DFA transitions in window   : 1->2: 91, 2->3: 83, 3->4: 76
epsilon (next episode)       : 0.08370
replay buffer                : 300000 samples [1: 59.5%, 2: 29.1%, 3: 11.4%, 4: 0.0%]
DFA state visits in window   : 1: 19082, 2: 8763, 3: 3477, 4: 76
DFA state visits cumulative  : 1: 1490538, 2: 367246, 3: 138922, 4: 1529
DFA state entries in window  : 1: 100, 2: 91, 3: 83, 4: 76
DFA state entries cumulative : 1: 6200, 2: 2601, 3: 1866, 4: 1529
transitions cumulative       : 1->2: 2601, 2->3: 1866, 3->4: 1529
accepted directly from s0    : 0
Gym endings cumulative       : terminated=4332, truncated=340

[Episode 6300/8000 | last 100]
success rate                : 80.0% (cumulative 25.5%)
synthetic task reward       : 8000.000
shaping reward              : -1014.388
learning reward             : 6985.612
episode length              : 278.4
abstract changes / episode  : 21.0
DFA transitions / episode   : 2.65
DFA transitions in window   : 1->2: 95, 2->3: 90, 3->4: 80
epsilon (next episode)       : 0.08042
replay buffer                : 300000 samples [1: 59.6%, 2: 29.1%, 3: 11.3%, 4: 0.0%]
DFA state visits in window   : 1: 16967, 2: 7742, 3: 3150, 4: 80
DFA state visits cumulative  : 1: 1507505, 2: 374988, 3: 142072, 4: 1609
DFA state entries in window  : 1: 100, 2: 95, 3: 90, 4: 80
DFA state entries cumulative : 1: 6300, 2: 2696, 3: 1956, 4: 1609
transitions cumulative       : 1->2: 2696, 2->3: 1956, 3->4: 1609
accepted directly from s0    : 0
Gym endings cumulative       : terminated=4351, truncated=341

[Episode 6400/8000 | last 100]
success rate                : 76.0% (cumulative 26.3%)
synthetic task reward       : 7600.000
shaping reward              : -1153.625
learning reward             : 6446.375
episode length              : 287.4
abstract changes / episode  : 22.3
DFA transitions / episode   : 2.51
DFA transitions in window   : 1->2: 92, 2->3: 83, 3->4: 76
epsilon (next episode)       : 0.07727
replay buffer                : 300000 samples [1: 59.5%, 2: 29.2%, 3: 11.3%, 4: 0.0%]
DFA state visits in window   : 1: 18141, 2: 7507, 3: 3118, 4: 76
DFA state visits cumulative  : 1: 1525646, 2: 382495, 3: 145190, 4: 1685
DFA state entries in window  : 1: 100, 2: 92, 3: 83, 4: 76
DFA state entries cumulative : 1: 6400, 2: 2788, 3: 2039, 4: 1685
transitions cumulative       : 1->2: 2788, 2->3: 2039, 3->4: 1685
accepted directly from s0    : 0
Gym endings cumulative       : terminated=4374, truncated=342

[Episode 6500/8000 | last 100]
success rate                : 72.0% (cumulative 27.0%)
synthetic task reward       : 7200.000
shaping reward              : -1270.876
learning reward             : 5929.124
episode length              : 286.1
abstract changes / episode  : 23.1
DFA transitions / episode   : 2.44
DFA transitions in window   : 1->2: 91, 2->3: 81, 3->4: 72
epsilon (next episode)       : 0.07423
replay buffer                : 300000 samples [1: 58.1%, 2: 30.1%, 3: 11.8%, 4: 0.0%]
DFA state visits in window   : 1: 17704, 2: 7820, 3: 3109, 4: 72
DFA state visits cumulative  : 1: 1543350, 2: 390315, 3: 148299, 4: 1757
DFA state entries in window  : 1: 100, 2: 91, 3: 81, 4: 72
DFA state entries cumulative : 1: 6500, 2: 2879, 3: 2120, 4: 1757
transitions cumulative       : 1->2: 2879, 2->3: 2120, 3->4: 1757
accepted directly from s0    : 0
Gym endings cumulative       : terminated=4402, truncated=342

[Episode 6600/8000 | last 100]
success rate                : 63.0% (cumulative 27.6%)
synthetic task reward       : 6300.000
shaping reward              : -936.081
learning reward             : 5363.919
episode length              : 241.8
abstract changes / episode  : 17.9
DFA transitions / episode   : 1.99
DFA transitions in window   : 1->2: 69, 2->3: 67, 3->4: 63
epsilon (next episode)       : 0.07132
replay buffer                : 300000 samples [1: 59.5%, 2: 28.9%, 3: 11.7%, 4: 0.0%]
DFA state visits in window   : 1: 16046, 2: 5607, 3: 2566, 4: 63
DFA state visits cumulative  : 1: 1559396, 2: 395922, 3: 150865, 4: 1820
DFA state entries in window  : 1: 100, 2: 69, 3: 67, 4: 63
DFA state entries cumulative : 1: 6600, 2: 2948, 3: 2187, 4: 1820
transitions cumulative       : 1->2: 2948, 2->3: 2187, 3->4: 1820
accepted directly from s0    : 0
Gym endings cumulative       : terminated=4439, truncated=342

[Episode 6700/8000 | last 100]
success rate                : 55.0% (cumulative 28.0%)
synthetic task reward       : 5500.000
shaping reward              : -1131.167
learning reward             : 4368.833
episode length              : 247.1
abstract changes / episode  : 17.6
DFA transitions / episode   : 1.70
DFA transitions in window   : 1->2: 59, 2->3: 56, 3->4: 55
epsilon (next episode)       : 0.06853
replay buffer                : 300000 samples [1: 61.3%, 2: 27.5%, 3: 11.2%, 4: 0.0%]
DFA state visits in window   : 1: 18390, 2: 4601, 3: 1766, 4: 55
DFA state visits cumulative  : 1: 1577786, 2: 400523, 3: 152631, 4: 1875
DFA state entries in window  : 1: 100, 2: 59, 3: 56, 4: 55
DFA state entries cumulative : 1: 6700, 2: 3007, 3: 2243, 4: 1875
transitions cumulative       : 1->2: 3007, 2->3: 2243, 3->4: 1875
accepted directly from s0    : 0
Gym endings cumulative       : terminated=4484, truncated=342

[Episode 6800/8000 | last 100]
success rate                : 63.0% (cumulative 28.5%)
synthetic task reward       : 6300.000
shaping reward              : -1002.849
learning reward             : 5297.151
episode length              : 250.3
abstract changes / episode  : 18.7
DFA transitions / episode   : 2.09
DFA transitions in window   : 1->2: 75, 2->3: 71, 3->4: 63
epsilon (next episode)       : 0.06584
replay buffer                : 300000 samples [1: 62.2%, 2: 27.0%, 3: 10.9%, 4: 0.0%]
DFA state visits in window   : 1: 17240, 2: 5534, 3: 2289, 4: 63
DFA state visits cumulative  : 1: 1595026, 2: 406057, 3: 154920, 4: 1938
DFA state entries in window  : 1: 100, 2: 75, 3: 71, 4: 63
DFA state entries cumulative : 1: 6800, 2: 3082, 3: 2314, 4: 1938
transitions cumulative       : 1->2: 3082, 2->3: 2314, 3->4: 1938
accepted directly from s0    : 0
Gym endings cumulative       : terminated=4521, truncated=342

[Episode 6900/8000 | last 100]
success rate                : 83.0% (cumulative 29.3%)
synthetic task reward       : 8300.000
shaping reward              : -970.637
learning reward             : 7329.363
episode length              : 265.9
abstract changes / episode  : 20.5
DFA transitions / episode   : 2.67
DFA transitions in window   : 1->2: 94, 2->3: 90, 3->4: 83
epsilon (next episode)       : 0.06326
replay buffer                : 300000 samples [1: 61.4%, 2: 27.4%, 3: 11.2%, 4: 0.0%]
DFA state visits in window   : 1: 13892, 2: 9233, 3: 3483, 4: 83
DFA state visits cumulative  : 1: 1608918, 2: 415290, 3: 158403, 4: 2021
DFA state entries in window  : 1: 100, 2: 94, 3: 90, 4: 83
DFA state entries cumulative : 1: 6900, 2: 3176, 3: 2404, 4: 2021
transitions cumulative       : 1->2: 3176, 2->3: 2404, 3->4: 2021
accepted directly from s0    : 0
Gym endings cumulative       : terminated=4538, truncated=342

[Episode 7000/8000 | last 100]
success rate                : 77.0% (cumulative 30.0%)
synthetic task reward       : 7700.000
shaping reward              : -1226.900
learning reward             : 6473.100
episode length              : 276.6
abstract changes / episode  : 22.3
DFA transitions / episode   : 2.51
DFA transitions in window   : 1->2: 91, 2->3: 83, 3->4: 77
epsilon (next episode)       : 0.06078
replay buffer                : 300000 samples [1: 61.4%, 2: 27.5%, 3: 11.1%, 4: 0.0%]
DFA state visits in window   : 1: 16186, 2: 8055, 3: 3446, 4: 77
DFA state visits cumulative  : 1: 1625104, 2: 423345, 3: 161849, 4: 2098
DFA state entries in window  : 1: 100, 2: 91, 3: 83, 4: 77
DFA state entries cumulative : 1: 7000, 2: 3267, 3: 2487, 4: 2098
transitions cumulative       : 1->2: 3267, 2->3: 2487, 3->4: 2098
accepted directly from s0    : 0
Gym endings cumulative       : terminated=4560, truncated=343

[Episode 7100/8000 | last 100]
success rate                : 64.0% (cumulative 30.5%)
synthetic task reward       : 6400.000
shaping reward              : -1698.511
learning reward             : 4701.489
episode length              : 346.9
abstract changes / episode  : 26.6
DFA transitions / episode   : 2.29
DFA transitions in window   : 1->2: 89, 2->3: 76, 3->4: 64
epsilon (next episode)       : 0.05839
replay buffer                : 300000 samples [1: 61.7%, 2: 26.9%, 3: 11.4%, 4: 0.0%]
DFA state visits in window   : 1: 20710, 2: 9565, 3: 4455, 4: 64
DFA state visits cumulative  : 1: 1645814, 2: 432910, 3: 166304, 4: 2162
DFA state entries in window  : 1: 100, 2: 89, 3: 76, 4: 64
DFA state entries cumulative : 1: 7100, 2: 3356, 3: 2563, 4: 2162
transitions cumulative       : 1->2: 3356, 2->3: 2563, 3->4: 2162
accepted directly from s0    : 0
Gym endings cumulative       : terminated=4594, truncated=345

[Episode 7200/8000 | last 100]
success rate                : 74.0% (cumulative 31.1%)
synthetic task reward       : 7400.000
shaping reward              : -1554.854
learning reward             : 5845.146
episode length              : 329.3
abstract changes / episode  : 26.2
DFA transitions / episode   : 2.54
DFA transitions in window   : 1->2: 93, 2->3: 87, 3->4: 74
epsilon (next episode)       : 0.05610
replay buffer                : 300000 samples [1: 61.7%, 2: 27.1%, 3: 11.2%, 4: 0.0%]
DFA state visits in window   : 1: 18455, 2: 10330, 3: 4172, 4: 74
DFA state visits cumulative  : 1: 1664269, 2: 443240, 3: 170476, 4: 2236
DFA state entries in window  : 1: 100, 2: 93, 3: 87, 4: 74
DFA state entries cumulative : 1: 7200, 2: 3449, 3: 2650, 4: 2236
transitions cumulative       : 1->2: 3449, 2->3: 2650, 3->4: 2236
accepted directly from s0    : 0
Gym endings cumulative       : terminated=4617, truncated=348

[Episode 7300/8000 | last 100]
success rate                : 57.0% (cumulative 31.4%)
synthetic task reward       : 5700.000
shaping reward              : -1533.310
learning reward             : 4166.690
episode length              : 301.5
abstract changes / episode  : 23.3
DFA transitions / episode   : 1.90
DFA transitions in window   : 1->2: 68, 2->3: 65, 3->4: 57
epsilon (next episode)       : 0.05390
replay buffer                : 300000 samples [1: 62.2%, 2: 26.5%, 3: 11.4%, 4: 0.0%]
DFA state visits in window   : 1: 19681, 2: 6599, 3: 3913, 4: 57
DFA state visits cumulative  : 1: 1683950, 2: 449839, 3: 174389, 4: 2293
DFA state entries in window  : 1: 100, 2: 68, 3: 65, 4: 57
DFA state entries cumulative : 1: 7300, 2: 3517, 3: 2715, 4: 2293
transitions cumulative       : 1->2: 3517, 2->3: 2715, 3->4: 2293
accepted directly from s0    : 0
Gym endings cumulative       : terminated=4659, truncated=349

[Episode 7400/8000 | last 100]
success rate                : 73.0% (cumulative 32.0%)
synthetic task reward       : 7300.000
shaping reward              : -1318.185
learning reward             : 5981.815
episode length              : 286.6
abstract changes / episode  : 22.3
DFA transitions / episode   : 2.21
DFA transitions in window   : 1->2: 75, 2->3: 73, 3->4: 73
epsilon (next episode)       : 0.05179
replay buffer                : 300000 samples [1: 62.9%, 2: 26.0%, 3: 11.1%, 4: 0.0%]
DFA state visits in window   : 1: 19940, 2: 6476, 3: 2266, 4: 73
DFA state visits cumulative  : 1: 1703890, 2: 456315, 3: 176655, 4: 2366
DFA state entries in window  : 1: 100, 2: 75, 3: 73, 4: 73
DFA state entries cumulative : 1: 7400, 2: 3592, 3: 2788, 4: 2366
transitions cumulative       : 1->2: 3592, 2->3: 2788, 3->4: 2366
accepted directly from s0    : 0
Gym endings cumulative       : terminated=4686, truncated=349

[Episode 7500/8000 | last 100]
success rate                : 75.0% (cumulative 32.5%)
synthetic task reward       : 7500.000
shaping reward              : -1404.448
learning reward             : 6095.552
episode length              : 334.4
abstract changes / episode  : 24.5
DFA transitions / episode   : 2.39
DFA transitions in window   : 1->2: 85, 2->3: 79, 3->4: 75
epsilon (next episode)       : 0.04976
replay buffer                : 300000 samples [1: 63.4%, 2: 25.9%, 3: 10.7%, 4: 0.0%]
DFA state visits in window   : 1: 22159, 2: 8530, 3: 2781, 4: 75
DFA state visits cumulative  : 1: 1726049, 2: 464845, 3: 179436, 4: 2441
DFA state entries in window  : 1: 100, 2: 85, 3: 79, 4: 75
DFA state entries cumulative : 1: 7500, 2: 3677, 3: 2867, 4: 2441
transitions cumulative       : 1->2: 3677, 2->3: 2867, 3->4: 2441
accepted directly from s0    : 0
Gym endings cumulative       : terminated=4707, truncated=353

[Episode 7600/8000 | last 100]
success rate                : 81.0% (cumulative 33.2%)
synthetic task reward       : 8100.000
shaping reward              : -1183.683
learning reward             : 6916.317
episode length              : 295.7
abstract changes / episode  : 22.6
DFA transitions / episode   : 2.52
DFA transitions in window   : 1->2: 87, 2->3: 84, 3->4: 81
epsilon (next episode)       : 0.04781
replay buffer                : 300000 samples [1: 63.1%, 2: 26.3%, 3: 10.6%, 4: 0.0%]
DFA state visits in window   : 1: 17894, 2: 8810, 3: 2888, 4: 81
DFA state visits cumulative  : 1: 1743943, 2: 473655, 3: 182324, 4: 2522
DFA state entries in window  : 1: 100, 2: 87, 3: 84, 4: 81
DFA state entries cumulative : 1: 7600, 2: 3764, 3: 2951, 4: 2522
transitions cumulative       : 1->2: 3764, 2->3: 2951, 3->4: 2522
accepted directly from s0    : 0
Gym endings cumulative       : terminated=4725, truncated=354

[Episode 7700/8000 | last 100]
success rate                : 78.0% (cumulative 33.8%)
synthetic task reward       : 7800.000
shaping reward              : -1134.517
learning reward             : 6665.483
episode length              : 292.2
abstract changes / episode  : 22.2
DFA transitions / episode   : 2.59
DFA transitions in window   : 1->2: 93, 2->3: 88, 3->4: 78
epsilon (next episode)       : 0.04593
replay buffer                : 300000 samples [1: 61.4%, 2: 27.4%, 3: 11.2%, 4: 0.0%]
DFA state visits in window   : 1: 16780, 2: 8762, 3: 3700, 4: 78
DFA state visits cumulative  : 1: 1760723, 2: 482417, 3: 186024, 4: 2600
DFA state entries in window  : 1: 100, 2: 93, 3: 88, 4: 78
DFA state entries cumulative : 1: 7700, 2: 3857, 3: 3039, 4: 2600
transitions cumulative       : 1->2: 3857, 2->3: 3039, 3->4: 2600
accepted directly from s0    : 0
Gym endings cumulative       : terminated=4747, truncated=354

[Episode 7800/8000 | last 100]
success rate                : 85.0% (cumulative 34.4%)
synthetic task reward       : 8500.000
shaping reward              : -1021.639
learning reward             : 7478.361
episode length              : 270.9
abstract changes / episode  : 21.2
DFA transitions / episode   : 2.65
DFA transitions in window   : 1->2: 94, 2->3: 86, 3->4: 85
epsilon (next episode)       : 0.04413
replay buffer                : 300000 samples [1: 60.5%, 2: 28.3%, 3: 11.2%, 4: 0.0%]
DFA state visits in window   : 1: 15881, 2: 8527, 3: 2702, 4: 85
DFA state visits cumulative  : 1: 1776604, 2: 490944, 3: 188726, 4: 2685
DFA state entries in window  : 1: 100, 2: 94, 3: 86, 4: 85
DFA state entries cumulative : 1: 7800, 2: 3951, 3: 3125, 4: 2685
transitions cumulative       : 1->2: 3951, 2->3: 3125, 3->4: 2685
accepted directly from s0    : 0
Gym endings cumulative       : terminated=4762, truncated=354

[Episode 7900/8000 | last 100]
success rate                : 76.0% (cumulative 34.9%)
synthetic task reward       : 7600.000
shaping reward              : -1113.692
learning reward             : 6486.308
episode length              : 270.5
abstract changes / episode  : 21.4
DFA transitions / episode   : 2.52
DFA transitions in window   : 1->2: 94, 2->3: 82, 3->4: 76
epsilon (next episode)       : 0.04240
replay buffer                : 300000 samples [1: 60.9%, 2: 28.1%, 3: 11.0%, 4: 0.0%]
DFA state visits in window   : 1: 15284, 2: 8946, 3: 2844, 4: 76
DFA state visits cumulative  : 1: 1791888, 2: 499890, 3: 191570, 4: 2761
DFA state entries in window  : 1: 100, 2: 94, 3: 82, 4: 76
DFA state entries cumulative : 1: 7900, 2: 4045, 3: 3207, 4: 2761
transitions cumulative       : 1->2: 4045, 2->3: 3207, 3->4: 2761
accepted directly from s0    : 0
Gym endings cumulative       : terminated=4786, truncated=354

[Episode 8000/8000 | last 100]
success rate                : 80.0% (cumulative 35.5%)
synthetic task reward       : 8000.000
shaping reward              : -1423.775
learning reward             : 6576.225
episode length              : 327.6
abstract changes / episode  : 24.7
DFA transitions / episode   : 2.51
DFA transitions in window   : 1->2: 88, 2->3: 83, 3->4: 80
epsilon (next episode)       : 0.04074
replay buffer                : 300000 samples [1: 61.7%, 2: 27.7%, 3: 10.6%, 4: 0.0%]
DFA state visits in window   : 1: 21798, 2: 8286, 3: 2693, 4: 80
DFA state visits cumulative  : 1: 1813686, 2: 508176, 3: 194263, 4: 2841
DFA state entries in window  : 1: 100, 2: 88, 3: 83, 4: 80
DFA state entries cumulative : 1: 8000, 2: 4133, 3: 3290, 4: 2841
transitions cumulative       : 1->2: 4133, 2->3: 3290, 3->4: 2841
accepted directly from s0    : 0
Gym endings cumulative       : terminated=4805, truncated=355
Last policy saved after episode 8000. Best policy: episode 6100, mean learning reward=7727.259
