
=== NEW RUN ===
episodes=8000, shaping=True, K=1.0, goal_reward=10000.0, gamma=0.99
inter_level_shaping=True, inter_level_K=1.0
formula=F(wp1 & X(F(wp2 & X(F(goal)))))
waypoints={'wp1': (1, 8), 'wp2': (5, 6), 'goal': (8, 8)}
dfa_states=[1, 2, 3, 4], pre_trace=1, accepting=[4]

[Episode 1/8000 | last 1]
success rate                : 0.0% (cumulative 0.0%)
synthetic task reward       : 0.000
shaping reward              : -1632.104
learning reward             : -1632.104
episode length              : 101.0
abstract changes / episode  : 12.0
DFA transitions / episode   : 0.00
DFA transitions in window   : none
epsilon (next episode)       : 0.99960
replay buffer                : 101 samples [1: 100.0%, 2: 0.0%, 3: 0.0%, 4: 0.0%]
DFA state visits in window   : 1: 102, 2: 0, 3: 0, 4: 0
DFA state visits cumulative  : 1: 102, 2: 0, 3: 0, 4: 0
DFA state entries in window  : 1: 1, 2: 0, 3: 0, 4: 0
DFA state entries cumulative : 1: 1, 2: 0, 3: 0, 4: 0
transitions cumulative       : none
accepted directly from s0    : 0
Gym endings cumulative       : terminated=1, truncated=0
Best policy updated at episode 1: mean learning reward=-1632.104

[Episode 100/8000 | last 100]
success rate                : 0.0% (cumulative 0.0%)
synthetic task reward       : 0.000
shaping reward              : -1525.781
learning reward             : -1525.781
episode length              : 90.4
abstract changes / episode  : 12.8
DFA transitions / episode   : 0.01
DFA transitions in window   : 1->2: 1
epsilon (next episode)       : 0.96078
replay buffer                : 9037 samples [1: 99.7%, 2: 0.3%, 3: 0.0%, 4: 0.0%]
DFA state visits in window   : 1: 9110, 2: 27, 3: 0, 4: 0
DFA state visits cumulative  : 1: 9110, 2: 27, 3: 0, 4: 0
DFA state entries in window  : 1: 100, 2: 1, 3: 0, 4: 0
DFA state entries cumulative : 1: 100, 2: 1, 3: 0, 4: 0
transitions cumulative       : 1->2: 1
accepted directly from s0    : 0
Gym endings cumulative       : terminated=100, truncated=0
Best policy updated at episode 100: mean learning reward=-1525.781

[Episode 200/8000 | last 100]
success rate                : 0.0% (cumulative 0.0%)
synthetic task reward       : 0.000
shaping reward              : -1464.004
learning reward             : -1464.004
episode length              : 93.5
abstract changes / episode  : 12.4
DFA transitions / episode   : 0.02
DFA transitions in window   : 1->2: 2
epsilon (next episode)       : 0.92310
replay buffer                : 18386 samples [1: 99.6%, 2: 0.4%, 3: 0.0%, 4: 0.0%]
DFA state visits in window   : 1: 9400, 2: 49, 3: 0, 4: 0
DFA state visits cumulative  : 1: 18510, 2: 76, 3: 0, 4: 0
DFA state entries in window  : 1: 100, 2: 2, 3: 0, 4: 0
DFA state entries cumulative : 1: 200, 2: 3, 3: 0, 4: 0
transitions cumulative       : 1->2: 3
accepted directly from s0    : 0
Gym endings cumulative       : terminated=200, truncated=0
Best policy updated at episode 200: mean learning reward=-1464.004

[Episode 300/8000 | last 100]
success rate                : 0.0% (cumulative 0.0%)
synthetic task reward       : 0.000
shaping reward              : -1533.721
learning reward             : -1533.721
episode length              : 98.7
abstract changes / episode  : 12.8
DFA transitions / episode   : 0.00
DFA transitions in window   : none
epsilon (next episode)       : 0.88690
replay buffer                : 28252 samples [1: 99.7%, 2: 0.3%, 3: 0.0%, 4: 0.0%]
DFA state visits in window   : 1: 9966, 2: 0, 3: 0, 4: 0
DFA state visits cumulative  : 1: 28476, 2: 76, 3: 0, 4: 0
DFA state entries in window  : 1: 100, 2: 0, 3: 0, 4: 0
DFA state entries cumulative : 1: 300, 2: 3, 3: 0, 4: 0
transitions cumulative       : 1->2: 3
accepted directly from s0    : 0
Gym endings cumulative       : terminated=300, truncated=0

[Episode 400/8000 | last 100]
success rate                : 0.0% (cumulative 0.0%)
synthetic task reward       : 0.000
shaping reward              : -1468.374
learning reward             : -1468.374
episode length              : 97.2
abstract changes / episode  : 12.6
DFA transitions / episode   : 0.06
DFA transitions in window   : 1->2: 6
epsilon (next episode)       : 0.85212
replay buffer                : 37973 samples [1: 99.5%, 2: 0.5%, 3: 0.0%, 4: 0.0%]
DFA state visits in window   : 1: 9707, 2: 114, 3: 0, 4: 0
DFA state visits cumulative  : 1: 38183, 2: 190, 3: 0, 4: 0
DFA state entries in window  : 1: 100, 2: 6, 3: 0, 4: 0
DFA state entries cumulative : 1: 400, 2: 9, 3: 0, 4: 0
transitions cumulative       : 1->2: 9
accepted directly from s0    : 0
Gym endings cumulative       : terminated=400, truncated=0

[Episode 500/8000 | last 100]
success rate                : 0.0% (cumulative 0.0%)
synthetic task reward       : 0.000
shaping reward              : -1534.822
learning reward             : -1534.822
episode length              : 108.1
abstract changes / episode  : 13.0
DFA transitions / episode   : 0.03
DFA transitions in window   : 1->2: 3
epsilon (next episode)       : 0.81870
replay buffer                : 48780 samples [1: 99.4%, 2: 0.6%, 3: 0.0%, 4: 0.0%]
DFA state visits in window   : 1: 10809, 2: 98, 3: 0, 4: 0
DFA state visits cumulative  : 1: 48992, 2: 288, 3: 0, 4: 0
DFA state entries in window  : 1: 100, 2: 3, 3: 0, 4: 0
DFA state entries cumulative : 1: 500, 2: 12, 3: 0, 4: 0
transitions cumulative       : 1->2: 12
accepted directly from s0    : 0
Gym endings cumulative       : terminated=500, truncated=0

[Episode 600/8000 | last 100]
success rate                : 0.0% (cumulative 0.0%)
synthetic task reward       : 0.000
shaping reward              : -1527.528
learning reward             : -1527.528
episode length              : 118.9
abstract changes / episode  : 13.1
DFA transitions / episode   : 0.04
DFA transitions in window   : 1->2: 4
epsilon (next episode)       : 0.78659
replay buffer                : 60670 samples [1: 99.3%, 2: 0.7%, 3: 0.0%, 4: 0.0%]
DFA state visits in window   : 1: 11860, 2: 130, 3: 0, 4: 0
DFA state visits cumulative  : 1: 60852, 2: 418, 3: 0, 4: 0
DFA state entries in window  : 1: 100, 2: 4, 3: 0, 4: 0
DFA state entries cumulative : 1: 600, 2: 16, 3: 0, 4: 0
transitions cumulative       : 1->2: 16
accepted directly from s0    : 0
Gym endings cumulative       : terminated=600, truncated=0

[Episode 700/8000 | last 100]
success rate                : 0.0% (cumulative 0.0%)
synthetic task reward       : 0.000
shaping reward              : -1533.846
learning reward             : -1533.846
episode length              : 115.6
abstract changes / episode  : 13.0
DFA transitions / episode   : 0.02
DFA transitions in window   : 1->2: 2
epsilon (next episode)       : 0.75574
replay buffer                : 72234 samples [1: 99.4%, 2: 0.6%, 3: 0.0%, 4: 0.0%]
DFA state visits in window   : 1: 11610, 2: 54, 3: 0, 4: 0
DFA state visits cumulative  : 1: 72462, 2: 472, 3: 0, 4: 0
DFA state entries in window  : 1: 100, 2: 2, 3: 0, 4: 0
DFA state entries cumulative : 1: 700, 2: 18, 3: 0, 4: 0
transitions cumulative       : 1->2: 18
accepted directly from s0    : 0
Gym endings cumulative       : terminated=700, truncated=0

[Episode 800/8000 | last 100]
success rate                : 0.0% (cumulative 0.0%)
synthetic task reward       : 0.000
shaping reward              : -1493.883
learning reward             : -1493.883
episode length              : 119.5
abstract changes / episode  : 12.9
DFA transitions / episode   : 0.04
DFA transitions in window   : 1->2: 4
epsilon (next episode)       : 0.72610
replay buffer                : 84188 samples [1: 99.3%, 2: 0.7%, 3: 0.0%, 4: 0.0%]
DFA state visits in window   : 1: 11900, 2: 154, 3: 0, 4: 0
DFA state visits cumulative  : 1: 84362, 2: 626, 3: 0, 4: 0
DFA state entries in window  : 1: 100, 2: 4, 3: 0, 4: 0
DFA state entries cumulative : 1: 800, 2: 22, 3: 0, 4: 0
transitions cumulative       : 1->2: 22
accepted directly from s0    : 0
Gym endings cumulative       : terminated=800, truncated=0

[Episode 900/8000 | last 100]
success rate                : 0.0% (cumulative 0.0%)
synthetic task reward       : 0.000
shaping reward              : -1434.545
learning reward             : -1434.545
episode length              : 126.5
abstract changes / episode  : 12.5
DFA transitions / episode   : 0.03
DFA transitions in window   : 1->2: 3
epsilon (next episode)       : 0.69763
replay buffer                : 96835 samples [1: 99.3%, 2: 0.7%, 3: 0.0%, 4: 0.0%]
DFA state visits in window   : 1: 12666, 2: 81, 3: 0, 4: 0
DFA state visits cumulative  : 1: 97028, 2: 707, 3: 0, 4: 0
DFA state entries in window  : 1: 100, 2: 3, 3: 0, 4: 0
DFA state entries cumulative : 1: 900, 2: 25, 3: 0, 4: 0
transitions cumulative       : 1->2: 25
accepted directly from s0    : 0
Gym endings cumulative       : terminated=900, truncated=0
Best policy updated at episode 900: mean learning reward=-1434.545

[Episode 1000/8000 | last 100]
success rate                : 0.0% (cumulative 0.0%)
synthetic task reward       : 0.000
shaping reward              : -1379.829
learning reward             : -1379.829
episode length              : 133.9
abstract changes / episode  : 12.6
DFA transitions / episode   : 0.04
DFA transitions in window   : 1->2: 4
epsilon (next episode)       : 0.67027
replay buffer                : 110226 samples [1: 99.3%, 2: 0.7%, 3: 0.0%, 4: 0.0%]
DFA state visits in window   : 1: 13401, 2: 90, 3: 0, 4: 0
DFA state visits cumulative  : 1: 110429, 2: 797, 3: 0, 4: 0
DFA state entries in window  : 1: 100, 2: 4, 3: 0, 4: 0
DFA state entries cumulative : 1: 1000, 2: 29, 3: 0, 4: 0
transitions cumulative       : 1->2: 29
accepted directly from s0    : 0
Gym endings cumulative       : terminated=1000, truncated=0
Best policy updated at episode 1000: mean learning reward=-1379.829

[Episode 1100/8000 | last 100]
success rate                : 0.0% (cumulative 0.0%)
synthetic task reward       : 0.000
shaping reward              : -1521.167
learning reward             : -1521.167
episode length              : 144.4
abstract changes / episode  : 13.4
DFA transitions / episode   : 0.03
DFA transitions in window   : 1->2: 3
epsilon (next episode)       : 0.64398
replay buffer                : 124671 samples [1: 99.3%, 2: 0.7%, 3: 0.0%, 4: 0.0%]
DFA state visits in window   : 1: 14462, 2: 83, 3: 0, 4: 0
DFA state visits cumulative  : 1: 124891, 2: 880, 3: 0, 4: 0
DFA state entries in window  : 1: 100, 2: 3, 3: 0, 4: 0
DFA state entries cumulative : 1: 1100, 2: 32, 3: 0, 4: 0
transitions cumulative       : 1->2: 32
accepted directly from s0    : 0
Gym endings cumulative       : terminated=1100, truncated=0

[Episode 1200/8000 | last 100]
success rate                : 0.0% (cumulative 0.0%)
synthetic task reward       : 0.000
shaping reward              : -1535.989
learning reward             : -1535.989
episode length              : 169.2
abstract changes / episode  : 13.7
DFA transitions / episode   : 0.07
DFA transitions in window   : 1->2: 7
epsilon (next episode)       : 0.61872
replay buffer                : 141593 samples [1: 99.1%, 2: 0.9%, 3: 0.0%, 4: 0.0%]
DFA state visits in window   : 1: 16576, 2: 446, 3: 0, 4: 0
DFA state visits cumulative  : 1: 141467, 2: 1326, 3: 0, 4: 0
DFA state entries in window  : 1: 100, 2: 7, 3: 0, 4: 0
DFA state entries cumulative : 1: 1200, 2: 39, 3: 0, 4: 0
transitions cumulative       : 1->2: 39
accepted directly from s0    : 0
Gym endings cumulative       : terminated=1200, truncated=0

[Episode 1300/8000 | last 100]
success rate                : 0.0% (cumulative 0.0%)
synthetic task reward       : 0.000
shaping reward              : -1607.521
learning reward             : -1607.521
episode length              : 165.9
abstract changes / episode  : 13.6
DFA transitions / episode   : 0.00
DFA transitions in window   : none
epsilon (next episode)       : 0.59446
replay buffer                : 158188 samples [1: 99.2%, 2: 0.8%, 3: 0.0%, 4: 0.0%]
DFA state visits in window   : 1: 16695, 2: 0, 3: 0, 4: 0
DFA state visits cumulative  : 1: 158162, 2: 1326, 3: 0, 4: 0
DFA state entries in window  : 1: 100, 2: 0, 3: 0, 4: 0
DFA state entries cumulative : 1: 1300, 2: 39, 3: 0, 4: 0
transitions cumulative       : 1->2: 39
accepted directly from s0    : 0
Gym endings cumulative       : terminated=1300, truncated=0

[Episode 1400/8000 | last 100]
success rate                : 0.0% (cumulative 0.0%)
synthetic task reward       : 0.000
shaping reward              : -1654.538
learning reward             : -1654.538
episode length              : 188.6
abstract changes / episode  : 14.4
DFA transitions / episode   : 0.01
DFA transitions in window   : 1->2: 1
epsilon (next episode)       : 0.57115
replay buffer                : 177043 samples [1: 99.2%, 2: 0.8%, 3: 0.0%, 4: 0.0%]
DFA state visits in window   : 1: 18897, 2: 58, 3: 0, 4: 0
DFA state visits cumulative  : 1: 177059, 2: 1384, 3: 0, 4: 0
DFA state entries in window  : 1: 100, 2: 1, 3: 0, 4: 0
DFA state entries cumulative : 1: 1400, 2: 40, 3: 0, 4: 0
transitions cumulative       : 1->2: 40
accepted directly from s0    : 0
Gym endings cumulative       : terminated=1400, truncated=0

[Episode 1500/8000 | last 100]
success rate                : 0.0% (cumulative 0.0%)
synthetic task reward       : 0.000
shaping reward              : -1598.716
learning reward             : -1598.716
episode length              : 166.4
abstract changes / episode  : 13.8
DFA transitions / episode   : 0.04
DFA transitions in window   : 1->2: 4
epsilon (next episode)       : 0.54875
replay buffer                : 193680 samples [1: 99.1%, 2: 0.9%, 3: 0.0%, 4: 0.0%]
DFA state visits in window   : 1: 16379, 2: 358, 3: 0, 4: 0
DFA state visits cumulative  : 1: 193438, 2: 1742, 3: 0, 4: 0
DFA state entries in window  : 1: 100, 2: 4, 3: 0, 4: 0
DFA state entries cumulative : 1: 1500, 2: 44, 3: 0, 4: 0
transitions cumulative       : 1->2: 44
accepted directly from s0    : 0
Gym endings cumulative       : terminated=1500, truncated=0

[Episode 1600/8000 | last 100]
success rate                : 0.0% (cumulative 0.0%)
synthetic task reward       : 0.000
shaping reward              : -1701.571
learning reward             : -1701.571
episode length              : 221.2
abstract changes / episode  : 15.8
DFA transitions / episode   : 0.08
DFA transitions in window   : 1->2: 8
epsilon (next episode)       : 0.52722
replay buffer                : 215797 samples [1: 99.0%, 2: 1.0%, 3: 0.0%, 4: 0.0%]
DFA state visits in window   : 1: 21765, 2: 452, 3: 0, 4: 0
DFA state visits cumulative  : 1: 215203, 2: 2194, 3: 0, 4: 0
DFA state entries in window  : 1: 100, 2: 8, 3: 0, 4: 0
DFA state entries cumulative : 1: 1600, 2: 52, 3: 0, 4: 0
transitions cumulative       : 1->2: 52
accepted directly from s0    : 0
Gym endings cumulative       : terminated=1599, truncated=1

[Episode 1700/8000 | last 100]
success rate                : 0.0% (cumulative 0.0%)
synthetic task reward       : 0.000
shaping reward              : -1665.025
learning reward             : -1665.025
episode length              : 231.0
abstract changes / episode  : 15.3
DFA transitions / episode   : 0.07
DFA transitions in window   : 1->2: 7
epsilon (next episode)       : 0.50655
replay buffer                : 238897 samples [1: 98.9%, 2: 1.1%, 3: 0.0%, 4: 0.0%]
DFA state visits in window   : 1: 22623, 2: 577, 3: 0, 4: 0
DFA state visits cumulative  : 1: 237826, 2: 2771, 3: 0, 4: 0
DFA state entries in window  : 1: 100, 2: 7, 3: 0, 4: 0
DFA state entries cumulative : 1: 1700, 2: 59, 3: 0, 4: 0
transitions cumulative       : 1->2: 59
accepted directly from s0    : 0
Gym endings cumulative       : terminated=1699, truncated=1

[Episode 1800/8000 | last 100]
success rate                : 0.0% (cumulative 0.0%)
synthetic task reward       : 0.000
shaping reward              : -1693.815
learning reward             : -1693.815
episode length              : 243.1
abstract changes / episode  : 16.0
DFA transitions / episode   : 0.05
DFA transitions in window   : 1->2: 5
epsilon (next episode)       : 0.48668
replay buffer                : 263204 samples [1: 98.8%, 2: 1.2%, 3: 0.0%, 4: 0.0%]
DFA state visits in window   : 1: 24014, 2: 393, 3: 0, 4: 0
DFA state visits cumulative  : 1: 261840, 2: 3164, 3: 0, 4: 0
DFA state entries in window  : 1: 100, 2: 5, 3: 0, 4: 0
DFA state entries cumulative : 1: 1800, 2: 64, 3: 0, 4: 0
transitions cumulative       : 1->2: 64
accepted directly from s0    : 0
Gym endings cumulative       : terminated=1796, truncated=4

[Episode 1900/8000 | last 100]
success rate                : 0.0% (cumulative 0.0%)
synthetic task reward       : 0.000
shaping reward              : -1543.508
learning reward             : -1543.508
episode length              : 236.5
abstract changes / episode  : 15.8
DFA transitions / episode   : 0.14
DFA transitions in window   : 1->2: 14
epsilon (next episode)       : 0.46760
replay buffer                : 286851 samples [1: 98.3%, 2: 1.7%, 3: 0.0%, 4: 0.0%]
DFA state visits in window   : 1: 22057, 2: 1690, 3: 0, 4: 0
DFA state visits cumulative  : 1: 283897, 2: 4854, 3: 0, 4: 0
DFA state entries in window  : 1: 100, 2: 14, 3: 0, 4: 0
DFA state entries cumulative : 1: 1900, 2: 78, 3: 0, 4: 0
transitions cumulative       : 1->2: 78
accepted directly from s0    : 0
Gym endings cumulative       : terminated=1892, truncated=8

[Episode 2000/8000 | last 100]
success rate                : 0.0% (cumulative 0.0%)
synthetic task reward       : 0.000
shaping reward              : -1663.154
learning reward             : -1663.154
episode length              : 246.0
abstract changes / episode  : 16.2
DFA transitions / episode   : 0.06
DFA transitions in window   : 1->2: 6
epsilon (next episode)       : 0.44926
replay buffer                : 300000 samples [1: 98.2%, 2: 1.8%, 3: 0.0%, 4: 0.0%]
DFA state visits in window   : 1: 23905, 2: 796, 3: 0, 4: 0
DFA state visits cumulative  : 1: 307802, 2: 5650, 3: 0, 4: 0
DFA state entries in window  : 1: 100, 2: 6, 3: 0, 4: 0
DFA state entries cumulative : 1: 2000, 2: 84, 3: 0, 4: 0
transitions cumulative       : 1->2: 84
accepted directly from s0    : 0
Gym endings cumulative       : terminated=1987, truncated=13

[Episode 2100/8000 | last 100]
success rate                : 0.0% (cumulative 0.0%)
synthetic task reward       : 0.000
shaping reward              : -1411.285
learning reward             : -1411.285
episode length              : 229.2
abstract changes / episode  : 15.4
DFA transitions / episode   : 0.20
DFA transitions in window   : 1->2: 20
epsilon (next episode)       : 0.43164
replay buffer                : 300000 samples [1: 97.4%, 2: 2.6%, 3: 0.0%, 4: 0.0%]
DFA state visits in window   : 1: 20705, 2: 2311, 3: 0, 4: 0
DFA state visits cumulative  : 1: 328507, 2: 7961, 3: 0, 4: 0
DFA state entries in window  : 1: 100, 2: 20, 3: 0, 4: 0
DFA state entries cumulative : 1: 2100, 2: 104, 3: 0, 4: 0
transitions cumulative       : 1->2: 104
accepted directly from s0    : 0
Gym endings cumulative       : terminated=2084, truncated=16

[Episode 2200/8000 | last 100]
success rate                : 0.0% (cumulative 0.0%)
synthetic task reward       : 0.000
shaping reward              : -1703.508
learning reward             : -1703.508
episode length              : 311.5
abstract changes / episode  : 18.4
DFA transitions / episode   : 0.17
DFA transitions in window   : 1->2: 16, 2->3: 1
epsilon (next episode)       : 0.41471
replay buffer                : 300000 samples [1: 96.4%, 2: 3.5%, 3: 0.1%, 4: 0.0%]
DFA state visits in window   : 1: 27738, 2: 3158, 3: 352, 4: 0
DFA state visits cumulative  : 1: 356245, 2: 11119, 3: 352, 4: 0
DFA state entries in window  : 1: 100, 2: 16, 3: 1, 4: 0
DFA state entries cumulative : 1: 2200, 2: 120, 3: 1, 4: 0
transitions cumulative       : 1->2: 120, 2->3: 1
accepted directly from s0    : 0
Gym endings cumulative       : terminated=2182, truncated=18

[Episode 2300/8000 | last 100]
success rate                : 0.0% (cumulative 0.0%)
synthetic task reward       : 0.000
shaping reward              : -1805.692
learning reward             : -1805.692
episode length              : 437.5
abstract changes / episode  : 20.4
DFA transitions / episode   : 0.25
DFA transitions in window   : 1->2: 23, 2->3: 2
epsilon (next episode)       : 0.39845
replay buffer                : 300000 samples [1: 94.6%, 2: 5.1%, 3: 0.3%, 4: 0.0%]
DFA state visits in window   : 1: 38317, 2: 4949, 3: 586, 4: 0
DFA state visits cumulative  : 1: 394562, 2: 16068, 3: 938, 4: 0
DFA state entries in window  : 1: 100, 2: 23, 3: 2, 4: 0
DFA state entries cumulative : 1: 2300, 2: 143, 3: 3, 4: 0
transitions cumulative       : 1->2: 143, 2->3: 3
accepted directly from s0    : 0
Gym endings cumulative       : terminated=2272, truncated=28

[Episode 2400/8000 | last 100]
success rate                : 0.0% (cumulative 0.0%)
synthetic task reward       : 0.000
shaping reward              : -1562.766
learning reward             : -1562.766
episode length              : 336.4
abstract changes / episode  : 17.7
DFA transitions / episode   : 0.19
DFA transitions in window   : 1->2: 19
epsilon (next episode)       : 0.38282
replay buffer                : 300000 samples [1: 93.1%, 2: 6.5%, 3: 0.3%, 4: 0.0%]
DFA state visits in window   : 1: 28743, 2: 4996, 3: 0, 4: 0
DFA state visits cumulative  : 1: 423305, 2: 21064, 3: 938, 4: 0
DFA state entries in window  : 1: 100, 2: 19, 3: 0, 4: 0
DFA state entries cumulative : 1: 2400, 2: 162, 3: 3, 4: 0
transitions cumulative       : 1->2: 162, 2->3: 3
accepted directly from s0    : 0
Gym endings cumulative       : terminated=2363, truncated=37

[Episode 2500/8000 | last 100]
success rate                : 0.0% (cumulative 0.0%)
synthetic task reward       : 0.000
shaping reward              : -1366.983
learning reward             : -1366.983
episode length              : 243.1
abstract changes / episode  : 15.6
DFA transitions / episode   : 0.19
DFA transitions in window   : 1->2: 19
epsilon (next episode)       : 0.36781
replay buffer                : 300000 samples [1: 92.7%, 2: 7.0%, 3: 0.3%, 4: 0.0%]
DFA state visits in window   : 1: 22866, 2: 1548, 3: 0, 4: 0
DFA state visits cumulative  : 1: 446171, 2: 22612, 3: 938, 4: 0
DFA state entries in window  : 1: 100, 2: 19, 3: 0, 4: 0
DFA state entries cumulative : 1: 2500, 2: 181, 3: 3, 4: 0
transitions cumulative       : 1->2: 181, 2->3: 3
accepted directly from s0    : 0
Gym endings cumulative       : terminated=2461, truncated=39
Best policy updated at episode 2500: mean learning reward=-1366.983

[Episode 2600/8000 | last 100]
success rate                : 0.0% (cumulative 0.0%)
synthetic task reward       : 0.000
shaping reward              : -1355.756
learning reward             : -1355.756
episode length              : 305.8
abstract changes / episode  : 16.8
DFA transitions / episode   : 0.28
DFA transitions in window   : 1->2: 28
epsilon (next episode)       : 0.35338
replay buffer                : 300000 samples [1: 91.0%, 2: 8.7%, 3: 0.3%, 4: 0.0%]
DFA state visits in window   : 1: 25333, 2: 5350, 3: 0, 4: 0
DFA state visits cumulative  : 1: 471504, 2: 27962, 3: 938, 4: 0
DFA state entries in window  : 1: 100, 2: 28, 3: 0, 4: 0
DFA state entries cumulative : 1: 2600, 2: 209, 3: 3, 4: 0
transitions cumulative       : 1->2: 209, 2->3: 3
accepted directly from s0    : 0
Gym endings cumulative       : terminated=2554, truncated=46
Best policy updated at episode 2600: mean learning reward=-1355.756

[Episode 2700/8000 | last 100]
success rate                : 0.0% (cumulative 0.0%)
synthetic task reward       : 0.000
shaping reward              : -1521.425
learning reward             : -1521.425
episode length              : 337.6
abstract changes / episode  : 18.4
DFA transitions / episode   : 0.27
DFA transitions in window   : 1->2: 27
epsilon (next episode)       : 0.33952
replay buffer                : 300000 samples [1: 89.2%, 2: 10.5%, 3: 0.3%, 4: 0.0%]
DFA state visits in window   : 1: 27423, 2: 6437, 3: 0, 4: 0
DFA state visits cumulative  : 1: 498927, 2: 34399, 3: 938, 4: 0
DFA state entries in window  : 1: 100, 2: 27, 3: 0, 4: 0
DFA state entries cumulative : 1: 2700, 2: 236, 3: 3, 4: 0
transitions cumulative       : 1->2: 236, 2->3: 3
accepted directly from s0    : 0
Gym endings cumulative       : terminated=2643, truncated=57

[Episode 2800/8000 | last 100]
success rate                : 0.0% (cumulative 0.0%)
synthetic task reward       : 0.000
shaping reward              : -1890.020
learning reward             : -1890.020
episode length              : 448.8
abstract changes / episode  : 23.4
DFA transitions / episode   : 0.41
DFA transitions in window   : 1->2: 37, 2->3: 4
epsilon (next episode)       : 0.32621
replay buffer                : 300000 samples [1: 85.2%, 2: 14.3%, 3: 0.4%, 4: 0.0%]
DFA state visits in window   : 1: 31854, 2: 12713, 3: 417, 4: 0
DFA state visits cumulative  : 1: 530781, 2: 47112, 3: 1355, 4: 0
DFA state entries in window  : 1: 100, 2: 37, 3: 4, 4: 0
DFA state entries cumulative : 1: 2800, 2: 273, 3: 7, 4: 0
transitions cumulative       : 1->2: 273, 2->3: 7
accepted directly from s0    : 0
Gym endings cumulative       : terminated=2726, truncated=74

[Episode 2900/8000 | last 100]
success rate                : 2.0% (cumulative 0.1%)
synthetic task reward       : 200.000
shaping reward              : -1604.768
learning reward             : -1404.768
episode length              : 444.8
abstract changes / episode  : 21.4
DFA transitions / episode   : 0.44
DFA transitions in window   : 1->2: 34, 2->3: 8, 3->4: 2
epsilon (next episode)       : 0.31341
replay buffer                : 300000 samples [1: 82.2%, 2: 16.7%, 3: 1.1%, 4: 0.0%]
DFA state visits in window   : 1: 32472, 2: 10081, 3: 2021, 4: 2
DFA state visits cumulative  : 1: 563253, 2: 57193, 3: 3376, 4: 2
DFA state entries in window  : 1: 100, 2: 34, 3: 8, 4: 2
DFA state entries cumulative : 1: 2900, 2: 307, 3: 15, 4: 2
transitions cumulative       : 1->2: 307, 2->3: 15, 3->4: 2
accepted directly from s0    : 0
Gym endings cumulative       : terminated=2801, truncated=97

[Episode 3000/8000 | last 100]
success rate                : 1.0% (cumulative 0.1%)
synthetic task reward       : 100.000
shaping reward              : -1625.511
learning reward             : -1525.511
episode length              : 454.5
abstract changes / episode  : 22.3
DFA transitions / episode   : 0.56
DFA transitions in window   : 1->2: 45, 2->3: 10, 3->4: 1
epsilon (next episode)       : 0.30112
replay buffer                : 300000 samples [1: 78.1%, 2: 19.4%, 3: 2.5%, 4: 0.0%]
DFA state visits in window   : 1: 28680, 2: 12380, 3: 4490, 4: 1
DFA state visits cumulative  : 1: 591933, 2: 69573, 3: 7866, 4: 3
DFA state entries in window  : 1: 100, 2: 45, 3: 10, 4: 1
DFA state entries cumulative : 1: 3000, 2: 352, 3: 25, 4: 3
transitions cumulative       : 1->2: 352, 2->3: 25, 3->4: 3
accepted directly from s0    : 0
Gym endings cumulative       : terminated=2882, truncated=115

[Episode 3100/8000 | last 100]
success rate                : 3.0% (cumulative 0.2%)
synthetic task reward       : 300.000
shaping reward              : -1529.337
learning reward             : -1229.337
episode length              : 487.3
abstract changes / episode  : 22.5
DFA transitions / episode   : 0.73
DFA transitions in window   : 1->2: 49, 2->3: 21, 3->4: 3
epsilon (next episode)       : 0.28931
replay buffer                : 300000 samples [1: 74.2%, 2: 21.0%, 3: 4.8%, 4: 0.0%]
DFA state visits in window   : 1: 31086, 2: 10277, 3: 7460, 4: 3
DFA state visits cumulative  : 1: 623019, 2: 79850, 3: 15326, 4: 6
DFA state entries in window  : 1: 100, 2: 49, 3: 21, 4: 3
DFA state entries cumulative : 1: 3100, 2: 401, 3: 46, 4: 6
transitions cumulative       : 1->2: 401, 2->3: 46, 3->4: 6
accepted directly from s0    : 0
Gym endings cumulative       : terminated=2961, truncated=133
Best policy updated at episode 3100: mean learning reward=-1229.337

[Episode 3200/8000 | last 100]
success rate                : 3.0% (cumulative 0.3%)
synthetic task reward       : 300.000
shaping reward              : -1901.097
learning reward             : -1601.097
episode length              : 459.2
abstract changes / episode  : 24.0
DFA transitions / episode   : 0.52
DFA transitions in window   : 1->2: 36, 2->3: 13, 3->4: 3
epsilon (next episode)       : 0.27797
replay buffer                : 300000 samples [1: 72.1%, 2: 22.4%, 3: 5.5%, 4: 0.0%]
DFA state visits in window   : 1: 34051, 2: 9796, 3: 2170, 4: 3
DFA state visits cumulative  : 1: 657070, 2: 89646, 3: 17496, 4: 9
DFA state entries in window  : 1: 100, 2: 36, 3: 13, 4: 3
DFA state entries cumulative : 1: 3200, 2: 437, 3: 59, 4: 9
transitions cumulative       : 1->2: 437, 2->3: 59, 3->4: 9
accepted directly from s0    : 0
Gym endings cumulative       : terminated=3042, truncated=149

[Episode 3300/8000 | last 100]
success rate                : 8.0% (cumulative 0.5%)
synthetic task reward       : 800.000
shaping reward              : -1990.267
learning reward             : -1190.267
episode length              : 564.4
abstract changes / episode  : 27.6
DFA transitions / episode   : 0.92
DFA transitions in window   : 1->2: 55, 2->3: 29, 3->4: 8
epsilon (next episode)       : 0.26706
replay buffer                : 300000 samples [1: 68.4%, 2: 24.1%, 3: 7.5%, 4: 0.0%]
DFA state visits in window   : 1: 35857, 2: 14717, 3: 5954, 4: 8
DFA state visits cumulative  : 1: 692927, 2: 104363, 3: 23450, 4: 17
DFA state entries in window  : 1: 100, 2: 55, 3: 29, 4: 8
DFA state entries cumulative : 1: 3300, 2: 492, 3: 88, 4: 17
transitions cumulative       : 1->2: 492, 2->3: 88, 3->4: 17
accepted directly from s0    : 0
Gym endings cumulative       : terminated=3116, truncated=167
Best policy updated at episode 3300: mean learning reward=-1190.267

[Episode 3400/8000 | last 100]
success rate                : 16.0% (cumulative 1.0%)
synthetic task reward       : 1600.000
shaping reward              : -1990.071
learning reward             : -390.071
episode length              : 531.6
abstract changes / episode  : 28.5
DFA transitions / episode   : 1.24
DFA transitions in window   : 1->2: 70, 2->3: 38, 3->4: 16
epsilon (next episode)       : 0.25659
replay buffer                : 300000 samples [1: 65.6%, 2: 24.2%, 3: 10.1%, 4: 0.0%]
DFA state visits in window   : 1: 30002, 2: 14894, 3: 8346, 4: 16
DFA state visits cumulative  : 1: 722929, 2: 119257, 3: 31796, 4: 33
DFA state entries in window  : 1: 100, 2: 70, 3: 38, 4: 16
DFA state entries cumulative : 1: 3400, 2: 562, 3: 126, 4: 33
transitions cumulative       : 1->2: 562, 2->3: 126, 3->4: 33
accepted directly from s0    : 0
Gym endings cumulative       : terminated=3185, truncated=182
Best policy updated at episode 3400: mean learning reward=-390.071

[Episode 3500/8000 | last 100]
success rate                : 27.0% (cumulative 1.7%)
synthetic task reward       : 2700.000
shaping reward              : -2025.595
learning reward             : 674.405
episode length              : 514.7
abstract changes / episode  : 29.2
DFA transitions / episode   : 1.39
DFA transitions in window   : 1->2: 66, 2->3: 46, 3->4: 27
epsilon (next episode)       : 0.24653
replay buffer                : 300000 samples [1: 62.4%, 2: 25.0%, 3: 12.6%, 4: 0.0%]
DFA state visits in window   : 1: 28591, 2: 13361, 3: 9592, 4: 27
DFA state visits cumulative  : 1: 751520, 2: 132618, 3: 41388, 4: 60
DFA state entries in window  : 1: 100, 2: 66, 3: 46, 4: 27
DFA state entries cumulative : 1: 3500, 2: 628, 3: 172, 4: 60
transitions cumulative       : 1->2: 628, 2->3: 172, 3->4: 60
accepted directly from s0    : 0
Gym endings cumulative       : terminated=3245, truncated=195
Best policy updated at episode 3500: mean learning reward=674.405

[Episode 3600/8000 | last 100]
success rate                : 36.0% (cumulative 2.7%)
synthetic task reward       : 3600.000
shaping reward              : -2397.508
learning reward             : 1202.492
episode length              : 536.1
abstract changes / episode  : 36.3
DFA transitions / episode   : 1.73
DFA transitions in window   : 1->2: 85, 2->3: 52, 3->4: 36
epsilon (next episode)       : 0.23686
replay buffer                : 300000 samples [1: 59.2%, 2: 27.7%, 3: 13.1%, 4: 0.0%]
DFA state visits in window   : 1: 23462, 2: 22890, 3: 7323, 4: 36
DFA state visits cumulative  : 1: 774982, 2: 155508, 3: 48711, 4: 96
DFA state entries in window  : 1: 100, 2: 85, 3: 52, 4: 36
DFA state entries cumulative : 1: 3600, 2: 713, 3: 224, 4: 96
transitions cumulative       : 1->2: 713, 2->3: 224, 3->4: 96
accepted directly from s0    : 0
Gym endings cumulative       : terminated=3294, truncated=210
Best policy updated at episode 3600: mean learning reward=1202.492

[Episode 3700/8000 | last 100]
success rate                : 55.0% (cumulative 4.1%)
synthetic task reward       : 5500.000
shaping reward              : -1630.219
learning reward             : 3869.781
episode length              : 421.1
abstract changes / episode  : 28.4
DFA transitions / episode   : 2.09
DFA transitions in window   : 1->2: 83, 2->3: 71, 3->4: 55
epsilon (next episode)       : 0.22757
replay buffer                : 300000 samples [1: 55.3%, 2: 29.4%, 3: 15.3%, 4: 0.0%]
DFA state visits in window   : 1: 16505, 2: 12895, 3: 12757, 4: 55
DFA state visits cumulative  : 1: 791487, 2: 168403, 3: 61468, 4: 151
DFA state entries in window  : 1: 100, 2: 83, 3: 71, 4: 55
DFA state entries cumulative : 1: 3700, 2: 796, 3: 295, 4: 151
transitions cumulative       : 1->2: 796, 2->3: 295, 3->4: 151
accepted directly from s0    : 0
Gym endings cumulative       : terminated=3338, truncated=211
Best policy updated at episode 3700: mean learning reward=3869.781

[Episode 3800/8000 | last 100]
success rate                : 57.0% (cumulative 5.5%)
synthetic task reward       : 5700.000
shaping reward              : -1300.275
learning reward             : 4399.725
episode length              : 389.9
abstract changes / episode  : 25.5
DFA transitions / episode   : 2.08
DFA transitions in window   : 1->2: 83, 2->3: 68, 3->4: 57
epsilon (next episode)       : 0.21865
replay buffer                : 300000 samples [1: 52.2%, 2: 30.5%, 3: 17.3%, 4: 0.0%]
DFA state visits in window   : 1: 20332, 2: 10988, 3: 7714, 4: 57
DFA state visits cumulative  : 1: 811819, 2: 179391, 3: 69182, 4: 208
DFA state entries in window  : 1: 100, 2: 83, 3: 68, 4: 57
DFA state entries cumulative : 1: 3800, 2: 879, 3: 363, 4: 208
transitions cumulative       : 1->2: 879, 2->3: 363, 3->4: 208
accepted directly from s0    : 0
Gym endings cumulative       : terminated=3378, truncated=214
Best policy updated at episode 3800: mean learning reward=4399.725

[Episode 3900/8000 | last 100]
success rate                : 75.0% (cumulative 7.3%)
synthetic task reward       : 7500.000
shaping reward              : -976.952
learning reward             : 6523.048
episode length              : 364.1
abstract changes / episode  : 23.7
DFA transitions / episode   : 2.39
DFA transitions in window   : 1->2: 83, 2->3: 81, 3->4: 75
epsilon (next episode)       : 0.21007
replay buffer                : 300000 samples [1: 50.3%, 2: 30.6%, 3: 19.1%, 4: 0.0%]
DFA state visits in window   : 1: 17860, 2: 10825, 3: 7754, 4: 75
DFA state visits cumulative  : 1: 829679, 2: 190216, 3: 76936, 4: 283
DFA state entries in window  : 1: 100, 2: 83, 3: 81, 4: 75
DFA state entries cumulative : 1: 3900, 2: 962, 3: 444, 4: 283
transitions cumulative       : 1->2: 962, 2->3: 444, 3->4: 283
accepted directly from s0    : 0
Gym endings cumulative       : terminated=3402, truncated=215
Best policy updated at episode 3900: mean learning reward=6523.048

[Episode 4000/8000 | last 100]
success rate                : 66.0% (cumulative 8.7%)
synthetic task reward       : 6600.000
shaping reward              : -1144.279
learning reward             : 5455.721
episode length              : 376.9
abstract changes / episode  : 25.2
DFA transitions / episode   : 2.28
DFA transitions in window   : 1->2: 85, 2->3: 77, 3->4: 66
epsilon (next episode)       : 0.20183
replay buffer                : 300000 samples [1: 49.8%, 2: 30.8%, 3: 19.4%, 4: 0.0%]
DFA state visits in window   : 1: 19491, 2: 10968, 3: 7262, 4: 66
DFA state visits cumulative  : 1: 849170, 2: 201184, 3: 84198, 4: 349
DFA state entries in window  : 1: 100, 2: 85, 3: 77, 4: 66
DFA state entries cumulative : 1: 4000, 2: 1047, 3: 521, 4: 349
transitions cumulative       : 1->2: 1047, 2->3: 521, 3->4: 349
accepted directly from s0    : 0
Gym endings cumulative       : terminated=3433, truncated=218

[Episode 4100/8000 | last 100]
success rate                : 65.0% (cumulative 10.1%)
synthetic task reward       : 6500.000
shaping reward              : -915.111
learning reward             : 5584.889
episode length              : 334.9
abstract changes / episode  : 22.4
DFA transitions / episode   : 2.21
DFA transitions in window   : 1->2: 82, 2->3: 74, 3->4: 65
epsilon (next episode)       : 0.19392
replay buffer                : 300000 samples [1: 50.1%, 2: 30.7%, 3: 19.2%, 4: 0.0%]
DFA state visits in window   : 1: 19173, 2: 9363, 3: 4988, 4: 65
DFA state visits cumulative  : 1: 868343, 2: 210547, 3: 89186, 4: 414
DFA state entries in window  : 1: 100, 2: 82, 3: 74, 4: 65
DFA state entries cumulative : 1: 4100, 2: 1129, 3: 595, 4: 414
transitions cumulative       : 1->2: 1129, 2->3: 595, 3->4: 414
accepted directly from s0    : 0
Gym endings cumulative       : terminated=3468, truncated=218

[Episode 4200/8000 | last 100]
success rate                : 65.0% (cumulative 11.4%)
synthetic task reward       : 6500.000
shaping reward              : -1224.298
learning reward             : 5275.702
episode length              : 362.1
abstract changes / episode  : 25.8
DFA transitions / episode   : 2.34
DFA transitions in window   : 1->2: 88, 2->3: 81, 3->4: 65
epsilon (next episode)       : 0.18631
replay buffer                : 300000 samples [1: 48.9%, 2: 31.9%, 3: 19.1%, 4: 0.0%]
DFA state visits in window   : 1: 19064, 2: 10895, 3: 6290, 4: 65
DFA state visits cumulative  : 1: 887407, 2: 221442, 3: 95476, 4: 479
DFA state entries in window  : 1: 100, 2: 88, 3: 81, 4: 65
DFA state entries cumulative : 1: 4200, 2: 1217, 3: 676, 4: 479
transitions cumulative       : 1->2: 1217, 2->3: 676, 3->4: 479
accepted directly from s0    : 0
Gym endings cumulative       : terminated=3501, truncated=220

[Episode 4300/8000 | last 100]
success rate                : 65.0% (cumulative 12.7%)
synthetic task reward       : 6500.000
shaping reward              : -1280.011
learning reward             : 5219.989
episode length              : 371.4
abstract changes / episode  : 27.2
DFA transitions / episode   : 2.43
DFA transitions in window   : 1->2: 95, 2->3: 83, 3->4: 65
epsilon (next episode)       : 0.17900
replay buffer                : 300000 samples [1: 48.1%, 2: 32.7%, 3: 19.1%, 4: 0.0%]
DFA state visits in window   : 1: 17118, 2: 15256, 3: 4799, 4: 65
DFA state visits cumulative  : 1: 904525, 2: 236698, 3: 100275, 4: 544
DFA state entries in window  : 1: 100, 2: 95, 3: 83, 4: 65
DFA state entries cumulative : 1: 4300, 2: 1312, 3: 759, 4: 544
transitions cumulative       : 1->2: 1312, 2->3: 759, 3->4: 544
accepted directly from s0    : 0
Gym endings cumulative       : terminated=3535, truncated=221

[Episode 4400/8000 | last 100]
success rate                : 76.0% (cumulative 14.1%)
synthetic task reward       : 7600.000
shaping reward              : -941.940
learning reward             : 6658.060
episode length              : 330.2
abstract changes / episode  : 24.4
DFA transitions / episode   : 2.57
DFA transitions in window   : 1->2: 93, 2->3: 88, 3->4: 76
epsilon (next episode)       : 0.17198
replay buffer                : 300000 samples [1: 48.7%, 2: 32.0%, 3: 19.3%, 4: 0.0%]
DFA state visits in window   : 1: 15225, 2: 12503, 3: 5312, 4: 76
DFA state visits cumulative  : 1: 919750, 2: 249201, 3: 105587, 4: 620
DFA state entries in window  : 1: 100, 2: 93, 3: 88, 4: 76
DFA state entries cumulative : 1: 4400, 2: 1405, 3: 847, 4: 620
transitions cumulative       : 1->2: 1405, 2->3: 847, 3->4: 620
accepted directly from s0    : 0
Gym endings cumulative       : terminated=3558, truncated=222
Best policy updated at episode 4400: mean learning reward=6658.060

[Episode 4500/8000 | last 100]
success rate                : 73.0% (cumulative 15.4%)
synthetic task reward       : 7300.000
shaping reward              : -1175.986
learning reward             : 6124.014
episode length              : 350.0
abstract changes / episode  : 25.7
DFA transitions / episode   : 2.44
DFA transitions in window   : 1->2: 89, 2->3: 82, 3->4: 73
epsilon (next episode)       : 0.16524
replay buffer                : 300000 samples [1: 49.9%, 2: 32.5%, 3: 17.5%, 4: 0.0%]
DFA state visits in window   : 1: 15988, 2: 14207, 3: 4833, 4: 73
DFA state visits cumulative  : 1: 935738, 2: 263408, 3: 110420, 4: 693
DFA state entries in window  : 1: 100, 2: 89, 3: 82, 4: 73
DFA state entries cumulative : 1: 4500, 2: 1494, 3: 929, 4: 693
transitions cumulative       : 1->2: 1494, 2->3: 929, 3->4: 693
accepted directly from s0    : 0
Gym endings cumulative       : terminated=3584, truncated=223

[Episode 4600/8000 | last 100]
success rate                : 63.0% (cumulative 16.4%)
synthetic task reward       : 6300.000
shaping reward              : -1063.567
learning reward             : 5236.433
episode length              : 326.8
abstract changes / episode  : 24.4
DFA transitions / episode   : 2.34
DFA transitions in window   : 1->2: 90, 2->3: 81, 3->4: 63
epsilon (next episode)       : 0.15876
replay buffer                : 300000 samples [1: 50.8%, 2: 32.9%, 3: 16.3%, 4: 0.0%]
DFA state visits in window   : 1: 18480, 2: 9810, 3: 4428, 4: 63
DFA state visits cumulative  : 1: 954218, 2: 273218, 3: 114848, 4: 756
DFA state entries in window  : 1: 100, 2: 90, 3: 81, 4: 63
DFA state entries cumulative : 1: 4600, 2: 1584, 3: 1010, 4: 756
transitions cumulative       : 1->2: 1584, 2->3: 1010, 3->4: 756
accepted directly from s0    : 0
Gym endings cumulative       : terminated=3620, truncated=224

[Episode 4700/8000 | last 100]
success rate                : 71.0% (cumulative 17.6%)
synthetic task reward       : 7100.000
shaping reward              : -946.710
learning reward             : 6153.290
episode length              : 330.4
abstract changes / episode  : 24.0
DFA transitions / episode   : 2.40
DFA transitions in window   : 1->2: 87, 2->3: 82, 3->4: 71
epsilon (next episode)       : 0.15253
replay buffer                : 300000 samples [1: 51.2%, 2: 33.3%, 3: 15.5%, 4: 0.0%]
DFA state visits in window   : 1: 17549, 2: 10852, 3: 4669, 4: 71
DFA state visits cumulative  : 1: 971767, 2: 284070, 3: 119517, 4: 827
DFA state entries in window  : 1: 100, 2: 87, 3: 82, 4: 71
DFA state entries cumulative : 1: 4700, 2: 1671, 3: 1092, 4: 827
transitions cumulative       : 1->2: 1671, 2->3: 1092, 3->4: 827
accepted directly from s0    : 0
Gym endings cumulative       : terminated=3649, truncated=224

[Episode 4800/8000 | last 100]
success rate                : 54.0% (cumulative 18.4%)
synthetic task reward       : 5400.000
shaping reward              : -1256.643
learning reward             : 4143.357
episode length              : 375.2
abstract changes / episode  : 23.7
DFA transitions / episode   : 1.87
DFA transitions in window   : 1->2: 70, 2->3: 63, 3->4: 54
epsilon (next episode)       : 0.14655
replay buffer                : 300000 samples [1: 52.7%, 2: 33.3%, 3: 14.0%, 4: 0.0%]
DFA state visits in window   : 1: 23724, 2: 10510, 3: 3332, 4: 54
DFA state visits cumulative  : 1: 995491, 2: 294580, 3: 122849, 4: 881
DFA state entries in window  : 1: 100, 2: 70, 3: 63, 4: 54
DFA state entries cumulative : 1: 4800, 2: 1741, 3: 1155, 4: 881
transitions cumulative       : 1->2: 1741, 2->3: 1155, 3->4: 881
accepted directly from s0    : 0
Gym endings cumulative       : terminated=3691, truncated=228

[Episode 4900/8000 | last 100]
success rate                : 63.0% (cumulative 19.3%)
synthetic task reward       : 6300.000
shaping reward              : -1240.379
learning reward             : 5059.621
episode length              : 390.4
abstract changes / episode  : 25.1
DFA transitions / episode   : 2.12
DFA transitions in window   : 1->2: 79, 2->3: 70, 3->4: 63
epsilon (next episode)       : 0.14080
replay buffer                : 300000 samples [1: 53.2%, 2: 33.5%, 3: 13.3%, 4: 0.0%]
DFA state visits in window   : 1: 23339, 2: 12017, 3: 3724, 4: 63
DFA state visits cumulative  : 1: 1018830, 2: 306597, 3: 126573, 4: 944
DFA state entries in window  : 1: 100, 2: 79, 3: 70, 4: 63
DFA state entries cumulative : 1: 4900, 2: 1820, 3: 1225, 4: 944
transitions cumulative       : 1->2: 1820, 2->3: 1225, 3->4: 944
accepted directly from s0    : 0
Gym endings cumulative       : terminated=3723, truncated=233

[Episode 5000/8000 | last 100]
success rate                : 71.0% (cumulative 20.3%)
synthetic task reward       : 7100.000
shaping reward              : -947.821
learning reward             : 6152.179
episode length              : 320.8
abstract changes / episode  : 22.7
DFA transitions / episode   : 2.31
DFA transitions in window   : 1->2: 83, 2->3: 77, 3->4: 71
epsilon (next episode)       : 0.13528
replay buffer                : 300000 samples [1: 53.6%, 2: 33.3%, 3: 13.1%, 4: 0.0%]
DFA state visits in window   : 1: 19051, 2: 8535, 3: 4522, 4: 71
DFA state visits cumulative  : 1: 1037881, 2: 315132, 3: 131095, 4: 1015
DFA state entries in window  : 1: 100, 2: 83, 3: 77, 4: 71
DFA state entries cumulative : 1: 5000, 2: 1903, 3: 1302, 4: 1015
transitions cumulative       : 1->2: 1903, 2->3: 1302, 3->4: 1015
accepted directly from s0    : 0
Gym endings cumulative       : terminated=3752, truncated=233

[Episode 5100/8000 | last 100]
success rate                : 79.0% (cumulative 21.5%)
synthetic task reward       : 7900.000
shaping reward              : -997.982
learning reward             : 6902.018
episode length              : 343.4
abstract changes / episode  : 25.1
DFA transitions / episode   : 2.53
DFA transitions in window   : 1->2: 88, 2->3: 86, 3->4: 79
epsilon (next episode)       : 0.12998
replay buffer                : 300000 samples [1: 53.9%, 2: 33.3%, 3: 12.9%, 4: 0.0%]
DFA state visits in window   : 1: 17913, 2: 11813, 3: 4638, 4: 79
DFA state visits cumulative  : 1: 1055794, 2: 326945, 3: 135733, 4: 1094
DFA state entries in window  : 1: 100, 2: 88, 3: 86, 4: 79
DFA state entries cumulative : 1: 5100, 2: 1991, 3: 1388, 4: 1094
transitions cumulative       : 1->2: 1991, 2->3: 1388, 3->4: 1094
accepted directly from s0    : 0
Gym endings cumulative       : terminated=3772, truncated=234
Best policy updated at episode 5100: mean learning reward=6902.018

[Episode 5200/8000 | last 100]
success rate                : 65.0% (cumulative 22.3%)
synthetic task reward       : 6500.000
shaping reward              : -1129.179
learning reward             : 5370.821
episode length              : 339.3
abstract changes / episode  : 24.8
DFA transitions / episode   : 2.15
DFA transitions in window   : 1->2: 80, 2->3: 70, 3->4: 65
epsilon (next episode)       : 0.12488
replay buffer                : 300000 samples [1: 55.2%, 2: 32.2%, 3: 12.5%, 4: 0.0%]
DFA state visits in window   : 1: 19180, 2: 10601, 3: 4181, 4: 65
DFA state visits cumulative  : 1: 1074974, 2: 337546, 3: 139914, 4: 1159
DFA state entries in window  : 1: 100, 2: 80, 3: 70, 4: 65
DFA state entries cumulative : 1: 5200, 2: 2071, 3: 1458, 4: 1159
transitions cumulative       : 1->2: 2071, 2->3: 1458, 3->4: 1159
accepted directly from s0    : 0
Gym endings cumulative       : terminated=3803, truncated=238

[Episode 5300/8000 | last 100]
success rate                : 72.0% (cumulative 23.2%)
synthetic task reward       : 7200.000
shaping reward              : -1216.264
learning reward             : 5983.736
episode length              : 372.3
abstract changes / episode  : 27.1
DFA transitions / episode   : 2.42
DFA transitions in window   : 1->2: 89, 2->3: 81, 3->4: 72
epsilon (next episode)       : 0.11998
replay buffer                : 300000 samples [1: 56.6%, 2: 31.2%, 3: 12.2%, 4: 0.0%]
DFA state visits in window   : 1: 21045, 2: 11891, 3: 4324, 4: 72
DFA state visits cumulative  : 1: 1096019, 2: 349437, 3: 144238, 4: 1231
DFA state entries in window  : 1: 100, 2: 89, 3: 81, 4: 72
DFA state entries cumulative : 1: 5300, 2: 2160, 3: 1539, 4: 1231
transitions cumulative       : 1->2: 2160, 2->3: 1539, 3->4: 1231
accepted directly from s0    : 0
Gym endings cumulative       : terminated=3827, truncated=242

[Episode 5400/8000 | last 100]
success rate                : 76.0% (cumulative 24.2%)
synthetic task reward       : 7600.000
shaping reward              : -1529.808
learning reward             : 6070.192
episode length              : 408.6
abstract changes / episode  : 31.0
DFA transitions / episode   : 2.56
DFA transitions in window   : 1->2: 92, 2->3: 88, 3->4: 76
epsilon (next episode)       : 0.11528
replay buffer                : 300000 samples [1: 56.2%, 2: 31.6%, 3: 12.2%, 4: 0.0%]
DFA state visits in window   : 1: 20276, 2: 14947, 3: 5659, 4: 76
DFA state visits cumulative  : 1: 1116295, 2: 364384, 3: 149897, 4: 1307
DFA state entries in window  : 1: 100, 2: 92, 3: 88, 4: 76
DFA state entries cumulative : 1: 5400, 2: 2252, 3: 1627, 4: 1307
transitions cumulative       : 1->2: 2252, 2->3: 1627, 3->4: 1307
accepted directly from s0    : 0
Gym endings cumulative       : terminated=3848, truncated=245

[Episode 5500/8000 | last 100]
success rate                : 79.0% (cumulative 25.2%)
synthetic task reward       : 7900.000
shaping reward              : -1221.105
learning reward             : 6678.895
episode length              : 386.2
abstract changes / episode  : 27.4
DFA transitions / episode   : 2.54
DFA transitions in window   : 1->2: 92, 2->3: 83, 3->4: 79
epsilon (next episode)       : 0.11075
replay buffer                : 300000 samples [1: 56.0%, 2: 32.3%, 3: 11.7%, 4: 0.0%]
DFA state visits in window   : 1: 19647, 2: 14758, 3: 4236, 4: 79
DFA state visits cumulative  : 1: 1135942, 2: 379142, 3: 154133, 4: 1386
DFA state entries in window  : 1: 100, 2: 92, 3: 83, 4: 79
DFA state entries cumulative : 1: 5500, 2: 2344, 3: 1710, 4: 1386
transitions cumulative       : 1->2: 2344, 2->3: 1710, 3->4: 1386
accepted directly from s0    : 0
Gym endings cumulative       : terminated=3865, truncated=249

[Episode 5600/8000 | last 100]
success rate                : 72.0% (cumulative 26.0%)
synthetic task reward       : 7200.000
shaping reward              : -1084.991
learning reward             : 6115.009
episode length              : 343.4
abstract changes / episode  : 24.5
DFA transitions / episode   : 2.37
DFA transitions in window   : 1->2: 86, 2->3: 79, 3->4: 72
epsilon (next episode)       : 0.10641
replay buffer                : 300000 samples [1: 55.8%, 2: 32.4%, 3: 11.8%, 4: 0.0%]
DFA state visits in window   : 1: 19969, 2: 10980, 3: 3422, 4: 72
DFA state visits cumulative  : 1: 1155911, 2: 390122, 3: 157555, 4: 1458
DFA state entries in window  : 1: 100, 2: 86, 3: 79, 4: 72
DFA state entries cumulative : 1: 5600, 2: 2430, 3: 1789, 4: 1458
transitions cumulative       : 1->2: 2430, 2->3: 1789, 3->4: 1458
accepted directly from s0    : 0
Gym endings cumulative       : terminated=3891, truncated=251

[Episode 5700/8000 | last 100]
success rate                : 73.0% (cumulative 26.9%)
synthetic task reward       : 7300.000
shaping reward              : -760.705
learning reward             : 6539.295
episode length              : 271.1
abstract changes / episode  : 19.6
DFA transitions / episode   : 2.24
DFA transitions in window   : 1->2: 76, 2->3: 75, 3->4: 73
epsilon (next episode)       : 0.10224
replay buffer                : 300000 samples [1: 55.1%, 2: 32.6%, 3: 12.3%, 4: 0.0%]
DFA state visits in window   : 1: 17508, 2: 6643, 3: 2985, 4: 73
DFA state visits cumulative  : 1: 1173419, 2: 396765, 3: 160540, 4: 1531
DFA state entries in window  : 1: 100, 2: 76, 3: 75, 4: 73
DFA state entries cumulative : 1: 5700, 2: 2506, 3: 1864, 4: 1531
transitions cumulative       : 1->2: 2506, 2->3: 1864, 3->4: 1531
accepted directly from s0    : 0
Gym endings cumulative       : terminated=3917, truncated=252

[Episode 5800/8000 | last 100]
success rate                : 78.0% (cumulative 27.7%)
synthetic task reward       : 7800.000
shaping reward              : -1020.221
learning reward             : 6779.779
episode length              : 328.4
abstract changes / episode  : 24.1
DFA transitions / episode   : 2.39
DFA transitions in window   : 1->2: 82, 2->3: 79, 3->4: 78
epsilon (next episode)       : 0.09823
replay buffer                : 300000 samples [1: 55.8%, 2: 32.2%, 3: 12.0%, 4: 0.0%]
DFA state visits in window   : 1: 20008, 2: 9225, 3: 3625, 4: 78
DFA state visits cumulative  : 1: 1193427, 2: 405990, 3: 164165, 4: 1609
DFA state entries in window  : 1: 100, 2: 82, 3: 79, 4: 78
DFA state entries cumulative : 1: 5800, 2: 2588, 3: 1943, 4: 1609
transitions cumulative       : 1->2: 2588, 2->3: 1943, 3->4: 1609
accepted directly from s0    : 0
Gym endings cumulative       : terminated=3939, truncated=252

[Episode 5900/8000 | last 100]
success rate                : 79.0% (cumulative 28.6%)
synthetic task reward       : 7900.000
shaping reward              : -739.880
learning reward             : 7160.120
episode length              : 307.0
abstract changes / episode  : 22.2
DFA transitions / episode   : 2.51
DFA transitions in window   : 1->2: 89, 2->3: 83, 3->4: 79
epsilon (next episode)       : 0.09438
replay buffer                : 300000 samples [1: 55.4%, 2: 33.0%, 3: 11.6%, 4: 0.0%]
DFA state visits in window   : 1: 15853, 2: 11687, 3: 3184, 4: 79
DFA state visits cumulative  : 1: 1209280, 2: 417677, 3: 167349, 4: 1688
DFA state entries in window  : 1: 100, 2: 89, 3: 83, 4: 79
DFA state entries cumulative : 1: 5900, 2: 2677, 3: 2026, 4: 1688
transitions cumulative       : 1->2: 2677, 2->3: 2026, 3->4: 1688
accepted directly from s0    : 0
Gym endings cumulative       : terminated=3957, truncated=255
Best policy updated at episode 5900: mean learning reward=7160.120

[Episode 6000/8000 | last 100]
success rate                : 85.0% (cumulative 29.5%)
synthetic task reward       : 8500.000
shaping reward              : -551.963
learning reward             : 7948.037
episode length              : 284.0
abstract changes / episode  : 21.3
DFA transitions / episode   : 2.67
DFA transitions in window   : 1->2: 92, 2->3: 90, 3->4: 85
epsilon (next episode)       : 0.09067
replay buffer                : 300000 samples [1: 55.6%, 2: 32.8%, 3: 11.5%, 4: 0.0%]
DFA state visits in window   : 1: 15775, 2: 9185, 3: 3458, 4: 85
DFA state visits cumulative  : 1: 1225055, 2: 426862, 3: 170807, 4: 1773
DFA state entries in window  : 1: 100, 2: 92, 3: 90, 4: 85
DFA state entries cumulative : 1: 6000, 2: 2769, 3: 2116, 4: 1773
transitions cumulative       : 1->2: 2769, 2->3: 2116, 3->4: 1773
accepted directly from s0    : 0
Gym endings cumulative       : terminated=3972, truncated=255
Best policy updated at episode 6000: mean learning reward=7948.037

[Episode 6100/8000 | last 100]
success rate                : 85.0% (cumulative 30.5%)
synthetic task reward       : 8500.000
shaping reward              : -624.121
learning reward             : 7875.879
episode length              : 280.2
abstract changes / episode  : 21.9
DFA transitions / episode   : 2.66
DFA transitions in window   : 1->2: 92, 2->3: 89, 3->4: 85
epsilon (next episode)       : 0.08712
replay buffer                : 300000 samples [1: 55.5%, 2: 33.0%, 3: 11.5%, 4: 0.0%]
DFA state visits in window   : 1: 15758, 2: 9015, 3: 3264, 4: 85
DFA state visits cumulative  : 1: 1240813, 2: 435877, 3: 174071, 4: 1858
DFA state entries in window  : 1: 100, 2: 92, 3: 89, 4: 85
DFA state entries cumulative : 1: 6100, 2: 2861, 3: 2205, 4: 1858
transitions cumulative       : 1->2: 2861, 2->3: 2205, 3->4: 1858
accepted directly from s0    : 0
Gym endings cumulative       : terminated=3987, truncated=255

[Episode 6200/8000 | last 100]
success rate                : 79.0% (cumulative 31.2%)
synthetic task reward       : 7900.000
shaping reward              : -870.035
learning reward             : 7029.965
episode length              : 329.1
abstract changes / episode  : 24.0
DFA transitions / episode   : 2.55
DFA transitions in window   : 1->2: 93, 2->3: 83, 3->4: 79
epsilon (next episode)       : 0.08370
replay buffer                : 300000 samples [1: 56.1%, 2: 32.8%, 3: 11.1%, 4: 0.0%]
DFA state visits in window   : 1: 20519, 2: 9473, 3: 2937, 4: 79
DFA state visits cumulative  : 1: 1261332, 2: 445350, 3: 177008, 4: 1937
DFA state entries in window  : 1: 100, 2: 93, 3: 83, 4: 79
DFA state entries cumulative : 1: 6200, 2: 2954, 3: 2288, 4: 1937
transitions cumulative       : 1->2: 2954, 2->3: 2288, 3->4: 1937
accepted directly from s0    : 0
Gym endings cumulative       : terminated=4007, truncated=256

[Episode 6300/8000 | last 100]
success rate                : 71.0% (cumulative 31.9%)
synthetic task reward       : 7100.000
shaping reward              : -941.903
learning reward             : 6158.097
episode length              : 303.3
abstract changes / episode  : 24.3
DFA transitions / episode   : 2.45
DFA transitions in window   : 1->2: 93, 2->3: 81, 3->4: 71
epsilon (next episode)       : 0.08042
replay buffer                : 300000 samples [1: 56.4%, 2: 32.8%, 3: 10.8%, 4: 0.0%]
DFA state visits in window   : 1: 16609, 2: 10578, 3: 3170, 4: 71
DFA state visits cumulative  : 1: 1277941, 2: 455928, 3: 180178, 4: 2008
DFA state entries in window  : 1: 100, 2: 93, 3: 81, 4: 71
DFA state entries cumulative : 1: 6300, 2: 3047, 3: 2369, 4: 2008
transitions cumulative       : 1->2: 3047, 2->3: 2369, 3->4: 2008
accepted directly from s0    : 0
Gym endings cumulative       : terminated=4036, truncated=256

[Episode 6400/8000 | last 100]
success rate                : 71.0% (cumulative 32.5%)
synthetic task reward       : 7100.000
shaping reward              : -1078.931
learning reward             : 6021.069
episode length              : 332.2
abstract changes / episode  : 25.7
DFA transitions / episode   : 2.52
DFA transitions in window   : 1->2: 98, 2->3: 83, 3->4: 71
epsilon (next episode)       : 0.07727
replay buffer                : 300000 samples [1: 56.2%, 2: 32.5%, 3: 11.3%, 4: 0.0%]
DFA state visits in window   : 1: 15407, 2: 12871, 3: 4972, 4: 71
DFA state visits cumulative  : 1: 1293348, 2: 468799, 3: 185150, 4: 2079
DFA state entries in window  : 1: 100, 2: 98, 3: 83, 4: 71
DFA state entries cumulative : 1: 6400, 2: 3145, 3: 2452, 4: 2079
transitions cumulative       : 1->2: 3145, 2->3: 2452, 3->4: 2079
accepted directly from s0    : 0
Gym endings cumulative       : terminated=4062, truncated=259

[Episode 6500/8000 | last 100]
success rate                : 78.0% (cumulative 33.2%)
synthetic task reward       : 7800.000
shaping reward              : -1364.881
learning reward             : 6435.119
episode length              : 382.4
abstract changes / episode  : 29.4
DFA transitions / episode   : 2.58
DFA transitions in window   : 1->2: 95, 2->3: 85, 3->4: 78
epsilon (next episode)       : 0.07423
replay buffer                : 300000 samples [1: 56.4%, 2: 32.5%, 3: 11.2%, 4: 0.0%]
DFA state visits in window   : 1: 21084, 2: 12973, 3: 4206, 4: 78
DFA state visits cumulative  : 1: 1314432, 2: 481772, 3: 189356, 4: 2157
DFA state entries in window  : 1: 100, 2: 95, 3: 85, 4: 78
DFA state entries cumulative : 1: 6500, 2: 3240, 3: 2537, 4: 2157
transitions cumulative       : 1->2: 3240, 2->3: 2537, 3->4: 2157
accepted directly from s0    : 0
Gym endings cumulative       : terminated=4083, truncated=260

[Episode 6600/8000 | last 100]
success rate                : 79.0% (cumulative 33.9%)
synthetic task reward       : 7900.000
shaping reward              : -1304.040
learning reward             : 6595.960
episode length              : 371.9
abstract changes / episode  : 28.1
DFA transitions / episode   : 2.49
DFA transitions in window   : 1->2: 89, 2->3: 81, 3->4: 79
epsilon (next episode)       : 0.07132
replay buffer                : 300000 samples [1: 56.0%, 2: 32.8%, 3: 11.2%, 4: 0.0%]
DFA state visits in window   : 1: 21918, 2: 11298, 3: 3993, 4: 79
DFA state visits cumulative  : 1: 1336350, 2: 493070, 3: 193349, 4: 2236
DFA state entries in window  : 1: 100, 2: 89, 3: 81, 4: 79
DFA state entries cumulative : 1: 6600, 2: 3329, 3: 2618, 4: 2236
transitions cumulative       : 1->2: 3329, 2->3: 2618, 3->4: 2236
accepted directly from s0    : 0
Gym endings cumulative       : terminated=4104, truncated=260

[Episode 6700/8000 | last 100]
success rate                : 71.0% (cumulative 34.4%)
synthetic task reward       : 7100.000
shaping reward              : -1166.027
learning reward             : 5933.973
episode length              : 325.7
abstract changes / episode  : 25.4
DFA transitions / episode   : 2.35
DFA transitions in window   : 1->2: 89, 2->3: 75, 3->4: 71
epsilon (next episode)       : 0.06853
replay buffer                : 300000 samples [1: 54.7%, 2: 34.2%, 3: 11.0%, 4: 0.0%]
DFA state visits in window   : 1: 16734, 2: 12766, 3: 3095, 4: 71
DFA state visits cumulative  : 1: 1353084, 2: 505836, 3: 196444, 4: 2307
DFA state entries in window  : 1: 100, 2: 89, 3: 75, 4: 71
DFA state entries cumulative : 1: 6700, 2: 3418, 3: 2693, 4: 2307
transitions cumulative       : 1->2: 3418, 2->3: 2693, 3->4: 2307
accepted directly from s0    : 0
Gym endings cumulative       : terminated=4131, truncated=262

[Episode 6800/8000 | last 100]
success rate                : 73.0% (cumulative 35.0%)
synthetic task reward       : 7300.000
shaping reward              : -970.866
learning reward             : 6329.134
episode length              : 312.6
abstract changes / episode  : 24.7
DFA transitions / episode   : 2.50
DFA transitions in window   : 1->2: 94, 2->3: 83, 3->4: 73
epsilon (next episode)       : 0.06584
replay buffer                : 300000 samples [1: 54.6%, 2: 34.0%, 3: 11.4%, 4: 0.0%]
DFA state visits in window   : 1: 16192, 2: 10881, 3: 4217, 4: 73
DFA state visits cumulative  : 1: 1369276, 2: 516717, 3: 200661, 4: 2380
DFA state entries in window  : 1: 100, 2: 94, 3: 83, 4: 73
DFA state entries cumulative : 1: 6800, 2: 3512, 3: 2776, 4: 2380
transitions cumulative       : 1->2: 3512, 2->3: 2776, 3->4: 2380
accepted directly from s0    : 0
Gym endings cumulative       : terminated=4157, truncated=263

[Episode 6900/8000 | last 100]
success rate                : 78.0% (cumulative 35.6%)
synthetic task reward       : 7800.000
shaping reward              : -980.127
learning reward             : 6819.873
episode length              : 323.4
abstract changes / episode  : 24.6
DFA transitions / episode   : 2.50
DFA transitions in window   : 1->2: 90, 2->3: 82, 3->4: 78
epsilon (next episode)       : 0.06326
replay buffer                : 300000 samples [1: 55.0%, 2: 33.8%, 3: 11.3%, 4: 0.0%]
DFA state visits in window   : 1: 18861, 2: 9826, 3: 3671, 4: 78
DFA state visits cumulative  : 1: 1388137, 2: 526543, 3: 204332, 4: 2458
DFA state entries in window  : 1: 100, 2: 90, 3: 82, 4: 78
DFA state entries cumulative : 1: 6900, 2: 3602, 3: 2858, 4: 2458
transitions cumulative       : 1->2: 3602, 2->3: 2858, 3->4: 2458
accepted directly from s0    : 0
Gym endings cumulative       : terminated=4177, truncated=265

[Episode 7000/8000 | last 100]
success rate                : 67.0% (cumulative 36.1%)
synthetic task reward       : 6700.000
shaping reward              : -933.194
learning reward             : 5766.806
episode length              : 297.6
abstract changes / episode  : 22.4
DFA transitions / episode   : 2.17
DFA transitions in window   : 1->2: 80, 2->3: 70, 3->4: 67
epsilon (next episode)       : 0.06078
replay buffer                : 300000 samples [1: 55.8%, 2: 33.1%, 3: 11.2%, 4: 0.0%]
DFA state visits in window   : 1: 19032, 2: 7762, 3: 3003, 4: 67
DFA state visits cumulative  : 1: 1407169, 2: 534305, 3: 207335, 4: 2525
DFA state entries in window  : 1: 100, 2: 80, 3: 70, 4: 67
DFA state entries cumulative : 1: 7000, 2: 3682, 3: 2928, 4: 2525
transitions cumulative       : 1->2: 3682, 2->3: 2928, 3->4: 2525
accepted directly from s0    : 0
Gym endings cumulative       : terminated=4209, truncated=266

[Episode 7100/8000 | last 100]
success rate                : 82.0% (cumulative 36.7%)
synthetic task reward       : 8200.000
shaping reward              : -723.100
learning reward             : 7476.900
episode length              : 301.3
abstract changes / episode  : 22.3
DFA transitions / episode   : 2.58
DFA transitions in window   : 1->2: 90, 2->3: 86, 3->4: 82
epsilon (next episode)       : 0.05839
replay buffer                : 300000 samples [1: 55.4%, 2: 32.9%, 3: 11.7%, 4: 0.0%]
DFA state visits in window   : 1: 17274, 2: 8414, 3: 4464, 4: 82
DFA state visits cumulative  : 1: 1424443, 2: 542719, 3: 211799, 4: 2607
DFA state entries in window  : 1: 100, 2: 90, 3: 86, 4: 82
DFA state entries cumulative : 1: 7100, 2: 3772, 3: 3014, 4: 2607
transitions cumulative       : 1->2: 3772, 2->3: 3014, 3->4: 2607
accepted directly from s0    : 0
Gym endings cumulative       : terminated=4226, truncated=267

[Episode 7200/8000 | last 100]
success rate                : 94.0% (cumulative 37.5%)
synthetic task reward       : 9400.000
shaping reward              : -460.719
learning reward             : 8939.281
episode length              : 292.9
abstract changes / episode  : 21.1
DFA transitions / episode   : 2.85
DFA transitions in window   : 1->2: 96, 2->3: 95, 3->4: 94
epsilon (next episode)       : 0.05610
replay buffer                : 300000 samples [1: 55.5%, 2: 32.4%, 3: 12.1%, 4: 0.0%]
DFA state visits in window   : 1: 16512, 2: 8656, 3: 4124, 4: 94
DFA state visits cumulative  : 1: 1440955, 2: 551375, 3: 215923, 4: 2701
DFA state entries in window  : 1: 100, 2: 96, 3: 95, 4: 94
DFA state entries cumulative : 1: 7200, 2: 3868, 3: 3109, 4: 2701
transitions cumulative       : 1->2: 3868, 2->3: 3109, 3->4: 2701
accepted directly from s0    : 0
Gym endings cumulative       : terminated=4232, truncated=267
Best policy updated at episode 7200: mean learning reward=8939.281

[Episode 7300/8000 | last 100]
success rate                : 86.0% (cumulative 38.2%)
synthetic task reward       : 8600.000
shaping reward              : -908.998
learning reward             : 7691.002
episode length              : 338.1
abstract changes / episode  : 24.8
DFA transitions / episode   : 2.63
DFA transitions in window   : 1->2: 89, 2->3: 88, 3->4: 86
epsilon (next episode)       : 0.05390
replay buffer                : 300000 samples [1: 57.3%, 2: 31.0%, 3: 11.7%, 4: 0.0%]
DFA state visits in window   : 1: 21668, 2: 8321, 3: 3831, 4: 86
DFA state visits cumulative  : 1: 1462623, 2: 559696, 3: 219754, 4: 2787
DFA state entries in window  : 1: 100, 2: 89, 3: 88, 4: 86
DFA state entries cumulative : 1: 7300, 2: 3957, 3: 3197, 4: 2787
transitions cumulative       : 1->2: 3957, 2->3: 3197, 3->4: 2787
accepted directly from s0    : 0
Gym endings cumulative       : terminated=4245, truncated=268

[Episode 7400/8000 | last 100]
success rate                : 86.0% (cumulative 38.8%)
synthetic task reward       : 8600.000
shaping reward              : -916.493
learning reward             : 7683.507
episode length              : 324.0
abstract changes / episode  : 24.7
DFA transitions / episode   : 2.63
DFA transitions in window   : 1->2: 91, 2->3: 86, 3->4: 86
epsilon (next episode)       : 0.05179
replay buffer                : 300000 samples [1: 58.1%, 2: 30.0%, 3: 11.9%, 4: 0.0%]
DFA state visits in window   : 1: 19735, 2: 8788, 3: 3887, 4: 86
DFA state visits cumulative  : 1: 1482358, 2: 568484, 3: 223641, 4: 2873
DFA state entries in window  : 1: 100, 2: 91, 3: 86, 4: 86
DFA state entries cumulative : 1: 7400, 2: 4048, 3: 3283, 4: 2873
transitions cumulative       : 1->2: 4048, 2->3: 3283, 3->4: 2873
accepted directly from s0    : 0
Gym endings cumulative       : terminated=4259, truncated=268

[Episode 7500/8000 | last 100]
success rate                : 60.0% (cumulative 39.1%)
synthetic task reward       : 6000.000
shaping reward              : -1418.520
learning reward             : 4581.480
episode length              : 350.4
abstract changes / episode  : 26.6
DFA transitions / episode   : 1.94
DFA transitions in window   : 1->2: 71, 2->3: 63, 3->4: 60
epsilon (next episode)       : 0.04976
replay buffer                : 300000 samples [1: 59.7%, 2: 28.7%, 3: 11.5%, 4: 0.0%]
DFA state visits in window   : 1: 25910, 2: 6295, 3: 2877, 4: 60
DFA state visits cumulative  : 1: 1508268, 2: 574779, 3: 226518, 4: 2933
DFA state entries in window  : 1: 100, 2: 71, 3: 63, 4: 60
DFA state entries cumulative : 1: 7500, 2: 4119, 3: 3346, 4: 2933
transitions cumulative       : 1->2: 4119, 2->3: 3346, 3->4: 2933
accepted directly from s0    : 0
Gym endings cumulative       : terminated=4295, truncated=272

[Episode 7600/8000 | last 100]
success rate                : 83.0% (cumulative 39.7%)
synthetic task reward       : 8300.000
shaping reward              : -996.471
learning reward             : 7303.529
episode length              : 351.6
abstract changes / episode  : 25.7
DFA transitions / episode   : 2.54
DFA transitions in window   : 1->2: 88, 2->3: 83, 3->4: 83
epsilon (next episode)       : 0.04781
replay buffer                : 300000 samples [1: 61.9%, 2: 26.7%, 3: 11.4%, 4: 0.0%]
DFA state visits in window   : 1: 24729, 2: 7403, 3: 3048, 4: 83
DFA state visits cumulative  : 1: 1532997, 2: 582182, 3: 229566, 4: 3016
DFA state entries in window  : 1: 100, 2: 88, 3: 83, 4: 83
DFA state entries cumulative : 1: 7600, 2: 4207, 3: 3429, 4: 3016
transitions cumulative       : 1->2: 4207, 2->3: 3429, 3->4: 3016
accepted directly from s0    : 0
Gym endings cumulative       : terminated=4310, truncated=274

[Episode 7700/8000 | last 100]
success rate                : 84.0% (cumulative 40.3%)
synthetic task reward       : 8400.000
shaping reward              : -558.613
learning reward             : 7841.387
episode length              : 282.8
abstract changes / episode  : 21.0
DFA transitions / episode   : 2.57
DFA transitions in window   : 1->2: 88, 2->3: 85, 3->4: 84
epsilon (next episode)       : 0.04593
replay buffer                : 300000 samples [1: 62.4%, 2: 26.3%, 3: 11.3%, 4: 0.0%]
DFA state visits in window   : 1: 16214, 2: 9085, 3: 2994, 4: 84
DFA state visits cumulative  : 1: 1549211, 2: 591267, 3: 232560, 4: 3100
DFA state entries in window  : 1: 100, 2: 88, 3: 85, 4: 84
DFA state entries cumulative : 1: 7700, 2: 4295, 3: 3514, 4: 3100
transitions cumulative       : 1->2: 4295, 2->3: 3514, 3->4: 3100
accepted directly from s0    : 0
Gym endings cumulative       : terminated=4326, truncated=274

[Episode 7800/8000 | last 100]
success rate                : 88.0% (cumulative 40.9%)
synthetic task reward       : 8800.000
shaping reward              : -544.435
learning reward             : 8255.565
episode length              : 291.1
abstract changes / episode  : 21.6
DFA transitions / episode   : 2.73
DFA transitions in window   : 1->2: 94, 2->3: 91, 3->4: 88
epsilon (next episode)       : 0.04413
replay buffer                : 300000 samples [1: 62.6%, 2: 26.1%, 3: 11.3%, 4: 0.0%]
DFA state visits in window   : 1: 16951, 2: 8750, 3: 3421, 4: 88
DFA state visits cumulative  : 1: 1566162, 2: 600017, 3: 235981, 4: 3188
DFA state entries in window  : 1: 100, 2: 94, 3: 91, 4: 88
DFA state entries cumulative : 1: 7800, 2: 4389, 3: 3605, 4: 3188
transitions cumulative       : 1->2: 4389, 2->3: 3605, 3->4: 3188
accepted directly from s0    : 0
Gym endings cumulative       : terminated=4337, truncated=275

[Episode 7900/8000 | last 100]
success rate                : 78.0% (cumulative 41.3%)
synthetic task reward       : 7800.000
shaping reward              : -774.909
learning reward             : 7025.091
episode length              : 302.2
abstract changes / episode  : 22.1
DFA transitions / episode   : 2.40
DFA transitions in window   : 1->2: 82, 2->3: 80, 3->4: 78
epsilon (next episode)       : 0.04240
replay buffer                : 300000 samples [1: 62.2%, 2: 26.6%, 3: 11.2%, 4: 0.0%]
DFA state visits in window   : 1: 18134, 2: 9059, 3: 3049, 4: 78
DFA state visits cumulative  : 1: 1584296, 2: 609076, 3: 239030, 4: 3266
DFA state entries in window  : 1: 100, 2: 82, 3: 80, 4: 78
DFA state entries cumulative : 1: 7900, 2: 4471, 3: 3685, 4: 3266
transitions cumulative       : 1->2: 4471, 2->3: 3685, 3->4: 3266
accepted directly from s0    : 0
Gym endings cumulative       : terminated=4358, truncated=276

[Episode 8000/8000 | last 100]
success rate                : 64.0% (cumulative 41.6%)
synthetic task reward       : 6400.000
shaping reward              : -1443.390
learning reward             : 4956.610
episode length              : 418.2
abstract changes / episode  : 28.1
DFA transitions / episode   : 2.15
DFA transitions in window   : 1->2: 77, 2->3: 74, 3->4: 64
epsilon (next episode)       : 0.04074
replay buffer                : 300000 samples [1: 63.2%, 2: 26.1%, 3: 10.7%, 4: 0.0%]
DFA state visits in window   : 1: 27755, 2: 9841, 3: 4263, 4: 64
DFA state visits cumulative  : 1: 1612051, 2: 618917, 3: 243293, 4: 3330
DFA state entries in window  : 1: 100, 2: 77, 3: 74, 4: 64
DFA state entries cumulative : 1: 8000, 2: 4548, 3: 3759, 4: 3330
transitions cumulative       : 1->2: 4548, 2->3: 3759, 3->4: 3330
accepted directly from s0    : 0
Gym endings cumulative       : terminated=4382, truncated=288
Last policy saved after episode 8000. Best policy: episode 7200, mean learning reward=8939.281
