
=== NEW RUN ===
episodes=8000, shaping=True, K=1.0, goal_reward=10000.0, gamma=0.99
inter_level_shaping=True, inter_level_K=1.0
formula=F(wp1 & X(F(wp2 & X(F(goal)))))
waypoints={'wp1': (1, 8), 'wp2': (5, 6), 'goal': (8, 8)}
dfa_states=[1, 2, 3, 4], pre_trace=1, accepting=[4]

[Episode 1/8000 | last 1]
success rate                : 0.0% (cumulative 0.0%)
synthetic task reward       : 0.000
shaping reward              : -1644.953
learning reward             : -1644.953
episode length              : 103.0
abstract changes / episode  : 14.0
DFA transitions / episode   : 0.00
DFA transitions in window   : none
epsilon (next episode)       : 0.99960
replay buffer                : 103 samples [1: 100.0%, 2: 0.0%, 3: 0.0%, 4: 0.0%]
DFA state visits in window   : 1: 104, 2: 0, 3: 0, 4: 0
DFA state visits cumulative  : 1: 104, 2: 0, 3: 0, 4: 0
DFA state entries in window  : 1: 1, 2: 0, 3: 0, 4: 0
DFA state entries cumulative : 1: 1, 2: 0, 3: 0, 4: 0
transitions cumulative       : none
accepted directly from s0    : 0
Gym endings cumulative       : terminated=1, truncated=0
Best policy updated at episode 1: mean learning reward=-1644.953

[Episode 100/8000 | last 100]
success rate                : 0.0% (cumulative 0.0%)
synthetic task reward       : 0.000
shaping reward              : -1494.696
learning reward             : -1494.696
episode length              : 90.9
abstract changes / episode  : 12.6
DFA transitions / episode   : 0.03
DFA transitions in window   : 1->2: 3
epsilon (next episode)       : 0.96078
replay buffer                : 9087 samples [1: 99.4%, 2: 0.6%, 3: 0.0%, 4: 0.0%]
DFA state visits in window   : 1: 9125, 2: 62, 3: 0, 4: 0
DFA state visits cumulative  : 1: 9125, 2: 62, 3: 0, 4: 0
DFA state entries in window  : 1: 100, 2: 3, 3: 0, 4: 0
DFA state entries cumulative : 1: 100, 2: 3, 3: 0, 4: 0
transitions cumulative       : 1->2: 3
accepted directly from s0    : 0
Gym endings cumulative       : terminated=100, truncated=0
Best policy updated at episode 100: mean learning reward=-1494.696

[Episode 200/8000 | last 100]
success rate                : 0.0% (cumulative 0.0%)
synthetic task reward       : 0.000
shaping reward              : -1559.455
learning reward             : -1559.455
episode length              : 96.2
abstract changes / episode  : 12.9
DFA transitions / episode   : 0.02
DFA transitions in window   : 1->2: 2
epsilon (next episode)       : 0.92310
replay buffer                : 18711 samples [1: 99.3%, 2: 0.7%, 3: 0.0%, 4: 0.0%]
DFA state visits in window   : 1: 9642, 2: 82, 3: 0, 4: 0
DFA state visits cumulative  : 1: 18767, 2: 144, 3: 0, 4: 0
DFA state entries in window  : 1: 100, 2: 2, 3: 0, 4: 0
DFA state entries cumulative : 1: 200, 2: 5, 3: 0, 4: 0
transitions cumulative       : 1->2: 5
accepted directly from s0    : 0
Gym endings cumulative       : terminated=200, truncated=0

[Episode 300/8000 | last 100]
success rate                : 0.0% (cumulative 0.0%)
synthetic task reward       : 0.000
shaping reward              : -1517.033
learning reward             : -1517.033
episode length              : 100.9
abstract changes / episode  : 12.8
DFA transitions / episode   : 0.03
DFA transitions in window   : 1->2: 3
epsilon (next episode)       : 0.88690
replay buffer                : 28803 samples [1: 99.4%, 2: 0.6%, 3: 0.0%, 4: 0.0%]
DFA state visits in window   : 1: 10143, 2: 49, 3: 0, 4: 0
DFA state visits cumulative  : 1: 28910, 2: 193, 3: 0, 4: 0
DFA state entries in window  : 1: 100, 2: 3, 3: 0, 4: 0
DFA state entries cumulative : 1: 300, 2: 8, 3: 0, 4: 0
transitions cumulative       : 1->2: 8
accepted directly from s0    : 0
Gym endings cumulative       : terminated=300, truncated=0

[Episode 400/8000 | last 100]
success rate                : 0.0% (cumulative 0.0%)
synthetic task reward       : 0.000
shaping reward              : -1536.790
learning reward             : -1536.790
episode length              : 102.0
abstract changes / episode  : 13.1
DFA transitions / episode   : 0.03
DFA transitions in window   : 1->2: 3
epsilon (next episode)       : 0.85212
replay buffer                : 39001 samples [1: 99.3%, 2: 0.7%, 3: 0.0%, 4: 0.0%]
DFA state visits in window   : 1: 10213, 2: 85, 3: 0, 4: 0
DFA state visits cumulative  : 1: 39123, 2: 278, 3: 0, 4: 0
DFA state entries in window  : 1: 100, 2: 3, 3: 0, 4: 0
DFA state entries cumulative : 1: 400, 2: 11, 3: 0, 4: 0
transitions cumulative       : 1->2: 11
accepted directly from s0    : 0
Gym endings cumulative       : terminated=400, truncated=0

[Episode 500/8000 | last 100]
success rate                : 0.0% (cumulative 0.0%)
synthetic task reward       : 0.000
shaping reward              : -1453.909
learning reward             : -1453.909
episode length              : 110.6
abstract changes / episode  : 12.7
DFA transitions / episode   : 0.06
DFA transitions in window   : 1->2: 6
epsilon (next episode)       : 0.81870
replay buffer                : 50062 samples [1: 99.2%, 2: 0.8%, 3: 0.0%, 4: 0.0%]
DFA state visits in window   : 1: 11022, 2: 139, 3: 0, 4: 0
DFA state visits cumulative  : 1: 50145, 2: 417, 3: 0, 4: 0
DFA state entries in window  : 1: 100, 2: 6, 3: 0, 4: 0
DFA state entries cumulative : 1: 500, 2: 17, 3: 0, 4: 0
transitions cumulative       : 1->2: 17
accepted directly from s0    : 0
Gym endings cumulative       : terminated=500, truncated=0
Best policy updated at episode 500: mean learning reward=-1453.909

[Episode 600/8000 | last 100]
success rate                : 0.0% (cumulative 0.0%)
synthetic task reward       : 0.000
shaping reward              : -1507.416
learning reward             : -1507.416
episode length              : 107.8
abstract changes / episode  : 12.9
DFA transitions / episode   : 0.03
DFA transitions in window   : 1->2: 3
epsilon (next episode)       : 0.78659
replay buffer                : 60844 samples [1: 99.2%, 2: 0.8%, 3: 0.0%, 4: 0.0%]
DFA state visits in window   : 1: 10766, 2: 116, 3: 0, 4: 0
DFA state visits cumulative  : 1: 60911, 2: 533, 3: 0, 4: 0
DFA state entries in window  : 1: 100, 2: 3, 3: 0, 4: 0
DFA state entries cumulative : 1: 600, 2: 20, 3: 0, 4: 0
transitions cumulative       : 1->2: 20
accepted directly from s0    : 0
Gym endings cumulative       : terminated=600, truncated=0

[Episode 700/8000 | last 100]
success rate                : 0.0% (cumulative 0.0%)
synthetic task reward       : 0.000
shaping reward              : -1496.320
learning reward             : -1496.320
episode length              : 118.1
abstract changes / episode  : 12.8
DFA transitions / episode   : 0.02
DFA transitions in window   : 1->2: 2
epsilon (next episode)       : 0.75574
replay buffer                : 72657 samples [1: 99.2%, 2: 0.8%, 3: 0.0%, 4: 0.0%]
DFA state visits in window   : 1: 11871, 2: 42, 3: 0, 4: 0
DFA state visits cumulative  : 1: 72782, 2: 575, 3: 0, 4: 0
DFA state entries in window  : 1: 100, 2: 2, 3: 0, 4: 0
DFA state entries cumulative : 1: 700, 2: 22, 3: 0, 4: 0
transitions cumulative       : 1->2: 22
accepted directly from s0    : 0
Gym endings cumulative       : terminated=699, truncated=1

[Episode 800/8000 | last 100]
success rate                : 0.0% (cumulative 0.0%)
synthetic task reward       : 0.000
shaping reward              : -1568.367
learning reward             : -1568.367
episode length              : 120.1
abstract changes / episode  : 13.5
DFA transitions / episode   : 0.01
DFA transitions in window   : 1->2: 1
epsilon (next episode)       : 0.72610
replay buffer                : 84663 samples [1: 99.3%, 2: 0.7%, 3: 0.0%, 4: 0.0%]
DFA state visits in window   : 1: 12079, 2: 27, 3: 0, 4: 0
DFA state visits cumulative  : 1: 84861, 2: 602, 3: 0, 4: 0
DFA state entries in window  : 1: 100, 2: 1, 3: 0, 4: 0
DFA state entries cumulative : 1: 800, 2: 23, 3: 0, 4: 0
transitions cumulative       : 1->2: 23
accepted directly from s0    : 0
Gym endings cumulative       : terminated=799, truncated=1

[Episode 900/8000 | last 100]
success rate                : 0.0% (cumulative 0.0%)
synthetic task reward       : 0.000
shaping reward              : -1373.595
learning reward             : -1373.595
episode length              : 123.2
abstract changes / episode  : 12.4
DFA transitions / episode   : 0.09
DFA transitions in window   : 1->2: 9
epsilon (next episode)       : 0.69763
replay buffer                : 96981 samples [1: 99.1%, 2: 0.9%, 3: 0.0%, 4: 0.0%]
DFA state visits in window   : 1: 12131, 2: 287, 3: 0, 4: 0
DFA state visits cumulative  : 1: 96992, 2: 889, 3: 0, 4: 0
DFA state entries in window  : 1: 100, 2: 9, 3: 0, 4: 0
DFA state entries cumulative : 1: 900, 2: 32, 3: 0, 4: 0
transitions cumulative       : 1->2: 32
accepted directly from s0    : 0
Gym endings cumulative       : terminated=899, truncated=1
Best policy updated at episode 900: mean learning reward=-1373.595

[Episode 1000/8000 | last 100]
success rate                : 0.0% (cumulative 0.0%)
synthetic task reward       : 0.000
shaping reward              : -1334.679
learning reward             : -1334.679
episode length              : 136.8
abstract changes / episode  : 12.0
DFA transitions / episode   : 0.04
DFA transitions in window   : 1->2: 4
epsilon (next episode)       : 0.67027
replay buffer                : 110656 samples [1: 99.2%, 2: 0.8%, 3: 0.0%, 4: 0.0%]
DFA state visits in window   : 1: 13688, 2: 87, 3: 0, 4: 0
DFA state visits cumulative  : 1: 110680, 2: 976, 3: 0, 4: 0
DFA state entries in window  : 1: 100, 2: 4, 3: 0, 4: 0
DFA state entries cumulative : 1: 1000, 2: 36, 3: 0, 4: 0
transitions cumulative       : 1->2: 36
accepted directly from s0    : 0
Gym endings cumulative       : terminated=999, truncated=1
Best policy updated at episode 1000: mean learning reward=-1334.679

[Episode 1100/8000 | last 100]
success rate                : 0.0% (cumulative 0.0%)
synthetic task reward       : 0.000
shaping reward              : -1343.846
learning reward             : -1343.846
episode length              : 136.4
abstract changes / episode  : 12.0
DFA transitions / episode   : 0.01
DFA transitions in window   : 1->2: 1
epsilon (next episode)       : 0.64398
replay buffer                : 124295 samples [1: 99.2%, 2: 0.8%, 3: 0.0%, 4: 0.0%]
DFA state visits in window   : 1: 13711, 2: 28, 3: 0, 4: 0
DFA state visits cumulative  : 1: 124391, 2: 1004, 3: 0, 4: 0
DFA state entries in window  : 1: 100, 2: 1, 3: 0, 4: 0
DFA state entries cumulative : 1: 1100, 2: 37, 3: 0, 4: 0
transitions cumulative       : 1->2: 37
accepted directly from s0    : 0
Gym endings cumulative       : terminated=1099, truncated=1

[Episode 1200/8000 | last 100]
success rate                : 0.0% (cumulative 0.0%)
synthetic task reward       : 0.000
shaping reward              : -1410.094
learning reward             : -1410.094
episode length              : 148.8
abstract changes / episode  : 12.9
DFA transitions / episode   : 0.04
DFA transitions in window   : 1->2: 4
epsilon (next episode)       : 0.61872
replay buffer                : 139173 samples [1: 99.2%, 2: 0.8%, 3: 0.0%, 4: 0.0%]
DFA state visits in window   : 1: 14844, 2: 134, 3: 0, 4: 0
DFA state visits cumulative  : 1: 139235, 2: 1138, 3: 0, 4: 0
DFA state entries in window  : 1: 100, 2: 4, 3: 0, 4: 0
DFA state entries cumulative : 1: 1200, 2: 41, 3: 0, 4: 0
transitions cumulative       : 1->2: 41
accepted directly from s0    : 0
Gym endings cumulative       : terminated=1199, truncated=1

[Episode 1300/8000 | last 100]
success rate                : 0.0% (cumulative 0.0%)
synthetic task reward       : 0.000
shaping reward              : -1536.391
learning reward             : -1536.391
episode length              : 169.2
abstract changes / episode  : 13.8
DFA transitions / episode   : 0.04
DFA transitions in window   : 1->2: 4
epsilon (next episode)       : 0.59446
replay buffer                : 156095 samples [1: 99.1%, 2: 0.9%, 3: 0.0%, 4: 0.0%]
DFA state visits in window   : 1: 16715, 2: 307, 3: 0, 4: 0
DFA state visits cumulative  : 1: 155950, 2: 1445, 3: 0, 4: 0
DFA state entries in window  : 1: 100, 2: 4, 3: 0, 4: 0
DFA state entries cumulative : 1: 1300, 2: 45, 3: 0, 4: 0
transitions cumulative       : 1->2: 45
accepted directly from s0    : 0
Gym endings cumulative       : terminated=1298, truncated=2

[Episode 1400/8000 | last 100]
success rate                : 0.0% (cumulative 0.0%)
synthetic task reward       : 0.000
shaping reward              : -1633.939
learning reward             : -1633.939
episode length              : 196.7
abstract changes / episode  : 14.4
DFA transitions / episode   : 0.01
DFA transitions in window   : 1->2: 1
epsilon (next episode)       : 0.57115
replay buffer                : 175766 samples [1: 99.1%, 2: 0.9%, 3: 0.0%, 4: 0.0%]
DFA state visits in window   : 1: 19656, 2: 115, 3: 0, 4: 0
DFA state visits cumulative  : 1: 175606, 2: 1560, 3: 0, 4: 0
DFA state entries in window  : 1: 100, 2: 1, 3: 0, 4: 0
DFA state entries cumulative : 1: 1400, 2: 46, 3: 0, 4: 0
transitions cumulative       : 1->2: 46
accepted directly from s0    : 0
Gym endings cumulative       : terminated=1395, truncated=5

[Episode 1500/8000 | last 100]
success rate                : 0.0% (cumulative 0.0%)
synthetic task reward       : 0.000
shaping reward              : -1617.985
learning reward             : -1617.985
episode length              : 179.6
abstract changes / episode  : 13.9
DFA transitions / episode   : 0.00
DFA transitions in window   : none
epsilon (next episode)       : 0.54875
replay buffer                : 193723 samples [1: 99.2%, 2: 0.8%, 3: 0.0%, 4: 0.0%]
DFA state visits in window   : 1: 18057, 2: 0, 3: 0, 4: 0
DFA state visits cumulative  : 1: 193663, 2: 1560, 3: 0, 4: 0
DFA state entries in window  : 1: 100, 2: 0, 3: 0, 4: 0
DFA state entries cumulative : 1: 1500, 2: 46, 3: 0, 4: 0
transitions cumulative       : 1->2: 46
accepted directly from s0    : 0
Gym endings cumulative       : terminated=1495, truncated=5

[Episode 1600/8000 | last 100]
success rate                : 0.0% (cumulative 0.0%)
synthetic task reward       : 0.000
shaping reward              : -1719.247
learning reward             : -1719.247
episode length              : 210.0
abstract changes / episode  : 15.7
DFA transitions / episode   : 0.06
DFA transitions in window   : 1->2: 6
epsilon (next episode)       : 0.52722
replay buffer                : 214721 samples [1: 99.1%, 2: 0.9%, 3: 0.0%, 4: 0.0%]
DFA state visits in window   : 1: 20617, 2: 481, 3: 0, 4: 0
DFA state visits cumulative  : 1: 214280, 2: 2041, 3: 0, 4: 0
DFA state entries in window  : 1: 100, 2: 6, 3: 0, 4: 0
DFA state entries cumulative : 1: 1600, 2: 52, 3: 0, 4: 0
transitions cumulative       : 1->2: 52
accepted directly from s0    : 0
Gym endings cumulative       : terminated=1594, truncated=6

[Episode 1700/8000 | last 100]
success rate                : 0.0% (cumulative 0.0%)
synthetic task reward       : 0.000
shaping reward              : -1825.226
learning reward             : -1825.226
episode length              : 221.6
abstract changes / episode  : 16.4
DFA transitions / episode   : 0.01
DFA transitions in window   : 1->2: 1
epsilon (next episode)       : 0.50655
replay buffer                : 236876 samples [1: 99.1%, 2: 0.9%, 3: 0.0%, 4: 0.0%]
DFA state visits in window   : 1: 22188, 2: 67, 3: 0, 4: 0
DFA state visits cumulative  : 1: 236468, 2: 2108, 3: 0, 4: 0
DFA state entries in window  : 1: 100, 2: 1, 3: 0, 4: 0
DFA state entries cumulative : 1: 1700, 2: 53, 3: 0, 4: 0
transitions cumulative       : 1->2: 53
accepted directly from s0    : 0
Gym endings cumulative       : terminated=1692, truncated=8

[Episode 1800/8000 | last 100]
success rate                : 0.0% (cumulative 0.0%)
synthetic task reward       : 0.000
shaping reward              : -1792.212
learning reward             : -1792.212
episode length              : 267.4
abstract changes / episode  : 16.1
DFA transitions / episode   : 0.01
DFA transitions in window   : 1->2: 1
epsilon (next episode)       : 0.48668
replay buffer                : 263615 samples [1: 99.2%, 2: 0.8%, 3: 0.0%, 4: 0.0%]
DFA state visits in window   : 1: 26818, 2: 21, 3: 0, 4: 0
DFA state visits cumulative  : 1: 263286, 2: 2129, 3: 0, 4: 0
DFA state entries in window  : 1: 100, 2: 1, 3: 0, 4: 0
DFA state entries cumulative : 1: 1800, 2: 54, 3: 0, 4: 0
transitions cumulative       : 1->2: 54
accepted directly from s0    : 0
Gym endings cumulative       : terminated=1787, truncated=13

[Episode 1900/8000 | last 100]
success rate                : 0.0% (cumulative 0.0%)
synthetic task reward       : 0.000
shaping reward              : -1578.561
learning reward             : -1578.561
episode length              : 304.5
abstract changes / episode  : 15.9
DFA transitions / episode   : 0.12
DFA transitions in window   : 1->2: 12
epsilon (next episode)       : 0.46760
replay buffer                : 294065 samples [1: 99.1%, 2: 0.9%, 3: 0.0%, 4: 0.0%]
DFA state visits in window   : 1: 29945, 2: 605, 3: 0, 4: 0
DFA state visits cumulative  : 1: 293231, 2: 2734, 3: 0, 4: 0
DFA state entries in window  : 1: 100, 2: 12, 3: 0, 4: 0
DFA state entries cumulative : 1: 1900, 2: 66, 3: 0, 4: 0
transitions cumulative       : 1->2: 66
accepted directly from s0    : 0
Gym endings cumulative       : terminated=1884, truncated=16

[Episode 2000/8000 | last 100]
success rate                : 0.0% (cumulative 0.0%)
synthetic task reward       : 0.000
shaping reward              : -1702.737
learning reward             : -1702.737
episode length              : 312.7
abstract changes / episode  : 17.6
DFA transitions / episode   : 0.12
DFA transitions in window   : 1->2: 12
epsilon (next episode)       : 0.44926
replay buffer                : 300000 samples [1: 98.9%, 2: 1.1%, 3: 0.0%, 4: 0.0%]
DFA state visits in window   : 1: 30454, 2: 914, 3: 0, 4: 0
DFA state visits cumulative  : 1: 323685, 2: 3648, 3: 0, 4: 0
DFA state entries in window  : 1: 100, 2: 12, 3: 0, 4: 0
DFA state entries cumulative : 1: 2000, 2: 78, 3: 0, 4: 0
transitions cumulative       : 1->2: 78
accepted directly from s0    : 0
Gym endings cumulative       : terminated=1981, truncated=19

[Episode 2100/8000 | last 100]
success rate                : 0.0% (cumulative 0.0%)
synthetic task reward       : 0.000
shaping reward              : -1843.258
learning reward             : -1843.258
episode length              : 360.8
abstract changes / episode  : 19.2
DFA transitions / episode   : 0.11
DFA transitions in window   : 1->2: 11
epsilon (next episode)       : 0.43164
replay buffer                : 300000 samples [1: 98.5%, 2: 1.5%, 3: 0.0%, 4: 0.0%]
DFA state visits in window   : 1: 34631, 2: 1544, 3: 0, 4: 0
DFA state visits cumulative  : 1: 358316, 2: 5192, 3: 0, 4: 0
DFA state entries in window  : 1: 100, 2: 11, 3: 0, 4: 0
DFA state entries cumulative : 1: 2100, 2: 89, 3: 0, 4: 0
transitions cumulative       : 1->2: 89
accepted directly from s0    : 0
Gym endings cumulative       : terminated=2074, truncated=26

[Episode 2200/8000 | last 100]
success rate                : 0.0% (cumulative 0.0%)
synthetic task reward       : 0.000
shaping reward              : -1673.002
learning reward             : -1673.002
episode length              : 283.8
abstract changes / episode  : 17.1
DFA transitions / episode   : 0.06
DFA transitions in window   : 1->2: 6
epsilon (next episode)       : 0.41471
replay buffer                : 300000 samples [1: 98.4%, 2: 1.6%, 3: 0.0%, 4: 0.0%]
DFA state visits in window   : 1: 28049, 2: 430, 3: 0, 4: 0
DFA state visits cumulative  : 1: 386365, 2: 5622, 3: 0, 4: 0
DFA state entries in window  : 1: 100, 2: 6, 3: 0, 4: 0
DFA state entries cumulative : 1: 2200, 2: 95, 3: 0, 4: 0
transitions cumulative       : 1->2: 95
accepted directly from s0    : 0
Gym endings cumulative       : terminated=2174, truncated=26

[Episode 2300/8000 | last 100]
success rate                : 0.0% (cumulative 0.0%)
synthetic task reward       : 0.000
shaping reward              : -1855.554
learning reward             : -1855.554
episode length              : 344.6
abstract changes / episode  : 20.0
DFA transitions / episode   : 0.18
DFA transitions in window   : 1->2: 18
epsilon (next episode)       : 0.39845
replay buffer                : 300000 samples [1: 97.9%, 2: 2.1%, 3: 0.0%, 4: 0.0%]
DFA state visits in window   : 1: 32887, 2: 1672, 3: 0, 4: 0
DFA state visits cumulative  : 1: 419252, 2: 7294, 3: 0, 4: 0
DFA state entries in window  : 1: 100, 2: 18, 3: 0, 4: 0
DFA state entries cumulative : 1: 2300, 2: 113, 3: 0, 4: 0
transitions cumulative       : 1->2: 113
accepted directly from s0    : 0
Gym endings cumulative       : terminated=2270, truncated=30

[Episode 2400/8000 | last 100]
success rate                : 0.0% (cumulative 0.0%)
synthetic task reward       : 0.000
shaping reward              : -1833.296
learning reward             : -1833.296
episode length              : 409.6
abstract changes / episode  : 20.1
DFA transitions / episode   : 0.06
DFA transitions in window   : 1->2: 6
epsilon (next episode)       : 0.38282
replay buffer                : 300000 samples [1: 97.8%, 2: 2.2%, 3: 0.0%, 4: 0.0%]
DFA state visits in window   : 1: 40351, 2: 712, 3: 0, 4: 0
DFA state visits cumulative  : 1: 459603, 2: 8006, 3: 0, 4: 0
DFA state entries in window  : 1: 100, 2: 6, 3: 0, 4: 0
DFA state entries cumulative : 1: 2400, 2: 119, 3: 0, 4: 0
transitions cumulative       : 1->2: 119
accepted directly from s0    : 0
Gym endings cumulative       : terminated=2364, truncated=36

[Episode 2500/8000 | last 100]
success rate                : 0.0% (cumulative 0.0%)
synthetic task reward       : 0.000
shaping reward              : -1803.017
learning reward             : -1803.017
episode length              : 436.1
abstract changes / episode  : 20.7
DFA transitions / episode   : 0.16
DFA transitions in window   : 1->2: 16
epsilon (next episode)       : 0.36781
replay buffer                : 300000 samples [1: 97.4%, 2: 2.6%, 3: 0.0%, 4: 0.0%]
DFA state visits in window   : 1: 41735, 2: 1978, 3: 0, 4: 0
DFA state visits cumulative  : 1: 501338, 2: 9984, 3: 0, 4: 0
DFA state entries in window  : 1: 100, 2: 16, 3: 0, 4: 0
DFA state entries cumulative : 1: 2500, 2: 135, 3: 0, 4: 0
transitions cumulative       : 1->2: 135
accepted directly from s0    : 0
Gym endings cumulative       : terminated=2455, truncated=45

[Episode 2600/8000 | last 100]
success rate                : 0.0% (cumulative 0.0%)
synthetic task reward       : 0.000
shaping reward              : -1852.608
learning reward             : -1852.608
episode length              : 422.9
abstract changes / episode  : 20.6
DFA transitions / episode   : 0.17
DFA transitions in window   : 1->2: 15, 2->3: 2
epsilon (next episode)       : 0.35338
replay buffer                : 300000 samples [1: 96.0%, 2: 3.8%, 3: 0.2%, 4: 0.0%]
DFA state visits in window   : 1: 38214, 2: 3504, 3: 676, 4: 0
DFA state visits cumulative  : 1: 539552, 2: 13488, 3: 676, 4: 0
DFA state entries in window  : 1: 100, 2: 15, 3: 2, 4: 0
DFA state entries cumulative : 1: 2600, 2: 150, 3: 2, 4: 0
transitions cumulative       : 1->2: 150, 2->3: 2
accepted directly from s0    : 0
Gym endings cumulative       : terminated=2553, truncated=47

[Episode 2700/8000 | last 100]
success rate                : 1.0% (cumulative 0.0%)
synthetic task reward       : 100.000
shaping reward              : -1477.714
learning reward             : -1377.714
episode length              : 363.4
abstract changes / episode  : 17.5
DFA transitions / episode   : 0.20
DFA transitions in window   : 1->2: 15, 2->3: 4, 3->4: 1
epsilon (next episode)       : 0.33952
replay buffer                : 300000 samples [1: 95.2%, 2: 4.3%, 3: 0.4%, 4: 0.0%]
DFA state visits in window   : 1: 33577, 2: 2207, 3: 655, 4: 1
DFA state visits cumulative  : 1: 573129, 2: 15695, 3: 1331, 4: 1
DFA state entries in window  : 1: 100, 2: 15, 3: 4, 4: 1
DFA state entries cumulative : 1: 2700, 2: 165, 3: 6, 4: 1
transitions cumulative       : 1->2: 165, 2->3: 6, 3->4: 1
accepted directly from s0    : 0
Gym endings cumulative       : terminated=2650, truncated=49

[Episode 2800/8000 | last 100]
success rate                : 0.0% (cumulative 0.0%)
synthetic task reward       : 0.000
shaping reward              : -1641.315
learning reward             : -1641.315
episode length              : 390.0
abstract changes / episode  : 19.2
DFA transitions / episode   : 0.26
DFA transitions in window   : 1->2: 25, 2->3: 1
epsilon (next episode)       : 0.32621
replay buffer                : 300000 samples [1: 94.6%, 2: 4.9%, 3: 0.5%, 4: 0.0%]
DFA state visits in window   : 1: 36245, 2: 2731, 3: 128, 4: 0
DFA state visits cumulative  : 1: 609374, 2: 18426, 3: 1459, 4: 1
DFA state entries in window  : 1: 100, 2: 25, 3: 1, 4: 0
DFA state entries cumulative : 1: 2800, 2: 190, 3: 7, 4: 1
transitions cumulative       : 1->2: 190, 2->3: 7, 3->4: 1
accepted directly from s0    : 0
Gym endings cumulative       : terminated=2744, truncated=55

[Episode 2900/8000 | last 100]
success rate                : 0.0% (cumulative 0.0%)
synthetic task reward       : 0.000
shaping reward              : -1336.241
learning reward             : -1336.241
episode length              : 347.2
abstract changes / episode  : 16.5
DFA transitions / episode   : 0.34
DFA transitions in window   : 1->2: 31, 2->3: 3
epsilon (next episode)       : 0.31341
replay buffer                : 300000 samples [1: 93.8%, 2: 5.6%, 3: 0.7%, 4: 0.0%]
DFA state visits in window   : 1: 30725, 2: 3556, 3: 540, 4: 0
DFA state visits cumulative  : 1: 640099, 2: 21982, 3: 1999, 4: 1
DFA state entries in window  : 1: 100, 2: 31, 3: 3, 4: 0
DFA state entries cumulative : 1: 2900, 2: 221, 3: 10, 4: 1
transitions cumulative       : 1->2: 221, 2->3: 10, 3->4: 1
accepted directly from s0    : 0
Gym endings cumulative       : terminated=2842, truncated=57

[Episode 3000/8000 | last 100]
success rate                : 2.0% (cumulative 0.1%)
synthetic task reward       : 200.000
shaping reward              : -1281.070
learning reward             : -1081.070
episode length              : 425.1
abstract changes / episode  : 18.4
DFA transitions / episode   : 0.71
DFA transitions in window   : 1->2: 55, 2->3: 14, 3->4: 2
epsilon (next episode)       : 0.30112
replay buffer                : 300000 samples [1: 89.3%, 2: 9.5%, 3: 1.3%, 4: 0.0%]
DFA state visits in window   : 1: 28099, 2: 12695, 3: 1812, 4: 2
DFA state visits cumulative  : 1: 668198, 2: 34677, 3: 3811, 4: 3
DFA state entries in window  : 1: 100, 2: 55, 3: 14, 4: 2
DFA state entries cumulative : 1: 3000, 2: 276, 3: 24, 4: 3
transitions cumulative       : 1->2: 276, 2->3: 24, 3->4: 3
accepted directly from s0    : 0
Gym endings cumulative       : terminated=2932, truncated=66
Best policy updated at episode 3000: mean learning reward=-1081.070

[Episode 3100/8000 | last 100]
success rate                : 5.0% (cumulative 0.3%)
synthetic task reward       : 500.000
shaping reward              : -1499.924
learning reward             : -999.924
episode length              : 470.5
abstract changes / episode  : 20.6
DFA transitions / episode   : 0.65
DFA transitions in window   : 1->2: 42, 2->3: 18, 3->4: 5
epsilon (next episode)       : 0.28931
replay buffer                : 300000 samples [1: 85.9%, 2: 12.2%, 3: 1.9%, 4: 0.0%]
DFA state visits in window   : 1: 35467, 2: 9761, 3: 1914, 4: 5
DFA state visits cumulative  : 1: 703665, 2: 44438, 3: 5725, 4: 8
DFA state entries in window  : 1: 100, 2: 42, 3: 18, 4: 5
DFA state entries cumulative : 1: 3100, 2: 318, 3: 42, 4: 8
transitions cumulative       : 1->2: 318, 2->3: 42, 3->4: 8
accepted directly from s0    : 0
Gym endings cumulative       : terminated=3015, truncated=78
Best policy updated at episode 3100: mean learning reward=-999.924

[Episode 3200/8000 | last 100]
success rate                : 8.0% (cumulative 0.5%)
synthetic task reward       : 800.000
shaping reward              : -1684.785
learning reward             : -884.785
episode length              : 491.6
abstract changes / episode  : 22.4
DFA transitions / episode   : 0.67
DFA transitions in window   : 1->2: 37, 2->3: 22, 3->4: 8
epsilon (next episode)       : 0.27797
replay buffer                : 300000 samples [1: 83.5%, 2: 13.7%, 3: 2.8%, 4: 0.0%]
DFA state visits in window   : 1: 39817, 2: 6733, 3: 2705, 4: 8
DFA state visits cumulative  : 1: 743482, 2: 51171, 3: 8430, 4: 16
DFA state entries in window  : 1: 100, 2: 37, 3: 22, 4: 8
DFA state entries cumulative : 1: 3200, 2: 355, 3: 64, 4: 16
transitions cumulative       : 1->2: 355, 2->3: 64, 3->4: 16
accepted directly from s0    : 0
Gym endings cumulative       : terminated=3097, truncated=88
Best policy updated at episode 3200: mean learning reward=-884.785

[Episode 3300/8000 | last 100]
success rate                : 3.0% (cumulative 0.6%)
synthetic task reward       : 300.000
shaping reward              : -1562.158
learning reward             : -1262.158
episode length              : 422.4
abstract changes / episode  : 19.7
DFA transitions / episode   : 0.58
DFA transitions in window   : 1->2: 36, 2->3: 19, 3->4: 3
epsilon (next episode)       : 0.26706
replay buffer                : 300000 samples [1: 81.3%, 2: 14.9%, 3: 3.8%, 4: 0.0%]
DFA state visits in window   : 1: 32591, 2: 6646, 3: 3102, 4: 3
DFA state visits cumulative  : 1: 776073, 2: 57817, 3: 11532, 4: 19
DFA state entries in window  : 1: 100, 2: 36, 3: 19, 4: 3
DFA state entries cumulative : 1: 3300, 2: 391, 3: 83, 4: 19
transitions cumulative       : 1->2: 391, 2->3: 83, 3->4: 19
accepted directly from s0    : 0
Gym endings cumulative       : terminated=3183, truncated=99

[Episode 3400/8000 | last 100]
success rate                : 5.0% (cumulative 0.7%)
synthetic task reward       : 500.000
shaping reward              : -1755.473
learning reward             : -1255.473
episode length              : 424.6
abstract changes / episode  : 23.3
DFA transitions / episode   : 0.59
DFA transitions in window   : 1->2: 36, 2->3: 18, 3->4: 5
epsilon (next episode)       : 0.25659
replay buffer                : 300000 samples [1: 78.9%, 2: 17.0%, 3: 4.1%, 4: 0.0%]
DFA state visits in window   : 1: 31353, 2: 8956, 3: 2250, 4: 5
DFA state visits cumulative  : 1: 807426, 2: 66773, 3: 13782, 4: 24
DFA state entries in window  : 1: 100, 2: 36, 3: 18, 4: 5
DFA state entries cumulative : 1: 3400, 2: 427, 3: 101, 4: 24
transitions cumulative       : 1->2: 427, 2->3: 101, 3->4: 24
accepted directly from s0    : 0
Gym endings cumulative       : terminated=3271, truncated=106

[Episode 3500/8000 | last 100]
success rate                : 12.0% (cumulative 1.0%)
synthetic task reward       : 1200.000
shaping reward              : -2056.410
learning reward             : -856.410
episode length              : 585.5
abstract changes / episode  : 29.6
DFA transitions / episode   : 1.28
DFA transitions in window   : 1->2: 66, 2->3: 50, 3->4: 12
epsilon (next episode)       : 0.24653
replay buffer                : 300000 samples [1: 72.5%, 2: 21.2%, 3: 6.3%, 4: 0.0%]
DFA state visits in window   : 1: 34927, 2: 16723, 3: 6993, 4: 12
DFA state visits cumulative  : 1: 842353, 2: 83496, 3: 20775, 4: 36
DFA state entries in window  : 1: 100, 2: 66, 3: 50, 4: 12
DFA state entries cumulative : 1: 3500, 2: 493, 3: 151, 4: 36
transitions cumulative       : 1->2: 493, 2->3: 151, 3->4: 36
accepted directly from s0    : 0
Gym endings cumulative       : terminated=3341, truncated=124
Best policy updated at episode 3500: mean learning reward=-856.410

[Episode 3600/8000 | last 100]
success rate                : 21.0% (cumulative 1.6%)
synthetic task reward       : 2100.000
shaping reward              : -1866.167
learning reward             : 233.833
episode length              : 504.0
abstract changes / episode  : 27.9
DFA transitions / episode   : 1.46
DFA transitions in window   : 1->2: 71, 2->3: 54, 3->4: 21
epsilon (next episode)       : 0.23686
replay buffer                : 300000 samples [1: 67.2%, 2: 23.6%, 3: 9.1%, 4: 0.0%]
DFA state visits in window   : 1: 23049, 2: 17431, 3: 10002, 4: 21
DFA state visits cumulative  : 1: 865402, 2: 100927, 3: 30777, 4: 57
DFA state entries in window  : 1: 100, 2: 71, 3: 54, 4: 21
DFA state entries cumulative : 1: 3600, 2: 564, 3: 205, 4: 57
transitions cumulative       : 1->2: 564, 2->3: 205, 3->4: 57
accepted directly from s0    : 0
Gym endings cumulative       : terminated=3412, truncated=132
Best policy updated at episode 3600: mean learning reward=233.833

[Episode 3700/8000 | last 100]
success rate                : 13.0% (cumulative 1.9%)
synthetic task reward       : 1300.000
shaping reward              : -1669.236
learning reward             : -369.236
episode length              : 408.1
abstract changes / episode  : 23.8
DFA transitions / episode   : 1.17
DFA transitions in window   : 1->2: 59, 2->3: 45, 3->4: 13
epsilon (next episode)       : 0.22757
replay buffer                : 300000 samples [1: 66.1%, 2: 23.0%, 3: 10.9%, 4: 0.0%]
DFA state visits in window   : 1: 25620, 2: 8495, 3: 6778, 4: 13
DFA state visits cumulative  : 1: 891022, 2: 109422, 3: 37555, 4: 70
DFA state entries in window  : 1: 100, 2: 59, 3: 45, 4: 13
DFA state entries cumulative : 1: 3700, 2: 623, 3: 250, 4: 70
transitions cumulative       : 1->2: 623, 2->3: 250, 3->4: 70
accepted directly from s0    : 0
Gym endings cumulative       : terminated=3497, truncated=134

[Episode 3800/8000 | last 100]
success rate                : 22.0% (cumulative 2.4%)
synthetic task reward       : 2200.000
shaping reward              : -1571.228
learning reward             : 628.772
episode length              : 374.4
abstract changes / episode  : 24.6
DFA transitions / episode   : 1.37
DFA transitions in window   : 1->2: 71, 2->3: 44, 3->4: 22
epsilon (next episode)       : 0.21865
replay buffer                : 300000 samples [1: 63.7%, 2: 24.5%, 3: 11.8%, 4: 0.0%]
DFA state visits in window   : 1: 19694, 2: 12130, 3: 5694, 4: 22
DFA state visits cumulative  : 1: 910716, 2: 121552, 3: 43249, 4: 92
DFA state entries in window  : 1: 100, 2: 71, 3: 44, 4: 22
DFA state entries cumulative : 1: 3800, 2: 694, 3: 294, 4: 92
transitions cumulative       : 1->2: 694, 2->3: 294, 3->4: 92
accepted directly from s0    : 0
Gym endings cumulative       : terminated=3572, truncated=137
Best policy updated at episode 3800: mean learning reward=628.772

[Episode 3900/8000 | last 100]
success rate                : 43.0% (cumulative 3.5%)
synthetic task reward       : 4300.000
shaping reward              : -1552.685
learning reward             : 2747.315
episode length              : 400.8
abstract changes / episode  : 27.1
DFA transitions / episode   : 1.94
DFA transitions in window   : 1->2: 89, 2->3: 62, 3->4: 43
epsilon (next episode)       : 0.21007
replay buffer                : 300000 samples [1: 59.0%, 2: 27.7%, 3: 13.4%, 4: 0.0%]
DFA state visits in window   : 1: 19745, 2: 14484, 3: 5909, 4: 43
DFA state visits cumulative  : 1: 930461, 2: 136036, 3: 49158, 4: 135
DFA state entries in window  : 1: 100, 2: 89, 3: 62, 4: 43
DFA state entries cumulative : 1: 3900, 2: 783, 3: 356, 4: 135
transitions cumulative       : 1->2: 783, 2->3: 356, 3->4: 135
accepted directly from s0    : 0
Gym endings cumulative       : terminated=3628, truncated=138
Best policy updated at episode 3900: mean learning reward=2747.315

[Episode 4000/8000 | last 100]
success rate                : 44.0% (cumulative 4.5%)
synthetic task reward       : 4400.000
shaping reward              : -1463.473
learning reward             : 2936.527
episode length              : 360.6
abstract changes / episode  : 26.0
DFA transitions / episode   : 1.91
DFA transitions in window   : 1->2: 89, 2->3: 58, 3->4: 44
epsilon (next episode)       : 0.20183
replay buffer                : 300000 samples [1: 55.8%, 2: 30.6%, 3: 13.6%, 4: 0.0%]
DFA state visits in window   : 1: 17058, 2: 15051, 3: 4005, 4: 44
DFA state visits cumulative  : 1: 947519, 2: 151087, 3: 53163, 4: 179
DFA state entries in window  : 1: 100, 2: 89, 3: 58, 4: 44
DFA state entries cumulative : 1: 4000, 2: 872, 3: 414, 4: 179
transitions cumulative       : 1->2: 872, 2->3: 414, 3->4: 179
accepted directly from s0    : 0
Gym endings cumulative       : terminated=3684, truncated=138
Best policy updated at episode 4000: mean learning reward=2936.527

[Episode 4100/8000 | last 100]
success rate                : 55.0% (cumulative 5.7%)
synthetic task reward       : 5500.000
shaping reward              : -1454.398
learning reward             : 4045.602
episode length              : 384.1
abstract changes / episode  : 27.5
DFA transitions / episode   : 2.17
DFA transitions in window   : 1->2: 96, 2->3: 66, 3->4: 55
epsilon (next episode)       : 0.19392
replay buffer                : 300000 samples [1: 51.8%, 2: 33.9%, 3: 14.4%, 4: 0.0%]
DFA state visits in window   : 1: 17060, 2: 17535, 3: 3860, 4: 55
DFA state visits cumulative  : 1: 964579, 2: 168622, 3: 57023, 4: 234
DFA state entries in window  : 1: 100, 2: 96, 3: 66, 4: 55
DFA state entries cumulative : 1: 4100, 2: 968, 3: 480, 4: 234
transitions cumulative       : 1->2: 968, 2->3: 480, 3->4: 234
accepted directly from s0    : 0
Gym endings cumulative       : terminated=3729, truncated=138
Best policy updated at episode 4100: mean learning reward=4045.602

[Episode 4200/8000 | last 100]
success rate                : 47.0% (cumulative 6.7%)
synthetic task reward       : 4700.000
shaping reward              : -1153.320
learning reward             : 3546.680
episode length              : 339.7
abstract changes / episode  : 23.2
DFA transitions / episode   : 1.98
DFA transitions in window   : 1->2: 86, 2->3: 65, 3->4: 47
epsilon (next episode)       : 0.18631
replay buffer                : 300000 samples [1: 52.0%, 2: 33.9%, 3: 14.1%, 4: 0.0%]
DFA state visits in window   : 1: 20811, 2: 10104, 3: 3106, 4: 47
DFA state visits cumulative  : 1: 985390, 2: 178726, 3: 60129, 4: 281
DFA state entries in window  : 1: 100, 2: 86, 3: 65, 4: 47
DFA state entries cumulative : 1: 4200, 2: 1054, 3: 545, 4: 281
transitions cumulative       : 1->2: 1054, 2->3: 545, 3->4: 281
accepted directly from s0    : 0
Gym endings cumulative       : terminated=3782, truncated=138

[Episode 4300/8000 | last 100]
success rate                : 60.0% (cumulative 7.9%)
synthetic task reward       : 6000.000
shaping reward              : -1111.868
learning reward             : 4888.132
episode length              : 338.7
abstract changes / episode  : 24.9
DFA transitions / episode   : 2.29
DFA transitions in window   : 1->2: 91, 2->3: 78, 3->4: 60
epsilon (next episode)       : 0.17900
replay buffer                : 300000 samples [1: 52.1%, 2: 34.2%, 3: 13.7%, 4: 0.0%]
DFA state visits in window   : 1: 18886, 2: 10985, 3: 4039, 4: 60
DFA state visits cumulative  : 1: 1004276, 2: 189711, 3: 64168, 4: 341
DFA state entries in window  : 1: 100, 2: 91, 3: 78, 4: 60
DFA state entries cumulative : 1: 4300, 2: 1145, 3: 623, 4: 341
transitions cumulative       : 1->2: 1145, 2->3: 623, 3->4: 341
accepted directly from s0    : 0
Gym endings cumulative       : terminated=3822, truncated=138
Best policy updated at episode 4300: mean learning reward=4888.132

[Episode 4400/8000 | last 100]
success rate                : 66.0% (cumulative 9.2%)
synthetic task reward       : 6600.000
shaping reward              : -1022.197
learning reward             : 5577.803
episode length              : 317.7
abstract changes / episode  : 23.5
DFA transitions / episode   : 2.28
DFA transitions in window   : 1->2: 87, 2->3: 75, 3->4: 66
epsilon (next episode)       : 0.17198
replay buffer                : 300000 samples [1: 53.3%, 2: 33.8%, 3: 12.9%, 4: 0.0%]
DFA state visits in window   : 1: 17842, 2: 10054, 3: 3909, 4: 66
DFA state visits cumulative  : 1: 1022118, 2: 199765, 3: 68077, 4: 407
DFA state entries in window  : 1: 100, 2: 87, 3: 75, 4: 66
DFA state entries cumulative : 1: 4400, 2: 1232, 3: 698, 4: 407
transitions cumulative       : 1->2: 1232, 2->3: 698, 3->4: 407
accepted directly from s0    : 0
Gym endings cumulative       : terminated=3856, truncated=138
Best policy updated at episode 4400: mean learning reward=5577.803

[Episode 4500/8000 | last 100]
success rate                : 64.0% (cumulative 10.5%)
synthetic task reward       : 6400.000
shaping reward              : -1099.800
learning reward             : 5300.200
episode length              : 350.4
abstract changes / episode  : 25.2
DFA transitions / episode   : 2.33
DFA transitions in window   : 1->2: 91, 2->3: 78, 3->4: 64
epsilon (next episode)       : 0.16524
replay buffer                : 300000 samples [1: 53.1%, 2: 34.7%, 3: 12.1%, 4: 0.0%]
DFA state visits in window   : 1: 20223, 2: 11255, 3: 3596, 4: 64
DFA state visits cumulative  : 1: 1042341, 2: 211020, 3: 71673, 4: 471
DFA state entries in window  : 1: 100, 2: 91, 3: 78, 4: 64
DFA state entries cumulative : 1: 4500, 2: 1323, 3: 776, 4: 471
transitions cumulative       : 1->2: 1323, 2->3: 776, 3->4: 471
accepted directly from s0    : 0
Gym endings cumulative       : terminated=3892, truncated=138

[Episode 4600/8000 | last 100]
success rate                : 64.0% (cumulative 11.6%)
synthetic task reward       : 6400.000
shaping reward              : -992.424
learning reward             : 5407.576
episode length              : 316.0
abstract changes / episode  : 23.4
DFA transitions / episode   : 2.26
DFA transitions in window   : 1->2: 89, 2->3: 73, 3->4: 64
epsilon (next episode)       : 0.15876
replay buffer                : 300000 samples [1: 52.3%, 2: 36.5%, 3: 11.2%, 4: 0.0%]
DFA state visits in window   : 1: 15591, 2: 12863, 3: 3183, 4: 64
DFA state visits cumulative  : 1: 1057932, 2: 223883, 3: 74856, 4: 535
DFA state entries in window  : 1: 100, 2: 89, 3: 73, 4: 64
DFA state entries cumulative : 1: 4600, 2: 1412, 3: 849, 4: 535
transitions cumulative       : 1->2: 1412, 2->3: 849, 3->4: 535
accepted directly from s0    : 0
Gym endings cumulative       : terminated=3926, truncated=140

[Episode 4700/8000 | last 100]
success rate                : 63.0% (cumulative 12.7%)
synthetic task reward       : 6300.000
shaping reward              : -1015.103
learning reward             : 5284.897
episode length              : 319.4
abstract changes / episode  : 23.8
DFA transitions / episode   : 2.23
DFA transitions in window   : 1->2: 84, 2->3: 76, 3->4: 63
epsilon (next episode)       : 0.15253
replay buffer                : 300000 samples [1: 52.1%, 2: 36.8%, 3: 11.1%, 4: 0.0%]
DFA state visits in window   : 1: 15402, 2: 13130, 3: 3442, 4: 63
DFA state visits cumulative  : 1: 1073334, 2: 237013, 3: 78298, 4: 598
DFA state entries in window  : 1: 100, 2: 84, 3: 76, 4: 63
DFA state entries cumulative : 1: 4700, 2: 1496, 3: 925, 4: 598
transitions cumulative       : 1->2: 1496, 2->3: 925, 3->4: 598
accepted directly from s0    : 0
Gym endings cumulative       : terminated=3962, truncated=141

[Episode 4800/8000 | last 100]
success rate                : 53.0% (cumulative 13.6%)
synthetic task reward       : 5300.000
shaping reward              : -1094.426
learning reward             : 4205.574
episode length              : 314.2
abstract changes / episode  : 24.1
DFA transitions / episode   : 2.16
DFA transitions in window   : 1->2: 88, 2->3: 75, 3->4: 53
epsilon (next episode)       : 0.14655
replay buffer                : 300000 samples [1: 51.9%, 2: 37.3%, 3: 10.8%, 4: 0.0%]
DFA state visits in window   : 1: 15038, 2: 12969, 3: 3459, 4: 53
DFA state visits cumulative  : 1: 1088372, 2: 249982, 3: 81757, 4: 651
DFA state entries in window  : 1: 100, 2: 88, 3: 75, 4: 53
DFA state entries cumulative : 1: 4800, 2: 1584, 3: 1000, 4: 651
transitions cumulative       : 1->2: 1584, 2->3: 1000, 3->4: 651
accepted directly from s0    : 0
Gym endings cumulative       : terminated=4008, truncated=142

[Episode 4900/8000 | last 100]
success rate                : 63.0% (cumulative 14.6%)
synthetic task reward       : 6300.000
shaping reward              : -1029.059
learning reward             : 5270.941
episode length              : 306.6
abstract changes / episode  : 23.8
DFA transitions / episode   : 2.31
DFA transitions in window   : 1->2: 92, 2->3: 76, 3->4: 63
epsilon (next episode)       : 0.14080
replay buffer                : 300000 samples [1: 51.9%, 2: 37.4%, 3: 10.7%, 4: 0.0%]
DFA state visits in window   : 1: 14768, 2: 12489, 3: 3444, 4: 63
DFA state visits cumulative  : 1: 1103140, 2: 262471, 3: 85201, 4: 714
DFA state entries in window  : 1: 100, 2: 92, 3: 76, 4: 63
DFA state entries cumulative : 1: 4900, 2: 1676, 3: 1076, 4: 714
transitions cumulative       : 1->2: 1676, 2->3: 1076, 3->4: 714
accepted directly from s0    : 0
Gym endings cumulative       : terminated=4044, truncated=143

[Episode 5000/8000 | last 100]
success rate                : 56.0% (cumulative 15.4%)
synthetic task reward       : 5600.000
shaping reward              : -1380.632
learning reward             : 4219.368
episode length              : 337.1
abstract changes / episode  : 25.9
DFA transitions / episode   : 1.97
DFA transitions in window   : 1->2: 76, 2->3: 65, 3->4: 56
epsilon (next episode)       : 0.13528
replay buffer                : 300000 samples [1: 52.4%, 2: 36.8%, 3: 10.8%, 4: 0.0%]
DFA state visits in window   : 1: 16388, 2: 13681, 3: 3681, 4: 56
DFA state visits cumulative  : 1: 1119528, 2: 276152, 3: 88882, 4: 770
DFA state entries in window  : 1: 100, 2: 76, 3: 65, 4: 56
DFA state entries cumulative : 1: 5000, 2: 1752, 3: 1141, 4: 770
transitions cumulative       : 1->2: 1752, 2->3: 1141, 3->4: 770
accepted directly from s0    : 0
Gym endings cumulative       : terminated=4087, truncated=144

[Episode 5100/8000 | last 100]
success rate                : 64.0% (cumulative 16.4%)
synthetic task reward       : 6400.000
shaping reward              : -1022.564
learning reward             : 5377.436
episode length              : 301.4
abstract changes / episode  : 23.6
DFA transitions / episode   : 2.20
DFA transitions in window   : 1->2: 85, 2->3: 71, 3->4: 64
epsilon (next episode)       : 0.12998
replay buffer                : 300000 samples [1: 51.2%, 2: 37.9%, 3: 10.9%, 4: 0.0%]
DFA state visits in window   : 1: 13866, 2: 13087, 3: 3223, 4: 64
DFA state visits cumulative  : 1: 1133394, 2: 289239, 3: 92105, 4: 834
DFA state entries in window  : 1: 100, 2: 85, 3: 71, 4: 64
DFA state entries cumulative : 1: 5100, 2: 1837, 3: 1212, 4: 834
transitions cumulative       : 1->2: 1837, 2->3: 1212, 3->4: 834
accepted directly from s0    : 0
Gym endings cumulative       : terminated=4121, truncated=146

[Episode 5200/8000 | last 100]
success rate                : 34.0% (cumulative 16.7%)
synthetic task reward       : 3400.000
shaping reward              : -1997.880
learning reward             : 1402.120
episode length              : 412.6
abstract changes / episode  : 31.5
DFA transitions / episode   : 1.69
DFA transitions in window   : 1->2: 83, 2->3: 52, 3->4: 34
epsilon (next episode)       : 0.12488
replay buffer                : 300000 samples [1: 50.9%, 2: 38.7%, 3: 10.4%, 4: 0.0%]
DFA state visits in window   : 1: 22557, 2: 15604, 3: 3168, 4: 34
DFA state visits cumulative  : 1: 1155951, 2: 304843, 3: 95273, 4: 868
DFA state entries in window  : 1: 100, 2: 83, 3: 52, 4: 34
DFA state entries cumulative : 1: 5200, 2: 1920, 3: 1264, 4: 868
transitions cumulative       : 1->2: 1920, 2->3: 1264, 3->4: 868
accepted directly from s0    : 0
Gym endings cumulative       : terminated=4182, truncated=151

[Episode 5300/8000 | last 100]
success rate                : 56.0% (cumulative 17.4%)
synthetic task reward       : 5600.000
shaping reward              : -1368.222
learning reward             : 4231.778
episode length              : 362.6
abstract changes / episode  : 27.0
DFA transitions / episode   : 2.18
DFA transitions in window   : 1->2: 89, 2->3: 73, 3->4: 56
epsilon (next episode)       : 0.11998
replay buffer                : 300000 samples [1: 50.1%, 2: 39.8%, 3: 10.0%, 4: 0.0%]
DFA state visits in window   : 1: 17872, 2: 15154, 3: 3274, 4: 56
DFA state visits cumulative  : 1: 1173823, 2: 319997, 3: 98547, 4: 924
DFA state entries in window  : 1: 100, 2: 89, 3: 73, 4: 56
DFA state entries cumulative : 1: 5300, 2: 2009, 3: 1337, 4: 924
transitions cumulative       : 1->2: 2009, 2->3: 1337, 3->4: 924
accepted directly from s0    : 0
Gym endings cumulative       : terminated=4224, truncated=153

[Episode 5400/8000 | last 100]
success rate                : 61.0% (cumulative 18.2%)
synthetic task reward       : 6100.000
shaping reward              : -978.519
learning reward             : 5121.481
episode length              : 294.4
abstract changes / episode  : 21.8
DFA transitions / episode   : 2.12
DFA transitions in window   : 1->2: 78, 2->3: 73, 3->4: 61
epsilon (next episode)       : 0.11528
replay buffer                : 300000 samples [1: 49.6%, 2: 40.4%, 3: 10.0%, 4: 0.0%]
DFA state visits in window   : 1: 15958, 2: 10706, 3: 2811, 4: 61
DFA state visits cumulative  : 1: 1189781, 2: 330703, 3: 101358, 4: 985
DFA state entries in window  : 1: 100, 2: 78, 3: 73, 4: 61
DFA state entries cumulative : 1: 5400, 2: 2087, 3: 1410, 4: 985
transitions cumulative       : 1->2: 2087, 2->3: 1410, 3->4: 985
accepted directly from s0    : 0
Gym endings cumulative       : terminated=4262, truncated=154

[Episode 5500/8000 | last 100]
success rate                : 57.0% (cumulative 18.9%)
synthetic task reward       : 5700.000
shaping reward              : -1123.981
learning reward             : 4576.019
episode length              : 321.5
abstract changes / episode  : 23.0
DFA transitions / episode   : 1.94
DFA transitions in window   : 1->2: 71, 2->3: 66, 3->4: 57
epsilon (next episode)       : 0.11075
replay buffer                : 300000 samples [1: 50.6%, 2: 39.7%, 3: 9.7%, 4: 0.0%]
DFA state visits in window   : 1: 18412, 2: 11275, 3: 2510, 4: 57
DFA state visits cumulative  : 1: 1208193, 2: 341978, 3: 103868, 4: 1042
DFA state entries in window  : 1: 100, 2: 71, 3: 66, 4: 57
DFA state entries cumulative : 1: 5500, 2: 2158, 3: 1476, 4: 1042
transitions cumulative       : 1->2: 2158, 2->3: 1476, 3->4: 1042
accepted directly from s0    : 0
Gym endings cumulative       : terminated=4301, truncated=158

[Episode 5600/8000 | last 100]
success rate                : 75.0% (cumulative 19.9%)
synthetic task reward       : 7500.000
shaping reward              : -1035.955
learning reward             : 6464.045
episode length              : 310.9
abstract changes / episode  : 25.4
DFA transitions / episode   : 2.55
DFA transitions in window   : 1->2: 95, 2->3: 85, 3->4: 75
epsilon (next episode)       : 0.10641
replay buffer                : 300000 samples [1: 50.2%, 2: 40.1%, 3: 9.7%, 4: 0.0%]
DFA state visits in window   : 1: 14305, 2: 13498, 3: 3309, 4: 75
DFA state visits cumulative  : 1: 1222498, 2: 355476, 3: 107177, 4: 1117
DFA state entries in window  : 1: 100, 2: 95, 3: 85, 4: 75
DFA state entries cumulative : 1: 5600, 2: 2253, 3: 1561, 4: 1117
transitions cumulative       : 1->2: 2253, 2->3: 1561, 3->4: 1117
accepted directly from s0    : 0
Gym endings cumulative       : terminated=4325, truncated=159
Best policy updated at episode 5600: mean learning reward=6464.045

[Episode 5700/8000 | last 100]
success rate                : 76.0% (cumulative 20.9%)
synthetic task reward       : 7600.000
shaping reward              : -1214.357
learning reward             : 6385.643
episode length              : 365.4
abstract changes / episode  : 27.7
DFA transitions / episode   : 2.55
DFA transitions in window   : 1->2: 95, 2->3: 84, 3->4: 76
epsilon (next episode)       : 0.10224
replay buffer                : 300000 samples [1: 51.1%, 2: 39.3%, 3: 9.6%, 4: 0.0%]
DFA state visits in window   : 1: 19807, 2: 13294, 3: 3461, 4: 76
DFA state visits cumulative  : 1: 1242305, 2: 368770, 3: 110638, 4: 1193
DFA state entries in window  : 1: 100, 2: 95, 3: 84, 4: 76
DFA state entries cumulative : 1: 5700, 2: 2348, 3: 1645, 4: 1193
transitions cumulative       : 1->2: 2348, 2->3: 1645, 3->4: 1193
accepted directly from s0    : 0
Gym endings cumulative       : terminated=4348, truncated=160

[Episode 5800/8000 | last 100]
success rate                : 74.0% (cumulative 21.8%)
synthetic task reward       : 7400.000
shaping reward              : -1041.037
learning reward             : 6358.963
episode length              : 346.9
abstract changes / episode  : 25.1
DFA transitions / episode   : 2.48
DFA transitions in window   : 1->2: 91, 2->3: 83, 3->4: 74
epsilon (next episode)       : 0.09823
replay buffer                : 300000 samples [1: 52.3%, 2: 38.2%, 3: 9.5%, 4: 0.0%]
DFA state visits in window   : 1: 20153, 2: 10727, 3: 3832, 4: 74
DFA state visits cumulative  : 1: 1262458, 2: 379497, 3: 114470, 4: 1267
DFA state entries in window  : 1: 100, 2: 91, 3: 83, 4: 74
DFA state entries cumulative : 1: 5800, 2: 2439, 3: 1728, 4: 1267
transitions cumulative       : 1->2: 2439, 2->3: 1728, 3->4: 1267
accepted directly from s0    : 0
Gym endings cumulative       : terminated=4373, truncated=161

[Episode 5900/8000 | last 100]
success rate                : 67.0% (cumulative 22.6%)
synthetic task reward       : 6700.000
shaping reward              : -1047.660
learning reward             : 5652.340
episode length              : 327.7
abstract changes / episode  : 23.9
DFA transitions / episode   : 2.29
DFA transitions in window   : 1->2: 86, 2->3: 76, 3->4: 67
epsilon (next episode)       : 0.09438
replay buffer                : 300000 samples [1: 53.2%, 2: 37.4%, 3: 9.4%, 4: 0.0%]
DFA state visits in window   : 1: 18968, 2: 10772, 3: 3064, 4: 67
DFA state visits cumulative  : 1: 1281426, 2: 390269, 3: 117534, 4: 1334
DFA state entries in window  : 1: 100, 2: 86, 3: 76, 4: 67
DFA state entries cumulative : 1: 5900, 2: 2525, 3: 1804, 4: 1334
transitions cumulative       : 1->2: 2525, 2->3: 1804, 3->4: 1334
accepted directly from s0    : 0
Gym endings cumulative       : terminated=4405, truncated=162

[Episode 6000/8000 | last 100]
success rate                : 63.0% (cumulative 23.3%)
synthetic task reward       : 6300.000
shaping reward              : -1088.117
learning reward             : 5211.883
episode length              : 328.4
abstract changes / episode  : 23.3
DFA transitions / episode   : 2.15
DFA transitions in window   : 1->2: 81, 2->3: 71, 3->4: 63
epsilon (next episode)       : 0.09067
replay buffer                : 300000 samples [1: 54.5%, 2: 36.3%, 3: 9.1%, 4: 0.0%]
DFA state visits in window   : 1: 21196, 2: 9155, 3: 2530, 4: 63
DFA state visits cumulative  : 1: 1302622, 2: 399424, 3: 120064, 4: 1397
DFA state entries in window  : 1: 100, 2: 81, 3: 71, 4: 63
DFA state entries cumulative : 1: 6000, 2: 2606, 3: 1875, 4: 1397
transitions cumulative       : 1->2: 2606, 2->3: 1875, 3->4: 1397
accepted directly from s0    : 0
Gym endings cumulative       : terminated=4441, truncated=163

[Episode 6100/8000 | last 100]
success rate                : 82.0% (cumulative 24.2%)
synthetic task reward       : 8200.000
shaping reward              : -1235.038
learning reward             : 6964.962
episode length              : 368.6
abstract changes / episode  : 28.2
DFA transitions / episode   : 2.65
DFA transitions in window   : 1->2: 96, 2->3: 87, 3->4: 82
epsilon (next episode)       : 0.08712
replay buffer                : 300000 samples [1: 55.4%, 2: 34.9%, 3: 9.7%, 4: 0.0%]
DFA state visits in window   : 1: 20557, 2: 11847, 3: 4475, 4: 82
DFA state visits cumulative  : 1: 1323179, 2: 411271, 3: 124539, 4: 1479
DFA state entries in window  : 1: 100, 2: 96, 3: 87, 4: 82
DFA state entries cumulative : 1: 6100, 2: 2702, 3: 1962, 4: 1479
transitions cumulative       : 1->2: 2702, 2->3: 1962, 3->4: 1479
accepted directly from s0    : 0
Gym endings cumulative       : terminated=4459, truncated=163
Best policy updated at episode 6100: mean learning reward=6964.962

[Episode 6200/8000 | last 100]
success rate                : 63.0% (cumulative 24.9%)
synthetic task reward       : 6300.000
shaping reward              : -1773.102
learning reward             : 4526.898
episode length              : 420.7
abstract changes / episode  : 32.4
DFA transitions / episode   : 2.33
DFA transitions in window   : 1->2: 92, 2->3: 78, 3->4: 63
epsilon (next episode)       : 0.08370
replay buffer                : 300000 samples [1: 56.2%, 2: 33.8%, 3: 9.9%, 4: 0.0%]
DFA state visits in window   : 1: 23810, 2: 13823, 3: 4474, 4: 63
DFA state visits cumulative  : 1: 1346989, 2: 425094, 3: 129013, 4: 1542
DFA state entries in window  : 1: 100, 2: 92, 3: 78, 4: 63
DFA state entries cumulative : 1: 6200, 2: 2794, 3: 2040, 4: 1542
transitions cumulative       : 1->2: 2794, 2->3: 2040, 3->4: 1542
accepted directly from s0    : 0
Gym endings cumulative       : terminated=4487, truncated=172

[Episode 6300/8000 | last 100]
success rate                : 73.0% (cumulative 25.6%)
synthetic task reward       : 7300.000
shaping reward              : -1271.923
learning reward             : 6028.077
episode length              : 350.4
abstract changes / episode  : 27.6
DFA transitions / episode   : 2.46
DFA transitions in window   : 1->2: 89, 2->3: 84, 3->4: 73
epsilon (next episode)       : 0.08042
replay buffer                : 300000 samples [1: 56.4%, 2: 33.7%, 3: 9.9%, 4: 0.0%]
DFA state visits in window   : 1: 21327, 2: 10728, 3: 3014, 4: 73
DFA state visits cumulative  : 1: 1368316, 2: 435822, 3: 132027, 4: 1615
DFA state entries in window  : 1: 100, 2: 89, 3: 84, 4: 73
DFA state entries cumulative : 1: 6300, 2: 2883, 3: 2124, 4: 1615
transitions cumulative       : 1->2: 2883, 2->3: 2124, 3->4: 1615
accepted directly from s0    : 0
Gym endings cumulative       : terminated=4510, truncated=176

[Episode 6400/8000 | last 100]
success rate                : 82.0% (cumulative 26.5%)
synthetic task reward       : 8200.000
shaping reward              : -1045.657
learning reward             : 7154.343
episode length              : 382.9
abstract changes / episode  : 26.7
DFA transitions / episode   : 2.63
DFA transitions in window   : 1->2: 93, 2->3: 88, 3->4: 82
epsilon (next episode)       : 0.07727
replay buffer                : 300000 samples [1: 57.8%, 2: 32.1%, 3: 10.1%, 4: 0.0%]
DFA state visits in window   : 1: 22955, 2: 11236, 3: 4115, 4: 82
DFA state visits cumulative  : 1: 1391271, 2: 447058, 3: 136142, 4: 1697
DFA state entries in window  : 1: 100, 2: 93, 3: 88, 4: 82
DFA state entries cumulative : 1: 6400, 2: 2976, 3: 2212, 4: 1697
transitions cumulative       : 1->2: 2976, 2->3: 2212, 3->4: 1697
accepted directly from s0    : 0
Gym endings cumulative       : terminated=4522, truncated=182
Best policy updated at episode 6400: mean learning reward=7154.343

[Episode 6500/8000 | last 100]
success rate                : 75.0% (cumulative 27.3%)
synthetic task reward       : 7500.000
shaping reward              : -864.501
learning reward             : 6635.499
episode length              : 337.6
abstract changes / episode  : 23.2
DFA transitions / episode   : 2.41
DFA transitions in window   : 1->2: 85, 2->3: 81, 3->4: 75
epsilon (next episode)       : 0.07423
replay buffer                : 300000 samples [1: 59.7%, 2: 30.2%, 3: 10.0%, 4: 0.0%]
DFA state visits in window   : 1: 23052, 2: 7191, 3: 3545, 4: 75
DFA state visits cumulative  : 1: 1414323, 2: 454249, 3: 139687, 4: 1772
DFA state entries in window  : 1: 100, 2: 85, 3: 81, 4: 75
DFA state entries cumulative : 1: 6500, 2: 3061, 3: 2293, 4: 1772
transitions cumulative       : 1->2: 3061, 2->3: 2293, 3->4: 1772
accepted directly from s0    : 0
Gym endings cumulative       : terminated=4545, truncated=184

[Episode 6600/8000 | last 100]
success rate                : 63.0% (cumulative 27.8%)
synthetic task reward       : 6300.000
shaping reward              : -1521.813
learning reward             : 4778.187
episode length              : 352.5
abstract changes / episode  : 27.1
DFA transitions / episode   : 1.99
DFA transitions in window   : 1->2: 70, 2->3: 66, 3->4: 63
epsilon (next episode)       : 0.07132
replay buffer                : 300000 samples [1: 61.7%, 2: 28.6%, 3: 9.6%, 4: 0.0%]
DFA state visits in window   : 1: 25590, 2: 7270, 3: 2431, 4: 63
DFA state visits cumulative  : 1: 1439913, 2: 461519, 3: 142118, 4: 1835
DFA state entries in window  : 1: 100, 2: 70, 3: 66, 4: 63
DFA state entries cumulative : 1: 6600, 2: 3131, 3: 2359, 4: 1835
transitions cumulative       : 1->2: 3131, 2->3: 2359, 3->4: 1835
accepted directly from s0    : 0
Gym endings cumulative       : terminated=4581, truncated=185

[Episode 6700/8000 | last 100]
success rate                : 84.0% (cumulative 28.6%)
synthetic task reward       : 8400.000
shaping reward              : -641.808
learning reward             : 7758.192
episode length              : 283.5
abstract changes / episode  : 21.4
DFA transitions / episode   : 2.58
DFA transitions in window   : 1->2: 87, 2->3: 87, 3->4: 84
epsilon (next episode)       : 0.06853
replay buffer                : 300000 samples [1: 62.1%, 2: 28.0%, 3: 10.0%, 4: 0.0%]
DFA state visits in window   : 1: 18262, 2: 6569, 3: 3532, 4: 84
DFA state visits cumulative  : 1: 1458175, 2: 468088, 3: 145650, 4: 1919
DFA state entries in window  : 1: 100, 2: 87, 3: 87, 4: 84
DFA state entries cumulative : 1: 6700, 2: 3218, 3: 2446, 4: 1919
transitions cumulative       : 1->2: 3218, 2->3: 2446, 3->4: 1919
accepted directly from s0    : 0
Gym endings cumulative       : terminated=4597, truncated=185
Best policy updated at episode 6700: mean learning reward=7758.192

[Episode 6800/8000 | last 100]
success rate                : 64.0% (cumulative 29.2%)
synthetic task reward       : 6400.000
shaping reward              : -824.161
learning reward             : 5575.839
episode length              : 286.4
abstract changes / episode  : 21.3
DFA transitions / episode   : 2.15
DFA transitions in window   : 1->2: 79, 2->3: 72, 3->4: 64
epsilon (next episode)       : 0.06584
replay buffer                : 300000 samples [1: 62.1%, 2: 27.2%, 3: 10.7%, 4: 0.0%]
DFA state visits in window   : 1: 16938, 2: 6993, 3: 4746, 4: 64
DFA state visits cumulative  : 1: 1475113, 2: 475081, 3: 150396, 4: 1983
DFA state entries in window  : 1: 100, 2: 79, 3: 72, 4: 64
DFA state entries cumulative : 1: 6800, 2: 3297, 3: 2518, 4: 1983
transitions cumulative       : 1->2: 3297, 2->3: 2518, 3->4: 1983
accepted directly from s0    : 0
Gym endings cumulative       : terminated=4633, truncated=185

[Episode 6900/8000 | last 100]
success rate                : 71.0% (cumulative 29.8%)
synthetic task reward       : 7100.000
shaping reward              : -813.279
learning reward             : 6286.721
episode length              : 283.1
abstract changes / episode  : 21.8
DFA transitions / episode   : 2.32
DFA transitions in window   : 1->2: 85, 2->3: 76, 3->4: 71
epsilon (next episode)       : 0.06326
replay buffer                : 300000 samples [1: 61.7%, 2: 27.1%, 3: 11.1%, 4: 0.0%]
DFA state visits in window   : 1: 16386, 2: 8285, 3: 3672, 4: 71
DFA state visits cumulative  : 1: 1491499, 2: 483366, 3: 154068, 4: 2054
DFA state entries in window  : 1: 100, 2: 85, 3: 76, 4: 71
DFA state entries cumulative : 1: 6900, 2: 3382, 3: 2594, 4: 2054
transitions cumulative       : 1->2: 3382, 2->3: 2594, 3->4: 2054
accepted directly from s0    : 0
Gym endings cumulative       : terminated=4662, truncated=185

[Episode 7000/8000 | last 100]
success rate                : 87.0% (cumulative 30.6%)
synthetic task reward       : 8700.000
shaping reward              : -554.253
learning reward             : 8145.747
episode length              : 290.0
abstract changes / episode  : 21.2
DFA transitions / episode   : 2.74
DFA transitions in window   : 1->2: 95, 2->3: 92, 3->4: 87
epsilon (next episode)       : 0.06078
replay buffer                : 300000 samples [1: 61.7%, 2: 27.2%, 3: 11.1%, 4: 0.0%]
DFA state visits in window   : 1: 16282, 2: 9235, 3: 3498, 4: 87
DFA state visits cumulative  : 1: 1507781, 2: 492601, 3: 157566, 4: 2141
DFA state entries in window  : 1: 100, 2: 95, 3: 92, 4: 87
DFA state entries cumulative : 1: 7000, 2: 3477, 3: 2686, 4: 2141
transitions cumulative       : 1->2: 3477, 2->3: 2686, 3->4: 2141
accepted directly from s0    : 0
Gym endings cumulative       : terminated=4675, truncated=185
Best policy updated at episode 7000: mean learning reward=8145.747

[Episode 7100/8000 | last 100]
success rate                : 88.0% (cumulative 31.4%)
synthetic task reward       : 8800.000
shaping reward              : -507.514
learning reward             : 8292.486
episode length              : 278.8
abstract changes / episode  : 21.0
DFA transitions / episode   : 2.80
DFA transitions in window   : 1->2: 97, 2->3: 95, 3->4: 88
epsilon (next episode)       : 0.05839
replay buffer                : 300000 samples [1: 61.6%, 2: 27.2%, 3: 11.3%, 4: 0.0%]
DFA state visits in window   : 1: 16277, 2: 7632, 3: 3984, 4: 88
DFA state visits cumulative  : 1: 1524058, 2: 500233, 3: 161550, 4: 2229
DFA state entries in window  : 1: 100, 2: 97, 3: 95, 4: 88
DFA state entries cumulative : 1: 7100, 2: 3574, 3: 2781, 4: 2229
transitions cumulative       : 1->2: 3574, 2->3: 2781, 3->4: 2229
accepted directly from s0    : 0
Gym endings cumulative       : terminated=4687, truncated=185
Best policy updated at episode 7100: mean learning reward=8292.486

[Episode 7200/8000 | last 100]
success rate                : 80.0% (cumulative 32.1%)
synthetic task reward       : 8000.000
shaping reward              : -1085.252
learning reward             : 6914.748
episode length              : 375.7
abstract changes / episode  : 26.6
DFA transitions / episode   : 2.55
DFA transitions in window   : 1->2: 90, 2->3: 85, 3->4: 80
epsilon (next episode)       : 0.05610
replay buffer                : 300000 samples [1: 62.6%, 2: 26.1%, 3: 11.3%, 4: 0.0%]
DFA state visits in window   : 1: 24787, 2: 9856, 3: 2943, 4: 80
DFA state visits cumulative  : 1: 1548845, 2: 510089, 3: 164493, 4: 2309
DFA state entries in window  : 1: 100, 2: 90, 3: 85, 4: 80
DFA state entries cumulative : 1: 7200, 2: 3664, 3: 2866, 4: 2309
transitions cumulative       : 1->2: 3664, 2->3: 2866, 3->4: 2309
accepted directly from s0    : 0
Gym endings cumulative       : terminated=4700, truncated=192

[Episode 7300/8000 | last 100]
success rate                : 78.0% (cumulative 32.7%)
synthetic task reward       : 7800.000
shaping reward              : -1073.747
learning reward             : 6726.253
episode length              : 351.5
abstract changes / episode  : 25.6
DFA transitions / episode   : 2.44
DFA transitions in window   : 1->2: 87, 2->3: 79, 3->4: 78
epsilon (next episode)       : 0.05390
replay buffer                : 300000 samples [1: 63.6%, 2: 25.5%, 3: 10.9%, 4: 0.0%]
DFA state visits in window   : 1: 22327, 2: 10338, 3: 2511, 4: 78
DFA state visits cumulative  : 1: 1571172, 2: 520427, 3: 167004, 4: 2387
DFA state entries in window  : 1: 100, 2: 87, 3: 79, 4: 78
DFA state entries cumulative : 1: 7300, 2: 3751, 3: 2945, 4: 2387
transitions cumulative       : 1->2: 3751, 2->3: 2945, 3->4: 2387
accepted directly from s0    : 0
Gym endings cumulative       : terminated=4718, truncated=196

[Episode 7400/8000 | last 100]
success rate                : 79.0% (cumulative 33.3%)
synthetic task reward       : 7900.000
shaping reward              : -653.433
learning reward             : 7246.567
episode length              : 275.4
abstract changes / episode  : 21.4
DFA transitions / episode   : 2.57
DFA transitions in window   : 1->2: 92, 2->3: 86, 3->4: 79
epsilon (next episode)       : 0.05179
replay buffer                : 300000 samples [1: 62.2%, 2: 26.7%, 3: 11.0%, 4: 0.0%]
DFA state visits in window   : 1: 14429, 2: 9786, 3: 3348, 4: 79
DFA state visits cumulative  : 1: 1585601, 2: 530213, 3: 170352, 4: 2466
DFA state entries in window  : 1: 100, 2: 92, 3: 86, 4: 79
DFA state entries cumulative : 1: 7400, 2: 3843, 3: 3031, 4: 2466
transitions cumulative       : 1->2: 3843, 2->3: 3031, 3->4: 2466
accepted directly from s0    : 0
Gym endings cumulative       : terminated=4739, truncated=196

[Episode 7500/8000 | last 100]
success rate                : 84.0% (cumulative 34.0%)
synthetic task reward       : 8400.000
shaping reward              : -729.306
learning reward             : 7670.694
episode length              : 307.6
abstract changes / episode  : 23.0
DFA transitions / episode   : 2.70
DFA transitions in window   : 1->2: 95, 2->3: 91, 3->4: 84
epsilon (next episode)       : 0.04976
replay buffer                : 300000 samples [1: 59.7%, 2: 29.0%, 3: 11.3%, 4: 0.0%]
DFA state visits in window   : 1: 14576, 2: 12403, 3: 3799, 4: 84
DFA state visits cumulative  : 1: 1600177, 2: 542616, 3: 174151, 4: 2550
DFA state entries in window  : 1: 100, 2: 95, 3: 91, 4: 84
DFA state entries cumulative : 1: 7500, 2: 3938, 3: 3122, 4: 2550
transitions cumulative       : 1->2: 3938, 2->3: 3122, 3->4: 2550
accepted directly from s0    : 0
Gym endings cumulative       : terminated=4752, truncated=199

[Episode 7600/8000 | last 100]
success rate                : 67.0% (cumulative 34.4%)
synthetic task reward       : 6700.000
shaping reward              : -770.509
learning reward             : 5929.491
episode length              : 278.3
abstract changes / episode  : 20.5
DFA transitions / episode   : 2.26
DFA transitions in window   : 1->2: 87, 2->3: 72, 3->4: 67
epsilon (next episode)       : 0.04781
replay buffer                : 300000 samples [1: 58.0%, 2: 30.5%, 3: 11.5%, 4: 0.0%]
DFA state visits in window   : 1: 14514, 2: 10752, 3: 2597, 4: 67
DFA state visits cumulative  : 1: 1614691, 2: 553368, 3: 176748, 4: 2617
DFA state entries in window  : 1: 100, 2: 87, 3: 72, 4: 67
DFA state entries cumulative : 1: 7600, 2: 4025, 3: 3194, 4: 2617
transitions cumulative       : 1->2: 4025, 2->3: 3194, 3->4: 2617
accepted directly from s0    : 0
Gym endings cumulative       : terminated=4782, truncated=202

[Episode 7700/8000 | last 100]
success rate                : 83.0% (cumulative 35.1%)
synthetic task reward       : 8300.000
shaping reward              : -472.716
learning reward             : 7827.284
episode length              : 250.5
abstract changes / episode  : 19.4
DFA transitions / episode   : 2.60
DFA transitions in window   : 1->2: 90, 2->3: 87, 3->4: 83
epsilon (next episode)       : 0.04593
replay buffer                : 300000 samples [1: 57.7%, 2: 30.9%, 3: 11.4%, 4: 0.0%]
DFA state visits in window   : 1: 15174, 2: 6991, 3: 2899, 4: 83
DFA state visits cumulative  : 1: 1629865, 2: 560359, 3: 179647, 4: 2700
DFA state entries in window  : 1: 100, 2: 90, 3: 87, 4: 83
DFA state entries cumulative : 1: 7700, 2: 4115, 3: 3281, 4: 2700
transitions cumulative       : 1->2: 4115, 2->3: 3281, 3->4: 2700
accepted directly from s0    : 0
Gym endings cumulative       : terminated=4799, truncated=202

[Episode 7800/8000 | last 100]
success rate                : 63.0% (cumulative 35.4%)
synthetic task reward       : 6300.000
shaping reward              : -622.052
learning reward             : 5677.948
episode length              : 234.4
abstract changes / episode  : 17.7
DFA transitions / episode   : 1.91
DFA transitions in window   : 1->2: 65, 2->3: 63, 3->4: 63
epsilon (next episode)       : 0.04413
replay buffer                : 300000 samples [1: 58.3%, 2: 30.7%, 3: 11.0%, 4: 0.0%]
DFA state visits in window   : 1: 16614, 2: 4991, 3: 1874, 4: 63
DFA state visits cumulative  : 1: 1646479, 2: 565350, 3: 181521, 4: 2763
DFA state entries in window  : 1: 100, 2: 65, 3: 63, 4: 63
DFA state entries cumulative : 1: 7800, 2: 4180, 3: 3344, 4: 2763
transitions cumulative       : 1->2: 4180, 2->3: 3344, 3->4: 2763
accepted directly from s0    : 0
Gym endings cumulative       : terminated=4836, truncated=202

[Episode 7900/8000 | last 100]
success rate                : 89.0% (cumulative 36.1%)
synthetic task reward       : 8900.000
shaping reward              : -452.088
learning reward             : 8447.912
episode length              : 272.8
abstract changes / episode  : 20.3
DFA transitions / episode   : 2.74
DFA transitions in window   : 1->2: 93, 2->3: 92, 3->4: 89
epsilon (next episode)       : 0.04240
replay buffer                : 300000 samples [1: 59.0%, 2: 30.6%, 3: 10.4%, 4: 0.0%]
DFA state visits in window   : 1: 17659, 2: 6864, 3: 2765, 4: 89
DFA state visits cumulative  : 1: 1664138, 2: 572214, 3: 184286, 4: 2852
DFA state entries in window  : 1: 100, 2: 93, 3: 92, 4: 89
DFA state entries cumulative : 1: 7900, 2: 4273, 3: 3436, 4: 2852
transitions cumulative       : 1->2: 4273, 2->3: 3436, 3->4: 2852
accepted directly from s0    : 0
Gym endings cumulative       : terminated=4845, truncated=204
Best policy updated at episode 7900: mean learning reward=8447.912

[Episode 8000/8000 | last 100]
success rate                : 76.0% (cumulative 36.6%)
synthetic task reward       : 7600.000
shaping reward              : -867.711
learning reward             : 6732.289
episode length              : 314.5
abstract changes / episode  : 23.6
DFA transitions / episode   : 2.50
DFA transitions in window   : 1->2: 88, 2->3: 86, 3->4: 76
epsilon (next episode)       : 0.04074
replay buffer                : 300000 samples [1: 60.0%, 2: 29.7%, 3: 10.3%, 4: 0.0%]
DFA state visits in window   : 1: 20120, 2: 7819, 3: 3535, 4: 76
DFA state visits cumulative  : 1: 1684258, 2: 580033, 3: 187821, 4: 2928
DFA state entries in window  : 1: 100, 2: 88, 3: 86, 4: 76
DFA state entries cumulative : 1: 8000, 2: 4361, 3: 3522, 4: 2928
transitions cumulative       : 1->2: 4361, 2->3: 3522, 3->4: 2928
accepted directly from s0    : 0
Gym endings cumulative       : terminated=4867, truncated=206
Last policy saved after episode 8000. Best policy: episode 7900, mean learning reward=8447.912
