
=== NEW RUN ===
episodes=8000, shaping=True, K=1.0, goal_reward=10000.0, gamma=0.99
inter_level_shaping=True, inter_level_K=1.0
formula=F(wp1 & X(F(wp2 & X(F(goal)))))
waypoints={'wp1': (1, 8), 'wp2': (5, 6), 'goal': (8, 8)}
dfa_states=[1, 2, 3, 4], pre_trace=1, accepting=[4]

[Episode 1/8000 | last 1]
success rate                : 0.0% (cumulative 0.0%)
synthetic task reward       : 0.000
shaping reward              : -1610.344
learning reward             : -1610.344
episode length              : 78.0
abstract changes / episode  : 13.0
DFA transitions / episode   : 0.00
DFA transitions in window   : none
epsilon (next episode)       : 0.99960
replay buffer                : 78 samples [1: 100.0%, 2: 0.0%, 3: 0.0%, 4: 0.0%]
DFA state visits in window   : 1: 79, 2: 0, 3: 0, 4: 0
DFA state visits cumulative  : 1: 79, 2: 0, 3: 0, 4: 0
DFA state entries in window  : 1: 1, 2: 0, 3: 0, 4: 0
DFA state entries cumulative : 1: 1, 2: 0, 3: 0, 4: 0
transitions cumulative       : none
accepted directly from s0    : 0
Gym endings cumulative       : terminated=1, truncated=0
Best policy updated at episode 1: mean learning reward=-1610.344

[Episode 100/8000 | last 100]
success rate                : 0.0% (cumulative 0.0%)
synthetic task reward       : 0.000
shaping reward              : -1527.450
learning reward             : -1527.450
episode length              : 91.4
abstract changes / episode  : 12.8
DFA transitions / episode   : 0.00
DFA transitions in window   : none
epsilon (next episode)       : 0.96078
replay buffer                : 9142 samples [1: 100.0%, 2: 0.0%, 3: 0.0%, 4: 0.0%]
DFA state visits in window   : 1: 9242, 2: 0, 3: 0, 4: 0
DFA state visits cumulative  : 1: 9242, 2: 0, 3: 0, 4: 0
DFA state entries in window  : 1: 100, 2: 0, 3: 0, 4: 0
DFA state entries cumulative : 1: 100, 2: 0, 3: 0, 4: 0
transitions cumulative       : none
accepted directly from s0    : 0
Gym endings cumulative       : terminated=100, truncated=0
Best policy updated at episode 100: mean learning reward=-1527.450

[Episode 200/8000 | last 100]
success rate                : 0.0% (cumulative 0.0%)
synthetic task reward       : 0.000
shaping reward              : -1564.586
learning reward             : -1564.586
episode length              : 98.2
abstract changes / episode  : 13.0
DFA transitions / episode   : 0.01
DFA transitions in window   : 1->2: 1
epsilon (next episode)       : 0.92310
replay buffer                : 18958 samples [1: 99.9%, 2: 0.1%, 3: 0.0%, 4: 0.0%]
DFA state visits in window   : 1: 9895, 2: 21, 3: 0, 4: 0
DFA state visits cumulative  : 1: 19137, 2: 21, 3: 0, 4: 0
DFA state entries in window  : 1: 100, 2: 1, 3: 0, 4: 0
DFA state entries cumulative : 1: 200, 2: 1, 3: 0, 4: 0
transitions cumulative       : 1->2: 1
accepted directly from s0    : 0
Gym endings cumulative       : terminated=200, truncated=0

[Episode 300/8000 | last 100]
success rate                : 0.0% (cumulative 0.0%)
synthetic task reward       : 0.000
shaping reward              : -1525.409
learning reward             : -1525.409
episode length              : 103.8
abstract changes / episode  : 12.7
DFA transitions / episode   : 0.02
DFA transitions in window   : 1->2: 2
epsilon (next episode)       : 0.88690
replay buffer                : 29343 samples [1: 99.8%, 2: 0.2%, 3: 0.0%, 4: 0.0%]
DFA state visits in window   : 1: 10432, 2: 53, 3: 0, 4: 0
DFA state visits cumulative  : 1: 29569, 2: 74, 3: 0, 4: 0
DFA state entries in window  : 1: 100, 2: 2, 3: 0, 4: 0
DFA state entries cumulative : 1: 300, 2: 3, 3: 0, 4: 0
transitions cumulative       : 1->2: 3
accepted directly from s0    : 0
Gym endings cumulative       : terminated=300, truncated=0
Best policy updated at episode 300: mean learning reward=-1525.409

[Episode 400/8000 | last 100]
success rate                : 0.0% (cumulative 0.0%)
synthetic task reward       : 0.000
shaping reward              : -1510.584
learning reward             : -1510.584
episode length              : 109.0
abstract changes / episode  : 13.1
DFA transitions / episode   : 0.05
DFA transitions in window   : 1->2: 5
epsilon (next episode)       : 0.85212
replay buffer                : 40241 samples [1: 99.5%, 2: 0.5%, 3: 0.0%, 4: 0.0%]
DFA state visits in window   : 1: 10867, 2: 131, 3: 0, 4: 0
DFA state visits cumulative  : 1: 40436, 2: 205, 3: 0, 4: 0
DFA state entries in window  : 1: 100, 2: 5, 3: 0, 4: 0
DFA state entries cumulative : 1: 400, 2: 8, 3: 0, 4: 0
transitions cumulative       : 1->2: 8
accepted directly from s0    : 0
Gym endings cumulative       : terminated=400, truncated=0
Best policy updated at episode 400: mean learning reward=-1510.584

[Episode 500/8000 | last 100]
success rate                : 0.0% (cumulative 0.0%)
synthetic task reward       : 0.000
shaping reward              : -1536.261
learning reward             : -1536.261
episode length              : 104.2
abstract changes / episode  : 13.0
DFA transitions / episode   : 0.01
DFA transitions in window   : 1->2: 1
epsilon (next episode)       : 0.81870
replay buffer                : 50662 samples [1: 99.6%, 2: 0.4%, 3: 0.0%, 4: 0.0%]
DFA state visits in window   : 1: 10499, 2: 22, 3: 0, 4: 0
DFA state visits cumulative  : 1: 50935, 2: 227, 3: 0, 4: 0
DFA state entries in window  : 1: 100, 2: 1, 3: 0, 4: 0
DFA state entries cumulative : 1: 500, 2: 9, 3: 0, 4: 0
transitions cumulative       : 1->2: 9
accepted directly from s0    : 0
Gym endings cumulative       : terminated=500, truncated=0

[Episode 600/8000 | last 100]
success rate                : 0.0% (cumulative 0.0%)
synthetic task reward       : 0.000
shaping reward              : -1587.761
learning reward             : -1587.761
episode length              : 119.1
abstract changes / episode  : 13.5
DFA transitions / episode   : 0.03
DFA transitions in window   : 1->2: 3
epsilon (next episode)       : 0.78659
replay buffer                : 62575 samples [1: 99.5%, 2: 0.5%, 3: 0.0%, 4: 0.0%]
DFA state visits in window   : 1: 11898, 2: 115, 3: 0, 4: 0
DFA state visits cumulative  : 1: 62833, 2: 342, 3: 0, 4: 0
DFA state entries in window  : 1: 100, 2: 3, 3: 0, 4: 0
DFA state entries cumulative : 1: 600, 2: 12, 3: 0, 4: 0
transitions cumulative       : 1->2: 12
accepted directly from s0    : 0
Gym endings cumulative       : terminated=600, truncated=0

[Episode 700/8000 | last 100]
success rate                : 0.0% (cumulative 0.0%)
synthetic task reward       : 0.000
shaping reward              : -1487.741
learning reward             : -1487.741
episode length              : 111.8
abstract changes / episode  : 12.8
DFA transitions / episode   : 0.01
DFA transitions in window   : 1->2: 1
epsilon (next episode)       : 0.75574
replay buffer                : 73754 samples [1: 99.5%, 2: 0.5%, 3: 0.0%, 4: 0.0%]
DFA state visits in window   : 1: 11254, 2: 25, 3: 0, 4: 0
DFA state visits cumulative  : 1: 74087, 2: 367, 3: 0, 4: 0
DFA state entries in window  : 1: 100, 2: 1, 3: 0, 4: 0
DFA state entries cumulative : 1: 700, 2: 13, 3: 0, 4: 0
transitions cumulative       : 1->2: 13
accepted directly from s0    : 0
Gym endings cumulative       : terminated=700, truncated=0
Best policy updated at episode 700: mean learning reward=-1487.741

[Episode 800/8000 | last 100]
success rate                : 0.0% (cumulative 0.0%)
synthetic task reward       : 0.000
shaping reward              : -1472.510
learning reward             : -1472.510
episode length              : 118.7
abstract changes / episode  : 12.9
DFA transitions / episode   : 0.04
DFA transitions in window   : 1->2: 4
epsilon (next episode)       : 0.72610
replay buffer                : 85623 samples [1: 99.5%, 2: 0.5%, 3: 0.0%, 4: 0.0%]
DFA state visits in window   : 1: 11856, 2: 113, 3: 0, 4: 0
DFA state visits cumulative  : 1: 85943, 2: 480, 3: 0, 4: 0
DFA state entries in window  : 1: 100, 2: 4, 3: 0, 4: 0
DFA state entries cumulative : 1: 800, 2: 17, 3: 0, 4: 0
transitions cumulative       : 1->2: 17
accepted directly from s0    : 0
Gym endings cumulative       : terminated=800, truncated=0
Best policy updated at episode 800: mean learning reward=-1472.510

[Episode 900/8000 | last 100]
success rate                : 0.0% (cumulative 0.0%)
synthetic task reward       : 0.000
shaping reward              : -1467.562
learning reward             : -1467.562
episode length              : 122.6
abstract changes / episode  : 13.0
DFA transitions / episode   : 0.03
DFA transitions in window   : 1->2: 3
epsilon (next episode)       : 0.69763
replay buffer                : 97880 samples [1: 99.5%, 2: 0.5%, 3: 0.0%, 4: 0.0%]
DFA state visits in window   : 1: 12282, 2: 75, 3: 0, 4: 0
DFA state visits cumulative  : 1: 98225, 2: 555, 3: 0, 4: 0
DFA state entries in window  : 1: 100, 2: 3, 3: 0, 4: 0
DFA state entries cumulative : 1: 900, 2: 20, 3: 0, 4: 0
transitions cumulative       : 1->2: 20
accepted directly from s0    : 0
Gym endings cumulative       : terminated=900, truncated=0
Best policy updated at episode 900: mean learning reward=-1467.562

[Episode 1000/8000 | last 100]
success rate                : 0.0% (cumulative 0.0%)
synthetic task reward       : 0.000
shaping reward              : -1494.299
learning reward             : -1494.299
episode length              : 137.6
abstract changes / episode  : 13.3
DFA transitions / episode   : 0.05
DFA transitions in window   : 1->2: 5
epsilon (next episode)       : 0.67027
replay buffer                : 111640 samples [1: 99.4%, 2: 0.6%, 3: 0.0%, 4: 0.0%]
DFA state visits in window   : 1: 13684, 2: 176, 3: 0, 4: 0
DFA state visits cumulative  : 1: 111909, 2: 731, 3: 0, 4: 0
DFA state entries in window  : 1: 100, 2: 5, 3: 0, 4: 0
DFA state entries cumulative : 1: 1000, 2: 25, 3: 0, 4: 0
transitions cumulative       : 1->2: 25
accepted directly from s0    : 0
Gym endings cumulative       : terminated=1000, truncated=0

[Episode 1100/8000 | last 100]
success rate                : 0.0% (cumulative 0.0%)
synthetic task reward       : 0.000
shaping reward              : -1480.990
learning reward             : -1480.990
episode length              : 139.4
abstract changes / episode  : 13.2
DFA transitions / episode   : 0.04
DFA transitions in window   : 1->2: 4
epsilon (next episode)       : 0.64398
replay buffer                : 125585 samples [1: 99.3%, 2: 0.7%, 3: 0.0%, 4: 0.0%]
DFA state visits in window   : 1: 13868, 2: 177, 3: 0, 4: 0
DFA state visits cumulative  : 1: 125777, 2: 908, 3: 0, 4: 0
DFA state entries in window  : 1: 100, 2: 4, 3: 0, 4: 0
DFA state entries cumulative : 1: 1100, 2: 29, 3: 0, 4: 0
transitions cumulative       : 1->2: 29
accepted directly from s0    : 0
Gym endings cumulative       : terminated=1100, truncated=0

[Episode 1200/8000 | last 100]
success rate                : 0.0% (cumulative 0.0%)
synthetic task reward       : 0.000
shaping reward              : -1563.005
learning reward             : -1563.005
episode length              : 164.3
abstract changes / episode  : 13.5
DFA transitions / episode   : 0.01
DFA transitions in window   : 1->2: 1
epsilon (next episode)       : 0.61872
replay buffer                : 142018 samples [1: 99.2%, 2: 0.8%, 3: 0.0%, 4: 0.0%]
DFA state visits in window   : 1: 16284, 2: 249, 3: 0, 4: 0
DFA state visits cumulative  : 1: 142061, 2: 1157, 3: 0, 4: 0
DFA state entries in window  : 1: 100, 2: 1, 3: 0, 4: 0
DFA state entries cumulative : 1: 1200, 2: 30, 3: 0, 4: 0
transitions cumulative       : 1->2: 30
accepted directly from s0    : 0
Gym endings cumulative       : terminated=1200, truncated=0

[Episode 1300/8000 | last 100]
success rate                : 0.0% (cumulative 0.0%)
synthetic task reward       : 0.000
shaping reward              : -1696.815
learning reward             : -1696.815
episode length              : 188.0
abstract changes / episode  : 14.4
DFA transitions / episode   : 0.01
DFA transitions in window   : 1->2: 1
epsilon (next episode)       : 0.59446
replay buffer                : 160814 samples [1: 99.3%, 2: 0.7%, 3: 0.0%, 4: 0.0%]
DFA state visits in window   : 1: 18854, 2: 42, 3: 0, 4: 0
DFA state visits cumulative  : 1: 160915, 2: 1199, 3: 0, 4: 0
DFA state entries in window  : 1: 100, 2: 1, 3: 0, 4: 0
DFA state entries cumulative : 1: 1300, 2: 31, 3: 0, 4: 0
transitions cumulative       : 1->2: 31
accepted directly from s0    : 0
Gym endings cumulative       : terminated=1300, truncated=0

[Episode 1400/8000 | last 100]
success rate                : 0.0% (cumulative 0.0%)
synthetic task reward       : 0.000
shaping reward              : -1643.194
learning reward             : -1643.194
episode length              : 172.9
abstract changes / episode  : 13.6
DFA transitions / episode   : 0.00
DFA transitions in window   : none
epsilon (next episode)       : 0.57115
replay buffer                : 178109 samples [1: 99.3%, 2: 0.7%, 3: 0.0%, 4: 0.0%]
DFA state visits in window   : 1: 17395, 2: 0, 3: 0, 4: 0
DFA state visits cumulative  : 1: 178310, 2: 1199, 3: 0, 4: 0
DFA state entries in window  : 1: 100, 2: 0, 3: 0, 4: 0
DFA state entries cumulative : 1: 1400, 2: 31, 3: 0, 4: 0
transitions cumulative       : 1->2: 31
accepted directly from s0    : 0
Gym endings cumulative       : terminated=1399, truncated=1

[Episode 1500/8000 | last 100]
success rate                : 0.0% (cumulative 0.0%)
synthetic task reward       : 0.000
shaping reward              : -1598.491
learning reward             : -1598.491
episode length              : 139.9
abstract changes / episode  : 13.3
DFA transitions / episode   : 0.00
DFA transitions in window   : none
epsilon (next episode)       : 0.54875
replay buffer                : 192102 samples [1: 99.4%, 2: 0.6%, 3: 0.0%, 4: 0.0%]
DFA state visits in window   : 1: 14093, 2: 0, 3: 0, 4: 0
DFA state visits cumulative  : 1: 192403, 2: 1199, 3: 0, 4: 0
DFA state entries in window  : 1: 100, 2: 0, 3: 0, 4: 0
DFA state entries cumulative : 1: 1500, 2: 31, 3: 0, 4: 0
transitions cumulative       : 1->2: 31
accepted directly from s0    : 0
Gym endings cumulative       : terminated=1499, truncated=1

[Episode 1600/8000 | last 100]
success rate                : 0.0% (cumulative 0.0%)
synthetic task reward       : 0.000
shaping reward              : -1627.294
learning reward             : -1627.294
episode length              : 159.2
abstract changes / episode  : 14.1
DFA transitions / episode   : 0.02
DFA transitions in window   : 1->2: 2
epsilon (next episode)       : 0.52722
replay buffer                : 208020 samples [1: 99.4%, 2: 0.6%, 3: 0.0%, 4: 0.0%]
DFA state visits in window   : 1: 15896, 2: 122, 3: 0, 4: 0
DFA state visits cumulative  : 1: 208299, 2: 1321, 3: 0, 4: 0
DFA state entries in window  : 1: 100, 2: 2, 3: 0, 4: 0
DFA state entries cumulative : 1: 1600, 2: 33, 3: 0, 4: 0
transitions cumulative       : 1->2: 33
accepted directly from s0    : 0
Gym endings cumulative       : terminated=1599, truncated=1

[Episode 1700/8000 | last 100]
success rate                : 0.0% (cumulative 0.0%)
synthetic task reward       : 0.000
shaping reward              : -1690.209
learning reward             : -1690.209
episode length              : 201.3
abstract changes / episode  : 15.6
DFA transitions / episode   : 0.06
DFA transitions in window   : 1->2: 6
epsilon (next episode)       : 0.50655
replay buffer                : 228151 samples [1: 99.2%, 2: 0.8%, 3: 0.0%, 4: 0.0%]
DFA state visits in window   : 1: 19775, 2: 456, 3: 0, 4: 0
DFA state visits cumulative  : 1: 228074, 2: 1777, 3: 0, 4: 0
DFA state entries in window  : 1: 100, 2: 6, 3: 0, 4: 0
DFA state entries cumulative : 1: 1700, 2: 39, 3: 0, 4: 0
transitions cumulative       : 1->2: 39
accepted directly from s0    : 0
Gym endings cumulative       : terminated=1697, truncated=3

[Episode 1800/8000 | last 100]
success rate                : 0.0% (cumulative 0.0%)
synthetic task reward       : 0.000
shaping reward              : -1536.049
learning reward             : -1536.049
episode length              : 211.0
abstract changes / episode  : 15.1
DFA transitions / episode   : 0.13
DFA transitions in window   : 1->2: 13
epsilon (next episode)       : 0.48668
replay buffer                : 249252 samples [1: 99.0%, 2: 1.0%, 3: 0.0%, 4: 0.0%]
DFA state visits in window   : 1: 20342, 2: 859, 3: 0, 4: 0
DFA state visits cumulative  : 1: 248416, 2: 2636, 3: 0, 4: 0
DFA state entries in window  : 1: 100, 2: 13, 3: 0, 4: 0
DFA state entries cumulative : 1: 1800, 2: 52, 3: 0, 4: 0
transitions cumulative       : 1->2: 52
accepted directly from s0    : 0
Gym endings cumulative       : terminated=1797, truncated=3

[Episode 1900/8000 | last 100]
success rate                : 0.0% (cumulative 0.0%)
synthetic task reward       : 0.000
shaping reward              : -1635.688
learning reward             : -1635.688
episode length              : 217.9
abstract changes / episode  : 15.7
DFA transitions / episode   : 0.10
DFA transitions in window   : 1->2: 10
epsilon (next episode)       : 0.46760
replay buffer                : 271041 samples [1: 98.7%, 2: 1.3%, 3: 0.0%, 4: 0.0%]
DFA state visits in window   : 1: 20870, 2: 1019, 3: 0, 4: 0
DFA state visits cumulative  : 1: 269286, 2: 3655, 3: 0, 4: 0
DFA state entries in window  : 1: 100, 2: 10, 3: 0, 4: 0
DFA state entries cumulative : 1: 1900, 2: 62, 3: 0, 4: 0
transitions cumulative       : 1->2: 62
accepted directly from s0    : 0
Gym endings cumulative       : terminated=1897, truncated=3

[Episode 2000/8000 | last 100]
success rate                : 0.0% (cumulative 0.0%)
synthetic task reward       : 0.000
shaping reward              : -1470.219
learning reward             : -1470.219
episode length              : 255.1
abstract changes / episode  : 15.3
DFA transitions / episode   : 0.17
DFA transitions in window   : 1->2: 17
epsilon (next episode)       : 0.44926
replay buffer                : 296554 samples [1: 98.1%, 2: 1.9%, 3: 0.0%, 4: 0.0%]
DFA state visits in window   : 1: 23527, 2: 2086, 3: 0, 4: 0
DFA state visits cumulative  : 1: 292813, 2: 5741, 3: 0, 4: 0
DFA state entries in window  : 1: 100, 2: 17, 3: 0, 4: 0
DFA state entries cumulative : 1: 2000, 2: 79, 3: 0, 4: 0
transitions cumulative       : 1->2: 79
accepted directly from s0    : 0
Gym endings cumulative       : terminated=1992, truncated=8

[Episode 2100/8000 | last 100]
success rate                : 0.0% (cumulative 0.0%)
synthetic task reward       : 0.000
shaping reward              : -1636.794
learning reward             : -1636.794
episode length              : 369.3
abstract changes / episode  : 17.9
DFA transitions / episode   : 0.17
DFA transitions in window   : 1->2: 17
epsilon (next episode)       : 0.43164
replay buffer                : 300000 samples [1: 97.0%, 2: 3.0%, 3: 0.0%, 4: 0.0%]
DFA state visits in window   : 1: 33573, 2: 3458, 3: 0, 4: 0
DFA state visits cumulative  : 1: 326386, 2: 9199, 3: 0, 4: 0
DFA state entries in window  : 1: 100, 2: 17, 3: 0, 4: 0
DFA state entries cumulative : 1: 2100, 2: 96, 3: 0, 4: 0
transitions cumulative       : 1->2: 96
accepted directly from s0    : 0
Gym endings cumulative       : terminated=2083, truncated=17

[Episode 2200/8000 | last 100]
success rate                : 0.0% (cumulative 0.0%)
synthetic task reward       : 0.000
shaping reward              : -1921.465
learning reward             : -1921.465
episode length              : 551.4
abstract changes / episode  : 20.2
DFA transitions / episode   : 0.08
DFA transitions in window   : 1->2: 8
epsilon (next episode)       : 0.41471
replay buffer                : 300000 samples [1: 96.6%, 2: 3.4%, 3: 0.0%, 4: 0.0%]
DFA state visits in window   : 1: 53557, 2: 1681, 3: 0, 4: 0
DFA state visits cumulative  : 1: 379943, 2: 10880, 3: 0, 4: 0
DFA state entries in window  : 1: 100, 2: 8, 3: 0, 4: 0
DFA state entries cumulative : 1: 2200, 2: 104, 3: 0, 4: 0
transitions cumulative       : 1->2: 104
accepted directly from s0    : 0
Gym endings cumulative       : terminated=2156, truncated=44

[Episode 2300/8000 | last 100]
success rate                : 0.0% (cumulative 0.0%)
synthetic task reward       : 0.000
shaping reward              : -1870.181
learning reward             : -1870.181
episode length              : 491.0
abstract changes / episode  : 21.1
DFA transitions / episode   : 0.23
DFA transitions in window   : 1->2: 23
epsilon (next episode)       : 0.39845
replay buffer                : 300000 samples [1: 94.0%, 2: 6.0%, 3: 0.0%, 4: 0.0%]
DFA state visits in window   : 1: 40953, 2: 8251, 3: 0, 4: 0
DFA state visits cumulative  : 1: 420896, 2: 19131, 3: 0, 4: 0
DFA state entries in window  : 1: 100, 2: 23, 3: 0, 4: 0
DFA state entries cumulative : 1: 2300, 2: 127, 3: 0, 4: 0
transitions cumulative       : 1->2: 127
accepted directly from s0    : 0
Gym endings cumulative       : terminated=2233, truncated=67

[Episode 2400/8000 | last 100]
success rate                : 0.0% (cumulative 0.0%)
synthetic task reward       : 0.000
shaping reward              : -1655.819
learning reward             : -1655.819
episode length              : 390.1
abstract changes / episode  : 19.1
DFA transitions / episode   : 0.24
DFA transitions in window   : 1->2: 24
epsilon (next episode)       : 0.38282
replay buffer                : 300000 samples [1: 91.6%, 2: 8.4%, 3: 0.0%, 4: 0.0%]
DFA state visits in window   : 1: 31860, 2: 7248, 3: 0, 4: 0
DFA state visits cumulative  : 1: 452756, 2: 26379, 3: 0, 4: 0
DFA state entries in window  : 1: 100, 2: 24, 3: 0, 4: 0
DFA state entries cumulative : 1: 2400, 2: 151, 3: 0, 4: 0
transitions cumulative       : 1->2: 151
accepted directly from s0    : 0
Gym endings cumulative       : terminated=2325, truncated=75

[Episode 2500/8000 | last 100]
success rate                : 0.0% (cumulative 0.0%)
synthetic task reward       : 0.000
shaping reward              : -1445.966
learning reward             : -1445.966
episode length              : 334.7
abstract changes / episode  : 17.6
DFA transitions / episode   : 0.34
DFA transitions in window   : 1->2: 31, 2->3: 3
epsilon (next episode)       : 0.36781
replay buffer                : 300000 samples [1: 89.1%, 2: 10.7%, 3: 0.3%, 4: 0.0%]
DFA state visits in window   : 1: 25630, 2: 7178, 3: 759, 4: 0
DFA state visits cumulative  : 1: 478386, 2: 33557, 3: 759, 4: 0
DFA state entries in window  : 1: 100, 2: 31, 3: 3, 4: 0
DFA state entries cumulative : 1: 2500, 2: 182, 3: 3, 4: 0
transitions cumulative       : 1->2: 182, 2->3: 3
accepted directly from s0    : 0
Gym endings cumulative       : terminated=2418, truncated=82
Best policy updated at episode 2500: mean learning reward=-1445.966

[Episode 2600/8000 | last 100]
success rate                : 0.0% (cumulative 0.0%)
synthetic task reward       : 0.000
shaping reward              : -1496.225
learning reward             : -1496.225
episode length              : 311.9
abstract changes / episode  : 17.2
DFA transitions / episode   : 0.26
DFA transitions in window   : 1->2: 25, 2->3: 1
epsilon (next episode)       : 0.35338
replay buffer                : 300000 samples [1: 87.3%, 2: 12.4%, 3: 0.3%, 4: 0.0%]
DFA state visits in window   : 1: 24978, 2: 6173, 3: 141, 4: 0
DFA state visits cumulative  : 1: 503364, 2: 39730, 3: 900, 4: 0
DFA state entries in window  : 1: 100, 2: 25, 3: 1, 4: 0
DFA state entries cumulative : 1: 2600, 2: 207, 3: 4, 4: 0
transitions cumulative       : 1->2: 207, 2->3: 4
accepted directly from s0    : 0
Gym endings cumulative       : terminated=2511, truncated=89

[Episode 2700/8000 | last 100]
success rate                : 0.0% (cumulative 0.0%)
synthetic task reward       : 0.000
shaping reward              : -1571.567
learning reward             : -1571.567
episode length              : 343.5
abstract changes / episode  : 18.7
DFA transitions / episode   : 0.36
DFA transitions in window   : 1->2: 29, 2->3: 7
epsilon (next episode)       : 0.33952
replay buffer                : 300000 samples [1: 84.8%, 2: 14.5%, 3: 0.8%, 4: 0.0%]
DFA state visits in window   : 1: 25252, 2: 7770, 3: 1428, 4: 0
DFA state visits cumulative  : 1: 528616, 2: 47500, 3: 2328, 4: 0
DFA state entries in window  : 1: 100, 2: 29, 3: 7, 4: 0
DFA state entries cumulative : 1: 2700, 2: 236, 3: 11, 4: 0
transitions cumulative       : 1->2: 236, 2->3: 11
accepted directly from s0    : 0
Gym endings cumulative       : terminated=2603, truncated=97

[Episode 2800/8000 | last 100]
success rate                : 0.0% (cumulative 0.0%)
synthetic task reward       : 0.000
shaping reward              : -1728.839
learning reward             : -1728.839
episode length              : 444.3
abstract changes / episode  : 21.2
DFA transitions / episode   : 0.46
DFA transitions in window   : 1->2: 41, 2->3: 5
epsilon (next episode)       : 0.32621
replay buffer                : 300000 samples [1: 83.2%, 2: 15.4%, 3: 1.5%, 4: 0.0%]
DFA state visits in window   : 1: 34642, 2: 7833, 3: 2053, 4: 0
DFA state visits cumulative  : 1: 563258, 2: 55333, 3: 4381, 4: 0
DFA state entries in window  : 1: 100, 2: 41, 3: 5, 4: 0
DFA state entries cumulative : 1: 2800, 2: 277, 3: 16, 4: 0
transitions cumulative       : 1->2: 277, 2->3: 16
accepted directly from s0    : 0
Gym endings cumulative       : terminated=2687, truncated=113

[Episode 2900/8000 | last 100]
success rate                : 0.0% (cumulative 0.0%)
synthetic task reward       : 0.000
shaping reward              : -1468.388
learning reward             : -1468.388
episode length              : 420.0
abstract changes / episode  : 19.8
DFA transitions / episode   : 0.44
DFA transitions in window   : 1->2: 40, 2->3: 4
epsilon (next episode)       : 0.31341
replay buffer                : 300000 samples [1: 77.4%, 2: 20.9%, 3: 1.7%, 4: 0.0%]
DFA state visits in window   : 1: 24180, 2: 17147, 3: 769, 4: 0
DFA state visits cumulative  : 1: 587438, 2: 72480, 3: 5150, 4: 0
DFA state entries in window  : 1: 100, 2: 40, 3: 4, 4: 0
DFA state entries cumulative : 1: 2900, 2: 317, 3: 20, 4: 0
transitions cumulative       : 1->2: 317, 2->3: 20
accepted directly from s0    : 0
Gym endings cumulative       : terminated=2767, truncated=133

[Episode 3000/8000 | last 100]
success rate                : 1.0% (cumulative 0.0%)
synthetic task reward       : 100.000
shaping reward              : -1591.167
learning reward             : -1491.167
episode length              : 462.4
abstract changes / episode  : 21.5
DFA transitions / episode   : 0.49
DFA transitions in window   : 1->2: 38, 2->3: 10, 3->4: 1
epsilon (next episode)       : 0.30112
replay buffer                : 300000 samples [1: 73.4%, 2: 23.6%, 3: 2.9%, 4: 0.0%]
DFA state visits in window   : 1: 28733, 2: 13915, 3: 3696, 4: 1
DFA state visits cumulative  : 1: 616171, 2: 86395, 3: 8846, 4: 1
DFA state entries in window  : 1: 100, 2: 38, 3: 10, 4: 1
DFA state entries cumulative : 1: 3000, 2: 355, 3: 30, 4: 1
transitions cumulative       : 1->2: 355, 2->3: 30, 3->4: 1
accepted directly from s0    : 0
Gym endings cumulative       : terminated=2845, truncated=154

[Episode 3100/8000 | last 100]
success rate                : 2.0% (cumulative 0.1%)
synthetic task reward       : 200.000
shaping reward              : -2042.764
learning reward             : -1842.764
episode length              : 584.4
abstract changes / episode  : 26.2
DFA transitions / episode   : 0.68
DFA transitions in window   : 1->2: 50, 2->3: 16, 3->4: 2
epsilon (next episode)       : 0.28931
replay buffer                : 300000 samples [1: 68.9%, 2: 26.1%, 3: 5.0%, 4: 0.0%]
DFA state visits in window   : 1: 36178, 2: 16248, 3: 6109, 4: 2
DFA state visits cumulative  : 1: 652349, 2: 102643, 3: 14955, 4: 3
DFA state entries in window  : 1: 100, 2: 50, 3: 16, 4: 2
DFA state entries cumulative : 1: 3100, 2: 405, 3: 46, 4: 3
transitions cumulative       : 1->2: 405, 2->3: 46, 3->4: 3
accepted directly from s0    : 0
Gym endings cumulative       : terminated=2916, truncated=181

[Episode 3200/8000 | last 100]
success rate                : 8.0% (cumulative 0.3%)
synthetic task reward       : 800.000
shaping reward              : -1998.138
learning reward             : -1198.138
episode length              : 530.8
abstract changes / episode  : 26.1
DFA transitions / episode   : 0.79
DFA transitions in window   : 1->2: 47, 2->3: 24, 3->4: 8
epsilon (next episode)       : 0.27797
replay buffer                : 300000 samples [1: 66.1%, 2: 27.2%, 3: 6.6%, 4: 0.0%]
DFA state visits in window   : 1: 32701, 2: 14580, 3: 5889, 4: 8
DFA state visits cumulative  : 1: 685050, 2: 117223, 3: 20844, 4: 11
DFA state entries in window  : 1: 100, 2: 47, 3: 24, 4: 8
DFA state entries cumulative : 1: 3200, 2: 452, 3: 70, 4: 11
transitions cumulative       : 1->2: 452, 2->3: 70, 3->4: 11
accepted directly from s0    : 0
Gym endings cumulative       : terminated=2987, truncated=202
Best policy updated at episode 3200: mean learning reward=-1198.138

[Episode 3300/8000 | last 100]
success rate                : 1.0% (cumulative 0.4%)
synthetic task reward       : 100.000
shaping reward              : -1887.699
learning reward             : -1787.699
episode length              : 467.0
abstract changes / episode  : 25.6
DFA transitions / episode   : 0.80
DFA transitions in window   : 1->2: 57, 2->3: 22, 3->4: 1
epsilon (next episode)       : 0.26706
replay buffer                : 300000 samples [1: 63.1%, 2: 28.8%, 3: 8.0%, 4: 0.0%]
DFA state visits in window   : 1: 27444, 2: 13812, 3: 5547, 4: 1
DFA state visits cumulative  : 1: 712494, 2: 131035, 3: 26391, 4: 12
DFA state entries in window  : 1: 100, 2: 57, 3: 22, 4: 1
DFA state entries cumulative : 1: 3300, 2: 509, 3: 92, 4: 12
transitions cumulative       : 1->2: 509, 2->3: 92, 3->4: 12
accepted directly from s0    : 0
Gym endings cumulative       : terminated=3074, truncated=214

[Episode 3400/8000 | last 100]
success rate                : 11.0% (cumulative 0.7%)
synthetic task reward       : 1100.000
shaping reward              : -2126.337
learning reward             : -1026.337
episode length              : 454.3
abstract changes / episode  : 28.9
DFA transitions / episode   : 1.12
DFA transitions in window   : 1->2: 74, 2->3: 27, 3->4: 11
epsilon (next episode)       : 0.25659
replay buffer                : 300000 samples [1: 60.2%, 2: 31.5%, 3: 8.3%, 4: 0.0%]
DFA state visits in window   : 1: 24091, 2: 18345, 3: 3079, 4: 11
DFA state visits cumulative  : 1: 736585, 2: 149380, 3: 29470, 4: 23
DFA state entries in window  : 1: 100, 2: 74, 3: 27, 4: 11
DFA state entries cumulative : 1: 3400, 2: 583, 3: 119, 4: 23
transitions cumulative       : 1->2: 583, 2->3: 119, 3->4: 23
accepted directly from s0    : 0
Gym endings cumulative       : terminated=3154, truncated=223
Best policy updated at episode 3400: mean learning reward=-1026.337

[Episode 3500/8000 | last 100]
success rate                : 4.0% (cumulative 0.8%)
synthetic task reward       : 400.000
shaping reward              : -1783.937
learning reward             : -1383.937
episode length              : 444.7
abstract changes / episode  : 24.8
DFA transitions / episode   : 0.89
DFA transitions in window   : 1->2: 64, 2->3: 21, 3->4: 4
epsilon (next episode)       : 0.24653
replay buffer                : 300000 samples [1: 59.1%, 2: 31.4%, 3: 9.6%, 4: 0.0%]
DFA state visits in window   : 1: 26587, 2: 13555, 3: 4427, 4: 4
DFA state visits cumulative  : 1: 763172, 2: 162935, 3: 33897, 4: 27
DFA state entries in window  : 1: 100, 2: 64, 3: 21, 4: 4
DFA state entries cumulative : 1: 3500, 2: 647, 3: 140, 4: 27
transitions cumulative       : 1->2: 647, 2->3: 140, 3->4: 27
accepted directly from s0    : 0
Gym endings cumulative       : terminated=3237, truncated=236

[Episode 3600/8000 | last 100]
success rate                : 10.0% (cumulative 1.0%)
synthetic task reward       : 1000.000
shaping reward              : -1858.647
learning reward             : -858.647
episode length              : 414.5
abstract changes / episode  : 25.8
DFA transitions / episode   : 1.00
DFA transitions in window   : 1->2: 65, 2->3: 25, 3->4: 10
epsilon (next episode)       : 0.23686
replay buffer                : 300000 samples [1: 58.3%, 2: 31.5%, 3: 10.1%, 4: 0.0%]
DFA state visits in window   : 1: 23727, 2: 13861, 3: 3956, 4: 10
DFA state visits cumulative  : 1: 786899, 2: 176796, 3: 37853, 4: 37
DFA state entries in window  : 1: 100, 2: 65, 3: 25, 4: 10
DFA state entries cumulative : 1: 3600, 2: 712, 3: 165, 4: 37
transitions cumulative       : 1->2: 712, 2->3: 165, 3->4: 37
accepted directly from s0    : 0
Gym endings cumulative       : terminated=3320, truncated=243
Best policy updated at episode 3600: mean learning reward=-858.647

[Episode 3700/8000 | last 100]
success rate                : 22.0% (cumulative 1.6%)
synthetic task reward       : 2200.000
shaping reward              : -1756.478
learning reward             : 443.522
episode length              : 430.0
abstract changes / episode  : 26.4
DFA transitions / episode   : 1.30
DFA transitions in window   : 1->2: 66, 2->3: 42, 3->4: 22
epsilon (next episode)       : 0.22757
replay buffer                : 300000 samples [1: 58.3%, 2: 31.0%, 3: 10.7%, 4: 0.0%]
DFA state visits in window   : 1: 23975, 2: 12839, 3: 6260, 4: 22
DFA state visits cumulative  : 1: 810874, 2: 189635, 3: 44113, 4: 59
DFA state entries in window  : 1: 100, 2: 66, 3: 42, 4: 22
DFA state entries cumulative : 1: 3700, 2: 778, 3: 207, 4: 59
transitions cumulative       : 1->2: 778, 2->3: 207, 3->4: 59
accepted directly from s0    : 0
Gym endings cumulative       : terminated=3391, truncated=250
Best policy updated at episode 3700: mean learning reward=443.522

[Episode 3800/8000 | last 100]
success rate                : 18.0% (cumulative 2.0%)
synthetic task reward       : 1800.000
shaping reward              : -1909.581
learning reward             : -109.581
episode length              : 374.5
abstract changes / episode  : 27.6
DFA transitions / episode   : 1.22
DFA transitions in window   : 1->2: 66, 2->3: 38, 3->4: 18
epsilon (next episode)       : 0.21865
replay buffer                : 300000 samples [1: 56.8%, 2: 32.2%, 3: 11.0%, 4: 0.0%]
DFA state visits in window   : 1: 18987, 2: 13613, 3: 4932, 4: 18
DFA state visits cumulative  : 1: 829861, 2: 203248, 3: 49045, 4: 77
DFA state entries in window  : 1: 100, 2: 66, 3: 38, 4: 18
DFA state entries cumulative : 1: 3800, 2: 844, 3: 245, 4: 77
transitions cumulative       : 1->2: 844, 2->3: 245, 3->4: 77
accepted directly from s0    : 0
Gym endings cumulative       : terminated=3471, truncated=252

[Episode 3900/8000 | last 100]
success rate                : 47.0% (cumulative 3.2%)
synthetic task reward       : 4700.000
shaping reward              : -1778.734
learning reward             : 2921.266
episode length              : 464.9
abstract changes / episode  : 30.4
DFA transitions / episode   : 1.97
DFA transitions in window   : 1->2: 84, 2->3: 66, 3->4: 47
epsilon (next episode)       : 0.21007
replay buffer                : 300000 samples [1: 53.9%, 2: 34.8%, 3: 11.3%, 4: 0.0%]
DFA state visits in window   : 1: 18757, 2: 21131, 3: 6660, 4: 47
DFA state visits cumulative  : 1: 848618, 2: 224379, 3: 55705, 4: 124
DFA state entries in window  : 1: 100, 2: 84, 3: 66, 4: 47
DFA state entries cumulative : 1: 3900, 2: 928, 3: 311, 4: 124
transitions cumulative       : 1->2: 928, 2->3: 311, 3->4: 124
accepted directly from s0    : 0
Gym endings cumulative       : terminated=3518, truncated=258
Best policy updated at episode 3900: mean learning reward=2921.266

[Episode 4000/8000 | last 100]
success rate                : 43.0% (cumulative 4.2%)
synthetic task reward       : 4300.000
shaping reward              : -1959.592
learning reward             : 2340.408
episode length              : 450.2
abstract changes / episode  : 31.6
DFA transitions / episode   : 1.93
DFA transitions in window   : 1->2: 89, 2->3: 61, 3->4: 43
epsilon (next episode)       : 0.20183
replay buffer                : 300000 samples [1: 50.4%, 2: 37.4%, 3: 12.2%, 4: 0.0%]
DFA state visits in window   : 1: 17569, 2: 19774, 3: 7738, 4: 43
DFA state visits cumulative  : 1: 866187, 2: 244153, 3: 63443, 4: 167
DFA state entries in window  : 1: 100, 2: 89, 3: 61, 4: 43
DFA state entries cumulative : 1: 4000, 2: 1017, 3: 372, 4: 167
transitions cumulative       : 1->2: 1017, 2->3: 372, 3->4: 167
accepted directly from s0    : 0
Gym endings cumulative       : terminated=3572, truncated=261

[Episode 4100/8000 | last 100]
success rate                : 43.0% (cumulative 5.1%)
synthetic task reward       : 4300.000
shaping reward              : -1803.096
learning reward             : 2496.904
episode length              : 393.5
abstract changes / episode  : 30.0
DFA transitions / episode   : 1.97
DFA transitions in window   : 1->2: 88, 2->3: 66, 3->4: 43
epsilon (next episode)       : 0.19392
replay buffer                : 300000 samples [1: 49.1%, 2: 37.2%, 3: 13.7%, 4: 0.0%]
DFA state visits in window   : 1: 16800, 2: 15669, 3: 6941, 4: 43
DFA state visits cumulative  : 1: 882987, 2: 259822, 3: 70384, 4: 210
DFA state entries in window  : 1: 100, 2: 88, 3: 66, 4: 43
DFA state entries cumulative : 1: 4100, 2: 1105, 3: 438, 4: 210
transitions cumulative       : 1->2: 1105, 2->3: 438, 3->4: 210
accepted directly from s0    : 0
Gym endings cumulative       : terminated=3627, truncated=263

[Episode 4200/8000 | last 100]
success rate                : 44.0% (cumulative 6.0%)
synthetic task reward       : 4400.000
shaping reward              : -1631.309
learning reward             : 2768.691
episode length              : 378.0
abstract changes / episode  : 28.3
DFA transitions / episode   : 1.95
DFA transitions in window   : 1->2: 87, 2->3: 64, 3->4: 44
epsilon (next episode)       : 0.18631
replay buffer                : 300000 samples [1: 48.1%, 2: 38.0%, 3: 13.9%, 4: 0.0%]
DFA state visits in window   : 1: 17980, 2: 14897, 3: 4980, 4: 44
DFA state visits cumulative  : 1: 900967, 2: 274719, 3: 75364, 4: 254
DFA state entries in window  : 1: 100, 2: 87, 3: 64, 4: 44
DFA state entries cumulative : 1: 4200, 2: 1192, 3: 502, 4: 254
transitions cumulative       : 1->2: 1192, 2->3: 502, 3->4: 254
accepted directly from s0    : 0
Gym endings cumulative       : terminated=3682, truncated=264

[Episode 4300/8000 | last 100]
success rate                : 47.0% (cumulative 7.0%)
synthetic task reward       : 4700.000
shaping reward              : -1836.905
learning reward             : 2863.095
episode length              : 416.6
abstract changes / episode  : 30.4
DFA transitions / episode   : 1.93
DFA transitions in window   : 1->2: 84, 2->3: 62, 3->4: 47
epsilon (next episode)       : 0.17900
replay buffer                : 300000 samples [1: 45.8%, 2: 40.0%, 3: 14.2%, 4: 0.0%]
DFA state visits in window   : 1: 18409, 2: 19024, 3: 4281, 4: 47
DFA state visits cumulative  : 1: 919376, 2: 293743, 3: 79645, 4: 301
DFA state entries in window  : 1: 100, 2: 84, 3: 62, 4: 47
DFA state entries cumulative : 1: 4300, 2: 1276, 3: 564, 4: 301
transitions cumulative       : 1->2: 1276, 2->3: 564, 3->4: 301
accepted directly from s0    : 0
Gym endings cumulative       : terminated=3728, truncated=271

[Episode 4400/8000 | last 100]
success rate                : 46.0% (cumulative 7.9%)
synthetic task reward       : 4600.000
shaping reward              : -1524.480
learning reward             : 3075.520
episode length              : 379.1
abstract changes / episode  : 27.2
DFA transitions / episode   : 1.87
DFA transitions in window   : 1->2: 80, 2->3: 61, 3->4: 46
epsilon (next episode)       : 0.17198
replay buffer                : 300000 samples [1: 45.7%, 2: 41.0%, 3: 13.3%, 4: 0.0%]
DFA state visits in window   : 1: 19347, 2: 14926, 3: 3690, 4: 46
DFA state visits cumulative  : 1: 938723, 2: 308669, 3: 83335, 4: 347
DFA state entries in window  : 1: 100, 2: 80, 3: 61, 4: 46
DFA state entries cumulative : 1: 4400, 2: 1356, 3: 625, 4: 347
transitions cumulative       : 1->2: 1356, 2->3: 625, 3->4: 347
accepted directly from s0    : 0
Gym endings cumulative       : terminated=3780, truncated=273
Best policy updated at episode 4400: mean learning reward=3075.520

[Episode 4500/8000 | last 100]
success rate                : 57.0% (cumulative 9.0%)
synthetic task reward       : 5700.000
shaping reward              : -1317.789
learning reward             : 4382.211
episode length              : 339.0
abstract changes / episode  : 26.3
DFA transitions / episode   : 2.04
DFA transitions in window   : 1->2: 82, 2->3: 65, 3->4: 57
epsilon (next episode)       : 0.16524
replay buffer                : 300000 samples [1: 44.8%, 2: 41.9%, 3: 13.3%, 4: 0.0%]
DFA state visits in window   : 1: 17118, 2: 13358, 3: 3470, 4: 57
DFA state visits cumulative  : 1: 955841, 2: 322027, 3: 86805, 4: 404
DFA state entries in window  : 1: 100, 2: 82, 3: 65, 4: 57
DFA state entries cumulative : 1: 4500, 2: 1438, 3: 690, 4: 404
transitions cumulative       : 1->2: 1438, 2->3: 690, 3->4: 404
accepted directly from s0    : 0
Gym endings cumulative       : terminated=3822, truncated=274
Best policy updated at episode 4500: mean learning reward=4382.211

[Episode 4600/8000 | last 100]
success rate                : 51.0% (cumulative 9.9%)
synthetic task reward       : 5100.000
shaping reward              : -1051.148
learning reward             : 4048.852
episode length              : 309.7
abstract changes / episode  : 22.5
DFA transitions / episode   : 1.91
DFA transitions in window   : 1->2: 83, 2->3: 57, 3->4: 51
epsilon (next episode)       : 0.15876
replay buffer                : 300000 samples [1: 45.7%, 2: 41.4%, 3: 12.9%, 4: 0.0%]
DFA state visits in window   : 1: 17387, 2: 10778, 3: 2857, 4: 51
DFA state visits cumulative  : 1: 973228, 2: 332805, 3: 89662, 4: 455
DFA state entries in window  : 1: 100, 2: 83, 3: 57, 4: 51
DFA state entries cumulative : 1: 4600, 2: 1521, 3: 747, 4: 455
transitions cumulative       : 1->2: 1521, 2->3: 747, 3->4: 455
accepted directly from s0    : 0
Gym endings cumulative       : terminated=3870, truncated=275

[Episode 4700/8000 | last 100]
success rate                : 71.0% (cumulative 11.2%)
synthetic task reward       : 7100.000
shaping reward              : -865.210
learning reward             : 6234.790
episode length              : 305.6
abstract changes / episode  : 22.9
DFA transitions / episode   : 2.38
DFA transitions in window   : 1->2: 89, 2->3: 78, 3->4: 71
epsilon (next episode)       : 0.15253
replay buffer                : 300000 samples [1: 47.6%, 2: 39.7%, 3: 12.7%, 4: 0.0%]
DFA state visits in window   : 1: 17189, 2: 9628, 3: 3770, 4: 71
DFA state visits cumulative  : 1: 990417, 2: 342433, 3: 93432, 4: 526
DFA state entries in window  : 1: 100, 2: 89, 3: 78, 4: 71
DFA state entries cumulative : 1: 4700, 2: 1610, 3: 825, 4: 526
transitions cumulative       : 1->2: 1610, 2->3: 825, 3->4: 526
accepted directly from s0    : 0
Gym endings cumulative       : terminated=3898, truncated=276
Best policy updated at episode 4700: mean learning reward=6234.790

[Episode 4800/8000 | last 100]
success rate                : 74.0% (cumulative 12.5%)
synthetic task reward       : 7400.000
shaping reward              : -660.753
learning reward             : 6739.247
episode length              : 290.1
abstract changes / episode  : 21.0
DFA transitions / episode   : 2.42
DFA transitions in window   : 1->2: 88, 2->3: 80, 3->4: 74
epsilon (next episode)       : 0.14655
replay buffer                : 300000 samples [1: 49.2%, 2: 38.3%, 3: 12.6%, 4: 0.0%]
DFA state visits in window   : 1: 15766, 2: 9197, 3: 4069, 4: 74
DFA state visits cumulative  : 1: 1006183, 2: 351630, 3: 97501, 4: 600
DFA state entries in window  : 1: 100, 2: 88, 3: 80, 4: 74
DFA state entries cumulative : 1: 4800, 2: 1698, 3: 905, 4: 600
transitions cumulative       : 1->2: 1698, 2->3: 905, 3->4: 600
accepted directly from s0    : 0
Gym endings cumulative       : terminated=3923, truncated=277
Best policy updated at episode 4800: mean learning reward=6739.247

[Episode 4900/8000 | last 100]
success rate                : 70.0% (cumulative 13.7%)
synthetic task reward       : 7000.000
shaping reward              : -936.111
learning reward             : 6063.889
episode length              : 334.5
abstract changes / episode  : 23.6
DFA transitions / episode   : 2.43
DFA transitions in window   : 1->2: 89, 2->3: 84, 3->4: 70
epsilon (next episode)       : 0.14080
replay buffer                : 300000 samples [1: 50.7%, 2: 36.7%, 3: 12.6%, 4: 0.0%]
DFA state visits in window   : 1: 18149, 2: 9398, 3: 5931, 4: 70
DFA state visits cumulative  : 1: 1024332, 2: 361028, 3: 103432, 4: 670
DFA state entries in window  : 1: 100, 2: 89, 3: 84, 4: 70
DFA state entries cumulative : 1: 4900, 2: 1787, 3: 989, 4: 670
transitions cumulative       : 1->2: 1787, 2->3: 989, 3->4: 670
accepted directly from s0    : 0
Gym endings cumulative       : terminated=3951, truncated=279

[Episode 5000/8000 | last 100]
success rate                : 69.0% (cumulative 14.8%)
synthetic task reward       : 6900.000
shaping reward              : -1118.597
learning reward             : 5781.403
episode length              : 331.8
abstract changes / episode  : 24.4
DFA transitions / episode   : 2.22
DFA transitions in window   : 1->2: 78, 2->3: 75, 3->4: 69
epsilon (next episode)       : 0.13528
replay buffer                : 300000 samples [1: 52.4%, 2: 35.7%, 3: 11.9%, 4: 0.0%]
DFA state visits in window   : 1: 20140, 2: 9198, 3: 3872, 4: 69
DFA state visits cumulative  : 1: 1044472, 2: 370226, 3: 107304, 4: 739
DFA state entries in window  : 1: 100, 2: 78, 3: 75, 4: 69
DFA state entries cumulative : 1: 5000, 2: 1865, 3: 1064, 4: 739
transitions cumulative       : 1->2: 1865, 2->3: 1064, 3->4: 739
accepted directly from s0    : 0
Gym endings cumulative       : terminated=3982, truncated=279

[Episode 5100/8000 | last 100]
success rate                : 74.0% (cumulative 15.9%)
synthetic task reward       : 7400.000
shaping reward              : -927.204
learning reward             : 6472.796
episode length              : 320.5
abstract changes / episode  : 24.3
DFA transitions / episode   : 2.52
DFA transitions in window   : 1->2: 94, 2->3: 84, 3->4: 74
epsilon (next episode)       : 0.12998
replay buffer                : 300000 samples [1: 52.9%, 2: 35.3%, 3: 11.8%, 4: 0.0%]
DFA state visits in window   : 1: 16819, 2: 11402, 3: 3853, 4: 74
DFA state visits cumulative  : 1: 1061291, 2: 381628, 3: 111157, 4: 813
DFA state entries in window  : 1: 100, 2: 94, 3: 84, 4: 74
DFA state entries cumulative : 1: 5100, 2: 1959, 3: 1148, 4: 813
transitions cumulative       : 1->2: 1959, 2->3: 1148, 3->4: 813
accepted directly from s0    : 0
Gym endings cumulative       : terminated=4006, truncated=281

[Episode 5200/8000 | last 100]
success rate                : 62.0% (cumulative 16.8%)
synthetic task reward       : 6200.000
shaping reward              : -1074.627
learning reward             : 5125.373
episode length              : 318.4
abstract changes / episode  : 24.6
DFA transitions / episode   : 2.31
DFA transitions in window   : 1->2: 92, 2->3: 77, 3->4: 62
epsilon (next episode)       : 0.12488
replay buffer                : 300000 samples [1: 53.7%, 2: 34.2%, 3: 12.2%, 4: 0.0%]
DFA state visits in window   : 1: 15733, 2: 11835, 3: 4305, 4: 62
DFA state visits cumulative  : 1: 1077024, 2: 393463, 3: 115462, 4: 875
DFA state entries in window  : 1: 100, 2: 92, 3: 77, 4: 62
DFA state entries cumulative : 1: 5200, 2: 2051, 3: 1225, 4: 875
transitions cumulative       : 1->2: 2051, 2->3: 1225, 3->4: 875
accepted directly from s0    : 0
Gym endings cumulative       : terminated=4044, truncated=281

[Episode 5300/8000 | last 100]
success rate                : 80.0% (cumulative 18.0%)
synthetic task reward       : 8000.000
shaping reward              : -730.612
learning reward             : 7269.388
episode length              : 303.3
abstract changes / episode  : 22.9
DFA transitions / episode   : 2.62
DFA transitions in window   : 1->2: 97, 2->3: 85, 3->4: 80
epsilon (next episode)       : 0.11998
replay buffer                : 300000 samples [1: 54.2%, 2: 33.5%, 3: 12.3%, 4: 0.0%]
DFA state visits in window   : 1: 17086, 2: 9652, 3: 3610, 4: 80
DFA state visits cumulative  : 1: 1094110, 2: 403115, 3: 119072, 4: 955
DFA state entries in window  : 1: 100, 2: 97, 3: 85, 4: 80
DFA state entries cumulative : 1: 5300, 2: 2148, 3: 1310, 4: 955
transitions cumulative       : 1->2: 2148, 2->3: 1310, 3->4: 955
accepted directly from s0    : 0
Gym endings cumulative       : terminated=4064, truncated=281
Best policy updated at episode 5300: mean learning reward=7269.388

[Episode 5400/8000 | last 100]
success rate                : 75.0% (cumulative 19.1%)
synthetic task reward       : 7500.000
shaping reward              : -1038.675
learning reward             : 6461.325
episode length              : 335.2
abstract changes / episode  : 25.3
DFA transitions / episode   : 2.53
DFA transitions in window   : 1->2: 95, 2->3: 83, 3->4: 75
epsilon (next episode)       : 0.11528
replay buffer                : 300000 samples [1: 54.5%, 2: 33.3%, 3: 12.2%, 4: 0.0%]
DFA state visits in window   : 1: 17414, 2: 13088, 3: 3042, 4: 75
DFA state visits cumulative  : 1: 1111524, 2: 416203, 3: 122114, 4: 1030
DFA state entries in window  : 1: 100, 2: 95, 3: 83, 4: 75
DFA state entries cumulative : 1: 5400, 2: 2243, 3: 1393, 4: 1030
transitions cumulative       : 1->2: 2243, 2->3: 1393, 3->4: 1030
accepted directly from s0    : 0
Gym endings cumulative       : terminated=4085, truncated=285

[Episode 5500/8000 | last 100]
success rate                : 75.0% (cumulative 20.1%)
synthetic task reward       : 7500.000
shaping reward              : -835.467
learning reward             : 6664.533
episode length              : 293.0
abstract changes / episode  : 23.3
DFA transitions / episode   : 2.53
DFA transitions in window   : 1->2: 91, 2->3: 87, 3->4: 75
epsilon (next episode)       : 0.11075
replay buffer                : 300000 samples [1: 55.0%, 2: 32.5%, 3: 12.4%, 4: 0.0%]
DFA state visits in window   : 1: 17444, 2: 8628, 3: 3257, 4: 75
DFA state visits cumulative  : 1: 1128968, 2: 424831, 3: 125371, 4: 1105
DFA state entries in window  : 1: 100, 2: 91, 3: 87, 4: 75
DFA state entries cumulative : 1: 5500, 2: 2334, 3: 1480, 4: 1105
transitions cumulative       : 1->2: 2334, 2->3: 1480, 3->4: 1105
accepted directly from s0    : 0
Gym endings cumulative       : terminated=4110, truncated=285

[Episode 5600/8000 | last 100]
success rate                : 70.0% (cumulative 21.0%)
synthetic task reward       : 7000.000
shaping reward              : -844.277
learning reward             : 6155.723
episode length              : 290.6
abstract changes / episode  : 22.3
DFA transitions / episode   : 2.30
DFA transitions in window   : 1->2: 83, 2->3: 77, 3->4: 70
epsilon (next episode)       : 0.10641
replay buffer                : 300000 samples [1: 55.7%, 2: 31.8%, 3: 12.5%, 4: 0.0%]
DFA state visits in window   : 1: 19130, 2: 7039, 3: 2916, 4: 70
DFA state visits cumulative  : 1: 1148098, 2: 431870, 3: 128287, 4: 1175
DFA state entries in window  : 1: 100, 2: 83, 3: 77, 4: 70
DFA state entries cumulative : 1: 5600, 2: 2417, 3: 1557, 4: 1175
transitions cumulative       : 1->2: 2417, 2->3: 1557, 3->4: 1175
accepted directly from s0    : 0
Gym endings cumulative       : terminated=4140, truncated=285

[Episode 5700/8000 | last 100]
success rate                : 82.0% (cumulative 22.1%)
synthetic task reward       : 8200.000
shaping reward              : -695.694
learning reward             : 7504.306
episode length              : 290.8
abstract changes / episode  : 22.5
DFA transitions / episode   : 2.57
DFA transitions in window   : 1->2: 88, 2->3: 87, 3->4: 82
epsilon (next episode)       : 0.10224
replay buffer                : 300000 samples [1: 56.7%, 2: 31.2%, 3: 12.1%, 4: 0.0%]
DFA state visits in window   : 1: 18709, 2: 7220, 3: 3168, 4: 82
DFA state visits cumulative  : 1: 1166807, 2: 439090, 3: 131455, 4: 1257
DFA state entries in window  : 1: 100, 2: 88, 3: 87, 4: 82
DFA state entries cumulative : 1: 5700, 2: 2505, 3: 1644, 4: 1257
transitions cumulative       : 1->2: 2505, 2->3: 1644, 3->4: 1257
accepted directly from s0    : 0
Gym endings cumulative       : terminated=4158, truncated=285
Best policy updated at episode 5700: mean learning reward=7504.306

[Episode 5800/8000 | last 100]
success rate                : 76.0% (cumulative 23.0%)
synthetic task reward       : 7600.000
shaping reward              : -1020.289
learning reward             : 6579.711
episode length              : 309.2
abstract changes / episode  : 24.1
DFA transitions / episode   : 2.40
DFA transitions in window   : 1->2: 83, 2->3: 81, 3->4: 76
epsilon (next episode)       : 0.09823
replay buffer                : 300000 samples [1: 57.2%, 2: 30.9%, 3: 11.9%, 4: 0.0%]
DFA state visits in window   : 1: 18609, 2: 9006, 3: 3327, 4: 76
DFA state visits cumulative  : 1: 1185416, 2: 448096, 3: 134782, 4: 1333
DFA state entries in window  : 1: 100, 2: 83, 3: 81, 4: 76
DFA state entries cumulative : 1: 5800, 2: 2588, 3: 1725, 4: 1333
transitions cumulative       : 1->2: 2588, 2->3: 1725, 3->4: 1333
accepted directly from s0    : 0
Gym endings cumulative       : terminated=4181, truncated=286

[Episode 5900/8000 | last 100]
success rate                : 77.0% (cumulative 23.9%)
synthetic task reward       : 7700.000
shaping reward              : -860.235
learning reward             : 6839.765
episode length              : 307.7
abstract changes / episode  : 22.6
DFA transitions / episode   : 2.39
DFA transitions in window   : 1->2: 84, 2->3: 78, 3->4: 77
epsilon (next episode)       : 0.09438
replay buffer                : 300000 samples [1: 58.6%, 2: 30.6%, 3: 10.9%, 4: 0.0%]
DFA state visits in window   : 1: 20456, 2: 7801, 3: 2532, 4: 77
DFA state visits cumulative  : 1: 1205872, 2: 455897, 3: 137314, 4: 1410
DFA state entries in window  : 1: 100, 2: 84, 3: 78, 4: 77
DFA state entries cumulative : 1: 5900, 2: 2672, 3: 1803, 4: 1410
transitions cumulative       : 1->2: 2672, 2->3: 1803, 3->4: 1410
accepted directly from s0    : 0
Gym endings cumulative       : terminated=4202, truncated=288

[Episode 6000/8000 | last 100]
success rate                : 73.0% (cumulative 24.7%)
synthetic task reward       : 7300.000
shaping reward              : -828.621
learning reward             : 6471.379
episode length              : 283.2
abstract changes / episode  : 21.6
DFA transitions / episode   : 2.28
DFA transitions in window   : 1->2: 80, 2->3: 75, 3->4: 73
epsilon (next episode)       : 0.09067
replay buffer                : 300000 samples [1: 58.9%, 2: 30.5%, 3: 10.6%, 4: 0.0%]
DFA state visits in window   : 1: 18286, 2: 7640, 3: 2424, 4: 73
DFA state visits cumulative  : 1: 1224158, 2: 463537, 3: 139738, 4: 1483
DFA state entries in window  : 1: 100, 2: 80, 3: 75, 4: 73
DFA state entries cumulative : 1: 6000, 2: 2752, 3: 1878, 4: 1483
transitions cumulative       : 1->2: 2752, 2->3: 1878, 3->4: 1483
accepted directly from s0    : 0
Gym endings cumulative       : terminated=4229, truncated=288

[Episode 6100/8000 | last 100]
success rate                : 61.0% (cumulative 25.3%)
synthetic task reward       : 6100.000
shaping reward              : -1194.482
learning reward             : 4905.518
episode length              : 332.2
abstract changes / episode  : 23.9
DFA transitions / episode   : 1.97
DFA transitions in window   : 1->2: 72, 2->3: 64, 3->4: 61
epsilon (next episode)       : 0.08712
replay buffer                : 300000 samples [1: 60.9%, 2: 29.3%, 3: 9.8%, 4: 0.0%]
DFA state visits in window   : 1: 22689, 2: 8450, 3: 2121, 4: 61
DFA state visits cumulative  : 1: 1246847, 2: 471987, 3: 141859, 4: 1544
DFA state entries in window  : 1: 100, 2: 72, 3: 64, 4: 61
DFA state entries cumulative : 1: 6100, 2: 2824, 3: 1942, 4: 1544
transitions cumulative       : 1->2: 2824, 2->3: 1942, 3->4: 1544
accepted directly from s0    : 0
Gym endings cumulative       : terminated=4267, truncated=289

[Episode 6200/8000 | last 100]
success rate                : 62.0% (cumulative 25.9%)
synthetic task reward       : 6200.000
shaping reward              : -1046.864
learning reward             : 5153.136
episode length              : 308.9
abstract changes / episode  : 22.0
DFA transitions / episode   : 2.05
DFA transitions in window   : 1->2: 75, 2->3: 68, 3->4: 62
epsilon (next episode)       : 0.08370
replay buffer                : 300000 samples [1: 62.1%, 2: 28.2%, 3: 9.7%, 4: 0.0%]
DFA state visits in window   : 1: 19979, 2: 7706, 3: 3238, 4: 62
DFA state visits cumulative  : 1: 1266826, 2: 479693, 3: 145097, 4: 1606
DFA state entries in window  : 1: 100, 2: 75, 3: 68, 4: 62
DFA state entries cumulative : 1: 6200, 2: 2899, 3: 2010, 4: 1606
transitions cumulative       : 1->2: 2899, 2->3: 2010, 3->4: 1606
accepted directly from s0    : 0
Gym endings cumulative       : terminated=4304, truncated=290

[Episode 6300/8000 | last 100]
success rate                : 56.0% (cumulative 26.4%)
synthetic task reward       : 5600.000
shaping reward              : -1026.538
learning reward             : 4573.462
episode length              : 297.6
abstract changes / episode  : 20.9
DFA transitions / episode   : 1.84
DFA transitions in window   : 1->2: 66, 2->3: 62, 3->4: 56
epsilon (next episode)       : 0.08042
replay buffer                : 300000 samples [1: 62.8%, 2: 27.8%, 3: 9.4%, 4: 0.0%]
DFA state visits in window   : 1: 18714, 2: 8334, 3: 2759, 4: 56
DFA state visits cumulative  : 1: 1285540, 2: 488027, 3: 147856, 4: 1662
DFA state entries in window  : 1: 100, 2: 66, 3: 62, 4: 56
DFA state entries cumulative : 1: 6300, 2: 2965, 3: 2072, 4: 1662
transitions cumulative       : 1->2: 2965, 2->3: 2072, 3->4: 1662
accepted directly from s0    : 0
Gym endings cumulative       : terminated=4348, truncated=290

[Episode 6400/8000 | last 100]
success rate                : 33.0% (cumulative 26.5%)
synthetic task reward       : 3300.000
shaping reward              : -1800.947
learning reward             : 1499.053
episode length              : 370.7
abstract changes / episode  : 26.9
DFA transitions / episode   : 1.35
DFA transitions in window   : 1->2: 61, 2->3: 41, 3->4: 33
epsilon (next episode)       : 0.07727
replay buffer                : 300000 samples [1: 62.3%, 2: 29.0%, 3: 8.7%, 4: 0.0%]
DFA state visits in window   : 1: 17632, 2: 17993, 3: 1509, 4: 33
DFA state visits cumulative  : 1: 1303172, 2: 506020, 3: 149365, 4: 1695
DFA state entries in window  : 1: 100, 2: 61, 3: 41, 4: 33
DFA state entries cumulative : 1: 6400, 2: 3026, 3: 2113, 4: 1695
transitions cumulative       : 1->2: 3026, 2->3: 2113, 3->4: 1695
accepted directly from s0    : 0
Gym endings cumulative       : terminated=4409, truncated=296

[Episode 6500/8000 | last 100]
success rate                : 38.0% (cumulative 26.7%)
synthetic task reward       : 3800.000
shaping reward              : -1355.636
learning reward             : 2444.364
episode length              : 218.9
abstract changes / episode  : 20.1
DFA transitions / episode   : 1.27
DFA transitions in window   : 1->2: 46, 2->3: 43, 3->4: 38
epsilon (next episode)       : 0.07423
replay buffer                : 300000 samples [1: 61.9%, 2: 29.5%, 3: 8.6%, 4: 0.0%]
DFA state visits in window   : 1: 12249, 2: 7771, 3: 1928, 4: 38
DFA state visits cumulative  : 1: 1315421, 2: 513791, 3: 151293, 4: 1733
DFA state entries in window  : 1: 100, 2: 46, 3: 43, 4: 38
DFA state entries cumulative : 1: 6500, 2: 3072, 3: 2156, 4: 1733
transitions cumulative       : 1->2: 3072, 2->3: 2156, 3->4: 1733
accepted directly from s0    : 0
Gym endings cumulative       : terminated=4471, truncated=296

[Episode 6600/8000 | last 100]
success rate                : 68.0% (cumulative 27.3%)
synthetic task reward       : 6800.000
shaping reward              : -520.000
learning reward             : 6280.000
episode length              : 259.0
abstract changes / episode  : 18.6
DFA transitions / episode   : 2.27
DFA transitions in window   : 1->2: 86, 2->3: 73, 3->4: 68
epsilon (next episode)       : 0.07132
replay buffer                : 300000 samples [1: 61.4%, 2: 29.9%, 3: 8.7%, 4: 0.0%]
DFA state visits in window   : 1: 15813, 2: 7211, 3: 2912, 4: 68
DFA state visits cumulative  : 1: 1331234, 2: 521002, 3: 154205, 4: 1801
DFA state entries in window  : 1: 100, 2: 86, 3: 73, 4: 68
DFA state entries cumulative : 1: 6600, 2: 3158, 3: 2229, 4: 1801
transitions cumulative       : 1->2: 3158, 2->3: 2229, 3->4: 1801
accepted directly from s0    : 0
Gym endings cumulative       : terminated=4503, truncated=296

[Episode 6700/8000 | last 100]
success rate                : 73.0% (cumulative 28.0%)
synthetic task reward       : 7300.000
shaping reward              : -659.998
learning reward             : 6640.002
episode length              : 273.3
abstract changes / episode  : 20.0
DFA transitions / episode   : 2.34
DFA transitions in window   : 1->2: 83, 2->3: 78, 3->4: 73
epsilon (next episode)       : 0.06853
replay buffer                : 300000 samples [1: 61.3%, 2: 29.8%, 3: 8.9%, 4: 0.0%]
DFA state visits in window   : 1: 17552, 2: 6430, 3: 3377, 4: 73
DFA state visits cumulative  : 1: 1348786, 2: 527432, 3: 157582, 4: 1874
DFA state entries in window  : 1: 100, 2: 83, 3: 78, 4: 73
DFA state entries cumulative : 1: 6700, 2: 3241, 3: 2307, 4: 1874
transitions cumulative       : 1->2: 3241, 2->3: 2307, 3->4: 1874
accepted directly from s0    : 0
Gym endings cumulative       : terminated=4530, truncated=296

[Episode 6800/8000 | last 100]
success rate                : 55.0% (cumulative 28.4%)
synthetic task reward       : 5500.000
shaping reward              : -1064.346
learning reward             : 4435.654
episode length              : 327.1
abstract changes / episode  : 22.3
DFA transitions / episode   : 1.93
DFA transitions in window   : 1->2: 73, 2->3: 65, 3->4: 55
epsilon (next episode)       : 0.06584
replay buffer                : 300000 samples [1: 61.8%, 2: 29.2%, 3: 9.0%, 4: 0.0%]
DFA state visits in window   : 1: 21106, 2: 7733, 3: 3916, 4: 55
DFA state visits cumulative  : 1: 1369892, 2: 535165, 3: 161498, 4: 1929
DFA state entries in window  : 1: 100, 2: 73, 3: 65, 4: 55
DFA state entries cumulative : 1: 6800, 2: 3314, 3: 2372, 4: 1929
transitions cumulative       : 1->2: 3314, 2->3: 2372, 3->4: 1929
accepted directly from s0    : 0
Gym endings cumulative       : terminated=4571, truncated=300

[Episode 6900/8000 | last 100]
success rate                : 48.0% (cumulative 28.7%)
synthetic task reward       : 4800.000
shaping reward              : -1221.694
learning reward             : 3578.306
episode length              : 342.0
abstract changes / episode  : 22.6
DFA transitions / episode   : 1.63
DFA transitions in window   : 1->2: 61, 2->3: 54, 3->4: 48
epsilon (next episode)       : 0.06326
replay buffer                : 300000 samples [1: 62.5%, 2: 28.1%, 3: 9.4%, 4: 0.0%]
DFA state visits in window   : 1: 24625, 2: 5532, 3: 4099, 4: 48
DFA state visits cumulative  : 1: 1394517, 2: 540697, 3: 165597, 4: 1977
DFA state entries in window  : 1: 100, 2: 61, 3: 54, 4: 48
DFA state entries cumulative : 1: 6900, 2: 3375, 3: 2426, 4: 1977
transitions cumulative       : 1->2: 3375, 2->3: 2426, 3->4: 1977
accepted directly from s0    : 0
Gym endings cumulative       : terminated=4618, truncated=305

[Episode 7000/8000 | last 100]
success rate                : 71.0% (cumulative 29.3%)
synthetic task reward       : 7100.000
shaping reward              : -854.394
learning reward             : 6245.606
episode length              : 308.0
abstract changes / episode  : 20.6
DFA transitions / episode   : 2.20
DFA transitions in window   : 1->2: 75, 2->3: 74, 3->4: 71
epsilon (next episode)       : 0.06078
replay buffer                : 300000 samples [1: 62.2%, 2: 27.9%, 3: 9.8%, 4: 0.0%]
DFA state visits in window   : 1: 18634, 2: 8233, 3: 3963, 4: 71
DFA state visits cumulative  : 1: 1413151, 2: 548930, 3: 169560, 4: 2048
DFA state entries in window  : 1: 100, 2: 75, 3: 74, 4: 71
DFA state entries cumulative : 1: 7000, 2: 3450, 3: 2500, 4: 2048
transitions cumulative       : 1->2: 3450, 2->3: 2500, 3->4: 2048
accepted directly from s0    : 0
Gym endings cumulative       : terminated=4645, truncated=307

[Episode 7100/8000 | last 100]
success rate                : 65.0% (cumulative 29.8%)
synthetic task reward       : 6500.000
shaping reward              : -786.827
learning reward             : 5713.173
episode length              : 277.9
abstract changes / episode  : 19.2
DFA transitions / episode   : 2.05
DFA transitions in window   : 1->2: 73, 2->3: 67, 3->4: 65
epsilon (next episode)       : 0.05839
replay buffer                : 300000 samples [1: 61.8%, 2: 28.2%, 3: 10.0%, 4: 0.0%]
DFA state visits in window   : 1: 18343, 2: 7283, 3: 2201, 4: 65
DFA state visits cumulative  : 1: 1431494, 2: 556213, 3: 171761, 4: 2113
DFA state entries in window  : 1: 100, 2: 73, 3: 67, 4: 65
DFA state entries cumulative : 1: 7100, 2: 3523, 3: 2567, 4: 2113
transitions cumulative       : 1->2: 3523, 2->3: 2567, 3->4: 2113
accepted directly from s0    : 0
Gym endings cumulative       : terminated=4680, truncated=307

[Episode 7200/8000 | last 100]
success rate                : 70.0% (cumulative 30.3%)
synthetic task reward       : 7000.000
shaping reward              : -802.415
learning reward             : 6197.585
episode length              : 278.3
abstract changes / episode  : 20.6
DFA transitions / episode   : 2.15
DFA transitions in window   : 1->2: 74, 2->3: 71, 3->4: 70
epsilon (next episode)       : 0.05610
replay buffer                : 300000 samples [1: 61.8%, 2: 28.0%, 3: 10.2%, 4: 0.0%]
DFA state visits in window   : 1: 18630, 2: 6091, 3: 3137, 4: 70
DFA state visits cumulative  : 1: 1450124, 2: 562304, 3: 174898, 4: 2183
DFA state entries in window  : 1: 100, 2: 74, 3: 71, 4: 70
DFA state entries cumulative : 1: 7200, 2: 3597, 3: 2638, 4: 2183
transitions cumulative       : 1->2: 3597, 2->3: 2638, 3->4: 2183
accepted directly from s0    : 0
Gym endings cumulative       : terminated=4710, truncated=307

[Episode 7300/8000 | last 100]
success rate                : 76.0% (cumulative 30.9%)
synthetic task reward       : 7600.000
shaping reward              : -884.397
learning reward             : 6715.603
episode length              : 294.9
abstract changes / episode  : 22.8
DFA transitions / episode   : 2.39
DFA transitions in window   : 1->2: 86, 2->3: 77, 3->4: 76
epsilon (next episode)       : 0.05390
replay buffer                : 300000 samples [1: 62.6%, 2: 27.4%, 3: 10.0%, 4: 0.0%]
DFA state visits in window   : 1: 20537, 2: 6391, 3: 2589, 4: 76
DFA state visits cumulative  : 1: 1470661, 2: 568695, 3: 177487, 4: 2259
DFA state entries in window  : 1: 100, 2: 86, 3: 77, 4: 76
DFA state entries cumulative : 1: 7300, 2: 3683, 3: 2715, 4: 2259
transitions cumulative       : 1->2: 3683, 2->3: 2715, 3->4: 2259
accepted directly from s0    : 0
Gym endings cumulative       : terminated=4734, truncated=307

[Episode 7400/8000 | last 100]
success rate                : 85.0% (cumulative 31.7%)
synthetic task reward       : 8500.000
shaping reward              : -614.569
learning reward             : 7885.431
episode length              : 284.6
abstract changes / episode  : 21.3
DFA transitions / episode   : 2.58
DFA transitions in window   : 1->2: 88, 2->3: 85, 3->4: 85
epsilon (next episode)       : 0.05179
replay buffer                : 300000 samples [1: 64.1%, 2: 25.4%, 3: 10.5%, 4: 0.0%]
DFA state visits in window   : 1: 19673, 2: 6017, 3: 2789, 4: 85
DFA state visits cumulative  : 1: 1490334, 2: 574712, 3: 180276, 4: 2344
DFA state entries in window  : 1: 100, 2: 88, 3: 85, 4: 85
DFA state entries cumulative : 1: 7400, 2: 3771, 3: 2800, 4: 2344
transitions cumulative       : 1->2: 3771, 2->3: 2800, 3->4: 2344
accepted directly from s0    : 0
Gym endings cumulative       : terminated=4748, truncated=308
Best policy updated at episode 7400: mean learning reward=7885.431

[Episode 7500/8000 | last 100]
success rate                : 75.0% (cumulative 32.3%)
synthetic task reward       : 7500.000
shaping reward              : -943.989
learning reward             : 6556.011
episode length              : 315.3
abstract changes / episode  : 23.6
DFA transitions / episode   : 2.41
DFA transitions in window   : 1->2: 87, 2->3: 79, 3->4: 75
epsilon (next episode)       : 0.04976
replay buffer                : 300000 samples [1: 65.3%, 2: 23.8%, 3: 10.9%, 4: 0.0%]
DFA state visits in window   : 1: 19629, 2: 8644, 3: 3286, 4: 75
DFA state visits cumulative  : 1: 1509963, 2: 583356, 3: 183562, 4: 2419
DFA state entries in window  : 1: 100, 2: 87, 3: 79, 4: 75
DFA state entries cumulative : 1: 7500, 2: 3858, 3: 2879, 4: 2419
transitions cumulative       : 1->2: 3858, 2->3: 2879, 3->4: 2419
accepted directly from s0    : 0
Gym endings cumulative       : terminated=4771, truncated=310

[Episode 7600/8000 | last 100]
success rate                : 49.0% (cumulative 32.5%)
synthetic task reward       : 4900.000
shaping reward              : -1236.385
learning reward             : 3663.615
episode length              : 311.5
abstract changes / episode  : 22.3
DFA transitions / episode   : 1.67
DFA transitions in window   : 1->2: 63, 2->3: 55, 3->4: 49
epsilon (next episode)       : 0.04781
replay buffer                : 300000 samples [1: 66.0%, 2: 23.4%, 3: 10.6%, 4: 0.0%]
DFA state visits in window   : 1: 20122, 2: 8347, 3: 2735, 4: 49
DFA state visits cumulative  : 1: 1530085, 2: 591703, 3: 186297, 4: 2468
DFA state entries in window  : 1: 100, 2: 63, 3: 55, 4: 49
DFA state entries cumulative : 1: 7600, 2: 3921, 3: 2934, 4: 2468
transitions cumulative       : 1->2: 3921, 2->3: 2934, 3->4: 2468
accepted directly from s0    : 0
Gym endings cumulative       : terminated=4819, truncated=313

[Episode 7700/8000 | last 100]
success rate                : 53.0% (cumulative 32.7%)
synthetic task reward       : 5300.000
shaping reward              : -1009.665
learning reward             : 4290.335
episode length              : 308.6
abstract changes / episode  : 20.3
DFA transitions / episode   : 1.67
DFA transitions in window   : 1->2: 61, 2->3: 53, 3->4: 53
epsilon (next episode)       : 0.04593
replay buffer                : 300000 samples [1: 66.8%, 2: 23.2%, 3: 9.9%, 4: 0.0%]
DFA state visits in window   : 1: 22802, 2: 6523, 3: 1583, 4: 53
DFA state visits cumulative  : 1: 1552887, 2: 598226, 3: 187880, 4: 2521
DFA state entries in window  : 1: 100, 2: 61, 3: 53, 4: 53
DFA state entries cumulative : 1: 7700, 2: 3982, 3: 2987, 4: 2521
transitions cumulative       : 1->2: 3982, 2->3: 2987, 3->4: 2521
accepted directly from s0    : 0
Gym endings cumulative       : terminated=4863, truncated=316

[Episode 7800/8000 | last 100]
success rate                : 65.0% (cumulative 33.2%)
synthetic task reward       : 6500.000
shaping reward              : -987.131
learning reward             : 5512.869
episode length              : 305.1
abstract changes / episode  : 22.7
DFA transitions / episode   : 2.08
DFA transitions in window   : 1->2: 73, 2->3: 70, 3->4: 65
epsilon (next episode)       : 0.04413
replay buffer                : 300000 samples [1: 68.1%, 2: 22.6%, 3: 9.3%, 4: 0.0%]
DFA state visits in window   : 1: 22762, 2: 5310, 3: 2470, 4: 65
DFA state visits cumulative  : 1: 1575649, 2: 603536, 3: 190350, 4: 2586
DFA state entries in window  : 1: 100, 2: 73, 3: 70, 4: 65
DFA state entries cumulative : 1: 7800, 2: 4055, 3: 3057, 4: 2586
transitions cumulative       : 1->2: 4055, 2->3: 3057, 3->4: 2586
accepted directly from s0    : 0
Gym endings cumulative       : terminated=4898, truncated=316

[Episode 7900/8000 | last 100]
success rate                : 53.0% (cumulative 33.4%)
synthetic task reward       : 5300.000
shaping reward              : -956.005
learning reward             : 4343.995
episode length              : 294.2
abstract changes / episode  : 19.8
DFA transitions / episode   : 1.68
DFA transitions in window   : 1->2: 59, 2->3: 56, 3->4: 53
epsilon (next episode)       : 0.04240
replay buffer                : 300000 samples [1: 68.4%, 2: 22.6%, 3: 9.0%, 4: 0.0%]
DFA state visits in window   : 1: 22803, 2: 4566, 3: 2096, 4: 53
DFA state visits cumulative  : 1: 1598452, 2: 608102, 3: 192446, 4: 2639
DFA state entries in window  : 1: 100, 2: 59, 3: 56, 4: 53
DFA state entries cumulative : 1: 7900, 2: 4114, 3: 3113, 4: 2639
transitions cumulative       : 1->2: 4114, 2->3: 3113, 3->4: 2639
accepted directly from s0    : 0
Gym endings cumulative       : terminated=4944, truncated=317

[Episode 8000/8000 | last 100]
success rate                : 60.0% (cumulative 33.7%)
synthetic task reward       : 6000.000
shaping reward              : -890.301
learning reward             : 5109.699
episode length              : 297.7
abstract changes / episode  : 20.3
DFA transitions / episode   : 1.87
DFA transitions in window   : 1->2: 66, 2->3: 61, 3->4: 60
epsilon (next episode)       : 0.04074
replay buffer                : 300000 samples [1: 69.9%, 2: 21.6%, 3: 8.5%, 4: 0.0%]
DFA state visits in window   : 1: 22618, 2: 4909, 3: 2285, 4: 60
DFA state visits cumulative  : 1: 1621070, 2: 613011, 3: 194731, 4: 2699
DFA state entries in window  : 1: 100, 2: 66, 3: 61, 4: 60
DFA state entries cumulative : 1: 8000, 2: 4180, 3: 3174, 4: 2699
transitions cumulative       : 1->2: 4180, 2->3: 3174, 3->4: 2699
accepted directly from s0    : 0
Gym endings cumulative       : terminated=4984, truncated=317
Last policy saved after episode 8000. Best policy: episode 7400, mean learning reward=7885.431
