
=== NEW RUN ===
episodes=8000, shaping=False, K=1.0, goal_reward=10000.0, gamma=0.99
waypoints={'g1': (5, 9), 'g2': (3, 5), 'g3': (7, 5)}
automaton_states=['q1', 'q2', 'q3'], initial=q1, accepting=['q4']

[Episode 1/8000 | last 1]
success rate                : 0.0% (cumulative 0.0%)
synthetic task reward       : 0.000
shaping reward              : 0.000
learning reward             : 0.000
episode length              : 134.0
abstract changes / episode  : 12.0
completed cycles / episode   : 0.00
automaton changes / episode  : 1.00
automaton changes in window  : q1->q2: 1
epsilon (next episode)       : 0.99960
replay buffer                : 134 samples [q1: 63.4%, q2: 36.6%, q3: 0.0%]
state visits in window        : q1: 85, q2: 50, q3: 0
state visits cumulative       : q1: 85, q2: 50, q3: 0
state entries in window       : q1: 1, q2: 1, q3: 0
state entries cumulative      : q1: 1, q2: 1, q3: 0
transitions cumulative       : q1->q2: 1
Gym endings cumulative       : terminated=1, truncated=0
Best policy updated at episode 1: mean learning reward=0.000

[Episode 100/8000 | last 100]
success rate                : 0.0% (cumulative 0.0%)
synthetic task reward       : 0.000
shaping reward              : 0.000
learning reward             : 0.000
episode length              : 94.5
abstract changes / episode  : 12.8
completed cycles / episode   : 0.00
automaton changes / episode  : 0.42
automaton changes in window  : q1->q2: 36, q2->q3: 6
epsilon (next episode)       : 0.96078
replay buffer                : 9446 samples [q1: 77.7%, q2: 20.5%, q3: 1.8%]
state visits in window        : q1: 7405, q2: 1966, q3: 175
state visits cumulative       : q1: 7405, q2: 1966, q3: 175
state entries in window       : q1: 100, q2: 36, q3: 6
state entries cumulative      : q1: 100, q2: 36, q3: 6
transitions cumulative       : q1->q2: 36, q2->q3: 6
Gym endings cumulative       : terminated=100, truncated=0

[Episode 200/8000 | last 100]
success rate                : 0.0% (cumulative 0.0%)
synthetic task reward       : 0.000
shaping reward              : 0.000
learning reward             : 0.000
episode length              : 90.9
abstract changes / episode  : 12.8
completed cycles / episode   : 0.00
automaton changes / episode  : 0.42
automaton changes in window  : q1->q2: 38, q2->q3: 4
epsilon (next episode)       : 0.92310
replay buffer                : 18537 samples [q1: 76.9%, q2: 21.5%, q3: 1.6%]
state visits in window        : q1: 6971, q2: 2081, q3: 139
state visits cumulative       : q1: 14376, q2: 4047, q3: 314
state entries in window       : q1: 100, q2: 38, q3: 4
state entries cumulative      : q1: 200, q2: 74, q3: 10
transitions cumulative       : q1->q2: 74, q2->q3: 10
Gym endings cumulative       : terminated=200, truncated=0

[Episode 300/8000 | last 100]
success rate                : 0.0% (cumulative 0.0%)
synthetic task reward       : 0.000
shaping reward              : 0.000
learning reward             : 0.000
episode length              : 89.5
abstract changes / episode  : 12.4
completed cycles / episode   : 0.00
automaton changes / episode  : 0.30
automaton changes in window  : q1->q2: 28, q2->q3: 2
epsilon (next episode)       : 0.88690
replay buffer                : 27488 samples [q1: 78.4%, q2: 20.3%, q3: 1.3%]
state visits in window        : q1: 7370, q2: 1614, q3: 67
state visits cumulative       : q1: 21746, q2: 5661, q3: 381
state entries in window       : q1: 100, q2: 28, q3: 2
state entries cumulative      : q1: 300, q2: 102, q3: 12
transitions cumulative       : q1->q2: 102, q2->q3: 12
Gym endings cumulative       : terminated=300, truncated=0

[Episode 400/8000 | last 100]
success rate                : 0.0% (cumulative 0.0%)
synthetic task reward       : 0.000
shaping reward              : 0.000
learning reward             : 0.000
episode length              : 96.3
abstract changes / episode  : 12.9
completed cycles / episode   : 0.00
automaton changes / episode  : 0.36
automaton changes in window  : q1->q2: 30, q2->q3: 6
epsilon (next episode)       : 0.85212
replay buffer                : 37120 samples [q1: 79.0%, q2: 19.4%, q3: 1.6%]
state visits in window        : q1: 7858, q2: 1651, q3: 223
state visits cumulative       : q1: 29604, q2: 7312, q3: 604
state entries in window       : q1: 100, q2: 30, q3: 6
state entries cumulative      : q1: 400, q2: 132, q3: 18
transitions cumulative       : q1->q2: 132, q2->q3: 18
Gym endings cumulative       : terminated=400, truncated=0

[Episode 500/8000 | last 100]
success rate                : 0.0% (cumulative 0.0%)
synthetic task reward       : 0.000
shaping reward              : 0.000
learning reward             : 0.000
episode length              : 98.6
abstract changes / episode  : 12.8
completed cycles / episode   : 0.00
automaton changes / episode  : 0.38
automaton changes in window  : q1->q2: 33, q2->q3: 5
epsilon (next episode)       : 0.81870
replay buffer                : 46981 samples [q1: 79.2%, q2: 19.2%, q3: 1.6%]
state visits in window        : q1: 7934, q2: 1871, q3: 156
state visits cumulative       : q1: 37538, q2: 9183, q3: 760
state entries in window       : q1: 100, q2: 33, q3: 5
state entries cumulative      : q1: 500, q2: 165, q3: 23
transitions cumulative       : q1->q2: 165, q2->q3: 23
Gym endings cumulative       : terminated=500, truncated=0

[Episode 600/8000 | last 100]
success rate                : 0.0% (cumulative 0.0%)
synthetic task reward       : 0.000
shaping reward              : 0.000
learning reward             : 0.000
episode length              : 109.2
abstract changes / episode  : 13.3
completed cycles / episode   : 0.00
automaton changes / episode  : 0.36
automaton changes in window  : q1->q2: 28, q2->q3: 8
epsilon (next episode)       : 0.78659
replay buffer                : 57899 samples [q1: 79.9%, q2: 18.4%, q3: 1.7%]
state visits in window        : q1: 9134, q2: 1626, q3: 258
state visits cumulative       : q1: 46672, q2: 10809, q3: 1018
state entries in window       : q1: 100, q2: 28, q3: 8
state entries cumulative      : q1: 600, q2: 193, q3: 31
transitions cumulative       : q1->q2: 193, q2->q3: 31
Gym endings cumulative       : terminated=600, truncated=0

[Episode 700/8000 | last 100]
success rate                : 0.0% (cumulative 0.0%)
synthetic task reward       : 0.000
shaping reward              : 0.000
learning reward             : 0.000
episode length              : 121.2
abstract changes / episode  : 12.8
completed cycles / episode   : 0.00
automaton changes / episode  : 0.34
automaton changes in window  : q1->q2: 28, q2->q3: 6
epsilon (next episode)       : 0.75574
replay buffer                : 70023 samples [q1: 80.4%, q2: 17.8%, q3: 1.8%]
state visits in window        : q1: 10123, q2: 1831, q3: 270
state visits cumulative       : q1: 56795, q2: 12640, q3: 1288
state entries in window       : q1: 100, q2: 28, q3: 6
state entries cumulative      : q1: 700, q2: 221, q3: 37
transitions cumulative       : q1->q2: 221, q2->q3: 37
Gym endings cumulative       : terminated=700, truncated=0

[Episode 800/8000 | last 100]
success rate                : 0.0% (cumulative 0.0%)
synthetic task reward       : 0.000
shaping reward              : 0.000
learning reward             : 0.000
episode length              : 122.0
abstract changes / episode  : 12.2
completed cycles / episode   : 0.00
automaton changes / episode  : 0.50
automaton changes in window  : q1->q2: 35, q2->q3: 15
epsilon (next episode)       : 0.72610
replay buffer                : 82227 samples [q1: 80.0%, q2: 17.8%, q3: 2.1%]
state visits in window        : q1: 9542, q2: 2238, q3: 524
state visits cumulative       : q1: 66337, q2: 14878, q3: 1812
state entries in window       : q1: 100, q2: 35, q3: 15
state entries cumulative      : q1: 800, q2: 256, q3: 52
transitions cumulative       : q1->q2: 256, q2->q3: 52
Gym endings cumulative       : terminated=800, truncated=0

[Episode 900/8000 | last 100]
success rate                : 0.0% (cumulative 0.0%)
synthetic task reward       : 0.000
shaping reward              : 0.000
learning reward             : 0.000
episode length              : 124.0
abstract changes / episode  : 12.2
completed cycles / episode   : 0.00
automaton changes / episode  : 0.27
automaton changes in window  : q1->q2: 20, q2->q3: 7
epsilon (next episode)       : 0.69763
replay buffer                : 94631 samples [q1: 80.9%, q2: 16.9%, q3: 2.2%]
state visits in window        : q1: 10877, q2: 1293, q3: 334
state visits cumulative       : q1: 77214, q2: 16171, q3: 2146
state entries in window       : q1: 100, q2: 20, q3: 7
state entries cumulative      : q1: 900, q2: 276, q3: 59
transitions cumulative       : q1->q2: 276, q2->q3: 59
Gym endings cumulative       : terminated=900, truncated=0

[Episode 1000/8000 | last 100]
success rate                : 0.0% (cumulative 0.0%)
synthetic task reward       : 0.000
shaping reward              : 0.000
learning reward             : 0.000
episode length              : 135.3
abstract changes / episode  : 12.9
completed cycles / episode   : 0.00
automaton changes / episode  : 0.42
automaton changes in window  : q1->q2: 35, q2->q3: 7
epsilon (next episode)       : 0.67027
replay buffer                : 108161 samples [q1: 80.9%, q2: 17.0%, q3: 2.2%]
state visits in window        : q1: 10929, q2: 2416, q3: 285
state visits cumulative       : q1: 88143, q2: 18587, q3: 2431
state entries in window       : q1: 100, q2: 35, q3: 7
state entries cumulative      : q1: 1000, q2: 311, q3: 66
transitions cumulative       : q1->q2: 311, q2->q3: 66
Gym endings cumulative       : terminated=1000, truncated=0

[Episode 1100/8000 | last 100]
success rate                : 0.0% (cumulative 0.0%)
synthetic task reward       : 0.000
shaping reward              : 0.000
learning reward             : 0.000
episode length              : 169.3
abstract changes / episode  : 13.8
completed cycles / episode   : 0.00
automaton changes / episode  : 0.34
automaton changes in window  : q1->q2: 25, q2->q3: 9
epsilon (next episode)       : 0.64398
replay buffer                : 125094 samples [q1: 81.8%, q2: 16.0%, q3: 2.3%]
state visits in window        : q1: 14890, q2: 1664, q3: 479
state visits cumulative       : q1: 103033, q2: 20251, q3: 2910
state entries in window       : q1: 100, q2: 25, q3: 9
state entries cumulative      : q1: 1100, q2: 336, q3: 75
transitions cumulative       : q1->q2: 336, q2->q3: 75
Gym endings cumulative       : terminated=1100, truncated=0

[Episode 1200/8000 | last 100]
success rate                : 0.0% (cumulative 0.0%)
synthetic task reward       : 0.000
shaping reward              : 0.000
learning reward             : 0.000
episode length              : 120.3
abstract changes / episode  : 13.7
completed cycles / episode   : 0.00
automaton changes / episode  : 0.38
automaton changes in window  : q1->q2: 29, q2->q3: 9
epsilon (next episode)       : 0.61872
replay buffer                : 137127 samples [q1: 81.2%, q2: 16.1%, q3: 2.7%]
state visits in window        : q1: 9138, q2: 2101, q3: 894
state visits cumulative       : q1: 112171, q2: 22352, q3: 3804
state entries in window       : q1: 100, q2: 29, q3: 9
state entries cumulative      : q1: 1200, q2: 365, q3: 84
transitions cumulative       : q1->q2: 365, q2->q3: 84
Gym endings cumulative       : terminated=1200, truncated=0

[Episode 1300/8000 | last 100]
success rate                : 0.0% (cumulative 0.0%)
synthetic task reward       : 0.000
shaping reward              : 0.000
learning reward             : 0.000
episode length              : 113.8
abstract changes / episode  : 13.4
completed cycles / episode   : 0.00
automaton changes / episode  : 0.39
automaton changes in window  : q1->q2: 29, q2->q3: 10
epsilon (next episode)       : 0.59446
replay buffer                : 148508 samples [q1: 81.0%, q2: 16.2%, q3: 2.8%]
state visits in window        : q1: 9062, q2: 2005, q3: 414
state visits cumulative       : q1: 121233, q2: 24357, q3: 4218
state entries in window       : q1: 100, q2: 29, q3: 10
state entries cumulative      : q1: 1300, q2: 394, q3: 94
transitions cumulative       : q1->q2: 394, q2->q3: 94
Gym endings cumulative       : terminated=1300, truncated=0

[Episode 1400/8000 | last 100]
success rate                : 0.0% (cumulative 0.0%)
synthetic task reward       : 0.000
shaping reward              : 0.000
learning reward             : 0.000
episode length              : 119.4
abstract changes / episode  : 13.2
completed cycles / episode   : 0.00
automaton changes / episode  : 0.43
automaton changes in window  : q1->q2: 37, q2->q3: 6
epsilon (next episode)       : 0.57115
replay buffer                : 160444 samples [q1: 80.4%, q2: 16.7%, q3: 2.9%]
state visits in window        : q1: 8788, q2: 2755, q3: 493
state visits cumulative       : q1: 130021, q2: 27112, q3: 4711
state entries in window       : q1: 100, q2: 37, q3: 6
state entries cumulative      : q1: 1400, q2: 431, q3: 100
transitions cumulative       : q1->q2: 431, q2->q3: 100
Gym endings cumulative       : terminated=1400, truncated=0

[Episode 1500/8000 | last 100]
success rate                : 0.0% (cumulative 0.0%)
synthetic task reward       : 0.000
shaping reward              : 0.000
learning reward             : 0.000
episode length              : 173.3
abstract changes / episode  : 12.8
completed cycles / episode   : 0.00
automaton changes / episode  : 0.45
automaton changes in window  : q1->q2: 36, q2->q3: 9
epsilon (next episode)       : 0.54875
replay buffer                : 177770 samples [q1: 77.5%, q2: 16.8%, q3: 5.8%]
state visits in window        : q1: 8717, q2: 3082, q3: 5627
state visits cumulative       : q1: 138738, q2: 30194, q3: 10338
state entries in window       : q1: 100, q2: 36, q3: 9
state entries cumulative      : q1: 1500, q2: 467, q3: 109
transitions cumulative       : q1->q2: 467, q2->q3: 109
Gym endings cumulative       : terminated=1499, truncated=1

[Episode 1600/8000 | last 100]
success rate                : 0.0% (cumulative 0.0%)
synthetic task reward       : 0.000
shaping reward              : 0.000
learning reward             : 0.000
episode length              : 114.2
abstract changes / episode  : 12.7
completed cycles / episode   : 0.00
automaton changes / episode  : 0.41
automaton changes in window  : q1->q2: 38, q2->q3: 3
epsilon (next episode)       : 0.52722
replay buffer                : 189185 samples [q1: 77.1%, q2: 17.4%, q3: 5.5%]
state visits in window        : q1: 8289, q2: 3116, q3: 110
state visits cumulative       : q1: 147027, q2: 33310, q3: 10448
state entries in window       : q1: 100, q2: 38, q3: 3
state entries cumulative      : q1: 1600, q2: 505, q3: 112
transitions cumulative       : q1->q2: 505, q2->q3: 112
Gym endings cumulative       : terminated=1599, truncated=1

[Episode 1700/8000 | last 100]
success rate                : 0.0% (cumulative 0.0%)
synthetic task reward       : 0.000
shaping reward              : 0.000
learning reward             : 0.000
episode length              : 145.8
abstract changes / episode  : 13.9
completed cycles / episode   : 0.00
automaton changes / episode  : 0.41
automaton changes in window  : q1->q2: 37, q2->q3: 4
epsilon (next episode)       : 0.50655
replay buffer                : 203764 samples [q1: 76.9%, q2: 18.0%, q3: 5.2%]
state visits in window        : q1: 10726, q2: 3704, q3: 249
state visits cumulative       : q1: 157753, q2: 37014, q3: 10697
state entries in window       : q1: 100, q2: 37, q3: 4
state entries cumulative      : q1: 1700, q2: 542, q3: 116
transitions cumulative       : q1->q2: 542, q2->q3: 116
Gym endings cumulative       : terminated=1699, truncated=1

[Episode 1800/8000 | last 100]
success rate                : 0.0% (cumulative 0.0%)
synthetic task reward       : 0.000
shaping reward              : 0.000
learning reward             : 0.000
episode length              : 207.3
abstract changes / episode  : 13.7
completed cycles / episode   : 0.00
automaton changes / episode  : 0.47
automaton changes in window  : q1->q2: 31, q2->q3: 16
epsilon (next episode)       : 0.48668
replay buffer                : 224498 samples [q1: 76.3%, q2: 18.4%, q3: 5.3%]
state visits in window        : q1: 14677, q2: 4804, q3: 1353
state visits cumulative       : q1: 172430, q2: 41818, q3: 12050
state entries in window       : q1: 100, q2: 31, q3: 16
state entries cumulative      : q1: 1800, q2: 573, q3: 132
transitions cumulative       : q1->q2: 573, q2->q3: 132
Gym endings cumulative       : terminated=1799, truncated=1

[Episode 1900/8000 | last 100]
success rate                : 0.0% (cumulative 0.0%)
synthetic task reward       : 0.000
shaping reward              : 0.000
learning reward             : 0.000
episode length              : 215.3
abstract changes / episode  : 12.9
completed cycles / episode   : 0.00
automaton changes / episode  : 0.33
automaton changes in window  : q1->q2: 24, q2->q3: 9
epsilon (next episode)       : 0.46760
replay buffer                : 246033 samples [q1: 76.7%, q2: 18.0%, q3: 5.3%]
state visits in window        : q1: 17570, q2: 2950, q3: 1115
state visits cumulative       : q1: 190000, q2: 44768, q3: 13165
state entries in window       : q1: 100, q2: 24, q3: 9
state entries cumulative      : q1: 1900, q2: 597, q3: 141
transitions cumulative       : q1->q2: 597, q2->q3: 141
Gym endings cumulative       : terminated=1899, truncated=1

[Episode 2000/8000 | last 100]
success rate                : 0.0% (cumulative 0.0%)
synthetic task reward       : 0.000
shaping reward              : 0.000
learning reward             : 0.000
episode length              : 283.9
abstract changes / episode  : 17.9
completed cycles / episode   : 0.00
automaton changes / episode  : 0.40
automaton changes in window  : q1->q2: 27, q2->q3: 13
epsilon (next episode)       : 0.44926
replay buffer                : 274422 samples [q1: 76.6%, q2: 17.4%, q3: 6.0%]
state visits in window        : q1: 21491, q2: 3573, q3: 3425
state visits cumulative       : q1: 211491, q2: 48341, q3: 16590
state entries in window       : q1: 100, q2: 27, q3: 13
state entries cumulative      : q1: 2000, q2: 624, q3: 154
transitions cumulative       : q1->q2: 624, q2->q3: 154
Gym endings cumulative       : terminated=1999, truncated=1

[Episode 2100/8000 | last 100]
success rate                : 0.0% (cumulative 0.0%)
synthetic task reward       : 0.000
shaping reward              : 0.000
learning reward             : 0.000
episode length              : 251.6
abstract changes / episode  : 16.9
completed cycles / episode   : 0.00
automaton changes / episode  : 0.59
automaton changes in window  : q1->q2: 46, q2->q3: 13
epsilon (next episode)       : 0.43164
replay buffer                : 299581 samples [q1: 76.3%, q2: 17.8%, q3: 5.9%]
state visits in window        : q1: 18591, q2: 5471, q3: 1197
state visits cumulative       : q1: 230082, q2: 53812, q3: 17787
state entries in window       : q1: 100, q2: 46, q3: 13
state entries cumulative      : q1: 2100, q2: 670, q3: 167
transitions cumulative       : q1->q2: 670, q2->q3: 167
Gym endings cumulative       : terminated=2099, truncated=1

[Episode 2200/8000 | last 100]
success rate                : 0.0% (cumulative 0.0%)
synthetic task reward       : 0.000
shaping reward              : 0.000
learning reward             : 0.000
episode length              : 202.6
abstract changes / episode  : 16.8
completed cycles / episode   : 0.00
automaton changes / episode  : 0.48
automaton changes in window  : q1->q2: 39, q2->q3: 9
epsilon (next episode)       : 0.41471
replay buffer                : 300000 samples [q1: 75.4%, q2: 18.2%, q3: 6.3%]
state visits in window        : q1: 12953, q2: 5745, q3: 1658
state visits cumulative       : q1: 243035, q2: 59557, q3: 19445
state entries in window       : q1: 100, q2: 39, q3: 9
state entries cumulative      : q1: 2200, q2: 709, q3: 176
transitions cumulative       : q1->q2: 709, q2->q3: 176
Gym endings cumulative       : terminated=2199, truncated=1

[Episode 2300/8000 | last 100]
success rate                : 0.0% (cumulative 0.0%)
synthetic task reward       : 0.000
shaping reward              : 0.000
learning reward             : 0.000
episode length              : 194.7
abstract changes / episode  : 17.1
completed cycles / episode   : 0.00
automaton changes / episode  : 0.43
automaton changes in window  : q1->q2: 33, q2->q3: 10
epsilon (next episode)       : 0.39845
replay buffer                : 300000 samples [q1: 74.1%, q2: 19.3%, q3: 6.6%]
state visits in window        : q1: 11868, q2: 6600, q3: 1103
state visits cumulative       : q1: 254903, q2: 66157, q3: 20548
state entries in window       : q1: 100, q2: 33, q3: 10
state entries cumulative      : q1: 2300, q2: 742, q3: 186
transitions cumulative       : q1->q2: 742, q2->q3: 186
Gym endings cumulative       : terminated=2299, truncated=1

[Episode 2400/8000 | last 100]
success rate                : 0.0% (cumulative 0.0%)
synthetic task reward       : 0.000
shaping reward              : 0.000
learning reward             : 0.000
episode length              : 198.6
abstract changes / episode  : 16.9
completed cycles / episode   : 0.00
automaton changes / episode  : 0.41
automaton changes in window  : q1->q2: 35, q2->q3: 6
epsilon (next episode)       : 0.38282
replay buffer                : 300000 samples [q1: 73.6%, q2: 19.7%, q3: 6.6%]
state visits in window        : q1: 15047, q2: 4376, q3: 536
state visits cumulative       : q1: 269950, q2: 70533, q3: 21084
state entries in window       : q1: 100, q2: 35, q3: 6
state entries cumulative      : q1: 2400, q2: 777, q3: 192
transitions cumulative       : q1->q2: 777, q2->q3: 192
Gym endings cumulative       : terminated=2399, truncated=1

[Episode 2500/8000 | last 100]
success rate                : 0.0% (cumulative 0.0%)
synthetic task reward       : 0.000
shaping reward              : 0.000
learning reward             : 0.000
episode length              : 413.1
abstract changes / episode  : 19.9
completed cycles / episode   : 0.00
automaton changes / episode  : 0.39
automaton changes in window  : q1->q2: 32, q2->q3: 7
epsilon (next episode)       : 0.36781
replay buffer                : 300000 samples [q1: 70.9%, q2: 20.5%, q3: 8.6%]
state visits in window        : q1: 25832, q2: 8547, q3: 7035
state visits cumulative       : q1: 295782, q2: 79080, q3: 28119
state entries in window       : q1: 100, q2: 32, q3: 7
state entries cumulative      : q1: 2500, q2: 809, q3: 199
transitions cumulative       : q1->q2: 809, q2->q3: 199
Gym endings cumulative       : terminated=2498, truncated=2

[Episode 2600/8000 | last 100]
success rate                : 0.0% (cumulative 0.0%)
synthetic task reward       : 0.000
shaping reward              : 0.000
learning reward             : 0.000
episode length              : 289.3
abstract changes / episode  : 20.7
completed cycles / episode   : 0.00
automaton changes / episode  : 0.50
automaton changes in window  : q1->q2: 43, q2->q3: 7
epsilon (next episode)       : 0.35338
replay buffer                : 300000 samples [q1: 68.2%, q2: 23.2%, q3: 8.6%]
state visits in window        : q1: 16443, q2: 11651, q3: 934
state visits cumulative       : q1: 312225, q2: 90731, q3: 29053
state entries in window       : q1: 100, q2: 43, q3: 7
state entries cumulative      : q1: 2600, q2: 852, q3: 206
transitions cumulative       : q1->q2: 852, q2->q3: 206
Gym endings cumulative       : terminated=2598, truncated=2

[Episode 2700/8000 | last 100]
success rate                : 0.0% (cumulative 0.0%)
synthetic task reward       : 0.000
shaping reward              : 0.000
learning reward             : 0.000
episode length              : 311.8
abstract changes / episode  : 18.4
completed cycles / episode   : 0.00
automaton changes / episode  : 0.35
automaton changes in window  : q1->q2: 26, q2->q3: 9
epsilon (next episode)       : 0.33952
replay buffer                : 300000 samples [q1: 67.2%, q2: 22.8%, q3: 9.9%]
state visits in window        : q1: 20528, q2: 5207, q3: 5546
state visits cumulative       : q1: 332753, q2: 95938, q3: 34599
state entries in window       : q1: 100, q2: 26, q3: 9
state entries cumulative      : q1: 2700, q2: 878, q3: 215
transitions cumulative       : q1->q2: 878, q2->q3: 215
Gym endings cumulative       : terminated=2698, truncated=2

[Episode 2800/8000 | last 100]
success rate                : 1.0% (cumulative 0.0%)
synthetic task reward       : 100.000
shaping reward              : 0.000
learning reward             : 100.000
episode length              : 742.7
abstract changes / episode  : 34.7
completed cycles / episode   : 0.01
automaton changes / episode  : 0.64
automaton changes in window  : q1->q2: 46, q2->q3: 17, q3->q1: 1
epsilon (next episode)       : 0.32621
replay buffer                : 300000 samples [q1: 61.6%, q2: 22.0%, q3: 16.5%]
state visits in window        : q1: 32866, q2: 13487, q3: 28017
state visits cumulative       : q1: 365619, q2: 109425, q3: 62616
state entries in window       : q1: 101, q2: 46, q3: 17
state entries cumulative      : q1: 2801, q2: 924, q3: 232
transitions cumulative       : q1->q2: 924, q2->q3: 232, q3->q1: 1
Gym endings cumulative       : terminated=2795, truncated=5
Best policy updated at episode 2800: mean learning reward=100.000

[Episode 2900/8000 | last 100]
success rate                : 1.0% (cumulative 0.1%)
synthetic task reward       : 100.000
shaping reward              : 0.000
learning reward             : 100.000
episode length              : 369.4
abstract changes / episode  : 25.9
completed cycles / episode   : 0.01
automaton changes / episode  : 0.82
automaton changes in window  : q1->q2: 61, q2->q3: 20, q3->q1: 1
epsilon (next episode)       : 0.31341
replay buffer                : 300000 samples [q1: 58.2%, q2: 25.2%, q3: 16.7%]
state visits in window        : q1: 18829, q2: 14299, q3: 3912
state visits cumulative       : q1: 384448, q2: 123724, q3: 66528
state entries in window       : q1: 101, q2: 61, q3: 20
state entries cumulative      : q1: 2902, q2: 985, q3: 252
transitions cumulative       : q1->q2: 985, q2->q3: 252, q3->q1: 2
Gym endings cumulative       : terminated=2895, truncated=5

[Episode 3000/8000 | last 100]
success rate                : 2.0% (cumulative 0.1%)
synthetic task reward       : 200.000
shaping reward              : 0.000
learning reward             : 200.000
episode length              : 358.1
abstract changes / episode  : 24.9
completed cycles / episode   : 0.02
automaton changes / episode  : 0.58
automaton changes in window  : q1->q2: 43, q2->q3: 13, q3->q1: 2
epsilon (next episode)       : 0.30112
replay buffer                : 300000 samples [q1: 55.2%, q2: 27.6%, q3: 17.2%]
state visits in window        : q1: 17208, q2: 14946, q3: 3761
state visits cumulative       : q1: 401656, q2: 138670, q3: 70289
state entries in window       : q1: 102, q2: 43, q3: 13
state entries cumulative      : q1: 3004, q2: 1028, q3: 265
transitions cumulative       : q1->q2: 1028, q2->q3: 265, q3->q1: 4
Gym endings cumulative       : terminated=2995, truncated=5
Best policy updated at episode 3000: mean learning reward=200.000

[Episode 3100/8000 | last 100]
success rate                : 3.0% (cumulative 0.2%)
synthetic task reward       : 300.000
shaping reward              : 0.000
learning reward             : 300.000
episode length              : 293.5
abstract changes / episode  : 21.6
completed cycles / episode   : 0.03
automaton changes / episode  : 0.47
automaton changes in window  : q1->q2: 29, q2->q3: 15, q3->q1: 3
epsilon (next episode)       : 0.28931
replay buffer                : 300000 samples [q1: 54.1%, q2: 28.2%, q3: 17.7%]
state visits in window        : q1: 14489, q2: 11406, q3: 3555
state visits cumulative       : q1: 416145, q2: 150076, q3: 73844
state entries in window       : q1: 103, q2: 29, q3: 15
state entries cumulative      : q1: 3107, q2: 1057, q3: 280
transitions cumulative       : q1->q2: 1057, q2->q3: 280, q3->q1: 7
Gym endings cumulative       : terminated=3095, truncated=5
Best policy updated at episode 3100: mean learning reward=300.000

[Episode 3200/8000 | last 100]
success rate                : 1.0% (cumulative 0.2%)
synthetic task reward       : 100.000
shaping reward              : 0.000
learning reward             : 100.000
episode length              : 220.9
abstract changes / episode  : 17.7
completed cycles / episode   : 0.01
automaton changes / episode  : 0.40
automaton changes in window  : q1->q2: 32, q2->q3: 7, q3->q1: 1
epsilon (next episode)       : 0.27797
replay buffer                : 300000 samples [q1: 51.8%, q2: 29.0%, q3: 19.2%]
state visits in window        : q1: 9561, q2: 7706, q3: 4922
state visits cumulative       : q1: 425706, q2: 157782, q3: 78766
state entries in window       : q1: 101, q2: 32, q3: 7
state entries cumulative      : q1: 3208, q2: 1089, q3: 287
transitions cumulative       : q1->q2: 1089, q2->q3: 287, q3->q1: 8
Gym endings cumulative       : terminated=3195, truncated=5

[Episode 3300/8000 | last 100]
success rate                : 0.0% (cumulative 0.2%)
synthetic task reward       : 0.000
shaping reward              : 0.000
learning reward             : 0.000
episode length              : 118.6
abstract changes / episode  : 13.0
completed cycles / episode   : 0.00
automaton changes / episode  : 0.39
automaton changes in window  : q1->q2: 38, q2->q3: 1
epsilon (next episode)       : 0.26706
replay buffer                : 300000 samples [q1: 51.2%, q2: 30.0%, q3: 18.9%]
state visits in window        : q1: 7099, q2: 4795, q3: 69
state visits cumulative       : q1: 432805, q2: 162577, q3: 78835
state entries in window       : q1: 100, q2: 38, q3: 1
state entries cumulative      : q1: 3308, q2: 1127, q3: 288
transitions cumulative       : q1->q2: 1127, q2->q3: 288, q3->q1: 8
Gym endings cumulative       : terminated=3295, truncated=5

[Episode 3400/8000 | last 100]
success rate                : 2.0% (cumulative 0.3%)
synthetic task reward       : 200.000
shaping reward              : 0.000
learning reward             : 200.000
episode length              : 223.5
abstract changes / episode  : 17.2
completed cycles / episode   : 0.02
automaton changes / episode  : 0.43
automaton changes in window  : q1->q2: 34, q2->q3: 7, q3->q1: 2
epsilon (next episode)       : 0.25659
replay buffer                : 300000 samples [q1: 52.0%, q2: 30.6%, q3: 17.5%]
state visits in window        : q1: 14559, q2: 6145, q3: 1746
state visits cumulative       : q1: 447364, q2: 168722, q3: 80581
state entries in window       : q1: 102, q2: 34, q3: 7
state entries cumulative      : q1: 3410, q2: 1161, q3: 295
transitions cumulative       : q1->q2: 1161, q2->q3: 295, q3->q1: 10
Gym endings cumulative       : terminated=3395, truncated=5

[Episode 3500/8000 | last 100]
success rate                : 5.0% (cumulative 0.4%)
synthetic task reward       : 500.000
shaping reward              : 0.000
learning reward             : 500.000
episode length              : 376.4
abstract changes / episode  : 22.9
completed cycles / episode   : 0.05
automaton changes / episode  : 0.59
automaton changes in window  : q1->q2: 41, q2->q3: 13, q3->q1: 5
epsilon (next episode)       : 0.24653
replay buffer                : 300000 samples [q1: 49.3%, q2: 30.6%, q3: 20.2%]
state visits in window        : q1: 14691, q2: 13970, q3: 9074
state visits cumulative       : q1: 462055, q2: 182692, q3: 89655
state entries in window       : q1: 105, q2: 41, q3: 13
state entries cumulative      : q1: 3515, q2: 1202, q3: 308
transitions cumulative       : q1->q2: 1202, q2->q3: 308, q3->q1: 15
Gym endings cumulative       : terminated=3494, truncated=6
Best policy updated at episode 3500: mean learning reward=500.000

[Episode 3600/8000 | last 100]
success rate                : 12.0% (cumulative 0.8%)
synthetic task reward       : 1200.000
shaping reward              : 0.000
learning reward             : 1200.000
episode length              : 541.9
abstract changes / episode  : 28.7
completed cycles / episode   : 0.12
automaton changes / episode  : 0.77
automaton changes in window  : q1->q2: 48, q2->q3: 17, q3->q1: 12
epsilon (next episode)       : 0.23686
replay buffer                : 300000 samples [q1: 51.6%, q2: 34.7%, q3: 13.6%]
state visits in window        : q1: 30169, q2: 18256, q3: 5862
state visits cumulative       : q1: 492224, q2: 200948, q3: 95517
state entries in window       : q1: 112, q2: 48, q3: 17
state entries cumulative      : q1: 3627, q2: 1250, q3: 325
transitions cumulative       : q1->q2: 1250, q2->q3: 325, q3->q1: 27
Gym endings cumulative       : terminated=3594, truncated=6
Best policy updated at episode 3600: mean learning reward=1200.000

[Episode 3700/8000 | last 100]
success rate                : 6.0% (cumulative 0.9%)
synthetic task reward       : 600.000
shaping reward              : 0.000
learning reward             : 600.000
episode length              : 462.0
abstract changes / episode  : 26.6
completed cycles / episode   : 0.06
automaton changes / episode  : 0.51
automaton changes in window  : q1->q2: 34, q2->q3: 11, q3->q1: 6
epsilon (next episode)       : 0.22757
replay buffer                : 300000 samples [q1: 46.6%, q2: 41.4%, q3: 12.0%]
state visits in window        : q1: 12523, q2: 30542, q3: 3231
state visits cumulative       : q1: 504747, q2: 231490, q3: 98748
state entries in window       : q1: 106, q2: 34, q3: 11
state entries cumulative      : q1: 3733, q2: 1284, q3: 336
transitions cumulative       : q1->q2: 1284, q2->q3: 336, q3->q1: 33
Gym endings cumulative       : terminated=3693, truncated=7

[Episode 3800/8000 | last 100]
success rate                : 9.0% (cumulative 1.1%)
synthetic task reward       : 900.000
shaping reward              : 0.000
learning reward             : 900.000
episode length              : 362.5
abstract changes / episode  : 22.1
completed cycles / episode   : 0.09
automaton changes / episode  : 0.73
automaton changes in window  : q1->q2: 48, q2->q3: 16, q3->q1: 9
epsilon (next episode)       : 0.21865
replay buffer                : 300000 samples [q1: 46.7%, q2: 40.5%, q3: 12.7%]
state visits in window        : q1: 18353, q2: 12206, q3: 5787
state visits cumulative       : q1: 523100, q2: 243696, q3: 104535
state entries in window       : q1: 109, q2: 48, q3: 16
state entries cumulative      : q1: 3842, q2: 1332, q3: 352
transitions cumulative       : q1->q2: 1332, q2->q3: 352, q3->q1: 42
Gym endings cumulative       : terminated=3793, truncated=7

[Episode 3900/8000 | last 100]
success rate                : 10.0% (cumulative 1.3%)
synthetic task reward       : 1000.000
shaping reward              : 0.000
learning reward             : 1000.000
episode length              : 558.7
abstract changes / episode  : 23.2
completed cycles / episode   : 0.10
automaton changes / episode  : 0.50
automaton changes in window  : q1->q2: 25, q2->q3: 15, q3->q1: 10
epsilon (next episode)       : 0.21007
replay buffer                : 300000 samples [q1: 52.8%, q2: 35.4%, q3: 11.8%]
state visits in window        : q1: 46870, q2: 6064, q3: 3034
state visits cumulative       : q1: 569970, q2: 249760, q3: 107569
state entries in window       : q1: 110, q2: 25, q3: 15
state entries cumulative      : q1: 3952, q2: 1357, q3: 367
transitions cumulative       : q1->q2: 1357, q2->q3: 367, q3->q1: 52
Gym endings cumulative       : terminated=3892, truncated=8

[Episode 4000/8000 | last 100]
success rate                : 15.0% (cumulative 1.7%)
synthetic task reward       : 1500.000
shaping reward              : 0.000
learning reward             : 1500.000
episode length              : 625.6
abstract changes / episode  : 32.2
completed cycles / episode   : 0.15
automaton changes / episode  : 0.75
automaton changes in window  : q1->q2: 37, q2->q3: 23, q3->q1: 15
epsilon (next episode)       : 0.20183
replay buffer                : 300000 samples [q1: 57.9%, q2: 31.1%, q3: 11.0%]
state visits in window        : q1: 46565, q2: 11025, q3: 5075
state visits cumulative       : q1: 616535, q2: 260785, q3: 112644
state entries in window       : q1: 115, q2: 37, q3: 23
state entries cumulative      : q1: 4067, q2: 1394, q3: 390
transitions cumulative       : q1->q2: 1394, q2->q3: 390, q3->q1: 67
Gym endings cumulative       : terminated=3989, truncated=11
Best policy updated at episode 4000: mean learning reward=1500.000

[Episode 4100/8000 | last 100]
success rate                : 18.0% (cumulative 2.1%)
synthetic task reward       : 1800.000
shaping reward              : 0.000
learning reward             : 1800.000
episode length              : 469.6
abstract changes / episode  : 27.4
completed cycles / episode   : 0.18
automaton changes / episode  : 0.75
automaton changes in window  : q1->q2: 34, q2->q3: 23, q3->q1: 18
epsilon (next episode)       : 0.19392
replay buffer                : 300000 samples [q1: 62.6%, q2: 28.4%, q3: 9.1%]
state visits in window        : q1: 34134, q2: 8594, q3: 4328
state visits cumulative       : q1: 650669, q2: 269379, q3: 116972
state entries in window       : q1: 118, q2: 34, q3: 23
state entries cumulative      : q1: 4185, q2: 1428, q3: 413
transitions cumulative       : q1->q2: 1428, q2->q3: 413, q3->q1: 85
Gym endings cumulative       : terminated=4089, truncated=11
Best policy updated at episode 4100: mean learning reward=1800.000

[Episode 4200/8000 | last 100]
success rate                : 41.0% (cumulative 3.0%)
synthetic task reward       : 4500.000
shaping reward              : 0.000
learning reward             : 4500.000
episode length              : 714.5
abstract changes / episode  : 33.6
completed cycles / episode   : 0.45
automaton changes / episode  : 1.63
automaton changes in window  : q1->q2: 66, q2->q3: 52, q3->q1: 45
epsilon (next episode)       : 0.18631
replay buffer                : 300000 samples [q1: 68.7%, q2: 21.6%, q3: 9.7%]
state visits in window        : q1: 51635, q2: 11268, q3: 8651
state visits cumulative       : q1: 702304, q2: 280647, q3: 125623
state entries in window       : q1: 145, q2: 66, q3: 52
state entries cumulative      : q1: 4330, q2: 1494, q3: 465
transitions cumulative       : q1->q2: 1494, q2->q3: 465, q3->q1: 130
Gym endings cumulative       : terminated=4189, truncated=11
Best policy updated at episode 4200: mean learning reward=4500.000

[Episode 4300/8000 | last 100]
success rate                : 40.0% (cumulative 3.9%)
synthetic task reward       : 5000.000
shaping reward              : 0.000
learning reward             : 5000.000
episode length              : 760.8
abstract changes / episode  : 42.0
completed cycles / episode   : 0.50
automaton changes / episode  : 1.71
automaton changes in window  : q1->q2: 70, q2->q3: 51, q3->q1: 50
epsilon (next episode)       : 0.17900
replay buffer                : 300000 samples [q1: 73.0%, q2: 17.3%, q3: 9.6%]
state visits in window        : q1: 51480, q2: 16378, q3: 8326
state visits cumulative       : q1: 753784, q2: 297025, q3: 133949
state entries in window       : q1: 150, q2: 70, q3: 51
state entries cumulative      : q1: 4480, q2: 1564, q3: 516
transitions cumulative       : q1->q2: 1564, q2->q3: 516, q3->q1: 180
Gym endings cumulative       : terminated=4288, truncated=12
Best policy updated at episode 4300: mean learning reward=5000.000

[Episode 4400/8000 | last 100]
success rate                : 68.0% (cumulative 5.3%)
synthetic task reward       : 10200.000
shaping reward              : 0.000
learning reward             : 10200.000
episode length              : 786.4
abstract changes / episode  : 49.2
completed cycles / episode   : 1.02
automaton changes / episode  : 3.19
automaton changes in window  : q1->q2: 111, q2->q3: 106, q3->q1: 102
epsilon (next episode)       : 0.17198
replay buffer                : 300000 samples [q1: 69.2%, q2: 16.9%, q3: 13.8%]
state visits in window        : q1: 48049, q2: 12615, q3: 18080
state visits cumulative       : q1: 801833, q2: 309640, q3: 152029
state entries in window       : q1: 202, q2: 111, q3: 106
state entries cumulative      : q1: 4682, q2: 1675, q3: 622
transitions cumulative       : q1->q2: 1675, q2->q3: 622, q3->q1: 282
Gym endings cumulative       : terminated=4388, truncated=12
Best policy updated at episode 4400: mean learning reward=10200.000

[Episode 4500/8000 | last 100]
success rate                : 64.0% (cumulative 6.6%)
synthetic task reward       : 12700.000
shaping reward              : 0.000
learning reward             : 12700.000
episode length              : 928.9
abstract changes / episode  : 61.8
completed cycles / episode   : 1.27
automaton changes / episode  : 4.01
automaton changes in window  : q1->q2: 142, q2->q3: 132, q3->q1: 127
epsilon (next episode)       : 0.16524
replay buffer                : 300000 samples [q1: 63.8%, q2: 17.8%, q3: 18.4%]
state visits in window        : q1: 52674, q2: 18227, q3: 22090
state visits cumulative       : q1: 854507, q2: 327867, q3: 174119
state entries in window       : q1: 227, q2: 142, q3: 132
state entries cumulative      : q1: 4909, q2: 1817, q3: 754
transitions cumulative       : q1->q2: 1817, q2->q3: 754, q3->q1: 409
Gym endings cumulative       : terminated=4488, truncated=12
Best policy updated at episode 4500: mean learning reward=12700.000

[Episode 4600/8000 | last 100]
success rate                : 39.0% (cumulative 7.3%)
synthetic task reward       : 6200.000
shaping reward              : 0.000
learning reward             : 6200.000
episode length              : 716.3
abstract changes / episode  : 40.1
completed cycles / episode   : 0.62
automaton changes / episode  : 2.04
automaton changes in window  : q1->q2: 76, q2->q3: 66, q3->q1: 62
epsilon (next episode)       : 0.15876
replay buffer                : 300000 samples [q1: 64.3%, q2: 16.2%, q3: 19.4%]
state visits in window        : q1: 53274, q2: 7033, q3: 11427
state visits cumulative       : q1: 907781, q2: 334900, q3: 185546
state entries in window       : q1: 162, q2: 76, q3: 66
state entries cumulative      : q1: 5071, q2: 1893, q3: 820
transitions cumulative       : q1->q2: 1893, q2->q3: 820, q3->q1: 471
Gym endings cumulative       : terminated=4586, truncated=14

[Episode 4700/8000 | last 100]
success rate                : 43.0% (cumulative 8.1%)
synthetic task reward       : 5000.000
shaping reward              : 0.000
learning reward             : 5000.000
episode length              : 475.4
abstract changes / episode  : 31.0
completed cycles / episode   : 0.50
automaton changes / episode  : 1.71
automaton changes in window  : q1->q2: 66, q2->q3: 55, q3->q1: 50
epsilon (next episode)       : 0.15253
replay buffer                : 300000 samples [q1: 64.2%, q2: 14.5%, q3: 21.2%]
state visits in window        : q1: 31850, q2: 4867, q3: 10927
state visits cumulative       : q1: 939631, q2: 339767, q3: 196473
state entries in window       : q1: 150, q2: 66, q3: 55
state entries cumulative      : q1: 5221, q2: 1959, q3: 875
transitions cumulative       : q1->q2: 1959, q2->q3: 875, q3->q1: 521
Gym endings cumulative       : terminated=4686, truncated=14

[Episode 4800/8000 | last 100]
success rate                : 43.0% (cumulative 8.8%)
synthetic task reward       : 5000.000
shaping reward              : 0.000
learning reward             : 5000.000
episode length              : 434.9
abstract changes / episode  : 28.3
completed cycles / episode   : 0.50
automaton changes / episode  : 1.68
automaton changes in window  : q1->q2: 62, q2->q3: 56, q3->q1: 50
epsilon (next episode)       : 0.14655
replay buffer                : 300000 samples [q1: 64.2%, q2: 14.3%, q3: 21.5%]
state visits in window        : q1: 27977, q2: 5159, q3: 10451
state visits cumulative       : q1: 967608, q2: 344926, q3: 206924
state entries in window       : q1: 150, q2: 62, q3: 56
state entries cumulative      : q1: 5371, q2: 2021, q3: 931
transitions cumulative       : q1->q2: 2021, q2->q3: 931, q3->q1: 571
Gym endings cumulative       : terminated=4786, truncated=14

[Episode 4900/8000 | last 100]
success rate                : 56.0% (cumulative 9.8%)
synthetic task reward       : 10800.000
shaping reward              : 0.000
learning reward             : 10800.000
episode length              : 929.6
abstract changes / episode  : 56.2
completed cycles / episode   : 1.08
automaton changes / episode  : 3.39
automaton changes in window  : q1->q2: 119, q2->q3: 112, q3->q1: 108
epsilon (next episode)       : 0.14080
replay buffer                : 300000 samples [q1: 66.1%, q2: 13.8%, q3: 20.1%]
state visits in window        : q1: 62163, q2: 15061, q3: 15835
state visits cumulative       : q1: 1029771, q2: 359987, q3: 222759
state entries in window       : q1: 208, q2: 119, q3: 112
state entries cumulative      : q1: 5579, q2: 2140, q3: 1043
transitions cumulative       : q1->q2: 2140, q2->q3: 1043, q3->q1: 679
Gym endings cumulative       : terminated=4886, truncated=14

[Episode 5000/8000 | last 100]
success rate                : 57.0% (cumulative 10.7%)
synthetic task reward       : 10200.000
shaping reward              : 0.000
learning reward             : 10200.000
episode length              : 796.2
abstract changes / episode  : 44.9
completed cycles / episode   : 1.02
automaton changes / episode  : 3.34
automaton changes in window  : q1->q2: 124, q2->q3: 108, q3->q1: 102
epsilon (next episode)       : 0.13528
replay buffer                : 300000 samples [q1: 63.0%, q2: 17.4%, q3: 19.6%]
state visits in window        : q1: 43497, q2: 22688, q3: 13537
state visits cumulative       : q1: 1073268, q2: 382675, q3: 236296
state entries in window       : q1: 202, q2: 124, q3: 108
state entries cumulative      : q1: 5781, q2: 2264, q3: 1151
transitions cumulative       : q1->q2: 2264, q2->q3: 1151, q3->q1: 781
Gym endings cumulative       : terminated=4986, truncated=14

[Episode 5100/8000 | last 100]
success rate                : 12.0% (cumulative 10.7%)
synthetic task reward       : 1200.000
shaping reward              : 0.000
learning reward             : 1200.000
episode length              : 185.2
abstract changes / episode  : 14.3
completed cycles / episode   : 0.12
automaton changes / episode  : 0.60
automaton changes in window  : q1->q2: 30, q2->q3: 18, q3->q1: 12
epsilon (next episode)       : 0.12998
replay buffer                : 300000 samples [q1: 62.3%, q2: 18.0%, q3: 19.8%]
state visits in window        : q1: 12576, q2: 3512, q3: 2528
state visits cumulative       : q1: 1085844, q2: 386187, q3: 238824
state entries in window       : q1: 112, q2: 30, q3: 18
state entries cumulative      : q1: 5893, q2: 2294, q3: 1169
transitions cumulative       : q1->q2: 2294, q2->q3: 1169, q3->q1: 793
Gym endings cumulative       : terminated=5086, truncated=14

[Episode 5200/8000 | last 100]
success rate                : 19.0% (cumulative 10.9%)
synthetic task reward       : 2000.000
shaping reward              : 0.000
learning reward             : 2000.000
episode length              : 252.8
abstract changes / episode  : 18.9
completed cycles / episode   : 0.20
automaton changes / episode  : 0.79
automaton changes in window  : q1->q2: 36, q2->q3: 23, q3->q1: 20
epsilon (next episode)       : 0.12488
replay buffer                : 300000 samples [q1: 63.5%, q2: 17.9%, q3: 18.6%]
state visits in window        : q1: 17949, q2: 2976, q3: 4450
state visits cumulative       : q1: 1103793, q2: 389163, q3: 243274
state entries in window       : q1: 120, q2: 36, q3: 23
state entries cumulative      : q1: 6013, q2: 2330, q3: 1192
transitions cumulative       : q1->q2: 2330, q2->q3: 1192, q3->q1: 813
Gym endings cumulative       : terminated=5186, truncated=14

[Episode 5300/8000 | last 100]
success rate                : 69.0% (cumulative 12.0%)
synthetic task reward       : 6900.000
shaping reward              : 0.000
learning reward             : 6900.000
episode length              : 378.3
abstract changes / episode  : 26.2
completed cycles / episode   : 0.69
automaton changes / episode  : 2.22
automaton changes in window  : q1->q2: 83, q2->q3: 70, q3->q1: 69
epsilon (next episode)       : 0.11998
replay buffer                : 300000 samples [q1: 61.7%, q2: 18.8%, q3: 19.5%]
state visits in window        : q1: 19663, q2: 6851, q3: 11412
state visits cumulative       : q1: 1123456, q2: 396014, q3: 254686
state entries in window       : q1: 169, q2: 83, q3: 70
state entries cumulative      : q1: 6182, q2: 2413, q3: 1262
transitions cumulative       : q1->q2: 2413, q2->q3: 1262, q3->q1: 882
Gym endings cumulative       : terminated=5286, truncated=14

[Episode 5400/8000 | last 100]
success rate                : 32.0% (cumulative 12.4%)
synthetic task reward       : 3500.000
shaping reward              : 0.000
learning reward             : 3500.000
episode length              : 468.4
abstract changes / episode  : 28.3
completed cycles / episode   : 0.35
automaton changes / episode  : 1.57
automaton changes in window  : q1->q2: 78, q2->q3: 44, q3->q1: 35
epsilon (next episode)       : 0.11528
replay buffer                : 300000 samples [q1: 62.4%, q2: 20.2%, q3: 17.5%]
state visits in window        : q1: 32493, q2: 9693, q3: 4758
state visits cumulative       : q1: 1155949, q2: 405707, q3: 259444
state entries in window       : q1: 135, q2: 78, q3: 44
state entries cumulative      : q1: 6317, q2: 2491, q3: 1306
transitions cumulative       : q1->q2: 2491, q2->q3: 1306, q3->q1: 917
Gym endings cumulative       : terminated=5386, truncated=14

[Episode 5500/8000 | last 100]
success rate                : 41.0% (cumulative 12.9%)
synthetic task reward       : 4100.000
shaping reward              : 0.000
learning reward             : 4100.000
episode length              : 466.0
abstract changes / episode  : 28.3
completed cycles / episode   : 0.41
automaton changes / episode  : 1.38
automaton changes in window  : q1->q2: 50, q2->q3: 47, q3->q1: 41
epsilon (next episode)       : 0.11075
replay buffer                : 300000 samples [q1: 62.1%, q2: 20.6%, q3: 17.4%]
state visits in window        : q1: 32883, q2: 7381, q3: 6438
state visits cumulative       : q1: 1188832, q2: 413088, q3: 265882
state entries in window       : q1: 141, q2: 50, q3: 47
state entries cumulative      : q1: 6458, q2: 2541, q3: 1353
transitions cumulative       : q1->q2: 2541, q2->q3: 1353, q3->q1: 958
Gym endings cumulative       : terminated=5486, truncated=14

[Episode 5600/8000 | last 100]
success rate                : 45.0% (cumulative 13.5%)
synthetic task reward       : 5300.000
shaping reward              : 0.000
learning reward             : 5300.000
episode length              : 558.5
abstract changes / episode  : 36.5
completed cycles / episode   : 0.53
automaton changes / episode  : 1.82
automaton changes in window  : q1->q2: 72, q2->q3: 57, q3->q1: 53
epsilon (next episode)       : 0.10641
replay buffer                : 300000 samples [q1: 57.9%, q2: 25.0%, q3: 17.2%]
state visits in window        : q1: 23193, q2: 23026, q3: 9729
state visits cumulative       : q1: 1212025, q2: 436114, q3: 275611
state entries in window       : q1: 153, q2: 72, q3: 57
state entries cumulative      : q1: 6611, q2: 2613, q3: 1410
transitions cumulative       : q1->q2: 2613, q2->q3: 1410, q3->q1: 1011
Gym endings cumulative       : terminated=5586, truncated=14

[Episode 5700/8000 | last 100]
success rate                : 45.0% (cumulative 14.0%)
synthetic task reward       : 5600.000
shaping reward              : 0.000
learning reward             : 5600.000
episode length              : 383.8
abstract changes / episode  : 28.8
completed cycles / episode   : 0.56
automaton changes / episode  : 1.86
automaton changes in window  : q1->q2: 70, q2->q3: 60, q3->q1: 56
epsilon (next episode)       : 0.10224
replay buffer                : 300000 samples [q1: 59.0%, q2: 23.9%, q3: 17.1%]
state visits in window        : q1: 24281, q2: 7425, q3: 6777
state visits cumulative       : q1: 1236306, q2: 443539, q3: 282388
state entries in window       : q1: 156, q2: 70, q3: 60
state entries cumulative      : q1: 6767, q2: 2683, q3: 1470
transitions cumulative       : q1->q2: 2683, q2->q3: 1470, q3->q1: 1067
Gym endings cumulative       : terminated=5686, truncated=14

[Episode 5800/8000 | last 100]
success rate                : 41.0% (cumulative 14.5%)
synthetic task reward       : 4400.000
shaping reward              : 0.000
learning reward             : 4400.000
episode length              : 338.4
abstract changes / episode  : 24.1
completed cycles / episode   : 0.44
automaton changes / episode  : 1.44
automaton changes in window  : q1->q2: 55, q2->q3: 45, q3->q1: 44
epsilon (next episode)       : 0.09823
replay buffer                : 300000 samples [q1: 60.6%, q2: 21.9%, q3: 17.5%]
state visits in window        : q1: 21377, q2: 5777, q3: 6786
state visits cumulative       : q1: 1257683, q2: 449316, q3: 289174
state entries in window       : q1: 144, q2: 55, q3: 45
state entries cumulative      : q1: 6911, q2: 2738, q3: 1515
transitions cumulative       : q1->q2: 2738, q2->q3: 1515, q3->q1: 1111
Gym endings cumulative       : terminated=5786, truncated=14

[Episode 5900/8000 | last 100]
success rate                : 37.0% (cumulative 14.9%)
synthetic task reward       : 4600.000
shaping reward              : 0.000
learning reward             : 4600.000
episode length              : 589.1
abstract changes / episode  : 29.2
completed cycles / episode   : 0.46
automaton changes / episode  : 1.55
automaton changes in window  : q1->q2: 61, q2->q3: 48, q3->q1: 46
epsilon (next episode)       : 0.09438
replay buffer                : 300000 samples [q1: 60.8%, q2: 24.0%, q3: 15.3%]
state visits in window        : q1: 37746, q2: 14936, q3: 6324
state visits cumulative       : q1: 1295429, q2: 464252, q3: 295498
state entries in window       : q1: 146, q2: 61, q3: 48
state entries cumulative      : q1: 7057, q2: 2799, q3: 1563
transitions cumulative       : q1->q2: 2799, q2->q3: 1563, q3->q1: 1157
Gym endings cumulative       : terminated=5884, truncated=16

[Episode 6000/8000 | last 100]
success rate                : 34.0% (cumulative 15.2%)
synthetic task reward       : 3600.000
shaping reward              : 0.000
learning reward             : 3600.000
episode length              : 945.1
abstract changes / episode  : 36.8
completed cycles / episode   : 0.36
automaton changes / episode  : 1.21
automaton changes in window  : q1->q2: 47, q2->q3: 38, q3->q1: 36
epsilon (next episode)       : 0.09067
replay buffer                : 300000 samples [q1: 64.8%, q2: 22.0%, q3: 13.2%]
state visits in window        : q1: 77208, q2: 10936, q3: 6464
state visits cumulative       : q1: 1372637, q2: 475188, q3: 301962
state entries in window       : q1: 136, q2: 47, q3: 38
state entries cumulative      : q1: 7193, q2: 2846, q3: 1601
transitions cumulative       : q1->q2: 2846, q2->q3: 1601, q3->q1: 1193
Gym endings cumulative       : terminated=5980, truncated=20

[Episode 6100/8000 | last 100]
success rate                : 53.0% (cumulative 15.8%)
synthetic task reward       : 5600.000
shaping reward              : 0.000
learning reward             : 5600.000
episode length              : 636.7
abstract changes / episode  : 41.8
completed cycles / episode   : 0.56
automaton changes / episode  : 2.06
automaton changes in window  : q1->q2: 86, q2->q3: 64, q3->q1: 56
epsilon (next episode)       : 0.08712
replay buffer                : 300000 samples [q1: 67.1%, q2: 20.0%, q3: 12.8%]
state visits in window        : q1: 37002, q2: 16867, q3: 9903
state visits cumulative       : q1: 1409639, q2: 492055, q3: 311865
state entries in window       : q1: 156, q2: 86, q3: 64
state entries cumulative      : q1: 7349, q2: 2932, q3: 1665
transitions cumulative       : q1->q2: 2932, q2->q3: 1665, q3->q1: 1249
Gym endings cumulative       : terminated=6079, truncated=21

[Episode 6200/8000 | last 100]
success rate                : 50.0% (cumulative 16.4%)
synthetic task reward       : 5700.000
shaping reward              : 0.000
learning reward             : 5700.000
episode length              : 517.5
abstract changes / episode  : 35.1
completed cycles / episode   : 0.57
automaton changes / episode  : 1.98
automaton changes in window  : q1->q2: 79, q2->q3: 62, q3->q1: 57
epsilon (next episode)       : 0.08370
replay buffer                : 300000 samples [q1: 67.8%, q2: 19.2%, q3: 12.9%]
state visits in window        : q1: 32005, q2: 10085, q3: 9760
state visits cumulative       : q1: 1441644, q2: 502140, q3: 321625
state entries in window       : q1: 157, q2: 79, q3: 62
state entries cumulative      : q1: 7506, q2: 3011, q3: 1727
transitions cumulative       : q1->q2: 3011, q2->q3: 1727, q3->q1: 1306
Gym endings cumulative       : terminated=6179, truncated=21

[Episode 6300/8000 | last 100]
success rate                : 50.0% (cumulative 16.9%)
synthetic task reward       : 5400.000
shaping reward              : 0.000
learning reward             : 5400.000
episode length              : 499.9
abstract changes / episode  : 35.0
completed cycles / episode   : 0.54
automaton changes / episode  : 1.93
automaton changes in window  : q1->q2: 78, q2->q3: 61, q3->q1: 54
epsilon (next episode)       : 0.08042
replay buffer                : 300000 samples [q1: 68.4%, q2: 18.1%, q3: 13.5%]
state visits in window        : q1: 32008, q2: 8850, q3: 9228
state visits cumulative       : q1: 1473652, q2: 510990, q3: 330853
state entries in window       : q1: 154, q2: 78, q3: 61
state entries cumulative      : q1: 7660, q2: 3089, q3: 1788
transitions cumulative       : q1->q2: 3089, q2->q3: 1788, q3->q1: 1360
Gym endings cumulative       : terminated=6279, truncated=21

[Episode 6400/8000 | last 100]
success rate                : 39.0% (cumulative 17.2%)
synthetic task reward       : 4200.000
shaping reward              : 0.000
learning reward             : 4200.000
episode length              : 463.2
abstract changes / episode  : 28.6
completed cycles / episode   : 0.42
automaton changes / episode  : 1.50
automaton changes in window  : q1->q2: 60, q2->q3: 48, q3->q1: 42
epsilon (next episode)       : 0.07727
replay buffer                : 300000 samples [q1: 68.6%, q2: 17.5%, q3: 13.9%]
state visits in window        : q1: 31596, q2: 6823, q3: 7999
state visits cumulative       : q1: 1505248, q2: 517813, q3: 338852
state entries in window       : q1: 142, q2: 60, q3: 48
state entries cumulative      : q1: 7802, q2: 3149, q3: 1836
transitions cumulative       : q1->q2: 3149, q2->q3: 1836, q3->q1: 1402
Gym endings cumulative       : terminated=6379, truncated=21

[Episode 6500/8000 | last 100]
success rate                : 11.0% (cumulative 17.1%)
synthetic task reward       : 1500.000
shaping reward              : 0.000
learning reward             : 1500.000
episode length              : 1024.2
abstract changes / episode  : 30.7
completed cycles / episode   : 0.15
automaton changes / episode  : 0.77
automaton changes in window  : q1->q2: 38, q2->q3: 24, q3->q1: 15
epsilon (next episode)       : 0.07423
replay buffer                : 300000 samples [q1: 71.9%, q2: 15.3%, q3: 12.8%]
state visits in window        : q1: 92532, q2: 6084, q3: 3907
state visits cumulative       : q1: 1597780, q2: 523897, q3: 342759
state entries in window       : q1: 115, q2: 38, q3: 24
state entries cumulative      : q1: 7917, q2: 3187, q3: 1860
transitions cumulative       : q1->q2: 3187, q2->q3: 1860, q3->q1: 1417
Gym endings cumulative       : terminated=6469, truncated=31

[Episode 6600/8000 | last 100]
success rate                : 25.0% (cumulative 17.3%)
synthetic task reward       : 2700.000
shaping reward              : 0.000
learning reward             : 2700.000
episode length              : 696.3
abstract changes / episode  : 40.6
completed cycles / episode   : 0.27
automaton changes / episode  : 1.39
automaton changes in window  : q1->q2: 68, q2->q3: 44, q3->q1: 27
epsilon (next episode)       : 0.07132
replay buffer                : 300000 samples [q1: 72.0%, q2: 16.6%, q3: 11.4%]
state visits in window        : q1: 41104, q2: 21332, q3: 7296
state visits cumulative       : q1: 1638884, q2: 545229, q3: 350055
state entries in window       : q1: 127, q2: 68, q3: 44
state entries cumulative      : q1: 8044, q2: 3255, q3: 1904
transitions cumulative       : q1->q2: 3255, q2->q3: 1904, q3->q1: 1444
Gym endings cumulative       : terminated=6568, truncated=32

[Episode 6700/8000 | last 100]
success rate                : 23.0% (cumulative 17.3%)
synthetic task reward       : 2700.000
shaping reward              : 0.000
learning reward             : 2700.000
episode length              : 791.8
abstract changes / episode  : 37.4
completed cycles / episode   : 0.27
automaton changes / episode  : 1.13
automaton changes in window  : q1->q2: 55, q2->q3: 31, q3->q1: 27
epsilon (next episode)       : 0.06853
replay buffer                : 300000 samples [q1: 66.9%, q2: 20.8%, q3: 12.3%]
state visits in window        : q1: 34702, q2: 27609, q3: 16965
state visits cumulative       : q1: 1673586, q2: 572838, q3: 367020
state entries in window       : q1: 127, q2: 55, q3: 31
state entries cumulative      : q1: 8171, q2: 3310, q3: 1935
transitions cumulative       : q1->q2: 3310, q2->q3: 1935, q3->q1: 1471
Gym endings cumulative       : terminated=6661, truncated=39

[Episode 6800/8000 | last 100]
success rate                : 7.0% (cumulative 17.2%)
synthetic task reward       : 700.000
shaping reward              : 0.000
learning reward             : 700.000
episode length              : 418.5
abstract changes / episode  : 24.4
completed cycles / episode   : 0.07
automaton changes / episode  : 0.61
automaton changes in window  : q1->q2: 42, q2->q3: 12, q3->q1: 7
epsilon (next episode)       : 0.06584
replay buffer                : 300000 samples [q1: 66.8%, q2: 23.2%, q3: 10.0%]
state visits in window        : q1: 26023, q2: 14420, q3: 1510
state visits cumulative       : q1: 1699609, q2: 587258, q3: 368530
state entries in window       : q1: 107, q2: 42, q3: 12
state entries cumulative      : q1: 8278, q2: 3352, q3: 1947
transitions cumulative       : q1->q2: 3352, q2->q3: 1947, q3->q1: 1478
Gym endings cumulative       : terminated=6761, truncated=39

[Episode 6900/8000 | last 100]
success rate                : 0.0% (cumulative 16.9%)
synthetic task reward       : 0.000
shaping reward              : 0.000
learning reward             : 0.000
episode length              : 908.7
abstract changes / episode  : 30.2
completed cycles / episode   : 0.00
automaton changes / episode  : 0.77
automaton changes in window  : q1->q2: 57, q2->q3: 20
epsilon (next episode)       : 0.06326
replay buffer                : 300000 samples [q1: 44.6%, q2: 31.6%, q3: 23.7%]
state visits in window        : q1: 15111, q2: 31015, q3: 44848
state visits cumulative       : q1: 1714720, q2: 618273, q3: 413378
state entries in window       : q1: 100, q2: 57, q3: 20
state entries cumulative      : q1: 8378, q2: 3409, q3: 1967
transitions cumulative       : q1->q2: 3409, q2->q3: 1967, q3->q1: 1478
Gym endings cumulative       : terminated=6848, truncated=52

[Episode 7000/8000 | last 100]
success rate                : 3.0% (cumulative 16.7%)
synthetic task reward       : 300.000
shaping reward              : 0.000
learning reward             : 300.000
episode length              : 660.6
abstract changes / episode  : 26.7
completed cycles / episode   : 0.03
automaton changes / episode  : 0.75
automaton changes in window  : q1->q2: 49, q2->q3: 23, q3->q1: 3
epsilon (next episode)       : 0.06078
replay buffer                : 300000 samples [q1: 36.9%, q2: 36.3%, q3: 26.8%]
state visits in window        : q1: 21344, q2: 30252, q3: 14562
state visits cumulative       : q1: 1736064, q2: 648525, q3: 427940
state entries in window       : q1: 103, q2: 49, q3: 23
state entries cumulative      : q1: 8481, q2: 3458, q3: 1990
transitions cumulative       : q1->q2: 3458, q2->q3: 1990, q3->q1: 1481
Gym endings cumulative       : terminated=6944, truncated=56

[Episode 7100/8000 | last 100]
success rate                : 1.0% (cumulative 16.5%)
synthetic task reward       : 100.000
shaping reward              : 0.000
learning reward             : 100.000
episode length              : 348.5
abstract changes / episode  : 19.3
completed cycles / episode   : 0.01
automaton changes / episode  : 0.49
automaton changes in window  : q1->q2: 43, q2->q3: 5, q3->q1: 1
epsilon (next episode)       : 0.05839
replay buffer                : 300000 samples [q1: 33.2%, q2: 36.5%, q3: 30.3%]
state visits in window        : q1: 10753, q2: 9366, q3: 14827
state visits cumulative       : q1: 1746817, q2: 657891, q3: 442767
state entries in window       : q1: 101, q2: 43, q3: 5
state entries cumulative      : q1: 8582, q2: 3501, q3: 1995
transitions cumulative       : q1->q2: 3501, q2->q3: 1995, q3->q1: 1482
Gym endings cumulative       : terminated=7040, truncated=60

[Episode 7200/8000 | last 100]
success rate                : 8.0% (cumulative 16.4%)
synthetic task reward       : 800.000
shaping reward              : 0.000
learning reward             : 800.000
episode length              : 580.1
abstract changes / episode  : 19.8
completed cycles / episode   : 0.08
automaton changes / episode  : 0.62
automaton changes in window  : q1->q2: 33, q2->q3: 21, q3->q1: 8
epsilon (next episode)       : 0.05610
replay buffer                : 300000 samples [q1: 37.4%, q2: 32.2%, q3: 30.4%]
state visits in window        : q1: 34969, q2: 8469, q3: 14671
state visits cumulative       : q1: 1781786, q2: 666360, q3: 457438
state entries in window       : q1: 108, q2: 33, q3: 21
state entries cumulative      : q1: 8690, q2: 3534, q3: 2016
transitions cumulative       : q1->q2: 3534, q2->q3: 2016, q3->q1: 1490
Gym endings cumulative       : terminated=7136, truncated=64

[Episode 7300/8000 | last 100]
success rate                : 4.0% (cumulative 16.2%)
synthetic task reward       : 400.000
shaping reward              : 0.000
learning reward             : 400.000
episode length              : 296.4
abstract changes / episode  : 22.6
completed cycles / episode   : 0.04
automaton changes / episode  : 0.84
automaton changes in window  : q1->q2: 47, q2->q3: 33, q3->q1: 4
epsilon (next episode)       : 0.05390
replay buffer                : 300000 samples [q1: 38.2%, q2: 30.9%, q3: 31.0%]
state visits in window        : q1: 19939, q2: 6066, q3: 3735
state visits cumulative       : q1: 1801725, q2: 672426, q3: 461173
state entries in window       : q1: 104, q2: 47, q3: 33
state entries cumulative      : q1: 8794, q2: 3581, q3: 2049
transitions cumulative       : q1->q2: 3581, q2->q3: 2049, q3->q1: 1494
Gym endings cumulative       : terminated=7236, truncated=64

[Episode 7400/8000 | last 100]
success rate                : 1.0% (cumulative 16.0%)
synthetic task reward       : 100.000
shaping reward              : 0.000
learning reward             : 100.000
episode length              : 283.4
abstract changes / episode  : 17.2
completed cycles / episode   : 0.01
automaton changes / episode  : 0.41
automaton changes in window  : q1->q2: 28, q2->q3: 12, q3->q1: 1
epsilon (next episode)       : 0.05179
replay buffer                : 300000 samples [q1: 36.5%, q2: 31.8%, q3: 31.7%]
state visits in window        : q1: 11770, q2: 13950, q3: 2718
state visits cumulative       : q1: 1813495, q2: 686376, q3: 463891
state entries in window       : q1: 101, q2: 28, q3: 12
state entries cumulative      : q1: 8895, q2: 3609, q3: 2061
transitions cumulative       : q1->q2: 3609, q2->q3: 2061, q3->q1: 1495
Gym endings cumulative       : terminated=7335, truncated=65

[Episode 7500/8000 | last 100]
success rate                : 0.0% (cumulative 15.8%)
synthetic task reward       : 0.000
shaping reward              : 0.000
learning reward             : 0.000
episode length              : 389.8
abstract changes / episode  : 15.3
completed cycles / episode   : 0.00
automaton changes / episode  : 0.43
automaton changes in window  : q1->q2: 34, q2->q3: 9
epsilon (next episode)       : 0.04976
replay buffer                : 300000 samples [q1: 42.2%, q2: 28.7%, q3: 29.1%]
state visits in window        : q1: 20838, q2: 12526, q3: 5719
state visits cumulative       : q1: 1834333, q2: 698902, q3: 469610
state entries in window       : q1: 100, q2: 34, q3: 9
state entries cumulative      : q1: 8995, q2: 3643, q3: 2070
transitions cumulative       : q1->q2: 3643, q2->q3: 2070, q3->q1: 1495
Gym endings cumulative       : terminated=7432, truncated=68

[Episode 7600/8000 | last 100]
success rate                : 0.0% (cumulative 15.6%)
synthetic task reward       : 0.000
shaping reward              : 0.000
learning reward             : 0.000
episode length              : 260.1
abstract changes / episode  : 9.9
completed cycles / episode   : 0.00
automaton changes / episode  : 0.07
automaton changes in window  : q1->q2: 4, q2->q3: 3
epsilon (next episode)       : 0.04781
replay buffer                : 300000 samples [q1: 49.0%, q2: 28.8%, q3: 22.3%]
state visits in window        : q1: 23034, q2: 2470, q3: 608
state visits cumulative       : q1: 1857367, q2: 701372, q3: 470218
state entries in window       : q1: 100, q2: 4, q3: 3
state entries cumulative      : q1: 9095, q2: 3647, q3: 2073
transitions cumulative       : q1->q2: 3647, q2->q3: 2073, q3->q1: 1495
Gym endings cumulative       : terminated=7532, truncated=68

[Episode 7700/8000 | last 100]
success rate                : 2.0% (cumulative 15.4%)
synthetic task reward       : 200.000
shaping reward              : 0.000
learning reward             : 200.000
episode length              : 730.9
abstract changes / episode  : 19.6
completed cycles / episode   : 0.02
automaton changes / episode  : 0.41
automaton changes in window  : q1->q2: 30, q2->q3: 9, q3->q1: 2
epsilon (next episode)       : 0.04593
replay buffer                : 300000 samples [q1: 53.2%, q2: 25.9%, q3: 20.9%]
state visits in window        : q1: 37785, q2: 14998, q3: 20407
state visits cumulative       : q1: 1895152, q2: 716370, q3: 490625
state entries in window       : q1: 102, q2: 30, q3: 9
state entries cumulative      : q1: 9197, q2: 3677, q3: 2082
transitions cumulative       : q1->q2: 3677, q2->q3: 2082, q3->q1: 1497
Gym endings cumulative       : terminated=7622, truncated=78

[Episode 7800/8000 | last 100]
success rate                : 4.0% (cumulative 15.3%)
synthetic task reward       : 400.000
shaping reward              : 0.000
learning reward             : 400.000
episode length              : 520.8
abstract changes / episode  : 21.2
completed cycles / episode   : 0.04
automaton changes / episode  : 0.43
automaton changes in window  : q1->q2: 30, q2->q3: 9, q3->q1: 4
epsilon (next episode)       : 0.04413
replay buffer                : 300000 samples [q1: 53.9%, q2: 25.3%, q3: 20.8%]
state visits in window        : q1: 17580, q2: 18470, q3: 16130
state visits cumulative       : q1: 1912732, q2: 734840, q3: 506755
state entries in window       : q1: 104, q2: 30, q3: 9
state entries cumulative      : q1: 9301, q2: 3707, q3: 2091
transitions cumulative       : q1->q2: 3707, q2->q3: 2091, q3->q1: 1501
Gym endings cumulative       : terminated=7719, truncated=81

[Episode 7900/8000 | last 100]
success rate                : 4.0% (cumulative 15.1%)
synthetic task reward       : 400.000
shaping reward              : 0.000
learning reward             : 400.000
episode length              : 379.3
abstract changes / episode  : 21.2
completed cycles / episode   : 0.04
automaton changes / episode  : 0.60
automaton changes in window  : q1->q2: 45, q2->q3: 11, q3->q1: 4
epsilon (next episode)       : 0.04240
replay buffer                : 300000 samples [q1: 54.6%, q2: 26.7%, q3: 18.8%]
state visits in window        : q1: 27471, q2: 9239, q3: 1322
state visits cumulative       : q1: 1940203, q2: 744079, q3: 508077
state entries in window       : q1: 104, q2: 45, q3: 11
state entries cumulative      : q1: 9405, q2: 3752, q3: 2102
transitions cumulative       : q1->q2: 3752, q2->q3: 2102, q3->q1: 1505
Gym endings cumulative       : terminated=7819, truncated=81

[Episode 8000/8000 | last 100]
success rate                : 1.0% (cumulative 15.0%)
synthetic task reward       : 100.000
shaping reward              : 0.000
learning reward             : 100.000
episode length              : 364.2
abstract changes / episode  : 16.9
completed cycles / episode   : 0.01
automaton changes / episode  : 0.41
automaton changes in window  : q1->q2: 28, q2->q3: 12, q3->q1: 1
epsilon (next episode)       : 0.04074
replay buffer                : 300000 samples [q1: 57.9%, q2: 25.4%, q3: 16.7%]
state visits in window        : q1: 30964, q2: 3242, q3: 2311
state visits cumulative       : q1: 1971167, q2: 747321, q3: 510388
state entries in window       : q1: 101, q2: 28, q3: 12
state entries cumulative      : q1: 9506, q2: 3780, q3: 2114
transitions cumulative       : q1->q2: 3780, q2->q3: 2114, q3->q1: 1506
Gym endings cumulative       : terminated=7918, truncated=82
Last policy saved after episode 8000. Best policy: episode 4500, mean learning reward=12700.000
