
=== NEW RUN ===
episodes=8000, shaping=True, K=1.0, goal_reward=10000.0, gamma=0.99
training_shaping_gamma=True, shaping_formula=K*(gamma*Phi(next)-Phi(state))
inter_level_shaping=True, inter_level_K=1.0
formula=F(wp1 & X(F(g1)))
waypoints={'wp1': (1, 8), 'g1': (8, 8)}
dfa_states=[1, 2, 3], pre_trace=1, accepting=[3]

[Episode 1/8000 | last 1]
success rate                : 0.0% (cumulative 0.0%)
synthetic task reward       : 0.000
shaping reward              : -1610.344
learning reward             : -1610.344
episode length              : 78.0
abstract changes / episode  : 13.0
DFA transitions / episode   : 0.00
DFA transitions in window   : none
epsilon (next episode)       : 0.99960
replay buffer                : 78 samples [1: 100.0%, 2: 0.0%, 3: 0.0%]
DFA state visits in window   : 1: 79, 2: 0, 3: 0
DFA state visits cumulative  : 1: 79, 2: 0, 3: 0
DFA state entries in window  : 1: 1, 2: 0, 3: 0
DFA state entries cumulative : 1: 1, 2: 0, 3: 0
transitions cumulative       : none
accepted directly from s0    : 0
Gym endings cumulative       : terminated=1, truncated=0
Best policy updated at episode 1: mean learning reward=-1610.344

[Episode 100/8000 | last 100]
success rate                : 0.0% (cumulative 0.0%)
synthetic task reward       : 0.000
shaping reward              : -1542.518
learning reward             : -1542.518
episode length              : 95.5
abstract changes / episode  : 12.9
DFA transitions / episode   : 0.01
DFA transitions in window   : 1->2: 1
epsilon (next episode)       : 0.96078
replay buffer                : 9551 samples [1: 99.7%, 2: 0.3%, 3: 0.0%]
DFA state visits in window   : 1: 9618, 2: 33, 3: 0
DFA state visits cumulative  : 1: 9618, 2: 33, 3: 0
DFA state entries in window  : 1: 100, 2: 1, 3: 0
DFA state entries cumulative : 1: 100, 2: 1, 3: 0
transitions cumulative       : 1->2: 1
accepted directly from s0    : 0
Gym endings cumulative       : terminated=100, truncated=0
Best policy updated at episode 100: mean learning reward=-1542.518

[Episode 200/8000 | last 100]
success rate                : 0.0% (cumulative 0.0%)
synthetic task reward       : 0.000
shaping reward              : -1557.920
learning reward             : -1557.920
episode length              : 96.8
abstract changes / episode  : 13.1
DFA transitions / episode   : 0.03
DFA transitions in window   : 1->2: 3
epsilon (next episode)       : 0.92310
replay buffer                : 19236 samples [1: 99.4%, 2: 0.6%, 3: 0.0%]
DFA state visits in window   : 1: 9708, 2: 77, 3: 0
DFA state visits cumulative  : 1: 19326, 2: 110, 3: 0
DFA state entries in window  : 1: 100, 2: 3, 3: 0
DFA state entries cumulative : 1: 200, 2: 4, 3: 0
transitions cumulative       : 1->2: 4
accepted directly from s0    : 0
Gym endings cumulative       : terminated=200, truncated=0

[Episode 300/8000 | last 100]
success rate                : 0.0% (cumulative 0.0%)
synthetic task reward       : 0.000
shaping reward              : -1531.316
learning reward             : -1531.316
episode length              : 102.6
abstract changes / episode  : 13.1
DFA transitions / episode   : 0.03
DFA transitions in window   : 1->2: 3
epsilon (next episode)       : 0.88690
replay buffer                : 29499 samples [1: 99.4%, 2: 0.6%, 3: 0.0%]
DFA state visits in window   : 1: 10275, 2: 88, 3: 0
DFA state visits cumulative  : 1: 29601, 2: 198, 3: 0
DFA state entries in window  : 1: 100, 2: 3, 3: 0
DFA state entries cumulative : 1: 300, 2: 7, 3: 0
transitions cumulative       : 1->2: 7
accepted directly from s0    : 0
Gym endings cumulative       : terminated=300, truncated=0
Best policy updated at episode 300: mean learning reward=-1531.316

[Episode 400/8000 | last 100]
success rate                : 0.0% (cumulative 0.0%)
synthetic task reward       : 0.000
shaping reward              : -1510.448
learning reward             : -1510.448
episode length              : 116.4
abstract changes / episode  : 13.0
DFA transitions / episode   : 0.05
DFA transitions in window   : 1->2: 5
epsilon (next episode)       : 0.85212
replay buffer                : 41141 samples [1: 99.3%, 2: 0.7%, 3: 0.0%]
DFA state visits in window   : 1: 11631, 2: 111, 3: 0
DFA state visits cumulative  : 1: 41232, 2: 309, 3: 0
DFA state entries in window  : 1: 100, 2: 5, 3: 0
DFA state entries cumulative : 1: 400, 2: 12, 3: 0
transitions cumulative       : 1->2: 12
accepted directly from s0    : 0
Gym endings cumulative       : terminated=399, truncated=1
Best policy updated at episode 400: mean learning reward=-1510.448

[Episode 500/8000 | last 100]
success rate                : 0.0% (cumulative 0.0%)
synthetic task reward       : 0.000
shaping reward              : -1546.059
learning reward             : -1546.059
episode length              : 110.2
abstract changes / episode  : 13.0
DFA transitions / episode   : 0.00
DFA transitions in window   : none
epsilon (next episode)       : 0.81870
replay buffer                : 52160 samples [1: 99.4%, 2: 0.6%, 3: 0.0%]
DFA state visits in window   : 1: 11119, 2: 0, 3: 0
DFA state visits cumulative  : 1: 52351, 2: 309, 3: 0
DFA state entries in window  : 1: 100, 2: 0, 3: 0
DFA state entries cumulative : 1: 500, 2: 12, 3: 0
transitions cumulative       : 1->2: 12
accepted directly from s0    : 0
Gym endings cumulative       : terminated=499, truncated=1

[Episode 600/8000 | last 100]
success rate                : 0.0% (cumulative 0.0%)
synthetic task reward       : 0.000
shaping reward              : -1523.166
learning reward             : -1523.166
episode length              : 114.5
abstract changes / episode  : 13.0
DFA transitions / episode   : 0.04
DFA transitions in window   : 1->2: 4
epsilon (next episode)       : 0.78659
replay buffer                : 63615 samples [1: 99.4%, 2: 0.6%, 3: 0.0%]
DFA state visits in window   : 1: 11463, 2: 92, 3: 0
DFA state visits cumulative  : 1: 63814, 2: 401, 3: 0
DFA state entries in window  : 1: 100, 2: 4, 3: 0
DFA state entries cumulative : 1: 600, 2: 16, 3: 0
transitions cumulative       : 1->2: 16
accepted directly from s0    : 0
Gym endings cumulative       : terminated=599, truncated=1

[Episode 700/8000 | last 100]
success rate                : 0.0% (cumulative 0.0%)
synthetic task reward       : 0.000
shaping reward              : -1466.143
learning reward             : -1466.143
episode length              : 126.6
abstract changes / episode  : 12.9
DFA transitions / episode   : 0.06
DFA transitions in window   : 1->2: 6
epsilon (next episode)       : 0.75574
replay buffer                : 76271 samples [1: 99.3%, 2: 0.7%, 3: 0.0%]
DFA state visits in window   : 1: 12588, 2: 168, 3: 0
DFA state visits cumulative  : 1: 76402, 2: 569, 3: 0
DFA state entries in window  : 1: 100, 2: 6, 3: 0
DFA state entries cumulative : 1: 700, 2: 22, 3: 0
transitions cumulative       : 1->2: 22
accepted directly from s0    : 0
Gym endings cumulative       : terminated=698, truncated=2
Best policy updated at episode 700: mean learning reward=-1466.143

[Episode 800/8000 | last 100]
success rate                : 0.0% (cumulative 0.0%)
synthetic task reward       : 0.000
shaping reward              : -1352.069
learning reward             : -1352.069
episode length              : 126.0
abstract changes / episode  : 12.2
DFA transitions / episode   : 0.05
DFA transitions in window   : 1->2: 5
epsilon (next episode)       : 0.72610
replay buffer                : 88871 samples [1: 99.3%, 2: 0.7%, 3: 0.0%]
DFA state visits in window   : 1: 12593, 2: 107, 3: 0
DFA state visits cumulative  : 1: 88995, 2: 676, 3: 0
DFA state entries in window  : 1: 100, 2: 5, 3: 0
DFA state entries cumulative : 1: 800, 2: 27, 3: 0
transitions cumulative       : 1->2: 27
accepted directly from s0    : 0
Gym endings cumulative       : terminated=797, truncated=3
Best policy updated at episode 800: mean learning reward=-1352.069

[Episode 900/8000 | last 100]
success rate                : 0.0% (cumulative 0.0%)
synthetic task reward       : 0.000
shaping reward              : -1376.661
learning reward             : -1376.661
episode length              : 130.4
abstract changes / episode  : 12.2
DFA transitions / episode   : 0.06
DFA transitions in window   : 1->2: 6
epsilon (next episode)       : 0.69763
replay buffer                : 101915 samples [1: 99.2%, 2: 0.8%, 3: 0.0%]
DFA state visits in window   : 1: 13021, 2: 123, 3: 0
DFA state visits cumulative  : 1: 102016, 2: 799, 3: 0
DFA state entries in window  : 1: 100, 2: 6, 3: 0
DFA state entries cumulative : 1: 900, 2: 33, 3: 0
transitions cumulative       : 1->2: 33
accepted directly from s0    : 0
Gym endings cumulative       : terminated=897, truncated=3

[Episode 1000/8000 | last 100]
success rate                : 0.0% (cumulative 0.0%)
synthetic task reward       : 0.000
shaping reward              : -1407.386
learning reward             : -1407.386
episode length              : 131.8
abstract changes / episode  : 12.5
DFA transitions / episode   : 0.05
DFA transitions in window   : 1->2: 5
epsilon (next episode)       : 0.67027
replay buffer                : 115098 samples [1: 99.2%, 2: 0.8%, 3: 0.0%]
DFA state visits in window   : 1: 13172, 2: 111, 3: 0
DFA state visits cumulative  : 1: 115188, 2: 910, 3: 0
DFA state entries in window  : 1: 100, 2: 5, 3: 0
DFA state entries cumulative : 1: 1000, 2: 38, 3: 0
transitions cumulative       : 1->2: 38
accepted directly from s0    : 0
Gym endings cumulative       : terminated=997, truncated=3

[Episode 1100/8000 | last 100]
success rate                : 0.0% (cumulative 0.0%)
synthetic task reward       : 0.000
shaping reward              : -1438.391
learning reward             : -1438.391
episode length              : 148.3
abstract changes / episode  : 12.9
DFA transitions / episode   : 0.04
DFA transitions in window   : 1->2: 4
epsilon (next episode)       : 0.64398
replay buffer                : 129933 samples [1: 99.2%, 2: 0.8%, 3: 0.0%]
DFA state visits in window   : 1: 14784, 2: 151, 3: 0
DFA state visits cumulative  : 1: 129972, 2: 1061, 3: 0
DFA state entries in window  : 1: 100, 2: 4, 3: 0
DFA state entries cumulative : 1: 1100, 2: 42, 3: 0
transitions cumulative       : 1->2: 42
accepted directly from s0    : 0
Gym endings cumulative       : terminated=1097, truncated=3

[Episode 1200/8000 | last 100]
success rate                : 0.0% (cumulative 0.0%)
synthetic task reward       : 0.000
shaping reward              : -1584.788
learning reward             : -1584.788
episode length              : 157.9
abstract changes / episode  : 13.7
DFA transitions / episode   : 0.03
DFA transitions in window   : 1->2: 3
epsilon (next episode)       : 0.61872
replay buffer                : 145722 samples [1: 99.1%, 2: 0.9%, 3: 0.0%]
DFA state visits in window   : 1: 15555, 2: 334, 3: 0
DFA state visits cumulative  : 1: 145527, 2: 1395, 3: 0
DFA state entries in window  : 1: 100, 2: 3, 3: 0
DFA state entries cumulative : 1: 1200, 2: 45, 3: 0
transitions cumulative       : 1->2: 45
accepted directly from s0    : 0
Gym endings cumulative       : terminated=1197, truncated=3

[Episode 1300/8000 | last 100]
success rate                : 0.0% (cumulative 0.0%)
synthetic task reward       : 0.000
shaping reward              : -1591.383
learning reward             : -1591.383
episode length              : 160.8
abstract changes / episode  : 13.9
DFA transitions / episode   : 0.04
DFA transitions in window   : 1->2: 4
epsilon (next episode)       : 0.59446
replay buffer                : 161802 samples [1: 99.1%, 2: 0.9%, 3: 0.0%]
DFA state visits in window   : 1: 15998, 2: 182, 3: 0
DFA state visits cumulative  : 1: 161525, 2: 1577, 3: 0
DFA state entries in window  : 1: 100, 2: 4, 3: 0
DFA state entries cumulative : 1: 1300, 2: 49, 3: 0
transitions cumulative       : 1->2: 49
accepted directly from s0    : 0
Gym endings cumulative       : terminated=1295, truncated=5

[Episode 1400/8000 | last 100]
success rate                : 0.0% (cumulative 0.0%)
synthetic task reward       : 0.000
shaping reward              : -1547.165
learning reward             : -1547.165
episode length              : 144.6
abstract changes / episode  : 12.9
DFA transitions / episode   : 0.00
DFA transitions in window   : none
epsilon (next episode)       : 0.57115
replay buffer                : 176259 samples [1: 99.1%, 2: 0.9%, 3: 0.0%]
DFA state visits in window   : 1: 14557, 2: 0, 3: 0
DFA state visits cumulative  : 1: 176082, 2: 1577, 3: 0
DFA state entries in window  : 1: 100, 2: 0, 3: 0
DFA state entries cumulative : 1: 1400, 2: 49, 3: 0
transitions cumulative       : 1->2: 49
accepted directly from s0    : 0
Gym endings cumulative       : terminated=1393, truncated=7

[Episode 1500/8000 | last 100]
success rate                : 0.0% (cumulative 0.0%)
synthetic task reward       : 0.000
shaping reward              : -1563.306
learning reward             : -1563.306
episode length              : 177.4
abstract changes / episode  : 13.2
DFA transitions / episode   : 0.00
DFA transitions in window   : none
epsilon (next episode)       : 0.54875
replay buffer                : 194001 samples [1: 99.2%, 2: 0.8%, 3: 0.0%]
DFA state visits in window   : 1: 17842, 2: 0, 3: 0
DFA state visits cumulative  : 1: 193924, 2: 1577, 3: 0
DFA state entries in window  : 1: 100, 2: 0, 3: 0
DFA state entries cumulative : 1: 1500, 2: 49, 3: 0
transitions cumulative       : 1->2: 49
accepted directly from s0    : 0
Gym endings cumulative       : terminated=1487, truncated=13

[Episode 1600/8000 | last 100]
success rate                : 0.0% (cumulative 0.0%)
synthetic task reward       : 0.000
shaping reward              : -1574.655
learning reward             : -1574.655
episode length              : 181.4
abstract changes / episode  : 13.2
DFA transitions / episode   : 0.00
DFA transitions in window   : none
epsilon (next episode)       : 0.52722
replay buffer                : 212137 samples [1: 99.3%, 2: 0.7%, 3: 0.0%]
DFA state visits in window   : 1: 18236, 2: 0, 3: 0
DFA state visits cumulative  : 1: 212160, 2: 1577, 3: 0
DFA state entries in window  : 1: 100, 2: 0, 3: 0
DFA state entries cumulative : 1: 1600, 2: 49, 3: 0
transitions cumulative       : 1->2: 49
accepted directly from s0    : 0
Gym endings cumulative       : terminated=1582, truncated=18

[Episode 1700/8000 | last 100]
success rate                : 0.0% (cumulative 0.0%)
synthetic task reward       : 0.000
shaping reward              : -1646.985
learning reward             : -1646.985
episode length              : 231.4
abstract changes / episode  : 15.1
DFA transitions / episode   : 0.08
DFA transitions in window   : 1->2: 8
epsilon (next episode)       : 0.50655
replay buffer                : 235275 samples [1: 98.9%, 2: 1.1%, 3: 0.0%]
DFA state visits in window   : 1: 22231, 2: 1007, 3: 0
DFA state visits cumulative  : 1: 234391, 2: 2584, 3: 0
DFA state entries in window  : 1: 100, 2: 8, 3: 0
DFA state entries cumulative : 1: 1700, 2: 57, 3: 0
transitions cumulative       : 1->2: 57
accepted directly from s0    : 0
Gym endings cumulative       : terminated=1680, truncated=20

[Episode 1800/8000 | last 100]
success rate                : 0.0% (cumulative 0.0%)
synthetic task reward       : 0.000
shaping reward              : -1548.398
learning reward             : -1548.398
episode length              : 284.8
abstract changes / episode  : 15.5
DFA transitions / episode   : 0.10
DFA transitions in window   : 1->2: 10
epsilon (next episode)       : 0.48668
replay buffer                : 263751 samples [1: 98.7%, 2: 1.3%, 3: 0.0%]
DFA state visits in window   : 1: 27567, 2: 1009, 3: 0
DFA state visits cumulative  : 1: 261958, 2: 3593, 3: 0
DFA state entries in window  : 1: 100, 2: 10, 3: 0
DFA state entries cumulative : 1: 1800, 2: 67, 3: 0
transitions cumulative       : 1->2: 67
accepted directly from s0    : 0
Gym endings cumulative       : terminated=1777, truncated=23

[Episode 1900/8000 | last 100]
success rate                : 0.0% (cumulative 0.0%)
synthetic task reward       : 0.000
shaping reward              : -1773.499
learning reward             : -1773.499
episode length              : 305.8
abstract changes / episode  : 16.3
DFA transitions / episode   : 0.02
DFA transitions in window   : 1->2: 2
epsilon (next episode)       : 0.46760
replay buffer                : 294328 samples [1: 98.8%, 2: 1.2%, 3: 0.0%]
DFA state visits in window   : 1: 30542, 2: 135, 3: 0
DFA state visits cumulative  : 1: 292500, 2: 3728, 3: 0
DFA state entries in window  : 1: 100, 2: 2, 3: 0
DFA state entries cumulative : 1: 1900, 2: 69, 3: 0
transitions cumulative       : 1->2: 69
accepted directly from s0    : 0
Gym endings cumulative       : terminated=1868, truncated=32

[Episode 2000/8000 | last 100]
success rate                : 0.0% (cumulative 0.0%)
synthetic task reward       : 0.000
shaping reward              : -1812.963
learning reward             : -1812.963
episode length              : 315.2
abstract changes / episode  : 17.2
DFA transitions / episode   : 0.04
DFA transitions in window   : 1->2: 4
epsilon (next episode)       : 0.44926
replay buffer                : 300000 samples [1: 98.8%, 2: 1.2%, 3: 0.0%]
DFA state visits in window   : 1: 31442, 2: 180, 3: 0
DFA state visits cumulative  : 1: 323942, 2: 3908, 3: 0
DFA state entries in window  : 1: 100, 2: 4, 3: 0
DFA state entries cumulative : 1: 2000, 2: 73, 3: 0
transitions cumulative       : 1->2: 73
accepted directly from s0    : 0
Gym endings cumulative       : terminated=1961, truncated=39

[Episode 2100/8000 | last 100]
success rate                : 0.0% (cumulative 0.0%)
synthetic task reward       : 0.000
shaping reward              : -1890.460
learning reward             : -1890.460
episode length              : 333.3
abstract changes / episode  : 18.1
DFA transitions / episode   : 0.02
DFA transitions in window   : 1->2: 2
epsilon (next episode)       : 0.43164
replay buffer                : 300000 samples [1: 98.8%, 2: 1.2%, 3: 0.0%]
DFA state visits in window   : 1: 33365, 2: 67, 3: 0
DFA state visits cumulative  : 1: 357307, 2: 3975, 3: 0
DFA state entries in window  : 1: 100, 2: 2, 3: 0
DFA state entries cumulative : 1: 2100, 2: 75, 3: 0
transitions cumulative       : 1->2: 75
accepted directly from s0    : 0
Gym endings cumulative       : terminated=2053, truncated=47

[Episode 2200/8000 | last 100]
success rate                : 0.0% (cumulative 0.0%)
synthetic task reward       : 0.000
shaping reward              : -1844.716
learning reward             : -1844.716
episode length              : 328.4
abstract changes / episode  : 19.4
DFA transitions / episode   : 0.15
DFA transitions in window   : 1->2: 15
epsilon (next episode)       : 0.41471
replay buffer                : 300000 samples [1: 98.1%, 2: 1.9%, 3: 0.0%]
DFA state visits in window   : 1: 30377, 2: 2558, 3: 0
DFA state visits cumulative  : 1: 387684, 2: 6533, 3: 0
DFA state entries in window  : 1: 100, 2: 15, 3: 0
DFA state entries cumulative : 1: 2200, 2: 90, 3: 0
transitions cumulative       : 1->2: 90
accepted directly from s0    : 0
Gym endings cumulative       : terminated=2147, truncated=53

[Episode 2300/8000 | last 100]
success rate                : 0.0% (cumulative 0.0%)
synthetic task reward       : 0.000
shaping reward              : -1942.075
learning reward             : -1942.075
episode length              : 436.6
abstract changes / episode  : 21.3
DFA transitions / episode   : 0.16
DFA transitions in window   : 1->2: 16
epsilon (next episode)       : 0.39845
replay buffer                : 300000 samples [1: 97.4%, 2: 2.6%, 3: 0.0%]
DFA state visits in window   : 1: 41304, 2: 2459, 3: 0
DFA state visits cumulative  : 1: 428988, 2: 8992, 3: 0
DFA state entries in window  : 1: 100, 2: 16, 3: 0
DFA state entries cumulative : 1: 2300, 2: 106, 3: 0
transitions cumulative       : 1->2: 106
accepted directly from s0    : 0
Gym endings cumulative       : terminated=2238, truncated=62

[Episode 2400/8000 | last 100]
success rate                : 0.0% (cumulative 0.0%)
synthetic task reward       : 0.000
shaping reward              : -1992.290
learning reward             : -1992.290
episode length              : 406.9
abstract changes / episode  : 21.8
DFA transitions / episode   : 0.13
DFA transitions in window   : 1->2: 13
epsilon (next episode)       : 0.38282
replay buffer                : 300000 samples [1: 96.1%, 2: 3.9%, 3: 0.0%]
DFA state visits in window   : 1: 36502, 2: 4290, 3: 0
DFA state visits cumulative  : 1: 465490, 2: 13282, 3: 0
DFA state entries in window  : 1: 100, 2: 13, 3: 0
DFA state entries cumulative : 1: 2400, 2: 119, 3: 0
transitions cumulative       : 1->2: 119
accepted directly from s0    : 0
Gym endings cumulative       : terminated=2326, truncated=74

[Episode 2500/8000 | last 100]
success rate                : 0.0% (cumulative 0.0%)
synthetic task reward       : 0.000
shaping reward              : -1693.656
learning reward             : -1693.656
episode length              : 393.0
abstract changes / episode  : 20.5
DFA transitions / episode   : 0.35
DFA transitions in window   : 1->2: 35
epsilon (next episode)       : 0.36781
replay buffer                : 300000 samples [1: 93.1%, 2: 6.9%, 3: 0.0%]
DFA state visits in window   : 1: 30418, 2: 8985, 3: 0
DFA state visits cumulative  : 1: 495908, 2: 22267, 3: 0
DFA state entries in window  : 1: 100, 2: 35, 3: 0
DFA state entries cumulative : 1: 2500, 2: 154, 3: 0
transitions cumulative       : 1->2: 154
accepted directly from s0    : 0
Gym endings cumulative       : terminated=2413, truncated=87

[Episode 2600/8000 | last 100]
success rate                : 1.0% (cumulative 0.0%)
synthetic task reward       : 100.000
shaping reward              : -1489.843
learning reward             : -1389.843
episode length              : 392.9
abstract changes / episode  : 19.2
DFA transitions / episode   : 0.38
DFA transitions in window   : 1->2: 37, 2->3: 1
epsilon (next episode)       : 0.35338
replay buffer                : 300000 samples [1: 90.4%, 2: 9.6%, 3: 0.0%]
DFA state visits in window   : 1: 29696, 2: 9693, 3: 1
DFA state visits cumulative  : 1: 525604, 2: 31960, 3: 1
DFA state entries in window  : 1: 100, 2: 37, 3: 1
DFA state entries cumulative : 1: 2600, 2: 191, 3: 1
transitions cumulative       : 1->2: 191, 2->3: 1
accepted directly from s0    : 0
Gym endings cumulative       : terminated=2502, truncated=97

[Episode 2700/8000 | last 100]
success rate                : 3.0% (cumulative 0.1%)
synthetic task reward       : 300.000
shaping reward              : -1406.814
learning reward             : -1106.814
episode length              : 385.7
abstract changes / episode  : 18.2
DFA transitions / episode   : 0.24
DFA transitions in window   : 1->2: 21, 2->3: 3
epsilon (next episode)       : 0.33952
replay buffer                : 300000 samples [1: 89.1%, 2: 10.9%, 3: 0.0%]
DFA state visits in window   : 1: 34140, 2: 4526, 3: 3
DFA state visits cumulative  : 1: 559744, 2: 36486, 3: 4
DFA state entries in window  : 1: 100, 2: 21, 3: 3
DFA state entries cumulative : 1: 2700, 2: 212, 3: 4
transitions cumulative       : 1->2: 212, 2->3: 4
accepted directly from s0    : 0
Gym endings cumulative       : terminated=2591, truncated=105
Best policy updated at episode 2700: mean learning reward=-1106.814

[Episode 2800/8000 | last 100]
success rate                : 3.0% (cumulative 0.2%)
synthetic task reward       : 300.000
shaping reward              : -1586.406
learning reward             : -1286.406
episode length              : 435.9
abstract changes / episode  : 20.6
DFA transitions / episode   : 0.33
DFA transitions in window   : 1->2: 30, 2->3: 3
epsilon (next episode)       : 0.32621
replay buffer                : 300000 samples [1: 87.4%, 2: 12.6%, 3: 0.0%]
DFA state visits in window   : 1: 38292, 2: 5397, 3: 3
DFA state visits cumulative  : 1: 598036, 2: 41883, 3: 7
DFA state entries in window  : 1: 100, 2: 30, 3: 3
DFA state entries cumulative : 1: 2800, 2: 242, 3: 7
transitions cumulative       : 1->2: 242, 2->3: 7
accepted directly from s0    : 0
Gym endings cumulative       : terminated=2682, truncated=111

[Episode 2900/8000 | last 100]
success rate                : 5.0% (cumulative 0.4%)
synthetic task reward       : 500.000
shaping reward              : -1375.138
learning reward             : -875.138
episode length              : 358.6
abstract changes / episode  : 20.2
DFA transitions / episode   : 0.50
DFA transitions in window   : 1->2: 45, 2->3: 5
epsilon (next episode)       : 0.31341
replay buffer                : 300000 samples [1: 84.0%, 2: 16.0%, 3: 0.0%]
DFA state visits in window   : 1: 25683, 2: 10275, 3: 5
DFA state visits cumulative  : 1: 623719, 2: 52158, 3: 12
DFA state entries in window  : 1: 100, 2: 45, 3: 5
DFA state entries cumulative : 1: 2900, 2: 287, 3: 12
transitions cumulative       : 1->2: 287, 2->3: 12
accepted directly from s0    : 0
Gym endings cumulative       : terminated=2773, truncated=115
Best policy updated at episode 2900: mean learning reward=-875.138

[Episode 3000/8000 | last 100]
success rate                : 7.0% (cumulative 0.6%)
synthetic task reward       : 700.000
shaping reward              : -1396.800
learning reward             : -696.800
episode length              : 324.2
abstract changes / episode  : 20.6
DFA transitions / episode   : 0.52
DFA transitions in window   : 1->2: 45, 2->3: 7
epsilon (next episode)       : 0.30112
replay buffer                : 300000 samples [1: 81.9%, 2: 18.1%, 3: 0.0%]
DFA state visits in window   : 1: 22916, 2: 9598, 3: 7
DFA state visits cumulative  : 1: 646635, 2: 61756, 3: 19
DFA state entries in window  : 1: 100, 2: 45, 3: 7
DFA state entries cumulative : 1: 3000, 2: 332, 3: 19
transitions cumulative       : 1->2: 332, 2->3: 19
accepted directly from s0    : 0
Gym endings cumulative       : terminated=2866, truncated=115
Best policy updated at episode 3000: mean learning reward=-696.800

[Episode 3100/8000 | last 100]
success rate                : 8.0% (cumulative 0.9%)
synthetic task reward       : 800.000
shaping reward              : -1052.553
learning reward             : -252.553
episode length              : 269.3
abstract changes / episode  : 18.3
DFA transitions / episode   : 0.63
DFA transitions in window   : 1->2: 55, 2->3: 8
epsilon (next episode)       : 0.28931
replay buffer                : 300000 samples [1: 80.1%, 2: 19.9%, 3: 0.0%]
DFA state visits in window   : 1: 19765, 2: 7255, 3: 8
DFA state visits cumulative  : 1: 666400, 2: 69011, 3: 27
DFA state entries in window  : 1: 100, 2: 55, 3: 8
DFA state entries cumulative : 1: 3100, 2: 387, 3: 27
transitions cumulative       : 1->2: 387, 2->3: 27
accepted directly from s0    : 0
Gym endings cumulative       : terminated=2957, truncated=116
Best policy updated at episode 3100: mean learning reward=-252.553

[Episode 3200/8000 | last 100]
success rate                : 13.0% (cumulative 1.2%)
synthetic task reward       : 1300.000
shaping reward              : -1393.141
learning reward             : -93.141
episode length              : 327.2
abstract changes / episode  : 22.7
DFA transitions / episode   : 0.79
DFA transitions in window   : 1->2: 66, 2->3: 13
epsilon (next episode)       : 0.27797
replay buffer                : 300000 samples [1: 77.0%, 2: 23.0%, 3: 0.0%]
DFA state visits in window   : 1: 20410, 2: 12399, 3: 13
DFA state visits cumulative  : 1: 686810, 2: 81410, 3: 40
DFA state entries in window  : 1: 100, 2: 66, 3: 13
DFA state entries cumulative : 1: 3200, 2: 453, 3: 40
transitions cumulative       : 1->2: 453, 2->3: 40
accepted directly from s0    : 0
Gym endings cumulative       : terminated=3040, truncated=120
Best policy updated at episode 3200: mean learning reward=-93.141

[Episode 3300/8000 | last 100]
success rate                : 12.0% (cumulative 1.6%)
synthetic task reward       : 1200.000
shaping reward              : -1307.312
learning reward             : -107.312
episode length              : 306.1
abstract changes / episode  : 22.7
DFA transitions / episode   : 0.83
DFA transitions in window   : 1->2: 71, 2->3: 12
epsilon (next episode)       : 0.26706
replay buffer                : 300000 samples [1: 75.0%, 2: 25.0%, 3: 0.0%]
DFA state visits in window   : 1: 19684, 2: 11014, 3: 12
DFA state visits cumulative  : 1: 706494, 2: 92424, 3: 52
DFA state entries in window  : 1: 100, 2: 71, 3: 12
DFA state entries cumulative : 1: 3300, 2: 524, 3: 52
transitions cumulative       : 1->2: 524, 2->3: 52
accepted directly from s0    : 0
Gym endings cumulative       : terminated=3126, truncated=122

[Episode 3400/8000 | last 100]
success rate                : 10.0% (cumulative 1.8%)
synthetic task reward       : 1000.000
shaping reward              : -1384.280
learning reward             : -384.280
episode length              : 328.1
abstract changes / episode  : 22.3
DFA transitions / episode   : 0.72
DFA transitions in window   : 1->2: 62, 2->3: 10
epsilon (next episode)       : 0.25659
replay buffer                : 300000 samples [1: 73.5%, 2: 26.5%, 3: 0.0%]
DFA state visits in window   : 1: 21257, 2: 11641, 3: 10
DFA state visits cumulative  : 1: 727751, 2: 104065, 3: 62
DFA state entries in window  : 1: 100, 2: 62, 3: 10
DFA state entries cumulative : 1: 3400, 2: 586, 3: 62
transitions cumulative       : 1->2: 586, 2->3: 62
accepted directly from s0    : 0
Gym endings cumulative       : terminated=3216, truncated=122

[Episode 3500/8000 | last 100]
success rate                : 23.0% (cumulative 2.4%)
synthetic task reward       : 2300.000
shaping reward              : -1341.130
learning reward             : 958.870
episode length              : 375.6
abstract changes / episode  : 25.3
DFA transitions / episode   : 1.09
DFA transitions in window   : 1->2: 86, 2->3: 23
epsilon (next episode)       : 0.24653
replay buffer                : 300000 samples [1: 70.8%, 2: 29.2%, 3: 0.0%]
DFA state visits in window   : 1: 20133, 2: 17499, 3: 23
DFA state visits cumulative  : 1: 747884, 2: 121564, 3: 85
DFA state entries in window  : 1: 100, 2: 86, 3: 23
DFA state entries cumulative : 1: 3500, 2: 672, 3: 85
transitions cumulative       : 1->2: 672, 2->3: 85
accepted directly from s0    : 0
Gym endings cumulative       : terminated=3291, truncated=124
Best policy updated at episode 3500: mean learning reward=958.870

[Episode 3600/8000 | last 100]
success rate                : 23.0% (cumulative 3.0%)
synthetic task reward       : 2300.000
shaping reward              : -1395.872
learning reward             : 904.128
episode length              : 385.5
abstract changes / episode  : 25.5
DFA transitions / episode   : 0.98
DFA transitions in window   : 1->2: 75, 2->3: 23
epsilon (next episode)       : 0.23686
replay buffer                : 300000 samples [1: 66.2%, 2: 33.8%, 3: 0.0%]
DFA state visits in window   : 1: 21059, 2: 17570, 3: 23
DFA state visits cumulative  : 1: 768943, 2: 139134, 3: 108
DFA state entries in window  : 1: 100, 2: 75, 3: 23
DFA state entries cumulative : 1: 3600, 2: 747, 3: 108
transitions cumulative       : 1->2: 747, 2->3: 108
accepted directly from s0    : 0
Gym endings cumulative       : terminated=3365, truncated=127

[Episode 3700/8000 | last 100]
success rate                : 37.0% (cumulative 3.9%)
synthetic task reward       : 3700.000
shaping reward              : -1809.148
learning reward             : 1890.852
episode length              : 441.8
abstract changes / episode  : 29.5
DFA transitions / episode   : 1.10
DFA transitions in window   : 1->2: 73, 2->3: 37
epsilon (next episode)       : 0.22757
replay buffer                : 300000 samples [1: 61.3%, 2: 38.7%, 3: 0.0%]
DFA state visits in window   : 1: 23253, 2: 20986, 3: 37
DFA state visits cumulative  : 1: 792196, 2: 160120, 3: 145
DFA state entries in window  : 1: 100, 2: 73, 3: 37
DFA state entries cumulative : 1: 3700, 2: 820, 3: 145
transitions cumulative       : 1->2: 820, 2->3: 145
accepted directly from s0    : 0
Gym endings cumulative       : terminated=3425, truncated=131
Best policy updated at episode 3700: mean learning reward=1890.852

[Episode 3800/8000 | last 100]
success rate                : 59.0% (cumulative 5.4%)
synthetic task reward       : 5900.000
shaping reward              : -1769.603
learning reward             : 4130.397
episode length              : 475.8
abstract changes / episode  : 31.6
DFA transitions / episode   : 1.39
DFA transitions in window   : 1->2: 80, 2->3: 59
epsilon (next episode)       : 0.21865
replay buffer                : 300000 samples [1: 60.3%, 2: 39.7%, 3: 0.0%]
DFA state visits in window   : 1: 29186, 2: 18431, 3: 59
DFA state visits cumulative  : 1: 821382, 2: 178551, 3: 204
DFA state entries in window  : 1: 100, 2: 80, 3: 59
DFA state entries cumulative : 1: 3800, 2: 900, 3: 204
transitions cumulative       : 1->2: 900, 2->3: 204
accepted directly from s0    : 0
Gym endings cumulative       : terminated=3459, truncated=138
Best policy updated at episode 3800: mean learning reward=4130.397

[Episode 3900/8000 | last 100]
success rate                : 69.0% (cumulative 7.0%)
synthetic task reward       : 6900.000
shaping reward              : -1417.346
learning reward             : 5482.654
episode length              : 409.8
abstract changes / episode  : 28.4
DFA transitions / episode   : 1.55
DFA transitions in window   : 1->2: 86, 2->3: 69
epsilon (next episode)       : 0.21007
replay buffer                : 300000 samples [1: 57.2%, 2: 42.8%, 3: 0.0%]
DFA state visits in window   : 1: 20332, 2: 20674, 3: 69
DFA state visits cumulative  : 1: 841714, 2: 199225, 3: 273
DFA state entries in window  : 1: 100, 2: 86, 3: 69
DFA state entries cumulative : 1: 3900, 2: 986, 3: 273
transitions cumulative       : 1->2: 986, 2->3: 273
accepted directly from s0    : 0
Gym endings cumulative       : terminated=3488, truncated=140
Best policy updated at episode 3900: mean learning reward=5482.654

[Episode 4000/8000 | last 100]
success rate                : 59.0% (cumulative 8.3%)
synthetic task reward       : 5900.000
shaping reward              : -1233.926
learning reward             : 4666.074
episode length              : 334.8
abstract changes / episode  : 24.6
DFA transitions / episode   : 1.39
DFA transitions in window   : 1->2: 80, 2->3: 59
epsilon (next episode)       : 0.20183
replay buffer                : 300000 samples [1: 56.1%, 2: 43.9%, 3: 0.0%]
DFA state visits in window   : 1: 17628, 2: 15890, 3: 59
DFA state visits cumulative  : 1: 859342, 2: 215115, 3: 332
DFA state entries in window  : 1: 100, 2: 80, 3: 59
DFA state entries cumulative : 1: 4000, 2: 1066, 3: 332
transitions cumulative       : 1->2: 1066, 2->3: 332
accepted directly from s0    : 0
Gym endings cumulative       : terminated=3529, truncated=140

[Episode 4100/8000 | last 100]
success rate                : 66.0% (cumulative 9.7%)
synthetic task reward       : 6600.000
shaping reward              : -954.431
learning reward             : 5645.569
episode length              : 328.8
abstract changes / episode  : 23.1
DFA transitions / episode   : 1.48
DFA transitions in window   : 1->2: 82, 2->3: 66
epsilon (next episode)       : 0.19392
replay buffer                : 300000 samples [1: 55.3%, 2: 44.7%, 3: 0.0%]
DFA state visits in window   : 1: 18439, 2: 14474, 3: 66
DFA state visits cumulative  : 1: 877781, 2: 229589, 3: 398
DFA state entries in window  : 1: 100, 2: 82, 3: 66
DFA state entries cumulative : 1: 4100, 2: 1148, 3: 398
transitions cumulative       : 1->2: 1148, 2->3: 398
accepted directly from s0    : 0
Gym endings cumulative       : terminated=3563, truncated=140
Best policy updated at episode 4100: mean learning reward=5645.569

[Episode 4200/8000 | last 100]
success rate                : 65.0% (cumulative 11.0%)
synthetic task reward       : 6500.000
shaping reward              : -1359.352
learning reward             : 5140.648
episode length              : 374.9
abstract changes / episode  : 27.0
DFA transitions / episode   : 1.48
DFA transitions in window   : 1->2: 83, 2->3: 65
epsilon (next episode)       : 0.18631
replay buffer                : 300000 samples [1: 53.7%, 2: 46.3%, 3: 0.0%]
DFA state visits in window   : 1: 18435, 2: 19086, 3: 65
DFA state visits cumulative  : 1: 896216, 2: 248675, 3: 463
DFA state entries in window  : 1: 100, 2: 83, 3: 65
DFA state entries cumulative : 1: 4200, 2: 1231, 3: 463
transitions cumulative       : 1->2: 1231, 2->3: 463
accepted directly from s0    : 0
Gym endings cumulative       : terminated=3598, truncated=140

[Episode 4300/8000 | last 100]
success rate                : 62.0% (cumulative 12.2%)
synthetic task reward       : 6200.000
shaping reward              : -947.871
learning reward             : 5252.129
episode length              : 319.7
abstract changes / episode  : 22.1
DFA transitions / episode   : 1.37
DFA transitions in window   : 1->2: 75, 2->3: 62
epsilon (next episode)       : 0.17900
replay buffer                : 300000 samples [1: 54.3%, 2: 45.7%, 3: 0.0%]
DFA state visits in window   : 1: 18470, 2: 13538, 3: 62
DFA state visits cumulative  : 1: 914686, 2: 262213, 3: 525
DFA state entries in window  : 1: 100, 2: 75, 3: 62
DFA state entries cumulative : 1: 4300, 2: 1306, 3: 525
transitions cumulative       : 1->2: 1306, 2->3: 525
accepted directly from s0    : 0
Gym endings cumulative       : terminated=3636, truncated=140

[Episode 4400/8000 | last 100]
success rate                : 72.0% (cumulative 13.6%)
synthetic task reward       : 7200.000
shaping reward              : -685.787
learning reward             : 6514.213
episode length              : 288.7
abstract changes / episode  : 19.9
DFA transitions / episode   : 1.46
DFA transitions in window   : 1->2: 74, 2->3: 72
epsilon (next episode)       : 0.17198
replay buffer                : 300000 samples [1: 54.8%, 2: 45.2%, 3: 0.0%]
DFA state visits in window   : 1: 17451, 2: 11448, 3: 72
DFA state visits cumulative  : 1: 932137, 2: 273661, 3: 597
DFA state entries in window  : 1: 100, 2: 74, 3: 72
DFA state entries cumulative : 1: 4400, 2: 1380, 3: 597
transitions cumulative       : 1->2: 1380, 2->3: 597
accepted directly from s0    : 0
Gym endings cumulative       : terminated=3664, truncated=140
Best policy updated at episode 4400: mean learning reward=6514.213

[Episode 4500/8000 | last 100]
success rate                : 79.0% (cumulative 15.0%)
synthetic task reward       : 7900.000
shaping reward              : -521.178
learning reward             : 7378.822
episode length              : 287.7
abstract changes / episode  : 20.0
DFA transitions / episode   : 1.64
DFA transitions in window   : 1->2: 85, 2->3: 79
epsilon (next episode)       : 0.16524
replay buffer                : 300000 samples [1: 54.9%, 2: 45.1%, 3: 0.0%]
DFA state visits in window   : 1: 16501, 2: 12286, 3: 79
DFA state visits cumulative  : 1: 948638, 2: 285947, 3: 676
DFA state entries in window  : 1: 100, 2: 85, 3: 79
DFA state entries cumulative : 1: 4500, 2: 1465, 3: 676
transitions cumulative       : 1->2: 1465, 2->3: 676
accepted directly from s0    : 0
Gym endings cumulative       : terminated=3685, truncated=140
Best policy updated at episode 4500: mean learning reward=7378.822

[Episode 4600/8000 | last 100]
success rate                : 87.0% (cumulative 16.6%)
synthetic task reward       : 8700.000
shaping reward              : -391.392
learning reward             : 8308.608
episode length              : 290.0
abstract changes / episode  : 20.1
DFA transitions / episode   : 1.83
DFA transitions in window   : 1->2: 96, 2->3: 87
epsilon (next episode)       : 0.15876
replay buffer                : 300000 samples [1: 55.5%, 2: 44.5%, 3: 0.0%]
DFA state visits in window   : 1: 16444, 2: 12573, 3: 87
DFA state visits cumulative  : 1: 965082, 2: 298520, 3: 763
DFA state entries in window  : 1: 100, 2: 96, 3: 87
DFA state entries cumulative : 1: 4600, 2: 1561, 3: 763
transitions cumulative       : 1->2: 1561, 2->3: 763
accepted directly from s0    : 0
Gym endings cumulative       : terminated=3698, truncated=140
Best policy updated at episode 4600: mean learning reward=8308.608

[Episode 4700/8000 | last 100]
success rate                : 94.0% (cumulative 18.2%)
synthetic task reward       : 9400.000
shaping reward              : -378.797
learning reward             : 9021.203
episode length              : 294.5
abstract changes / episode  : 20.7
DFA transitions / episode   : 1.93
DFA transitions in window   : 1->2: 99, 2->3: 94
epsilon (next episode)       : 0.15253
replay buffer                : 300000 samples [1: 54.7%, 2: 45.3%, 3: 0.0%]
DFA state visits in window   : 1: 16296, 2: 13158, 3: 94
DFA state visits cumulative  : 1: 981378, 2: 311678, 3: 857
DFA state entries in window  : 1: 100, 2: 99, 3: 94
DFA state entries cumulative : 1: 4700, 2: 1660, 3: 857
transitions cumulative       : 1->2: 1660, 2->3: 857
accepted directly from s0    : 0
Gym endings cumulative       : terminated=3704, truncated=140
Best policy updated at episode 4700: mean learning reward=9021.203

[Episode 4800/8000 | last 100]
success rate                : 77.0% (cumulative 19.5%)
synthetic task reward       : 7700.000
shaping reward              : -778.111
learning reward             : 6921.889
episode length              : 330.6
abstract changes / episode  : 22.8
DFA transitions / episode   : 1.61
DFA transitions in window   : 1->2: 84, 2->3: 77
epsilon (next episode)       : 0.14655
replay buffer                : 300000 samples [1: 56.1%, 2: 43.9%, 3: 0.0%]
DFA state visits in window   : 1: 21895, 2: 11186, 3: 77
DFA state visits cumulative  : 1: 1003273, 2: 322864, 3: 934
DFA state entries in window  : 1: 100, 2: 84, 3: 77
DFA state entries cumulative : 1: 4800, 2: 1744, 3: 934
transitions cumulative       : 1->2: 1744, 2->3: 934
accepted directly from s0    : 0
Gym endings cumulative       : terminated=3725, truncated=142

[Episode 4900/8000 | last 100]
success rate                : 61.0% (cumulative 20.3%)
synthetic task reward       : 6100.000
shaping reward              : -891.104
learning reward             : 5208.896
episode length              : 301.4
abstract changes / episode  : 20.4
DFA transitions / episode   : 1.33
DFA transitions in window   : 1->2: 72, 2->3: 61
epsilon (next episode)       : 0.14080
replay buffer                : 300000 samples [1: 56.9%, 2: 43.1%, 3: 0.0%]
DFA state visits in window   : 1: 17448, 2: 12731, 3: 61
DFA state visits cumulative  : 1: 1020721, 2: 335595, 3: 995
DFA state entries in window  : 1: 100, 2: 72, 3: 61
DFA state entries cumulative : 1: 4900, 2: 1816, 3: 995
transitions cumulative       : 1->2: 1816, 2->3: 995
accepted directly from s0    : 0
Gym endings cumulative       : terminated=3760, truncated=146

[Episode 5000/8000 | last 100]
success rate                : 62.0% (cumulative 21.1%)
synthetic task reward       : 6200.000
shaping reward              : -848.823
learning reward             : 5351.177
episode length              : 338.3
abstract changes / episode  : 21.4
DFA transitions / episode   : 1.43
DFA transitions in window   : 1->2: 81, 2->3: 62
epsilon (next episode)       : 0.13528
replay buffer                : 300000 samples [1: 57.1%, 2: 42.9%, 3: 0.0%]
DFA state visits in window   : 1: 19301, 2: 14566, 3: 62
DFA state visits cumulative  : 1: 1040022, 2: 350161, 3: 1057
DFA state entries in window  : 1: 100, 2: 81, 3: 62
DFA state entries cumulative : 1: 5000, 2: 1897, 3: 1057
transitions cumulative       : 1->2: 1897, 2->3: 1057
accepted directly from s0    : 0
Gym endings cumulative       : terminated=3794, truncated=150

[Episode 5100/8000 | last 100]
success rate                : 90.0% (cumulative 22.5%)
synthetic task reward       : 9000.000
shaping reward              : -492.749
learning reward             : 8507.251
episode length              : 297.7
abstract changes / episode  : 21.1
DFA transitions / episode   : 1.83
DFA transitions in window   : 1->2: 93, 2->3: 90
epsilon (next episode)       : 0.12998
replay buffer                : 300000 samples [1: 57.8%, 2: 42.2%, 3: 0.0%]
DFA state visits in window   : 1: 17419, 2: 12360, 3: 90
DFA state visits cumulative  : 1: 1057441, 2: 362521, 3: 1147
DFA state entries in window  : 1: 100, 2: 93, 3: 90
DFA state entries cumulative : 1: 5100, 2: 1990, 3: 1147
transitions cumulative       : 1->2: 1990, 2->3: 1147
accepted directly from s0    : 0
Gym endings cumulative       : terminated=3804, truncated=150

[Episode 5200/8000 | last 100]
success rate                : 82.0% (cumulative 23.6%)
synthetic task reward       : 8200.000
shaping reward              : -687.948
learning reward             : 7512.052
episode length              : 282.9
abstract changes / episode  : 21.4
DFA transitions / episode   : 1.67
DFA transitions in window   : 1->2: 85, 2->3: 82
epsilon (next episode)       : 0.12488
replay buffer                : 300000 samples [1: 58.8%, 2: 41.2%, 3: 0.0%]
DFA state visits in window   : 1: 16957, 2: 11348, 3: 82
DFA state visits cumulative  : 1: 1074398, 2: 373869, 3: 1229
DFA state entries in window  : 1: 100, 2: 85, 3: 82
DFA state entries cumulative : 1: 5200, 2: 2075, 3: 1229
transitions cumulative       : 1->2: 2075, 2->3: 1229
accepted directly from s0    : 0
Gym endings cumulative       : terminated=3822, truncated=150

[Episode 5300/8000 | last 100]
success rate                : 90.0% (cumulative 24.9%)
synthetic task reward       : 9000.000
shaping reward              : -452.652
learning reward             : 8547.348
episode length              : 263.7
abstract changes / episode  : 20.0
DFA transitions / episode   : 1.84
DFA transitions in window   : 1->2: 94, 2->3: 90
epsilon (next episode)       : 0.11998
replay buffer                : 300000 samples [1: 58.3%, 2: 41.7%, 3: 0.0%]
DFA state visits in window   : 1: 13540, 2: 12837, 3: 90
DFA state visits cumulative  : 1: 1087938, 2: 386706, 3: 1319
DFA state entries in window  : 1: 100, 2: 94, 3: 90
DFA state entries cumulative : 1: 5300, 2: 2169, 3: 1319
transitions cumulative       : 1->2: 2169, 2->3: 1319
accepted directly from s0    : 0
Gym endings cumulative       : terminated=3832, truncated=150

[Episode 5400/8000 | last 100]
success rate                : 85.0% (cumulative 26.0%)
synthetic task reward       : 8500.000
shaping reward              : -528.582
learning reward             : 7971.418
episode length              : 263.5
abstract changes / episode  : 21.1
DFA transitions / episode   : 1.80
DFA transitions in window   : 1->2: 95, 2->3: 85
epsilon (next episode)       : 0.11528
replay buffer                : 300000 samples [1: 57.7%, 2: 42.3%, 3: 0.0%]
DFA state visits in window   : 1: 14163, 2: 12206, 3: 85
DFA state visits cumulative  : 1: 1102101, 2: 398912, 3: 1404
DFA state entries in window  : 1: 100, 2: 95, 3: 85
DFA state entries cumulative : 1: 5400, 2: 2264, 3: 1404
transitions cumulative       : 1->2: 2264, 2->3: 1404
accepted directly from s0    : 0
Gym endings cumulative       : terminated=3847, truncated=150

[Episode 5500/8000 | last 100]
success rate                : 85.0% (cumulative 27.1%)
synthetic task reward       : 8500.000
shaping reward              : -679.251
learning reward             : 7820.749
episode length              : 285.8
abstract changes / episode  : 22.8
DFA transitions / episode   : 1.82
DFA transitions in window   : 1->2: 97, 2->3: 85
epsilon (next episode)       : 0.11075
replay buffer                : 300000 samples [1: 57.2%, 2: 42.8%, 3: 0.0%]
DFA state visits in window   : 1: 15023, 2: 13570, 3: 85
DFA state visits cumulative  : 1: 1117124, 2: 412482, 3: 1489
DFA state entries in window  : 1: 100, 2: 97, 3: 85
DFA state entries cumulative : 1: 5500, 2: 2361, 3: 1489
transitions cumulative       : 1->2: 2361, 2->3: 1489
accepted directly from s0    : 0
Gym endings cumulative       : terminated=3862, truncated=150

[Episode 5600/8000 | last 100]
success rate                : 86.0% (cumulative 28.1%)
synthetic task reward       : 8600.000
shaping reward              : -567.395
learning reward             : 8032.605
episode length              : 269.4
abstract changes / episode  : 21.4
DFA transitions / episode   : 1.81
DFA transitions in window   : 1->2: 95, 2->3: 86
epsilon (next episode)       : 0.10641
replay buffer                : 300000 samples [1: 56.7%, 2: 43.3%, 3: 0.0%]
DFA state visits in window   : 1: 14420, 2: 12537, 3: 86
DFA state visits cumulative  : 1: 1131544, 2: 425019, 3: 1575
DFA state entries in window  : 1: 100, 2: 95, 3: 86
DFA state entries cumulative : 1: 5600, 2: 2456, 3: 1575
transitions cumulative       : 1->2: 2456, 2->3: 1575
accepted directly from s0    : 0
Gym endings cumulative       : terminated=3876, truncated=150

[Episode 5700/8000 | last 100]
success rate                : 65.0% (cumulative 28.8%)
synthetic task reward       : 6500.000
shaping reward              : -1041.859
learning reward             : 5458.141
episode length              : 289.9
abstract changes / episode  : 23.4
DFA transitions / episode   : 1.48
DFA transitions in window   : 1->2: 83, 2->3: 65
epsilon (next episode)       : 0.10224
replay buffer                : 300000 samples [1: 57.2%, 2: 42.8%, 3: 0.0%]
DFA state visits in window   : 1: 17027, 2: 11999, 3: 65
DFA state visits cumulative  : 1: 1148571, 2: 437018, 3: 1640
DFA state entries in window  : 1: 100, 2: 83, 3: 65
DFA state entries cumulative : 1: 5700, 2: 2539, 3: 1640
transitions cumulative       : 1->2: 2539, 2->3: 1640
accepted directly from s0    : 0
Gym endings cumulative       : terminated=3911, truncated=150

[Episode 5800/8000 | last 100]
success rate                : 80.0% (cumulative 29.7%)
synthetic task reward       : 8000.000
shaping reward              : -462.528
learning reward             : 7537.472
episode length              : 256.2
abstract changes / episode  : 20.5
DFA transitions / episode   : 1.77
DFA transitions in window   : 1->2: 97, 2->3: 80
epsilon (next episode)       : 0.09823
replay buffer                : 300000 samples [1: 56.6%, 2: 43.4%, 3: 0.0%]
DFA state visits in window   : 1: 14402, 2: 11237, 3: 80
DFA state visits cumulative  : 1: 1162973, 2: 448255, 3: 1720
DFA state entries in window  : 1: 100, 2: 97, 3: 80
DFA state entries cumulative : 1: 5800, 2: 2636, 3: 1720
transitions cumulative       : 1->2: 2636, 2->3: 1720
accepted directly from s0    : 0
Gym endings cumulative       : terminated=3931, truncated=150

[Episode 5900/8000 | last 100]
success rate                : 88.0% (cumulative 30.6%)
synthetic task reward       : 8800.000
shaping reward              : -346.709
learning reward             : 8453.291
episode length              : 250.7
abstract changes / episode  : 19.7
DFA transitions / episode   : 1.87
DFA transitions in window   : 1->2: 99, 2->3: 88
epsilon (next episode)       : 0.09438
replay buffer                : 300000 samples [1: 55.7%, 2: 44.3%, 3: 0.0%]
DFA state visits in window   : 1: 13372, 2: 11706, 3: 88
DFA state visits cumulative  : 1: 1176345, 2: 459961, 3: 1808
DFA state entries in window  : 1: 100, 2: 99, 3: 88
DFA state entries cumulative : 1: 5900, 2: 2735, 3: 1808
transitions cumulative       : 1->2: 2735, 2->3: 1808
accepted directly from s0    : 0
Gym endings cumulative       : terminated=3943, truncated=150

[Episode 6000/8000 | last 100]
success rate                : 94.0% (cumulative 31.7%)
synthetic task reward       : 9400.000
shaping reward              : -291.939
learning reward             : 9108.061
episode length              : 247.9
abstract changes / episode  : 19.3
DFA transitions / episode   : 1.91
DFA transitions in window   : 1->2: 97, 2->3: 94
epsilon (next episode)       : 0.09067
replay buffer                : 300000 samples [1: 55.3%, 2: 44.7%, 3: 0.0%]
DFA state visits in window   : 1: 13184, 2: 11608, 3: 94
DFA state visits cumulative  : 1: 1189529, 2: 471569, 3: 1902
DFA state entries in window  : 1: 100, 2: 97, 3: 94
DFA state entries cumulative : 1: 6000, 2: 2832, 3: 1902
transitions cumulative       : 1->2: 2832, 2->3: 1902
accepted directly from s0    : 0
Gym endings cumulative       : terminated=3949, truncated=150
Best policy updated at episode 6000: mean learning reward=9108.061

[Episode 6100/8000 | last 100]
success rate                : 87.0% (cumulative 32.6%)
synthetic task reward       : 8700.000
shaping reward              : -393.942
learning reward             : 8306.058
episode length              : 260.4
abstract changes / episode  : 20.2
DFA transitions / episode   : 1.84
DFA transitions in window   : 1->2: 97, 2->3: 87
epsilon (next episode)       : 0.08712
replay buffer                : 300000 samples [1: 55.2%, 2: 44.8%, 3: 0.0%]
DFA state visits in window   : 1: 14565, 2: 11491, 3: 87
DFA state visits cumulative  : 1: 1204094, 2: 483060, 3: 1989
DFA state entries in window  : 1: 100, 2: 97, 3: 87
DFA state entries cumulative : 1: 6100, 2: 2929, 3: 1989
transitions cumulative       : 1->2: 2929, 2->3: 1989
accepted directly from s0    : 0
Gym endings cumulative       : terminated=3962, truncated=150

[Episode 6200/8000 | last 100]
success rate                : 78.0% (cumulative 33.3%)
synthetic task reward       : 7800.000
shaping reward              : -473.267
learning reward             : 7326.733
episode length              : 263.9
abstract changes / episode  : 19.4
DFA transitions / episode   : 1.67
DFA transitions in window   : 1->2: 89, 2->3: 78
epsilon (next episode)       : 0.08370
replay buffer                : 300000 samples [1: 55.5%, 2: 44.5%, 3: 0.0%]
DFA state visits in window   : 1: 16129, 2: 10281, 3: 78
DFA state visits cumulative  : 1: 1220223, 2: 493341, 3: 2067
DFA state entries in window  : 1: 100, 2: 89, 3: 78
DFA state entries cumulative : 1: 6200, 2: 3018, 3: 2067
transitions cumulative       : 1->2: 3018, 2->3: 2067
accepted directly from s0    : 0
Gym endings cumulative       : terminated=3984, truncated=150

[Episode 6300/8000 | last 100]
success rate                : 88.0% (cumulative 34.2%)
synthetic task reward       : 8800.000
shaping reward              : -419.701
learning reward             : 8380.299
episode length              : 265.1
abstract changes / episode  : 19.8
DFA transitions / episode   : 1.79
DFA transitions in window   : 1->2: 91, 2->3: 88
epsilon (next episode)       : 0.08042
replay buffer                : 300000 samples [1: 55.7%, 2: 44.3%, 3: 0.0%]
DFA state visits in window   : 1: 16662, 2: 9857, 3: 88
DFA state visits cumulative  : 1: 1236885, 2: 503198, 3: 2155
DFA state entries in window  : 1: 100, 2: 91, 3: 88
DFA state entries cumulative : 1: 6300, 2: 3109, 3: 2155
transitions cumulative       : 1->2: 3109, 2->3: 2155
accepted directly from s0    : 0
Gym endings cumulative       : terminated=3996, truncated=150

[Episode 6400/8000 | last 100]
success rate                : 77.0% (cumulative 34.9%)
synthetic task reward       : 7700.000
shaping reward              : -777.365
learning reward             : 6922.635
episode length              : 304.4
abstract changes / episode  : 22.2
DFA transitions / episode   : 1.63
DFA transitions in window   : 1->2: 86, 2->3: 77
epsilon (next episode)       : 0.07727
replay buffer                : 300000 samples [1: 57.5%, 2: 42.5%, 3: 0.0%]
DFA state visits in window   : 1: 21407, 2: 9052, 3: 77
DFA state visits cumulative  : 1: 1258292, 2: 512250, 3: 2232
DFA state entries in window  : 1: 100, 2: 86, 3: 77
DFA state entries cumulative : 1: 6400, 2: 3195, 3: 2232
transitions cumulative       : 1->2: 3195, 2->3: 2232
accepted directly from s0    : 0
Gym endings cumulative       : terminated=4019, truncated=150

[Episode 6500/8000 | last 100]
success rate                : 76.0% (cumulative 35.5%)
synthetic task reward       : 7600.000
shaping reward              : -506.990
learning reward             : 7093.010
episode length              : 260.3
abstract changes / episode  : 19.5
DFA transitions / episode   : 1.66
DFA transitions in window   : 1->2: 90, 2->3: 76
epsilon (next episode)       : 0.07423
replay buffer                : 300000 samples [1: 58.3%, 2: 41.7%, 3: 0.0%]
DFA state visits in window   : 1: 16468, 2: 9586, 3: 76
DFA state visits cumulative  : 1: 1274760, 2: 521836, 3: 2308
DFA state entries in window  : 1: 100, 2: 90, 3: 76
DFA state entries cumulative : 1: 6500, 2: 3285, 3: 2308
transitions cumulative       : 1->2: 3285, 2->3: 2308
accepted directly from s0    : 0
Gym endings cumulative       : terminated=4042, truncated=151

[Episode 6600/8000 | last 100]
success rate                : 86.0% (cumulative 36.3%)
synthetic task reward       : 8600.000
shaping reward              : -492.058
learning reward             : 8107.942
episode length              : 276.5
abstract changes / episode  : 20.2
DFA transitions / episode   : 1.76
DFA transitions in window   : 1->2: 90, 2->3: 86
epsilon (next episode)       : 0.07132
replay buffer                : 300000 samples [1: 59.4%, 2: 40.6%, 3: 0.0%]
DFA state visits in window   : 1: 17788, 2: 9879, 3: 86
DFA state visits cumulative  : 1: 1292548, 2: 531715, 3: 2394
DFA state entries in window  : 1: 100, 2: 90, 3: 86
DFA state entries cumulative : 1: 6600, 2: 3375, 3: 2394
transitions cumulative       : 1->2: 3375, 2->3: 2394
accepted directly from s0    : 0
Gym endings cumulative       : terminated=4055, truncated=152

[Episode 6700/8000 | last 100]
success rate                : 71.0% (cumulative 36.8%)
synthetic task reward       : 7100.000
shaping reward              : -536.091
learning reward             : 6563.909
episode length              : 262.7
abstract changes / episode  : 18.4
DFA transitions / episode   : 1.50
DFA transitions in window   : 1->2: 79, 2->3: 71
epsilon (next episode)       : 0.06853
replay buffer                : 300000 samples [1: 61.0%, 2: 39.0%, 3: 0.0%]
DFA state visits in window   : 1: 18656, 2: 7641, 3: 71
DFA state visits cumulative  : 1: 1311204, 2: 539356, 3: 2465
DFA state entries in window  : 1: 100, 2: 79, 3: 71
DFA state entries cumulative : 1: 6700, 2: 3454, 3: 2465
transitions cumulative       : 1->2: 3454, 2->3: 2465
accepted directly from s0    : 0
Gym endings cumulative       : terminated=4082, truncated=154

[Episode 6800/8000 | last 100]
success rate                : 47.0% (cumulative 36.9%)
synthetic task reward       : 4700.000
shaping reward              : -921.303
learning reward             : 3778.697
episode length              : 234.6
abstract changes / episode  : 17.7
DFA transitions / episode   : 1.04
DFA transitions in window   : 1->2: 57, 2->3: 47
epsilon (next episode)       : 0.06584
replay buffer                : 300000 samples [1: 62.5%, 2: 37.5%, 3: 0.0%]
DFA state visits in window   : 1: 18206, 2: 5310, 3: 47
DFA state visits cumulative  : 1: 1329410, 2: 544666, 3: 2512
DFA state entries in window  : 1: 100, 2: 57, 3: 47
DFA state entries cumulative : 1: 6800, 2: 3511, 3: 2512
transitions cumulative       : 1->2: 3511, 2->3: 2512
accepted directly from s0    : 0
Gym endings cumulative       : terminated=4131, truncated=158

[Episode 6900/8000 | last 100]
success rate                : 55.0% (cumulative 37.2%)
synthetic task reward       : 5500.000
shaping reward              : -1048.716
learning reward             : 4451.284
episode length              : 296.0
abstract changes / episode  : 20.3
DFA transitions / episode   : 1.16
DFA transitions in window   : 1->2: 61, 2->3: 55
epsilon (next episode)       : 0.06326
replay buffer                : 300000 samples [1: 64.2%, 2: 35.8%, 3: 0.0%]
DFA state visits in window   : 1: 21942, 2: 7700, 3: 55
DFA state visits cumulative  : 1: 1351352, 2: 552366, 3: 2567
DFA state entries in window  : 1: 100, 2: 61, 3: 55
DFA state entries cumulative : 1: 6900, 2: 3572, 3: 2567
transitions cumulative       : 1->2: 3572, 2->3: 2567
accepted directly from s0    : 0
Gym endings cumulative       : terminated=4170, truncated=164

[Episode 7000/8000 | last 100]
success rate                : 83.0% (cumulative 37.9%)
synthetic task reward       : 8300.000
shaping reward              : -341.450
learning reward             : 7958.550
episode length              : 267.5
abstract changes / episode  : 18.1
DFA transitions / episode   : 1.72
DFA transitions in window   : 1->2: 89, 2->3: 83
epsilon (next episode)       : 0.06078
replay buffer                : 300000 samples [1: 65.1%, 2: 34.9%, 3: 0.0%]
DFA state visits in window   : 1: 17191, 2: 9579, 3: 83
DFA state visits cumulative  : 1: 1368543, 2: 561945, 3: 2650
DFA state entries in window  : 1: 100, 2: 89, 3: 83
DFA state entries cumulative : 1: 7000, 2: 3661, 3: 2650
transitions cumulative       : 1->2: 3661, 2->3: 2650
accepted directly from s0    : 0
Gym endings cumulative       : terminated=4187, truncated=164

[Episode 7100/8000 | last 100]
success rate                : 74.0% (cumulative 38.4%)
synthetic task reward       : 7400.000
shaping reward              : -478.084
learning reward             : 6921.916
episode length              : 269.0
abstract changes / episode  : 18.4
DFA transitions / episode   : 1.57
DFA transitions in window   : 1->2: 83, 2->3: 74
epsilon (next episode)       : 0.05839
replay buffer                : 300000 samples [1: 66.3%, 2: 33.7%, 3: 0.0%]
DFA state visits in window   : 1: 17944, 2: 8984, 3: 74
DFA state visits cumulative  : 1: 1386487, 2: 570929, 3: 2724
DFA state entries in window  : 1: 100, 2: 83, 3: 74
DFA state entries cumulative : 1: 7100, 2: 3744, 3: 2724
transitions cumulative       : 1->2: 3744, 2->3: 2724
accepted directly from s0    : 0
Gym endings cumulative       : terminated=4212, truncated=165

[Episode 7200/8000 | last 100]
success rate                : 59.0% (cumulative 38.7%)
synthetic task reward       : 5900.000
shaping reward              : -601.106
learning reward             : 5298.894
episode length              : 280.5
abstract changes / episode  : 18.8
DFA transitions / episode   : 1.38
DFA transitions in window   : 1->2: 79, 2->3: 59
epsilon (next episode)       : 0.05610
replay buffer                : 300000 samples [1: 67.7%, 2: 32.3%, 3: 0.0%]
DFA state visits in window   : 1: 20099, 2: 7988, 3: 59
DFA state visits cumulative  : 1: 1406586, 2: 578917, 3: 2783
DFA state entries in window  : 1: 100, 2: 79, 3: 59
DFA state entries cumulative : 1: 7200, 2: 3823, 3: 2783
transitions cumulative       : 1->2: 3823, 2->3: 2783
accepted directly from s0    : 0
Gym endings cumulative       : terminated=4252, truncated=166

[Episode 7300/8000 | last 100]
success rate                : 57.0% (cumulative 38.9%)
synthetic task reward       : 5700.000
shaping reward              : -1172.878
learning reward             : 4527.122
episode length              : 323.9
abstract changes / episode  : 24.4
DFA transitions / episode   : 1.44
DFA transitions in window   : 1->2: 87, 2->3: 57
epsilon (next episode)       : 0.05390
replay buffer                : 300000 samples [1: 66.5%, 2: 33.5%, 3: 0.0%]
DFA state visits in window   : 1: 15660, 2: 16778, 3: 57
DFA state visits cumulative  : 1: 1422246, 2: 595695, 3: 2840
DFA state entries in window  : 1: 100, 2: 87, 3: 57
DFA state entries cumulative : 1: 7300, 2: 3910, 3: 2840
transitions cumulative       : 1->2: 3910, 2->3: 2840
accepted directly from s0    : 0
Gym endings cumulative       : terminated=4294, truncated=167

[Episode 7400/8000 | last 100]
success rate                : 65.0% (cumulative 39.3%)
synthetic task reward       : 6500.000
shaping reward              : -459.220
learning reward             : 6040.780
episode length              : 228.8
abstract changes / episode  : 17.3
DFA transitions / episode   : 1.47
DFA transitions in window   : 1->2: 82, 2->3: 65
epsilon (next episode)       : 0.05179
replay buffer                : 300000 samples [1: 66.4%, 2: 33.6%, 3: 0.0%]
DFA state visits in window   : 1: 14452, 2: 8463, 3: 65
DFA state visits cumulative  : 1: 1436698, 2: 604158, 3: 2905
DFA state entries in window  : 1: 100, 2: 82, 3: 65
DFA state entries cumulative : 1: 7400, 2: 3992, 3: 2905
transitions cumulative       : 1->2: 3992, 2->3: 2905
accepted directly from s0    : 0
Gym endings cumulative       : terminated=4329, truncated=167

[Episode 7500/8000 | last 100]
success rate                : 71.0% (cumulative 39.7%)
synthetic task reward       : 7100.000
shaping reward              : -530.978
learning reward             : 6569.022
episode length              : 248.1
abstract changes / episode  : 18.8
DFA transitions / episode   : 1.55
DFA transitions in window   : 1->2: 84, 2->3: 71
epsilon (next episode)       : 0.04976
replay buffer                : 300000 samples [1: 66.1%, 2: 33.9%, 3: 0.0%]
DFA state visits in window   : 1: 16140, 2: 8697, 3: 71
DFA state visits cumulative  : 1: 1452838, 2: 612855, 3: 2976
DFA state entries in window  : 1: 100, 2: 84, 3: 71
DFA state entries cumulative : 1: 7500, 2: 4076, 3: 2976
transitions cumulative       : 1->2: 4076, 2->3: 2976
accepted directly from s0    : 0
Gym endings cumulative       : terminated=4358, truncated=167

[Episode 7600/8000 | last 100]
success rate                : 70.0% (cumulative 40.1%)
synthetic task reward       : 7000.000
shaping reward              : -566.793
learning reward             : 6433.207
episode length              : 255.5
abstract changes / episode  : 18.2
DFA transitions / episode   : 1.48
DFA transitions in window   : 1->2: 78, 2->3: 70
epsilon (next episode)       : 0.04781
replay buffer                : 300000 samples [1: 66.2%, 2: 33.8%, 3: 0.0%]
DFA state visits in window   : 1: 17331, 2: 8248, 3: 70
DFA state visits cumulative  : 1: 1470169, 2: 621103, 3: 3046
DFA state entries in window  : 1: 100, 2: 78, 3: 70
DFA state entries cumulative : 1: 7600, 2: 4154, 3: 3046
transitions cumulative       : 1->2: 4154, 2->3: 3046
accepted directly from s0    : 0
Gym endings cumulative       : terminated=4388, truncated=167

[Episode 7700/8000 | last 100]
success rate                : 70.0% (cumulative 40.5%)
synthetic task reward       : 7000.000
shaping reward              : -449.398
learning reward             : 6550.602
episode length              : 228.1
abstract changes / episode  : 16.6
DFA transitions / episode   : 1.44
DFA transitions in window   : 1->2: 74, 2->3: 70
epsilon (next episode)       : 0.04593
replay buffer                : 300000 samples [1: 66.4%, 2: 33.6%, 3: 0.0%]
DFA state visits in window   : 1: 14941, 2: 7900, 3: 70
DFA state visits cumulative  : 1: 1485110, 2: 629003, 3: 3116
DFA state entries in window  : 1: 100, 2: 74, 3: 70
DFA state entries cumulative : 1: 7700, 2: 4228, 3: 3116
transitions cumulative       : 1->2: 4228, 2->3: 3116
accepted directly from s0    : 0
Gym endings cumulative       : terminated=4418, truncated=167

[Episode 7800/8000 | last 100]
success rate                : 74.0% (cumulative 40.9%)
synthetic task reward       : 7400.000
shaping reward              : -399.451
learning reward             : 7000.549
episode length              : 238.3
abstract changes / episode  : 17.7
DFA transitions / episode   : 1.57
DFA transitions in window   : 1->2: 83, 2->3: 74
epsilon (next episode)       : 0.04413
replay buffer                : 300000 samples [1: 65.8%, 2: 34.2%, 3: 0.0%]
DFA state visits in window   : 1: 14586, 2: 9275, 3: 74
DFA state visits cumulative  : 1: 1499696, 2: 638278, 3: 3190
DFA state entries in window  : 1: 100, 2: 83, 3: 74
DFA state entries cumulative : 1: 7800, 2: 4311, 3: 3190
transitions cumulative       : 1->2: 4311, 2->3: 3190
accepted directly from s0    : 0
Gym endings cumulative       : terminated=4444, truncated=167

[Episode 7900/8000 | last 100]
success rate                : 79.0% (cumulative 41.4%)
synthetic task reward       : 7900.000
shaping reward              : -507.548
learning reward             : 7392.452
episode length              : 258.0
abstract changes / episode  : 19.0
DFA transitions / episode   : 1.61
DFA transitions in window   : 1->2: 82, 2->3: 79
epsilon (next episode)       : 0.04240
replay buffer                : 300000 samples [1: 65.0%, 2: 35.0%, 3: 0.0%]
DFA state visits in window   : 1: 16359, 2: 9459, 3: 79
DFA state visits cumulative  : 1: 1516055, 2: 647737, 3: 3269
DFA state entries in window  : 1: 100, 2: 82, 3: 79
DFA state entries cumulative : 1: 7900, 2: 4393, 3: 3269
transitions cumulative       : 1->2: 4393, 2->3: 3269
accepted directly from s0    : 0
Gym endings cumulative       : terminated=4465, truncated=167

[Episode 8000/8000 | last 100]
success rate                : 72.0% (cumulative 41.8%)
synthetic task reward       : 7200.000
shaping reward              : -523.176
learning reward             : 6676.824
episode length              : 263.5
abstract changes / episode  : 18.5
DFA transitions / episode   : 1.50
DFA transitions in window   : 1->2: 78, 2->3: 72
epsilon (next episode)       : 0.04074
replay buffer                : 300000 samples [1: 63.6%, 2: 36.4%, 3: 0.0%]
DFA state visits in window   : 1: 18628, 2: 7752, 3: 72
DFA state visits cumulative  : 1: 1534683, 2: 655489, 3: 3341
DFA state entries in window  : 1: 100, 2: 78, 3: 72
DFA state entries cumulative : 1: 8000, 2: 4471, 3: 3341
transitions cumulative       : 1->2: 4471, 2->3: 3341
accepted directly from s0    : 0
Gym endings cumulative       : terminated=4493, truncated=167
Last policy saved after episode 8000. Best policy: episode 6000, mean learning reward=9108.061
