
=== NEW RUN ===
episodes=8000, shaping=True, K=1.0, goal_reward=10000.0, gamma=0.99
training_shaping_gamma=True, shaping_formula=K*(gamma*Phi(next)-Phi(state))
inter_level_shaping=True, inter_level_K=1.0
formula=F(wp1 & X(F(g1)))
waypoints={'wp1': (1, 8), 'g1': (8, 8)}
dfa_states=[1, 2, 3], pre_trace=1, accepting=[3]

[Episode 1/8000 | last 1]
success rate                : 0.0% (cumulative 0.0%)
synthetic task reward       : 0.000
shaping reward              : -1632.104
learning reward             : -1632.104
episode length              : 101.0
abstract changes / episode  : 12.0
DFA transitions / episode   : 0.00
DFA transitions in window   : none
epsilon (next episode)       : 0.99960
replay buffer                : 101 samples [1: 100.0%, 2: 0.0%, 3: 0.0%]
DFA state visits in window   : 1: 102, 2: 0, 3: 0
DFA state visits cumulative  : 1: 102, 2: 0, 3: 0
DFA state entries in window  : 1: 1, 2: 0, 3: 0
DFA state entries cumulative : 1: 1, 2: 0, 3: 0
transitions cumulative       : none
accepted directly from s0    : 0
Gym endings cumulative       : terminated=1, truncated=0
Best policy updated at episode 1: mean learning reward=-1632.104

[Episode 100/8000 | last 100]
success rate                : 0.0% (cumulative 0.0%)
synthetic task reward       : 0.000
shaping reward              : -1492.602
learning reward             : -1492.602
episode length              : 101.8
abstract changes / episode  : 12.6
DFA transitions / episode   : 0.04
DFA transitions in window   : 1->2: 4
epsilon (next episode)       : 0.96078
replay buffer                : 10184 samples [1: 99.0%, 2: 1.0%, 3: 0.0%]
DFA state visits in window   : 1: 10182, 2: 102, 3: 0
DFA state visits cumulative  : 1: 10182, 2: 102, 3: 0
DFA state entries in window  : 1: 100, 2: 4, 3: 0
DFA state entries cumulative : 1: 100, 2: 4, 3: 0
transitions cumulative       : 1->2: 4
accepted directly from s0    : 0
Gym endings cumulative       : terminated=99, truncated=1
Best policy updated at episode 100: mean learning reward=-1492.602

[Episode 200/8000 | last 100]
success rate                : 0.0% (cumulative 0.0%)
synthetic task reward       : 0.000
shaping reward              : -1505.257
learning reward             : -1505.257
episode length              : 103.2
abstract changes / episode  : 12.6
DFA transitions / episode   : 0.02
DFA transitions in window   : 1->2: 2
epsilon (next episode)       : 0.92310
replay buffer                : 20499 samples [1: 99.3%, 2: 0.7%, 3: 0.0%]
DFA state visits in window   : 1: 10377, 2: 38, 3: 0
DFA state visits cumulative  : 1: 20559, 2: 140, 3: 0
DFA state entries in window  : 1: 100, 2: 2, 3: 0
DFA state entries cumulative : 1: 200, 2: 6, 3: 0
transitions cumulative       : 1->2: 6
accepted directly from s0    : 0
Gym endings cumulative       : terminated=198, truncated=2

[Episode 300/8000 | last 100]
success rate                : 0.0% (cumulative 0.0%)
synthetic task reward       : 0.000
shaping reward              : -1490.772
learning reward             : -1490.772
episode length              : 109.2
abstract changes / episode  : 12.9
DFA transitions / episode   : 0.04
DFA transitions in window   : 1->2: 4
epsilon (next episode)       : 0.88690
replay buffer                : 31416 samples [1: 99.3%, 2: 0.7%, 3: 0.0%]
DFA state visits in window   : 1: 10920, 2: 97, 3: 0
DFA state visits cumulative  : 1: 31479, 2: 237, 3: 0
DFA state entries in window  : 1: 100, 2: 4, 3: 0
DFA state entries cumulative : 1: 300, 2: 10, 3: 0
transitions cumulative       : 1->2: 10
accepted directly from s0    : 0
Gym endings cumulative       : terminated=297, truncated=3
Best policy updated at episode 300: mean learning reward=-1490.772

[Episode 400/8000 | last 100]
success rate                : 0.0% (cumulative 0.0%)
synthetic task reward       : 0.000
shaping reward              : -1526.660
learning reward             : -1526.660
episode length              : 100.3
abstract changes / episode  : 13.0
DFA transitions / episode   : 0.03
DFA transitions in window   : 1->2: 3
epsilon (next episode)       : 0.85212
replay buffer                : 41444 samples [1: 99.2%, 2: 0.8%, 3: 0.0%]
DFA state visits in window   : 1: 10038, 2: 90, 3: 0
DFA state visits cumulative  : 1: 41517, 2: 327, 3: 0
DFA state entries in window  : 1: 100, 2: 3, 3: 0
DFA state entries cumulative : 1: 400, 2: 13, 3: 0
transitions cumulative       : 1->2: 13
accepted directly from s0    : 0
Gym endings cumulative       : terminated=397, truncated=3

[Episode 500/8000 | last 100]
success rate                : 0.0% (cumulative 0.0%)
synthetic task reward       : 0.000
shaping reward              : -1579.798
learning reward             : -1579.798
episode length              : 107.5
abstract changes / episode  : 13.2
DFA transitions / episode   : 0.00
DFA transitions in window   : none
epsilon (next episode)       : 0.81870
replay buffer                : 52190 samples [1: 99.4%, 2: 0.6%, 3: 0.0%]
DFA state visits in window   : 1: 10846, 2: 0, 3: 0
DFA state visits cumulative  : 1: 52363, 2: 327, 3: 0
DFA state entries in window  : 1: 100, 2: 0, 3: 0
DFA state entries cumulative : 1: 500, 2: 13, 3: 0
transitions cumulative       : 1->2: 13
accepted directly from s0    : 0
Gym endings cumulative       : terminated=497, truncated=3

[Episode 600/8000 | last 100]
success rate                : 0.0% (cumulative 0.0%)
synthetic task reward       : 0.000
shaping reward              : -1491.048
learning reward             : -1491.048
episode length              : 111.3
abstract changes / episode  : 12.9
DFA transitions / episode   : 0.04
DFA transitions in window   : 1->2: 4
epsilon (next episode)       : 0.78659
replay buffer                : 63317 samples [1: 99.3%, 2: 0.7%, 3: 0.0%]
DFA state visits in window   : 1: 11115, 2: 112, 3: 0
DFA state visits cumulative  : 1: 63478, 2: 439, 3: 0
DFA state entries in window  : 1: 100, 2: 4, 3: 0
DFA state entries cumulative : 1: 600, 2: 17, 3: 0
transitions cumulative       : 1->2: 17
accepted directly from s0    : 0
Gym endings cumulative       : terminated=597, truncated=3

[Episode 700/8000 | last 100]
success rate                : 0.0% (cumulative 0.0%)
synthetic task reward       : 0.000
shaping reward              : -1510.912
learning reward             : -1510.912
episode length              : 110.0
abstract changes / episode  : 13.1
DFA transitions / episode   : 0.03
DFA transitions in window   : 1->2: 3
epsilon (next episode)       : 0.75574
replay buffer                : 74312 samples [1: 99.3%, 2: 0.7%, 3: 0.0%]
DFA state visits in window   : 1: 11013, 2: 82, 3: 0
DFA state visits cumulative  : 1: 74491, 2: 521, 3: 0
DFA state entries in window  : 1: 100, 2: 3, 3: 0
DFA state entries cumulative : 1: 700, 2: 20, 3: 0
transitions cumulative       : 1->2: 20
accepted directly from s0    : 0
Gym endings cumulative       : terminated=697, truncated=3

[Episode 800/8000 | last 100]
success rate                : 0.0% (cumulative 0.0%)
synthetic task reward       : 0.000
shaping reward              : -1502.266
learning reward             : -1502.266
episode length              : 130.0
abstract changes / episode  : 13.1
DFA transitions / episode   : 0.01
DFA transitions in window   : 1->2: 1
epsilon (next episode)       : 0.72610
replay buffer                : 87308 samples [1: 99.4%, 2: 0.6%, 3: 0.0%]
DFA state visits in window   : 1: 13072, 2: 24, 3: 0
DFA state visits cumulative  : 1: 87563, 2: 545, 3: 0
DFA state entries in window  : 1: 100, 2: 1, 3: 0
DFA state entries cumulative : 1: 800, 2: 21, 3: 0
transitions cumulative       : 1->2: 21
accepted directly from s0    : 0
Gym endings cumulative       : terminated=796, truncated=4

[Episode 900/8000 | last 100]
success rate                : 0.0% (cumulative 0.0%)
synthetic task reward       : 0.000
shaping reward              : -1366.977
learning reward             : -1366.977
episode length              : 122.5
abstract changes / episode  : 12.4
DFA transitions / episode   : 0.08
DFA transitions in window   : 1->2: 8
epsilon (next episode)       : 0.69763
replay buffer                : 99562 samples [1: 99.3%, 2: 0.7%, 3: 0.0%]
DFA state visits in window   : 1: 12132, 2: 222, 3: 0
DFA state visits cumulative  : 1: 99695, 2: 767, 3: 0
DFA state entries in window  : 1: 100, 2: 8, 3: 0
DFA state entries cumulative : 1: 900, 2: 29, 3: 0
transitions cumulative       : 1->2: 29
accepted directly from s0    : 0
Gym endings cumulative       : terminated=896, truncated=4
Best policy updated at episode 900: mean learning reward=-1366.977

[Episode 1000/8000 | last 100]
success rate                : 0.0% (cumulative 0.0%)
synthetic task reward       : 0.000
shaping reward              : -1387.023
learning reward             : -1387.023
episode length              : 136.5
abstract changes / episode  : 12.8
DFA transitions / episode   : 0.03
DFA transitions in window   : 1->2: 3
epsilon (next episode)       : 0.67027
replay buffer                : 113212 samples [1: 99.2%, 2: 0.8%, 3: 0.0%]
DFA state visits in window   : 1: 13619, 2: 131, 3: 0
DFA state visits cumulative  : 1: 113314, 2: 898, 3: 0
DFA state entries in window  : 1: 100, 2: 3, 3: 0
DFA state entries cumulative : 1: 1000, 2: 32, 3: 0
transitions cumulative       : 1->2: 32
accepted directly from s0    : 0
Gym endings cumulative       : terminated=996, truncated=4

[Episode 1100/8000 | last 100]
success rate                : 0.0% (cumulative 0.0%)
synthetic task reward       : 0.000
shaping reward              : -1366.634
learning reward             : -1366.634
episode length              : 129.5
abstract changes / episode  : 12.5
DFA transitions / episode   : 0.04
DFA transitions in window   : 1->2: 4
epsilon (next episode)       : 0.64398
replay buffer                : 126165 samples [1: 99.2%, 2: 0.8%, 3: 0.0%]
DFA state visits in window   : 1: 12947, 2: 106, 3: 0
DFA state visits cumulative  : 1: 126261, 2: 1004, 3: 0
DFA state entries in window  : 1: 100, 2: 4, 3: 0
DFA state entries cumulative : 1: 1100, 2: 36, 3: 0
transitions cumulative       : 1->2: 36
accepted directly from s0    : 0
Gym endings cumulative       : terminated=1096, truncated=4
Best policy updated at episode 1100: mean learning reward=-1366.634

[Episode 1200/8000 | last 100]
success rate                : 0.0% (cumulative 0.0%)
synthetic task reward       : 0.000
shaping reward              : -1414.445
learning reward             : -1414.445
episode length              : 147.7
abstract changes / episode  : 13.1
DFA transitions / episode   : 0.05
DFA transitions in window   : 1->2: 5
epsilon (next episode)       : 0.61872
replay buffer                : 140931 samples [1: 99.2%, 2: 0.8%, 3: 0.0%]
DFA state visits in window   : 1: 14694, 2: 172, 3: 0
DFA state visits cumulative  : 1: 140955, 2: 1176, 3: 0
DFA state entries in window  : 1: 100, 2: 5, 3: 0
DFA state entries cumulative : 1: 1200, 2: 41, 3: 0
transitions cumulative       : 1->2: 41
accepted directly from s0    : 0
Gym endings cumulative       : terminated=1196, truncated=4

[Episode 1300/8000 | last 100]
success rate                : 0.0% (cumulative 0.0%)
synthetic task reward       : 0.000
shaping reward              : -1384.545
learning reward             : -1384.545
episode length              : 152.4
abstract changes / episode  : 13.2
DFA transitions / episode   : 0.09
DFA transitions in window   : 1->2: 9
epsilon (next episode)       : 0.59446
replay buffer                : 156170 samples [1: 99.1%, 2: 0.9%, 3: 0.0%]
DFA state visits in window   : 1: 15007, 2: 332, 3: 0
DFA state visits cumulative  : 1: 155962, 2: 1508, 3: 0
DFA state entries in window  : 1: 100, 2: 9, 3: 0
DFA state entries cumulative : 1: 1300, 2: 50, 3: 0
transitions cumulative       : 1->2: 50
accepted directly from s0    : 0
Gym endings cumulative       : terminated=1296, truncated=4

[Episode 1400/8000 | last 100]
success rate                : 0.0% (cumulative 0.0%)
synthetic task reward       : 0.000
shaping reward              : -1665.659
learning reward             : -1665.659
episode length              : 166.1
abstract changes / episode  : 14.5
DFA transitions / episode   : 0.00
DFA transitions in window   : none
epsilon (next episode)       : 0.57115
replay buffer                : 172777 samples [1: 99.2%, 2: 0.8%, 3: 0.0%]
DFA state visits in window   : 1: 16707, 2: 0, 3: 0
DFA state visits cumulative  : 1: 172669, 2: 1508, 3: 0
DFA state entries in window  : 1: 100, 2: 0, 3: 0
DFA state entries cumulative : 1: 1400, 2: 50, 3: 0
transitions cumulative       : 1->2: 50
accepted directly from s0    : 0
Gym endings cumulative       : terminated=1396, truncated=4

[Episode 1500/8000 | last 100]
success rate                : 0.0% (cumulative 0.0%)
synthetic task reward       : 0.000
shaping reward              : -1577.677
learning reward             : -1577.677
episode length              : 173.9
abstract changes / episode  : 13.3
DFA transitions / episode   : 0.00
DFA transitions in window   : none
epsilon (next episode)       : 0.54875
replay buffer                : 190172 samples [1: 99.2%, 2: 0.8%, 3: 0.0%]
DFA state visits in window   : 1: 17495, 2: 0, 3: 0
DFA state visits cumulative  : 1: 190164, 2: 1508, 3: 0
DFA state entries in window  : 1: 100, 2: 0, 3: 0
DFA state entries cumulative : 1: 1500, 2: 50, 3: 0
transitions cumulative       : 1->2: 50
accepted directly from s0    : 0
Gym endings cumulative       : terminated=1493, truncated=7

[Episode 1600/8000 | last 100]
success rate                : 0.0% (cumulative 0.0%)
synthetic task reward       : 0.000
shaping reward              : -1606.462
learning reward             : -1606.462
episode length              : 231.4
abstract changes / episode  : 13.7
DFA transitions / episode   : 0.00
DFA transitions in window   : none
epsilon (next episode)       : 0.52722
replay buffer                : 213310 samples [1: 99.3%, 2: 0.7%, 3: 0.0%]
DFA state visits in window   : 1: 23238, 2: 0, 3: 0
DFA state visits cumulative  : 1: 213402, 2: 1508, 3: 0
DFA state entries in window  : 1: 100, 2: 0, 3: 0
DFA state entries cumulative : 1: 1600, 2: 50, 3: 0
transitions cumulative       : 1->2: 50
accepted directly from s0    : 0
Gym endings cumulative       : terminated=1589, truncated=11

[Episode 1700/8000 | last 100]
success rate                : 0.0% (cumulative 0.0%)
synthetic task reward       : 0.000
shaping reward              : -1693.298
learning reward             : -1693.298
episode length              : 269.4
abstract changes / episode  : 15.4
DFA transitions / episode   : 0.01
DFA transitions in window   : 1->2: 1
epsilon (next episode)       : 0.50655
replay buffer                : 240247 samples [1: 99.4%, 2: 0.6%, 3: 0.0%]
DFA state visits in window   : 1: 27014, 2: 23, 3: 0
DFA state visits cumulative  : 1: 240416, 2: 1531, 3: 0
DFA state entries in window  : 1: 100, 2: 1, 3: 0
DFA state entries cumulative : 1: 1700, 2: 51, 3: 0
transitions cumulative       : 1->2: 51
accepted directly from s0    : 0
Gym endings cumulative       : terminated=1681, truncated=19

[Episode 1800/8000 | last 100]
success rate                : 0.0% (cumulative 0.0%)
synthetic task reward       : 0.000
shaping reward              : -1381.327
learning reward             : -1381.327
episode length              : 252.0
abstract changes / episode  : 14.8
DFA transitions / episode   : 0.19
DFA transitions in window   : 1->2: 19
epsilon (next episode)       : 0.48668
replay buffer                : 265444 samples [1: 99.1%, 2: 0.9%, 3: 0.0%]
DFA state visits in window   : 1: 24304, 2: 993, 3: 0
DFA state visits cumulative  : 1: 264720, 2: 2524, 3: 0
DFA state entries in window  : 1: 100, 2: 19, 3: 0
DFA state entries cumulative : 1: 1800, 2: 70, 3: 0
transitions cumulative       : 1->2: 70
accepted directly from s0    : 0
Gym endings cumulative       : terminated=1779, truncated=21

[Episode 1900/8000 | last 100]
success rate                : 0.0% (cumulative 0.0%)
synthetic task reward       : 0.000
shaping reward              : -1640.375
learning reward             : -1640.375
episode length              : 283.3
abstract changes / episode  : 16.5
DFA transitions / episode   : 0.13
DFA transitions in window   : 1->2: 13
epsilon (next episode)       : 0.46760
replay buffer                : 293772 samples [1: 98.8%, 2: 1.2%, 3: 0.0%]
DFA state visits in window   : 1: 27399, 2: 1029, 3: 0
DFA state visits cumulative  : 1: 292119, 2: 3553, 3: 0
DFA state entries in window  : 1: 100, 2: 13, 3: 0
DFA state entries cumulative : 1: 1900, 2: 83, 3: 0
transitions cumulative       : 1->2: 83
accepted directly from s0    : 0
Gym endings cumulative       : terminated=1874, truncated=26

[Episode 2000/8000 | last 100]
success rate                : 0.0% (cumulative 0.0%)
synthetic task reward       : 0.000
shaping reward              : -1966.229
learning reward             : -1966.229
episode length              : 329.5
abstract changes / episode  : 19.2
DFA transitions / episode   : 0.07
DFA transitions in window   : 1->2: 7
epsilon (next episode)       : 0.44926
replay buffer                : 300000 samples [1: 98.7%, 2: 1.3%, 3: 0.0%]
DFA state visits in window   : 1: 32366, 2: 680, 3: 0
DFA state visits cumulative  : 1: 324485, 2: 4233, 3: 0
DFA state entries in window  : 1: 100, 2: 7, 3: 0
DFA state entries cumulative : 1: 2000, 2: 90, 3: 0
transitions cumulative       : 1->2: 90
accepted directly from s0    : 0
Gym endings cumulative       : terminated=1970, truncated=30

[Episode 2100/8000 | last 100]
success rate                : 0.0% (cumulative 0.0%)
synthetic task reward       : 0.000
shaping reward              : -1842.073
learning reward             : -1842.073
episode length              : 326.0
abstract changes / episode  : 19.4
DFA transitions / episode   : 0.17
DFA transitions in window   : 1->2: 17
epsilon (next episode)       : 0.43164
replay buffer                : 300000 samples [1: 98.3%, 2: 1.7%, 3: 0.0%]
DFA state visits in window   : 1: 31458, 2: 1240, 3: 0
DFA state visits cumulative  : 1: 355943, 2: 5473, 3: 0
DFA state entries in window  : 1: 100, 2: 17, 3: 0
DFA state entries cumulative : 1: 2100, 2: 107, 3: 0
transitions cumulative       : 1->2: 107
accepted directly from s0    : 0
Gym endings cumulative       : terminated=2063, truncated=37

[Episode 2200/8000 | last 100]
success rate                : 2.0% (cumulative 0.1%)
synthetic task reward       : 200.000
shaping reward              : -1582.066
learning reward             : -1382.066
episode length              : 320.4
abstract changes / episode  : 18.0
DFA transitions / episode   : 0.35
DFA transitions in window   : 1->2: 33, 2->3: 2
epsilon (next episode)       : 0.41471
replay buffer                : 300000 samples [1: 97.3%, 2: 2.7%, 3: 0.0%]
DFA state visits in window   : 1: 28819, 2: 3323, 3: 2
DFA state visits cumulative  : 1: 384762, 2: 8796, 3: 2
DFA state entries in window  : 1: 100, 2: 33, 3: 2
DFA state entries cumulative : 1: 2200, 2: 140, 3: 2
transitions cumulative       : 1->2: 140, 2->3: 2
accepted directly from s0    : 0
Gym endings cumulative       : terminated=2155, truncated=43

[Episode 2300/8000 | last 100]
success rate                : 1.0% (cumulative 0.1%)
synthetic task reward       : 100.000
shaping reward              : -1836.845
learning reward             : -1736.845
episode length              : 364.2
abstract changes / episode  : 19.9
DFA transitions / episode   : 0.20
DFA transitions in window   : 1->2: 19, 2->3: 1
epsilon (next episode)       : 0.39845
replay buffer                : 300000 samples [1: 96.6%, 2: 3.4%, 3: 0.0%]
DFA state visits in window   : 1: 33977, 2: 2542, 3: 1
DFA state visits cumulative  : 1: 418739, 2: 11338, 3: 3
DFA state entries in window  : 1: 100, 2: 19, 3: 1
DFA state entries cumulative : 1: 2300, 2: 159, 3: 3
transitions cumulative       : 1->2: 159, 2->3: 3
accepted directly from s0    : 0
Gym endings cumulative       : terminated=2245, truncated=52

[Episode 2400/8000 | last 100]
success rate                : 1.0% (cumulative 0.2%)
synthetic task reward       : 100.000
shaping reward              : -1636.282
learning reward             : -1536.282
episode length              : 331.1
abstract changes / episode  : 19.1
DFA transitions / episode   : 0.28
DFA transitions in window   : 1->2: 27, 2->3: 1
epsilon (next episode)       : 0.38282
replay buffer                : 300000 samples [1: 95.9%, 2: 4.1%, 3: 0.0%]
DFA state visits in window   : 1: 30549, 2: 2662, 3: 1
DFA state visits cumulative  : 1: 449288, 2: 14000, 3: 4
DFA state entries in window  : 1: 100, 2: 27, 3: 1
DFA state entries cumulative : 1: 2400, 2: 186, 3: 4
transitions cumulative       : 1->2: 186, 2->3: 4
accepted directly from s0    : 0
Gym endings cumulative       : terminated=2338, truncated=58

[Episode 2500/8000 | last 100]
success rate                : 0.0% (cumulative 0.2%)
synthetic task reward       : 0.000
shaping reward              : -1638.845
learning reward             : -1638.845
episode length              : 377.9
abstract changes / episode  : 19.7
DFA transitions / episode   : 0.21
DFA transitions in window   : 1->2: 21
epsilon (next episode)       : 0.36781
replay buffer                : 300000 samples [1: 95.0%, 2: 5.0%, 3: 0.0%]
DFA state visits in window   : 1: 35332, 2: 2554, 3: 0
DFA state visits cumulative  : 1: 484620, 2: 16554, 3: 4
DFA state entries in window  : 1: 100, 2: 21, 3: 0
DFA state entries cumulative : 1: 2500, 2: 207, 3: 4
transitions cumulative       : 1->2: 207, 2->3: 4
accepted directly from s0    : 0
Gym endings cumulative       : terminated=2427, truncated=69

[Episode 2600/8000 | last 100]
success rate                : 5.0% (cumulative 0.3%)
synthetic task reward       : 500.000
shaping reward              : -1573.315
learning reward             : -1073.315
episode length              : 326.5
abstract changes / episode  : 20.4
DFA transitions / episode   : 0.47
DFA transitions in window   : 1->2: 42, 2->3: 5
epsilon (next episode)       : 0.35338
replay buffer                : 300000 samples [1: 92.1%, 2: 7.9%, 3: 0.0%]
DFA state visits in window   : 1: 23858, 2: 8887, 3: 5
DFA state visits cumulative  : 1: 508478, 2: 25441, 3: 9
DFA state entries in window  : 1: 100, 2: 42, 3: 5
DFA state entries cumulative : 1: 2600, 2: 249, 3: 9
transitions cumulative       : 1->2: 249, 2->3: 9
accepted directly from s0    : 0
Gym endings cumulative       : terminated=2516, truncated=75
Best policy updated at episode 2600: mean learning reward=-1073.315

[Episode 2700/8000 | last 100]
success rate                : 5.0% (cumulative 0.5%)
synthetic task reward       : 500.000
shaping reward              : -1475.093
learning reward             : -975.093
episode length              : 371.4
abstract changes / episode  : 20.1
DFA transitions / episode   : 0.48
DFA transitions in window   : 1->2: 43, 2->3: 5
epsilon (next episode)       : 0.33952
replay buffer                : 300000 samples [1: 89.2%, 2: 10.8%, 3: 0.0%]
DFA state visits in window   : 1: 27394, 2: 9839, 3: 5
DFA state visits cumulative  : 1: 535872, 2: 35280, 3: 14
DFA state entries in window  : 1: 100, 2: 43, 3: 5
DFA state entries cumulative : 1: 2700, 2: 292, 3: 14
transitions cumulative       : 1->2: 292, 2->3: 14
accepted directly from s0    : 0
Gym endings cumulative       : terminated=2606, truncated=80
Best policy updated at episode 2700: mean learning reward=-975.093

[Episode 2800/8000 | last 100]
success rate                : 11.0% (cumulative 0.9%)
synthetic task reward       : 1100.000
shaping reward              : -1468.608
learning reward             : -368.608
episode length              : 356.4
abstract changes / episode  : 21.1
DFA transitions / episode   : 0.61
DFA transitions in window   : 1->2: 50, 2->3: 11
epsilon (next episode)       : 0.32621
replay buffer                : 300000 samples [1: 86.1%, 2: 13.9%, 3: 0.0%]
DFA state visits in window   : 1: 25345, 2: 10389, 3: 11
DFA state visits cumulative  : 1: 561217, 2: 45669, 3: 25
DFA state entries in window  : 1: 100, 2: 50, 3: 11
DFA state entries cumulative : 1: 2800, 2: 342, 3: 25
transitions cumulative       : 1->2: 342, 2->3: 25
accepted directly from s0    : 0
Gym endings cumulative       : terminated=2693, truncated=82
Best policy updated at episode 2800: mean learning reward=-368.608

[Episode 2900/8000 | last 100]
success rate                : 12.0% (cumulative 1.3%)
synthetic task reward       : 1200.000
shaping reward              : -1442.593
learning reward             : -242.593
episode length              : 365.9
abstract changes / episode  : 22.5
DFA transitions / episode   : 0.77
DFA transitions in window   : 1->2: 65, 2->3: 12
epsilon (next episode)       : 0.31341
replay buffer                : 300000 samples [1: 81.8%, 2: 18.2%, 3: 0.0%]
DFA state visits in window   : 1: 22932, 2: 13741, 3: 12
DFA state visits cumulative  : 1: 584149, 2: 59410, 3: 37
DFA state entries in window  : 1: 100, 2: 65, 3: 12
DFA state entries cumulative : 1: 2900, 2: 407, 3: 37
transitions cumulative       : 1->2: 407, 2->3: 37
accepted directly from s0    : 0
Gym endings cumulative       : terminated=2781, truncated=82
Best policy updated at episode 2900: mean learning reward=-242.593

[Episode 3000/8000 | last 100]
success rate                : 19.0% (cumulative 1.9%)
synthetic task reward       : 1900.000
shaping reward              : -1221.839
learning reward             : 678.161
episode length              : 347.3
abstract changes / episode  : 20.9
DFA transitions / episode   : 0.87
DFA transitions in window   : 1->2: 68, 2->3: 19
epsilon (next episode)       : 0.30112
replay buffer                : 300000 samples [1: 78.4%, 2: 21.6%, 3: 0.0%]
DFA state visits in window   : 1: 22705, 2: 12110, 3: 19
DFA state visits cumulative  : 1: 606854, 2: 71520, 3: 56
DFA state entries in window  : 1: 100, 2: 68, 3: 19
DFA state entries cumulative : 1: 3000, 2: 475, 3: 56
transitions cumulative       : 1->2: 475, 2->3: 56
accepted directly from s0    : 0
Gym endings cumulative       : terminated=2862, truncated=82
Best policy updated at episode 3000: mean learning reward=678.161

[Episode 3100/8000 | last 100]
success rate                : 8.0% (cumulative 2.1%)
synthetic task reward       : 800.000
shaping reward              : -1420.854
learning reward             : -620.854
episode length              : 353.5
abstract changes / episode  : 22.6
DFA transitions / episode   : 0.79
DFA transitions in window   : 1->2: 71, 2->3: 8
epsilon (next episode)       : 0.28931
replay buffer                : 300000 samples [1: 75.2%, 2: 24.8%, 3: 0.0%]
DFA state visits in window   : 1: 21852, 2: 13591, 3: 8
DFA state visits cumulative  : 1: 628706, 2: 85111, 3: 64
DFA state entries in window  : 1: 100, 2: 71, 3: 8
DFA state entries cumulative : 1: 3100, 2: 546, 3: 64
transitions cumulative       : 1->2: 546, 2->3: 64
accepted directly from s0    : 0
Gym endings cumulative       : terminated=2954, truncated=82

[Episode 3200/8000 | last 100]
success rate                : 23.0% (cumulative 2.7%)
synthetic task reward       : 2300.000
shaping reward              : -1307.813
learning reward             : 992.187
episode length              : 336.1
abstract changes / episode  : 22.4
DFA transitions / episode   : 0.94
DFA transitions in window   : 1->2: 71, 2->3: 23
epsilon (next episode)       : 0.27797
replay buffer                : 300000 samples [1: 71.7%, 2: 28.3%, 3: 0.0%]
DFA state visits in window   : 1: 21075, 2: 12610, 3: 23
DFA state visits cumulative  : 1: 649781, 2: 97721, 3: 87
DFA state entries in window  : 1: 100, 2: 71, 3: 23
DFA state entries cumulative : 1: 3200, 2: 617, 3: 87
transitions cumulative       : 1->2: 617, 2->3: 87
accepted directly from s0    : 0
Gym endings cumulative       : terminated=3030, truncated=83
Best policy updated at episode 3200: mean learning reward=992.187

[Episode 3300/8000 | last 100]
success rate                : 21.0% (cumulative 3.3%)
synthetic task reward       : 2100.000
shaping reward              : -1542.748
learning reward             : 557.252
episode length              : 348.6
abstract changes / episode  : 24.3
DFA transitions / episode   : 0.93
DFA transitions in window   : 1->2: 72, 2->3: 21
epsilon (next episode)       : 0.26706
replay buffer                : 300000 samples [1: 68.4%, 2: 31.6%, 3: 0.0%]
DFA state visits in window   : 1: 22157, 2: 12782, 3: 21
DFA state visits cumulative  : 1: 671938, 2: 110503, 3: 108
DFA state entries in window  : 1: 100, 2: 72, 3: 21
DFA state entries cumulative : 1: 3300, 2: 689, 3: 108
transitions cumulative       : 1->2: 689, 2->3: 108
accepted directly from s0    : 0
Gym endings cumulative       : terminated=3108, truncated=84

[Episode 3400/8000 | last 100]
success rate                : 42.0% (cumulative 4.4%)
synthetic task reward       : 4200.000
shaping reward              : -1337.761
learning reward             : 2862.239
episode length              : 346.4
abstract changes / episode  : 24.4
DFA transitions / episode   : 1.16
DFA transitions in window   : 1->2: 74, 2->3: 42
epsilon (next episode)       : 0.25659
replay buffer                : 300000 samples [1: 65.9%, 2: 34.1%, 3: 0.0%]
DFA state visits in window   : 1: 21183, 2: 13512, 3: 42
DFA state visits cumulative  : 1: 693121, 2: 124015, 3: 150
DFA state entries in window  : 1: 100, 2: 74, 3: 42
DFA state entries cumulative : 1: 3400, 2: 763, 3: 150
transitions cumulative       : 1->2: 763, 2->3: 150
accepted directly from s0    : 0
Gym endings cumulative       : terminated=3165, truncated=85
Best policy updated at episode 3400: mean learning reward=2862.239

[Episode 3500/8000 | last 100]
success rate                : 48.0% (cumulative 5.7%)
synthetic task reward       : 4800.000
shaping reward              : -1459.701
learning reward             : 3340.299
episode length              : 378.8
abstract changes / episode  : 26.6
DFA transitions / episode   : 1.34
DFA transitions in window   : 1->2: 86, 2->3: 48
epsilon (next episode)       : 0.24653
replay buffer                : 300000 samples [1: 62.5%, 2: 37.5%, 3: 0.0%]
DFA state visits in window   : 1: 18135, 2: 19798, 3: 48
DFA state visits cumulative  : 1: 711256, 2: 143813, 3: 198
DFA state entries in window  : 1: 100, 2: 86, 3: 48
DFA state entries cumulative : 1: 3500, 2: 849, 3: 198
transitions cumulative       : 1->2: 849, 2->3: 198
accepted directly from s0    : 0
Gym endings cumulative       : terminated=3216, truncated=86
Best policy updated at episode 3500: mean learning reward=3340.299

[Episode 3600/8000 | last 100]
success rate                : 37.0% (cumulative 6.5%)
synthetic task reward       : 3700.000
shaping reward              : -1375.736
learning reward             : 2324.264
episode length              : 353.8
abstract changes / episode  : 24.3
DFA transitions / episode   : 1.09
DFA transitions in window   : 1->2: 72, 2->3: 37
epsilon (next episode)       : 0.23686
replay buffer                : 300000 samples [1: 61.5%, 2: 38.5%, 3: 0.0%]
DFA state visits in window   : 1: 21015, 2: 14430, 3: 37
DFA state visits cumulative  : 1: 732271, 2: 158243, 3: 235
DFA state entries in window  : 1: 100, 2: 72, 3: 37
DFA state entries cumulative : 1: 3600, 2: 921, 3: 235
transitions cumulative       : 1->2: 921, 2->3: 235
accepted directly from s0    : 0
Gym endings cumulative       : terminated=3277, truncated=88

[Episode 3700/8000 | last 100]
success rate                : 58.0% (cumulative 7.9%)
synthetic task reward       : 5800.000
shaping reward              : -1017.815
learning reward             : 4782.185
episode length              : 318.3
abstract changes / episode  : 22.4
DFA transitions / episode   : 1.38
DFA transitions in window   : 1->2: 80, 2->3: 58
epsilon (next episode)       : 0.22757
replay buffer                : 300000 samples [1: 59.5%, 2: 40.5%, 3: 0.0%]
DFA state visits in window   : 1: 17544, 2: 14324, 3: 58
DFA state visits cumulative  : 1: 749815, 2: 172567, 3: 293
DFA state entries in window  : 1: 100, 2: 80, 3: 58
DFA state entries cumulative : 1: 3700, 2: 1001, 3: 293
transitions cumulative       : 1->2: 1001, 2->3: 293
accepted directly from s0    : 0
Gym endings cumulative       : terminated=3319, truncated=88
Best policy updated at episode 3700: mean learning reward=4782.185

[Episode 3800/8000 | last 100]
success rate                : 53.0% (cumulative 9.1%)
synthetic task reward       : 5300.000
shaping reward              : -1254.489
learning reward             : 4045.511
episode length              : 338.3
abstract changes / episode  : 24.5
DFA transitions / episode   : 1.35
DFA transitions in window   : 1->2: 82, 2->3: 53
epsilon (next episode)       : 0.21865
replay buffer                : 300000 samples [1: 58.8%, 2: 41.2%, 3: 0.0%]
DFA state visits in window   : 1: 18647, 2: 15228, 3: 53
DFA state visits cumulative  : 1: 768462, 2: 187795, 3: 346
DFA state entries in window  : 1: 100, 2: 82, 3: 53
DFA state entries cumulative : 1: 3800, 2: 1083, 3: 346
transitions cumulative       : 1->2: 1083, 2->3: 346
accepted directly from s0    : 0
Gym endings cumulative       : terminated=3366, truncated=88

[Episode 3900/8000 | last 100]
success rate                : 66.0% (cumulative 10.6%)
synthetic task reward       : 6600.000
shaping reward              : -1133.800
learning reward             : 5466.200
episode length              : 339.3
abstract changes / episode  : 24.6
DFA transitions / episode   : 1.49
DFA transitions in window   : 1->2: 83, 2->3: 66
epsilon (next episode)       : 0.21007
replay buffer                : 300000 samples [1: 56.7%, 2: 43.3%, 3: 0.0%]
DFA state visits in window   : 1: 16202, 2: 17765, 3: 66
DFA state visits cumulative  : 1: 784664, 2: 205560, 3: 412
DFA state entries in window  : 1: 100, 2: 83, 3: 66
DFA state entries cumulative : 1: 3900, 2: 1166, 3: 412
transitions cumulative       : 1->2: 1166, 2->3: 412
accepted directly from s0    : 0
Gym endings cumulative       : terminated=3400, truncated=88
Best policy updated at episode 3900: mean learning reward=5466.200

[Episode 4000/8000 | last 100]
success rate                : 63.0% (cumulative 11.9%)
synthetic task reward       : 6300.000
shaping reward              : -1304.382
learning reward             : 4995.618
episode length              : 348.4
abstract changes / episode  : 27.1
DFA transitions / episode   : 1.50
DFA transitions in window   : 1->2: 87, 2->3: 63
epsilon (next episode)       : 0.20183
replay buffer                : 300000 samples [1: 55.8%, 2: 44.2%, 3: 0.0%]
DFA state visits in window   : 1: 17733, 2: 17144, 3: 63
DFA state visits cumulative  : 1: 802397, 2: 222704, 3: 475
DFA state entries in window  : 1: 100, 2: 87, 3: 63
DFA state entries cumulative : 1: 4000, 2: 1253, 3: 475
transitions cumulative       : 1->2: 1253, 2->3: 475
accepted directly from s0    : 0
Gym endings cumulative       : terminated=3437, truncated=88

[Episode 4100/8000 | last 100]
success rate                : 64.0% (cumulative 13.1%)
synthetic task reward       : 6400.000
shaping reward              : -1226.138
learning reward             : 5173.862
episode length              : 356.1
abstract changes / episode  : 26.3
DFA transitions / episode   : 1.50
DFA transitions in window   : 1->2: 86, 2->3: 64
epsilon (next episode)       : 0.19392
replay buffer                : 300000 samples [1: 54.8%, 2: 45.2%, 3: 0.0%]
DFA state visits in window   : 1: 20494, 2: 15148, 3: 64
DFA state visits cumulative  : 1: 822891, 2: 237852, 3: 539
DFA state entries in window  : 1: 100, 2: 86, 3: 64
DFA state entries cumulative : 1: 4100, 2: 1339, 3: 539
transitions cumulative       : 1->2: 1339, 2->3: 539
accepted directly from s0    : 0
Gym endings cumulative       : terminated=3472, truncated=89

[Episode 4200/8000 | last 100]
success rate                : 69.0% (cumulative 14.5%)
synthetic task reward       : 6900.000
shaping reward              : -1198.881
learning reward             : 5701.119
episode length              : 340.1
abstract changes / episode  : 24.7
DFA transitions / episode   : 1.43
DFA transitions in window   : 1->2: 74, 2->3: 69
epsilon (next episode)       : 0.18631
replay buffer                : 300000 samples [1: 55.0%, 2: 45.0%, 3: 0.0%]
DFA state visits in window   : 1: 22135, 2: 11902, 3: 69
DFA state visits cumulative  : 1: 845026, 2: 249754, 3: 608
DFA state entries in window  : 1: 100, 2: 74, 3: 69
DFA state entries cumulative : 1: 4200, 2: 1413, 3: 608
transitions cumulative       : 1->2: 1413, 2->3: 608
accepted directly from s0    : 0
Gym endings cumulative       : terminated=3503, truncated=89
Best policy updated at episode 4200: mean learning reward=5701.119

[Episode 4300/8000 | last 100]
success rate                : 65.0% (cumulative 15.7%)
synthetic task reward       : 6500.000
shaping reward              : -1274.165
learning reward             : 5225.835
episode length              : 355.3
abstract changes / episode  : 25.1
DFA transitions / episode   : 1.39
DFA transitions in window   : 1->2: 74, 2->3: 65
epsilon (next episode)       : 0.17900
replay buffer                : 300000 samples [1: 56.4%, 2: 43.6%, 3: 0.0%]
DFA state visits in window   : 1: 23534, 2: 12027, 3: 65
DFA state visits cumulative  : 1: 868560, 2: 261781, 3: 673
DFA state entries in window  : 1: 100, 2: 74, 3: 65
DFA state entries cumulative : 1: 4300, 2: 1487, 3: 673
transitions cumulative       : 1->2: 1487, 2->3: 673
accepted directly from s0    : 0
Gym endings cumulative       : terminated=3537, truncated=90

[Episode 4400/8000 | last 100]
success rate                : 73.0% (cumulative 17.0%)
synthetic task reward       : 7300.000
shaping reward              : -1069.491
learning reward             : 6230.509
episode length              : 335.2
abstract changes / episode  : 25.1
DFA transitions / episode   : 1.61
DFA transitions in window   : 1->2: 88, 2->3: 73
epsilon (next episode)       : 0.17198
replay buffer                : 300000 samples [1: 56.7%, 2: 43.3%, 3: 0.0%]
DFA state visits in window   : 1: 18144, 2: 15403, 3: 73
DFA state visits cumulative  : 1: 886704, 2: 277184, 3: 746
DFA state entries in window  : 1: 100, 2: 88, 3: 73
DFA state entries cumulative : 1: 4400, 2: 1575, 3: 746
transitions cumulative       : 1->2: 1575, 2->3: 746
accepted directly from s0    : 0
Gym endings cumulative       : terminated=3563, truncated=91
Best policy updated at episode 4400: mean learning reward=6230.509

[Episode 4500/8000 | last 100]
success rate                : 66.0% (cumulative 18.0%)
synthetic task reward       : 6600.000
shaping reward              : -1345.604
learning reward             : 5254.396
episode length              : 356.0
abstract changes / episode  : 27.1
DFA transitions / episode   : 1.53
DFA transitions in window   : 1->2: 87, 2->3: 66
epsilon (next episode)       : 0.16524
replay buffer                : 300000 samples [1: 55.8%, 2: 44.2%, 3: 0.0%]
DFA state visits in window   : 1: 17394, 2: 18237, 3: 66
DFA state visits cumulative  : 1: 904098, 2: 295421, 3: 812
DFA state entries in window  : 1: 100, 2: 87, 3: 66
DFA state entries cumulative : 1: 4500, 2: 1662, 3: 812
transitions cumulative       : 1->2: 1662, 2->3: 812
accepted directly from s0    : 0
Gym endings cumulative       : terminated=3597, truncated=91

[Episode 4600/8000 | last 100]
success rate                : 70.0% (cumulative 19.2%)
synthetic task reward       : 7000.000
shaping reward              : -1136.742
learning reward             : 5863.258
episode length              : 327.1
abstract changes / episode  : 24.5
DFA transitions / episode   : 1.51
DFA transitions in window   : 1->2: 81, 2->3: 70
epsilon (next episode)       : 0.15876
replay buffer                : 300000 samples [1: 55.7%, 2: 44.3%, 3: 0.0%]
DFA state visits in window   : 1: 17851, 2: 14887, 3: 70
DFA state visits cumulative  : 1: 921949, 2: 310308, 3: 882
DFA state entries in window  : 1: 100, 2: 81, 3: 70
DFA state entries cumulative : 1: 4600, 2: 1743, 3: 882
transitions cumulative       : 1->2: 1743, 2->3: 882
accepted directly from s0    : 0
Gym endings cumulative       : terminated=3626, truncated=92

[Episode 4700/8000 | last 100]
success rate                : 72.0% (cumulative 20.3%)
synthetic task reward       : 7200.000
shaping reward              : -1129.346
learning reward             : 6070.654
episode length              : 333.1
abstract changes / episode  : 25.2
DFA transitions / episode   : 1.60
DFA transitions in window   : 1->2: 88, 2->3: 72
epsilon (next episode)       : 0.15253
replay buffer                : 300000 samples [1: 55.7%, 2: 44.3%, 3: 0.0%]
DFA state visits in window   : 1: 17845, 2: 15498, 3: 72
DFA state visits cumulative  : 1: 939794, 2: 325806, 3: 954
DFA state entries in window  : 1: 100, 2: 88, 3: 72
DFA state entries cumulative : 1: 4700, 2: 1831, 3: 954
transitions cumulative       : 1->2: 1831, 2->3: 954
accepted directly from s0    : 0
Gym endings cumulative       : terminated=3654, truncated=92

[Episode 4800/8000 | last 100]
success rate                : 63.0% (cumulative 21.2%)
synthetic task reward       : 6300.000
shaping reward              : -1525.761
learning reward             : 4774.239
episode length              : 373.9
abstract changes / episode  : 28.7
DFA transitions / episode   : 1.42
DFA transitions in window   : 1->2: 79, 2->3: 63
epsilon (next episode)       : 0.14655
replay buffer                : 300000 samples [1: 57.6%, 2: 42.4%, 3: 0.0%]
DFA state visits in window   : 1: 24476, 2: 12950, 3: 63
DFA state visits cumulative  : 1: 964270, 2: 338756, 3: 1017
DFA state entries in window  : 1: 100, 2: 79, 3: 63
DFA state entries cumulative : 1: 4800, 2: 1910, 3: 1017
transitions cumulative       : 1->2: 1910, 2->3: 1017
accepted directly from s0    : 0
Gym endings cumulative       : terminated=3688, truncated=95

[Episode 4900/8000 | last 100]
success rate                : 81.0% (cumulative 22.4%)
synthetic task reward       : 8100.000
shaping reward              : -673.203
learning reward             : 7426.797
episode length              : 290.8
abstract changes / episode  : 21.5
DFA transitions / episode   : 1.71
DFA transitions in window   : 1->2: 90, 2->3: 81
epsilon (next episode)       : 0.14080
replay buffer                : 300000 samples [1: 58.0%, 2: 42.0%, 3: 0.0%]
DFA state visits in window   : 1: 16107, 2: 12992, 3: 81
DFA state visits cumulative  : 1: 980377, 2: 351748, 3: 1098
DFA state entries in window  : 1: 100, 2: 90, 3: 81
DFA state entries cumulative : 1: 4900, 2: 2000, 3: 1098
transitions cumulative       : 1->2: 2000, 2->3: 1098
accepted directly from s0    : 0
Gym endings cumulative       : terminated=3707, truncated=95
Best policy updated at episode 4900: mean learning reward=7426.797

[Episode 5000/8000 | last 100]
success rate                : 87.0% (cumulative 23.7%)
synthetic task reward       : 8700.000
shaping reward              : -634.510
learning reward             : 8065.490
episode length              : 293.0
abstract changes / episode  : 21.9
DFA transitions / episode   : 1.83
DFA transitions in window   : 1->2: 96, 2->3: 87
epsilon (next episode)       : 0.13528
replay buffer                : 300000 samples [1: 57.1%, 2: 42.9%, 3: 0.0%]
DFA state visits in window   : 1: 14314, 2: 15000, 3: 87
DFA state visits cumulative  : 1: 994691, 2: 366748, 3: 1185
DFA state entries in window  : 1: 100, 2: 96, 3: 87
DFA state entries cumulative : 1: 5000, 2: 2096, 3: 1185
transitions cumulative       : 1->2: 2096, 2->3: 1185
accepted directly from s0    : 0
Gym endings cumulative       : terminated=3720, truncated=95
Best policy updated at episode 5000: mean learning reward=8065.490

[Episode 5100/8000 | last 100]
success rate                : 81.0% (cumulative 24.8%)
synthetic task reward       : 8100.000
shaping reward              : -777.895
learning reward             : 7322.105
episode length              : 300.3
abstract changes / episode  : 22.4
DFA transitions / episode   : 1.69
DFA transitions in window   : 1->2: 88, 2->3: 81
epsilon (next episode)       : 0.12998
replay buffer                : 300000 samples [1: 56.1%, 2: 43.9%, 3: 0.0%]
DFA state visits in window   : 1: 16607, 2: 13444, 3: 81
DFA state visits cumulative  : 1: 1011298, 2: 380192, 3: 1266
DFA state entries in window  : 1: 100, 2: 88, 3: 81
DFA state entries cumulative : 1: 5100, 2: 2184, 3: 1266
transitions cumulative       : 1->2: 2184, 2->3: 1266
accepted directly from s0    : 0
Gym endings cumulative       : terminated=3738, truncated=96

[Episode 5200/8000 | last 100]
success rate                : 82.0% (cumulative 25.9%)
synthetic task reward       : 8200.000
shaping reward              : -608.954
learning reward             : 7591.046
episode length              : 290.8
abstract changes / episode  : 21.2
DFA transitions / episode   : 1.73
DFA transitions in window   : 1->2: 91, 2->3: 82
epsilon (next episode)       : 0.12488
replay buffer                : 300000 samples [1: 55.5%, 2: 44.5%, 3: 0.0%]
DFA state visits in window   : 1: 17376, 2: 11726, 3: 82
DFA state visits cumulative  : 1: 1028674, 2: 391918, 3: 1348
DFA state entries in window  : 1: 100, 2: 91, 3: 82
DFA state entries cumulative : 1: 5200, 2: 2275, 3: 1348
transitions cumulative       : 1->2: 2275, 2->3: 1348
accepted directly from s0    : 0
Gym endings cumulative       : terminated=3756, truncated=96

[Episode 5300/8000 | last 100]
success rate                : 84.0% (cumulative 27.0%)
synthetic task reward       : 8400.000
shaping reward              : -713.810
learning reward             : 7686.190
episode length              : 285.8
abstract changes / episode  : 22.3
DFA transitions / episode   : 1.75
DFA transitions in window   : 1->2: 91, 2->3: 84
epsilon (next episode)       : 0.11998
replay buffer                : 300000 samples [1: 55.2%, 2: 44.8%, 3: 0.0%]
DFA state visits in window   : 1: 15904, 2: 12695, 3: 84
DFA state visits cumulative  : 1: 1044578, 2: 404613, 3: 1432
DFA state entries in window  : 1: 100, 2: 91, 3: 84
DFA state entries cumulative : 1: 5300, 2: 2366, 3: 1432
transitions cumulative       : 1->2: 2366, 2->3: 1432
accepted directly from s0    : 0
Gym endings cumulative       : terminated=3772, truncated=96

[Episode 5400/8000 | last 100]
success rate                : 88.0% (cumulative 28.1%)
synthetic task reward       : 8800.000
shaping reward              : -594.926
learning reward             : 8205.074
episode length              : 284.4
abstract changes / episode  : 21.7
DFA transitions / episode   : 1.79
DFA transitions in window   : 1->2: 91, 2->3: 88
epsilon (next episode)       : 0.11528
replay buffer                : 300000 samples [1: 55.5%, 2: 44.5%, 3: 0.0%]
DFA state visits in window   : 1: 15541, 2: 12912, 3: 88
DFA state visits cumulative  : 1: 1060119, 2: 417525, 3: 1520
DFA state entries in window  : 1: 100, 2: 91, 3: 88
DFA state entries cumulative : 1: 5400, 2: 2457, 3: 1520
transitions cumulative       : 1->2: 2457, 2->3: 1520
accepted directly from s0    : 0
Gym endings cumulative       : terminated=3784, truncated=96
Best policy updated at episode 5400: mean learning reward=8205.074

[Episode 5500/8000 | last 100]
success rate                : 93.0% (cumulative 29.3%)
synthetic task reward       : 9300.000
shaping reward              : -401.278
learning reward             : 8898.722
episode length              : 276.1
abstract changes / episode  : 20.3
DFA transitions / episode   : 1.91
DFA transitions in window   : 1->2: 98, 2->3: 93
epsilon (next episode)       : 0.11075
replay buffer                : 300000 samples [1: 55.8%, 2: 44.2%, 3: 0.0%]
DFA state visits in window   : 1: 14459, 2: 13157, 3: 93
DFA state visits cumulative  : 1: 1074578, 2: 430682, 3: 1613
DFA state entries in window  : 1: 100, 2: 98, 3: 93
DFA state entries cumulative : 1: 5500, 2: 2555, 3: 1613
transitions cumulative       : 1->2: 2555, 2->3: 1613
accepted directly from s0    : 0
Gym endings cumulative       : terminated=3791, truncated=96
Best policy updated at episode 5500: mean learning reward=8898.722

[Episode 5600/8000 | last 100]
success rate                : 91.0% (cumulative 30.4%)
synthetic task reward       : 9100.000
shaping reward              : -358.202
learning reward             : 8741.798
episode length              : 274.4
abstract changes / episode  : 19.9
DFA transitions / episode   : 1.90
DFA transitions in window   : 1->2: 99, 2->3: 91
epsilon (next episode)       : 0.10641
replay buffer                : 300000 samples [1: 55.6%, 2: 44.4%, 3: 0.0%]
DFA state visits in window   : 1: 14360, 2: 13086, 3: 91
DFA state visits cumulative  : 1: 1088938, 2: 443768, 3: 1704
DFA state entries in window  : 1: 100, 2: 99, 3: 91
DFA state entries cumulative : 1: 5600, 2: 2654, 3: 1704
transitions cumulative       : 1->2: 2654, 2->3: 1704
accepted directly from s0    : 0
Gym endings cumulative       : terminated=3800, truncated=96

[Episode 5700/8000 | last 100]
success rate                : 84.0% (cumulative 31.4%)
synthetic task reward       : 8400.000
shaping reward              : -524.294
learning reward             : 7875.706
episode length              : 267.8
abstract changes / episode  : 20.6
DFA transitions / episode   : 1.78
DFA transitions in window   : 1->2: 94, 2->3: 84
epsilon (next episode)       : 0.10224
replay buffer                : 300000 samples [1: 55.7%, 2: 44.3%, 3: 0.0%]
DFA state visits in window   : 1: 14047, 2: 12746, 3: 84
DFA state visits cumulative  : 1: 1102985, 2: 456514, 3: 1788
DFA state entries in window  : 1: 100, 2: 94, 3: 84
DFA state entries cumulative : 1: 5700, 2: 2748, 3: 1788
transitions cumulative       : 1->2: 2748, 2->3: 1788
accepted directly from s0    : 0
Gym endings cumulative       : terminated=3816, truncated=96

[Episode 5800/8000 | last 100]
success rate                : 73.0% (cumulative 32.1%)
synthetic task reward       : 7300.000
shaping reward              : -813.032
learning reward             : 6486.968
episode length              : 298.7
abstract changes / episode  : 21.3
DFA transitions / episode   : 1.53
DFA transitions in window   : 1->2: 80, 2->3: 73
epsilon (next episode)       : 0.09823
replay buffer                : 300000 samples [1: 55.6%, 2: 44.4%, 3: 0.0%]
DFA state visits in window   : 1: 20689, 2: 9211, 3: 73
DFA state visits cumulative  : 1: 1123674, 2: 465725, 3: 1861
DFA state entries in window  : 1: 100, 2: 80, 3: 73
DFA state entries cumulative : 1: 5800, 2: 2828, 3: 1861
transitions cumulative       : 1->2: 2828, 2->3: 1861
accepted directly from s0    : 0
Gym endings cumulative       : terminated=3840, truncated=99

[Episode 5900/8000 | last 100]
success rate                : 75.0% (cumulative 32.8%)
synthetic task reward       : 7500.000
shaping reward              : -878.891
learning reward             : 6621.109
episode length              : 290.4
abstract changes / episode  : 22.6
DFA transitions / episode   : 1.60
DFA transitions in window   : 1->2: 85, 2->3: 75
epsilon (next episode)       : 0.09438
replay buffer                : 300000 samples [1: 56.2%, 2: 43.8%, 3: 0.0%]
DFA state visits in window   : 1: 18139, 2: 10927, 3: 75
DFA state visits cumulative  : 1: 1141813, 2: 476652, 3: 1936
DFA state entries in window  : 1: 100, 2: 85, 3: 75
DFA state entries cumulative : 1: 5900, 2: 2913, 3: 1936
transitions cumulative       : 1->2: 2913, 2->3: 1936
accepted directly from s0    : 0
Gym endings cumulative       : terminated=3865, truncated=99

[Episode 6000/8000 | last 100]
success rate                : 70.0% (cumulative 33.4%)
synthetic task reward       : 7000.000
shaping reward              : -922.658
learning reward             : 6077.342
episode length              : 278.6
abstract changes / episode  : 23.2
DFA transitions / episode   : 1.60
DFA transitions in window   : 1->2: 90, 2->3: 70
epsilon (next episode)       : 0.09067
replay buffer                : 300000 samples [1: 56.4%, 2: 43.6%, 3: 0.0%]
DFA state visits in window   : 1: 14772, 2: 13119, 3: 70
DFA state visits cumulative  : 1: 1156585, 2: 489771, 3: 2006
DFA state entries in window  : 1: 100, 2: 90, 3: 70
DFA state entries cumulative : 1: 6000, 2: 3003, 3: 2006
transitions cumulative       : 1->2: 3003, 2->3: 2006
accepted directly from s0    : 0
Gym endings cumulative       : terminated=3895, truncated=99

[Episode 6100/8000 | last 100]
success rate                : 91.0% (cumulative 34.4%)
synthetic task reward       : 9100.000
shaping reward              : -457.952
learning reward             : 8642.048
episode length              : 291.2
abstract changes / episode  : 21.3
DFA transitions / episode   : 1.88
DFA transitions in window   : 1->2: 97, 2->3: 91
epsilon (next episode)       : 0.08712
replay buffer                : 300000 samples [1: 56.8%, 2: 43.2%, 3: 0.0%]
DFA state visits in window   : 1: 15454, 2: 13680, 3: 91
DFA state visits cumulative  : 1: 1172039, 2: 503451, 3: 2097
DFA state entries in window  : 1: 100, 2: 97, 3: 91
DFA state entries cumulative : 1: 6100, 2: 3100, 3: 2097
transitions cumulative       : 1->2: 3100, 2->3: 2097
accepted directly from s0    : 0
Gym endings cumulative       : terminated=3903, truncated=100

[Episode 6200/8000 | last 100]
success rate                : 73.0% (cumulative 35.0%)
synthetic task reward       : 7300.000
shaping reward              : -641.867
learning reward             : 6658.133
episode length              : 258.8
abstract changes / episode  : 19.4
DFA transitions / episode   : 1.54
DFA transitions in window   : 1->2: 81, 2->3: 73
epsilon (next episode)       : 0.08370
replay buffer                : 300000 samples [1: 57.0%, 2: 43.0%, 3: 0.0%]
DFA state visits in window   : 1: 15853, 2: 10049, 3: 73
DFA state visits cumulative  : 1: 1187892, 2: 513500, 3: 2170
DFA state entries in window  : 1: 100, 2: 81, 3: 73
DFA state entries cumulative : 1: 6200, 2: 3181, 3: 2170
transitions cumulative       : 1->2: 3181, 2->3: 2170
accepted directly from s0    : 0
Gym endings cumulative       : terminated=3930, truncated=100

[Episode 6300/8000 | last 100]
success rate                : 50.0% (cumulative 35.2%)
synthetic task reward       : 5000.000
shaping reward              : -986.726
learning reward             : 4013.274
episode length              : 236.7
abstract changes / episode  : 19.2
DFA transitions / episode   : 1.13
DFA transitions in window   : 1->2: 63, 2->3: 50
epsilon (next episode)       : 0.08042
replay buffer                : 300000 samples [1: 57.3%, 2: 42.7%, 3: 0.0%]
DFA state visits in window   : 1: 15243, 2: 8478, 3: 50
DFA state visits cumulative  : 1: 1203135, 2: 521978, 3: 2220
DFA state entries in window  : 1: 100, 2: 63, 3: 50
DFA state entries cumulative : 1: 6300, 2: 3244, 3: 2220
transitions cumulative       : 1->2: 3244, 2->3: 2220
accepted directly from s0    : 0
Gym endings cumulative       : terminated=3979, truncated=101

[Episode 6400/8000 | last 100]
success rate                : 84.0% (cumulative 36.0%)
synthetic task reward       : 8400.000
shaping reward              : -399.028
learning reward             : 8000.972
episode length              : 270.3
abstract changes / episode  : 18.6
DFA transitions / episode   : 1.73
DFA transitions in window   : 1->2: 89, 2->3: 84
epsilon (next episode)       : 0.07727
replay buffer                : 300000 samples [1: 57.8%, 2: 42.2%, 3: 0.0%]
DFA state visits in window   : 1: 16549, 2: 10497, 3: 84
DFA state visits cumulative  : 1: 1219684, 2: 532475, 3: 2304
DFA state entries in window  : 1: 100, 2: 89, 3: 84
DFA state entries cumulative : 1: 6400, 2: 3333, 3: 2304
transitions cumulative       : 1->2: 3333, 2->3: 2304
accepted directly from s0    : 0
Gym endings cumulative       : terminated=3995, truncated=101

[Episode 6500/8000 | last 100]
success rate                : 85.0% (cumulative 36.8%)
synthetic task reward       : 8500.000
shaping reward              : -320.176
learning reward             : 8179.824
episode length              : 247.4
abstract changes / episode  : 17.6
DFA transitions / episode   : 1.74
DFA transitions in window   : 1->2: 89, 2->3: 85
epsilon (next episode)       : 0.07423
replay buffer                : 300000 samples [1: 58.0%, 2: 42.0%, 3: 0.0%]
DFA state visits in window   : 1: 14028, 2: 10727, 3: 85
DFA state visits cumulative  : 1: 1233712, 2: 543202, 3: 2389
DFA state entries in window  : 1: 100, 2: 89, 3: 85
DFA state entries cumulative : 1: 6500, 2: 3422, 3: 2389
transitions cumulative       : 1->2: 3422, 2->3: 2389
accepted directly from s0    : 0
Gym endings cumulative       : terminated=4010, truncated=101

[Episode 6600/8000 | last 100]
success rate                : 70.0% (cumulative 37.3%)
synthetic task reward       : 7000.000
shaping reward              : -467.082
learning reward             : 6532.918
episode length              : 231.1
abstract changes / episode  : 16.6
DFA transitions / episode   : 1.47
DFA transitions in window   : 1->2: 77, 2->3: 70
epsilon (next episode)       : 0.07132
replay buffer                : 300000 samples [1: 58.7%, 2: 41.3%, 3: 0.0%]
DFA state visits in window   : 1: 14184, 2: 8958, 3: 70
DFA state visits cumulative  : 1: 1247896, 2: 552160, 3: 2459
DFA state entries in window  : 1: 100, 2: 77, 3: 70
DFA state entries cumulative : 1: 6600, 2: 3499, 3: 2459
transitions cumulative       : 1->2: 3499, 2->3: 2459
accepted directly from s0    : 0
Gym endings cumulative       : terminated=4040, truncated=101

[Episode 6700/8000 | last 100]
success rate                : 72.0% (cumulative 37.8%)
synthetic task reward       : 7200.000
shaping reward              : -689.642
learning reward             : 6510.358
episode length              : 275.9
abstract changes / episode  : 20.4
DFA transitions / episode   : 1.54
DFA transitions in window   : 1->2: 82, 2->3: 72
epsilon (next episode)       : 0.06853
replay buffer                : 300000 samples [1: 59.3%, 2: 40.7%, 3: 0.0%]
DFA state visits in window   : 1: 16638, 2: 10979, 3: 72
DFA state visits cumulative  : 1: 1264534, 2: 563139, 3: 2531
DFA state entries in window  : 1: 100, 2: 82, 3: 72
DFA state entries cumulative : 1: 6700, 2: 3581, 3: 2531
transitions cumulative       : 1->2: 3581, 2->3: 2531
accepted directly from s0    : 0
Gym endings cumulative       : terminated=4068, truncated=101

[Episode 6800/8000 | last 100]
success rate                : 73.0% (cumulative 38.3%)
synthetic task reward       : 7300.000
shaping reward              : -558.763
learning reward             : 6741.237
episode length              : 264.8
abstract changes / episode  : 18.9
DFA transitions / episode   : 1.55
DFA transitions in window   : 1->2: 82, 2->3: 73
epsilon (next episode)       : 0.06584
replay buffer                : 300000 samples [1: 60.6%, 2: 39.4%, 3: 0.0%]
DFA state visits in window   : 1: 17273, 2: 9231, 3: 73
DFA state visits cumulative  : 1: 1281807, 2: 572370, 3: 2604
DFA state entries in window  : 1: 100, 2: 82, 3: 73
DFA state entries cumulative : 1: 6800, 2: 3663, 3: 2604
transitions cumulative       : 1->2: 3663, 2->3: 2604
accepted directly from s0    : 0
Gym endings cumulative       : terminated=4095, truncated=101

[Episode 6900/8000 | last 100]
success rate                : 81.0% (cumulative 38.9%)
synthetic task reward       : 8100.000
shaping reward              : -533.523
learning reward             : 7566.477
episode length              : 267.6
abstract changes / episode  : 19.5
DFA transitions / episode   : 1.69
DFA transitions in window   : 1->2: 88, 2->3: 81
epsilon (next episode)       : 0.06326
replay buffer                : 300000 samples [1: 59.7%, 2: 40.3%, 3: 0.0%]
DFA state visits in window   : 1: 15758, 2: 11024, 3: 81
DFA state visits cumulative  : 1: 1297565, 2: 583394, 3: 2685
DFA state entries in window  : 1: 100, 2: 88, 3: 81
DFA state entries cumulative : 1: 6900, 2: 3751, 3: 2685
transitions cumulative       : 1->2: 3751, 2->3: 2685
accepted directly from s0    : 0
Gym endings cumulative       : terminated=4114, truncated=101

[Episode 7000/8000 | last 100]
success rate                : 89.0% (cumulative 39.6%)
synthetic task reward       : 8900.000
shaping reward              : -303.162
learning reward             : 8596.838
episode length              : 255.6
abstract changes / episode  : 18.9
DFA transitions / episode   : 1.86
DFA transitions in window   : 1->2: 97, 2->3: 89
epsilon (next episode)       : 0.06078
replay buffer                : 300000 samples [1: 59.1%, 2: 40.9%, 3: 0.0%]
DFA state visits in window   : 1: 14269, 2: 11301, 3: 89
DFA state visits cumulative  : 1: 1311834, 2: 594695, 3: 2774
DFA state entries in window  : 1: 100, 2: 97, 3: 89
DFA state entries cumulative : 1: 7000, 2: 3848, 3: 2774
transitions cumulative       : 1->2: 3848, 2->3: 2774
accepted directly from s0    : 0
Gym endings cumulative       : terminated=4125, truncated=101

[Episode 7100/8000 | last 100]
success rate                : 82.0% (cumulative 40.2%)
synthetic task reward       : 8200.000
shaping reward              : -930.750
learning reward             : 7269.250
episode length              : 337.9
abstract changes / episode  : 25.4
DFA transitions / episode   : 1.76
DFA transitions in window   : 1->2: 94, 2->3: 82
epsilon (next episode)       : 0.05839
replay buffer                : 300000 samples [1: 60.2%, 2: 39.8%, 3: 0.0%]
DFA state visits in window   : 1: 22377, 2: 11431, 3: 82
DFA state visits cumulative  : 1: 1334211, 2: 606126, 3: 2856
DFA state entries in window  : 1: 100, 2: 94, 3: 82
DFA state entries cumulative : 1: 7100, 2: 3942, 3: 2856
transitions cumulative       : 1->2: 3942, 2->3: 2856
accepted directly from s0    : 0
Gym endings cumulative       : terminated=4142, truncated=102

[Episode 7200/8000 | last 100]
success rate                : 69.0% (cumulative 40.6%)
synthetic task reward       : 6900.000
shaping reward              : -1003.200
learning reward             : 5896.800
episode length              : 328.7
abstract changes / episode  : 24.7
DFA transitions / episode   : 1.57
DFA transitions in window   : 1->2: 88, 2->3: 69
epsilon (next episode)       : 0.05610
replay buffer                : 300000 samples [1: 62.1%, 2: 37.9%, 3: 0.0%]
DFA state visits in window   : 1: 22858, 2: 10040, 3: 69
DFA state visits cumulative  : 1: 1357069, 2: 616166, 3: 2925
DFA state entries in window  : 1: 100, 2: 88, 3: 69
DFA state entries cumulative : 1: 7200, 2: 4030, 3: 2925
transitions cumulative       : 1->2: 4030, 2->3: 2925
accepted directly from s0    : 0
Gym endings cumulative       : terminated=4169, truncated=106

[Episode 7300/8000 | last 100]
success rate                : 70.0% (cumulative 41.0%)
synthetic task reward       : 7000.000
shaping reward              : -472.075
learning reward             : 6527.925
episode length              : 263.5
abstract changes / episode  : 19.6
DFA transitions / episode   : 1.63
DFA transitions in window   : 1->2: 93, 2->3: 70
epsilon (next episode)       : 0.05390
replay buffer                : 300000 samples [1: 61.9%, 2: 38.1%, 3: 0.0%]
DFA state visits in window   : 1: 15410, 2: 10969, 3: 70
DFA state visits cumulative  : 1: 1372479, 2: 627135, 3: 2995
DFA state entries in window  : 1: 100, 2: 93, 3: 70
DFA state entries cumulative : 1: 7300, 2: 4123, 3: 2995
transitions cumulative       : 1->2: 4123, 2->3: 2995
accepted directly from s0    : 0
Gym endings cumulative       : terminated=4199, truncated=106

[Episode 7400/8000 | last 100]
success rate                : 81.0% (cumulative 41.6%)
synthetic task reward       : 8100.000
shaping reward              : -396.045
learning reward             : 7703.955
episode length              : 275.4
abstract changes / episode  : 18.2
DFA transitions / episode   : 1.66
DFA transitions in window   : 1->2: 85, 2->3: 81
epsilon (next episode)       : 0.05179
replay buffer                : 300000 samples [1: 62.1%, 2: 37.9%, 3: 0.0%]
DFA state visits in window   : 1: 18186, 2: 9372, 3: 81
DFA state visits cumulative  : 1: 1390665, 2: 636507, 3: 3076
DFA state entries in window  : 1: 100, 2: 85, 3: 81
DFA state entries cumulative : 1: 7400, 2: 4208, 3: 3076
transitions cumulative       : 1->2: 4208, 2->3: 3076
accepted directly from s0    : 0
Gym endings cumulative       : terminated=4218, truncated=106

[Episode 7500/8000 | last 100]
success rate                : 75.0% (cumulative 42.0%)
synthetic task reward       : 7500.000
shaping reward              : -507.403
learning reward             : 6992.597
episode length              : 273.4
abstract changes / episode  : 18.4
DFA transitions / episode   : 1.57
DFA transitions in window   : 1->2: 82, 2->3: 75
epsilon (next episode)       : 0.04976
replay buffer                : 300000 samples [1: 62.6%, 2: 37.4%, 3: 0.0%]
DFA state visits in window   : 1: 18045, 2: 9316, 3: 75
DFA state visits cumulative  : 1: 1408710, 2: 645823, 3: 3151
DFA state entries in window  : 1: 100, 2: 82, 3: 75
DFA state entries cumulative : 1: 7500, 2: 4290, 3: 3151
transitions cumulative       : 1->2: 4290, 2->3: 3151
accepted directly from s0    : 0
Gym endings cumulative       : terminated=4240, truncated=109

[Episode 7600/8000 | last 100]
success rate                : 90.0% (cumulative 42.6%)
synthetic task reward       : 9000.000
shaping reward              : -561.303
learning reward             : 8438.697
episode length              : 326.7
abstract changes / episode  : 22.1
DFA transitions / episode   : 1.85
DFA transitions in window   : 1->2: 95, 2->3: 90
epsilon (next episode)       : 0.04781
replay buffer                : 300000 samples [1: 63.7%, 2: 36.3%, 3: 0.0%]
DFA state visits in window   : 1: 22156, 2: 10525, 3: 90
DFA state visits cumulative  : 1: 1430866, 2: 656348, 3: 3241
DFA state entries in window  : 1: 100, 2: 95, 3: 90
DFA state entries cumulative : 1: 7600, 2: 4385, 3: 3241
transitions cumulative       : 1->2: 4385, 2->3: 3241
accepted directly from s0    : 0
Gym endings cumulative       : terminated=4250, truncated=109

[Episode 7700/8000 | last 100]
success rate                : 81.0% (cumulative 43.1%)
synthetic task reward       : 8100.000
shaping reward              : -591.727
learning reward             : 7508.273
episode length              : 264.6
abstract changes / episode  : 20.0
DFA transitions / episode   : 1.64
DFA transitions in window   : 1->2: 83, 2->3: 81
epsilon (next episode)       : 0.04593
replay buffer                : 300000 samples [1: 63.9%, 2: 36.1%, 3: 0.0%]
DFA state visits in window   : 1: 17180, 2: 9302, 3: 81
DFA state visits cumulative  : 1: 1448046, 2: 665650, 3: 3322
DFA state entries in window  : 1: 100, 2: 83, 3: 81
DFA state entries cumulative : 1: 7700, 2: 4468, 3: 3322
transitions cumulative       : 1->2: 4468, 2->3: 3322
accepted directly from s0    : 0
Gym endings cumulative       : terminated=4269, truncated=109

[Episode 7800/8000 | last 100]
success rate                : 75.0% (cumulative 43.6%)
synthetic task reward       : 7500.000
shaping reward              : -572.940
learning reward             : 6927.060
episode length              : 250.2
abstract changes / episode  : 19.0
DFA transitions / episode   : 1.58
DFA transitions in window   : 1->2: 83, 2->3: 75
epsilon (next episode)       : 0.04413
replay buffer                : 300000 samples [1: 63.9%, 2: 36.1%, 3: 0.0%]
DFA state visits in window   : 1: 15267, 2: 9780, 3: 75
DFA state visits cumulative  : 1: 1463313, 2: 675430, 3: 3397
DFA state entries in window  : 1: 100, 2: 83, 3: 75
DFA state entries cumulative : 1: 7800, 2: 4551, 3: 3397
transitions cumulative       : 1->2: 4551, 2->3: 3397
accepted directly from s0    : 0
Gym endings cumulative       : terminated=4294, truncated=109

[Episode 7900/8000 | last 100]
success rate                : 69.0% (cumulative 43.9%)
synthetic task reward       : 6900.000
shaping reward              : -573.953
learning reward             : 6326.047
episode length              : 223.0
abstract changes / episode  : 17.2
DFA transitions / episode   : 1.44
DFA transitions in window   : 1->2: 75, 2->3: 69
epsilon (next episode)       : 0.04240
replay buffer                : 300000 samples [1: 63.6%, 2: 36.4%, 3: 0.0%]
DFA state visits in window   : 1: 14068, 2: 8265, 3: 69
DFA state visits cumulative  : 1: 1477381, 2: 683695, 3: 3466
DFA state entries in window  : 1: 100, 2: 75, 3: 69
DFA state entries cumulative : 1: 7900, 2: 4626, 3: 3466
transitions cumulative       : 1->2: 4626, 2->3: 3466
accepted directly from s0    : 0
Gym endings cumulative       : terminated=4325, truncated=109

[Episode 8000/8000 | last 100]
success rate                : 68.0% (cumulative 44.2%)
synthetic task reward       : 6800.000
shaping reward              : -457.717
learning reward             : 6342.283
episode length              : 217.3
abstract changes / episode  : 16.8
DFA transitions / episode   : 1.48
DFA transitions in window   : 1->2: 80, 2->3: 68
epsilon (next episode)       : 0.04074
replay buffer                : 300000 samples [1: 63.9%, 2: 36.1%, 3: 0.0%]
DFA state visits in window   : 1: 12898, 2: 8861, 3: 68
DFA state visits cumulative  : 1: 1490279, 2: 692556, 3: 3534
DFA state entries in window  : 1: 100, 2: 80, 3: 68
DFA state entries cumulative : 1: 8000, 2: 4706, 3: 3534
transitions cumulative       : 1->2: 4706, 2->3: 3534
accepted directly from s0    : 0
Gym endings cumulative       : terminated=4357, truncated=109
Last policy saved after episode 8000. Best policy: episode 5500, mean learning reward=8898.722
