
=== NEW RUN ===
episodes=8000, shaping=True, K=1.0, goal_reward=10000.0, gamma=0.99
training_shaping_gamma=True, shaping_formula=K*(gamma*Phi(next)-Phi(state))
inter_level_shaping=True, inter_level_K=1.0
formula=F(wp1 & X(F(g1)))
waypoints={'wp1': (1, 8), 'g1': (8, 8)}
dfa_states=[1, 2, 3], pre_trace=1, accepting=[3]

[Episode 1/8000 | last 1]
success rate                : 0.0% (cumulative 0.0%)
synthetic task reward       : 0.000
shaping reward              : -1506.078
learning reward             : -1506.078
episode length              : 66.0
abstract changes / episode  : 13.0
DFA transitions / episode   : 0.00
DFA transitions in window   : none
epsilon (next episode)       : 0.99960
replay buffer                : 66 samples [1: 100.0%, 2: 0.0%, 3: 0.0%]
DFA state visits in window   : 1: 67, 2: 0, 3: 0
DFA state visits cumulative  : 1: 67, 2: 0, 3: 0
DFA state entries in window  : 1: 1, 2: 0, 3: 0
DFA state entries cumulative : 1: 1, 2: 0, 3: 0
transitions cumulative       : none
accepted directly from s0    : 0
Gym endings cumulative       : terminated=1, truncated=0
Best policy updated at episode 1: mean learning reward=-1506.078

[Episode 100/8000 | last 100]
success rate                : 0.0% (cumulative 0.0%)
synthetic task reward       : 0.000
shaping reward              : -1535.575
learning reward             : -1535.575
episode length              : 94.9
abstract changes / episode  : 12.8
DFA transitions / episode   : 0.01
DFA transitions in window   : 1->2: 1
epsilon (next episode)       : 0.96078
replay buffer                : 9492 samples [1: 99.7%, 2: 0.3%, 3: 0.0%]
DFA state visits in window   : 1: 9566, 2: 26, 3: 0
DFA state visits cumulative  : 1: 9566, 2: 26, 3: 0
DFA state entries in window  : 1: 100, 2: 1, 3: 0
DFA state entries cumulative : 1: 100, 2: 1, 3: 0
transitions cumulative       : 1->2: 1
accepted directly from s0    : 0
Gym endings cumulative       : terminated=100, truncated=0

[Episode 200/8000 | last 100]
success rate                : 0.0% (cumulative 0.0%)
synthetic task reward       : 0.000
shaping reward              : -1511.774
learning reward             : -1511.774
episode length              : 92.1
abstract changes / episode  : 12.7
DFA transitions / episode   : 0.02
DFA transitions in window   : 1->2: 2
epsilon (next episode)       : 0.92310
replay buffer                : 18700 samples [1: 99.7%, 2: 0.3%, 3: 0.0%]
DFA state visits in window   : 1: 9268, 2: 40, 3: 0
DFA state visits cumulative  : 1: 18834, 2: 66, 3: 0
DFA state entries in window  : 1: 100, 2: 2, 3: 0
DFA state entries cumulative : 1: 200, 2: 3, 3: 0
transitions cumulative       : 1->2: 3
accepted directly from s0    : 0
Gym endings cumulative       : terminated=200, truncated=0

[Episode 300/8000 | last 100]
success rate                : 0.0% (cumulative 0.0%)
synthetic task reward       : 0.000
shaping reward              : -1574.345
learning reward             : -1574.345
episode length              : 103.9
abstract changes / episode  : 13.2
DFA transitions / episode   : 0.01
DFA transitions in window   : 1->2: 1
epsilon (next episode)       : 0.88690
replay buffer                : 29086 samples [1: 99.7%, 2: 0.3%, 3: 0.0%]
DFA state visits in window   : 1: 10455, 2: 31, 3: 0
DFA state visits cumulative  : 1: 29289, 2: 97, 3: 0
DFA state entries in window  : 1: 100, 2: 1, 3: 0
DFA state entries cumulative : 1: 300, 2: 4, 3: 0
transitions cumulative       : 1->2: 4
accepted directly from s0    : 0
Gym endings cumulative       : terminated=299, truncated=1

[Episode 400/8000 | last 100]
success rate                : 0.0% (cumulative 0.0%)
synthetic task reward       : 0.000
shaping reward              : -1527.139
learning reward             : -1527.139
episode length              : 100.3
abstract changes / episode  : 12.9
DFA transitions / episode   : 0.03
DFA transitions in window   : 1->2: 3
epsilon (next episode)       : 0.85212
replay buffer                : 39118 samples [1: 99.6%, 2: 0.4%, 3: 0.0%]
DFA state visits in window   : 1: 10072, 2: 60, 3: 0
DFA state visits cumulative  : 1: 39361, 2: 157, 3: 0
DFA state entries in window  : 1: 100, 2: 3, 3: 0
DFA state entries cumulative : 1: 400, 2: 7, 3: 0
transitions cumulative       : 1->2: 7
accepted directly from s0    : 0
Gym endings cumulative       : terminated=399, truncated=1

[Episode 500/8000 | last 100]
success rate                : 0.0% (cumulative 0.0%)
synthetic task reward       : 0.000
shaping reward              : -1521.425
learning reward             : -1521.425
episode length              : 114.5
abstract changes / episode  : 13.0
DFA transitions / episode   : 0.03
DFA transitions in window   : 1->2: 3
epsilon (next episode)       : 0.81870
replay buffer                : 50563 samples [1: 99.6%, 2: 0.4%, 3: 0.0%]
DFA state visits in window   : 1: 11481, 2: 64, 3: 0
DFA state visits cumulative  : 1: 50842, 2: 221, 3: 0
DFA state entries in window  : 1: 100, 2: 3, 3: 0
DFA state entries cumulative : 1: 500, 2: 10, 3: 0
transitions cumulative       : 1->2: 10
accepted directly from s0    : 0
Gym endings cumulative       : terminated=499, truncated=1

[Episode 600/8000 | last 100]
success rate                : 0.0% (cumulative 0.0%)
synthetic task reward       : 0.000
shaping reward              : -1458.480
learning reward             : -1458.480
episode length              : 114.4
abstract changes / episode  : 12.6
DFA transitions / episode   : 0.03
DFA transitions in window   : 1->2: 3
epsilon (next episode)       : 0.78659
replay buffer                : 62001 samples [1: 99.5%, 2: 0.5%, 3: 0.0%]
DFA state visits in window   : 1: 11444, 2: 94, 3: 0
DFA state visits cumulative  : 1: 62286, 2: 315, 3: 0
DFA state entries in window  : 1: 100, 2: 3, 3: 0
DFA state entries cumulative : 1: 600, 2: 13, 3: 0
transitions cumulative       : 1->2: 13
accepted directly from s0    : 0
Gym endings cumulative       : terminated=599, truncated=1
Best policy updated at episode 600: mean learning reward=-1458.480

[Episode 700/8000 | last 100]
success rate                : 0.0% (cumulative 0.0%)
synthetic task reward       : 0.000
shaping reward              : -1407.983
learning reward             : -1407.983
episode length              : 111.7
abstract changes / episode  : 12.3
DFA transitions / episode   : 0.06
DFA transitions in window   : 1->2: 6
epsilon (next episode)       : 0.75574
replay buffer                : 73166 samples [1: 99.4%, 2: 0.6%, 3: 0.0%]
DFA state visits in window   : 1: 11133, 2: 132, 3: 0
DFA state visits cumulative  : 1: 73419, 2: 447, 3: 0
DFA state entries in window  : 1: 100, 2: 6, 3: 0
DFA state entries cumulative : 1: 700, 2: 19, 3: 0
transitions cumulative       : 1->2: 19
accepted directly from s0    : 0
Gym endings cumulative       : terminated=699, truncated=1
Best policy updated at episode 700: mean learning reward=-1407.983

[Episode 800/8000 | last 100]
success rate                : 0.0% (cumulative 0.0%)
synthetic task reward       : 0.000
shaping reward              : -1416.922
learning reward             : -1416.922
episode length              : 120.0
abstract changes / episode  : 12.4
DFA transitions / episode   : 0.03
DFA transitions in window   : 1->2: 3
epsilon (next episode)       : 0.72610
replay buffer                : 85164 samples [1: 99.4%, 2: 0.6%, 3: 0.0%]
DFA state visits in window   : 1: 12047, 2: 51, 3: 0
DFA state visits cumulative  : 1: 85466, 2: 498, 3: 0
DFA state entries in window  : 1: 100, 2: 3, 3: 0
DFA state entries cumulative : 1: 800, 2: 22, 3: 0
transitions cumulative       : 1->2: 22
accepted directly from s0    : 0
Gym endings cumulative       : terminated=799, truncated=1

[Episode 900/8000 | last 100]
success rate                : 0.0% (cumulative 0.0%)
synthetic task reward       : 0.000
shaping reward              : -1495.383
learning reward             : -1495.383
episode length              : 125.4
abstract changes / episode  : 13.2
DFA transitions / episode   : 0.07
DFA transitions in window   : 1->2: 7
epsilon (next episode)       : 0.69763
replay buffer                : 97704 samples [1: 99.3%, 2: 0.7%, 3: 0.0%]
DFA state visits in window   : 1: 12440, 2: 200, 3: 0
DFA state visits cumulative  : 1: 97906, 2: 698, 3: 0
DFA state entries in window  : 1: 100, 2: 7, 3: 0
DFA state entries cumulative : 1: 900, 2: 29, 3: 0
transitions cumulative       : 1->2: 29
accepted directly from s0    : 0
Gym endings cumulative       : terminated=899, truncated=1

[Episode 1000/8000 | last 100]
success rate                : 0.0% (cumulative 0.0%)
synthetic task reward       : 0.000
shaping reward              : -1466.157
learning reward             : -1466.157
episode length              : 136.3
abstract changes / episode  : 13.0
DFA transitions / episode   : 0.05
DFA transitions in window   : 1->2: 5
epsilon (next episode)       : 0.67027
replay buffer                : 111336 samples [1: 99.3%, 2: 0.7%, 3: 0.0%]
DFA state visits in window   : 1: 13567, 2: 165, 3: 0
DFA state visits cumulative  : 1: 111473, 2: 863, 3: 0
DFA state entries in window  : 1: 100, 2: 5, 3: 0
DFA state entries cumulative : 1: 1000, 2: 34, 3: 0
transitions cumulative       : 1->2: 34
accepted directly from s0    : 0
Gym endings cumulative       : terminated=999, truncated=1

[Episode 1100/8000 | last 100]
success rate                : 0.0% (cumulative 0.0%)
synthetic task reward       : 0.000
shaping reward              : -1411.551
learning reward             : -1411.551
episode length              : 146.2
abstract changes / episode  : 12.8
DFA transitions / episode   : 0.05
DFA transitions in window   : 1->2: 5
epsilon (next episode)       : 0.64398
replay buffer                : 125961 samples [1: 99.2%, 2: 0.8%, 3: 0.0%]
DFA state visits in window   : 1: 14507, 2: 218, 3: 0
DFA state visits cumulative  : 1: 125980, 2: 1081, 3: 0
DFA state entries in window  : 1: 100, 2: 5, 3: 0
DFA state entries cumulative : 1: 1100, 2: 39, 3: 0
transitions cumulative       : 1->2: 39
accepted directly from s0    : 0
Gym endings cumulative       : terminated=1099, truncated=1

[Episode 1200/8000 | last 100]
success rate                : 0.0% (cumulative 0.0%)
synthetic task reward       : 0.000
shaping reward              : -1609.830
learning reward             : -1609.830
episode length              : 157.9
abstract changes / episode  : 13.7
DFA transitions / episode   : 0.03
DFA transitions in window   : 1->2: 3
epsilon (next episode)       : 0.61872
replay buffer                : 141750 samples [1: 99.1%, 2: 0.9%, 3: 0.0%]
DFA state visits in window   : 1: 15721, 2: 168, 3: 0
DFA state visits cumulative  : 1: 141701, 2: 1249, 3: 0
DFA state entries in window  : 1: 100, 2: 3, 3: 0
DFA state entries cumulative : 1: 1200, 2: 42, 3: 0
transitions cumulative       : 1->2: 42
accepted directly from s0    : 0
Gym endings cumulative       : terminated=1199, truncated=1

[Episode 1300/8000 | last 100]
success rate                : 0.0% (cumulative 0.0%)
synthetic task reward       : 0.000
shaping reward              : -1632.206
learning reward             : -1632.206
episode length              : 184.4
abstract changes / episode  : 13.8
DFA transitions / episode   : 0.02
DFA transitions in window   : 1->2: 2
epsilon (next episode)       : 0.59446
replay buffer                : 160186 samples [1: 99.2%, 2: 0.8%, 3: 0.0%]
DFA state visits in window   : 1: 18445, 2: 91, 3: 0
DFA state visits cumulative  : 1: 160146, 2: 1340, 3: 0
DFA state entries in window  : 1: 100, 2: 2, 3: 0
DFA state entries cumulative : 1: 1300, 2: 44, 3: 0
transitions cumulative       : 1->2: 44
accepted directly from s0    : 0
Gym endings cumulative       : terminated=1299, truncated=1

[Episode 1400/8000 | last 100]
success rate                : 0.0% (cumulative 0.0%)
synthetic task reward       : 0.000
shaping reward              : -1641.094
learning reward             : -1641.094
episode length              : 175.4
abstract changes / episode  : 14.0
DFA transitions / episode   : 0.01
DFA transitions in window   : 1->2: 1
epsilon (next episode)       : 0.57115
replay buffer                : 177728 samples [1: 99.2%, 2: 0.8%, 3: 0.0%]
DFA state visits in window   : 1: 17569, 2: 73, 3: 0
DFA state visits cumulative  : 1: 177715, 2: 1413, 3: 0
DFA state entries in window  : 1: 100, 2: 1, 3: 0
DFA state entries cumulative : 1: 1400, 2: 45, 3: 0
transitions cumulative       : 1->2: 45
accepted directly from s0    : 0
Gym endings cumulative       : terminated=1397, truncated=3

[Episode 1500/8000 | last 100]
success rate                : 0.0% (cumulative 0.0%)
synthetic task reward       : 0.000
shaping reward              : -1550.221
learning reward             : -1550.221
episode length              : 134.2
abstract changes / episode  : 12.8
DFA transitions / episode   : 0.00
DFA transitions in window   : none
epsilon (next episode)       : 0.54875
replay buffer                : 191143 samples [1: 99.3%, 2: 0.7%, 3: 0.0%]
DFA state visits in window   : 1: 13515, 2: 0, 3: 0
DFA state visits cumulative  : 1: 191230, 2: 1413, 3: 0
DFA state entries in window  : 1: 100, 2: 0, 3: 0
DFA state entries cumulative : 1: 1500, 2: 45, 3: 0
transitions cumulative       : 1->2: 45
accepted directly from s0    : 0
Gym endings cumulative       : terminated=1495, truncated=5

[Episode 1600/8000 | last 100]
success rate                : 0.0% (cumulative 0.0%)
synthetic task reward       : 0.000
shaping reward              : -1593.568
learning reward             : -1593.568
episode length              : 178.0
abstract changes / episode  : 13.5
DFA transitions / episode   : 0.00
DFA transitions in window   : none
epsilon (next episode)       : 0.52722
replay buffer                : 208943 samples [1: 99.3%, 2: 0.7%, 3: 0.0%]
DFA state visits in window   : 1: 17900, 2: 0, 3: 0
DFA state visits cumulative  : 1: 209130, 2: 1413, 3: 0
DFA state entries in window  : 1: 100, 2: 0, 3: 0
DFA state entries cumulative : 1: 1600, 2: 45, 3: 0
transitions cumulative       : 1->2: 45
accepted directly from s0    : 0
Gym endings cumulative       : terminated=1589, truncated=11

[Episode 1700/8000 | last 100]
success rate                : 0.0% (cumulative 0.0%)
synthetic task reward       : 0.000
shaping reward              : -1578.493
learning reward             : -1578.493
episode length              : 162.9
abstract changes / episode  : 13.1
DFA transitions / episode   : 0.00
DFA transitions in window   : none
epsilon (next episode)       : 0.50655
replay buffer                : 225231 samples [1: 99.4%, 2: 0.6%, 3: 0.0%]
DFA state visits in window   : 1: 16388, 2: 0, 3: 0
DFA state visits cumulative  : 1: 225518, 2: 1413, 3: 0
DFA state entries in window  : 1: 100, 2: 0, 3: 0
DFA state entries cumulative : 1: 1700, 2: 45, 3: 0
transitions cumulative       : 1->2: 45
accepted directly from s0    : 0
Gym endings cumulative       : terminated=1687, truncated=13

[Episode 1800/8000 | last 100]
success rate                : 0.0% (cumulative 0.0%)
synthetic task reward       : 0.000
shaping reward              : -1442.986
learning reward             : -1442.986
episode length              : 220.1
abstract changes / episode  : 14.5
DFA transitions / episode   : 0.13
DFA transitions in window   : 1->2: 13
epsilon (next episode)       : 0.48668
replay buffer                : 247241 samples [1: 99.2%, 2: 0.8%, 3: 0.0%]
DFA state visits in window   : 1: 21566, 2: 544, 3: 0
DFA state visits cumulative  : 1: 247084, 2: 1957, 3: 0
DFA state entries in window  : 1: 100, 2: 13, 3: 0
DFA state entries cumulative : 1: 1800, 2: 58, 3: 0
transitions cumulative       : 1->2: 58
accepted directly from s0    : 0
Gym endings cumulative       : terminated=1785, truncated=15

[Episode 1900/8000 | last 100]
success rate                : 0.0% (cumulative 0.0%)
synthetic task reward       : 0.000
shaping reward              : -1269.105
learning reward             : -1269.105
episode length              : 238.8
abstract changes / episode  : 13.8
DFA transitions / episode   : 0.08
DFA transitions in window   : 1->2: 8
epsilon (next episode)       : 0.46760
replay buffer                : 271124 samples [1: 99.2%, 2: 0.8%, 3: 0.0%]
DFA state visits in window   : 1: 23576, 2: 407, 3: 0
DFA state visits cumulative  : 1: 270660, 2: 2364, 3: 0
DFA state entries in window  : 1: 100, 2: 8, 3: 0
DFA state entries cumulative : 1: 1900, 2: 66, 3: 0
transitions cumulative       : 1->2: 66
accepted directly from s0    : 0
Gym endings cumulative       : terminated=1883, truncated=17
Best policy updated at episode 1900: mean learning reward=-1269.105

[Episode 2000/8000 | last 100]
success rate                : 0.0% (cumulative 0.0%)
synthetic task reward       : 0.000
shaping reward              : -1985.236
learning reward             : -1985.236
episode length              : 371.2
abstract changes / episode  : 19.9
DFA transitions / episode   : 0.06
DFA transitions in window   : 1->2: 6
epsilon (next episode)       : 0.44926
replay buffer                : 300000 samples [1: 99.1%, 2: 0.9%, 3: 0.0%]
DFA state visits in window   : 1: 36833, 2: 384, 3: 0
DFA state visits cumulative  : 1: 307493, 2: 2748, 3: 0
DFA state entries in window  : 1: 100, 2: 6, 3: 0
DFA state entries cumulative : 1: 2000, 2: 72, 3: 0
transitions cumulative       : 1->2: 72
accepted directly from s0    : 0
Gym endings cumulative       : terminated=1974, truncated=26

[Episode 2100/8000 | last 100]
success rate                : 0.0% (cumulative 0.0%)
synthetic task reward       : 0.000
shaping reward              : -1714.724
learning reward             : -1714.724
episode length              : 308.1
abstract changes / episode  : 18.3
DFA transitions / episode   : 0.15
DFA transitions in window   : 1->2: 15
epsilon (next episode)       : 0.43164
replay buffer                : 300000 samples [1: 98.7%, 2: 1.3%, 3: 0.0%]
DFA state visits in window   : 1: 29380, 2: 1533, 3: 0
DFA state visits cumulative  : 1: 336873, 2: 4281, 3: 0
DFA state entries in window  : 1: 100, 2: 15, 3: 0
DFA state entries cumulative : 1: 2100, 2: 87, 3: 0
transitions cumulative       : 1->2: 87
accepted directly from s0    : 0
Gym endings cumulative       : terminated=2071, truncated=29

[Episode 2200/8000 | last 100]
success rate                : 0.0% (cumulative 0.0%)
synthetic task reward       : 0.000
shaping reward              : -1846.406
learning reward             : -1846.406
episode length              : 379.3
abstract changes / episode  : 19.8
DFA transitions / episode   : 0.19
DFA transitions in window   : 1->2: 19
epsilon (next episode)       : 0.41471
replay buffer                : 300000 samples [1: 98.2%, 2: 1.8%, 3: 0.0%]
DFA state visits in window   : 1: 36376, 2: 1656, 3: 0
DFA state visits cumulative  : 1: 373249, 2: 5937, 3: 0
DFA state entries in window  : 1: 100, 2: 19, 3: 0
DFA state entries cumulative : 1: 2200, 2: 106, 3: 0
transitions cumulative       : 1->2: 106
accepted directly from s0    : 0
Gym endings cumulative       : terminated=2163, truncated=37

[Episode 2300/8000 | last 100]
success rate                : 0.0% (cumulative 0.0%)
synthetic task reward       : 0.000
shaping reward              : -1628.802
learning reward             : -1628.802
episode length              : 345.2
abstract changes / episode  : 18.0
DFA transitions / episode   : 0.16
DFA transitions in window   : 1->2: 16
epsilon (next episode)       : 0.39845
replay buffer                : 300000 samples [1: 97.7%, 2: 2.3%, 3: 0.0%]
DFA state visits in window   : 1: 32741, 2: 1879, 3: 0
DFA state visits cumulative  : 1: 405990, 2: 7816, 3: 0
DFA state entries in window  : 1: 100, 2: 16, 3: 0
DFA state entries cumulative : 1: 2300, 2: 122, 3: 0
transitions cumulative       : 1->2: 122
accepted directly from s0    : 0
Gym endings cumulative       : terminated=2254, truncated=46

[Episode 2400/8000 | last 100]
success rate                : 0.0% (cumulative 0.0%)
synthetic task reward       : 0.000
shaping reward              : -1485.899
learning reward             : -1485.899
episode length              : 320.5
abstract changes / episode  : 17.1
DFA transitions / episode   : 0.21
DFA transitions in window   : 1->2: 21
epsilon (next episode)       : 0.38282
replay buffer                : 300000 samples [1: 97.0%, 2: 3.0%, 3: 0.0%]
DFA state visits in window   : 1: 29511, 2: 2636, 3: 0
DFA state visits cumulative  : 1: 435501, 2: 10452, 3: 0
DFA state entries in window  : 1: 100, 2: 21, 3: 0
DFA state entries cumulative : 1: 2400, 2: 143, 3: 0
transitions cumulative       : 1->2: 143
accepted directly from s0    : 0
Gym endings cumulative       : terminated=2351, truncated=49

[Episode 2500/8000 | last 100]
success rate                : 1.0% (cumulative 0.0%)
synthetic task reward       : 100.000
shaping reward              : -1436.064
learning reward             : -1336.064
episode length              : 285.3
abstract changes / episode  : 18.2
DFA transitions / episode   : 0.40
DFA transitions in window   : 1->2: 39, 2->3: 1
epsilon (next episode)       : 0.36781
replay buffer                : 300000 samples [1: 95.5%, 2: 4.5%, 3: 0.0%]
DFA state visits in window   : 1: 24132, 2: 4497, 3: 1
DFA state visits cumulative  : 1: 459633, 2: 14949, 3: 1
DFA state entries in window  : 1: 100, 2: 39, 3: 1
DFA state entries cumulative : 1: 2500, 2: 182, 3: 1
transitions cumulative       : 1->2: 182, 2->3: 1
accepted directly from s0    : 0
Gym endings cumulative       : terminated=2450, truncated=49

[Episode 2600/8000 | last 100]
success rate                : 3.0% (cumulative 0.2%)
synthetic task reward       : 300.000
shaping reward              : -1480.632
learning reward             : -1180.632
episode length              : 331.5
abstract changes / episode  : 19.1
DFA transitions / episode   : 0.40
DFA transitions in window   : 1->2: 37, 2->3: 3
epsilon (next episode)       : 0.35338
replay buffer                : 300000 samples [1: 92.9%, 2: 7.1%, 3: 0.0%]
DFA state visits in window   : 1: 25364, 2: 7886, 3: 3
DFA state visits cumulative  : 1: 484997, 2: 22835, 3: 4
DFA state entries in window  : 1: 100, 2: 37, 3: 3
DFA state entries cumulative : 1: 2600, 2: 219, 3: 4
transitions cumulative       : 1->2: 219, 2->3: 4
accepted directly from s0    : 0
Gym endings cumulative       : terminated=2543, truncated=53
Best policy updated at episode 2600: mean learning reward=-1180.632

[Episode 2700/8000 | last 100]
success rate                : 2.0% (cumulative 0.2%)
synthetic task reward       : 200.000
shaping reward              : -1484.031
learning reward             : -1284.031
episode length              : 342.2
abstract changes / episode  : 18.9
DFA transitions / episode   : 0.34
DFA transitions in window   : 1->2: 32, 2->3: 2
epsilon (next episode)       : 0.33952
replay buffer                : 300000 samples [1: 91.4%, 2: 8.6%, 3: 0.0%]
DFA state visits in window   : 1: 29379, 2: 4936, 3: 2
DFA state visits cumulative  : 1: 514376, 2: 27771, 3: 6
DFA state entries in window  : 1: 100, 2: 32, 3: 2
DFA state entries cumulative : 1: 2700, 2: 251, 3: 6
transitions cumulative       : 1->2: 251, 2->3: 6
accepted directly from s0    : 0
Gym endings cumulative       : terminated=2636, truncated=58

[Episode 2800/8000 | last 100]
success rate                : 0.0% (cumulative 0.2%)
synthetic task reward       : 0.000
shaping reward              : -1695.457
learning reward             : -1695.457
episode length              : 367.0
abstract changes / episode  : 20.2
DFA transitions / episode   : 0.19
DFA transitions in window   : 1->2: 19
epsilon (next episode)       : 0.32621
replay buffer                : 300000 samples [1: 90.8%, 2: 9.2%, 3: 0.0%]
DFA state visits in window   : 1: 34352, 2: 2450, 3: 0
DFA state visits cumulative  : 1: 548728, 2: 30221, 3: 6
DFA state entries in window  : 1: 100, 2: 19, 3: 0
DFA state entries cumulative : 1: 2800, 2: 270, 3: 6
transitions cumulative       : 1->2: 270, 2->3: 6
accepted directly from s0    : 0
Gym endings cumulative       : terminated=2733, truncated=61

[Episode 2900/8000 | last 100]
success rate                : 4.0% (cumulative 0.3%)
synthetic task reward       : 400.000
shaping reward              : -1567.466
learning reward             : -1167.466
episode length              : 334.2
abstract changes / episode  : 20.4
DFA transitions / episode   : 0.31
DFA transitions in window   : 1->2: 27, 2->3: 4
epsilon (next episode)       : 0.31341
replay buffer                : 300000 samples [1: 89.5%, 2: 10.5%, 3: 0.0%]
DFA state visits in window   : 1: 28946, 2: 4573, 3: 4
DFA state visits cumulative  : 1: 577674, 2: 34794, 3: 10
DFA state entries in window  : 1: 100, 2: 27, 3: 4
DFA state entries cumulative : 1: 2900, 2: 297, 3: 10
transitions cumulative       : 1->2: 297, 2->3: 10
accepted directly from s0    : 0
Gym endings cumulative       : terminated=2826, truncated=64
Best policy updated at episode 2900: mean learning reward=-1167.466

[Episode 3000/8000 | last 100]
success rate                : 8.0% (cumulative 0.6%)
synthetic task reward       : 800.000
shaping reward              : -1133.199
learning reward             : -333.199
episode length              : 271.6
abstract changes / episode  : 17.8
DFA transitions / episode   : 0.53
DFA transitions in window   : 1->2: 45, 2->3: 8
epsilon (next episode)       : 0.30112
replay buffer                : 300000 samples [1: 87.8%, 2: 12.2%, 3: 0.0%]
DFA state visits in window   : 1: 20961, 2: 6289, 3: 8
DFA state visits cumulative  : 1: 598635, 2: 41083, 3: 18
DFA state entries in window  : 1: 100, 2: 45, 3: 8
DFA state entries cumulative : 1: 3000, 2: 342, 3: 18
transitions cumulative       : 1->2: 342, 2->3: 18
accepted directly from s0    : 0
Gym endings cumulative       : terminated=2918, truncated=64
Best policy updated at episode 3000: mean learning reward=-333.199

[Episode 3100/8000 | last 100]
success rate                : 24.0% (cumulative 1.4%)
synthetic task reward       : 2400.000
shaping reward              : -1060.893
learning reward             : 1339.107
episode length              : 333.0
abstract changes / episode  : 20.8
DFA transitions / episode   : 0.92
DFA transitions in window   : 1->2: 68, 2->3: 24
epsilon (next episode)       : 0.28931
replay buffer                : 300000 samples [1: 84.6%, 2: 15.4%, 3: 0.0%]
DFA state visits in window   : 1: 22080, 2: 11297, 3: 24
DFA state visits cumulative  : 1: 620715, 2: 52380, 3: 42
DFA state entries in window  : 1: 100, 2: 68, 3: 24
DFA state entries cumulative : 1: 3100, 2: 410, 3: 42
transitions cumulative       : 1->2: 410, 2->3: 42
accepted directly from s0    : 0
Gym endings cumulative       : terminated=2994, truncated=64
Best policy updated at episode 3100: mean learning reward=1339.107

[Episode 3200/8000 | last 100]
success rate                : 14.0% (cumulative 1.8%)
synthetic task reward       : 1400.000
shaping reward              : -1217.407
learning reward             : 182.593
episode length              : 325.6
abstract changes / episode  : 21.7
DFA transitions / episode   : 0.86
DFA transitions in window   : 1->2: 72, 2->3: 14
epsilon (next episode)       : 0.27797
replay buffer                : 300000 samples [1: 80.8%, 2: 19.2%, 3: 0.0%]
DFA state visits in window   : 1: 19841, 2: 12804, 3: 14
DFA state visits cumulative  : 1: 640556, 2: 65184, 3: 56
DFA state entries in window  : 1: 100, 2: 72, 3: 14
DFA state entries cumulative : 1: 3200, 2: 482, 3: 56
transitions cumulative       : 1->2: 482, 2->3: 56
accepted directly from s0    : 0
Gym endings cumulative       : terminated=3080, truncated=64

[Episode 3300/8000 | last 100]
success rate                : 25.0% (cumulative 2.5%)
synthetic task reward       : 2500.000
shaping reward              : -1216.008
learning reward             : 1283.992
episode length              : 305.2
abstract changes / episode  : 22.4
DFA transitions / episode   : 1.05
DFA transitions in window   : 1->2: 80, 2->3: 25
epsilon (next episode)       : 0.26706
replay buffer                : 300000 samples [1: 77.0%, 2: 23.0%, 3: 0.0%]
DFA state visits in window   : 1: 16373, 2: 14225, 3: 25
DFA state visits cumulative  : 1: 656929, 2: 79409, 3: 81
DFA state entries in window  : 1: 100, 2: 80, 3: 25
DFA state entries cumulative : 1: 3300, 2: 562, 3: 81
transitions cumulative       : 1->2: 562, 2->3: 81
accepted directly from s0    : 0
Gym endings cumulative       : terminated=3155, truncated=64

[Episode 3400/8000 | last 100]
success rate                : 21.0% (cumulative 3.0%)
synthetic task reward       : 2100.000
shaping reward              : -1377.594
learning reward             : 722.406
episode length              : 330.3
abstract changes / episode  : 23.9
DFA transitions / episode   : 0.99
DFA transitions in window   : 1->2: 78, 2->3: 21
epsilon (next episode)       : 0.25659
replay buffer                : 300000 samples [1: 73.2%, 2: 26.8%, 3: 0.0%]
DFA state visits in window   : 1: 18196, 2: 14912, 3: 21
DFA state visits cumulative  : 1: 675125, 2: 94321, 3: 102
DFA state entries in window  : 1: 100, 2: 78, 3: 21
DFA state entries cumulative : 1: 3400, 2: 640, 3: 102
transitions cumulative       : 1->2: 640, 2->3: 102
accepted directly from s0    : 0
Gym endings cumulative       : terminated=3233, truncated=65

[Episode 3500/8000 | last 100]
success rate                : 25.0% (cumulative 3.6%)
synthetic task reward       : 2500.000
shaping reward              : -1338.134
learning reward             : 1161.866
episode length              : 319.3
abstract changes / episode  : 23.9
DFA transitions / episode   : 1.05
DFA transitions in window   : 1->2: 80, 2->3: 25
epsilon (next episode)       : 0.24653
replay buffer                : 300000 samples [1: 71.1%, 2: 28.9%, 3: 0.0%]
DFA state visits in window   : 1: 18864, 2: 13140, 3: 25
DFA state visits cumulative  : 1: 693989, 2: 107461, 3: 127
DFA state entries in window  : 1: 100, 2: 80, 3: 25
DFA state entries cumulative : 1: 3500, 2: 720, 3: 127
transitions cumulative       : 1->2: 720, 2->3: 127
accepted directly from s0    : 0
Gym endings cumulative       : terminated=3308, truncated=65

[Episode 3600/8000 | last 100]
success rate                : 32.0% (cumulative 4.4%)
synthetic task reward       : 3200.000
shaping reward              : -1351.917
learning reward             : 1848.083
episode length              : 343.0
abstract changes / episode  : 24.7
DFA transitions / episode   : 1.20
DFA transitions in window   : 1->2: 88, 2->3: 32
epsilon (next episode)       : 0.23686
replay buffer                : 300000 samples [1: 67.4%, 2: 32.6%, 3: 0.0%]
DFA state visits in window   : 1: 16847, 2: 17517, 3: 32
DFA state visits cumulative  : 1: 710836, 2: 124978, 3: 159
DFA state entries in window  : 1: 100, 2: 88, 3: 32
DFA state entries cumulative : 1: 3600, 2: 808, 3: 159
transitions cumulative       : 1->2: 808, 2->3: 159
accepted directly from s0    : 0
Gym endings cumulative       : terminated=3376, truncated=65
Best policy updated at episode 3600: mean learning reward=1848.083

[Episode 3700/8000 | last 100]
success rate                : 47.0% (cumulative 5.6%)
synthetic task reward       : 4700.000
shaping reward              : -1149.621
learning reward             : 3550.379
episode length              : 333.0
abstract changes / episode  : 23.5
DFA transitions / episode   : 1.37
DFA transitions in window   : 1->2: 90, 2->3: 47
epsilon (next episode)       : 0.22757
replay buffer                : 300000 samples [1: 62.7%, 2: 37.3%, 3: 0.0%]
DFA state visits in window   : 1: 16673, 2: 16677, 3: 47
DFA state visits cumulative  : 1: 727509, 2: 141655, 3: 206
DFA state entries in window  : 1: 100, 2: 90, 3: 47
DFA state entries cumulative : 1: 3700, 2: 898, 3: 206
transitions cumulative       : 1->2: 898, 2->3: 206
accepted directly from s0    : 0
Gym endings cumulative       : terminated=3429, truncated=65
Best policy updated at episode 3700: mean learning reward=3550.379

[Episode 3800/8000 | last 100]
success rate                : 42.0% (cumulative 6.5%)
synthetic task reward       : 4200.000
shaping reward              : -1263.137
learning reward             : 2936.863
episode length              : 307.7
abstract changes / episode  : 23.6
DFA transitions / episode   : 1.25
DFA transitions in window   : 1->2: 83, 2->3: 42
epsilon (next episode)       : 0.21865
replay buffer                : 300000 samples [1: 59.0%, 2: 41.0%, 3: 0.0%]
DFA state visits in window   : 1: 16291, 2: 14541, 3: 42
DFA state visits cumulative  : 1: 743800, 2: 156196, 3: 248
DFA state entries in window  : 1: 100, 2: 83, 3: 42
DFA state entries cumulative : 1: 3800, 2: 981, 3: 248
transitions cumulative       : 1->2: 981, 2->3: 248
accepted directly from s0    : 0
Gym endings cumulative       : terminated=3487, truncated=65

[Episode 3900/8000 | last 100]
success rate                : 59.0% (cumulative 7.9%)
synthetic task reward       : 5900.000
shaping reward              : -806.497
learning reward             : 5093.503
episode length              : 280.8
abstract changes / episode  : 20.6
DFA transitions / episode   : 1.44
DFA transitions in window   : 1->2: 85, 2->3: 59
epsilon (next episode)       : 0.21007
replay buffer                : 300000 samples [1: 56.0%, 2: 44.0%, 3: 0.0%]
DFA state visits in window   : 1: 13926, 2: 14199, 3: 59
DFA state visits cumulative  : 1: 757726, 2: 170395, 3: 307
DFA state entries in window  : 1: 100, 2: 85, 3: 59
DFA state entries cumulative : 1: 3900, 2: 1066, 3: 307
transitions cumulative       : 1->2: 1066, 2->3: 307
accepted directly from s0    : 0
Gym endings cumulative       : terminated=3528, truncated=65
Best policy updated at episode 3900: mean learning reward=5093.503

[Episode 4000/8000 | last 100]
success rate                : 74.0% (cumulative 9.5%)
synthetic task reward       : 7400.000
shaping reward              : -725.394
learning reward             : 6674.606
episode length              : 299.3
abstract changes / episode  : 21.5
DFA transitions / episode   : 1.62
DFA transitions in window   : 1->2: 88, 2->3: 74
epsilon (next episode)       : 0.20183
replay buffer                : 300000 samples [1: 54.7%, 2: 45.3%, 3: 0.0%]
DFA state visits in window   : 1: 16522, 2: 13432, 3: 74
DFA state visits cumulative  : 1: 774248, 2: 183827, 3: 381
DFA state entries in window  : 1: 100, 2: 88, 3: 74
DFA state entries cumulative : 1: 4000, 2: 1154, 3: 381
transitions cumulative       : 1->2: 1154, 2->3: 381
accepted directly from s0    : 0
Gym endings cumulative       : terminated=3554, truncated=65
Best policy updated at episode 4000: mean learning reward=6674.606

[Episode 4100/8000 | last 100]
success rate                : 68.0% (cumulative 11.0%)
synthetic task reward       : 6800.000
shaping reward              : -1133.558
learning reward             : 5666.442
episode length              : 325.6
abstract changes / episode  : 24.8
DFA transitions / episode   : 1.51
DFA transitions in window   : 1->2: 83, 2->3: 68
epsilon (next episode)       : 0.19392
replay buffer                : 300000 samples [1: 53.7%, 2: 46.3%, 3: 0.0%]
DFA state visits in window   : 1: 19313, 2: 13283, 3: 68
DFA state visits cumulative  : 1: 793561, 2: 197110, 3: 449
DFA state entries in window  : 1: 100, 2: 83, 3: 68
DFA state entries cumulative : 1: 4100, 2: 1237, 3: 449
transitions cumulative       : 1->2: 1237, 2->3: 449
accepted directly from s0    : 0
Gym endings cumulative       : terminated=3586, truncated=65

[Episode 4200/8000 | last 100]
success rate                : 64.0% (cumulative 12.2%)
synthetic task reward       : 6400.000
shaping reward              : -1568.285
learning reward             : 4831.715
episode length              : 379.5
abstract changes / episode  : 28.8
DFA transitions / episode   : 1.44
DFA transitions in window   : 1->2: 80, 2->3: 64
epsilon (next episode)       : 0.18631
replay buffer                : 300000 samples [1: 55.1%, 2: 44.9%, 3: 0.0%]
DFA state visits in window   : 1: 24440, 2: 13547, 3: 64
DFA state visits cumulative  : 1: 818001, 2: 210657, 3: 513
DFA state entries in window  : 1: 100, 2: 80, 3: 64
DFA state entries cumulative : 1: 4200, 2: 1317, 3: 513
transitions cumulative       : 1->2: 1317, 2->3: 513
accepted directly from s0    : 0
Gym endings cumulative       : terminated=3620, truncated=67

[Episode 4300/8000 | last 100]
success rate                : 61.0% (cumulative 13.3%)
synthetic task reward       : 6100.000
shaping reward              : -1276.039
learning reward             : 4823.961
episode length              : 320.9
abstract changes / episode  : 26.1
DFA transitions / episode   : 1.43
DFA transitions in window   : 1->2: 82, 2->3: 61
epsilon (next episode)       : 0.17900
replay buffer                : 300000 samples [1: 55.5%, 2: 44.5%, 3: 0.0%]
DFA state visits in window   : 1: 18969, 2: 13158, 3: 61
DFA state visits cumulative  : 1: 836970, 2: 223815, 3: 574
DFA state entries in window  : 1: 100, 2: 82, 3: 61
DFA state entries cumulative : 1: 4300, 2: 1399, 3: 574
transitions cumulative       : 1->2: 1399, 2->3: 574
accepted directly from s0    : 0
Gym endings cumulative       : terminated=3658, truncated=68

[Episode 4400/8000 | last 100]
success rate                : 68.0% (cumulative 14.6%)
synthetic task reward       : 6800.000
shaping reward              : -1099.838
learning reward             : 5700.162
episode length              : 318.3
abstract changes / episode  : 24.3
DFA transitions / episode   : 1.50
DFA transitions in window   : 1->2: 82, 2->3: 68
epsilon (next episode)       : 0.17198
replay buffer                : 300000 samples [1: 55.9%, 2: 44.1%, 3: 0.0%]
DFA state visits in window   : 1: 20236, 2: 11628, 3: 68
DFA state visits cumulative  : 1: 857206, 2: 235443, 3: 642
DFA state entries in window  : 1: 100, 2: 82, 3: 68
DFA state entries cumulative : 1: 4400, 2: 1481, 3: 642
transitions cumulative       : 1->2: 1481, 2->3: 642
accepted directly from s0    : 0
Gym endings cumulative       : terminated=3686, truncated=72

[Episode 4500/8000 | last 100]
success rate                : 86.0% (cumulative 16.2%)
synthetic task reward       : 8600.000
shaping reward              : -548.168
learning reward             : 8051.832
episode length              : 291.1
abstract changes / episode  : 21.5
DFA transitions / episode   : 1.84
DFA transitions in window   : 1->2: 98, 2->3: 86
epsilon (next episode)       : 0.16524
replay buffer                : 300000 samples [1: 55.3%, 2: 44.7%, 3: 0.0%]
DFA state visits in window   : 1: 12980, 2: 16146, 3: 86
DFA state visits cumulative  : 1: 870186, 2: 251589, 3: 728
DFA state entries in window  : 1: 100, 2: 98, 3: 86
DFA state entries cumulative : 1: 4500, 2: 1579, 3: 728
transitions cumulative       : 1->2: 1579, 2->3: 728
accepted directly from s0    : 0
Gym endings cumulative       : terminated=3699, truncated=73
Best policy updated at episode 4500: mean learning reward=8051.832

[Episode 4600/8000 | last 100]
success rate                : 59.0% (cumulative 17.1%)
synthetic task reward       : 5900.000
shaping reward              : -1011.664
learning reward             : 4888.336
episode length              : 275.5
abstract changes / episode  : 23.0
DFA transitions / episode   : 1.47
DFA transitions in window   : 1->2: 88, 2->3: 59
epsilon (next episode)       : 0.15876
replay buffer                : 300000 samples [1: 55.8%, 2: 44.2%, 3: 0.0%]
DFA state visits in window   : 1: 15104, 2: 12491, 3: 59
DFA state visits cumulative  : 1: 885290, 2: 264080, 3: 787
DFA state entries in window  : 1: 100, 2: 88, 3: 59
DFA state entries cumulative : 1: 4600, 2: 1667, 3: 787
transitions cumulative       : 1->2: 1667, 2->3: 787
accepted directly from s0    : 0
Gym endings cumulative       : terminated=3740, truncated=73

[Episode 4700/8000 | last 100]
success rate                : 57.0% (cumulative 18.0%)
synthetic task reward       : 5700.000
shaping reward              : -1028.566
learning reward             : 4671.434
episode length              : 304.8
abstract changes / episode  : 23.2
DFA transitions / episode   : 1.44
DFA transitions in window   : 1->2: 87, 2->3: 57
epsilon (next episode)       : 0.15253
replay buffer                : 300000 samples [1: 56.7%, 2: 43.3%, 3: 0.0%]
DFA state visits in window   : 1: 17949, 2: 12569, 3: 57
DFA state visits cumulative  : 1: 903239, 2: 276649, 3: 844
DFA state entries in window  : 1: 100, 2: 87, 3: 57
DFA state entries cumulative : 1: 4700, 2: 1754, 3: 844
transitions cumulative       : 1->2: 1754, 2->3: 844
accepted directly from s0    : 0
Gym endings cumulative       : terminated=3781, truncated=75

[Episode 4800/8000 | last 100]
success rate                : 66.0% (cumulative 19.0%)
synthetic task reward       : 6600.000
shaping reward              : -819.870
learning reward             : 5780.130
episode length              : 359.2
abstract changes / episode  : 21.6
DFA transitions / episode   : 1.44
DFA transitions in window   : 1->2: 78, 2->3: 66
epsilon (next episode)       : 0.14655
replay buffer                : 300000 samples [1: 58.8%, 2: 41.2%, 3: 0.0%]
DFA state visits in window   : 1: 24485, 2: 11467, 3: 66
DFA state visits cumulative  : 1: 927724, 2: 288116, 3: 910
DFA state entries in window  : 1: 100, 2: 78, 3: 66
DFA state entries cumulative : 1: 4800, 2: 1832, 3: 910
transitions cumulative       : 1->2: 1832, 2->3: 910
accepted directly from s0    : 0
Gym endings cumulative       : terminated=3805, truncated=85

[Episode 4900/8000 | last 100]
success rate                : 55.0% (cumulative 19.7%)
synthetic task reward       : 5500.000
shaping reward              : -962.623
learning reward             : 4537.377
episode length              : 249.7
abstract changes / episode  : 20.2
DFA transitions / episode   : 1.26
DFA transitions in window   : 1->2: 71, 2->3: 55
epsilon (next episode)       : 0.14080
replay buffer                : 300000 samples [1: 59.2%, 2: 40.8%, 3: 0.0%]
DFA state visits in window   : 1: 14699, 2: 10314, 3: 55
DFA state visits cumulative  : 1: 942423, 2: 298430, 3: 965
DFA state entries in window  : 1: 100, 2: 71, 3: 55
DFA state entries cumulative : 1: 4900, 2: 1903, 3: 965
transitions cumulative       : 1->2: 1903, 2->3: 965
accepted directly from s0    : 0
Gym endings cumulative       : terminated=3850, truncated=85

[Episode 5000/8000 | last 100]
success rate                : 72.0% (cumulative 20.7%)
synthetic task reward       : 7200.000
shaping reward              : -754.651
learning reward             : 6445.349
episode length              : 289.0
abstract changes / episode  : 22.1
DFA transitions / episode   : 1.63
DFA transitions in window   : 1->2: 91, 2->3: 72
epsilon (next episode)       : 0.13528
replay buffer                : 300000 samples [1: 59.4%, 2: 40.6%, 3: 0.0%]
DFA state visits in window   : 1: 15712, 2: 13217, 3: 72
DFA state visits cumulative  : 1: 958135, 2: 311647, 3: 1037
DFA state entries in window  : 1: 100, 2: 91, 3: 72
DFA state entries cumulative : 1: 5000, 2: 1994, 3: 1037
transitions cumulative       : 1->2: 1994, 2->3: 1037
accepted directly from s0    : 0
Gym endings cumulative       : terminated=3877, truncated=86

[Episode 5100/8000 | last 100]
success rate                : 81.0% (cumulative 21.9%)
synthetic task reward       : 8100.000
shaping reward              : -510.981
learning reward             : 7589.019
episode length              : 262.9
abstract changes / episode  : 19.8
DFA transitions / episode   : 1.71
DFA transitions in window   : 1->2: 90, 2->3: 81
epsilon (next episode)       : 0.12998
replay buffer                : 300000 samples [1: 58.5%, 2: 41.5%, 3: 0.0%]
DFA state visits in window   : 1: 14754, 2: 11559, 3: 81
DFA state visits cumulative  : 1: 972889, 2: 323206, 3: 1118
DFA state entries in window  : 1: 100, 2: 90, 3: 81
DFA state entries cumulative : 1: 5100, 2: 2084, 3: 1118
transitions cumulative       : 1->2: 2084, 2->3: 1118
accepted directly from s0    : 0
Gym endings cumulative       : terminated=3896, truncated=86

[Episode 5200/8000 | last 100]
success rate                : 89.0% (cumulative 23.2%)
synthetic task reward       : 8900.000
shaping reward              : -393.789
learning reward             : 8506.211
episode length              : 264.2
abstract changes / episode  : 19.6
DFA transitions / episode   : 1.80
DFA transitions in window   : 1->2: 91, 2->3: 89
epsilon (next episode)       : 0.12488
replay buffer                : 300000 samples [1: 57.4%, 2: 42.6%, 3: 0.0%]
DFA state visits in window   : 1: 14434, 2: 12001, 3: 89
DFA state visits cumulative  : 1: 987323, 2: 335207, 3: 1207
DFA state entries in window  : 1: 100, 2: 91, 3: 89
DFA state entries cumulative : 1: 5200, 2: 2175, 3: 1207
transitions cumulative       : 1->2: 2175, 2->3: 1207
accepted directly from s0    : 0
Gym endings cumulative       : terminated=3907, truncated=86
Best policy updated at episode 5200: mean learning reward=8506.211

[Episode 5300/8000 | last 100]
success rate                : 84.0% (cumulative 24.4%)
synthetic task reward       : 8400.000
shaping reward              : -461.626
learning reward             : 7938.374
episode length              : 268.2
abstract changes / episode  : 20.6
DFA transitions / episode   : 1.81
DFA transitions in window   : 1->2: 97, 2->3: 84
epsilon (next episode)       : 0.11998
replay buffer                : 300000 samples [1: 56.8%, 2: 43.2%, 3: 0.0%]
DFA state visits in window   : 1: 13714, 2: 13127, 3: 84
DFA state visits cumulative  : 1: 1001037, 2: 348334, 3: 1291
DFA state entries in window  : 1: 100, 2: 97, 3: 84
DFA state entries cumulative : 1: 5300, 2: 2272, 3: 1291
transitions cumulative       : 1->2: 2272, 2->3: 1291
accepted directly from s0    : 0
Gym endings cumulative       : terminated=3923, truncated=86

[Episode 5400/8000 | last 100]
success rate                : 87.0% (cumulative 25.5%)
synthetic task reward       : 8700.000
shaping reward              : -435.380
learning reward             : 8264.620
episode length              : 265.0
abstract changes / episode  : 20.4
DFA transitions / episode   : 1.82
DFA transitions in window   : 1->2: 95, 2->3: 87
epsilon (next episode)       : 0.11528
replay buffer                : 300000 samples [1: 56.4%, 2: 43.6%, 3: 0.0%]
DFA state visits in window   : 1: 15106, 2: 11406, 3: 87
DFA state visits cumulative  : 1: 1016143, 2: 359740, 3: 1378
DFA state entries in window  : 1: 100, 2: 95, 3: 87
DFA state entries cumulative : 1: 5400, 2: 2367, 3: 1378
transitions cumulative       : 1->2: 2367, 2->3: 1378
accepted directly from s0    : 0
Gym endings cumulative       : terminated=3936, truncated=86

[Episode 5500/8000 | last 100]
success rate                : 78.0% (cumulative 26.5%)
synthetic task reward       : 7800.000
shaping reward              : -443.690
learning reward             : 7356.310
episode length              : 237.7
abstract changes / episode  : 18.8
DFA transitions / episode   : 1.65
DFA transitions in window   : 1->2: 87, 2->3: 78
epsilon (next episode)       : 0.11075
replay buffer                : 300000 samples [1: 56.4%, 2: 43.6%, 3: 0.0%]
DFA state visits in window   : 1: 13364, 2: 10426, 3: 78
DFA state visits cumulative  : 1: 1029507, 2: 370166, 3: 1456
DFA state entries in window  : 1: 100, 2: 87, 3: 78
DFA state entries cumulative : 1: 5500, 2: 2454, 3: 1456
transitions cumulative       : 1->2: 2454, 2->3: 1456
accepted directly from s0    : 0
Gym endings cumulative       : terminated=3958, truncated=86

[Episode 5600/8000 | last 100]
success rate                : 90.0% (cumulative 27.6%)
synthetic task reward       : 9000.000
shaping reward              : -343.861
learning reward             : 8656.139
episode length              : 261.3
abstract changes / episode  : 19.5
DFA transitions / episode   : 1.85
DFA transitions in window   : 1->2: 95, 2->3: 90
epsilon (next episode)       : 0.10641
replay buffer                : 300000 samples [1: 57.6%, 2: 42.4%, 3: 0.0%]
DFA state visits in window   : 1: 15415, 2: 10727, 3: 90
DFA state visits cumulative  : 1: 1044922, 2: 380893, 3: 1546
DFA state entries in window  : 1: 100, 2: 95, 3: 90
DFA state entries cumulative : 1: 5600, 2: 2549, 3: 1546
transitions cumulative       : 1->2: 2549, 2->3: 1546
accepted directly from s0    : 0
Gym endings cumulative       : terminated=3967, truncated=87
Best policy updated at episode 5600: mean learning reward=8656.139

[Episode 5700/8000 | last 100]
success rate                : 77.0% (cumulative 28.5%)
synthetic task reward       : 7700.000
shaping reward              : -964.313
learning reward             : 6735.687
episode length              : 302.6
abstract changes / episode  : 23.9
DFA transitions / episode   : 1.62
DFA transitions in window   : 1->2: 85, 2->3: 77
epsilon (next episode)       : 0.10224
replay buffer                : 300000 samples [1: 58.7%, 2: 41.3%, 3: 0.0%]
DFA state visits in window   : 1: 19842, 2: 10441, 3: 77
DFA state visits cumulative  : 1: 1064764, 2: 391334, 3: 1623
DFA state entries in window  : 1: 100, 2: 85, 3: 77
DFA state entries cumulative : 1: 5700, 2: 2634, 3: 1623
transitions cumulative       : 1->2: 2634, 2->3: 1623
accepted directly from s0    : 0
Gym endings cumulative       : terminated=3990, truncated=87

[Episode 5800/8000 | last 100]
success rate                : 89.0% (cumulative 29.5%)
synthetic task reward       : 8900.000
shaping reward              : -766.211
learning reward             : 8133.789
episode length              : 309.0
abstract changes / episode  : 23.9
DFA transitions / episode   : 1.82
DFA transitions in window   : 1->2: 93, 2->3: 89
epsilon (next episode)       : 0.09823
replay buffer                : 300000 samples [1: 58.6%, 2: 41.4%, 3: 0.0%]
DFA state visits in window   : 1: 18123, 2: 12785, 3: 89
DFA state visits cumulative  : 1: 1082887, 2: 404119, 3: 1712
DFA state entries in window  : 1: 100, 2: 93, 3: 89
DFA state entries cumulative : 1: 5800, 2: 2727, 3: 1712
transitions cumulative       : 1->2: 2727, 2->3: 1712
accepted directly from s0    : 0
Gym endings cumulative       : terminated=4001, truncated=87

[Episode 5900/8000 | last 100]
success rate                : 71.0% (cumulative 30.2%)
synthetic task reward       : 7100.000
shaping reward              : -1020.502
learning reward             : 6079.498
episode length              : 311.3
abstract changes / episode  : 24.3
DFA transitions / episode   : 1.56
DFA transitions in window   : 1->2: 85, 2->3: 71
epsilon (next episode)       : 0.09438
replay buffer                : 300000 samples [1: 58.4%, 2: 41.6%, 3: 0.0%]
DFA state visits in window   : 1: 21161, 2: 10001, 3: 71
DFA state visits cumulative  : 1: 1104048, 2: 414120, 3: 1783
DFA state entries in window  : 1: 100, 2: 85, 3: 71
DFA state entries cumulative : 1: 5900, 2: 2812, 3: 1783
transitions cumulative       : 1->2: 2812, 2->3: 1783
accepted directly from s0    : 0
Gym endings cumulative       : terminated=4030, truncated=87

[Episode 6000/8000 | last 100]
success rate                : 75.0% (cumulative 31.0%)
synthetic task reward       : 7500.000
shaping reward              : -629.931
learning reward             : 6870.069
episode length              : 269.6
abstract changes / episode  : 20.7
DFA transitions / episode   : 1.61
DFA transitions in window   : 1->2: 86, 2->3: 75
epsilon (next episode)       : 0.09067
replay buffer                : 300000 samples [1: 58.8%, 2: 41.2%, 3: 0.0%]
DFA state visits in window   : 1: 17166, 2: 9819, 3: 75
DFA state visits cumulative  : 1: 1121214, 2: 423939, 3: 1858
DFA state entries in window  : 1: 100, 2: 86, 3: 75
DFA state entries cumulative : 1: 6000, 2: 2898, 3: 1858
transitions cumulative       : 1->2: 2898, 2->3: 1858
accepted directly from s0    : 0
Gym endings cumulative       : terminated=4055, truncated=87

[Episode 6100/8000 | last 100]
success rate                : 83.0% (cumulative 31.8%)
synthetic task reward       : 8300.000
shaping reward              : -544.142
learning reward             : 7755.858
episode length              : 276.2
abstract changes / episode  : 20.7
DFA transitions / episode   : 1.76
DFA transitions in window   : 1->2: 93, 2->3: 83
epsilon (next episode)       : 0.08712
replay buffer                : 300000 samples [1: 59.3%, 2: 40.7%, 3: 0.0%]
DFA state visits in window   : 1: 16667, 2: 10972, 3: 83
DFA state visits cumulative  : 1: 1137881, 2: 434911, 3: 1941
DFA state entries in window  : 1: 100, 2: 93, 3: 83
DFA state entries cumulative : 1: 6100, 2: 2991, 3: 1941
transitions cumulative       : 1->2: 2991, 2->3: 1941
accepted directly from s0    : 0
Gym endings cumulative       : terminated=4072, truncated=87

[Episode 6200/8000 | last 100]
success rate                : 39.0% (cumulative 31.9%)
synthetic task reward       : 3900.000
shaping reward              : -1454.156
learning reward             : 2445.844
episode length              : 323.1
abstract changes / episode  : 24.3
DFA transitions / episode   : 1.07
DFA transitions in window   : 1->2: 68, 2->3: 39
epsilon (next episode)       : 0.08370
replay buffer                : 300000 samples [1: 61.2%, 2: 38.8%, 3: 0.0%]
DFA state visits in window   : 1: 23800, 2: 8576, 3: 39
DFA state visits cumulative  : 1: 1161681, 2: 443487, 3: 1980
DFA state entries in window  : 1: 100, 2: 68, 3: 39
DFA state entries cumulative : 1: 6200, 2: 3059, 3: 1980
transitions cumulative       : 1->2: 3059, 2->3: 1980
accepted directly from s0    : 0
Gym endings cumulative       : terminated=4133, truncated=87

[Episode 6300/8000 | last 100]
success rate                : 46.0% (cumulative 32.2%)
synthetic task reward       : 4600.000
shaping reward              : -1446.006
learning reward             : 3153.994
episode length              : 327.0
abstract changes / episode  : 26.4
DFA transitions / episode   : 1.28
DFA transitions in window   : 1->2: 82, 2->3: 46
epsilon (next episode)       : 0.08042
replay buffer                : 300000 samples [1: 62.9%, 2: 37.1%, 3: 0.0%]
DFA state visits in window   : 1: 22308, 2: 10450, 3: 46
DFA state visits cumulative  : 1: 1183989, 2: 453937, 3: 2026
DFA state entries in window  : 1: 100, 2: 82, 3: 46
DFA state entries cumulative : 1: 6300, 2: 3141, 3: 2026
transitions cumulative       : 1->2: 3141, 2->3: 2026
accepted directly from s0    : 0
Gym endings cumulative       : terminated=4186, truncated=88

[Episode 6400/8000 | last 100]
success rate                : 66.0% (cumulative 32.7%)
synthetic task reward       : 6600.000
shaping reward              : -1257.287
learning reward             : 5342.713
episode length              : 318.5
abstract changes / episode  : 25.2
DFA transitions / episode   : 1.43
DFA transitions in window   : 1->2: 77, 2->3: 66
epsilon (next episode)       : 0.07727
replay buffer                : 300000 samples [1: 64.6%, 2: 35.4%, 3: 0.0%]
DFA state visits in window   : 1: 22733, 2: 9153, 3: 66
DFA state visits cumulative  : 1: 1206722, 2: 463090, 3: 2092
DFA state entries in window  : 1: 100, 2: 77, 3: 66
DFA state entries cumulative : 1: 6400, 2: 3218, 3: 2092
transitions cumulative       : 1->2: 3218, 2->3: 2092
accepted directly from s0    : 0
Gym endings cumulative       : terminated=4220, truncated=88

[Episode 6500/8000 | last 100]
success rate                : 82.0% (cumulative 33.4%)
synthetic task reward       : 8200.000
shaping reward              : -583.246
learning reward             : 7616.754
episode length              : 272.5
abstract changes / episode  : 21.2
DFA transitions / episode   : 1.76
DFA transitions in window   : 1->2: 94, 2->3: 82
epsilon (next episode)       : 0.07423
replay buffer                : 300000 samples [1: 65.3%, 2: 34.7%, 3: 0.0%]
DFA state visits in window   : 1: 17045, 2: 10227, 3: 82
DFA state visits cumulative  : 1: 1223767, 2: 473317, 3: 2174
DFA state entries in window  : 1: 100, 2: 94, 3: 82
DFA state entries cumulative : 1: 6500, 2: 3312, 3: 2174
transitions cumulative       : 1->2: 3312, 2->3: 2174
accepted directly from s0    : 0
Gym endings cumulative       : terminated=4238, truncated=88

[Episode 6600/8000 | last 100]
success rate                : 94.0% (cumulative 34.4%)
synthetic task reward       : 9400.000
shaping reward              : -274.134
learning reward             : 9125.866
episode length              : 266.6
abstract changes / episode  : 19.5
DFA transitions / episode   : 1.94
DFA transitions in window   : 1->2: 100, 2->3: 94
epsilon (next episode)       : 0.07132
replay buffer                : 300000 samples [1: 65.4%, 2: 34.6%, 3: 0.0%]
DFA state visits in window   : 1: 16054, 2: 10610, 3: 94
DFA state visits cumulative  : 1: 1239821, 2: 483927, 3: 2268
DFA state entries in window  : 1: 100, 2: 100, 3: 94
DFA state entries cumulative : 1: 6600, 2: 3412, 3: 2268
transitions cumulative       : 1->2: 3412, 2->3: 2268
accepted directly from s0    : 0
Gym endings cumulative       : terminated=4244, truncated=88
Best policy updated at episode 6600: mean learning reward=9125.866

[Episode 6700/8000 | last 100]
success rate                : 90.0% (cumulative 35.2%)
synthetic task reward       : 9000.000
shaping reward              : -279.042
learning reward             : 8720.958
episode length              : 247.6
abstract changes / episode  : 18.0
DFA transitions / episode   : 1.80
DFA transitions in window   : 1->2: 90, 2->3: 90
epsilon (next episode)       : 0.06853
replay buffer                : 300000 samples [1: 65.1%, 2: 34.9%, 3: 0.0%]
DFA state visits in window   : 1: 15280, 2: 9494, 3: 90
DFA state visits cumulative  : 1: 1255101, 2: 493421, 3: 2358
DFA state entries in window  : 1: 100, 2: 90, 3: 90
DFA state entries cumulative : 1: 6700, 2: 3502, 3: 2358
transitions cumulative       : 1->2: 3502, 2->3: 2358
accepted directly from s0    : 0
Gym endings cumulative       : terminated=4254, truncated=88

[Episode 6800/8000 | last 100]
success rate                : 79.0% (cumulative 35.8%)
synthetic task reward       : 7900.000
shaping reward              : -374.082
learning reward             : 7525.918
episode length              : 235.8
abstract changes / episode  : 18.2
DFA transitions / episode   : 1.64
DFA transitions in window   : 1->2: 85, 2->3: 79
epsilon (next episode)       : 0.06584
replay buffer                : 300000 samples [1: 64.5%, 2: 35.5%, 3: 0.0%]
DFA state visits in window   : 1: 13014, 2: 10592, 3: 79
DFA state visits cumulative  : 1: 1268115, 2: 504013, 3: 2437
DFA state entries in window  : 1: 100, 2: 85, 3: 79
DFA state entries cumulative : 1: 6800, 2: 3587, 3: 2437
transitions cumulative       : 1->2: 3587, 2->3: 2437
accepted directly from s0    : 0
Gym endings cumulative       : terminated=4275, truncated=88

[Episode 6900/8000 | last 100]
success rate                : 79.0% (cumulative 36.5%)
synthetic task reward       : 7900.000
shaping reward              : -567.954
learning reward             : 7332.046
episode length              : 243.3
abstract changes / episode  : 19.4
DFA transitions / episode   : 1.63
DFA transitions in window   : 1->2: 84, 2->3: 79
epsilon (next episode)       : 0.06326
replay buffer                : 300000 samples [1: 64.7%, 2: 35.3%, 3: 0.0%]
DFA state visits in window   : 1: 14099, 2: 10254, 3: 79
DFA state visits cumulative  : 1: 1282214, 2: 514267, 3: 2516
DFA state entries in window  : 1: 100, 2: 84, 3: 79
DFA state entries cumulative : 1: 6900, 2: 3671, 3: 2516
transitions cumulative       : 1->2: 3671, 2->3: 2516
accepted directly from s0    : 0
Gym endings cumulative       : terminated=4296, truncated=88

[Episode 7000/8000 | last 100]
success rate                : 74.0% (cumulative 37.0%)
synthetic task reward       : 7400.000
shaping reward              : -594.954
learning reward             : 6805.046
episode length              : 250.8
abstract changes / episode  : 20.3
DFA transitions / episode   : 1.65
DFA transitions in window   : 1->2: 91, 2->3: 74
epsilon (next episode)       : 0.06078
replay buffer                : 300000 samples [1: 63.6%, 2: 36.4%, 3: 0.0%]
DFA state visits in window   : 1: 15226, 2: 9880, 3: 74
DFA state visits cumulative  : 1: 1297440, 2: 524147, 3: 2590
DFA state entries in window  : 1: 100, 2: 91, 3: 74
DFA state entries cumulative : 1: 7000, 2: 3762, 3: 2590
transitions cumulative       : 1->2: 3762, 2->3: 2590
accepted directly from s0    : 0
Gym endings cumulative       : terminated=4322, truncated=88

[Episode 7100/8000 | last 100]
success rate                : 70.0% (cumulative 37.5%)
synthetic task reward       : 7000.000
shaping reward              : -879.792
learning reward             : 6120.208
episode length              : 296.5
abstract changes / episode  : 22.3
DFA transitions / episode   : 1.51
DFA transitions in window   : 1->2: 81, 2->3: 70
epsilon (next episode)       : 0.05839
replay buffer                : 300000 samples [1: 64.6%, 2: 35.4%, 3: 0.0%]
DFA state visits in window   : 1: 21279, 2: 8399, 3: 70
DFA state visits cumulative  : 1: 1318719, 2: 532546, 3: 2660
DFA state entries in window  : 1: 100, 2: 81, 3: 70
DFA state entries cumulative : 1: 7100, 2: 3843, 3: 2660
transitions cumulative       : 1->2: 3843, 2->3: 2660
accepted directly from s0    : 0
Gym endings cumulative       : terminated=4352, truncated=88

[Episode 7200/8000 | last 100]
success rate                : 70.0% (cumulative 37.9%)
synthetic task reward       : 7000.000
shaping reward              : -1097.899
learning reward             : 5902.101
episode length              : 303.2
abstract changes / episode  : 24.1
DFA transitions / episode   : 1.47
DFA transitions in window   : 1->2: 77, 2->3: 70
epsilon (next episode)       : 0.05610
replay buffer                : 300000 samples [1: 65.5%, 2: 34.5%, 3: 0.0%]
DFA state visits in window   : 1: 20733, 2: 9622, 3: 70
DFA state visits cumulative  : 1: 1339452, 2: 542168, 3: 2730
DFA state entries in window  : 1: 100, 2: 77, 3: 70
DFA state entries cumulative : 1: 7200, 2: 3920, 3: 2730
transitions cumulative       : 1->2: 3920, 2->3: 2730
accepted directly from s0    : 0
Gym endings cumulative       : terminated=4382, truncated=88

[Episode 7300/8000 | last 100]
success rate                : 53.0% (cumulative 38.1%)
synthetic task reward       : 5300.000
shaping reward              : -1121.432
learning reward             : 4178.568
episode length              : 288.7
abstract changes / episode  : 22.0
DFA transitions / episode   : 1.19
DFA transitions in window   : 1->2: 66, 2->3: 53
epsilon (next episode)       : 0.05390
replay buffer                : 300000 samples [1: 65.1%, 2: 34.9%, 3: 0.0%]
DFA state visits in window   : 1: 21242, 2: 7671, 3: 53
DFA state visits cumulative  : 1: 1360694, 2: 549839, 3: 2783
DFA state entries in window  : 1: 100, 2: 66, 3: 53
DFA state entries cumulative : 1: 7300, 2: 3986, 3: 2783
transitions cumulative       : 1->2: 3986, 2->3: 2783
accepted directly from s0    : 0
Gym endings cumulative       : terminated=4429, truncated=88

[Episode 7400/8000 | last 100]
success rate                : 55.0% (cumulative 38.4%)
synthetic task reward       : 5500.000
shaping reward              : -1425.289
learning reward             : 4074.711
episode length              : 363.1
abstract changes / episode  : 27.8
DFA transitions / episode   : 1.37
DFA transitions in window   : 1->2: 82, 2->3: 55
epsilon (next episode)       : 0.05179
replay buffer                : 300000 samples [1: 65.8%, 2: 34.2%, 3: 0.0%]
DFA state visits in window   : 1: 28197, 2: 8156, 3: 55
DFA state visits cumulative  : 1: 1388891, 2: 557995, 3: 2838
DFA state entries in window  : 1: 100, 2: 82, 3: 55
DFA state entries cumulative : 1: 7400, 2: 4068, 3: 2838
transitions cumulative       : 1->2: 4068, 2->3: 2838
accepted directly from s0    : 0
Gym endings cumulative       : terminated=4474, truncated=88

[Episode 7500/8000 | last 100]
success rate                : 84.0% (cumulative 39.0%)
synthetic task reward       : 8400.000
shaping reward              : -370.825
learning reward             : 8029.175
episode length              : 264.3
abstract changes / episode  : 18.7
DFA transitions / episode   : 1.72
DFA transitions in window   : 1->2: 88, 2->3: 84
epsilon (next episode)       : 0.04976
replay buffer                : 300000 samples [1: 66.1%, 2: 33.9%, 3: 0.0%]
DFA state visits in window   : 1: 17963, 2: 8485, 3: 84
DFA state visits cumulative  : 1: 1406854, 2: 566480, 3: 2922
DFA state entries in window  : 1: 100, 2: 88, 3: 84
DFA state entries cumulative : 1: 7500, 2: 4156, 3: 2922
transitions cumulative       : 1->2: 4156, 2->3: 2922
accepted directly from s0    : 0
Gym endings cumulative       : terminated=4490, truncated=88

[Episode 7600/8000 | last 100]
success rate                : 78.0% (cumulative 39.5%)
synthetic task reward       : 7800.000
shaping reward              : -434.947
learning reward             : 7365.053
episode length              : 251.6
abstract changes / episode  : 18.9
DFA transitions / episode   : 1.67
DFA transitions in window   : 1->2: 89, 2->3: 78
epsilon (next episode)       : 0.04781
replay buffer                : 300000 samples [1: 66.0%, 2: 34.0%, 3: 0.0%]
DFA state visits in window   : 1: 15631, 2: 9546, 3: 78
DFA state visits cumulative  : 1: 1422485, 2: 576026, 3: 3000
DFA state entries in window  : 1: 100, 2: 89, 3: 78
DFA state entries cumulative : 1: 7600, 2: 4245, 3: 3000
transitions cumulative       : 1->2: 4245, 2->3: 3000
accepted directly from s0    : 0
Gym endings cumulative       : terminated=4512, truncated=88

[Episode 7700/8000 | last 100]
success rate                : 67.0% (cumulative 39.8%)
synthetic task reward       : 6700.000
shaping reward              : -659.648
learning reward             : 6040.352
episode length              : 275.7
abstract changes / episode  : 19.2
DFA transitions / episode   : 1.40
DFA transitions in window   : 1->2: 73, 2->3: 67
epsilon (next episode)       : 0.04593
replay buffer                : 300000 samples [1: 67.2%, 2: 32.8%, 3: 0.0%]
DFA state visits in window   : 1: 20257, 2: 7342, 3: 67
DFA state visits cumulative  : 1: 1442742, 2: 583368, 3: 3067
DFA state entries in window  : 1: 100, 2: 73, 3: 67
DFA state entries cumulative : 1: 7700, 2: 4318, 3: 3067
transitions cumulative       : 1->2: 4318, 2->3: 3067
accepted directly from s0    : 0
Gym endings cumulative       : terminated=4545, truncated=88

[Episode 7800/8000 | last 100]
success rate                : 74.0% (cumulative 40.3%)
synthetic task reward       : 7400.000
shaping reward              : -461.364
learning reward             : 6938.636
episode length              : 258.2
abstract changes / episode  : 17.8
DFA transitions / episode   : 1.53
DFA transitions in window   : 1->2: 79, 2->3: 74
epsilon (next episode)       : 0.04413
replay buffer                : 300000 samples [1: 67.7%, 2: 32.3%, 3: 0.0%]
DFA state visits in window   : 1: 17724, 2: 8121, 3: 74
DFA state visits cumulative  : 1: 1460466, 2: 591489, 3: 3141
DFA state entries in window  : 1: 100, 2: 79, 3: 74
DFA state entries cumulative : 1: 7800, 2: 4397, 3: 3141
transitions cumulative       : 1->2: 4397, 2->3: 3141
accepted directly from s0    : 0
Gym endings cumulative       : terminated=4570, truncated=89

[Episode 7900/8000 | last 100]
success rate                : 83.0% (cumulative 40.8%)
synthetic task reward       : 8300.000
shaping reward              : -256.849
learning reward             : 8043.151
episode length              : 247.7
abstract changes / episode  : 16.8
DFA transitions / episode   : 1.67
DFA transitions in window   : 1->2: 84, 2->3: 83
epsilon (next episode)       : 0.04240
replay buffer                : 300000 samples [1: 68.5%, 2: 31.5%, 3: 0.0%]
DFA state visits in window   : 1: 16040, 2: 8742, 3: 83
DFA state visits cumulative  : 1: 1476506, 2: 600231, 3: 3224
DFA state entries in window  : 1: 100, 2: 84, 3: 83
DFA state entries cumulative : 1: 7900, 2: 4481, 3: 3224
transitions cumulative       : 1->2: 4481, 2->3: 3224
accepted directly from s0    : 0
Gym endings cumulative       : terminated=4587, truncated=89

[Episode 8000/8000 | last 100]
success rate                : 74.0% (cumulative 41.2%)
synthetic task reward       : 7400.000
shaping reward              : -500.080
learning reward             : 6899.920
episode length              : 234.9
abstract changes / episode  : 17.5
DFA transitions / episode   : 1.52
DFA transitions in window   : 1->2: 78, 2->3: 74
epsilon (next episode)       : 0.04074
replay buffer                : 300000 samples [1: 69.1%, 2: 30.9%, 3: 0.0%]
DFA state visits in window   : 1: 15311, 2: 8206, 3: 74
DFA state visits cumulative  : 1: 1491817, 2: 608437, 3: 3298
DFA state entries in window  : 1: 100, 2: 78, 3: 74
DFA state entries cumulative : 1: 8000, 2: 4559, 3: 3298
transitions cumulative       : 1->2: 4559, 2->3: 3298
accepted directly from s0    : 0
Gym endings cumulative       : terminated=4613, truncated=89
Last policy saved after episode 8000. Best policy: episode 6600, mean learning reward=9125.866
