
=== NEW RUN ===
episodes=8000, shaping=True, K=1.0, goal_reward=10000.0, gamma=0.99
training_shaping_gamma=False, shaping_formula=K*(Phi(next)-Phi(state))
inter_level_shaping=False, inter_level_K=0.0
formula=F(wp1 & X(F(wp2 & X(F(g1)))))
waypoints={'wp1': (1, 8), 'wp2': (5, 6), 'g1': (8, 8)}
dfa_states=[1, 2, 3, 4], pre_trace=1, accepting=[4]

[Episode 1/8000 | last 1]
success rate                : 0.0% (cumulative 0.0%)
synthetic task reward       : 0.000
shaping reward              : -352.799
learning reward             : -352.799
episode length              : 78.0
abstract changes / episode  : 13.0
DFA transitions / episode   : 0.00
DFA transitions in window   : none
epsilon (next episode)       : 0.99960
replay buffer                : 78 samples [1: 100.0%, 2: 0.0%, 3: 0.0%, 4: 0.0%]
DFA state visits in window   : 1: 79, 2: 0, 3: 0, 4: 0
DFA state visits cumulative  : 1: 79, 2: 0, 3: 0, 4: 0
DFA state entries in window  : 1: 1, 2: 0, 3: 0, 4: 0
DFA state entries cumulative : 1: 1, 2: 0, 3: 0, 4: 0
transitions cumulative       : none
accepted directly from s0    : 0
Gym endings cumulative       : terminated=1, truncated=0
Best policy updated at episode 1: mean learning reward=-352.799

[Episode 100/8000 | last 100]
success rate                : 0.0% (cumulative 0.0%)
synthetic task reward       : 0.000
shaping reward              : -285.764
learning reward             : -285.764
episode length              : 92.6
abstract changes / episode  : 12.8
DFA transitions / episode   : 0.05
DFA transitions in window   : 1->2: 5
epsilon (next episode)       : 0.96078
replay buffer                : 9262 samples [1: 98.6%, 2: 1.4%, 3: 0.0%, 4: 0.0%]
DFA state visits in window   : 1: 9230, 2: 132, 3: 0, 4: 0
DFA state visits cumulative  : 1: 9230, 2: 132, 3: 0, 4: 0
DFA state entries in window  : 1: 100, 2: 5, 3: 0, 4: 0
DFA state entries cumulative : 1: 100, 2: 5, 3: 0, 4: 0
transitions cumulative       : 1->2: 5
accepted directly from s0    : 0
Gym endings cumulative       : terminated=100, truncated=0
Best policy updated at episode 100: mean learning reward=-285.764

[Episode 200/8000 | last 100]
success rate                : 0.0% (cumulative 0.0%)
synthetic task reward       : 0.000
shaping reward              : -295.003
learning reward             : -295.003
episode length              : 93.7
abstract changes / episode  : 13.0
DFA transitions / episode   : 0.02
DFA transitions in window   : 1->2: 2
epsilon (next episode)       : 0.92310
replay buffer                : 18635 samples [1: 99.1%, 2: 0.9%, 3: 0.0%, 4: 0.0%]
DFA state visits in window   : 1: 9430, 2: 43, 3: 0, 4: 0
DFA state visits cumulative  : 1: 18660, 2: 175, 3: 0, 4: 0
DFA state entries in window  : 1: 100, 2: 2, 3: 0, 4: 0
DFA state entries cumulative : 1: 200, 2: 7, 3: 0, 4: 0
transitions cumulative       : 1->2: 7
accepted directly from s0    : 0
Gym endings cumulative       : terminated=200, truncated=0

[Episode 300/8000 | last 100]
success rate                : 0.0% (cumulative 0.0%)
synthetic task reward       : 0.000
shaping reward              : -278.476
learning reward             : -278.476
episode length              : 99.3
abstract changes / episode  : 12.6
DFA transitions / episode   : 0.04
DFA transitions in window   : 1->2: 4
epsilon (next episode)       : 0.88690
replay buffer                : 28561 samples [1: 99.2%, 2: 0.8%, 3: 0.0%, 4: 0.0%]
DFA state visits in window   : 1: 9949, 2: 77, 3: 0, 4: 0
DFA state visits cumulative  : 1: 28609, 2: 252, 3: 0, 4: 0
DFA state entries in window  : 1: 100, 2: 4, 3: 0, 4: 0
DFA state entries cumulative : 1: 300, 2: 11, 3: 0, 4: 0
transitions cumulative       : 1->2: 11
accepted directly from s0    : 0
Gym endings cumulative       : terminated=300, truncated=0
Best policy updated at episode 300: mean learning reward=-278.476

[Episode 400/8000 | last 100]
success rate                : 0.0% (cumulative 0.0%)
synthetic task reward       : 0.000
shaping reward              : -273.056
learning reward             : -273.056
episode length              : 105.1
abstract changes / episode  : 12.9
DFA transitions / episode   : 0.04
DFA transitions in window   : 1->2: 4
epsilon (next episode)       : 0.85212
replay buffer                : 39071 samples [1: 99.1%, 2: 0.9%, 3: 0.0%, 4: 0.0%]
DFA state visits in window   : 1: 10512, 2: 98, 3: 0, 4: 0
DFA state visits cumulative  : 1: 39121, 2: 350, 3: 0, 4: 0
DFA state entries in window  : 1: 100, 2: 4, 3: 0, 4: 0
DFA state entries cumulative : 1: 400, 2: 15, 3: 0, 4: 0
transitions cumulative       : 1->2: 15
accepted directly from s0    : 0
Gym endings cumulative       : terminated=400, truncated=0
Best policy updated at episode 400: mean learning reward=-273.056

[Episode 500/8000 | last 100]
success rate                : 0.0% (cumulative 0.0%)
synthetic task reward       : 0.000
shaping reward              : -274.957
learning reward             : -274.957
episode length              : 102.6
abstract changes / episode  : 12.9
DFA transitions / episode   : 0.02
DFA transitions in window   : 1->2: 2
epsilon (next episode)       : 0.81870
replay buffer                : 49327 samples [1: 99.2%, 2: 0.8%, 3: 0.0%, 4: 0.0%]
DFA state visits in window   : 1: 10302, 2: 54, 3: 0, 4: 0
DFA state visits cumulative  : 1: 49423, 2: 404, 3: 0, 4: 0
DFA state entries in window  : 1: 100, 2: 2, 3: 0, 4: 0
DFA state entries cumulative : 1: 500, 2: 17, 3: 0, 4: 0
transitions cumulative       : 1->2: 17
accepted directly from s0    : 0
Gym endings cumulative       : terminated=500, truncated=0

[Episode 600/8000 | last 100]
success rate                : 0.0% (cumulative 0.0%)
synthetic task reward       : 0.000
shaping reward              : -282.343
learning reward             : -282.343
episode length              : 105.2
abstract changes / episode  : 13.1
DFA transitions / episode   : 0.02
DFA transitions in window   : 1->2: 2
epsilon (next episode)       : 0.78659
replay buffer                : 59848 samples [1: 99.3%, 2: 0.7%, 3: 0.0%, 4: 0.0%]
DFA state visits in window   : 1: 10566, 2: 55, 3: 0, 4: 0
DFA state visits cumulative  : 1: 59989, 2: 459, 3: 0, 4: 0
DFA state entries in window  : 1: 100, 2: 2, 3: 0, 4: 0
DFA state entries cumulative : 1: 600, 2: 19, 3: 0, 4: 0
transitions cumulative       : 1->2: 19
accepted directly from s0    : 0
Gym endings cumulative       : terminated=600, truncated=0

[Episode 700/8000 | last 100]
success rate                : 0.0% (cumulative 0.0%)
synthetic task reward       : 0.000
shaping reward              : -278.662
learning reward             : -278.662
episode length              : 106.9
abstract changes / episode  : 12.7
DFA transitions / episode   : 0.02
DFA transitions in window   : 1->2: 2
epsilon (next episode)       : 0.75574
replay buffer                : 70536 samples [1: 99.3%, 2: 0.7%, 3: 0.0%, 4: 0.0%]
DFA state visits in window   : 1: 10729, 2: 59, 3: 0, 4: 0
DFA state visits cumulative  : 1: 70718, 2: 518, 3: 0, 4: 0
DFA state entries in window  : 1: 100, 2: 2, 3: 0, 4: 0
DFA state entries cumulative : 1: 700, 2: 21, 3: 0, 4: 0
transitions cumulative       : 1->2: 21
accepted directly from s0    : 0
Gym endings cumulative       : terminated=700, truncated=0

[Episode 800/8000 | last 100]
success rate                : 0.0% (cumulative 0.0%)
synthetic task reward       : 0.000
shaping reward              : -273.210
learning reward             : -273.210
episode length              : 109.4
abstract changes / episode  : 12.9
DFA transitions / episode   : 0.03
DFA transitions in window   : 1->2: 3
epsilon (next episode)       : 0.72610
replay buffer                : 81477 samples [1: 99.3%, 2: 0.7%, 3: 0.0%, 4: 0.0%]
DFA state visits in window   : 1: 10969, 2: 72, 3: 0, 4: 0
DFA state visits cumulative  : 1: 81687, 2: 590, 3: 0, 4: 0
DFA state entries in window  : 1: 100, 2: 3, 3: 0, 4: 0
DFA state entries cumulative : 1: 800, 2: 24, 3: 0, 4: 0
transitions cumulative       : 1->2: 24
accepted directly from s0    : 0
Gym endings cumulative       : terminated=800, truncated=0

[Episode 900/8000 | last 100]
success rate                : 0.0% (cumulative 0.0%)
synthetic task reward       : 0.000
shaping reward              : -221.670
learning reward             : -221.670
episode length              : 111.1
abstract changes / episode  : 13.2
DFA transitions / episode   : 0.10
DFA transitions in window   : 1->2: 10
epsilon (next episode)       : 0.69763
replay buffer                : 92590 samples [1: 99.2%, 2: 0.8%, 3: 0.0%, 4: 0.0%]
DFA state visits in window   : 1: 10989, 2: 224, 3: 0, 4: 0
DFA state visits cumulative  : 1: 92676, 2: 814, 3: 0, 4: 0
DFA state entries in window  : 1: 100, 2: 10, 3: 0, 4: 0
DFA state entries cumulative : 1: 900, 2: 34, 3: 0, 4: 0
transitions cumulative       : 1->2: 34
accepted directly from s0    : 0
Gym endings cumulative       : terminated=900, truncated=0
Best policy updated at episode 900: mean learning reward=-221.670

[Episode 1000/8000 | last 100]
success rate                : 0.0% (cumulative 0.0%)
synthetic task reward       : 0.000
shaping reward              : -239.869
learning reward             : -239.869
episode length              : 118.4
abstract changes / episode  : 13.5
DFA transitions / episode   : 0.04
DFA transitions in window   : 1->2: 4
epsilon (next episode)       : 0.67027
replay buffer                : 104431 samples [1: 99.2%, 2: 0.8%, 3: 0.0%, 4: 0.0%]
DFA state visits in window   : 1: 11863, 2: 78, 3: 0, 4: 0
DFA state visits cumulative  : 1: 104539, 2: 892, 3: 0, 4: 0
DFA state entries in window  : 1: 100, 2: 4, 3: 0, 4: 0
DFA state entries cumulative : 1: 1000, 2: 38, 3: 0, 4: 0
transitions cumulative       : 1->2: 38
accepted directly from s0    : 0
Gym endings cumulative       : terminated=1000, truncated=0

[Episode 1100/8000 | last 100]
success rate                : 0.0% (cumulative 0.0%)
synthetic task reward       : 0.000
shaping reward              : -217.067
learning reward             : -217.067
episode length              : 123.9
abstract changes / episode  : 13.2
DFA transitions / episode   : 0.10
DFA transitions in window   : 1->2: 10
epsilon (next episode)       : 0.64398
replay buffer                : 116819 samples [1: 99.0%, 2: 1.0%, 3: 0.0%, 4: 0.0%]
DFA state visits in window   : 1: 12221, 2: 267, 3: 0, 4: 0
DFA state visits cumulative  : 1: 116760, 2: 1159, 3: 0, 4: 0
DFA state entries in window  : 1: 100, 2: 10, 3: 0, 4: 0
DFA state entries cumulative : 1: 1100, 2: 48, 3: 0, 4: 0
transitions cumulative       : 1->2: 48
accepted directly from s0    : 0
Gym endings cumulative       : terminated=1099, truncated=1
Best policy updated at episode 1100: mean learning reward=-217.067

[Episode 1200/8000 | last 100]
success rate                : 0.0% (cumulative 0.0%)
synthetic task reward       : 0.000
shaping reward              : -213.298
learning reward             : -213.298
episode length              : 122.8
abstract changes / episode  : 13.5
DFA transitions / episode   : 0.05
DFA transitions in window   : 1->2: 5
epsilon (next episode)       : 0.61872
replay buffer                : 129102 samples [1: 99.1%, 2: 0.9%, 3: 0.0%, 4: 0.0%]
DFA state visits in window   : 1: 12265, 2: 118, 3: 0, 4: 0
DFA state visits cumulative  : 1: 129025, 2: 1277, 3: 0, 4: 0
DFA state entries in window  : 1: 100, 2: 5, 3: 0, 4: 0
DFA state entries cumulative : 1: 1200, 2: 53, 3: 0, 4: 0
transitions cumulative       : 1->2: 53
accepted directly from s0    : 0
Gym endings cumulative       : terminated=1199, truncated=1
Best policy updated at episode 1200: mean learning reward=-213.298

[Episode 1300/8000 | last 100]
success rate                : 0.0% (cumulative 0.0%)
synthetic task reward       : 0.000
shaping reward              : -239.448
learning reward             : -239.448
episode length              : 113.2
abstract changes / episode  : 13.3
DFA transitions / episode   : 0.07
DFA transitions in window   : 1->2: 7
epsilon (next episode)       : 0.59446
replay buffer                : 140426 samples [1: 99.0%, 2: 1.0%, 3: 0.0%, 4: 0.0%]
DFA state visits in window   : 1: 11246, 2: 178, 3: 0, 4: 0
DFA state visits cumulative  : 1: 140271, 2: 1455, 3: 0, 4: 0
DFA state entries in window  : 1: 100, 2: 7, 3: 0, 4: 0
DFA state entries cumulative : 1: 1300, 2: 60, 3: 0, 4: 0
transitions cumulative       : 1->2: 60
accepted directly from s0    : 0
Gym endings cumulative       : terminated=1299, truncated=1

[Episode 1400/8000 | last 100]
success rate                : 0.0% (cumulative 0.0%)
synthetic task reward       : 0.000
shaping reward              : -292.714
learning reward             : -292.714
episode length              : 130.8
abstract changes / episode  : 13.9
DFA transitions / episode   : 0.02
DFA transitions in window   : 1->2: 2
epsilon (next episode)       : 0.57115
replay buffer                : 153509 samples [1: 99.1%, 2: 0.9%, 3: 0.0%, 4: 0.0%]
DFA state visits in window   : 1: 13144, 2: 39, 3: 0, 4: 0
DFA state visits cumulative  : 1: 153415, 2: 1494, 3: 0, 4: 0
DFA state entries in window  : 1: 100, 2: 2, 3: 0, 4: 0
DFA state entries cumulative : 1: 1400, 2: 62, 3: 0, 4: 0
transitions cumulative       : 1->2: 62
accepted directly from s0    : 0
Gym endings cumulative       : terminated=1399, truncated=1

[Episode 1500/8000 | last 100]
success rate                : 0.0% (cumulative 0.0%)
synthetic task reward       : 0.000
shaping reward              : -312.921
learning reward             : -312.921
episode length              : 124.5
abstract changes / episode  : 13.2
DFA transitions / episode   : 0.00
DFA transitions in window   : none
epsilon (next episode)       : 0.54875
replay buffer                : 165954 samples [1: 99.1%, 2: 0.9%, 3: 0.0%, 4: 0.0%]
DFA state visits in window   : 1: 12545, 2: 0, 3: 0, 4: 0
DFA state visits cumulative  : 1: 165960, 2: 1494, 3: 0, 4: 0
DFA state entries in window  : 1: 100, 2: 0, 3: 0, 4: 0
DFA state entries cumulative : 1: 1500, 2: 62, 3: 0, 4: 0
transitions cumulative       : 1->2: 62
accepted directly from s0    : 0
Gym endings cumulative       : terminated=1499, truncated=1

[Episode 1600/8000 | last 100]
success rate                : 0.0% (cumulative 0.0%)
synthetic task reward       : 0.000
shaping reward              : -295.508
learning reward             : -295.508
episode length              : 150.6
abstract changes / episode  : 14.0
DFA transitions / episode   : 0.00
DFA transitions in window   : none
epsilon (next episode)       : 0.52722
replay buffer                : 181010 samples [1: 99.2%, 2: 0.8%, 3: 0.0%, 4: 0.0%]
DFA state visits in window   : 1: 15156, 2: 0, 3: 0, 4: 0
DFA state visits cumulative  : 1: 181116, 2: 1494, 3: 0, 4: 0
DFA state entries in window  : 1: 100, 2: 0, 3: 0, 4: 0
DFA state entries cumulative : 1: 1600, 2: 62, 3: 0, 4: 0
transitions cumulative       : 1->2: 62
accepted directly from s0    : 0
Gym endings cumulative       : terminated=1597, truncated=3

[Episode 1700/8000 | last 100]
success rate                : 0.0% (cumulative 0.0%)
synthetic task reward       : 0.000
shaping reward              : -287.543
learning reward             : -287.543
episode length              : 118.2
abstract changes / episode  : 12.8
DFA transitions / episode   : 0.01
DFA transitions in window   : 1->2: 1
epsilon (next episode)       : 0.50655
replay buffer                : 192825 samples [1: 99.3%, 2: 0.7%, 3: 0.0%, 4: 0.0%]
DFA state visits in window   : 1: 11901, 2: 14, 3: 0, 4: 0
DFA state visits cumulative  : 1: 193017, 2: 1508, 3: 0, 4: 0
DFA state entries in window  : 1: 100, 2: 1, 3: 0, 4: 0
DFA state entries cumulative : 1: 1700, 2: 63, 3: 0, 4: 0
transitions cumulative       : 1->2: 63
accepted directly from s0    : 0
Gym endings cumulative       : terminated=1697, truncated=3

[Episode 1800/8000 | last 100]
success rate                : 0.0% (cumulative 0.0%)
synthetic task reward       : 0.000
shaping reward              : -246.302
learning reward             : -246.302
episode length              : 131.9
abstract changes / episode  : 13.4
DFA transitions / episode   : 0.04
DFA transitions in window   : 1->2: 4
epsilon (next episode)       : 0.48668
replay buffer                : 206016 samples [1: 99.2%, 2: 0.8%, 3: 0.0%, 4: 0.0%]
DFA state visits in window   : 1: 13174, 2: 117, 3: 0, 4: 0
DFA state visits cumulative  : 1: 206191, 2: 1625, 3: 0, 4: 0
DFA state entries in window  : 1: 100, 2: 4, 3: 0, 4: 0
DFA state entries cumulative : 1: 1800, 2: 67, 3: 0, 4: 0
transitions cumulative       : 1->2: 67
accepted directly from s0    : 0
Gym endings cumulative       : terminated=1797, truncated=3

[Episode 1900/8000 | last 100]
success rate                : 0.0% (cumulative 0.0%)
synthetic task reward       : 0.000
shaping reward              : -202.959
learning reward             : -202.959
episode length              : 140.3
abstract changes / episode  : 13.8
DFA transitions / episode   : 0.17
DFA transitions in window   : 1->2: 17
epsilon (next episode)       : 0.46760
replay buffer                : 220048 samples [1: 99.1%, 2: 0.9%, 3: 0.0%, 4: 0.0%]
DFA state visits in window   : 1: 13626, 2: 506, 3: 0, 4: 0
DFA state visits cumulative  : 1: 219817, 2: 2131, 3: 0, 4: 0
DFA state entries in window  : 1: 100, 2: 17, 3: 0, 4: 0
DFA state entries cumulative : 1: 1900, 2: 84, 3: 0, 4: 0
transitions cumulative       : 1->2: 84
accepted directly from s0    : 0
Gym endings cumulative       : terminated=1897, truncated=3
Best policy updated at episode 1900: mean learning reward=-202.959

[Episode 2000/8000 | last 100]
success rate                : 0.0% (cumulative 0.0%)
synthetic task reward       : 0.000
shaping reward              : -66.203
learning reward             : -66.203
episode length              : 156.5
abstract changes / episode  : 14.1
DFA transitions / episode   : 0.25
DFA transitions in window   : 1->2: 25
epsilon (next episode)       : 0.44926
replay buffer                : 235697 samples [1: 98.8%, 2: 1.2%, 3: 0.0%, 4: 0.0%]
DFA state visits in window   : 1: 14845, 2: 904, 3: 0, 4: 0
DFA state visits cumulative  : 1: 234662, 2: 3035, 3: 0, 4: 0
DFA state entries in window  : 1: 100, 2: 25, 3: 0, 4: 0
DFA state entries cumulative : 1: 2000, 2: 109, 3: 0, 4: 0
transitions cumulative       : 1->2: 109
accepted directly from s0    : 0
Gym endings cumulative       : terminated=1997, truncated=3
Best policy updated at episode 2000: mean learning reward=-66.203

[Episode 2100/8000 | last 100]
success rate                : 0.0% (cumulative 0.0%)
synthetic task reward       : 0.000
shaping reward              : 110.971
learning reward             : 110.971
episode length              : 162.4
abstract changes / episode  : 13.1
DFA transitions / episode   : 0.47
DFA transitions in window   : 1->2: 47
epsilon (next episode)       : 0.43164
replay buffer                : 251936 samples [1: 98.2%, 2: 1.8%, 3: 0.0%, 4: 0.0%]
DFA state visits in window   : 1: 14660, 2: 1679, 3: 0, 4: 0
DFA state visits cumulative  : 1: 249322, 2: 4714, 3: 0, 4: 0
DFA state entries in window  : 1: 100, 2: 47, 3: 0, 4: 0
DFA state entries cumulative : 1: 2100, 2: 156, 3: 0, 4: 0
transitions cumulative       : 1->2: 156
accepted directly from s0    : 0
Gym endings cumulative       : terminated=2097, truncated=3
Best policy updated at episode 2100: mean learning reward=110.971

[Episode 2200/8000 | last 100]
success rate                : 0.0% (cumulative 0.0%)
synthetic task reward       : 0.000
shaping reward              : -45.685
learning reward             : -45.685
episode length              : 235.5
abstract changes / episode  : 16.1
DFA transitions / episode   : 0.18
DFA transitions in window   : 1->2: 18
epsilon (next episode)       : 0.41471
replay buffer                : 275488 samples [1: 98.0%, 2: 2.0%, 3: 0.0%, 4: 0.0%]
DFA state visits in window   : 1: 22649, 2: 1003, 3: 0, 4: 0
DFA state visits cumulative  : 1: 271971, 2: 5717, 3: 0, 4: 0
DFA state entries in window  : 1: 100, 2: 18, 3: 0, 4: 0
DFA state entries cumulative : 1: 2200, 2: 174, 3: 0, 4: 0
transitions cumulative       : 1->2: 174
accepted directly from s0    : 0
Gym endings cumulative       : terminated=2194, truncated=6

[Episode 2300/8000 | last 100]
success rate                : 0.0% (cumulative 0.0%)
synthetic task reward       : 0.000
shaping reward              : -101.625
learning reward             : -101.625
episode length              : 223.3
abstract changes / episode  : 17.5
DFA transitions / episode   : 0.17
DFA transitions in window   : 1->2: 15, 2->3: 2
epsilon (next episode)       : 0.39845
replay buffer                : 297823 samples [1: 97.8%, 2: 2.1%, 3: 0.0%, 4: 0.0%]
DFA state visits in window   : 1: 21524, 2: 804, 3: 107, 4: 0
DFA state visits cumulative  : 1: 293495, 2: 6521, 3: 107, 4: 0
DFA state entries in window  : 1: 100, 2: 15, 3: 2, 4: 0
DFA state entries cumulative : 1: 2300, 2: 189, 3: 2, 4: 0
transitions cumulative       : 1->2: 189, 2->3: 2
accepted directly from s0    : 0
Gym endings cumulative       : terminated=2292, truncated=8

[Episode 2400/8000 | last 100]
success rate                : 0.0% (cumulative 0.0%)
synthetic task reward       : 0.000
shaping reward              : 39.538
learning reward             : 39.538
episode length              : 191.4
abstract changes / episode  : 15.7
DFA transitions / episode   : 0.29
DFA transitions in window   : 1->2: 28, 2->3: 1
epsilon (next episode)       : 0.38282
replay buffer                : 300000 samples [1: 97.4%, 2: 2.5%, 3: 0.0%, 4: 0.0%]
DFA state visits in window   : 1: 17797, 2: 1415, 3: 33, 4: 0
DFA state visits cumulative  : 1: 311292, 2: 7936, 3: 140, 4: 0
DFA state entries in window  : 1: 100, 2: 28, 3: 1, 4: 0
DFA state entries cumulative : 1: 2400, 2: 217, 3: 3, 4: 0
transitions cumulative       : 1->2: 217, 2->3: 3
accepted directly from s0    : 0
Gym endings cumulative       : terminated=2392, truncated=8

[Episode 2500/8000 | last 100]
success rate                : 0.0% (cumulative 0.0%)
synthetic task reward       : 0.000
shaping reward              : -7.070
learning reward             : -7.070
episode length              : 201.4
abstract changes / episode  : 15.5
DFA transitions / episode   : 0.13
DFA transitions in window   : 1->2: 13
epsilon (next episode)       : 0.36781
replay buffer                : 300000 samples [1: 97.2%, 2: 2.7%, 3: 0.0%, 4: 0.0%]
DFA state visits in window   : 1: 19492, 2: 747, 3: 0, 4: 0
DFA state visits cumulative  : 1: 330784, 2: 8683, 3: 140, 4: 0
DFA state entries in window  : 1: 100, 2: 13, 3: 0, 4: 0
DFA state entries cumulative : 1: 2500, 2: 230, 3: 3, 4: 0
transitions cumulative       : 1->2: 230, 2->3: 3
accepted directly from s0    : 0
Gym endings cumulative       : terminated=2492, truncated=8

[Episode 2600/8000 | last 100]
success rate                : 0.0% (cumulative 0.0%)
synthetic task reward       : 0.000
shaping reward              : -30.777
learning reward             : -30.777
episode length              : 197.1
abstract changes / episode  : 16.9
DFA transitions / episode   : 0.21
DFA transitions in window   : 1->2: 21
epsilon (next episode)       : 0.35338
replay buffer                : 300000 samples [1: 96.7%, 2: 3.2%, 3: 0.0%, 4: 0.0%]
DFA state visits in window   : 1: 18076, 2: 1737, 3: 0, 4: 0
DFA state visits cumulative  : 1: 348860, 2: 10420, 3: 140, 4: 0
DFA state entries in window  : 1: 100, 2: 21, 3: 0, 4: 0
DFA state entries cumulative : 1: 2600, 2: 251, 3: 3, 4: 0
transitions cumulative       : 1->2: 251, 2->3: 3
accepted directly from s0    : 0
Gym endings cumulative       : terminated=2592, truncated=8

[Episode 2700/8000 | last 100]
success rate                : 0.0% (cumulative 0.0%)
synthetic task reward       : 0.000
shaping reward              : -59.878
learning reward             : -59.878
episode length              : 360.9
abstract changes / episode  : 25.5
DFA transitions / episode   : 0.20
DFA transitions in window   : 1->2: 18, 2->3: 2
epsilon (next episode)       : 0.33952
replay buffer                : 300000 samples [1: 96.0%, 2: 4.0%, 3: 0.1%, 4: 0.0%]
DFA state visits in window   : 1: 33639, 2: 2477, 3: 79, 4: 0
DFA state visits cumulative  : 1: 382499, 2: 12897, 3: 219, 4: 0
DFA state entries in window  : 1: 100, 2: 18, 3: 2, 4: 0
DFA state entries cumulative : 1: 2700, 2: 269, 3: 5, 4: 0
transitions cumulative       : 1->2: 269, 2->3: 5
accepted directly from s0    : 0
Gym endings cumulative       : terminated=2684, truncated=16

[Episode 2800/8000 | last 100]
success rate                : 0.0% (cumulative 0.0%)
synthetic task reward       : 0.000
shaping reward              : -3.086
learning reward             : -3.086
episode length              : 346.6
abstract changes / episode  : 25.3
DFA transitions / episode   : 0.43
DFA transitions in window   : 1->2: 35, 2->3: 8
epsilon (next episode)       : 0.32621
replay buffer                : 300000 samples [1: 94.2%, 2: 5.5%, 3: 0.3%, 4: 0.0%]
DFA state visits in window   : 1: 28950, 2: 5103, 3: 709, 4: 0
DFA state visits cumulative  : 1: 411449, 2: 18000, 3: 928, 4: 0
DFA state entries in window  : 1: 100, 2: 35, 3: 8, 4: 0
DFA state entries cumulative : 1: 2800, 2: 304, 3: 13, 4: 0
transitions cumulative       : 1->2: 304, 2->3: 13
accepted directly from s0    : 0
Gym endings cumulative       : terminated=2780, truncated=20

[Episode 2900/8000 | last 100]
success rate                : 1.0% (cumulative 0.0%)
synthetic task reward       : 100.000
shaping reward              : 88.736
learning reward             : 188.736
episode length              : 301.0
abstract changes / episode  : 22.7
DFA transitions / episode   : 0.59
DFA transitions in window   : 1->2: 46, 2->3: 12, 3->4: 1
epsilon (next episode)       : 0.31341
replay buffer                : 300000 samples [1: 90.9%, 2: 7.8%, 3: 1.3%, 4: 0.0%]
DFA state visits in window   : 1: 20006, 2: 7193, 3: 2999, 4: 1
DFA state visits cumulative  : 1: 431455, 2: 25193, 3: 3927, 4: 1
DFA state entries in window  : 1: 100, 2: 46, 3: 12, 4: 1
DFA state entries cumulative : 1: 2900, 2: 350, 3: 25, 4: 1
transitions cumulative       : 1->2: 350, 2->3: 25, 3->4: 1
accepted directly from s0    : 0
Gym endings cumulative       : terminated=2876, truncated=23
Best policy updated at episode 2900: mean learning reward=188.736

[Episode 3000/8000 | last 100]
success rate                : 3.0% (cumulative 0.1%)
synthetic task reward       : 300.000
shaping reward              : 127.964
learning reward             : 427.964
episode length              : 359.6
abstract changes / episode  : 24.6
DFA transitions / episode   : 0.63
DFA transitions in window   : 1->2: 46, 2->3: 14, 3->4: 3
epsilon (next episode)       : 0.30112
replay buffer                : 300000 samples [1: 86.8%, 2: 11.4%, 3: 1.9%, 4: 0.0%]
DFA state visits in window   : 1: 23599, 2: 10700, 3: 1757, 4: 3
DFA state visits cumulative  : 1: 455054, 2: 35893, 3: 5684, 4: 4
DFA state entries in window  : 1: 100, 2: 46, 3: 14, 4: 3
DFA state entries cumulative : 1: 3000, 2: 396, 3: 39, 4: 4
transitions cumulative       : 1->2: 396, 2->3: 39, 3->4: 4
accepted directly from s0    : 0
Gym endings cumulative       : terminated=2967, truncated=29
Best policy updated at episode 3000: mean learning reward=427.964

[Episode 3100/8000 | last 100]
success rate                : 5.0% (cumulative 0.3%)
synthetic task reward       : 500.000
shaping reward              : 189.575
learning reward             : 689.575
episode length              : 369.0
abstract changes / episode  : 26.3
DFA transitions / episode   : 0.81
DFA transitions in window   : 1->2: 61, 2->3: 15, 3->4: 5
epsilon (next episode)       : 0.28931
replay buffer                : 300000 samples [1: 81.8%, 2: 15.9%, 3: 2.3%, 4: 0.0%]
DFA state visits in window   : 1: 20876, 2: 14816, 3: 1303, 4: 5
DFA state visits cumulative  : 1: 475930, 2: 50709, 3: 6987, 4: 9
DFA state entries in window  : 1: 100, 2: 61, 3: 15, 4: 5
DFA state entries cumulative : 1: 3100, 2: 457, 3: 54, 4: 9
transitions cumulative       : 1->2: 457, 2->3: 54, 3->4: 9
accepted directly from s0    : 0
Gym endings cumulative       : terminated=3059, truncated=32
Best policy updated at episode 3100: mean learning reward=689.575

[Episode 3200/8000 | last 100]
success rate                : 6.0% (cumulative 0.5%)
synthetic task reward       : 600.000
shaping reward              : 245.929
learning reward             : 845.929
episode length              : 375.9
abstract changes / episode  : 26.4
DFA transitions / episode   : 0.82
DFA transitions in window   : 1->2: 56, 2->3: 20, 3->4: 6
epsilon (next episode)       : 0.27797
replay buffer                : 300000 samples [1: 78.5%, 2: 18.4%, 3: 3.1%, 4: 0.0%]
DFA state visits in window   : 1: 25068, 2: 10185, 3: 2436, 4: 6
DFA state visits cumulative  : 1: 500998, 2: 60894, 3: 9423, 4: 15
DFA state entries in window  : 1: 100, 2: 56, 3: 20, 4: 6
DFA state entries cumulative : 1: 3200, 2: 513, 3: 74, 4: 15
transitions cumulative       : 1->2: 513, 2->3: 74, 3->4: 15
accepted directly from s0    : 0
Gym endings cumulative       : terminated=3148, truncated=37
Best policy updated at episode 3200: mean learning reward=845.929

[Episode 3300/8000 | last 100]
success rate                : 10.0% (cumulative 0.8%)
synthetic task reward       : 1000.000
shaping reward              : 244.683
learning reward             : 1244.683
episode length              : 446.4
abstract changes / episode  : 31.1
DFA transitions / episode   : 0.92
DFA transitions in window   : 1->2: 55, 2->3: 27, 3->4: 10
epsilon (next episode)       : 0.26706
replay buffer                : 300000 samples [1: 72.8%, 2: 22.6%, 3: 4.7%, 4: 0.0%]
DFA state visits in window   : 1: 25083, 2: 14897, 3: 4745, 4: 10
DFA state visits cumulative  : 1: 526081, 2: 75791, 3: 14168, 4: 25
DFA state entries in window  : 1: 100, 2: 55, 3: 27, 4: 10
DFA state entries cumulative : 1: 3300, 2: 568, 3: 101, 4: 25
transitions cumulative       : 1->2: 568, 2->3: 101, 3->4: 25
accepted directly from s0    : 0
Gym endings cumulative       : terminated=3225, truncated=50
Best policy updated at episode 3300: mean learning reward=1244.683

[Episode 3400/8000 | last 100]
success rate                : 15.0% (cumulative 1.2%)
synthetic task reward       : 1500.000
shaping reward              : 280.768
learning reward             : 1780.768
episode length              : 439.6
abstract changes / episode  : 31.2
DFA transitions / episode   : 1.06
DFA transitions in window   : 1->2: 55, 2->3: 36, 3->4: 15
epsilon (next episode)       : 0.25659
replay buffer                : 300000 samples [1: 66.9%, 2: 26.1%, 3: 7.0%, 4: 0.0%]
DFA state visits in window   : 1: 23780, 2: 13193, 3: 7069, 4: 15
DFA state visits cumulative  : 1: 549861, 2: 88984, 3: 21237, 4: 40
DFA state entries in window  : 1: 100, 2: 55, 3: 36, 4: 15
DFA state entries cumulative : 1: 3400, 2: 623, 3: 137, 4: 40
transitions cumulative       : 1->2: 623, 2->3: 137, 3->4: 40
accepted directly from s0    : 0
Gym endings cumulative       : terminated=3297, truncated=63
Best policy updated at episode 3400: mean learning reward=1780.768

[Episode 3500/8000 | last 100]
success rate                : 30.0% (cumulative 2.0%)
synthetic task reward       : 3000.000
shaping reward              : 412.098
learning reward             : 3412.098
episode length              : 420.9
abstract changes / episode  : 31.7
DFA transitions / episode   : 1.44
DFA transitions in window   : 1->2: 63, 2->3: 51, 3->4: 30
epsilon (next episode)       : 0.24653
replay buffer                : 300000 samples [1: 62.1%, 2: 28.1%, 3: 9.9%, 4: 0.0%]
DFA state visits in window   : 1: 24812, 2: 8651, 3: 8702, 4: 30
DFA state visits cumulative  : 1: 574673, 2: 97635, 3: 29939, 4: 70
DFA state entries in window  : 1: 100, 2: 63, 3: 51, 4: 30
DFA state entries cumulative : 1: 3500, 2: 686, 3: 188, 4: 70
transitions cumulative       : 1->2: 686, 2->3: 188, 3->4: 70
accepted directly from s0    : 0
Gym endings cumulative       : terminated=3361, truncated=69
Best policy updated at episode 3500: mean learning reward=3412.098

[Episode 3600/8000 | last 100]
success rate                : 40.0% (cumulative 3.1%)
synthetic task reward       : 4000.000
shaping reward              : 548.815
learning reward             : 4548.815
episode length              : 387.6
abstract changes / episode  : 29.0
DFA transitions / episode   : 1.78
DFA transitions in window   : 1->2: 75, 2->3: 63, 3->4: 40
epsilon (next episode)       : 0.23686
replay buffer                : 300000 samples [1: 58.2%, 2: 29.0%, 3: 12.8%, 4: 0.0%]
DFA state visits in window   : 1: 17989, 2: 10066, 3: 10763, 4: 40
DFA state visits cumulative  : 1: 592662, 2: 107701, 3: 40702, 4: 110
DFA state entries in window  : 1: 100, 2: 75, 3: 63, 4: 40
DFA state entries cumulative : 1: 3600, 2: 761, 3: 251, 4: 110
transitions cumulative       : 1->2: 761, 2->3: 251, 3->4: 110
accepted directly from s0    : 0
Gym endings cumulative       : terminated=3419, truncated=71
Best policy updated at episode 3600: mean learning reward=4548.815

[Episode 3700/8000 | last 100]
success rate                : 42.0% (cumulative 4.1%)
synthetic task reward       : 4200.000
shaping reward              : 542.225
learning reward             : 4742.225
episode length              : 408.8
abstract changes / episode  : 31.6
DFA transitions / episode   : 1.89
DFA transitions in window   : 1->2: 76, 2->3: 71, 3->4: 42
epsilon (next episode)       : 0.22757
replay buffer                : 300000 samples [1: 55.6%, 2: 29.0%, 3: 15.4%, 4: 0.0%]
DFA state visits in window   : 1: 21501, 2: 8652, 3: 10787, 4: 42
DFA state visits cumulative  : 1: 614163, 2: 116353, 3: 51489, 4: 152
DFA state entries in window  : 1: 100, 2: 76, 3: 71, 4: 42
DFA state entries cumulative : 1: 3700, 2: 837, 3: 322, 4: 152
transitions cumulative       : 1->2: 837, 2->3: 322, 3->4: 152
accepted directly from s0    : 0
Gym endings cumulative       : terminated=3477, truncated=71
Best policy updated at episode 3700: mean learning reward=4742.225

[Episode 3800/8000 | last 100]
success rate                : 49.0% (cumulative 5.3%)
synthetic task reward       : 4900.000
shaping reward              : 624.555
learning reward             : 5524.555
episode length              : 460.2
abstract changes / episode  : 35.7
DFA transitions / episode   : 2.06
DFA transitions in window   : 1->2: 83, 2->3: 74, 3->4: 49
epsilon (next episode)       : 0.21865
replay buffer                : 300000 samples [1: 54.9%, 2: 26.2%, 3: 18.9%, 4: 0.0%]
DFA state visits in window   : 1: 22556, 2: 11506, 3: 12011, 4: 49
DFA state visits cumulative  : 1: 636719, 2: 127859, 3: 63500, 4: 201
DFA state entries in window  : 1: 100, 2: 83, 3: 74, 4: 49
DFA state entries cumulative : 1: 3800, 2: 920, 3: 396, 4: 201
transitions cumulative       : 1->2: 920, 2->3: 396, 3->4: 201
accepted directly from s0    : 0
Gym endings cumulative       : terminated=3524, truncated=75
Best policy updated at episode 3800: mean learning reward=5524.555

[Episode 3900/8000 | last 100]
success rate                : 64.0% (cumulative 6.8%)
synthetic task reward       : 6400.000
shaping reward              : 720.433
learning reward             : 7120.433
episode length              : 403.7
abstract changes / episode  : 31.8
DFA transitions / episode   : 2.32
DFA transitions in window   : 1->2: 86, 2->3: 82, 3->4: 64
epsilon (next episode)       : 0.21007
replay buffer                : 300000 samples [1: 52.2%, 2: 26.1%, 3: 21.7%, 4: 0.0%]
DFA state visits in window   : 1: 19373, 2: 10628, 3: 10401, 4: 64
DFA state visits cumulative  : 1: 656092, 2: 138487, 3: 73901, 4: 265
DFA state entries in window  : 1: 100, 2: 86, 3: 82, 4: 64
DFA state entries cumulative : 1: 3900, 2: 1006, 3: 478, 4: 265
transitions cumulative       : 1->2: 1006, 2->3: 478, 3->4: 265
accepted directly from s0    : 0
Gym endings cumulative       : terminated=3559, truncated=76
Best policy updated at episode 3900: mean learning reward=7120.433

[Episode 4000/8000 | last 100]
success rate                : 62.0% (cumulative 8.2%)
synthetic task reward       : 6200.000
shaping reward              : 709.051
learning reward             : 6909.051
episode length              : 371.7
abstract changes / episode  : 29.6
DFA transitions / episode   : 2.14
DFA transitions in window   : 1->2: 79, 2->3: 73, 3->4: 62
epsilon (next episode)       : 0.20183
replay buffer                : 300000 samples [1: 52.0%, 2: 25.3%, 3: 22.7%, 4: 0.0%]
DFA state visits in window   : 1: 20473, 2: 9841, 3: 6894, 4: 62
DFA state visits cumulative  : 1: 676565, 2: 148328, 3: 80795, 4: 327
DFA state entries in window  : 1: 100, 2: 79, 3: 73, 4: 62
DFA state entries cumulative : 1: 4000, 2: 1085, 3: 551, 4: 327
transitions cumulative       : 1->2: 1085, 2->3: 551, 3->4: 327
accepted directly from s0    : 0
Gym endings cumulative       : terminated=3596, truncated=78

[Episode 4100/8000 | last 100]
success rate                : 58.0% (cumulative 9.4%)
synthetic task reward       : 5800.000
shaping reward              : 708.799
learning reward             : 6508.799
episode length              : 418.7
abstract changes / episode  : 31.5
DFA transitions / episode   : 2.13
DFA transitions in window   : 1->2: 85, 2->3: 70, 3->4: 58
epsilon (next episode)       : 0.19392
replay buffer                : 300000 samples [1: 51.9%, 2: 25.4%, 3: 22.7%, 4: 0.0%]
DFA state visits in window   : 1: 21594, 2: 13324, 3: 6990, 4: 58
DFA state visits cumulative  : 1: 698159, 2: 161652, 3: 87785, 4: 385
DFA state entries in window  : 1: 100, 2: 85, 3: 70, 4: 58
DFA state entries cumulative : 1: 4100, 2: 1170, 3: 621, 4: 385
transitions cumulative       : 1->2: 1170, 2->3: 621, 3->4: 385
accepted directly from s0    : 0
Gym endings cumulative       : terminated=3635, truncated=81

[Episode 4200/8000 | last 100]
success rate                : 66.0% (cumulative 10.7%)
synthetic task reward       : 6600.000
shaping reward              : 767.008
learning reward             : 7367.008
episode length              : 336.4
abstract changes / episode  : 25.0
DFA transitions / episode   : 2.31
DFA transitions in window   : 1->2: 88, 2->3: 77, 3->4: 66
epsilon (next episode)       : 0.18631
replay buffer                : 300000 samples [1: 51.4%, 2: 25.7%, 3: 23.0%, 4: 0.0%]
DFA state visits in window   : 1: 17689, 2: 9424, 3: 6565, 4: 66
DFA state visits cumulative  : 1: 715848, 2: 171076, 3: 94350, 4: 451
DFA state entries in window  : 1: 100, 2: 88, 3: 77, 4: 66
DFA state entries cumulative : 1: 4200, 2: 1258, 3: 698, 4: 451
transitions cumulative       : 1->2: 1258, 2->3: 698, 3->4: 451
accepted directly from s0    : 0
Gym endings cumulative       : terminated=3669, truncated=81
Best policy updated at episode 4200: mean learning reward=7367.008

[Episode 4300/8000 | last 100]
success rate                : 63.0% (cumulative 12.0%)
synthetic task reward       : 6300.000
shaping reward              : 682.375
learning reward             : 6982.375
episode length              : 319.7
abstract changes / episode  : 24.6
DFA transitions / episode   : 2.10
DFA transitions in window   : 1->2: 79, 2->3: 68, 3->4: 63
epsilon (next episode)       : 0.17900
replay buffer                : 300000 samples [1: 50.7%, 2: 27.2%, 3: 22.1%, 4: 0.0%]
DFA state visits in window   : 1: 15992, 2: 10788, 3: 5223, 4: 63
DFA state visits cumulative  : 1: 731840, 2: 181864, 3: 99573, 4: 514
DFA state entries in window  : 1: 100, 2: 79, 3: 68, 4: 63
DFA state entries cumulative : 1: 4300, 2: 1337, 3: 766, 4: 514
transitions cumulative       : 1->2: 1337, 2->3: 766, 3->4: 514
accepted directly from s0    : 0
Gym endings cumulative       : terminated=3705, truncated=82

[Episode 4400/8000 | last 100]
success rate                : 57.0% (cumulative 13.0%)
synthetic task reward       : 5700.000
shaping reward              : 553.429
learning reward             : 6253.429
episode length              : 291.9
abstract changes / episode  : 21.9
DFA transitions / episode   : 1.88
DFA transitions in window   : 1->2: 69, 2->3: 62, 3->4: 57
epsilon (next episode)       : 0.17198
replay buffer                : 300000 samples [1: 51.6%, 2: 27.4%, 3: 21.0%, 4: 0.0%]
DFA state visits in window   : 1: 16375, 2: 8312, 3: 4545, 4: 57
DFA state visits cumulative  : 1: 748215, 2: 190176, 3: 104118, 4: 571
DFA state entries in window  : 1: 100, 2: 69, 3: 62, 4: 57
DFA state entries cumulative : 1: 4400, 2: 1406, 3: 828, 4: 571
transitions cumulative       : 1->2: 1406, 2->3: 828, 3->4: 571
accepted directly from s0    : 0
Gym endings cumulative       : terminated=3748, truncated=82

[Episode 4500/8000 | last 100]
success rate                : 70.0% (cumulative 14.2%)
synthetic task reward       : 7000.000
shaping reward              : 796.358
learning reward             : 7796.358
episode length              : 353.6
abstract changes / episode  : 25.8
DFA transitions / episode   : 2.35
DFA transitions in window   : 1->2: 87, 2->3: 78, 3->4: 70
epsilon (next episode)       : 0.16524
replay buffer                : 300000 samples [1: 51.8%, 2: 28.6%, 3: 19.6%, 4: 0.0%]
DFA state visits in window   : 1: 18815, 2: 11259, 3: 5319, 4: 70
DFA state visits cumulative  : 1: 767030, 2: 201435, 3: 109437, 4: 641
DFA state entries in window  : 1: 100, 2: 87, 3: 78, 4: 70
DFA state entries cumulative : 1: 4500, 2: 1493, 3: 906, 4: 641
transitions cumulative       : 1->2: 1493, 2->3: 906, 3->4: 641
accepted directly from s0    : 0
Gym endings cumulative       : terminated=3777, truncated=83
Best policy updated at episode 4500: mean learning reward=7796.358

[Episode 4600/8000 | last 100]
success rate                : 83.0% (cumulative 15.7%)
synthetic task reward       : 8300.000
shaping reward              : 956.898
learning reward             : 9256.898
episode length              : 375.3
abstract changes / episode  : 28.1
DFA transitions / episode   : 2.67
DFA transitions in window   : 1->2: 97, 2->3: 87, 3->4: 83
epsilon (next episode)       : 0.15876
replay buffer                : 300000 samples [1: 50.7%, 2: 31.1%, 3: 18.2%, 4: 0.0%]
DFA state visits in window   : 1: 16463, 2: 15793, 3: 5287, 4: 83
DFA state visits cumulative  : 1: 783493, 2: 217228, 3: 114724, 4: 724
DFA state entries in window  : 1: 100, 2: 97, 3: 87, 4: 83
DFA state entries cumulative : 1: 4600, 2: 1590, 3: 993, 4: 724
transitions cumulative       : 1->2: 1590, 2->3: 993, 3->4: 724
accepted directly from s0    : 0
Gym endings cumulative       : terminated=3790, truncated=87
Best policy updated at episode 4600: mean learning reward=9256.898

[Episode 4700/8000 | last 100]
success rate                : 72.0% (cumulative 16.9%)
synthetic task reward       : 7200.000
shaping reward              : 820.499
learning reward             : 8020.499
episode length              : 332.2
abstract changes / episode  : 25.8
DFA transitions / episode   : 2.35
DFA transitions in window   : 1->2: 86, 2->3: 77, 3->4: 72
epsilon (next episode)       : 0.15253
replay buffer                : 300000 samples [1: 51.1%, 2: 32.5%, 3: 16.5%, 4: 0.0%]
DFA state visits in window   : 1: 15921, 2: 12805, 3: 4521, 4: 72
DFA state visits cumulative  : 1: 799414, 2: 230033, 3: 119245, 4: 796
DFA state entries in window  : 1: 100, 2: 86, 3: 77, 4: 72
DFA state entries cumulative : 1: 4700, 2: 1676, 3: 1070, 4: 796
transitions cumulative       : 1->2: 1676, 2->3: 1070, 3->4: 796
accepted directly from s0    : 0
Gym endings cumulative       : terminated=3816, truncated=89

[Episode 4800/8000 | last 100]
success rate                : 73.0% (cumulative 18.1%)
synthetic task reward       : 7300.000
shaping reward              : 827.578
learning reward             : 8127.578
episode length              : 312.4
abstract changes / episode  : 24.7
DFA transitions / episode   : 2.35
DFA transitions in window   : 1->2: 84, 2->3: 78, 3->4: 73
epsilon (next episode)       : 0.14655
replay buffer                : 300000 samples [1: 51.3%, 2: 32.8%, 3: 16.0%, 4: 0.0%]
DFA state visits in window   : 1: 17134, 2: 9403, 3: 4726, 4: 73
DFA state visits cumulative  : 1: 816548, 2: 239436, 3: 123971, 4: 869
DFA state entries in window  : 1: 100, 2: 84, 3: 78, 4: 73
DFA state entries cumulative : 1: 4800, 2: 1760, 3: 1148, 4: 869
transitions cumulative       : 1->2: 1760, 2->3: 1148, 3->4: 869
accepted directly from s0    : 0
Gym endings cumulative       : terminated=3843, truncated=89

[Episode 4900/8000 | last 100]
success rate                : 87.0% (cumulative 19.5%)
synthetic task reward       : 8700.000
shaping reward              : 966.929
learning reward             : 9666.929
episode length              : 335.3
abstract changes / episode  : 26.2
DFA transitions / episode   : 2.74
DFA transitions in window   : 1->2: 97, 2->3: 90, 3->4: 87
epsilon (next episode)       : 0.14080
replay buffer                : 300000 samples [1: 49.9%, 2: 34.1%, 3: 16.0%, 4: 0.0%]
DFA state visits in window   : 1: 15432, 2: 12247, 3: 5864, 4: 87
DFA state visits cumulative  : 1: 831980, 2: 251683, 3: 129835, 4: 956
DFA state entries in window  : 1: 100, 2: 97, 3: 90, 4: 87
DFA state entries cumulative : 1: 4900, 2: 1857, 3: 1238, 4: 956
transitions cumulative       : 1->2: 1857, 2->3: 1238, 3->4: 956
accepted directly from s0    : 0
Gym endings cumulative       : terminated=3855, truncated=90
Best policy updated at episode 4900: mean learning reward=9666.929

[Episode 5000/8000 | last 100]
success rate                : 70.0% (cumulative 20.5%)
synthetic task reward       : 7000.000
shaping reward              : 806.948
learning reward             : 7806.948
episode length              : 342.2
abstract changes / episode  : 27.4
DFA transitions / episode   : 2.33
DFA transitions in window   : 1->2: 89, 2->3: 74, 3->4: 70
epsilon (next episode)       : 0.13528
replay buffer                : 300000 samples [1: 51.1%, 2: 33.5%, 3: 15.4%, 4: 0.0%]
DFA state visits in window   : 1: 19523, 2: 10634, 3: 4089, 4: 70
DFA state visits cumulative  : 1: 851503, 2: 262317, 3: 133924, 4: 1026
DFA state entries in window  : 1: 100, 2: 89, 3: 74, 4: 70
DFA state entries cumulative : 1: 5000, 2: 1946, 3: 1312, 4: 1026
transitions cumulative       : 1->2: 1946, 2->3: 1312, 3->4: 1026
accepted directly from s0    : 0
Gym endings cumulative       : terminated=3885, truncated=90

[Episode 5100/8000 | last 100]
success rate                : 80.0% (cumulative 21.7%)
synthetic task reward       : 8000.000
shaping reward              : 922.918
learning reward             : 8922.918
episode length              : 339.5
abstract changes / episode  : 26.5
DFA transitions / episode   : 2.59
DFA transitions in window   : 1->2: 96, 2->3: 83, 3->4: 80
epsilon (next episode)       : 0.12998
replay buffer                : 300000 samples [1: 50.7%, 2: 34.7%, 3: 14.5%, 4: 0.0%]
DFA state visits in window   : 1: 16744, 2: 13163, 3: 4061, 4: 80
DFA state visits cumulative  : 1: 868247, 2: 275480, 3: 137985, 4: 1106
DFA state entries in window  : 1: 100, 2: 96, 3: 83, 4: 80
DFA state entries cumulative : 1: 5100, 2: 2042, 3: 1395, 4: 1106
transitions cumulative       : 1->2: 2042, 2->3: 1395, 3->4: 1106
accepted directly from s0    : 0
Gym endings cumulative       : terminated=3903, truncated=92

[Episode 5200/8000 | last 100]
success rate                : 87.0% (cumulative 22.9%)
synthetic task reward       : 8700.000
shaping reward              : 946.980
learning reward             : 9646.980
episode length              : 316.2
abstract changes / episode  : 24.3
DFA transitions / episode   : 2.67
DFA transitions in window   : 1->2: 93, 2->3: 87, 3->4: 87
epsilon (next episode)       : 0.12488
replay buffer                : 300000 samples [1: 51.4%, 2: 34.4%, 3: 14.2%, 4: 0.0%]
DFA state visits in window   : 1: 17737, 2: 9667, 3: 4232, 4: 87
DFA state visits cumulative  : 1: 885984, 2: 285147, 3: 142217, 4: 1193
DFA state entries in window  : 1: 100, 2: 93, 3: 87, 4: 87
DFA state entries cumulative : 1: 5200, 2: 2135, 3: 1482, 4: 1193
transitions cumulative       : 1->2: 2135, 2->3: 1482, 3->4: 1193
accepted directly from s0    : 0
Gym endings cumulative       : terminated=3916, truncated=92

[Episode 5300/8000 | last 100]
success rate                : 81.0% (cumulative 24.0%)
synthetic task reward       : 8100.000
shaping reward              : 922.442
learning reward             : 9022.442
episode length              : 306.9
abstract changes / episode  : 23.4
DFA transitions / episode   : 2.58
DFA transitions in window   : 1->2: 92, 2->3: 85, 3->4: 81
epsilon (next episode)       : 0.11998
replay buffer                : 300000 samples [1: 50.4%, 2: 35.4%, 3: 14.1%, 4: 0.0%]
DFA state visits in window   : 1: 14685, 2: 11571, 3: 4453, 4: 81
DFA state visits cumulative  : 1: 900669, 2: 296718, 3: 146670, 4: 1274
DFA state entries in window  : 1: 100, 2: 92, 3: 85, 4: 81
DFA state entries cumulative : 1: 5300, 2: 2227, 3: 1567, 4: 1274
transitions cumulative       : 1->2: 2227, 2->3: 1567, 3->4: 1274
accepted directly from s0    : 0
Gym endings cumulative       : terminated=3935, truncated=92

[Episode 5400/8000 | last 100]
success rate                : 83.0% (cumulative 25.1%)
synthetic task reward       : 8300.000
shaping reward              : 917.303
learning reward             : 9217.303
episode length              : 313.6
abstract changes / episode  : 24.9
DFA transitions / episode   : 2.59
DFA transitions in window   : 1->2: 90, 2->3: 86, 3->4: 83
epsilon (next episode)       : 0.11528
replay buffer                : 300000 samples [1: 50.3%, 2: 35.4%, 3: 14.3%, 4: 0.0%]
DFA state visits in window   : 1: 16075, 2: 10054, 3: 5247, 4: 83
DFA state visits cumulative  : 1: 916744, 2: 306772, 3: 151917, 4: 1357
DFA state entries in window  : 1: 100, 2: 90, 3: 86, 4: 83
DFA state entries cumulative : 1: 5400, 2: 2317, 3: 1653, 4: 1357
transitions cumulative       : 1->2: 2317, 2->3: 1653, 3->4: 1357
accepted directly from s0    : 0
Gym endings cumulative       : terminated=3951, truncated=93

[Episode 5500/8000 | last 100]
success rate                : 61.0% (cumulative 25.8%)
synthetic task reward       : 6100.000
shaping reward              : 675.541
learning reward             : 6775.541
episode length              : 288.6
abstract changes / episode  : 23.2
DFA transitions / episode   : 2.04
DFA transitions in window   : 1->2: 78, 2->3: 65, 3->4: 61
epsilon (next episode)       : 0.11075
replay buffer                : 300000 samples [1: 51.8%, 2: 34.0%, 3: 14.2%, 4: 0.0%]
DFA state visits in window   : 1: 16820, 2: 8340, 3: 3735, 4: 61
DFA state visits cumulative  : 1: 933564, 2: 315112, 3: 155652, 4: 1418
DFA state entries in window  : 1: 100, 2: 78, 3: 65, 4: 61
DFA state entries cumulative : 1: 5500, 2: 2395, 3: 1718, 4: 1418
transitions cumulative       : 1->2: 2395, 2->3: 1718, 3->4: 1418
accepted directly from s0    : 0
Gym endings cumulative       : terminated=3990, truncated=93

[Episode 5600/8000 | last 100]
success rate                : 85.0% (cumulative 26.8%)
synthetic task reward       : 8500.000
shaping reward              : 950.297
learning reward             : 9450.297
episode length              : 348.7
abstract changes / episode  : 26.8
DFA transitions / episode   : 2.70
DFA transitions in window   : 1->2: 96, 2->3: 89, 3->4: 85
epsilon (next episode)       : 0.10641
replay buffer                : 300000 samples [1: 52.2%, 2: 33.6%, 3: 14.2%, 4: 0.0%]
DFA state visits in window   : 1: 17530, 2: 12453, 3: 4899, 4: 85
DFA state visits cumulative  : 1: 951094, 2: 327565, 3: 160551, 4: 1503
DFA state entries in window  : 1: 100, 2: 96, 3: 89, 4: 85
DFA state entries cumulative : 1: 5600, 2: 2491, 3: 1807, 4: 1503
transitions cumulative       : 1->2: 2491, 2->3: 1807, 3->4: 1503
accepted directly from s0    : 0
Gym endings cumulative       : terminated=4005, truncated=93

[Episode 5700/8000 | last 100]
success rate                : 89.0% (cumulative 27.9%)
synthetic task reward       : 8900.000
shaping reward              : 987.511
learning reward             : 9887.511
episode length              : 281.0
abstract changes / episode  : 21.9
DFA transitions / episode   : 2.81
DFA transitions in window   : 1->2: 97, 2->3: 95, 3->4: 89
epsilon (next episode)       : 0.10224
replay buffer                : 300000 samples [1: 51.4%, 2: 34.2%, 3: 14.4%, 4: 0.0%]
DFA state visits in window   : 1: 13102, 2: 9986, 3: 5027, 4: 89
DFA state visits cumulative  : 1: 964196, 2: 337551, 3: 165578, 4: 1592
DFA state entries in window  : 1: 100, 2: 97, 3: 95, 4: 89
DFA state entries cumulative : 1: 5700, 2: 2588, 3: 1902, 4: 1592
transitions cumulative       : 1->2: 2588, 2->3: 1902, 3->4: 1592
accepted directly from s0    : 0
Gym endings cumulative       : terminated=4016, truncated=93
Best policy updated at episode 5700: mean learning reward=9887.511

[Episode 5800/8000 | last 100]
success rate                : 70.0% (cumulative 28.7%)
synthetic task reward       : 7000.000
shaping reward              : 815.886
learning reward             : 7815.886
episode length              : 300.2
abstract changes / episode  : 23.4
DFA transitions / episode   : 2.26
DFA transitions in window   : 1->2: 84, 2->3: 72, 3->4: 70
epsilon (next episode)       : 0.09823
replay buffer                : 300000 samples [1: 52.4%, 2: 33.4%, 3: 14.2%, 4: 0.0%]
DFA state visits in window   : 1: 17387, 2: 8782, 3: 3877, 4: 70
DFA state visits cumulative  : 1: 981583, 2: 346333, 3: 169455, 4: 1662
DFA state entries in window  : 1: 100, 2: 84, 3: 72, 4: 70
DFA state entries cumulative : 1: 5800, 2: 2672, 3: 1974, 4: 1662
transitions cumulative       : 1->2: 2672, 2->3: 1974, 3->4: 1662
accepted directly from s0    : 0
Gym endings cumulative       : terminated=4045, truncated=94

[Episode 5900/8000 | last 100]
success rate                : 75.0% (cumulative 29.4%)
synthetic task reward       : 7500.000
shaping reward              : 832.063
learning reward             : 8332.063
episode length              : 296.7
abstract changes / episode  : 23.7
DFA transitions / episode   : 2.41
DFA transitions in window   : 1->2: 86, 2->3: 80, 3->4: 75
epsilon (next episode)       : 0.09438
replay buffer                : 300000 samples [1: 53.4%, 2: 32.7%, 3: 13.9%, 4: 0.0%]
DFA state visits in window   : 1: 17518, 2: 8305, 3: 3872, 4: 75
DFA state visits cumulative  : 1: 999101, 2: 354638, 3: 173327, 4: 1737
DFA state entries in window  : 1: 100, 2: 86, 3: 80, 4: 75
DFA state entries cumulative : 1: 5900, 2: 2758, 3: 2054, 4: 1737
transitions cumulative       : 1->2: 2758, 2->3: 2054, 3->4: 1737
accepted directly from s0    : 0
Gym endings cumulative       : terminated=4070, truncated=94

[Episode 6000/8000 | last 100]
success rate                : 68.0% (cumulative 30.1%)
synthetic task reward       : 6800.000
shaping reward              : 720.061
learning reward             : 7520.061
episode length              : 288.2
abstract changes / episode  : 22.4
DFA transitions / episode   : 2.15
DFA transitions in window   : 1->2: 76, 2->3: 71, 3->4: 68
epsilon (next episode)       : 0.09067
replay buffer                : 300000 samples [1: 54.1%, 2: 32.0%, 3: 13.9%, 4: 0.0%]
DFA state visits in window   : 1: 18662, 2: 7168, 3: 3018, 4: 68
DFA state visits cumulative  : 1: 1017763, 2: 361806, 3: 176345, 4: 1805
DFA state entries in window  : 1: 100, 2: 76, 3: 71, 4: 68
DFA state entries cumulative : 1: 6000, 2: 2834, 3: 2125, 4: 1805
transitions cumulative       : 1->2: 2834, 2->3: 2125, 3->4: 1805
accepted directly from s0    : 0
Gym endings cumulative       : terminated=4101, truncated=95

[Episode 6100/8000 | last 100]
success rate                : 76.0% (cumulative 30.8%)
synthetic task reward       : 7600.000
shaping reward              : 826.288
learning reward             : 8426.288
episode length              : 290.2
abstract changes / episode  : 23.8
DFA transitions / episode   : 2.41
DFA transitions in window   : 1->2: 85, 2->3: 80, 3->4: 76
epsilon (next episode)       : 0.08712
replay buffer                : 300000 samples [1: 54.4%, 2: 31.6%, 3: 13.9%, 4: 0.0%]
DFA state visits in window   : 1: 15716, 2: 9440, 3: 3890, 4: 76
DFA state visits cumulative  : 1: 1033479, 2: 371246, 3: 180235, 4: 1881
DFA state entries in window  : 1: 100, 2: 85, 3: 80, 4: 76
DFA state entries cumulative : 1: 6100, 2: 2919, 3: 2205, 4: 1881
transitions cumulative       : 1->2: 2919, 2->3: 2205, 3->4: 1881
accepted directly from s0    : 0
Gym endings cumulative       : terminated=4123, truncated=97

[Episode 6200/8000 | last 100]
success rate                : 64.0% (cumulative 31.4%)
synthetic task reward       : 6400.000
shaping reward              : 730.350
learning reward             : 7130.350
episode length              : 289.3
abstract changes / episode  : 21.8
DFA transitions / episode   : 2.14
DFA transitions in window   : 1->2: 79, 2->3: 71, 3->4: 64
epsilon (next episode)       : 0.08370
replay buffer                : 300000 samples [1: 54.7%, 2: 31.3%, 3: 14.0%, 4: 0.0%]
DFA state visits in window   : 1: 16892, 2: 7974, 3: 4097, 4: 64
DFA state visits cumulative  : 1: 1050371, 2: 379220, 3: 184332, 4: 1945
DFA state entries in window  : 1: 100, 2: 79, 3: 71, 4: 64
DFA state entries cumulative : 1: 6200, 2: 2998, 3: 2276, 4: 1945
transitions cumulative       : 1->2: 2998, 2->3: 2276, 3->4: 1945
accepted directly from s0    : 0
Gym endings cumulative       : terminated=4158, truncated=98

[Episode 6300/8000 | last 100]
success rate                : 64.0% (cumulative 31.9%)
synthetic task reward       : 6400.000
shaping reward              : 800.433
learning reward             : 7200.433
episode length              : 338.0
abstract changes / episode  : 24.1
DFA transitions / episode   : 2.20
DFA transitions in window   : 1->2: 84, 2->3: 72, 3->4: 64
epsilon (next episode)       : 0.08042
replay buffer                : 300000 samples [1: 55.3%, 2: 30.1%, 3: 14.5%, 4: 0.0%]
DFA state visits in window   : 1: 18266, 2: 8995, 3: 6578, 4: 64
DFA state visits cumulative  : 1: 1068637, 2: 388215, 3: 190910, 4: 2009
DFA state entries in window  : 1: 100, 2: 84, 3: 72, 4: 64
DFA state entries cumulative : 1: 6300, 2: 3082, 3: 2348, 4: 2009
transitions cumulative       : 1->2: 3082, 2->3: 2348, 3->4: 2009
accepted directly from s0    : 0
Gym endings cumulative       : terminated=4190, truncated=102

[Episode 6400/8000 | last 100]
success rate                : 85.0% (cumulative 32.7%)
synthetic task reward       : 8500.000
shaping reward              : 948.674
learning reward             : 9448.674
episode length              : 293.6
abstract changes / episode  : 22.4
DFA transitions / episode   : 2.61
DFA transitions in window   : 1->2: 90, 2->3: 86, 3->4: 85
epsilon (next episode)       : 0.07727
replay buffer                : 300000 samples [1: 56.2%, 2: 29.9%, 3: 14.0%, 4: 0.0%]
DFA state visits in window   : 1: 17448, 2: 8622, 3: 3308, 4: 85
DFA state visits cumulative  : 1: 1086085, 2: 396837, 3: 194218, 4: 2094
DFA state entries in window  : 1: 100, 2: 90, 3: 86, 4: 85
DFA state entries cumulative : 1: 6400, 2: 3172, 3: 2434, 4: 2094
transitions cumulative       : 1->2: 3172, 2->3: 2434, 3->4: 2094
accepted directly from s0    : 0
Gym endings cumulative       : terminated=4204, truncated=103

[Episode 6500/8000 | last 100]
success rate                : 89.0% (cumulative 33.6%)
synthetic task reward       : 8900.000
shaping reward              : 1002.510
learning reward             : 9902.510
episode length              : 266.1
abstract changes / episode  : 21.0
DFA transitions / episode   : 2.78
DFA transitions in window   : 1->2: 96, 2->3: 93, 3->4: 89
epsilon (next episode)       : 0.07423
replay buffer                : 300000 samples [1: 55.7%, 2: 30.2%, 3: 14.1%, 4: 0.0%]
DFA state visits in window   : 1: 14036, 2: 8957, 3: 3629, 4: 89
DFA state visits cumulative  : 1: 1100121, 2: 405794, 3: 197847, 4: 2183
DFA state entries in window  : 1: 100, 2: 96, 3: 93, 4: 89
DFA state entries cumulative : 1: 6500, 2: 3268, 3: 2527, 4: 2183
transitions cumulative       : 1->2: 3268, 2->3: 2527, 3->4: 2183
accepted directly from s0    : 0
Gym endings cumulative       : terminated=4213, truncated=105
Best policy updated at episode 6500: mean learning reward=9902.510

[Episode 6600/8000 | last 100]
success rate                : 77.0% (cumulative 34.2%)
synthetic task reward       : 7700.000
shaping reward              : 816.711
learning reward             : 8516.711
episode length              : 303.5
abstract changes / episode  : 24.8
DFA transitions / episode   : 2.39
DFA transitions in window   : 1->2: 82, 2->3: 80, 3->4: 77
epsilon (next episode)       : 0.07132
replay buffer                : 300000 samples [1: 57.2%, 2: 29.0%, 3: 13.8%, 4: 0.0%]
DFA state visits in window   : 1: 20265, 2: 6723, 3: 3387, 4: 77
DFA state visits cumulative  : 1: 1120386, 2: 412517, 3: 201234, 4: 2260
DFA state entries in window  : 1: 100, 2: 82, 3: 80, 4: 77
DFA state entries cumulative : 1: 6600, 2: 3350, 3: 2607, 4: 2260
transitions cumulative       : 1->2: 3350, 2->3: 2607, 3->4: 2260
accepted directly from s0    : 0
Gym endings cumulative       : terminated=4236, truncated=105

[Episode 6700/8000 | last 100]
success rate                : 74.0% (cumulative 34.8%)
synthetic task reward       : 7400.000
shaping reward              : 774.078
learning reward             : 8174.078
episode length              : 314.6
abstract changes / episode  : 23.7
DFA transitions / episode   : 2.31
DFA transitions in window   : 1->2: 81, 2->3: 76, 3->4: 74
epsilon (next episode)       : 0.06853
replay buffer                : 300000 samples [1: 58.7%, 2: 28.3%, 3: 13.0%, 4: 0.0%]
DFA state visits in window   : 1: 19170, 2: 9295, 3: 3023, 4: 74
DFA state visits cumulative  : 1: 1139556, 2: 421812, 3: 204257, 4: 2334
DFA state entries in window  : 1: 100, 2: 81, 3: 76, 4: 74
DFA state entries cumulative : 1: 6700, 2: 3431, 3: 2683, 4: 2334
transitions cumulative       : 1->2: 3431, 2->3: 2683, 3->4: 2334
accepted directly from s0    : 0
Gym endings cumulative       : terminated=4262, truncated=105

[Episode 6800/8000 | last 100]
success rate                : 67.0% (cumulative 35.3%)
synthetic task reward       : 6700.000
shaping reward              : 719.608
learning reward             : 7419.608
episode length              : 299.1
abstract changes / episode  : 23.1
DFA transitions / episode   : 2.15
DFA transitions in window   : 1->2: 78, 2->3: 70, 3->4: 67
epsilon (next episode)       : 0.06584
replay buffer                : 300000 samples [1: 59.6%, 2: 27.8%, 3: 12.6%, 4: 0.0%]
DFA state visits in window   : 1: 19641, 2: 7433, 3: 2870, 4: 67
DFA state visits cumulative  : 1: 1159197, 2: 429245, 3: 207127, 4: 2401
DFA state entries in window  : 1: 100, 2: 78, 3: 70, 4: 67
DFA state entries cumulative : 1: 6800, 2: 3509, 3: 2753, 4: 2401
transitions cumulative       : 1->2: 3509, 2->3: 2753, 3->4: 2401
accepted directly from s0    : 0
Gym endings cumulative       : terminated=4295, truncated=105

[Episode 6900/8000 | last 100]
success rate                : 71.0% (cumulative 35.8%)
synthetic task reward       : 7100.000
shaping reward              : 756.944
learning reward             : 7856.944
episode length              : 293.3
abstract changes / episode  : 23.4
DFA transitions / episode   : 2.24
DFA transitions in window   : 1->2: 79, 2->3: 74, 3->4: 71
epsilon (next episode)       : 0.06326
replay buffer                : 300000 samples [1: 60.4%, 2: 27.2%, 3: 12.4%, 4: 0.0%]
DFA state visits in window   : 1: 19770, 2: 6453, 3: 3132, 4: 71
DFA state visits cumulative  : 1: 1178967, 2: 435698, 3: 210259, 4: 2472
DFA state entries in window  : 1: 100, 2: 79, 3: 74, 4: 71
DFA state entries cumulative : 1: 6900, 2: 3588, 3: 2827, 4: 2472
transitions cumulative       : 1->2: 3588, 2->3: 2827, 3->4: 2472
accepted directly from s0    : 0
Gym endings cumulative       : terminated=4324, truncated=105

[Episode 7000/8000 | last 100]
success rate                : 85.0% (cumulative 36.5%)
synthetic task reward       : 8500.000
shaping reward              : 960.742
learning reward             : 9460.742
episode length              : 303.2
abstract changes / episode  : 24.4
DFA transitions / episode   : 2.73
DFA transitions in window   : 1->2: 97, 2->3: 91, 3->4: 85
epsilon (next episode)       : 0.06078
replay buffer                : 300000 samples [1: 59.1%, 2: 28.3%, 3: 12.7%, 4: 0.0%]
DFA state visits in window   : 1: 15582, 2: 10704, 3: 4053, 4: 85
DFA state visits cumulative  : 1: 1194549, 2: 446402, 3: 214312, 4: 2557
DFA state entries in window  : 1: 100, 2: 97, 3: 91, 4: 85
DFA state entries cumulative : 1: 7000, 2: 3685, 3: 2918, 4: 2557
transitions cumulative       : 1->2: 3685, 2->3: 2918, 3->4: 2557
accepted directly from s0    : 0
Gym endings cumulative       : terminated=4338, truncated=106

[Episode 7100/8000 | last 100]
success rate                : 94.0% (cumulative 37.3%)
synthetic task reward       : 9400.000
shaping reward              : 1043.960
learning reward             : 10443.960
episode length              : 268.9
abstract changes / episode  : 21.4
DFA transitions / episode   : 2.91
DFA transitions in window   : 1->2: 99, 2->3: 98, 3->4: 94
epsilon (next episode)       : 0.05839
replay buffer                : 300000 samples [1: 58.8%, 2: 28.5%, 3: 12.7%, 4: 0.0%]
DFA state visits in window   : 1: 14273, 2: 8772, 3: 3851, 4: 94
DFA state visits cumulative  : 1: 1208822, 2: 455174, 3: 218163, 4: 2651
DFA state entries in window  : 1: 100, 2: 99, 3: 98, 4: 94
DFA state entries cumulative : 1: 7100, 2: 3784, 3: 3016, 4: 2651
transitions cumulative       : 1->2: 3784, 2->3: 3016, 3->4: 2651
accepted directly from s0    : 0
Gym endings cumulative       : terminated=4343, truncated=107
Best policy updated at episode 7100: mean learning reward=10443.960

[Episode 7200/8000 | last 100]
success rate                : 85.0% (cumulative 38.0%)
synthetic task reward       : 8500.000
shaping reward              : 948.024
learning reward             : 9448.024
episode length              : 264.7
abstract changes / episode  : 21.2
DFA transitions / episode   : 2.71
DFA transitions in window   : 1->2: 94, 2->3: 92, 3->4: 85
epsilon (next episode)       : 0.05610
replay buffer                : 300000 samples [1: 59.0%, 2: 28.3%, 3: 12.7%, 4: 0.0%]
DFA state visits in window   : 1: 15316, 2: 7389, 3: 3781, 4: 85
DFA state visits cumulative  : 1: 1224138, 2: 462563, 3: 221944, 4: 2736
DFA state entries in window  : 1: 100, 2: 94, 3: 92, 4: 85
DFA state entries cumulative : 1: 7200, 2: 3878, 3: 3108, 4: 2736
transitions cumulative       : 1->2: 3878, 2->3: 3108, 3->4: 2736
accepted directly from s0    : 0
Gym endings cumulative       : terminated=4357, truncated=108

[Episode 7300/8000 | last 100]
success rate                : 80.0% (cumulative 38.6%)
synthetic task reward       : 8000.000
shaping reward              : 923.862
learning reward             : 8923.862
episode length              : 284.5
abstract changes / episode  : 22.9
DFA transitions / episode   : 2.57
DFA transitions in window   : 1->2: 91, 2->3: 86, 3->4: 80
epsilon (next episode)       : 0.05390
replay buffer                : 300000 samples [1: 59.4%, 2: 28.8%, 3: 11.8%, 4: 0.0%]
DFA state visits in window   : 1: 16613, 2: 8650, 3: 3205, 4: 80
DFA state visits cumulative  : 1: 1240751, 2: 471213, 3: 225149, 4: 2816
DFA state entries in window  : 1: 100, 2: 91, 3: 86, 4: 80
DFA state entries cumulative : 1: 7300, 2: 3969, 3: 3194, 4: 2816
transitions cumulative       : 1->2: 3969, 2->3: 3194, 3->4: 2816
accepted directly from s0    : 0
Gym endings cumulative       : terminated=4375, truncated=110

[Episode 7400/8000 | last 100]
success rate                : 77.0% (cumulative 39.1%)
synthetic task reward       : 7700.000
shaping reward              : 864.890
learning reward             : 8564.890
episode length              : 309.8
abstract changes / episode  : 24.4
DFA transitions / episode   : 2.48
DFA transitions in window   : 1->2: 87, 2->3: 84, 3->4: 77
epsilon (next episode)       : 0.05179
replay buffer                : 300000 samples [1: 59.7%, 2: 28.3%, 3: 12.0%, 4: 0.0%]
DFA state visits in window   : 1: 18771, 2: 8182, 3: 4050, 4: 77
DFA state visits cumulative  : 1: 1259522, 2: 479395, 3: 229199, 4: 2893
DFA state entries in window  : 1: 100, 2: 87, 3: 84, 4: 77
DFA state entries cumulative : 1: 7400, 2: 4056, 3: 3278, 4: 2893
transitions cumulative       : 1->2: 4056, 2->3: 3278, 3->4: 2893
accepted directly from s0    : 0
Gym endings cumulative       : terminated=4397, truncated=111

[Episode 7500/8000 | last 100]
success rate                : 80.0% (cumulative 39.6%)
synthetic task reward       : 8000.000
shaping reward              : 869.590
learning reward             : 8869.590
episode length              : 279.9
abstract changes / episode  : 22.0
DFA transitions / episode   : 2.53
DFA transitions in window   : 1->2: 88, 2->3: 85, 3->4: 80
epsilon (next episode)       : 0.04976
replay buffer                : 300000 samples [1: 60.3%, 2: 27.7%, 3: 12.0%, 4: 0.0%]
DFA state visits in window   : 1: 17158, 2: 7386, 3: 3470, 4: 80
DFA state visits cumulative  : 1: 1276680, 2: 486781, 3: 232669, 4: 2973
DFA state entries in window  : 1: 100, 2: 88, 3: 85, 4: 80
DFA state entries cumulative : 1: 7500, 2: 4144, 3: 3363, 4: 2973
transitions cumulative       : 1->2: 4144, 2->3: 3363, 3->4: 2973
accepted directly from s0    : 0
Gym endings cumulative       : terminated=4417, truncated=111

[Episode 7600/8000 | last 100]
success rate                : 83.0% (cumulative 40.2%)
synthetic task reward       : 8300.000
shaping reward              : 896.071
learning reward             : 9196.071
episode length              : 284.3
abstract changes / episode  : 21.1
DFA transitions / episode   : 2.55
DFA transitions in window   : 1->2: 87, 2->3: 85, 3->4: 83
epsilon (next episode)       : 0.04781
replay buffer                : 300000 samples [1: 60.7%, 2: 27.4%, 3: 11.9%, 4: 0.0%]
DFA state visits in window   : 1: 18895, 2: 6086, 3: 3462, 4: 83
DFA state visits cumulative  : 1: 1295575, 2: 492867, 3: 236131, 4: 3056
DFA state entries in window  : 1: 100, 2: 87, 3: 85, 4: 83
DFA state entries cumulative : 1: 7600, 2: 4231, 3: 3448, 4: 3056
transitions cumulative       : 1->2: 4231, 2->3: 3448, 3->4: 3056
accepted directly from s0    : 0
Gym endings cumulative       : terminated=4434, truncated=111

[Episode 7700/8000 | last 100]
success rate                : 81.0% (cumulative 40.7%)
synthetic task reward       : 8100.000
shaping reward              : 892.138
learning reward             : 8992.138
episode length              : 285.3
abstract changes / episode  : 22.8
DFA transitions / episode   : 2.57
DFA transitions in window   : 1->2: 91, 2->3: 85, 3->4: 81
epsilon (next episode)       : 0.04593
replay buffer                : 300000 samples [1: 59.6%, 2: 28.2%, 3: 12.2%, 4: 0.0%]
DFA state visits in window   : 1: 16387, 2: 9015, 3: 3147, 4: 81
DFA state visits cumulative  : 1: 1311962, 2: 501882, 3: 239278, 4: 3137
DFA state entries in window  : 1: 100, 2: 91, 3: 85, 4: 81
DFA state entries cumulative : 1: 7700, 2: 4322, 3: 3533, 4: 3137
transitions cumulative       : 1->2: 4322, 2->3: 3533, 3->4: 3137
accepted directly from s0    : 0
Gym endings cumulative       : terminated=4452, truncated=112

[Episode 7800/8000 | last 100]
success rate                : 74.0% (cumulative 41.2%)
synthetic task reward       : 7400.000
shaping reward              : 834.068
learning reward             : 8234.068
episode length              : 309.5
abstract changes / episode  : 24.4
DFA transitions / episode   : 2.31
DFA transitions in window   : 1->2: 81, 2->3: 76, 3->4: 74
epsilon (next episode)       : 0.04413
replay buffer                : 300000 samples [1: 60.4%, 2: 27.4%, 3: 12.2%, 4: 0.0%]
DFA state visits in window   : 1: 20786, 2: 6956, 3: 3234, 4: 74
DFA state visits cumulative  : 1: 1332748, 2: 508838, 3: 242512, 4: 3211
DFA state entries in window  : 1: 100, 2: 81, 3: 76, 4: 74
DFA state entries cumulative : 1: 7800, 2: 4403, 3: 3609, 4: 3211
transitions cumulative       : 1->2: 4403, 2->3: 3609, 3->4: 3211
accepted directly from s0    : 0
Gym endings cumulative       : terminated=4477, truncated=113

[Episode 7900/8000 | last 100]
success rate                : 84.0% (cumulative 41.7%)
synthetic task reward       : 8400.000
shaping reward              : 929.219
learning reward             : 9329.219
episode length              : 338.9
abstract changes / episode  : 26.4
DFA transitions / episode   : 2.61
DFA transitions in window   : 1->2: 90, 2->3: 87, 3->4: 84
epsilon (next episode)       : 0.04240
replay buffer                : 300000 samples [1: 60.6%, 2: 27.2%, 3: 12.2%, 4: 0.0%]
DFA state visits in window   : 1: 23669, 2: 7079, 3: 3163, 4: 84
DFA state visits cumulative  : 1: 1356417, 2: 515917, 3: 245675, 4: 3295
DFA state entries in window  : 1: 100, 2: 90, 3: 87, 4: 84
DFA state entries cumulative : 1: 7900, 2: 4493, 3: 3696, 4: 3295
transitions cumulative       : 1->2: 4493, 2->3: 3696, 3->4: 3295
accepted directly from s0    : 0
Gym endings cumulative       : terminated=4490, truncated=116

[Episode 8000/8000 | last 100]
success rate                : 81.0% (cumulative 42.2%)
synthetic task reward       : 8100.000
shaping reward              : 906.791
learning reward             : 9006.791
episode length              : 331.7
abstract changes / episode  : 25.8
DFA transitions / episode   : 2.53
DFA transitions in window   : 1->2: 87, 2->3: 85, 3->4: 81
epsilon (next episode)       : 0.04074
replay buffer                : 300000 samples [1: 62.4%, 2: 26.1%, 3: 11.5%, 4: 0.0%]
DFA state visits in window   : 1: 23397, 2: 6779, 3: 3017, 4: 81
DFA state visits cumulative  : 1: 1379814, 2: 522696, 3: 248692, 4: 3376
DFA state entries in window  : 1: 100, 2: 87, 3: 85, 4: 81
DFA state entries cumulative : 1: 8000, 2: 4580, 3: 3781, 4: 3376
transitions cumulative       : 1->2: 4580, 2->3: 3781, 3->4: 3376
accepted directly from s0    : 0
Gym endings cumulative       : terminated=4509, truncated=116
Last policy saved after episode 8000. Best policy: episode 7100, mean learning reward=10443.960
