
=== NEW RUN ===
episodes=8000, shaping=True, K=1.0, goal_reward=10000.0, gamma=0.99
training_shaping_gamma=False, shaping_formula=K*(Phi(next)-Phi(state))
inter_level_shaping=False, inter_level_K=0.0
formula=F(wp1 & X(F(wp2 & X(F(g1)))))
waypoints={'wp1': (1, 8), 'wp2': (5, 6), 'g1': (8, 8)}
dfa_states=[1, 2, 3, 4], pre_trace=1, accepting=[4]

[Episode 1/8000 | last 1]
success rate                : 0.0% (cumulative 0.0%)
synthetic task reward       : 0.000
shaping reward              : -349.271
learning reward             : -349.271
episode length              : 123.0
abstract changes / episode  : 14.0
DFA transitions / episode   : 0.00
DFA transitions in window   : none
epsilon (next episode)       : 0.99960
replay buffer                : 123 samples [1: 100.0%, 2: 0.0%, 3: 0.0%, 4: 0.0%]
DFA state visits in window   : 1: 124, 2: 0, 3: 0, 4: 0
DFA state visits cumulative  : 1: 124, 2: 0, 3: 0, 4: 0
DFA state entries in window  : 1: 1, 2: 0, 3: 0, 4: 0
DFA state entries cumulative : 1: 1, 2: 0, 3: 0, 4: 0
transitions cumulative       : none
accepted directly from s0    : 0
Gym endings cumulative       : terminated=1, truncated=0
Best policy updated at episode 1: mean learning reward=-349.271

[Episode 100/8000 | last 100]
success rate                : 0.0% (cumulative 0.0%)
synthetic task reward       : 0.000
shaping reward              : -313.840
learning reward             : -313.840
episode length              : 91.5
abstract changes / episode  : 12.8
DFA transitions / episode   : 0.02
DFA transitions in window   : 1->2: 2
epsilon (next episode)       : 0.96078
replay buffer                : 9148 samples [1: 99.6%, 2: 0.4%, 3: 0.0%, 4: 0.0%]
DFA state visits in window   : 1: 9209, 2: 39, 3: 0, 4: 0
DFA state visits cumulative  : 1: 9209, 2: 39, 3: 0, 4: 0
DFA state entries in window  : 1: 100, 2: 2, 3: 0, 4: 0
DFA state entries cumulative : 1: 100, 2: 2, 3: 0, 4: 0
transitions cumulative       : 1->2: 2
accepted directly from s0    : 0
Gym endings cumulative       : terminated=100, truncated=0
Best policy updated at episode 100: mean learning reward=-313.840

[Episode 200/8000 | last 100]
success rate                : 0.0% (cumulative 0.0%)
synthetic task reward       : 0.000
shaping reward              : -286.641
learning reward             : -286.641
episode length              : 102.6
abstract changes / episode  : 12.8
DFA transitions / episode   : 0.02
DFA transitions in window   : 1->2: 2
epsilon (next episode)       : 0.92310
replay buffer                : 19408 samples [1: 99.6%, 2: 0.4%, 3: 0.0%, 4: 0.0%]
DFA state visits in window   : 1: 10316, 2: 44, 3: 0, 4: 0
DFA state visits cumulative  : 1: 19525, 2: 83, 3: 0, 4: 0
DFA state entries in window  : 1: 100, 2: 2, 3: 0, 4: 0
DFA state entries cumulative : 1: 200, 2: 4, 3: 0, 4: 0
transitions cumulative       : 1->2: 4
accepted directly from s0    : 0
Gym endings cumulative       : terminated=199, truncated=1
Best policy updated at episode 200: mean learning reward=-286.641

[Episode 300/8000 | last 100]
success rate                : 0.0% (cumulative 0.0%)
synthetic task reward       : 0.000
shaping reward              : -271.100
learning reward             : -271.100
episode length              : 99.2
abstract changes / episode  : 12.8
DFA transitions / episode   : 0.04
DFA transitions in window   : 1->2: 4
epsilon (next episode)       : 0.88690
replay buffer                : 29325 samples [1: 99.4%, 2: 0.6%, 3: 0.0%, 4: 0.0%]
DFA state visits in window   : 1: 9924, 2: 93, 3: 0, 4: 0
DFA state visits cumulative  : 1: 29449, 2: 176, 3: 0, 4: 0
DFA state entries in window  : 1: 100, 2: 4, 3: 0, 4: 0
DFA state entries cumulative : 1: 300, 2: 8, 3: 0, 4: 0
transitions cumulative       : 1->2: 8
accepted directly from s0    : 0
Gym endings cumulative       : terminated=299, truncated=1
Best policy updated at episode 300: mean learning reward=-271.100

[Episode 400/8000 | last 100]
success rate                : 0.0% (cumulative 0.0%)
synthetic task reward       : 0.000
shaping reward              : -239.127
learning reward             : -239.127
episode length              : 99.1
abstract changes / episode  : 12.7
DFA transitions / episode   : 0.08
DFA transitions in window   : 1->2: 8
epsilon (next episode)       : 0.85212
replay buffer                : 39236 samples [1: 99.1%, 2: 0.9%, 3: 0.0%, 4: 0.0%]
DFA state visits in window   : 1: 9811, 2: 200, 3: 0, 4: 0
DFA state visits cumulative  : 1: 39260, 2: 376, 3: 0, 4: 0
DFA state entries in window  : 1: 100, 2: 8, 3: 0, 4: 0
DFA state entries cumulative : 1: 400, 2: 16, 3: 0, 4: 0
transitions cumulative       : 1->2: 16
accepted directly from s0    : 0
Gym endings cumulative       : terminated=399, truncated=1
Best policy updated at episode 400: mean learning reward=-239.127

[Episode 500/8000 | last 100]
success rate                : 0.0% (cumulative 0.0%)
synthetic task reward       : 0.000
shaping reward              : -241.980
learning reward             : -241.980
episode length              : 100.1
abstract changes / episode  : 12.8
DFA transitions / episode   : 0.05
DFA transitions in window   : 1->2: 5
epsilon (next episode)       : 0.81870
replay buffer                : 49248 samples [1: 99.1%, 2: 0.9%, 3: 0.0%, 4: 0.0%]
DFA state visits in window   : 1: 10001, 2: 111, 3: 0, 4: 0
DFA state visits cumulative  : 1: 49261, 2: 487, 3: 0, 4: 0
DFA state entries in window  : 1: 100, 2: 5, 3: 0, 4: 0
DFA state entries cumulative : 1: 500, 2: 21, 3: 0, 4: 0
transitions cumulative       : 1->2: 21
accepted directly from s0    : 0
Gym endings cumulative       : terminated=499, truncated=1

[Episode 600/8000 | last 100]
success rate                : 0.0% (cumulative 0.0%)
synthetic task reward       : 0.000
shaping reward              : -238.525
learning reward             : -238.525
episode length              : 112.9
abstract changes / episode  : 12.8
DFA transitions / episode   : 0.07
DFA transitions in window   : 1->2: 7
epsilon (next episode)       : 0.78659
replay buffer                : 60535 samples [1: 98.9%, 2: 1.1%, 3: 0.0%, 4: 0.0%]
DFA state visits in window   : 1: 11188, 2: 199, 3: 0, 4: 0
DFA state visits cumulative  : 1: 60449, 2: 686, 3: 0, 4: 0
DFA state entries in window  : 1: 100, 2: 7, 3: 0, 4: 0
DFA state entries cumulative : 1: 600, 2: 28, 3: 0, 4: 0
transitions cumulative       : 1->2: 28
accepted directly from s0    : 0
Gym endings cumulative       : terminated=598, truncated=2
Best policy updated at episode 600: mean learning reward=-238.525

[Episode 700/8000 | last 100]
success rate                : 0.0% (cumulative 0.0%)
synthetic task reward       : 0.000
shaping reward              : -221.641
learning reward             : -221.641
episode length              : 108.9
abstract changes / episode  : 12.8
DFA transitions / episode   : 0.07
DFA transitions in window   : 1->2: 7
epsilon (next episode)       : 0.75574
replay buffer                : 71428 samples [1: 98.9%, 2: 1.1%, 3: 0.0%, 4: 0.0%]
DFA state visits in window   : 1: 10844, 2: 149, 3: 0, 4: 0
DFA state visits cumulative  : 1: 71293, 2: 835, 3: 0, 4: 0
DFA state entries in window  : 1: 100, 2: 7, 3: 0, 4: 0
DFA state entries cumulative : 1: 700, 2: 35, 3: 0, 4: 0
transitions cumulative       : 1->2: 35
accepted directly from s0    : 0
Gym endings cumulative       : terminated=698, truncated=2
Best policy updated at episode 700: mean learning reward=-221.641

[Episode 800/8000 | last 100]
success rate                : 0.0% (cumulative 0.0%)
synthetic task reward       : 0.000
shaping reward              : -244.694
learning reward             : -244.694
episode length              : 109.4
abstract changes / episode  : 13.1
DFA transitions / episode   : 0.06
DFA transitions in window   : 1->2: 6
epsilon (next episode)       : 0.72610
replay buffer                : 82369 samples [1: 98.8%, 2: 1.2%, 3: 0.0%, 4: 0.0%]
DFA state visits in window   : 1: 10851, 2: 190, 3: 0, 4: 0
DFA state visits cumulative  : 1: 82144, 2: 1025, 3: 0, 4: 0
DFA state entries in window  : 1: 100, 2: 6, 3: 0, 4: 0
DFA state entries cumulative : 1: 800, 2: 41, 3: 0, 4: 0
transitions cumulative       : 1->2: 41
accepted directly from s0    : 0
Gym endings cumulative       : terminated=798, truncated=2

[Episode 900/8000 | last 100]
success rate                : 0.0% (cumulative 0.0%)
synthetic task reward       : 0.000
shaping reward              : -281.650
learning reward             : -281.650
episode length              : 106.0
abstract changes / episode  : 13.1
DFA transitions / episode   : 0.00
DFA transitions in window   : none
epsilon (next episode)       : 0.69763
replay buffer                : 92968 samples [1: 98.9%, 2: 1.1%, 3: 0.0%, 4: 0.0%]
DFA state visits in window   : 1: 10699, 2: 0, 3: 0, 4: 0
DFA state visits cumulative  : 1: 92843, 2: 1025, 3: 0, 4: 0
DFA state entries in window  : 1: 100, 2: 0, 3: 0, 4: 0
DFA state entries cumulative : 1: 900, 2: 41, 3: 0, 4: 0
transitions cumulative       : 1->2: 41
accepted directly from s0    : 0
Gym endings cumulative       : terminated=898, truncated=2

[Episode 1000/8000 | last 100]
success rate                : 0.0% (cumulative 0.0%)
synthetic task reward       : 0.000
shaping reward              : -286.073
learning reward             : -286.073
episode length              : 110.9
abstract changes / episode  : 13.3
DFA transitions / episode   : 0.02
DFA transitions in window   : 1->2: 2
epsilon (next episode)       : 0.67027
replay buffer                : 104056 samples [1: 99.0%, 2: 1.0%, 3: 0.0%, 4: 0.0%]
DFA state visits in window   : 1: 11115, 2: 73, 3: 0, 4: 0
DFA state visits cumulative  : 1: 103958, 2: 1098, 3: 0, 4: 0
DFA state entries in window  : 1: 100, 2: 2, 3: 0, 4: 0
DFA state entries cumulative : 1: 1000, 2: 43, 3: 0, 4: 0
transitions cumulative       : 1->2: 43
accepted directly from s0    : 0
Gym endings cumulative       : terminated=998, truncated=2

[Episode 1100/8000 | last 100]
success rate                : 0.0% (cumulative 0.0%)
synthetic task reward       : 0.000
shaping reward              : -297.520
learning reward             : -297.520
episode length              : 118.5
abstract changes / episode  : 13.3
DFA transitions / episode   : 0.00
DFA transitions in window   : none
epsilon (next episode)       : 0.64398
replay buffer                : 115906 samples [1: 99.1%, 2: 0.9%, 3: 0.0%, 4: 0.0%]
DFA state visits in window   : 1: 11950, 2: 0, 3: 0, 4: 0
DFA state visits cumulative  : 1: 115908, 2: 1098, 3: 0, 4: 0
DFA state entries in window  : 1: 100, 2: 0, 3: 0, 4: 0
DFA state entries cumulative : 1: 1100, 2: 43, 3: 0, 4: 0
transitions cumulative       : 1->2: 43
accepted directly from s0    : 0
Gym endings cumulative       : terminated=1098, truncated=2

[Episode 1200/8000 | last 100]
success rate                : 0.0% (cumulative 0.0%)
synthetic task reward       : 0.000
shaping reward              : -286.909
learning reward             : -286.909
episode length              : 116.0
abstract changes / episode  : 13.0
DFA transitions / episode   : 0.00
DFA transitions in window   : none
epsilon (next episode)       : 0.61872
replay buffer                : 127509 samples [1: 99.2%, 2: 0.8%, 3: 0.0%, 4: 0.0%]
DFA state visits in window   : 1: 11703, 2: 0, 3: 0, 4: 0
DFA state visits cumulative  : 1: 127611, 2: 1098, 3: 0, 4: 0
DFA state entries in window  : 1: 100, 2: 0, 3: 0, 4: 0
DFA state entries cumulative : 1: 1200, 2: 43, 3: 0, 4: 0
transitions cumulative       : 1->2: 43
accepted directly from s0    : 0
Gym endings cumulative       : terminated=1198, truncated=2

[Episode 1300/8000 | last 100]
success rate                : 0.0% (cumulative 0.0%)
synthetic task reward       : 0.000
shaping reward              : -283.343
learning reward             : -283.343
episode length              : 109.3
abstract changes / episode  : 12.8
DFA transitions / episode   : 0.01
DFA transitions in window   : 1->2: 1
epsilon (next episode)       : 0.59446
replay buffer                : 138439 samples [1: 99.2%, 2: 0.8%, 3: 0.0%, 4: 0.0%]
DFA state visits in window   : 1: 11002, 2: 28, 3: 0, 4: 0
DFA state visits cumulative  : 1: 138613, 2: 1126, 3: 0, 4: 0
DFA state entries in window  : 1: 100, 2: 1, 3: 0, 4: 0
DFA state entries cumulative : 1: 1300, 2: 44, 3: 0, 4: 0
transitions cumulative       : 1->2: 44
accepted directly from s0    : 0
Gym endings cumulative       : terminated=1298, truncated=2

[Episode 1400/8000 | last 100]
success rate                : 0.0% (cumulative 0.0%)
synthetic task reward       : 0.000
shaping reward              : -294.966
learning reward             : -294.966
episode length              : 117.4
abstract changes / episode  : 13.1
DFA transitions / episode   : 0.00
DFA transitions in window   : none
epsilon (next episode)       : 0.57115
replay buffer                : 150177 samples [1: 99.3%, 2: 0.7%, 3: 0.0%, 4: 0.0%]
DFA state visits in window   : 1: 11838, 2: 0, 3: 0, 4: 0
DFA state visits cumulative  : 1: 150451, 2: 1126, 3: 0, 4: 0
DFA state entries in window  : 1: 100, 2: 0, 3: 0, 4: 0
DFA state entries cumulative : 1: 1400, 2: 44, 3: 0, 4: 0
transitions cumulative       : 1->2: 44
accepted directly from s0    : 0
Gym endings cumulative       : terminated=1398, truncated=2

[Episode 1500/8000 | last 100]
success rate                : 0.0% (cumulative 0.0%)
synthetic task reward       : 0.000
shaping reward              : -313.369
learning reward             : -313.369
episode length              : 117.5
abstract changes / episode  : 13.0
DFA transitions / episode   : 0.00
DFA transitions in window   : none
epsilon (next episode)       : 0.54875
replay buffer                : 161922 samples [1: 99.3%, 2: 0.7%, 3: 0.0%, 4: 0.0%]
DFA state visits in window   : 1: 11845, 2: 0, 3: 0, 4: 0
DFA state visits cumulative  : 1: 162296, 2: 1126, 3: 0, 4: 0
DFA state entries in window  : 1: 100, 2: 0, 3: 0, 4: 0
DFA state entries cumulative : 1: 1500, 2: 44, 3: 0, 4: 0
transitions cumulative       : 1->2: 44
accepted directly from s0    : 0
Gym endings cumulative       : terminated=1498, truncated=2

[Episode 1600/8000 | last 100]
success rate                : 0.0% (cumulative 0.0%)
synthetic task reward       : 0.000
shaping reward              : -297.892
learning reward             : -297.892
episode length              : 166.2
abstract changes / episode  : 13.8
DFA transitions / episode   : 0.02
DFA transitions in window   : 1->2: 2
epsilon (next episode)       : 0.52722
replay buffer                : 178547 samples [1: 99.3%, 2: 0.7%, 3: 0.0%, 4: 0.0%]
DFA state visits in window   : 1: 16519, 2: 206, 3: 0, 4: 0
DFA state visits cumulative  : 1: 178815, 2: 1332, 3: 0, 4: 0
DFA state entries in window  : 1: 100, 2: 2, 3: 0, 4: 0
DFA state entries cumulative : 1: 1600, 2: 46, 3: 0, 4: 0
transitions cumulative       : 1->2: 46
accepted directly from s0    : 0
Gym endings cumulative       : terminated=1595, truncated=5

[Episode 1700/8000 | last 100]
success rate                : 0.0% (cumulative 0.0%)
synthetic task reward       : 0.000
shaping reward              : -319.443
learning reward             : -319.443
episode length              : 141.6
abstract changes / episode  : 13.2
DFA transitions / episode   : 0.00
DFA transitions in window   : none
epsilon (next episode)       : 0.50655
replay buffer                : 192709 samples [1: 99.3%, 2: 0.7%, 3: 0.0%, 4: 0.0%]
DFA state visits in window   : 1: 14262, 2: 0, 3: 0, 4: 0
DFA state visits cumulative  : 1: 193077, 2: 1332, 3: 0, 4: 0
DFA state entries in window  : 1: 100, 2: 0, 3: 0, 4: 0
DFA state entries cumulative : 1: 1700, 2: 46, 3: 0, 4: 0
transitions cumulative       : 1->2: 46
accepted directly from s0    : 0
Gym endings cumulative       : terminated=1693, truncated=7

[Episode 1800/8000 | last 100]
success rate                : 0.0% (cumulative 0.0%)
synthetic task reward       : 0.000
shaping reward              : -217.788
learning reward             : -217.788
episode length              : 170.3
abstract changes / episode  : 12.9
DFA transitions / episode   : 0.07
DFA transitions in window   : 1->2: 7
epsilon (next episode)       : 0.48668
replay buffer                : 209740 samples [1: 99.3%, 2: 0.7%, 3: 0.0%, 4: 0.0%]
DFA state visits in window   : 1: 16865, 2: 266, 3: 0, 4: 0
DFA state visits cumulative  : 1: 209942, 2: 1598, 3: 0, 4: 0
DFA state entries in window  : 1: 100, 2: 7, 3: 0, 4: 0
DFA state entries cumulative : 1: 1800, 2: 53, 3: 0, 4: 0
transitions cumulative       : 1->2: 53
accepted directly from s0    : 0
Gym endings cumulative       : terminated=1788, truncated=12
Best policy updated at episode 1800: mean learning reward=-217.788

[Episode 1900/8000 | last 100]
success rate                : 0.0% (cumulative 0.0%)
synthetic task reward       : 0.000
shaping reward              : -190.387
learning reward             : -190.387
episode length              : 163.2
abstract changes / episode  : 12.5
DFA transitions / episode   : 0.09
DFA transitions in window   : 1->2: 9
epsilon (next episode)       : 0.46760
replay buffer                : 226062 samples [1: 99.2%, 2: 0.8%, 3: 0.0%, 4: 0.0%]
DFA state visits in window   : 1: 16121, 2: 301, 3: 0, 4: 0
DFA state visits cumulative  : 1: 226063, 2: 1899, 3: 0, 4: 0
DFA state entries in window  : 1: 100, 2: 9, 3: 0, 4: 0
DFA state entries cumulative : 1: 1900, 2: 62, 3: 0, 4: 0
transitions cumulative       : 1->2: 62
accepted directly from s0    : 0
Gym endings cumulative       : terminated=1884, truncated=16
Best policy updated at episode 1900: mean learning reward=-190.387

[Episode 2000/8000 | last 100]
success rate                : 0.0% (cumulative 0.0%)
synthetic task reward       : 0.000
shaping reward              : -52.646
learning reward             : -52.646
episode length              : 157.7
abstract changes / episode  : 13.2
DFA transitions / episode   : 0.32
DFA transitions in window   : 1->2: 32
epsilon (next episode)       : 0.44926
replay buffer                : 241833 samples [1: 98.7%, 2: 1.3%, 3: 0.0%, 4: 0.0%]
DFA state visits in window   : 1: 14509, 2: 1362, 3: 0, 4: 0
DFA state visits cumulative  : 1: 240572, 2: 3261, 3: 0, 4: 0
DFA state entries in window  : 1: 100, 2: 32, 3: 0, 4: 0
DFA state entries cumulative : 1: 2000, 2: 94, 3: 0, 4: 0
transitions cumulative       : 1->2: 94
accepted directly from s0    : 0
Gym endings cumulative       : terminated=1983, truncated=17
Best policy updated at episode 2000: mean learning reward=-52.646

[Episode 2100/8000 | last 100]
success rate                : 0.0% (cumulative 0.0%)
synthetic task reward       : 0.000
shaping reward              : 70.311
learning reward             : 70.311
episode length              : 182.6
abstract changes / episode  : 13.6
DFA transitions / episode   : 0.44
DFA transitions in window   : 1->2: 44
epsilon (next episode)       : 0.43164
replay buffer                : 260096 samples [1: 98.0%, 2: 2.0%, 3: 0.0%, 4: 0.0%]
DFA state visits in window   : 1: 16157, 2: 2206, 3: 0, 4: 0
DFA state visits cumulative  : 1: 256729, 2: 5467, 3: 0, 4: 0
DFA state entries in window  : 1: 100, 2: 44, 3: 0, 4: 0
DFA state entries cumulative : 1: 2100, 2: 138, 3: 0, 4: 0
transitions cumulative       : 1->2: 138
accepted directly from s0    : 0
Gym endings cumulative       : terminated=2082, truncated=18
Best policy updated at episode 2100: mean learning reward=70.311

[Episode 2200/8000 | last 100]
success rate                : 0.0% (cumulative 0.0%)
synthetic task reward       : 0.000
shaping reward              : 66.984
learning reward             : 66.984
episode length              : 211.9
abstract changes / episode  : 14.3
DFA transitions / episode   : 0.25
DFA transitions in window   : 1->2: 25
epsilon (next episode)       : 0.41471
replay buffer                : 281285 samples [1: 97.5%, 2: 2.5%, 3: 0.0%, 4: 0.0%]
DFA state visits in window   : 1: 19513, 2: 1776, 3: 0, 4: 0
DFA state visits cumulative  : 1: 276242, 2: 7243, 3: 0, 4: 0
DFA state entries in window  : 1: 100, 2: 25, 3: 0, 4: 0
DFA state entries cumulative : 1: 2200, 2: 163, 3: 0, 4: 0
transitions cumulative       : 1->2: 163
accepted directly from s0    : 0
Gym endings cumulative       : terminated=2180, truncated=20

[Episode 2300/8000 | last 100]
success rate                : 0.0% (cumulative 0.0%)
synthetic task reward       : 0.000
shaping reward              : 9.933
learning reward             : 9.933
episode length              : 231.1
abstract changes / episode  : 15.8
DFA transitions / episode   : 0.20
DFA transitions in window   : 1->2: 20
epsilon (next episode)       : 0.39845
replay buffer                : 300000 samples [1: 97.1%, 2: 2.9%, 3: 0.0%, 4: 0.0%]
DFA state visits in window   : 1: 21626, 2: 1582, 3: 0, 4: 0
DFA state visits cumulative  : 1: 297868, 2: 8825, 3: 0, 4: 0
DFA state entries in window  : 1: 100, 2: 20, 3: 0, 4: 0
DFA state entries cumulative : 1: 2300, 2: 183, 3: 0, 4: 0
transitions cumulative       : 1->2: 183
accepted directly from s0    : 0
Gym endings cumulative       : terminated=2279, truncated=21

[Episode 2400/8000 | last 100]
success rate                : 0.0% (cumulative 0.0%)
synthetic task reward       : 0.000
shaping reward              : 23.193
learning reward             : 23.193
episode length              : 209.1
abstract changes / episode  : 16.4
DFA transitions / episode   : 0.18
DFA transitions in window   : 1->2: 18
epsilon (next episode)       : 0.38282
replay buffer                : 300000 samples [1: 96.5%, 2: 3.5%, 3: 0.0%, 4: 0.0%]
DFA state visits in window   : 1: 19124, 2: 1886, 3: 0, 4: 0
DFA state visits cumulative  : 1: 316992, 2: 10711, 3: 0, 4: 0
DFA state entries in window  : 1: 100, 2: 18, 3: 0, 4: 0
DFA state entries cumulative : 1: 2400, 2: 201, 3: 0, 4: 0
transitions cumulative       : 1->2: 201
accepted directly from s0    : 0
Gym endings cumulative       : terminated=2379, truncated=21

[Episode 2500/8000 | last 100]
success rate                : 1.0% (cumulative 0.0%)
synthetic task reward       : 100.000
shaping reward              : 32.558
learning reward             : 132.558
episode length              : 244.4
abstract changes / episode  : 19.1
DFA transitions / episode   : 0.36
DFA transitions in window   : 1->2: 32, 2->3: 3, 3->4: 1
epsilon (next episode)       : 0.36781
replay buffer                : 300000 samples [1: 95.3%, 2: 4.6%, 3: 0.1%, 4: 0.0%]
DFA state visits in window   : 1: 20316, 2: 3775, 3: 446, 4: 1
DFA state visits cumulative  : 1: 337308, 2: 14486, 3: 446, 4: 1
DFA state entries in window  : 1: 100, 2: 32, 3: 3, 4: 1
DFA state entries cumulative : 1: 2500, 2: 233, 3: 3, 4: 1
transitions cumulative       : 1->2: 233, 2->3: 3, 3->4: 1
accepted directly from s0    : 0
Gym endings cumulative       : terminated=2478, truncated=21
Best policy updated at episode 2500: mean learning reward=132.558

[Episode 2600/8000 | last 100]
success rate                : 0.0% (cumulative 0.0%)
synthetic task reward       : 0.000
shaping reward              : 30.846
learning reward             : 30.846
episode length              : 255.1
abstract changes / episode  : 19.4
DFA transitions / episode   : 0.29
DFA transitions in window   : 1->2: 28, 2->3: 1
epsilon (next episode)       : 0.35338
replay buffer                : 300000 samples [1: 93.9%, 2: 5.9%, 3: 0.2%, 4: 0.0%]
DFA state visits in window   : 1: 21035, 2: 4301, 3: 269, 4: 0
DFA state visits cumulative  : 1: 358343, 2: 18787, 3: 715, 4: 1
DFA state entries in window  : 1: 100, 2: 28, 3: 1, 4: 0
DFA state entries cumulative : 1: 2600, 2: 261, 3: 4, 4: 1
transitions cumulative       : 1->2: 261, 2->3: 4, 3->4: 1
accepted directly from s0    : 0
Gym endings cumulative       : terminated=2577, truncated=22

[Episode 2700/8000 | last 100]
success rate                : 1.0% (cumulative 0.1%)
synthetic task reward       : 100.000
shaping reward              : 89.924
learning reward             : 189.924
episode length              : 294.2
abstract changes / episode  : 21.5
DFA transitions / episode   : 0.44
DFA transitions in window   : 1->2: 37, 2->3: 6, 3->4: 1
epsilon (next episode)       : 0.33952
replay buffer                : 300000 samples [1: 91.1%, 2: 8.3%, 3: 0.6%, 4: 0.0%]
DFA state visits in window   : 1: 20992, 2: 7515, 3: 1011, 4: 1
DFA state visits cumulative  : 1: 379335, 2: 26302, 3: 1726, 4: 2
DFA state entries in window  : 1: 100, 2: 37, 3: 6, 4: 1
DFA state entries cumulative : 1: 2700, 2: 298, 3: 10, 4: 2
transitions cumulative       : 1->2: 298, 2->3: 10, 3->4: 2
accepted directly from s0    : 0
Gym endings cumulative       : terminated=2674, truncated=24
Best policy updated at episode 2700: mean learning reward=189.924

[Episode 2800/8000 | last 100]
success rate                : 0.0% (cumulative 0.1%)
synthetic task reward       : 0.000
shaping reward              : 114.117
learning reward             : 114.117
episode length              : 321.5
abstract changes / episode  : 22.4
DFA transitions / episode   : 0.38
DFA transitions in window   : 1->2: 32, 2->3: 6
epsilon (next episode)       : 0.32621
replay buffer                : 300000 samples [1: 87.8%, 2: 11.3%, 3: 0.8%, 4: 0.0%]
DFA state visits in window   : 1: 22379, 2: 9104, 3: 769, 4: 0
DFA state visits cumulative  : 1: 401714, 2: 35406, 3: 2495, 4: 2
DFA state entries in window  : 1: 100, 2: 32, 3: 6, 4: 0
DFA state entries cumulative : 1: 2800, 2: 330, 3: 16, 4: 2
transitions cumulative       : 1->2: 330, 2->3: 16, 3->4: 2
accepted directly from s0    : 0
Gym endings cumulative       : terminated=2767, truncated=31

[Episode 2900/8000 | last 100]
success rate                : 1.0% (cumulative 0.1%)
synthetic task reward       : 100.000
shaping reward              : 105.008
learning reward             : 205.008
episode length              : 410.2
abstract changes / episode  : 27.8
DFA transitions / episode   : 0.48
DFA transitions in window   : 1->2: 35, 2->3: 12, 3->4: 1
epsilon (next episode)       : 0.31341
replay buffer                : 300000 samples [1: 84.5%, 2: 14.2%, 3: 1.3%, 4: 0.0%]
DFA state visits in window   : 1: 30849, 2: 8737, 3: 1538, 4: 1
DFA state visits cumulative  : 1: 432563, 2: 44143, 3: 4033, 4: 3
DFA state entries in window  : 1: 100, 2: 35, 3: 12, 4: 1
DFA state entries cumulative : 1: 2900, 2: 365, 3: 28, 4: 3
transitions cumulative       : 1->2: 365, 2->3: 28, 3->4: 3
accepted directly from s0    : 0
Gym endings cumulative       : terminated=2855, truncated=42
Best policy updated at episode 2900: mean learning reward=205.008

[Episode 3000/8000 | last 100]
success rate                : 1.0% (cumulative 0.1%)
synthetic task reward       : 100.000
shaping reward              : 197.862
learning reward             : 297.862
episode length              : 488.7
abstract changes / episode  : 34.9
DFA transitions / episode   : 0.80
DFA transitions in window   : 1->2: 55, 2->3: 24, 3->4: 1
epsilon (next episode)       : 0.30112
replay buffer                : 300000 samples [1: 77.7%, 2: 18.9%, 3: 3.4%, 4: 0.0%]
DFA state visits in window   : 1: 27832, 2: 14926, 3: 6208, 4: 1
DFA state visits cumulative  : 1: 460395, 2: 59069, 3: 10241, 4: 4
DFA state entries in window  : 1: 100, 2: 55, 3: 24, 4: 1
DFA state entries cumulative : 1: 3000, 2: 420, 3: 52, 4: 4
transitions cumulative       : 1->2: 420, 2->3: 52, 3->4: 4
accepted directly from s0    : 0
Gym endings cumulative       : terminated=2939, truncated=57
Best policy updated at episode 3000: mean learning reward=297.862

[Episode 3100/8000 | last 100]
success rate                : 3.0% (cumulative 0.2%)
synthetic task reward       : 300.000
shaping reward              : 237.327
learning reward             : 537.327
episode length              : 443.6
abstract changes / episode  : 32.7
DFA transitions / episode   : 0.80
DFA transitions in window   : 1->2: 48, 2->3: 29, 3->4: 3
epsilon (next episode)       : 0.28931
replay buffer                : 300000 samples [1: 71.9%, 2: 21.8%, 3: 6.3%, 4: 0.0%]
DFA state visits in window   : 1: 22891, 2: 12853, 3: 8710, 4: 3
DFA state visits cumulative  : 1: 483286, 2: 71922, 3: 18951, 4: 7
DFA state entries in window  : 1: 100, 2: 48, 3: 29, 4: 3
DFA state entries cumulative : 1: 3100, 2: 468, 3: 81, 4: 7
transitions cumulative       : 1->2: 468, 2->3: 81, 3->4: 7
accepted directly from s0    : 0
Gym endings cumulative       : terminated=3024, truncated=69
Best policy updated at episode 3100: mean learning reward=537.327

[Episode 3200/8000 | last 100]
success rate                : 7.0% (cumulative 0.4%)
synthetic task reward       : 700.000
shaping reward              : 242.945
learning reward             : 942.945
episode length              : 437.1
abstract changes / episode  : 34.3
DFA transitions / episode   : 0.94
DFA transitions in window   : 1->2: 58, 2->3: 29, 3->4: 7
epsilon (next episode)       : 0.27797
replay buffer                : 300000 samples [1: 67.5%, 2: 24.3%, 3: 8.2%, 4: 0.0%]
DFA state visits in window   : 1: 26703, 2: 11330, 3: 5773, 4: 7
DFA state visits cumulative  : 1: 509989, 2: 83252, 3: 24724, 4: 14
DFA state entries in window  : 1: 100, 2: 58, 3: 29, 4: 7
DFA state entries cumulative : 1: 3200, 2: 526, 3: 110, 4: 14
transitions cumulative       : 1->2: 526, 2->3: 110, 3->4: 14
accepted directly from s0    : 0
Gym endings cumulative       : terminated=3107, truncated=79
Best policy updated at episode 3200: mean learning reward=942.945

[Episode 3300/8000 | last 100]
success rate                : 5.0% (cumulative 0.6%)
synthetic task reward       : 500.000
shaping reward              : 217.016
learning reward             : 717.016
episode length              : 345.9
abstract changes / episode  : 28.2
DFA transitions / episode   : 0.83
DFA transitions in window   : 1->2: 58, 2->3: 20, 3->4: 5
epsilon (next episode)       : 0.26706
replay buffer                : 300000 samples [1: 64.7%, 2: 26.4%, 3: 8.9%, 4: 0.0%]
DFA state visits in window   : 1: 21885, 2: 10422, 3: 2378, 4: 5
DFA state visits cumulative  : 1: 531874, 2: 93674, 3: 27102, 4: 19
DFA state entries in window  : 1: 100, 2: 58, 3: 20, 4: 5
DFA state entries cumulative : 1: 3300, 2: 584, 3: 130, 4: 19
transitions cumulative       : 1->2: 584, 2->3: 130, 3->4: 19
accepted directly from s0    : 0
Gym endings cumulative       : terminated=3202, truncated=79

[Episode 3400/8000 | last 100]
success rate                : 19.0% (cumulative 1.1%)
synthetic task reward       : 1900.000
shaping reward              : 452.208
learning reward             : 2352.208
episode length              : 525.0
abstract changes / episode  : 35.5
DFA transitions / episode   : 1.36
DFA transitions in window   : 1->2: 67, 2->3: 50, 3->4: 19
epsilon (next episode)       : 0.25659
replay buffer                : 300000 samples [1: 61.1%, 2: 26.4%, 3: 12.5%, 4: 0.0%]
DFA state visits in window   : 1: 28779, 2: 11484, 3: 12318, 4: 19
DFA state visits cumulative  : 1: 560653, 2: 105158, 3: 39420, 4: 38
DFA state entries in window  : 1: 100, 2: 67, 3: 50, 4: 19
DFA state entries cumulative : 1: 3400, 2: 651, 3: 180, 4: 38
transitions cumulative       : 1->2: 651, 2->3: 180, 3->4: 38
accepted directly from s0    : 0
Gym endings cumulative       : terminated=3273, truncated=89
Best policy updated at episode 3400: mean learning reward=2352.208

[Episode 3500/8000 | last 100]
success rate                : 46.0% (cumulative 2.4%)
synthetic task reward       : 4600.000
shaping reward              : 718.326
learning reward             : 5318.326
episode length              : 577.6
abstract changes / episode  : 35.5
DFA transitions / episode   : 2.00
DFA transitions in window   : 1->2: 83, 2->3: 71, 3->4: 46
epsilon (next episode)       : 0.24653
replay buffer                : 300000 samples [1: 56.2%, 2: 26.4%, 3: 17.4%, 4: 0.0%]
DFA state visits in window   : 1: 27522, 2: 14427, 3: 15864, 4: 46
DFA state visits cumulative  : 1: 588175, 2: 119585, 3: 55284, 4: 84
DFA state entries in window  : 1: 100, 2: 83, 3: 71, 4: 46
DFA state entries cumulative : 1: 3500, 2: 734, 3: 251, 4: 84
transitions cumulative       : 1->2: 734, 2->3: 251, 3->4: 84
accepted directly from s0    : 0
Gym endings cumulative       : terminated=3309, truncated=107
Best policy updated at episode 3500: mean learning reward=5318.326

[Episode 3600/8000 | last 100]
success rate                : 47.0% (cumulative 3.6%)
synthetic task reward       : 4700.000
shaping reward              : 621.420
learning reward             : 5321.420
episode length              : 534.4
abstract changes / episode  : 36.8
DFA transitions / episode   : 1.90
DFA transitions in window   : 1->2: 79, 2->3: 64, 3->4: 47
epsilon (next episode)       : 0.23686
replay buffer                : 300000 samples [1: 52.5%, 2: 25.6%, 3: 21.9%, 4: 0.0%]
DFA state visits in window   : 1: 23533, 2: 11207, 3: 18754, 4: 47
DFA state visits cumulative  : 1: 611708, 2: 130792, 3: 74038, 4: 131
DFA state entries in window  : 1: 100, 2: 79, 3: 64, 4: 47
DFA state entries cumulative : 1: 3600, 2: 813, 3: 315, 4: 131
transitions cumulative       : 1->2: 813, 2->3: 315, 3->4: 131
accepted directly from s0    : 0
Gym endings cumulative       : terminated=3354, truncated=115
Best policy updated at episode 3600: mean learning reward=5321.420

[Episode 3700/8000 | last 100]
success rate                : 46.0% (cumulative 4.8%)
synthetic task reward       : 4600.000
shaping reward              : 613.812
learning reward             : 5213.812
episode length              : 438.1
abstract changes / episode  : 32.7
DFA transitions / episode   : 1.83
DFA transitions in window   : 1->2: 81, 2->3: 56, 3->4: 46
epsilon (next episode)       : 0.22757
replay buffer                : 300000 samples [1: 52.4%, 2: 23.8%, 3: 23.8%, 4: 0.0%]
DFA state visits in window   : 1: 20156, 2: 9365, 3: 14345, 4: 46
DFA state visits cumulative  : 1: 631864, 2: 140157, 3: 88383, 4: 177
DFA state entries in window  : 1: 100, 2: 81, 3: 56, 4: 46
DFA state entries cumulative : 1: 3700, 2: 894, 3: 371, 4: 177
transitions cumulative       : 1->2: 894, 2->3: 371, 3->4: 177
accepted directly from s0    : 0
Gym endings cumulative       : terminated=3402, truncated=121

[Episode 3800/8000 | last 100]
success rate                : 61.0% (cumulative 6.3%)
synthetic task reward       : 6100.000
shaping reward              : 742.403
learning reward             : 6842.403
episode length              : 425.8
abstract changes / episode  : 31.6
DFA transitions / episode   : 2.21
DFA transitions in window   : 1->2: 88, 2->3: 72, 3->4: 61
epsilon (next episode)       : 0.21865
replay buffer                : 300000 samples [1: 49.9%, 2: 24.1%, 3: 26.0%, 4: 0.0%]
DFA state visits in window   : 1: 17997, 2: 10914, 3: 13706, 4: 61
DFA state visits cumulative  : 1: 649861, 2: 151071, 3: 102089, 4: 238
DFA state entries in window  : 1: 100, 2: 88, 3: 72, 4: 61
DFA state entries cumulative : 1: 3800, 2: 982, 3: 443, 4: 238
transitions cumulative       : 1->2: 982, 2->3: 443, 3->4: 238
accepted directly from s0    : 0
Gym endings cumulative       : terminated=3438, truncated=124
Best policy updated at episode 3800: mean learning reward=6842.403

[Episode 3900/8000 | last 100]
success rate                : 68.0% (cumulative 7.8%)
synthetic task reward       : 6800.000
shaping reward              : 804.435
learning reward             : 7604.435
episode length              : 424.7
abstract changes / episode  : 30.0
DFA transitions / episode   : 2.31
DFA transitions in window   : 1->2: 87, 2->3: 76, 3->4: 68
epsilon (next episode)       : 0.21007
replay buffer                : 300000 samples [1: 46.5%, 2: 23.9%, 3: 29.6%, 4: 0.0%]
DFA state visits in window   : 1: 17333, 2: 11797, 3: 13374, 4: 68
DFA state visits cumulative  : 1: 667194, 2: 162868, 3: 115463, 4: 306
DFA state entries in window  : 1: 100, 2: 87, 3: 76, 4: 68
DFA state entries cumulative : 1: 3900, 2: 1069, 3: 519, 4: 306
transitions cumulative       : 1->2: 1069, 2->3: 519, 3->4: 306
accepted directly from s0    : 0
Gym endings cumulative       : terminated=3467, truncated=127
Best policy updated at episode 3900: mean learning reward=7604.435

[Episode 4000/8000 | last 100]
success rate                : 71.0% (cumulative 9.4%)
synthetic task reward       : 7100.000
shaping reward              : 801.786
learning reward             : 7901.786
episode length              : 392.4
abstract changes / episode  : 29.0
DFA transitions / episode   : 2.40
DFA transitions in window   : 1->2: 89, 2->3: 80, 3->4: 71
epsilon (next episode)       : 0.20183
replay buffer                : 300000 samples [1: 45.2%, 2: 24.3%, 3: 30.5%, 4: 0.0%]
DFA state visits in window   : 1: 17414, 2: 10851, 3: 11001, 4: 71
DFA state visits cumulative  : 1: 684608, 2: 173719, 3: 126464, 4: 377
DFA state entries in window  : 1: 100, 2: 89, 3: 80, 4: 71
DFA state entries cumulative : 1: 4000, 2: 1158, 3: 599, 4: 377
transitions cumulative       : 1->2: 1158, 2->3: 599, 3->4: 377
accepted directly from s0    : 0
Gym endings cumulative       : terminated=3496, truncated=127
Best policy updated at episode 4000: mean learning reward=7901.786

[Episode 4100/8000 | last 100]
success rate                : 77.0% (cumulative 11.1%)
synthetic task reward       : 7700.000
shaping reward              : 853.667
learning reward             : 8553.667
episode length              : 356.1
abstract changes / episode  : 26.1
DFA transitions / episode   : 2.43
DFA transitions in window   : 1->2: 84, 2->3: 82, 3->4: 77
epsilon (next episode)       : 0.19392
replay buffer                : 300000 samples [1: 44.4%, 2: 24.4%, 3: 31.2%, 4: 0.0%]
DFA state visits in window   : 1: 16511, 2: 10129, 3: 8991, 4: 77
DFA state visits cumulative  : 1: 701119, 2: 183848, 3: 135455, 4: 454
DFA state entries in window  : 1: 100, 2: 84, 3: 82, 4: 77
DFA state entries cumulative : 1: 4100, 2: 1242, 3: 681, 4: 454
transitions cumulative       : 1->2: 1242, 2->3: 681, 3->4: 454
accepted directly from s0    : 0
Gym endings cumulative       : terminated=3519, truncated=127
Best policy updated at episode 4100: mean learning reward=8553.667

[Episode 4200/8000 | last 100]
success rate                : 73.0% (cumulative 12.5%)
synthetic task reward       : 7300.000
shaping reward              : 803.971
learning reward             : 8103.971
episode length              : 387.4
abstract changes / episode  : 29.0
DFA transitions / episode   : 2.33
DFA transitions in window   : 1->2: 82, 2->3: 78, 3->4: 73
epsilon (next episode)       : 0.18631
replay buffer                : 300000 samples [1: 45.2%, 2: 25.0%, 3: 29.8%, 4: 0.0%]
DFA state visits in window   : 1: 21226, 2: 9928, 3: 7617, 4: 73
DFA state visits cumulative  : 1: 722345, 2: 193776, 3: 143072, 4: 527
DFA state entries in window  : 1: 100, 2: 82, 3: 78, 4: 73
DFA state entries cumulative : 1: 4200, 2: 1324, 3: 759, 4: 527
transitions cumulative       : 1->2: 1324, 2->3: 759, 3->4: 527
accepted directly from s0    : 0
Gym endings cumulative       : terminated=3541, truncated=132

[Episode 4300/8000 | last 100]
success rate                : 88.0% (cumulative 14.3%)
synthetic task reward       : 8800.000
shaping reward              : 969.119
learning reward             : 9769.119
episode length              : 369.6
abstract changes / episode  : 27.7
DFA transitions / episode   : 2.67
DFA transitions in window   : 1->2: 90, 2->3: 89, 3->4: 88
epsilon (next episode)       : 0.17900
replay buffer                : 300000 samples [1: 45.5%, 2: 26.3%, 3: 28.2%, 4: 0.0%]
DFA state visits in window   : 1: 16596, 2: 11505, 3: 8867, 4: 88
DFA state visits cumulative  : 1: 738941, 2: 205281, 3: 151939, 4: 615
DFA state entries in window  : 1: 100, 2: 90, 3: 89, 4: 88
DFA state entries cumulative : 1: 4300, 2: 1414, 3: 848, 4: 615
transitions cumulative       : 1->2: 1414, 2->3: 848, 3->4: 615
accepted directly from s0    : 0
Gym endings cumulative       : terminated=3553, truncated=132
Best policy updated at episode 4300: mean learning reward=9769.119

[Episode 4400/8000 | last 100]
success rate                : 75.0% (cumulative 15.7%)
synthetic task reward       : 7500.000
shaping reward              : 860.416
learning reward             : 8360.416
episode length              : 341.6
abstract changes / episode  : 26.3
DFA transitions / episode   : 2.46
DFA transitions in window   : 1->2: 92, 2->3: 79, 3->4: 75
epsilon (next episode)       : 0.17198
replay buffer                : 300000 samples [1: 45.4%, 2: 27.4%, 3: 27.3%, 4: 0.0%]
DFA state visits in window   : 1: 15669, 2: 9541, 3: 8970, 4: 75
DFA state visits cumulative  : 1: 754610, 2: 214822, 3: 160909, 4: 690
DFA state entries in window  : 1: 100, 2: 92, 3: 79, 4: 75
DFA state entries cumulative : 1: 4400, 2: 1506, 3: 927, 4: 690
transitions cumulative       : 1->2: 1506, 2->3: 927, 3->4: 690
accepted directly from s0    : 0
Gym endings cumulative       : terminated=3578, truncated=132

[Episode 4500/8000 | last 100]
success rate                : 72.0% (cumulative 16.9%)
synthetic task reward       : 7200.000
shaping reward              : 816.707
learning reward             : 8016.707
episode length              : 374.9
abstract changes / episode  : 29.0
DFA transitions / episode   : 2.26
DFA transitions in window   : 1->2: 81, 2->3: 73, 3->4: 72
epsilon (next episode)       : 0.16524
replay buffer                : 300000 samples [1: 45.8%, 2: 28.5%, 3: 25.7%, 4: 0.0%]
DFA state visits in window   : 1: 17612, 2: 12814, 3: 7093, 4: 72
DFA state visits cumulative  : 1: 772222, 2: 227636, 3: 168002, 4: 762
DFA state entries in window  : 1: 100, 2: 81, 3: 73, 4: 72
DFA state entries cumulative : 1: 4500, 2: 1587, 3: 1000, 4: 762
transitions cumulative       : 1->2: 1587, 2->3: 1000, 3->4: 762
accepted directly from s0    : 0
Gym endings cumulative       : terminated=3605, truncated=133

[Episode 4600/8000 | last 100]
success rate                : 88.0% (cumulative 18.5%)
synthetic task reward       : 8800.000
shaping reward              : 969.824
learning reward             : 9769.824
episode length              : 352.7
abstract changes / episode  : 25.8
DFA transitions / episode   : 2.67
DFA transitions in window   : 1->2: 90, 2->3: 89, 3->4: 88
epsilon (next episode)       : 0.15876
replay buffer                : 300000 samples [1: 46.9%, 2: 28.8%, 3: 24.3%, 4: 0.0%]
DFA state visits in window   : 1: 18437, 2: 9880, 3: 6965, 4: 88
DFA state visits cumulative  : 1: 790659, 2: 237516, 3: 174967, 4: 850
DFA state entries in window  : 1: 100, 2: 90, 3: 89, 4: 88
DFA state entries cumulative : 1: 4600, 2: 1677, 3: 1089, 4: 850
transitions cumulative       : 1->2: 1677, 2->3: 1089, 3->4: 850
accepted directly from s0    : 0
Gym endings cumulative       : terminated=3617, truncated=133
Best policy updated at episode 4600: mean learning reward=9769.824

[Episode 4700/8000 | last 100]
success rate                : 75.0% (cumulative 19.7%)
synthetic task reward       : 7500.000
shaping reward              : 879.445
learning reward             : 8379.445
episode length              : 329.7
abstract changes / episode  : 24.8
DFA transitions / episode   : 2.31
DFA transitions in window   : 1->2: 79, 2->3: 77, 3->4: 75
epsilon (next episode)       : 0.15253
replay buffer                : 300000 samples [1: 49.1%, 2: 28.4%, 3: 22.5%, 4: 0.0%]
DFA state visits in window   : 1: 19693, 2: 7982, 3: 5324, 4: 75
DFA state visits cumulative  : 1: 810352, 2: 245498, 3: 180291, 4: 925
DFA state entries in window  : 1: 100, 2: 79, 3: 77, 4: 75
DFA state entries cumulative : 1: 4700, 2: 1756, 3: 1166, 4: 925
transitions cumulative       : 1->2: 1756, 2->3: 1166, 3->4: 925
accepted directly from s0    : 0
Gym endings cumulative       : terminated=3642, truncated=133

[Episode 4800/8000 | last 100]
success rate                : 77.0% (cumulative 20.9%)
synthetic task reward       : 7700.000
shaping reward              : 850.131
learning reward             : 8550.131
episode length              : 366.0
abstract changes / episode  : 28.1
DFA transitions / episode   : 2.38
DFA transitions in window   : 1->2: 82, 2->3: 79, 3->4: 77
epsilon (next episode)       : 0.14655
replay buffer                : 300000 samples [1: 50.7%, 2: 28.2%, 3: 21.1%, 4: 0.0%]
DFA state visits in window   : 1: 20895, 2: 9283, 3: 6441, 4: 77
DFA state visits cumulative  : 1: 831247, 2: 254781, 3: 186732, 4: 1002
DFA state entries in window  : 1: 100, 2: 82, 3: 79, 4: 77
DFA state entries cumulative : 1: 4800, 2: 1838, 3: 1245, 4: 1002
transitions cumulative       : 1->2: 1838, 2->3: 1245, 3->4: 1002
accepted directly from s0    : 0
Gym endings cumulative       : terminated=3665, truncated=133

[Episode 4900/8000 | last 100]
success rate                : 84.0% (cumulative 22.2%)
synthetic task reward       : 8400.000
shaping reward              : 932.645
learning reward             : 9332.645
episode length              : 414.2
abstract changes / episode  : 31.8
DFA transitions / episode   : 2.62
DFA transitions in window   : 1->2: 92, 2->3: 86, 3->4: 84
epsilon (next episode)       : 0.14080
replay buffer                : 300000 samples [1: 50.8%, 2: 29.0%, 3: 20.1%, 4: 0.0%]
DFA state visits in window   : 1: 20031, 2: 13980, 3: 7421, 4: 84
DFA state visits cumulative  : 1: 851278, 2: 268761, 3: 194153, 4: 1086
DFA state entries in window  : 1: 100, 2: 92, 3: 86, 4: 84
DFA state entries cumulative : 1: 4900, 2: 1930, 3: 1331, 4: 1086
transitions cumulative       : 1->2: 1930, 2->3: 1331, 3->4: 1086
accepted directly from s0    : 0
Gym endings cumulative       : terminated=3676, truncated=138

[Episode 5000/8000 | last 100]
success rate                : 89.0% (cumulative 23.5%)
synthetic task reward       : 8900.000
shaping reward              : 968.924
learning reward             : 9868.924
episode length              : 368.8
abstract changes / episode  : 27.8
DFA transitions / episode   : 2.71
DFA transitions in window   : 1->2: 92, 2->3: 90, 3->4: 89
epsilon (next episode)       : 0.13528
replay buffer                : 300000 samples [1: 50.4%, 2: 29.1%, 3: 20.4%, 4: 0.0%]
DFA state visits in window   : 1: 18828, 2: 9537, 3: 8527, 4: 89
DFA state visits cumulative  : 1: 870106, 2: 278298, 3: 202680, 4: 1175
DFA state entries in window  : 1: 100, 2: 92, 3: 90, 4: 89
DFA state entries cumulative : 1: 5000, 2: 2022, 3: 1421, 4: 1175
transitions cumulative       : 1->2: 2022, 2->3: 1421, 3->4: 1175
accepted directly from s0    : 0
Gym endings cumulative       : terminated=3686, truncated=139
Best policy updated at episode 5000: mean learning reward=9868.924

[Episode 5100/8000 | last 100]
success rate                : 95.0% (cumulative 24.9%)
synthetic task reward       : 9500.000
shaping reward              : 1059.043
learning reward             : 10559.043
episode length              : 325.2
abstract changes / episode  : 24.4
DFA transitions / episode   : 2.91
DFA transitions in window   : 1->2: 98, 2->3: 98, 3->4: 95
epsilon (next episode)       : 0.12998
replay buffer                : 300000 samples [1: 50.9%, 2: 28.7%, 3: 20.4%, 4: 0.0%]
DFA state visits in window   : 1: 15768, 2: 9524, 3: 7231, 4: 95
DFA state visits cumulative  : 1: 885874, 2: 287822, 3: 209911, 4: 1270
DFA state entries in window  : 1: 100, 2: 98, 3: 98, 4: 95
DFA state entries cumulative : 1: 5100, 2: 2120, 3: 1519, 4: 1270
transitions cumulative       : 1->2: 2120, 2->3: 1519, 3->4: 1270
accepted directly from s0    : 0
Gym endings cumulative       : terminated=3691, truncated=139
Best policy updated at episode 5100: mean learning reward=10559.043

[Episode 5200/8000 | last 100]
success rate                : 91.0% (cumulative 26.2%)
synthetic task reward       : 9100.000
shaping reward              : 1006.665
learning reward             : 10106.665
episode length              : 377.2
abstract changes / episode  : 27.1
DFA transitions / episode   : 2.74
DFA transitions in window   : 1->2: 92, 2->3: 91, 3->4: 91
epsilon (next episode)       : 0.12488
replay buffer                : 300000 samples [1: 52.0%, 2: 29.1%, 3: 18.9%, 4: 0.0%]
DFA state visits in window   : 1: 20326, 2: 11601, 3: 5802, 4: 91
DFA state visits cumulative  : 1: 906200, 2: 299423, 3: 215713, 4: 1361
DFA state entries in window  : 1: 100, 2: 92, 3: 91, 4: 91
DFA state entries cumulative : 1: 5200, 2: 2212, 3: 1610, 4: 1361
transitions cumulative       : 1->2: 2212, 2->3: 1610, 3->4: 1361
accepted directly from s0    : 0
Gym endings cumulative       : terminated=3696, truncated=143

[Episode 5300/8000 | last 100]
success rate                : 76.0% (cumulative 27.1%)
synthetic task reward       : 7600.000
shaping reward              : 851.400
learning reward             : 8451.400
episode length              : 361.3
abstract changes / episode  : 26.8
DFA transitions / episode   : 2.41
DFA transitions in window   : 1->2: 87, 2->3: 78, 3->4: 76
epsilon (next episode)       : 0.11998
replay buffer                : 300000 samples [1: 53.2%, 2: 28.3%, 3: 18.6%, 4: 0.0%]
DFA state visits in window   : 1: 20744, 2: 10201, 3: 5211, 4: 76
DFA state visits cumulative  : 1: 926944, 2: 309624, 3: 220924, 4: 1437
DFA state entries in window  : 1: 100, 2: 87, 3: 78, 4: 76
DFA state entries cumulative : 1: 5300, 2: 2299, 3: 1688, 4: 1437
transitions cumulative       : 1->2: 2299, 2->3: 1688, 3->4: 1437
accepted directly from s0    : 0
Gym endings cumulative       : terminated=3715, truncated=148

[Episode 5400/8000 | last 100]
success rate                : 65.0% (cumulative 27.8%)
synthetic task reward       : 6500.000
shaping reward              : 746.093
learning reward             : 7246.093
episode length              : 326.7
abstract changes / episode  : 26.2
DFA transitions / episode   : 2.10
DFA transitions in window   : 1->2: 79, 2->3: 66, 3->4: 65
epsilon (next episode)       : 0.11528
replay buffer                : 300000 samples [1: 54.1%, 2: 28.2%, 3: 17.7%, 4: 0.0%]
DFA state visits in window   : 1: 19083, 2: 8705, 3: 4917, 4: 65
DFA state visits cumulative  : 1: 946027, 2: 318329, 3: 225841, 4: 1502
DFA state entries in window  : 1: 100, 2: 79, 3: 66, 4: 65
DFA state entries cumulative : 1: 5400, 2: 2378, 3: 1754, 4: 1502
transitions cumulative       : 1->2: 2378, 2->3: 1754, 3->4: 1502
accepted directly from s0    : 0
Gym endings cumulative       : terminated=3749, truncated=149

[Episode 5500/8000 | last 100]
success rate                : 66.0% (cumulative 28.5%)
synthetic task reward       : 6600.000
shaping reward              : 782.918
learning reward             : 7382.918
episode length              : 297.1
abstract changes / episode  : 23.5
DFA transitions / episode   : 2.14
DFA transitions in window   : 1->2: 82, 2->3: 66, 3->4: 66
epsilon (next episode)       : 0.11075
replay buffer                : 300000 samples [1: 54.6%, 2: 28.5%, 3: 16.9%, 4: 0.0%]
DFA state visits in window   : 1: 17742, 2: 9211, 3: 2795, 4: 66
DFA state visits cumulative  : 1: 963769, 2: 327540, 3: 228636, 4: 1568
DFA state entries in window  : 1: 100, 2: 82, 3: 66, 4: 66
DFA state entries cumulative : 1: 5500, 2: 2460, 3: 1820, 4: 1568
transitions cumulative       : 1->2: 2460, 2->3: 1820, 3->4: 1568
accepted directly from s0    : 0
Gym endings cumulative       : terminated=3782, truncated=150

[Episode 5600/8000 | last 100]
success rate                : 71.0% (cumulative 29.3%)
synthetic task reward       : 7100.000
shaping reward              : 734.886
learning reward             : 7834.886
episode length              : 278.5
abstract changes / episode  : 22.6
DFA transitions / episode   : 2.18
DFA transitions in window   : 1->2: 76, 2->3: 71, 3->4: 71
epsilon (next episode)       : 0.10641
replay buffer                : 300000 samples [1: 54.0%, 2: 29.2%, 3: 16.8%, 4: 0.0%]
DFA state visits in window   : 1: 14350, 2: 8716, 3: 4814, 4: 71
DFA state visits cumulative  : 1: 978119, 2: 336256, 3: 233450, 4: 1639
DFA state entries in window  : 1: 100, 2: 76, 3: 71, 4: 71
DFA state entries cumulative : 1: 5600, 2: 2536, 3: 1891, 4: 1639
transitions cumulative       : 1->2: 2536, 2->3: 1891, 3->4: 1639
accepted directly from s0    : 0
Gym endings cumulative       : terminated=3810, truncated=151

[Episode 5700/8000 | last 100]
success rate                : 95.0% (cumulative 30.4%)
synthetic task reward       : 9500.000
shaping reward              : 1053.109
learning reward             : 10553.109
episode length              : 331.1
abstract changes / episode  : 25.2
DFA transitions / episode   : 2.90
DFA transitions in window   : 1->2: 100, 2->3: 95, 3->4: 95
epsilon (next episode)       : 0.10224
replay buffer                : 300000 samples [1: 52.3%, 2: 30.8%, 3: 16.9%, 4: 0.0%]
DFA state visits in window   : 1: 14048, 2: 14112, 3: 4950, 4: 95
DFA state visits cumulative  : 1: 992167, 2: 350368, 3: 238400, 4: 1734
DFA state entries in window  : 1: 100, 2: 100, 3: 95, 4: 95
DFA state entries cumulative : 1: 5700, 2: 2636, 3: 1986, 4: 1734
transitions cumulative       : 1->2: 2636, 2->3: 1986, 3->4: 1734
accepted directly from s0    : 0
Gym endings cumulative       : terminated=3813, truncated=153

[Episode 5800/8000 | last 100]
success rate                : 89.0% (cumulative 31.4%)
synthetic task reward       : 8900.000
shaping reward              : 968.682
learning reward             : 9868.682
episode length              : 293.0
abstract changes / episode  : 21.9
DFA transitions / episode   : 2.73
DFA transitions in window   : 1->2: 93, 2->3: 91, 3->4: 89
epsilon (next episode)       : 0.09823
replay buffer                : 300000 samples [1: 52.8%, 2: 30.5%, 3: 16.7%, 4: 0.0%]
DFA state visits in window   : 1: 15507, 2: 9082, 3: 4722, 4: 89
DFA state visits cumulative  : 1: 1007674, 2: 359450, 3: 243122, 4: 1823
DFA state entries in window  : 1: 100, 2: 93, 3: 91, 4: 89
DFA state entries cumulative : 1: 5800, 2: 2729, 3: 2077, 4: 1823
transitions cumulative       : 1->2: 2729, 2->3: 2077, 3->4: 1823
accepted directly from s0    : 0
Gym endings cumulative       : terminated=3824, truncated=153

[Episode 5900/8000 | last 100]
success rate                : 85.0% (cumulative 32.3%)
synthetic task reward       : 8500.000
shaping reward              : 910.143
learning reward             : 9410.143
episode length              : 314.5
abstract changes / episode  : 24.3
DFA transitions / episode   : 2.62
DFA transitions in window   : 1->2: 89, 2->3: 88, 3->4: 85
epsilon (next episode)       : 0.09438
replay buffer                : 300000 samples [1: 53.2%, 2: 31.1%, 3: 15.8%, 4: 0.0%]
DFA state visits in window   : 1: 17400, 2: 9101, 3: 4963, 4: 85
DFA state visits cumulative  : 1: 1025074, 2: 368551, 3: 248085, 4: 1908
DFA state entries in window  : 1: 100, 2: 89, 3: 88, 4: 85
DFA state entries cumulative : 1: 5900, 2: 2818, 3: 2165, 4: 1908
transitions cumulative       : 1->2: 2818, 2->3: 2165, 3->4: 1908
accepted directly from s0    : 0
Gym endings cumulative       : terminated=3839, truncated=153

[Episode 6000/8000 | last 100]
success rate                : 80.0% (cumulative 33.1%)
synthetic task reward       : 8000.000
shaping reward              : 896.996
learning reward             : 8896.996
episode length              : 391.5
abstract changes / episode  : 29.8
DFA transitions / episode   : 2.52
DFA transitions in window   : 1->2: 90, 2->3: 82, 3->4: 80
epsilon (next episode)       : 0.09067
replay buffer                : 300000 samples [1: 54.2%, 2: 31.4%, 3: 14.4%, 4: 0.0%]
DFA state visits in window   : 1: 22324, 2: 12818, 3: 4030, 4: 80
DFA state visits cumulative  : 1: 1047398, 2: 381369, 3: 252115, 4: 1988
DFA state entries in window  : 1: 100, 2: 90, 3: 82, 4: 80
DFA state entries cumulative : 1: 6000, 2: 2908, 3: 2247, 4: 1988
transitions cumulative       : 1->2: 2908, 2->3: 2247, 3->4: 1988
accepted directly from s0    : 0
Gym endings cumulative       : terminated=3856, truncated=156

[Episode 6100/8000 | last 100]
success rate                : 81.0% (cumulative 33.9%)
synthetic task reward       : 8100.000
shaping reward              : 927.096
learning reward             : 9027.096
episode length              : 300.5
abstract changes / episode  : 24.0
DFA transitions / episode   : 2.58
DFA transitions in window   : 1->2: 93, 2->3: 84, 3->4: 81
epsilon (next episode)       : 0.08712
replay buffer                : 300000 samples [1: 53.6%, 2: 32.3%, 3: 14.1%, 4: 0.0%]
DFA state visits in window   : 1: 14754, 2: 11567, 3: 3751, 4: 81
DFA state visits cumulative  : 1: 1062152, 2: 392936, 3: 255866, 4: 2069
DFA state entries in window  : 1: 100, 2: 93, 3: 84, 4: 81
DFA state entries cumulative : 1: 6100, 2: 3001, 3: 2331, 4: 2069
transitions cumulative       : 1->2: 3001, 2->3: 2331, 3->4: 2069
accepted directly from s0    : 0
Gym endings cumulative       : terminated=3875, truncated=156

[Episode 6200/8000 | last 100]
success rate                : 85.0% (cumulative 34.7%)
synthetic task reward       : 8500.000
shaping reward              : 944.341
learning reward             : 9444.341
episode length              : 295.7
abstract changes / episode  : 23.6
DFA transitions / episode   : 2.63
DFA transitions in window   : 1->2: 92, 2->3: 86, 3->4: 85
epsilon (next episode)       : 0.08370
replay buffer                : 300000 samples [1: 53.1%, 2: 32.9%, 3: 14.0%, 4: 0.0%]
DFA state visits in window   : 1: 14703, 2: 10401, 3: 4485, 4: 85
DFA state visits cumulative  : 1: 1076855, 2: 403337, 3: 260351, 4: 2154
DFA state entries in window  : 1: 100, 2: 92, 3: 86, 4: 85
DFA state entries cumulative : 1: 6200, 2: 3093, 3: 2417, 4: 2154
transitions cumulative       : 1->2: 3093, 2->3: 2417, 3->4: 2154
accepted directly from s0    : 0
Gym endings cumulative       : terminated=3890, truncated=156

[Episode 6300/8000 | last 100]
success rate                : 82.0% (cumulative 35.5%)
synthetic task reward       : 8200.000
shaping reward              : 902.106
learning reward             : 9102.106
episode length              : 304.4
abstract changes / episode  : 23.5
DFA transitions / episode   : 2.56
DFA transitions in window   : 1->2: 89, 2->3: 85, 3->4: 82
epsilon (next episode)       : 0.08042
replay buffer                : 300000 samples [1: 52.8%, 2: 33.4%, 3: 13.8%, 4: 0.0%]
DFA state visits in window   : 1: 15823, 2: 10265, 3: 4372, 4: 82
DFA state visits cumulative  : 1: 1092678, 2: 413602, 3: 264723, 4: 2236
DFA state entries in window  : 1: 100, 2: 89, 3: 85, 4: 82
DFA state entries cumulative : 1: 6300, 2: 3182, 3: 2502, 4: 2236
transitions cumulative       : 1->2: 3182, 2->3: 2502, 3->4: 2236
accepted directly from s0    : 0
Gym endings cumulative       : terminated=3907, truncated=157

[Episode 6400/8000 | last 100]
success rate                : 85.0% (cumulative 36.3%)
synthetic task reward       : 8500.000
shaping reward              : 941.632
learning reward             : 9441.632
episode length              : 289.1
abstract changes / episode  : 22.1
DFA transitions / episode   : 2.59
DFA transitions in window   : 1->2: 88, 2->3: 86, 3->4: 85
epsilon (next episode)       : 0.07727
replay buffer                : 300000 samples [1: 52.2%, 2: 33.7%, 3: 14.2%, 4: 0.0%]
DFA state visits in window   : 1: 15473, 2: 8910, 3: 4546, 4: 85
DFA state visits cumulative  : 1: 1108151, 2: 422512, 3: 269269, 4: 2321
DFA state entries in window  : 1: 100, 2: 88, 3: 86, 4: 85
DFA state entries cumulative : 1: 6400, 2: 3270, 3: 2588, 4: 2321
transitions cumulative       : 1->2: 3270, 2->3: 2588, 3->4: 2321
accepted directly from s0    : 0
Gym endings cumulative       : terminated=3922, truncated=157

[Episode 6500/8000 | last 100]
success rate                : 80.0% (cumulative 36.9%)
synthetic task reward       : 8000.000
shaping reward              : 896.017
learning reward             : 8896.017
episode length              : 337.8
abstract changes / episode  : 24.2
DFA transitions / episode   : 2.48
DFA transitions in window   : 1->2: 85, 2->3: 83, 3->4: 80
epsilon (next episode)       : 0.07423
replay buffer                : 300000 samples [1: 52.4%, 2: 33.5%, 3: 14.1%, 4: 0.0%]
DFA state visits in window   : 1: 20271, 2: 9146, 3: 4379, 4: 80
DFA state visits cumulative  : 1: 1128422, 2: 431658, 3: 273648, 4: 2401
DFA state entries in window  : 1: 100, 2: 85, 3: 83, 4: 80
DFA state entries cumulative : 1: 6500, 2: 3355, 3: 2671, 4: 2401
transitions cumulative       : 1->2: 3355, 2->3: 2671, 3->4: 2401
accepted directly from s0    : 0
Gym endings cumulative       : terminated=3938, truncated=161

[Episode 6600/8000 | last 100]
success rate                : 74.0% (cumulative 37.5%)
synthetic task reward       : 7400.000
shaping reward              : 855.633
learning reward             : 8255.633
episode length              : 404.7
abstract changes / episode  : 26.4
DFA transitions / episode   : 2.32
DFA transitions in window   : 1->2: 83, 2->3: 75, 3->4: 74
epsilon (next episode)       : 0.07132
replay buffer                : 300000 samples [1: 56.2%, 2: 30.5%, 3: 13.3%, 4: 0.0%]
DFA state visits in window   : 1: 29391, 2: 7768, 3: 3333, 4: 74
DFA state visits cumulative  : 1: 1157813, 2: 439426, 3: 276981, 4: 2475
DFA state entries in window  : 1: 100, 2: 83, 3: 75, 4: 74
DFA state entries cumulative : 1: 6600, 2: 3438, 3: 2746, 4: 2475
transitions cumulative       : 1->2: 3438, 2->3: 2746, 3->4: 2475
accepted directly from s0    : 0
Gym endings cumulative       : terminated=3953, truncated=172

[Episode 6700/8000 | last 100]
success rate                : 81.0% (cumulative 38.1%)
synthetic task reward       : 8100.000
shaping reward              : 940.467
learning reward             : 9040.467
episode length              : 276.6
abstract changes / episode  : 21.5
DFA transitions / episode   : 2.54
DFA transitions in window   : 1->2: 91, 2->3: 82, 3->4: 81
epsilon (next episode)       : 0.06853
replay buffer                : 300000 samples [1: 56.1%, 2: 31.0%, 3: 12.9%, 4: 0.0%]
DFA state visits in window   : 1: 13976, 2: 10291, 3: 3410, 4: 81
DFA state visits cumulative  : 1: 1171789, 2: 449717, 3: 280391, 4: 2556
DFA state entries in window  : 1: 100, 2: 91, 3: 82, 4: 81
DFA state entries cumulative : 1: 6700, 2: 3529, 3: 2828, 4: 2556
transitions cumulative       : 1->2: 3529, 2->3: 2828, 3->4: 2556
accepted directly from s0    : 0
Gym endings cumulative       : terminated=3971, truncated=173

[Episode 6800/8000 | last 100]
success rate                : 88.0% (cumulative 38.9%)
synthetic task reward       : 8800.000
shaping reward              : 996.954
learning reward             : 9796.954
episode length              : 323.1
abstract changes / episode  : 23.4
DFA transitions / episode   : 2.74
DFA transitions in window   : 1->2: 98, 2->3: 88, 3->4: 88
epsilon (next episode)       : 0.06584
replay buffer                : 300000 samples [1: 54.8%, 2: 32.4%, 3: 12.8%, 4: 0.0%]
DFA state visits in window   : 1: 13721, 2: 13835, 3: 4769, 4: 88
DFA state visits cumulative  : 1: 1185510, 2: 463552, 3: 285160, 4: 2644
DFA state entries in window  : 1: 100, 2: 98, 3: 88, 4: 88
DFA state entries cumulative : 1: 6800, 2: 3627, 3: 2916, 4: 2644
transitions cumulative       : 1->2: 3627, 2->3: 2916, 3->4: 2644
accepted directly from s0    : 0
Gym endings cumulative       : terminated=3982, truncated=174

[Episode 6900/8000 | last 100]
success rate                : 73.0% (cumulative 39.4%)
synthetic task reward       : 7300.000
shaping reward              : 789.275
learning reward             : 8089.275
episode length              : 336.7
abstract changes / episode  : 24.8
DFA transitions / episode   : 2.25
DFA transitions in window   : 1->2: 79, 2->3: 73, 3->4: 73
epsilon (next episode)       : 0.06326
replay buffer                : 300000 samples [1: 54.6%, 2: 32.8%, 3: 12.6%, 4: 0.0%]
DFA state visits in window   : 1: 19825, 2: 10440, 3: 3431, 4: 73
DFA state visits cumulative  : 1: 1205335, 2: 473992, 3: 288591, 4: 2717
DFA state entries in window  : 1: 100, 2: 79, 3: 73, 4: 73
DFA state entries cumulative : 1: 6900, 2: 3706, 3: 2989, 4: 2717
transitions cumulative       : 1->2: 3706, 2->3: 2989, 3->4: 2717
accepted directly from s0    : 0
Gym endings cumulative       : terminated=4005, truncated=178

[Episode 7000/8000 | last 100]
success rate                : 88.0% (cumulative 40.1%)
synthetic task reward       : 8800.000
shaping reward              : 956.408
learning reward             : 9756.408
episode length              : 321.7
abstract changes / episode  : 23.5
DFA transitions / episode   : 2.72
DFA transitions in window   : 1->2: 93, 2->3: 91, 3->4: 88
epsilon (next episode)       : 0.06078
replay buffer                : 300000 samples [1: 55.5%, 2: 31.9%, 3: 12.6%, 4: 0.0%]
DFA state visits in window   : 1: 17725, 2: 10315, 3: 4142, 4: 88
DFA state visits cumulative  : 1: 1223060, 2: 484307, 3: 292733, 4: 2805
DFA state entries in window  : 1: 100, 2: 93, 3: 91, 4: 88
DFA state entries cumulative : 1: 7000, 2: 3799, 3: 3080, 4: 2805
transitions cumulative       : 1->2: 3799, 2->3: 3080, 3->4: 2805
accepted directly from s0    : 0
Gym endings cumulative       : terminated=4016, truncated=179

[Episode 7100/8000 | last 100]
success rate                : 94.0% (cumulative 40.8%)
synthetic task reward       : 9400.000
shaping reward              : 1047.046
learning reward             : 10447.046
episode length              : 311.6
abstract changes / episode  : 23.9
DFA transitions / episode   : 2.90
DFA transitions in window   : 1->2: 100, 2->3: 96, 3->4: 94
epsilon (next episode)       : 0.05839
replay buffer                : 300000 samples [1: 55.5%, 2: 31.5%, 3: 13.1%, 4: 0.0%]
DFA state visits in window   : 1: 15943, 2: 10049, 3: 5170, 4: 94
DFA state visits cumulative  : 1: 1239003, 2: 494356, 3: 297903, 4: 2899
DFA state entries in window  : 1: 100, 2: 100, 3: 96, 4: 94
DFA state entries cumulative : 1: 7100, 2: 3899, 3: 3176, 4: 2899
transitions cumulative       : 1->2: 3899, 2->3: 3176, 3->4: 2899
accepted directly from s0    : 0
Gym endings cumulative       : terminated=4022, truncated=179

[Episode 7200/8000 | last 100]
success rate                : 89.0% (cumulative 41.5%)
synthetic task reward       : 8900.000
shaping reward              : 994.681
learning reward             : 9894.681
episode length              : 272.8
abstract changes / episode  : 21.8
DFA transitions / episode   : 2.71
DFA transitions in window   : 1->2: 93, 2->3: 89, 3->4: 89
epsilon (next episode)       : 0.05610
replay buffer                : 300000 samples [1: 55.7%, 2: 31.3%, 3: 13.0%, 4: 0.0%]
DFA state visits in window   : 1: 15021, 2: 8607, 3: 3659, 4: 89
DFA state visits cumulative  : 1: 1254024, 2: 502963, 3: 301562, 4: 2988
DFA state entries in window  : 1: 100, 2: 93, 3: 89, 4: 89
DFA state entries cumulative : 1: 7200, 2: 3992, 3: 3265, 4: 2988
transitions cumulative       : 1->2: 3992, 2->3: 3265, 3->4: 2988
accepted directly from s0    : 0
Gym endings cumulative       : terminated=4033, truncated=179

[Episode 7300/8000 | last 100]
success rate                : 89.0% (cumulative 42.2%)
synthetic task reward       : 8900.000
shaping reward              : 980.880
learning reward             : 9880.880
episode length              : 288.4
abstract changes / episode  : 21.9
DFA transitions / episode   : 2.73
DFA transitions in window   : 1->2: 93, 2->3: 91, 3->4: 89
epsilon (next episode)       : 0.05390
replay buffer                : 300000 samples [1: 56.5%, 2: 30.7%, 3: 12.8%, 4: 0.0%]
DFA state visits in window   : 1: 16260, 2: 7725, 3: 4869, 4: 89
DFA state visits cumulative  : 1: 1270284, 2: 510688, 3: 306431, 4: 3077
DFA state entries in window  : 1: 100, 2: 93, 3: 91, 4: 89
DFA state entries cumulative : 1: 7300, 2: 4085, 3: 3356, 4: 3077
transitions cumulative       : 1->2: 4085, 2->3: 3356, 3->4: 3077
accepted directly from s0    : 0
Gym endings cumulative       : terminated=4043, truncated=180

[Episode 7400/8000 | last 100]
success rate                : 94.0% (cumulative 42.9%)
synthetic task reward       : 9400.000
shaping reward              : 1020.797
learning reward             : 10420.797
episode length              : 285.1
abstract changes / episode  : 21.5
DFA transitions / episode   : 2.84
DFA transitions in window   : 1->2: 96, 2->3: 94, 3->4: 94
epsilon (next episode)       : 0.05179
replay buffer                : 300000 samples [1: 56.5%, 2: 30.7%, 3: 12.8%, 4: 0.0%]
DFA state visits in window   : 1: 16568, 2: 8179, 3: 3770, 4: 94
DFA state visits cumulative  : 1: 1286852, 2: 518867, 3: 310201, 4: 3171
DFA state entries in window  : 1: 100, 2: 96, 3: 94, 4: 94
DFA state entries cumulative : 1: 7400, 2: 4181, 3: 3450, 4: 3171
transitions cumulative       : 1->2: 4181, 2->3: 3450, 3->4: 3171
accepted directly from s0    : 0
Gym endings cumulative       : terminated=4049, truncated=180

[Episode 7500/8000 | last 100]
success rate                : 92.0% (cumulative 43.5%)
synthetic task reward       : 9200.000
shaping reward              : 1036.474
learning reward             : 10236.474
episode length              : 292.7
abstract changes / episode  : 21.7
DFA transitions / episode   : 2.84
DFA transitions in window   : 1->2: 98, 2->3: 94, 3->4: 92
epsilon (next episode)       : 0.04976
replay buffer                : 300000 samples [1: 55.3%, 2: 31.6%, 3: 13.2%, 4: 0.0%]
DFA state visits in window   : 1: 16418, 2: 9223, 3: 3639, 4: 92
DFA state visits cumulative  : 1: 1303270, 2: 528090, 3: 313840, 4: 3263
DFA state entries in window  : 1: 100, 2: 98, 3: 94, 4: 92
DFA state entries cumulative : 1: 7500, 2: 4279, 3: 3544, 4: 3263
transitions cumulative       : 1->2: 4279, 2->3: 3544, 3->4: 3263
accepted directly from s0    : 0
Gym endings cumulative       : terminated=4055, truncated=182

[Episode 7600/8000 | last 100]
success rate                : 85.0% (cumulative 44.1%)
synthetic task reward       : 8500.000
shaping reward              : 980.397
learning reward             : 9480.397
episode length              : 300.5
abstract changes / episode  : 23.7
DFA transitions / episode   : 2.63
DFA transitions in window   : 1->2: 90, 2->3: 88, 3->4: 85
epsilon (next episode)       : 0.04781
replay buffer                : 300000 samples [1: 54.3%, 2: 32.1%, 3: 13.6%, 4: 0.0%]
DFA state visits in window   : 1: 18118, 2: 7927, 3: 4023, 4: 85
DFA state visits cumulative  : 1: 1321388, 2: 536017, 3: 317863, 4: 3348
DFA state entries in window  : 1: 100, 2: 90, 3: 88, 4: 85
DFA state entries cumulative : 1: 7600, 2: 4369, 3: 3632, 4: 3348
transitions cumulative       : 1->2: 4369, 2->3: 3632, 3->4: 3348
accepted directly from s0    : 0
Gym endings cumulative       : terminated=4070, truncated=182

[Episode 7700/8000 | last 100]
success rate                : 89.0% (cumulative 44.6%)
synthetic task reward       : 8900.000
shaping reward              : 963.418
learning reward             : 9863.418
episode length              : 334.2
abstract changes / episode  : 23.4
DFA transitions / episode   : 2.70
DFA transitions in window   : 1->2: 92, 2->3: 89, 3->4: 89
epsilon (next episode)       : 0.04593
replay buffer                : 300000 samples [1: 55.5%, 2: 30.6%, 3: 13.9%, 4: 0.0%]
DFA state visits in window   : 1: 20162, 2: 8071, 3: 5200, 4: 89
DFA state visits cumulative  : 1: 1341550, 2: 544088, 3: 323063, 4: 3437
DFA state entries in window  : 1: 100, 2: 92, 3: 89, 4: 89
DFA state entries cumulative : 1: 7700, 2: 4461, 3: 3721, 4: 3437
transitions cumulative       : 1->2: 4461, 2->3: 3721, 3->4: 3437
accepted directly from s0    : 0
Gym endings cumulative       : terminated=4078, truncated=185

[Episode 7800/8000 | last 100]
success rate                : 84.0% (cumulative 45.1%)
synthetic task reward       : 8400.000
shaping reward              : 963.792
learning reward             : 9363.792
episode length              : 309.7
abstract changes / episode  : 23.5
DFA transitions / episode   : 2.72
DFA transitions in window   : 1->2: 96, 2->3: 92, 3->4: 84
epsilon (next episode)       : 0.04413
replay buffer                : 300000 samples [1: 56.6%, 2: 28.7%, 3: 14.7%, 4: 0.0%]
DFA state visits in window   : 1: 15990, 2: 7959, 3: 7035, 4: 84
DFA state visits cumulative  : 1: 1357540, 2: 552047, 3: 330098, 4: 3521
DFA state entries in window  : 1: 100, 2: 96, 3: 92, 4: 84
DFA state entries cumulative : 1: 7800, 2: 4557, 3: 3813, 4: 3521
transitions cumulative       : 1->2: 4557, 2->3: 3813, 3->4: 3521
accepted directly from s0    : 0
Gym endings cumulative       : terminated=4092, truncated=187

[Episode 7900/8000 | last 100]
success rate                : 70.0% (cumulative 45.5%)
synthetic task reward       : 7000.000
shaping reward              : 785.912
learning reward             : 7785.912
episode length              : 305.9
abstract changes / episode  : 22.7
DFA transitions / episode   : 2.36
DFA transitions in window   : 1->2: 86, 2->3: 80, 3->4: 70
epsilon (next episode)       : 0.04240
replay buffer                : 300000 samples [1: 55.1%, 2: 29.6%, 3: 15.3%, 4: 0.0%]
DFA state visits in window   : 1: 14240, 2: 11579, 3: 4803, 4: 70
DFA state visits cumulative  : 1: 1371780, 2: 563626, 3: 334901, 4: 3591
DFA state entries in window  : 1: 100, 2: 86, 3: 80, 4: 70
DFA state entries cumulative : 1: 7900, 2: 4643, 3: 3893, 4: 3591
transitions cumulative       : 1->2: 4643, 2->3: 3893, 3->4: 3591
accepted directly from s0    : 0
Gym endings cumulative       : terminated=4119, truncated=190

[Episode 8000/8000 | last 100]
success rate                : 74.0% (cumulative 45.8%)
synthetic task reward       : 7400.000
shaping reward              : 783.585
learning reward             : 8183.585
episode length              : 331.4
abstract changes / episode  : 23.4
DFA transitions / episode   : 2.28
DFA transitions in window   : 1->2: 78, 2->3: 76, 3->4: 74
epsilon (next episode)       : 0.04074
replay buffer                : 300000 samples [1: 56.8%, 2: 28.1%, 3: 15.1%, 4: 0.0%]
DFA state visits in window   : 1: 23527, 2: 6189, 3: 3450, 4: 74
DFA state visits cumulative  : 1: 1395307, 2: 569815, 3: 338351, 4: 3665
DFA state entries in window  : 1: 100, 2: 78, 3: 76, 4: 74
DFA state entries cumulative : 1: 8000, 2: 4721, 3: 3969, 4: 3665
transitions cumulative       : 1->2: 4721, 2->3: 3969, 3->4: 3665
accepted directly from s0    : 0
Gym endings cumulative       : terminated=4142, truncated=193
Last policy saved after episode 8000. Best policy: episode 5100, mean learning reward=10559.043
