
=== NEW RUN ===
episodes=8000, shaping=True, K=1.0, goal_reward=10000.0, gamma=0.99
training_shaping_gamma=False, shaping_formula=K*(Phi(next)-Phi(state))
inter_level_shaping=True, inter_level_K=1.0
formula=F(wp1 & X(F(wp2 & X(F(g1)))))
waypoints={'wp1': (1, 8), 'wp2': (5, 6), 'g1': (8, 8)}
dfa_states=[1, 2, 3, 4], pre_trace=1, accepting=[4]

[Episode 1/8000 | last 1]
success rate                : 0.0% (cumulative 0.0%)
synthetic task reward       : 0.000
shaping reward              : -513.061
learning reward             : -513.061
episode length              : 123.0
abstract changes / episode  : 14.0
DFA transitions / episode   : 0.00
DFA transitions in window   : none
epsilon (next episode)       : 0.99960
replay buffer                : 123 samples [1: 100.0%, 2: 0.0%, 3: 0.0%, 4: 0.0%]
DFA state visits in window   : 1: 124, 2: 0, 3: 0, 4: 0
DFA state visits cumulative  : 1: 124, 2: 0, 3: 0, 4: 0
DFA state entries in window  : 1: 1, 2: 0, 3: 0, 4: 0
DFA state entries cumulative : 1: 1, 2: 0, 3: 0, 4: 0
transitions cumulative       : none
accepted directly from s0    : 0
Gym endings cumulative       : terminated=1, truncated=0
Best policy updated at episode 1: mean learning reward=-513.061

[Episode 100/8000 | last 100]
success rate                : 0.0% (cumulative 0.0%)
synthetic task reward       : 0.000
shaping reward              : -477.537
learning reward             : -477.537
episode length              : 90.9
abstract changes / episode  : 12.8
DFA transitions / episode   : 0.02
DFA transitions in window   : 1->2: 2
epsilon (next episode)       : 0.96078
replay buffer                : 9086 samples [1: 99.5%, 2: 0.5%, 3: 0.0%, 4: 0.0%]
DFA state visits in window   : 1: 9141, 2: 45, 3: 0, 4: 0
DFA state visits cumulative  : 1: 9141, 2: 45, 3: 0, 4: 0
DFA state entries in window  : 1: 100, 2: 2, 3: 0, 4: 0
DFA state entries cumulative : 1: 100, 2: 2, 3: 0, 4: 0
transitions cumulative       : 1->2: 2
accepted directly from s0    : 0
Gym endings cumulative       : terminated=100, truncated=0
Best policy updated at episode 100: mean learning reward=-477.537

[Episode 200/8000 | last 100]
success rate                : 0.0% (cumulative 0.0%)
synthetic task reward       : 0.000
shaping reward              : -439.548
learning reward             : -439.548
episode length              : 94.0
abstract changes / episode  : 12.9
DFA transitions / episode   : 0.05
DFA transitions in window   : 1->2: 5
epsilon (next episode)       : 0.92310
replay buffer                : 18485 samples [1: 99.2%, 2: 0.8%, 3: 0.0%, 4: 0.0%]
DFA state visits in window   : 1: 9389, 2: 110, 3: 0, 4: 0
DFA state visits cumulative  : 1: 18530, 2: 155, 3: 0, 4: 0
DFA state entries in window  : 1: 100, 2: 5, 3: 0, 4: 0
DFA state entries cumulative : 1: 200, 2: 7, 3: 0, 4: 0
transitions cumulative       : 1->2: 7
accepted directly from s0    : 0
Gym endings cumulative       : terminated=200, truncated=0
Best policy updated at episode 200: mean learning reward=-439.548

[Episode 300/8000 | last 100]
success rate                : 0.0% (cumulative 0.0%)
synthetic task reward       : 0.000
shaping reward              : -434.726
learning reward             : -434.726
episode length              : 104.3
abstract changes / episode  : 12.7
DFA transitions / episode   : 0.01
DFA transitions in window   : 1->2: 1
epsilon (next episode)       : 0.88690
replay buffer                : 28918 samples [1: 99.4%, 2: 0.6%, 3: 0.0%, 4: 0.0%]
DFA state visits in window   : 1: 10515, 2: 18, 3: 0, 4: 0
DFA state visits cumulative  : 1: 29045, 2: 173, 3: 0, 4: 0
DFA state entries in window  : 1: 100, 2: 1, 3: 0, 4: 0
DFA state entries cumulative : 1: 300, 2: 8, 3: 0, 4: 0
transitions cumulative       : 1->2: 8
accepted directly from s0    : 0
Gym endings cumulative       : terminated=299, truncated=1
Best policy updated at episode 300: mean learning reward=-434.726

[Episode 400/8000 | last 100]
success rate                : 0.0% (cumulative 0.0%)
synthetic task reward       : 0.000
shaping reward              : -437.919
learning reward             : -437.919
episode length              : 101.8
abstract changes / episode  : 12.7
DFA transitions / episode   : 0.01
DFA transitions in window   : 1->2: 1
epsilon (next episode)       : 0.85212
replay buffer                : 39100 samples [1: 99.5%, 2: 0.5%, 3: 0.0%, 4: 0.0%]
DFA state visits in window   : 1: 10252, 2: 30, 3: 0, 4: 0
DFA state visits cumulative  : 1: 39297, 2: 203, 3: 0, 4: 0
DFA state entries in window  : 1: 100, 2: 1, 3: 0, 4: 0
DFA state entries cumulative : 1: 400, 2: 9, 3: 0, 4: 0
transitions cumulative       : 1->2: 9
accepted directly from s0    : 0
Gym endings cumulative       : terminated=399, truncated=1

[Episode 500/8000 | last 100]
success rate                : 0.0% (cumulative 0.0%)
synthetic task reward       : 0.000
shaping reward              : -399.637
learning reward             : -399.637
episode length              : 117.0
abstract changes / episode  : 12.5
DFA transitions / episode   : 0.02
DFA transitions in window   : 1->2: 2
epsilon (next episode)       : 0.81870
replay buffer                : 50802 samples [1: 99.5%, 2: 0.5%, 3: 0.0%, 4: 0.0%]
DFA state visits in window   : 1: 11757, 2: 45, 3: 0, 4: 0
DFA state visits cumulative  : 1: 51054, 2: 248, 3: 0, 4: 0
DFA state entries in window  : 1: 100, 2: 2, 3: 0, 4: 0
DFA state entries cumulative : 1: 500, 2: 11, 3: 0, 4: 0
transitions cumulative       : 1->2: 11
accepted directly from s0    : 0
Gym endings cumulative       : terminated=497, truncated=3
Best policy updated at episode 500: mean learning reward=-399.637

[Episode 600/8000 | last 100]
success rate                : 0.0% (cumulative 0.0%)
synthetic task reward       : 0.000
shaping reward              : -392.295
learning reward             : -392.295
episode length              : 107.0
abstract changes / episode  : 12.8
DFA transitions / episode   : 0.06
DFA transitions in window   : 1->2: 6
epsilon (next episode)       : 0.78659
replay buffer                : 61499 samples [1: 99.4%, 2: 0.6%, 3: 0.0%, 4: 0.0%]
DFA state visits in window   : 1: 10687, 2: 110, 3: 0, 4: 0
DFA state visits cumulative  : 1: 61741, 2: 358, 3: 0, 4: 0
DFA state entries in window  : 1: 100, 2: 6, 3: 0, 4: 0
DFA state entries cumulative : 1: 600, 2: 17, 3: 0, 4: 0
transitions cumulative       : 1->2: 17
accepted directly from s0    : 0
Gym endings cumulative       : terminated=597, truncated=3
Best policy updated at episode 600: mean learning reward=-392.295

[Episode 700/8000 | last 100]
success rate                : 0.0% (cumulative 0.0%)
synthetic task reward       : 0.000
shaping reward              : -399.304
learning reward             : -399.304
episode length              : 122.0
abstract changes / episode  : 13.2
DFA transitions / episode   : 0.05
DFA transitions in window   : 1->2: 5
epsilon (next episode)       : 0.75574
replay buffer                : 73701 samples [1: 99.4%, 2: 0.6%, 3: 0.0%, 4: 0.0%]
DFA state visits in window   : 1: 12177, 2: 125, 3: 0, 4: 0
DFA state visits cumulative  : 1: 73918, 2: 483, 3: 0, 4: 0
DFA state entries in window  : 1: 100, 2: 5, 3: 0, 4: 0
DFA state entries cumulative : 1: 700, 2: 22, 3: 0, 4: 0
transitions cumulative       : 1->2: 22
accepted directly from s0    : 0
Gym endings cumulative       : terminated=696, truncated=4

[Episode 800/8000 | last 100]
success rate                : 0.0% (cumulative 0.0%)
synthetic task reward       : 0.000
shaping reward              : -401.060
learning reward             : -401.060
episode length              : 111.4
abstract changes / episode  : 12.9
DFA transitions / episode   : 0.04
DFA transitions in window   : 1->2: 4
epsilon (next episode)       : 0.72610
replay buffer                : 84840 samples [1: 99.3%, 2: 0.7%, 3: 0.0%, 4: 0.0%]
DFA state visits in window   : 1: 11143, 2: 96, 3: 0, 4: 0
DFA state visits cumulative  : 1: 85061, 2: 579, 3: 0, 4: 0
DFA state entries in window  : 1: 100, 2: 4, 3: 0, 4: 0
DFA state entries cumulative : 1: 800, 2: 26, 3: 0, 4: 0
transitions cumulative       : 1->2: 26
accepted directly from s0    : 0
Gym endings cumulative       : terminated=796, truncated=4

[Episode 900/8000 | last 100]
success rate                : 0.0% (cumulative 0.0%)
synthetic task reward       : 0.000
shaping reward              : -403.724
learning reward             : -403.724
episode length              : 116.0
abstract changes / episode  : 13.1
DFA transitions / episode   : 0.02
DFA transitions in window   : 1->2: 2
epsilon (next episode)       : 0.69763
replay buffer                : 96442 samples [1: 99.4%, 2: 0.6%, 3: 0.0%, 4: 0.0%]
DFA state visits in window   : 1: 11631, 2: 71, 3: 0, 4: 0
DFA state visits cumulative  : 1: 96692, 2: 650, 3: 0, 4: 0
DFA state entries in window  : 1: 100, 2: 2, 3: 0, 4: 0
DFA state entries cumulative : 1: 900, 2: 28, 3: 0, 4: 0
transitions cumulative       : 1->2: 28
accepted directly from s0    : 0
Gym endings cumulative       : terminated=896, truncated=4

[Episode 1000/8000 | last 100]
success rate                : 0.0% (cumulative 0.0%)
synthetic task reward       : 0.000
shaping reward              : -388.166
learning reward             : -388.166
episode length              : 119.7
abstract changes / episode  : 13.5
DFA transitions / episode   : 0.06
DFA transitions in window   : 1->2: 6
epsilon (next episode)       : 0.67027
replay buffer                : 108409 samples [1: 99.2%, 2: 0.8%, 3: 0.0%, 4: 0.0%]
DFA state visits in window   : 1: 11857, 2: 210, 3: 0, 4: 0
DFA state visits cumulative  : 1: 108549, 2: 860, 3: 0, 4: 0
DFA state entries in window  : 1: 100, 2: 6, 3: 0, 4: 0
DFA state entries cumulative : 1: 1000, 2: 34, 3: 0, 4: 0
transitions cumulative       : 1->2: 34
accepted directly from s0    : 0
Gym endings cumulative       : terminated=996, truncated=4
Best policy updated at episode 1000: mean learning reward=-388.166

[Episode 1100/8000 | last 100]
success rate                : 0.0% (cumulative 0.0%)
synthetic task reward       : 0.000
shaping reward              : -429.262
learning reward             : -429.262
episode length              : 117.0
abstract changes / episode  : 13.7
DFA transitions / episode   : 0.00
DFA transitions in window   : none
epsilon (next episode)       : 0.64398
replay buffer                : 120106 samples [1: 99.3%, 2: 0.7%, 3: 0.0%, 4: 0.0%]
DFA state visits in window   : 1: 11797, 2: 0, 3: 0, 4: 0
DFA state visits cumulative  : 1: 120346, 2: 860, 3: 0, 4: 0
DFA state entries in window  : 1: 100, 2: 0, 3: 0, 4: 0
DFA state entries cumulative : 1: 1100, 2: 34, 3: 0, 4: 0
transitions cumulative       : 1->2: 34
accepted directly from s0    : 0
Gym endings cumulative       : terminated=1096, truncated=4

[Episode 1200/8000 | last 100]
success rate                : 0.0% (cumulative 0.0%)
synthetic task reward       : 0.000
shaping reward              : -408.550
learning reward             : -408.550
episode length              : 144.4
abstract changes / episode  : 14.7
DFA transitions / episode   : 0.02
DFA transitions in window   : 1->2: 2
epsilon (next episode)       : 0.61872
replay buffer                : 134542 samples [1: 99.3%, 2: 0.7%, 3: 0.0%, 4: 0.0%]
DFA state visits in window   : 1: 14463, 2: 73, 3: 0, 4: 0
DFA state visits cumulative  : 1: 134809, 2: 933, 3: 0, 4: 0
DFA state entries in window  : 1: 100, 2: 2, 3: 0, 4: 0
DFA state entries cumulative : 1: 1200, 2: 36, 3: 0, 4: 0
transitions cumulative       : 1->2: 36
accepted directly from s0    : 0
Gym endings cumulative       : terminated=1196, truncated=4

[Episode 1300/8000 | last 100]
success rate                : 0.0% (cumulative 0.0%)
synthetic task reward       : 0.000
shaping reward              : -426.920
learning reward             : -426.920
episode length              : 134.4
abstract changes / episode  : 13.7
DFA transitions / episode   : 0.03
DFA transitions in window   : 1->2: 3
epsilon (next episode)       : 0.59446
replay buffer                : 147983 samples [1: 99.3%, 2: 0.7%, 3: 0.0%, 4: 0.0%]
DFA state visits in window   : 1: 13390, 2: 151, 3: 0, 4: 0
DFA state visits cumulative  : 1: 148199, 2: 1084, 3: 0, 4: 0
DFA state entries in window  : 1: 100, 2: 3, 3: 0, 4: 0
DFA state entries cumulative : 1: 1300, 2: 39, 3: 0, 4: 0
transitions cumulative       : 1->2: 39
accepted directly from s0    : 0
Gym endings cumulative       : terminated=1296, truncated=4

[Episode 1400/8000 | last 100]
success rate                : 0.0% (cumulative 0.0%)
synthetic task reward       : 0.000
shaping reward              : -456.785
learning reward             : -456.785
episode length              : 130.8
abstract changes / episode  : 13.4
DFA transitions / episode   : 0.00
DFA transitions in window   : none
epsilon (next episode)       : 0.57115
replay buffer                : 161060 samples [1: 99.4%, 2: 0.6%, 3: 0.0%, 4: 0.0%]
DFA state visits in window   : 1: 13177, 2: 0, 3: 0, 4: 0
DFA state visits cumulative  : 1: 161376, 2: 1084, 3: 0, 4: 0
DFA state entries in window  : 1: 100, 2: 0, 3: 0, 4: 0
DFA state entries cumulative : 1: 1400, 2: 39, 3: 0, 4: 0
transitions cumulative       : 1->2: 39
accepted directly from s0    : 0
Gym endings cumulative       : terminated=1396, truncated=4

[Episode 1500/8000 | last 100]
success rate                : 0.0% (cumulative 0.0%)
synthetic task reward       : 0.000
shaping reward              : -444.217
learning reward             : -444.217
episode length              : 140.3
abstract changes / episode  : 14.1
DFA transitions / episode   : 0.02
DFA transitions in window   : 1->2: 2
epsilon (next episode)       : 0.54875
replay buffer                : 175088 samples [1: 99.3%, 2: 0.7%, 3: 0.0%, 4: 0.0%]
DFA state visits in window   : 1: 13975, 2: 153, 3: 0, 4: 0
DFA state visits cumulative  : 1: 175351, 2: 1237, 3: 0, 4: 0
DFA state entries in window  : 1: 100, 2: 2, 3: 0, 4: 0
DFA state entries cumulative : 1: 1500, 2: 41, 3: 0, 4: 0
transitions cumulative       : 1->2: 41
accepted directly from s0    : 0
Gym endings cumulative       : terminated=1495, truncated=5

[Episode 1600/8000 | last 100]
success rate                : 0.0% (cumulative 0.0%)
synthetic task reward       : 0.000
shaping reward              : -396.009
learning reward             : -396.009
episode length              : 167.9
abstract changes / episode  : 13.6
DFA transitions / episode   : 0.03
DFA transitions in window   : 1->2: 3
epsilon (next episode)       : 0.52722
replay buffer                : 191876 samples [1: 99.1%, 2: 0.9%, 3: 0.0%, 4: 0.0%]
DFA state visits in window   : 1: 16426, 2: 462, 3: 0, 4: 0
DFA state visits cumulative  : 1: 191777, 2: 1699, 3: 0, 4: 0
DFA state entries in window  : 1: 100, 2: 3, 3: 0, 4: 0
DFA state entries cumulative : 1: 1600, 2: 44, 3: 0, 4: 0
transitions cumulative       : 1->2: 44
accepted directly from s0    : 0
Gym endings cumulative       : terminated=1593, truncated=7

[Episode 1700/8000 | last 100]
success rate                : 0.0% (cumulative 0.0%)
synthetic task reward       : 0.000
shaping reward              : -359.710
learning reward             : -359.710
episode length              : 198.1
abstract changes / episode  : 14.0
DFA transitions / episode   : 0.08
DFA transitions in window   : 1->2: 8
epsilon (next episode)       : 0.50655
replay buffer                : 211690 samples [1: 98.5%, 2: 1.5%, 3: 0.0%, 4: 0.0%]
DFA state visits in window   : 1: 18360, 2: 1554, 3: 0, 4: 0
DFA state visits cumulative  : 1: 210137, 2: 3253, 3: 0, 4: 0
DFA state entries in window  : 1: 100, 2: 8, 3: 0, 4: 0
DFA state entries cumulative : 1: 1700, 2: 52, 3: 0, 4: 0
transitions cumulative       : 1->2: 52
accepted directly from s0    : 0
Gym endings cumulative       : terminated=1688, truncated=12
Best policy updated at episode 1700: mean learning reward=-359.710

[Episode 1800/8000 | last 100]
success rate                : 0.0% (cumulative 0.0%)
synthetic task reward       : 0.000
shaping reward              : -284.365
learning reward             : -284.365
episode length              : 191.4
abstract changes / episode  : 14.5
DFA transitions / episode   : 0.10
DFA transitions in window   : 1->2: 10
epsilon (next episode)       : 0.48668
replay buffer                : 230834 samples [1: 98.3%, 2: 1.7%, 3: 0.0%, 4: 0.0%]
DFA state visits in window   : 1: 18490, 2: 754, 3: 0, 4: 0
DFA state visits cumulative  : 1: 228627, 2: 4007, 3: 0, 4: 0
DFA state entries in window  : 1: 100, 2: 10, 3: 0, 4: 0
DFA state entries cumulative : 1: 1800, 2: 62, 3: 0, 4: 0
transitions cumulative       : 1->2: 62
accepted directly from s0    : 0
Gym endings cumulative       : terminated=1786, truncated=14
Best policy updated at episode 1800: mean learning reward=-284.365

[Episode 1900/8000 | last 100]
success rate                : 0.0% (cumulative 0.0%)
synthetic task reward       : 0.000
shaping reward              : -107.115
learning reward             : -107.115
episode length              : 213.4
abstract changes / episode  : 15.3
DFA transitions / episode   : 0.16
DFA transitions in window   : 1->2: 15, 2->3: 1
epsilon (next episode)       : 0.46760
replay buffer                : 252174 samples [1: 97.7%, 2: 2.3%, 3: 0.0%, 4: 0.0%]
DFA state visits in window   : 1: 19459, 2: 1914, 3: 67, 4: 0
DFA state visits cumulative  : 1: 248086, 2: 5921, 3: 67, 4: 0
DFA state entries in window  : 1: 100, 2: 15, 3: 1, 4: 0
DFA state entries cumulative : 1: 1900, 2: 77, 3: 1, 4: 0
transitions cumulative       : 1->2: 77, 2->3: 1
accepted directly from s0    : 0
Gym endings cumulative       : terminated=1882, truncated=18
Best policy updated at episode 1900: mean learning reward=-107.115

[Episode 2000/8000 | last 100]
success rate                : 0.0% (cumulative 0.0%)
synthetic task reward       : 0.000
shaping reward              : 2.631
learning reward             : 2.631
episode length              : 218.0
abstract changes / episode  : 15.9
DFA transitions / episode   : 0.26
DFA transitions in window   : 1->2: 26
epsilon (next episode)       : 0.44926
replay buffer                : 273971 samples [1: 96.5%, 2: 3.5%, 3: 0.0%, 4: 0.0%]
DFA state visits in window   : 1: 18190, 2: 3707, 3: 0, 4: 0
DFA state visits cumulative  : 1: 266276, 2: 9628, 3: 67, 4: 0
DFA state entries in window  : 1: 100, 2: 26, 3: 0, 4: 0
DFA state entries cumulative : 1: 2000, 2: 103, 3: 1, 4: 0
transitions cumulative       : 1->2: 103, 2->3: 1
accepted directly from s0    : 0
Gym endings cumulative       : terminated=1981, truncated=19
Best policy updated at episode 2000: mean learning reward=2.631

[Episode 2100/8000 | last 100]
success rate                : 0.0% (cumulative 0.0%)
synthetic task reward       : 0.000
shaping reward              : -65.830
learning reward             : -65.830
episode length              : 258.2
abstract changes / episode  : 18.8
DFA transitions / episode   : 0.28
DFA transitions in window   : 1->2: 28
epsilon (next episode)       : 0.43164
replay buffer                : 299792 samples [1: 95.4%, 2: 4.6%, 3: 0.0%, 4: 0.0%]
DFA state visits in window   : 1: 21739, 2: 4182, 3: 0, 4: 0
DFA state visits cumulative  : 1: 288015, 2: 13810, 3: 67, 4: 0
DFA state entries in window  : 1: 100, 2: 28, 3: 0, 4: 0
DFA state entries cumulative : 1: 2100, 2: 131, 3: 1, 4: 0
transitions cumulative       : 1->2: 131, 2->3: 1
accepted directly from s0    : 0
Gym endings cumulative       : terminated=2078, truncated=22

[Episode 2200/8000 | last 100]
success rate                : 0.0% (cumulative 0.0%)
synthetic task reward       : 0.000
shaping reward              : -171.558
learning reward             : -171.558
episode length              : 328.8
abstract changes / episode  : 22.3
DFA transitions / episode   : 0.15
DFA transitions in window   : 1->2: 14, 2->3: 1
epsilon (next episode)       : 0.41471
replay buffer                : 300000 samples [1: 93.5%, 2: 6.4%, 3: 0.0%, 4: 0.0%]
DFA state visits in window   : 1: 27088, 2: 5810, 3: 82, 4: 0
DFA state visits cumulative  : 1: 315103, 2: 19620, 3: 149, 4: 0
DFA state entries in window  : 1: 100, 2: 14, 3: 1, 4: 0
DFA state entries cumulative : 1: 2200, 2: 145, 3: 2, 4: 0
transitions cumulative       : 1->2: 145, 2->3: 2
accepted directly from s0    : 0
Gym endings cumulative       : terminated=2169, truncated=31

[Episode 2300/8000 | last 100]
success rate                : 0.0% (cumulative 0.0%)
synthetic task reward       : 0.000
shaping reward              : -225.237
learning reward             : -225.237
episode length              : 363.0
abstract changes / episode  : 24.6
DFA transitions / episode   : 0.15
DFA transitions in window   : 1->2: 13, 2->3: 2
epsilon (next episode)       : 0.39845
replay buffer                : 300000 samples [1: 91.8%, 2: 8.0%, 3: 0.2%, 4: 0.0%]
DFA state visits in window   : 1: 31020, 2: 5068, 3: 315, 4: 0
DFA state visits cumulative  : 1: 346123, 2: 24688, 3: 464, 4: 0
DFA state entries in window  : 1: 100, 2: 13, 3: 2, 4: 0
DFA state entries cumulative : 1: 2300, 2: 158, 3: 4, 4: 0
transitions cumulative       : 1->2: 158, 2->3: 4
accepted directly from s0    : 0
Gym endings cumulative       : terminated=2259, truncated=41

[Episode 2400/8000 | last 100]
success rate                : 0.0% (cumulative 0.0%)
synthetic task reward       : 0.000
shaping reward              : -83.405
learning reward             : -83.405
episode length              : 316.3
abstract changes / episode  : 23.3
DFA transitions / episode   : 0.30
DFA transitions in window   : 1->2: 26, 2->3: 4
epsilon (next episode)       : 0.38282
replay buffer                : 300000 samples [1: 90.0%, 2: 9.5%, 3: 0.4%, 4: 0.0%]
DFA state visits in window   : 1: 25977, 2: 4873, 3: 879, 4: 0
DFA state visits cumulative  : 1: 372100, 2: 29561, 3: 1343, 4: 0
DFA state entries in window  : 1: 100, 2: 26, 3: 4, 4: 0
DFA state entries cumulative : 1: 2400, 2: 184, 3: 8, 4: 0
transitions cumulative       : 1->2: 184, 2->3: 8
accepted directly from s0    : 0
Gym endings cumulative       : terminated=2353, truncated=47

[Episode 2500/8000 | last 100]
success rate                : 0.0% (cumulative 0.0%)
synthetic task reward       : 0.000
shaping reward              : 75.172
learning reward             : 75.172
episode length              : 257.6
abstract changes / episode  : 20.3
DFA transitions / episode   : 0.38
DFA transitions in window   : 1->2: 33, 2->3: 5
epsilon (next episode)       : 0.36781
replay buffer                : 300000 samples [1: 87.8%, 2: 11.5%, 3: 0.7%, 4: 0.0%]
DFA state visits in window   : 1: 19011, 2: 5989, 3: 865, 4: 0
DFA state visits cumulative  : 1: 391111, 2: 35550, 3: 2208, 4: 0
DFA state entries in window  : 1: 100, 2: 33, 3: 5, 4: 0
DFA state entries cumulative : 1: 2500, 2: 217, 3: 13, 4: 0
transitions cumulative       : 1->2: 217, 2->3: 13
accepted directly from s0    : 0
Gym endings cumulative       : terminated=2451, truncated=50
Best policy updated at episode 2500: mean learning reward=75.172

[Episode 2600/8000 | last 100]
success rate                : 0.0% (cumulative 0.0%)
synthetic task reward       : 0.000
shaping reward              : 126.746
learning reward             : 126.746
episode length              : 334.6
abstract changes / episode  : 23.9
DFA transitions / episode   : 0.53
DFA transitions in window   : 1->2: 40, 2->3: 13
epsilon (next episode)       : 0.35338
replay buffer                : 300000 samples [1: 83.3%, 2: 15.3%, 3: 1.5%, 4: 0.0%]
DFA state visits in window   : 1: 19781, 2: 11558, 3: 2216, 4: 0
DFA state visits cumulative  : 1: 410892, 2: 47108, 3: 4424, 4: 0
DFA state entries in window  : 1: 100, 2: 40, 3: 13, 4: 0
DFA state entries cumulative : 1: 2600, 2: 257, 3: 26, 4: 0
transitions cumulative       : 1->2: 257, 2->3: 26
accepted directly from s0    : 0
Gym endings cumulative       : terminated=2544, truncated=57
Best policy updated at episode 2600: mean learning reward=126.746

[Episode 2700/8000 | last 100]
success rate                : 0.0% (cumulative 0.0%)
synthetic task reward       : 0.000
shaping reward              : 154.852
learning reward             : 154.852
episode length              : 274.8
abstract changes / episode  : 20.5
DFA transitions / episode   : 0.55
DFA transitions in window   : 1->2: 40, 2->3: 15
epsilon (next episode)       : 0.33952
replay buffer                : 300000 samples [1: 79.7%, 2: 17.8%, 3: 2.5%, 4: 0.0%]
DFA state visits in window   : 1: 16225, 2: 8303, 3: 3050, 4: 0
DFA state visits cumulative  : 1: 427117, 2: 55411, 3: 7474, 4: 0
DFA state entries in window  : 1: 100, 2: 40, 3: 15, 4: 0
DFA state entries cumulative : 1: 2700, 2: 297, 3: 41, 4: 0
transitions cumulative       : 1->2: 297, 2->3: 41
accepted directly from s0    : 0
Gym endings cumulative       : terminated=2641, truncated=60
Best policy updated at episode 2700: mean learning reward=154.852

[Episode 2800/8000 | last 100]
success rate                : 9.0% (cumulative 0.3%)
synthetic task reward       : 900.000
shaping reward              : 319.615
learning reward             : 1219.615
episode length              : 440.6
abstract changes / episode  : 27.2
DFA transitions / episode   : 0.82
DFA transitions in window   : 1->2: 47, 2->3: 26, 3->4: 9
epsilon (next episode)       : 0.32621
replay buffer                : 300000 samples [1: 73.4%, 2: 21.8%, 3: 4.7%, 4: 0.0%]
DFA state visits in window   : 1: 23012, 2: 14359, 3: 6780, 4: 9
DFA state visits cumulative  : 1: 450129, 2: 69770, 3: 14254, 4: 9
DFA state entries in window  : 1: 100, 2: 47, 3: 26, 4: 9
DFA state entries cumulative : 1: 2800, 2: 344, 3: 67, 4: 9
transitions cumulative       : 1->2: 344, 2->3: 67, 3->4: 9
accepted directly from s0    : 0
Gym endings cumulative       : terminated=2716, truncated=76
Best policy updated at episode 2800: mean learning reward=1219.615

[Episode 2900/8000 | last 100]
success rate                : 8.0% (cumulative 0.6%)
synthetic task reward       : 800.000
shaping reward              : 288.701
learning reward             : 1088.701
episode length              : 456.7
abstract changes / episode  : 31.8
DFA transitions / episode   : 0.83
DFA transitions in window   : 1->2: 53, 2->3: 22, 3->4: 8
epsilon (next episode)       : 0.31341
replay buffer                : 300000 samples [1: 69.2%, 2: 24.2%, 3: 6.6%, 4: 0.0%]
DFA state visits in window   : 1: 26997, 2: 13129, 3: 5636, 4: 8
DFA state visits cumulative  : 1: 477126, 2: 82899, 3: 19890, 4: 17
DFA state entries in window  : 1: 100, 2: 53, 3: 22, 4: 8
DFA state entries cumulative : 1: 2900, 2: 397, 3: 89, 4: 17
transitions cumulative       : 1->2: 397, 2->3: 89, 3->4: 17
accepted directly from s0    : 0
Gym endings cumulative       : terminated=2792, truncated=92

[Episode 3000/8000 | last 100]
success rate                : 10.0% (cumulative 0.9%)
synthetic task reward       : 1000.000
shaping reward              : 338.461
learning reward             : 1338.461
episode length              : 405.1
abstract changes / episode  : 29.0
DFA transitions / episode   : 0.89
DFA transitions in window   : 1->2: 50, 2->3: 29, 3->4: 10
epsilon (next episode)       : 0.30112
replay buffer                : 300000 samples [1: 66.3%, 2: 24.9%, 3: 8.8%, 4: 0.0%]
DFA state visits in window   : 1: 24216, 2: 9560, 3: 6828, 4: 10
DFA state visits cumulative  : 1: 501342, 2: 92459, 3: 26718, 4: 27
DFA state entries in window  : 1: 100, 2: 50, 3: 29, 4: 10
DFA state entries cumulative : 1: 3000, 2: 447, 3: 118, 4: 27
transitions cumulative       : 1->2: 447, 2->3: 118, 3->4: 27
accepted directly from s0    : 0
Gym endings cumulative       : terminated=2871, truncated=103
Best policy updated at episode 3000: mean learning reward=1338.461

[Episode 3100/8000 | last 100]
success rate                : 19.0% (cumulative 1.5%)
synthetic task reward       : 1900.000
shaping reward              : 448.283
learning reward             : 2348.283
episode length              : 467.8
abstract changes / episode  : 33.6
DFA transitions / episode   : 1.11
DFA transitions in window   : 1->2: 54, 2->3: 38, 3->4: 19
epsilon (next episode)       : 0.28931
replay buffer                : 300000 samples [1: 61.1%, 2: 27.2%, 3: 11.6%, 4: 0.0%]
DFA state visits in window   : 1: 25670, 2: 12577, 3: 8612, 4: 19
DFA state visits cumulative  : 1: 527012, 2: 105036, 3: 35330, 4: 46
DFA state entries in window  : 1: 100, 2: 54, 3: 38, 4: 19
DFA state entries cumulative : 1: 3100, 2: 501, 3: 156, 4: 46
transitions cumulative       : 1->2: 501, 2->3: 156, 3->4: 46
accepted directly from s0    : 0
Gym endings cumulative       : terminated=2941, truncated=114
Best policy updated at episode 3100: mean learning reward=2348.283

[Episode 3200/8000 | last 100]
success rate                : 34.0% (cumulative 2.5%)
synthetic task reward       : 3400.000
shaping reward              : 645.086
learning reward             : 4045.086
episode length              : 572.8
abstract changes / episode  : 36.0
DFA transitions / episode   : 1.54
DFA transitions in window   : 1->2: 71, 2->3: 49, 3->4: 34
epsilon (next episode)       : 0.27797
replay buffer                : 300000 samples [1: 56.0%, 2: 30.0%, 3: 14.1%, 4: 0.0%]
DFA state visits in window   : 1: 29549, 2: 18703, 3: 9093, 4: 34
DFA state visits cumulative  : 1: 556561, 2: 123739, 3: 44423, 4: 80
DFA state entries in window  : 1: 100, 2: 71, 3: 49, 4: 34
DFA state entries cumulative : 1: 3200, 2: 572, 3: 205, 4: 80
transitions cumulative       : 1->2: 572, 2->3: 205, 3->4: 80
accepted directly from s0    : 0
Gym endings cumulative       : terminated=2992, truncated=129
Best policy updated at episode 3200: mean learning reward=4045.086

[Episode 3300/8000 | last 100]
success rate                : 33.0% (cumulative 3.4%)
synthetic task reward       : 3300.000
shaping reward              : 638.578
learning reward             : 3938.578
episode length              : 478.7
abstract changes / episode  : 34.3
DFA transitions / episode   : 1.47
DFA transitions in window   : 1->2: 70, 2->3: 44, 3->4: 33
epsilon (next episode)       : 0.26706
replay buffer                : 300000 samples [1: 53.1%, 2: 31.3%, 3: 15.7%, 4: 0.0%]
DFA state visits in window   : 1: 20020, 2: 19958, 3: 7959, 4: 33
DFA state visits cumulative  : 1: 576581, 2: 143697, 3: 52382, 4: 113
DFA state entries in window  : 1: 100, 2: 70, 3: 44, 4: 33
DFA state entries cumulative : 1: 3300, 2: 642, 3: 249, 4: 113
transitions cumulative       : 1->2: 642, 2->3: 249, 3->4: 113
accepted directly from s0    : 0
Gym endings cumulative       : terminated=3046, truncated=142

[Episode 3400/8000 | last 100]
success rate                : 38.0% (cumulative 4.4%)
synthetic task reward       : 3800.000
shaping reward              : 746.842
learning reward             : 4546.842
episode length              : 460.3
abstract changes / episode  : 33.0
DFA transitions / episode   : 1.60
DFA transitions in window   : 1->2: 77, 2->3: 45, 3->4: 38
epsilon (next episode)       : 0.25659
replay buffer                : 300000 samples [1: 51.1%, 2: 33.0%, 3: 15.9%, 4: 0.0%]
DFA state visits in window   : 1: 18857, 2: 20787, 3: 6448, 4: 38
DFA state visits cumulative  : 1: 595438, 2: 164484, 3: 58830, 4: 151
DFA state entries in window  : 1: 100, 2: 77, 3: 45, 4: 38
DFA state entries cumulative : 1: 3400, 2: 719, 3: 294, 4: 151
transitions cumulative       : 1->2: 719, 2->3: 294, 3->4: 151
accepted directly from s0    : 0
Gym endings cumulative       : terminated=3097, truncated=153
Best policy updated at episode 3400: mean learning reward=4546.842

[Episode 3500/8000 | last 100]
success rate                : 61.0% (cumulative 6.1%)
synthetic task reward       : 6100.000
shaping reward              : 988.519
learning reward             : 7088.519
episode length              : 451.0
abstract changes / episode  : 31.8
DFA transitions / episode   : 2.07
DFA transitions in window   : 1->2: 81, 2->3: 65, 3->4: 61
epsilon (next episode)       : 0.24653
replay buffer                : 300000 samples [1: 50.3%, 2: 34.4%, 3: 15.4%, 4: 0.0%]
DFA state visits in window   : 1: 21532, 2: 17159, 3: 6445, 4: 61
DFA state visits cumulative  : 1: 616970, 2: 181643, 3: 65275, 4: 212
DFA state entries in window  : 1: 100, 2: 81, 3: 65, 4: 61
DFA state entries cumulative : 1: 3500, 2: 800, 3: 359, 4: 212
transitions cumulative       : 1->2: 800, 2->3: 359, 3->4: 212
accepted directly from s0    : 0
Gym endings cumulative       : terminated=3132, truncated=157
Best policy updated at episode 3500: mean learning reward=7088.519

[Episode 3600/8000 | last 100]
success rate                : 73.0% (cumulative 7.9%)
synthetic task reward       : 7300.000
shaping reward              : 1244.958
learning reward             : 8544.958
episode length              : 558.0
abstract changes / episode  : 39.5
DFA transitions / episode   : 2.49
DFA transitions in window   : 1->2: 93, 2->3: 83, 3->4: 73
epsilon (next episode)       : 0.23686
replay buffer                : 300000 samples [1: 45.7%, 2: 37.4%, 3: 16.8%, 4: 0.0%]
DFA state visits in window   : 1: 21219, 2: 23275, 3: 11328, 4: 73
DFA state visits cumulative  : 1: 638189, 2: 204918, 3: 76603, 4: 285
DFA state entries in window  : 1: 100, 2: 93, 3: 83, 4: 73
DFA state entries cumulative : 1: 3600, 2: 893, 3: 442, 4: 285
transitions cumulative       : 1->2: 893, 2->3: 442, 3->4: 285
accepted directly from s0    : 0
Gym endings cumulative       : terminated=3152, truncated=164
Best policy updated at episode 3600: mean learning reward=8544.958

[Episode 3700/8000 | last 100]
success rate                : 72.0% (cumulative 9.6%)
synthetic task reward       : 7200.000
shaping reward              : 1217.937
learning reward             : 8417.937
episode length              : 452.7
abstract changes / episode  : 33.1
DFA transitions / episode   : 2.39
DFA transitions in window   : 1->2: 88, 2->3: 79, 3->4: 72
epsilon (next episode)       : 0.22757
replay buffer                : 300000 samples [1: 43.5%, 2: 39.4%, 3: 17.0%, 4: 0.0%]
DFA state visits in window   : 1: 17995, 2: 18023, 3: 9282, 4: 72
DFA state visits cumulative  : 1: 656184, 2: 222941, 3: 85885, 4: 357
DFA state entries in window  : 1: 100, 2: 88, 3: 79, 4: 72
DFA state entries cumulative : 1: 3700, 2: 981, 3: 521, 4: 357
transitions cumulative       : 1->2: 981, 2->3: 521, 3->4: 357
accepted directly from s0    : 0
Gym endings cumulative       : terminated=3176, truncated=168

[Episode 3800/8000 | last 100]
success rate                : 74.0% (cumulative 11.3%)
synthetic task reward       : 7400.000
shaping reward              : 1173.220
learning reward             : 8573.220
episode length              : 407.4
abstract changes / episode  : 29.5
DFA transitions / episode   : 2.34
DFA transitions in window   : 1->2: 84, 2->3: 76, 3->4: 74
epsilon (next episode)       : 0.21865
replay buffer                : 300000 samples [1: 41.4%, 2: 40.6%, 3: 18.0%, 4: 0.0%]
DFA state visits in window   : 1: 16280, 2: 15078, 3: 9410, 4: 74
DFA state visits cumulative  : 1: 672464, 2: 238019, 3: 95295, 4: 431
DFA state entries in window  : 1: 100, 2: 84, 3: 76, 4: 74
DFA state entries cumulative : 1: 3800, 2: 1065, 3: 597, 4: 431
transitions cumulative       : 1->2: 1065, 2->3: 597, 3->4: 431
accepted directly from s0    : 0
Gym endings cumulative       : terminated=3201, truncated=169
Best policy updated at episode 3800: mean learning reward=8573.220

[Episode 3900/8000 | last 100]
success rate                : 79.0% (cumulative 13.1%)
synthetic task reward       : 7900.000
shaping reward              : 1267.048
learning reward             : 9167.048
episode length              : 467.3
abstract changes / episode  : 33.6
DFA transitions / episode   : 2.53
DFA transitions in window   : 1->2: 89, 2->3: 85, 3->4: 79
epsilon (next episode)       : 0.21007
replay buffer                : 300000 samples [1: 41.2%, 2: 40.5%, 3: 18.4%, 4: 0.0%]
DFA state visits in window   : 1: 20160, 2: 18416, 3: 8176, 4: 79
DFA state visits cumulative  : 1: 692624, 2: 256435, 3: 103471, 4: 510
DFA state entries in window  : 1: 100, 2: 89, 3: 85, 4: 79
DFA state entries cumulative : 1: 3900, 2: 1154, 3: 682, 4: 510
transitions cumulative       : 1->2: 1154, 2->3: 682, 3->4: 510
accepted directly from s0    : 0
Gym endings cumulative       : terminated=3219, truncated=172
Best policy updated at episode 3900: mean learning reward=9167.048

[Episode 4000/8000 | last 100]
success rate                : 72.0% (cumulative 14.5%)
synthetic task reward       : 7200.000
shaping reward              : 1216.569
learning reward             : 8416.569
episode length              : 526.1
abstract changes / episode  : 38.9
DFA transitions / episode   : 2.43
DFA transitions in window   : 1->2: 91, 2->3: 80, 3->4: 72
epsilon (next episode)       : 0.20183
replay buffer                : 300000 samples [1: 41.9%, 2: 39.4%, 3: 18.7%, 4: 0.0%]
DFA state visits in window   : 1: 22289, 2: 21108, 3: 9241, 4: 72
DFA state visits cumulative  : 1: 714913, 2: 277543, 3: 112712, 4: 582
DFA state entries in window  : 1: 100, 2: 91, 3: 80, 4: 72
DFA state entries cumulative : 1: 4000, 2: 1245, 3: 762, 4: 582
transitions cumulative       : 1->2: 1245, 2->3: 762, 3->4: 582
accepted directly from s0    : 0
Gym endings cumulative       : terminated=3242, truncated=177

[Episode 4100/8000 | last 100]
success rate                : 70.0% (cumulative 15.9%)
synthetic task reward       : 7000.000
shaping reward              : 1185.994
learning reward             : 8185.994
episode length              : 456.6
abstract changes / episode  : 33.7
DFA transitions / episode   : 2.37
DFA transitions in window   : 1->2: 95, 2->3: 72, 3->4: 70
epsilon (next episode)       : 0.19392
replay buffer                : 300000 samples [1: 41.6%, 2: 39.5%, 3: 18.8%, 4: 0.0%]
DFA state visits in window   : 1: 20734, 2: 17785, 3: 7173, 4: 70
DFA state visits cumulative  : 1: 735647, 2: 295328, 3: 119885, 4: 652
DFA state entries in window  : 1: 100, 2: 95, 3: 72, 4: 70
DFA state entries cumulative : 1: 4100, 2: 1340, 3: 834, 4: 652
transitions cumulative       : 1->2: 1340, 2->3: 834, 3->4: 652
accepted directly from s0    : 0
Gym endings cumulative       : terminated=3269, truncated=180

[Episode 4200/8000 | last 100]
success rate                : 59.0% (cumulative 16.9%)
synthetic task reward       : 5900.000
shaping reward              : 1069.415
learning reward             : 6969.415
episode length              : 378.7
abstract changes / episode  : 28.2
DFA transitions / episode   : 2.10
DFA transitions in window   : 1->2: 83, 2->3: 68, 3->4: 59
epsilon (next episode)       : 0.18631
replay buffer                : 300000 samples [1: 42.5%, 2: 39.3%, 3: 18.2%, 4: 0.0%]
DFA state visits in window   : 1: 17580, 2: 14452, 3: 5877, 4: 59
DFA state visits cumulative  : 1: 753227, 2: 309780, 3: 125762, 4: 711
DFA state entries in window  : 1: 100, 2: 83, 3: 68, 4: 59
DFA state entries cumulative : 1: 4200, 2: 1423, 3: 902, 4: 711
transitions cumulative       : 1->2: 1423, 2->3: 902, 3->4: 711
accepted directly from s0    : 0
Gym endings cumulative       : terminated=3308, truncated=182

[Episode 4300/8000 | last 100]
success rate                : 73.0% (cumulative 18.2%)
synthetic task reward       : 7300.000
shaping reward              : 1189.002
learning reward             : 8489.002
episode length              : 421.5
abstract changes / episode  : 31.9
DFA transitions / episode   : 2.39
DFA transitions in window   : 1->2: 90, 2->3: 76, 3->4: 73
epsilon (next episode)       : 0.17900
replay buffer                : 300000 samples [1: 42.4%, 2: 39.5%, 3: 18.1%, 4: 0.0%]
DFA state visits in window   : 1: 16080, 2: 18806, 3: 7294, 4: 73
DFA state visits cumulative  : 1: 769307, 2: 328586, 3: 133056, 4: 784
DFA state entries in window  : 1: 100, 2: 90, 3: 76, 4: 73
DFA state entries cumulative : 1: 4300, 2: 1513, 3: 978, 4: 784
transitions cumulative       : 1->2: 1513, 2->3: 978, 3->4: 784
accepted directly from s0    : 0
Gym endings cumulative       : terminated=3334, truncated=183

[Episode 4400/8000 | last 100]
success rate                : 73.0% (cumulative 19.5%)
synthetic task reward       : 7300.000
shaping reward              : 1217.772
learning reward             : 8517.772
episode length              : 388.4
abstract changes / episode  : 28.9
DFA transitions / episode   : 2.35
DFA transitions in window   : 1->2: 83, 2->3: 79, 3->4: 73
epsilon (next episode)       : 0.17198
replay buffer                : 300000 samples [1: 43.6%, 2: 38.9%, 3: 17.5%, 4: 0.0%]
DFA state visits in window   : 1: 19124, 2: 12738, 3: 7008, 4: 73
DFA state visits cumulative  : 1: 788431, 2: 341324, 3: 140064, 4: 857
DFA state entries in window  : 1: 100, 2: 83, 3: 79, 4: 73
DFA state entries cumulative : 1: 4400, 2: 1596, 3: 1057, 4: 857
transitions cumulative       : 1->2: 1596, 2->3: 1057, 3->4: 857
accepted directly from s0    : 0
Gym endings cumulative       : terminated=3359, truncated=185

[Episode 4500/8000 | last 100]
success rate                : 69.0% (cumulative 20.6%)
synthetic task reward       : 6900.000
shaping reward              : 1184.891
learning reward             : 8084.891
episode length              : 366.9
abstract changes / episode  : 28.7
DFA transitions / episode   : 2.34
DFA transitions in window   : 1->2: 88, 2->3: 77, 3->4: 69
epsilon (next episode)       : 0.16524
replay buffer                : 300000 samples [1: 44.0%, 2: 39.2%, 3: 16.9%, 4: 0.0%]
DFA state visits in window   : 1: 16241, 2: 14557, 3: 5925, 4: 69
DFA state visits cumulative  : 1: 804672, 2: 355881, 3: 145989, 4: 926
DFA state entries in window  : 1: 100, 2: 88, 3: 77, 4: 69
DFA state entries cumulative : 1: 4500, 2: 1684, 3: 1134, 4: 926
transitions cumulative       : 1->2: 1684, 2->3: 1134, 3->4: 926
accepted directly from s0    : 0
Gym endings cumulative       : terminated=3389, truncated=186

[Episode 4600/8000 | last 100]
success rate                : 73.0% (cumulative 21.7%)
synthetic task reward       : 7300.000
shaping reward              : 1235.240
learning reward             : 8535.240
episode length              : 386.8
abstract changes / episode  : 30.0
DFA transitions / episode   : 2.47
DFA transitions in window   : 1->2: 92, 2->3: 82, 3->4: 73
epsilon (next episode)       : 0.15876
replay buffer                : 300000 samples [1: 44.0%, 2: 39.0%, 3: 17.0%, 4: 0.0%]
DFA state visits in window   : 1: 15951, 2: 15219, 3: 7539, 4: 73
DFA state visits cumulative  : 1: 820623, 2: 371100, 3: 153528, 4: 999
DFA state entries in window  : 1: 100, 2: 92, 3: 82, 4: 73
DFA state entries cumulative : 1: 4600, 2: 1776, 3: 1216, 4: 999
transitions cumulative       : 1->2: 1776, 2->3: 1216, 3->4: 999
accepted directly from s0    : 0
Gym endings cumulative       : terminated=3416, truncated=186

[Episode 4700/8000 | last 100]
success rate                : 48.0% (cumulative 22.3%)
synthetic task reward       : 4800.000
shaping reward              : 957.888
learning reward             : 5757.888
episode length              : 415.2
abstract changes / episode  : 31.6
DFA transitions / episode   : 1.90
DFA transitions in window   : 1->2: 80, 2->3: 62, 3->4: 48
epsilon (next episode)       : 0.15253
replay buffer                : 300000 samples [1: 45.2%, 2: 38.7%, 3: 16.2%, 4: 0.0%]
DFA state visits in window   : 1: 20839, 2: 15292, 3: 5439, 4: 48
DFA state visits cumulative  : 1: 841462, 2: 386392, 3: 158967, 4: 1047
DFA state entries in window  : 1: 100, 2: 80, 3: 62, 4: 48
DFA state entries cumulative : 1: 4700, 2: 1856, 3: 1278, 4: 1047
transitions cumulative       : 1->2: 1856, 2->3: 1278, 3->4: 1047
accepted directly from s0    : 0
Gym endings cumulative       : terminated=3463, truncated=191

[Episode 4800/8000 | last 100]
success rate                : 73.0% (cumulative 23.3%)
synthetic task reward       : 7300.000
shaping reward              : 1160.928
learning reward             : 8460.928
episode length              : 364.9
abstract changes / episode  : 28.9
DFA transitions / episode   : 2.34
DFA transitions in window   : 1->2: 83, 2->3: 78, 3->4: 73
epsilon (next episode)       : 0.14655
replay buffer                : 300000 samples [1: 45.6%, 2: 37.8%, 3: 16.6%, 4: 0.0%]
DFA state visits in window   : 1: 19833, 2: 10686, 3: 5996, 4: 73
DFA state visits cumulative  : 1: 861295, 2: 397078, 3: 164963, 4: 1120
DFA state entries in window  : 1: 100, 2: 83, 3: 78, 4: 73
DFA state entries cumulative : 1: 4800, 2: 1939, 3: 1356, 4: 1120
transitions cumulative       : 1->2: 1939, 2->3: 1356, 3->4: 1120
accepted directly from s0    : 0
Gym endings cumulative       : terminated=3489, truncated=192

[Episode 4900/8000 | last 100]
success rate                : 76.0% (cumulative 24.4%)
synthetic task reward       : 7600.000
shaping reward              : 1259.988
learning reward             : 8859.988
episode length              : 408.2
abstract changes / episode  : 32.7
DFA transitions / episode   : 2.55
DFA transitions in window   : 1->2: 95, 2->3: 84, 3->4: 76
epsilon (next episode)       : 0.14080
replay buffer                : 300000 samples [1: 45.8%, 2: 37.4%, 3: 16.7%, 4: 0.0%]
DFA state visits in window   : 1: 17902, 2: 15258, 3: 7689, 4: 76
DFA state visits cumulative  : 1: 879197, 2: 412336, 3: 172652, 4: 1196
DFA state entries in window  : 1: 100, 2: 95, 3: 84, 4: 76
DFA state entries cumulative : 1: 4900, 2: 2034, 3: 1440, 4: 1196
transitions cumulative       : 1->2: 2034, 2->3: 1440, 3->4: 1196
accepted directly from s0    : 0
Gym endings cumulative       : terminated=3510, truncated=195

[Episode 5000/8000 | last 100]
success rate                : 67.0% (cumulative 25.3%)
synthetic task reward       : 6700.000
shaping reward              : 998.785
learning reward             : 7698.785
episode length              : 332.6
abstract changes / episode  : 26.2
DFA transitions / episode   : 2.16
DFA transitions in window   : 1->2: 79, 2->3: 70, 3->4: 67
epsilon (next episode)       : 0.13528
replay buffer                : 300000 samples [1: 46.8%, 2: 36.6%, 3: 16.6%, 4: 0.0%]
DFA state visits in window   : 1: 17095, 2: 11260, 3: 4937, 4: 67
DFA state visits cumulative  : 1: 896292, 2: 423596, 3: 177589, 4: 1263
DFA state entries in window  : 1: 100, 2: 79, 3: 70, 4: 67
DFA state entries cumulative : 1: 5000, 2: 2113, 3: 1510, 4: 1263
transitions cumulative       : 1->2: 2113, 2->3: 1510, 3->4: 1263
accepted directly from s0    : 0
Gym endings cumulative       : terminated=3542, truncated=196

[Episode 5100/8000 | last 100]
success rate                : 59.0% (cumulative 25.9%)
synthetic task reward       : 5900.000
shaping reward              : 850.609
learning reward             : 6750.609
episode length              : 302.9
abstract changes / episode  : 23.5
DFA transitions / episode   : 1.94
DFA transitions in window   : 1->2: 70, 2->3: 65, 3->4: 59
epsilon (next episode)       : 0.12998
replay buffer                : 300000 samples [1: 48.1%, 2: 35.4%, 3: 16.4%, 4: 0.0%]
DFA state visits in window   : 1: 15865, 2: 10245, 3: 4224, 4: 59
DFA state visits cumulative  : 1: 912157, 2: 433841, 3: 181813, 4: 1322
DFA state entries in window  : 1: 100, 2: 70, 3: 65, 4: 59
DFA state entries cumulative : 1: 5100, 2: 2183, 3: 1575, 4: 1322
transitions cumulative       : 1->2: 2183, 2->3: 1575, 3->4: 1322
accepted directly from s0    : 0
Gym endings cumulative       : terminated=3583, truncated=196

[Episode 5200/8000 | last 100]
success rate                : 77.0% (cumulative 26.9%)
synthetic task reward       : 7700.000
shaping reward              : 1323.784
learning reward             : 9023.784
episode length              : 381.5
abstract changes / episode  : 30.3
DFA transitions / episode   : 2.62
DFA transitions in window   : 1->2: 97, 2->3: 88, 3->4: 77
epsilon (next episode)       : 0.12488
replay buffer                : 300000 samples [1: 47.6%, 2: 36.5%, 3: 15.9%, 4: 0.0%]
DFA state visits in window   : 1: 16350, 2: 16182, 3: 5645, 4: 77
DFA state visits cumulative  : 1: 928507, 2: 450023, 3: 187458, 4: 1399
DFA state entries in window  : 1: 100, 2: 97, 3: 88, 4: 77
DFA state entries cumulative : 1: 5200, 2: 2280, 3: 1663, 4: 1399
transitions cumulative       : 1->2: 2280, 2->3: 1663, 3->4: 1399
accepted directly from s0    : 0
Gym endings cumulative       : terminated=3604, truncated=198

[Episode 5300/8000 | last 100]
success rate                : 75.0% (cumulative 27.8%)
synthetic task reward       : 7500.000
shaping reward              : 1277.027
learning reward             : 8777.027
episode length              : 400.4
abstract changes / episode  : 30.3
DFA transitions / episode   : 2.56
DFA transitions in window   : 1->2: 95, 2->3: 86, 3->4: 75
epsilon (next episode)       : 0.11998
replay buffer                : 300000 samples [1: 47.0%, 2: 36.4%, 3: 16.6%, 4: 0.0%]
DFA state visits in window   : 1: 16984, 2: 14790, 3: 8290, 4: 75
DFA state visits cumulative  : 1: 945491, 2: 464813, 3: 195748, 4: 1474
DFA state entries in window  : 1: 100, 2: 95, 3: 86, 4: 75
DFA state entries cumulative : 1: 5300, 2: 2375, 3: 1749, 4: 1474
transitions cumulative       : 1->2: 2375, 2->3: 1749, 3->4: 1474
accepted directly from s0    : 0
Gym endings cumulative       : terminated=3626, truncated=201

[Episode 5400/8000 | last 100]
success rate                : 57.0% (cumulative 28.4%)
synthetic task reward       : 5700.000
shaping reward              : 960.729
learning reward             : 6660.729
episode length              : 347.8
abstract changes / episode  : 25.3
DFA transitions / episode   : 2.01
DFA transitions in window   : 1->2: 76, 2->3: 68, 3->4: 57
epsilon (next episode)       : 0.11528
replay buffer                : 300000 samples [1: 49.2%, 2: 35.4%, 3: 15.4%, 4: 0.0%]
DFA state visits in window   : 1: 21077, 2: 10400, 3: 3348, 4: 57
DFA state visits cumulative  : 1: 966568, 2: 475213, 3: 199096, 4: 1531
DFA state entries in window  : 1: 100, 2: 76, 3: 68, 4: 57
DFA state entries cumulative : 1: 5400, 2: 2451, 3: 1817, 4: 1531
transitions cumulative       : 1->2: 2451, 2->3: 1817, 3->4: 1531
accepted directly from s0    : 0
Gym endings cumulative       : terminated=3667, truncated=203

[Episode 5500/8000 | last 100]
success rate                : 56.0% (cumulative 28.9%)
synthetic task reward       : 5600.000
shaping reward              : 918.154
learning reward             : 6518.154
episode length              : 319.5
abstract changes / episode  : 22.2
DFA transitions / episode   : 1.91
DFA transitions in window   : 1->2: 73, 2->3: 62, 3->4: 56
epsilon (next episode)       : 0.11075
replay buffer                : 300000 samples [1: 51.3%, 2: 34.0%, 3: 14.7%, 4: 0.0%]
DFA state visits in window   : 1: 21218, 2: 8525, 3: 2248, 4: 56
DFA state visits cumulative  : 1: 987786, 2: 483738, 3: 201344, 4: 1587
DFA state entries in window  : 1: 100, 2: 73, 3: 62, 4: 56
DFA state entries cumulative : 1: 5500, 2: 2524, 3: 1879, 4: 1587
transitions cumulative       : 1->2: 2524, 2->3: 1879, 3->4: 1587
accepted directly from s0    : 0
Gym endings cumulative       : terminated=3710, truncated=204

[Episode 5600/8000 | last 100]
success rate                : 54.0% (cumulative 29.3%)
synthetic task reward       : 5400.000
shaping reward              : 698.251
learning reward             : 6098.251
episode length              : 260.8
abstract changes / episode  : 21.7
DFA transitions / episode   : 1.76
DFA transitions in window   : 1->2: 66, 2->3: 56, 3->4: 54
epsilon (next episode)       : 0.10641
replay buffer                : 300000 samples [1: 51.3%, 2: 34.3%, 3: 14.4%, 4: 0.0%]
DFA state visits in window   : 1: 14071, 2: 9229, 3: 2827, 4: 54
DFA state visits cumulative  : 1: 1001857, 2: 492967, 3: 204171, 4: 1641
DFA state entries in window  : 1: 100, 2: 66, 3: 56, 4: 54
DFA state entries cumulative : 1: 5600, 2: 2590, 3: 1935, 4: 1641
transitions cumulative       : 1->2: 2590, 2->3: 1935, 3->4: 1641
accepted directly from s0    : 0
Gym endings cumulative       : terminated=3756, truncated=204

[Episode 5700/8000 | last 100]
success rate                : 61.0% (cumulative 29.9%)
synthetic task reward       : 6100.000
shaping reward              : 929.242
learning reward             : 7029.242
episode length              : 275.8
abstract changes / episode  : 23.4
DFA transitions / episode   : 1.97
DFA transitions in window   : 1->2: 70, 2->3: 66, 3->4: 61
epsilon (next episode)       : 0.10224
replay buffer                : 300000 samples [1: 51.0%, 2: 35.1%, 3: 13.8%, 4: 0.0%]
DFA state visits in window   : 1: 14047, 2: 10754, 3: 2822, 4: 61
DFA state visits cumulative  : 1: 1015904, 2: 503721, 3: 206993, 4: 1702
DFA state entries in window  : 1: 100, 2: 70, 3: 66, 4: 61
DFA state entries cumulative : 1: 5700, 2: 2660, 3: 2001, 4: 1702
transitions cumulative       : 1->2: 2660, 2->3: 2001, 3->4: 1702
accepted directly from s0    : 0
Gym endings cumulative       : terminated=3795, truncated=204

[Episode 5800/8000 | last 100]
success rate                : 73.0% (cumulative 30.6%)
synthetic task reward       : 7300.000
shaping reward              : 1265.781
learning reward             : 8565.781
episode length              : 328.2
abstract changes / episode  : 26.9
DFA transitions / episode   : 2.48
DFA transitions in window   : 1->2: 92, 2->3: 83, 3->4: 73
epsilon (next episode)       : 0.09823
replay buffer                : 300000 samples [1: 51.2%, 2: 35.4%, 3: 13.4%, 4: 0.0%]
DFA state visits in window   : 1: 14943, 2: 12756, 3: 5147, 4: 73
DFA state visits cumulative  : 1: 1030847, 2: 516477, 3: 212140, 4: 1775
DFA state entries in window  : 1: 100, 2: 92, 3: 83, 4: 73
DFA state entries cumulative : 1: 5800, 2: 2752, 3: 2084, 4: 1775
transitions cumulative       : 1->2: 2752, 2->3: 2084, 3->4: 1775
accepted directly from s0    : 0
Gym endings cumulative       : terminated=3822, truncated=204

[Episode 5900/8000 | last 100]
success rate                : 79.0% (cumulative 31.4%)
synthetic task reward       : 7900.000
shaping reward              : 1320.219
learning reward             : 9220.219
episode length              : 331.6
abstract changes / episode  : 27.1
DFA transitions / episode   : 2.63
DFA transitions in window   : 1->2: 94, 2->3: 90, 3->4: 79
epsilon (next episode)       : 0.09438
replay buffer                : 300000 samples [1: 50.7%, 2: 35.3%, 3: 14.0%, 4: 0.0%]
DFA state visits in window   : 1: 14518, 2: 11908, 3: 6756, 4: 79
DFA state visits cumulative  : 1: 1045365, 2: 528385, 3: 218896, 4: 1854
DFA state entries in window  : 1: 100, 2: 94, 3: 90, 4: 79
DFA state entries cumulative : 1: 5900, 2: 2846, 3: 2174, 4: 1854
transitions cumulative       : 1->2: 2846, 2->3: 2174, 3->4: 1854
accepted directly from s0    : 0
Gym endings cumulative       : terminated=3840, truncated=207
Best policy updated at episode 5900: mean learning reward=9220.219

[Episode 6000/8000 | last 100]
success rate                : 83.0% (cumulative 32.3%)
synthetic task reward       : 8300.000
shaping reward              : 1305.737
learning reward             : 9605.737
episode length              : 290.4
abstract changes / episode  : 22.5
DFA transitions / episode   : 2.62
DFA transitions in window   : 1->2: 92, 2->3: 87, 3->4: 83
epsilon (next episode)       : 0.09067
replay buffer                : 300000 samples [1: 50.3%, 2: 35.9%, 3: 13.8%, 4: 0.0%]
DFA state visits in window   : 1: 14542, 2: 10861, 3: 3655, 4: 83
DFA state visits cumulative  : 1: 1059907, 2: 539246, 3: 222551, 4: 1937
DFA state entries in window  : 1: 100, 2: 92, 3: 87, 4: 83
DFA state entries cumulative : 1: 6000, 2: 2938, 3: 2261, 4: 1937
transitions cumulative       : 1->2: 2938, 2->3: 2261, 3->4: 1937
accepted directly from s0    : 0
Gym endings cumulative       : terminated=3857, truncated=207
Best policy updated at episode 6000: mean learning reward=9605.737

[Episode 6100/8000 | last 100]
success rate                : 58.0% (cumulative 32.7%)
synthetic task reward       : 5800.000
shaping reward              : 1048.105
learning reward             : 6848.105
episode length              : 288.2
abstract changes / episode  : 21.3
DFA transitions / episode   : 2.03
DFA transitions in window   : 1->2: 79, 2->3: 66, 3->4: 58
epsilon (next episode)       : 0.08712
replay buffer                : 300000 samples [1: 51.1%, 2: 35.4%, 3: 13.5%, 4: 0.0%]
DFA state visits in window   : 1: 15544, 2: 10230, 3: 3089, 4: 58
DFA state visits cumulative  : 1: 1075451, 2: 549476, 3: 225640, 4: 1995
DFA state entries in window  : 1: 100, 2: 79, 3: 66, 4: 58
DFA state entries cumulative : 1: 6100, 2: 3017, 3: 2327, 4: 1995
transitions cumulative       : 1->2: 3017, 2->3: 2327, 3->4: 1995
accepted directly from s0    : 0
Gym endings cumulative       : terminated=3898, truncated=208

[Episode 6200/8000 | last 100]
success rate                : 65.0% (cumulative 33.2%)
synthetic task reward       : 6500.000
shaping reward              : 1137.034
learning reward             : 7637.034
episode length              : 346.4
abstract changes / episode  : 27.5
DFA transitions / episode   : 2.22
DFA transitions in window   : 1->2: 86, 2->3: 71, 3->4: 65
epsilon (next episode)       : 0.08370
replay buffer                : 300000 samples [1: 52.7%, 2: 34.9%, 3: 12.4%, 4: 0.0%]
DFA state visits in window   : 1: 19978, 2: 11861, 3: 2833, 4: 65
DFA state visits cumulative  : 1: 1095429, 2: 561337, 3: 228473, 4: 2060
DFA state entries in window  : 1: 100, 2: 86, 3: 71, 4: 65
DFA state entries cumulative : 1: 6200, 2: 3103, 3: 2398, 4: 2060
transitions cumulative       : 1->2: 3103, 2->3: 2398, 3->4: 2060
accepted directly from s0    : 0
Gym endings cumulative       : terminated=3930, truncated=211

[Episode 6300/8000 | last 100]
success rate                : 62.0% (cumulative 33.7%)
synthetic task reward       : 6200.000
shaping reward              : 1096.834
learning reward             : 7296.834
episode length              : 294.2
abstract changes / episode  : 24.4
DFA transitions / episode   : 2.12
DFA transitions in window   : 1->2: 79, 2->3: 71, 3->4: 62
epsilon (next episode)       : 0.08042
replay buffer                : 300000 samples [1: 53.7%, 2: 34.7%, 3: 11.6%, 4: 0.0%]
DFA state visits in window   : 1: 15779, 2: 10367, 3: 3310, 4: 62
DFA state visits cumulative  : 1: 1111208, 2: 571704, 3: 231783, 4: 2122
DFA state entries in window  : 1: 100, 2: 79, 3: 71, 4: 62
DFA state entries cumulative : 1: 6300, 2: 3182, 3: 2469, 4: 2122
transitions cumulative       : 1->2: 3182, 2->3: 2469, 3->4: 2122
accepted directly from s0    : 0
Gym endings cumulative       : terminated=3967, truncated=212

[Episode 6400/8000 | last 100]
success rate                : 73.0% (cumulative 34.3%)
synthetic task reward       : 7300.000
shaping reward              : 1118.985
learning reward             : 8418.985
episode length              : 278.8
abstract changes / episode  : 22.6
DFA transitions / episode   : 2.33
DFA transitions in window   : 1->2: 82, 2->3: 78, 3->4: 73
epsilon (next episode)       : 0.07727
replay buffer                : 300000 samples [1: 53.0%, 2: 35.2%, 3: 11.9%, 4: 0.0%]
DFA state visits in window   : 1: 15504, 2: 9336, 3: 3063, 4: 73
DFA state visits cumulative  : 1: 1126712, 2: 581040, 3: 234846, 4: 2195
DFA state entries in window  : 1: 100, 2: 82, 3: 78, 4: 73
DFA state entries cumulative : 1: 6400, 2: 3264, 3: 2547, 4: 2195
transitions cumulative       : 1->2: 3264, 2->3: 2547, 3->4: 2195
accepted directly from s0    : 0
Gym endings cumulative       : terminated=3994, truncated=212

[Episode 6500/8000 | last 100]
success rate                : 61.0% (cumulative 34.7%)
synthetic task reward       : 6100.000
shaping reward              : 874.920
learning reward             : 6974.920
episode length              : 294.4
abstract changes / episode  : 22.1
DFA transitions / episode   : 1.96
DFA transitions in window   : 1->2: 69, 2->3: 66, 3->4: 61
epsilon (next episode)       : 0.07423
replay buffer                : 300000 samples [1: 52.9%, 2: 35.1%, 3: 12.1%, 4: 0.0%]
DFA state visits in window   : 1: 19068, 2: 7685, 3: 2730, 4: 61
DFA state visits cumulative  : 1: 1145780, 2: 588725, 3: 237576, 4: 2256
DFA state entries in window  : 1: 100, 2: 69, 3: 66, 4: 61
DFA state entries cumulative : 1: 6500, 2: 3333, 3: 2613, 4: 2256
transitions cumulative       : 1->2: 3333, 2->3: 2613, 3->4: 2256
accepted directly from s0    : 0
Gym endings cumulative       : terminated=4032, truncated=213

[Episode 6600/8000 | last 100]
success rate                : 52.0% (cumulative 35.0%)
synthetic task reward       : 5200.000
shaping reward              : 793.852
learning reward             : 5993.852
episode length              : 282.2
abstract changes / episode  : 20.9
DFA transitions / episode   : 1.82
DFA transitions in window   : 1->2: 68, 2->3: 62, 3->4: 52
epsilon (next episode)       : 0.07132
replay buffer                : 300000 samples [1: 54.2%, 2: 33.9%, 3: 12.0%, 4: 0.0%]
DFA state visits in window   : 1: 19373, 2: 6276, 3: 2615, 4: 52
DFA state visits cumulative  : 1: 1165153, 2: 595001, 3: 240191, 4: 2308
DFA state entries in window  : 1: 100, 2: 68, 3: 62, 4: 52
DFA state entries cumulative : 1: 6600, 2: 3401, 3: 2675, 4: 2308
transitions cumulative       : 1->2: 3401, 2->3: 2675, 3->4: 2308
accepted directly from s0    : 0
Gym endings cumulative       : terminated=4079, truncated=214

[Episode 6700/8000 | last 100]
success rate                : 66.0% (cumulative 35.4%)
synthetic task reward       : 6600.000
shaping reward              : 1043.789
learning reward             : 7643.789
episode length              : 270.3
abstract changes / episode  : 22.9
DFA transitions / episode   : 2.11
DFA transitions in window   : 1->2: 76, 2->3: 69, 3->4: 66
epsilon (next episode)       : 0.06853
replay buffer                : 300000 samples [1: 55.4%, 2: 32.9%, 3: 11.8%, 4: 0.0%]
DFA state visits in window   : 1: 17281, 2: 7601, 3: 2180, 4: 66
DFA state visits cumulative  : 1: 1182434, 2: 602602, 3: 242371, 4: 2374
DFA state entries in window  : 1: 100, 2: 76, 3: 69, 4: 66
DFA state entries cumulative : 1: 6700, 2: 3477, 3: 2744, 4: 2374
transitions cumulative       : 1->2: 3477, 2->3: 2744, 3->4: 2374
accepted directly from s0    : 0
Gym endings cumulative       : terminated=4113, truncated=214

[Episode 6800/8000 | last 100]
success rate                : 43.0% (cumulative 35.5%)
synthetic task reward       : 4300.000
shaping reward              : 737.987
learning reward             : 5037.987
episode length              : 337.5
abstract changes / episode  : 26.1
DFA transitions / episode   : 1.57
DFA transitions in window   : 1->2: 66, 2->3: 48, 3->4: 43
epsilon (next episode)       : 0.06584
replay buffer                : 300000 samples [1: 58.9%, 2: 30.5%, 3: 10.6%, 4: 0.0%]
DFA state visits in window   : 1: 26343, 2: 5785, 3: 1680, 4: 43
DFA state visits cumulative  : 1: 1208777, 2: 608387, 3: 244051, 4: 2417
DFA state entries in window  : 1: 100, 2: 66, 3: 48, 4: 43
DFA state entries cumulative : 1: 6800, 2: 3543, 3: 2792, 4: 2417
transitions cumulative       : 1->2: 3543, 2->3: 2792, 3->4: 2417
accepted directly from s0    : 0
Gym endings cumulative       : terminated=4168, truncated=216

[Episode 6900/8000 | last 100]
success rate                : 76.0% (cumulative 36.1%)
synthetic task reward       : 7600.000
shaping reward              : 1257.453
learning reward             : 8857.453
episode length              : 304.8
abstract changes / episode  : 20.8
DFA transitions / episode   : 2.40
DFA transitions in window   : 1->2: 84, 2->3: 80, 3->4: 76
epsilon (next episode)       : 0.06326
replay buffer                : 300000 samples [1: 61.3%, 2: 29.4%, 3: 9.3%, 4: 0.0%]
DFA state visits in window   : 1: 20148, 2: 7809, 3: 2550, 4: 76
DFA state visits cumulative  : 1: 1228925, 2: 616196, 3: 246601, 4: 2493
DFA state entries in window  : 1: 100, 2: 84, 3: 80, 4: 76
DFA state entries cumulative : 1: 6900, 2: 3627, 3: 2872, 4: 2493
transitions cumulative       : 1->2: 3627, 2->3: 2872, 3->4: 2493
accepted directly from s0    : 0
Gym endings cumulative       : terminated=4191, truncated=217

[Episode 7000/8000 | last 100]
success rate                : 80.0% (cumulative 36.8%)
synthetic task reward       : 8000.000
shaping reward              : 1273.692
learning reward             : 9273.692
episode length              : 295.8
abstract changes / episode  : 23.2
DFA transitions / episode   : 2.47
DFA transitions in window   : 1->2: 84, 2->3: 83, 3->4: 80
epsilon (next episode)       : 0.06078
replay buffer                : 300000 samples [1: 62.8%, 2: 28.2%, 3: 8.9%, 4: 0.0%]
DFA state visits in window   : 1: 19447, 2: 7635, 3: 2522, 4: 80
DFA state visits cumulative  : 1: 1248372, 2: 623831, 3: 249123, 4: 2573
DFA state entries in window  : 1: 100, 2: 84, 3: 83, 4: 80
DFA state entries cumulative : 1: 7000, 2: 3711, 3: 2955, 4: 2573
transitions cumulative       : 1->2: 3711, 2->3: 2955, 3->4: 2573
accepted directly from s0    : 0
Gym endings cumulative       : terminated=4210, truncated=218

[Episode 7100/8000 | last 100]
success rate                : 84.0% (cumulative 37.4%)
synthetic task reward       : 8400.000
shaping reward              : 1337.567
learning reward             : 9737.567
episode length              : 282.4
abstract changes / episode  : 22.7
DFA transitions / episode   : 2.62
DFA transitions in window   : 1->2: 90, 2->3: 88, 3->4: 84
epsilon (next episode)       : 0.05839
replay buffer                : 300000 samples [1: 63.4%, 2: 27.7%, 3: 8.8%, 4: 0.0%]
DFA state visits in window   : 1: 16686, 2: 8565, 3: 3002, 4: 84
DFA state visits cumulative  : 1: 1265058, 2: 632396, 3: 252125, 4: 2657
DFA state entries in window  : 1: 100, 2: 90, 3: 88, 4: 84
DFA state entries cumulative : 1: 7100, 2: 3801, 3: 3043, 4: 2657
transitions cumulative       : 1->2: 3801, 2->3: 3043, 3->4: 2657
accepted directly from s0    : 0
Gym endings cumulative       : terminated=4226, truncated=218
Best policy updated at episode 7100: mean learning reward=9737.567

[Episode 7200/8000 | last 100]
success rate                : 78.0% (cumulative 38.0%)
synthetic task reward       : 7800.000
shaping reward              : 1250.370
learning reward             : 9050.370
episode length              : 310.2
abstract changes / episode  : 25.4
DFA transitions / episode   : 2.51
DFA transitions in window   : 1->2: 89, 2->3: 84, 3->4: 78
epsilon (next episode)       : 0.05610
replay buffer                : 300000 samples [1: 62.7%, 2: 28.1%, 3: 9.3%, 4: 0.0%]
DFA state visits in window   : 1: 16075, 2: 11274, 3: 3697, 4: 78
DFA state visits cumulative  : 1: 1281133, 2: 643670, 3: 255822, 4: 2735
DFA state entries in window  : 1: 100, 2: 89, 3: 84, 4: 78
DFA state entries cumulative : 1: 7200, 2: 3890, 3: 3127, 4: 2735
transitions cumulative       : 1->2: 3890, 2->3: 3127, 3->4: 2735
accepted directly from s0    : 0
Gym endings cumulative       : terminated=4245, truncated=221

[Episode 7300/8000 | last 100]
success rate                : 81.0% (cumulative 38.6%)
synthetic task reward       : 8100.000
shaping reward              : 1271.150
learning reward             : 9371.150
episode length              : 263.3
abstract changes / episode  : 21.9
DFA transitions / episode   : 2.57
DFA transitions in window   : 1->2: 89, 2->3: 87, 3->4: 81
epsilon (next episode)       : 0.05390
replay buffer                : 300000 samples [1: 63.0%, 2: 27.6%, 3: 9.4%, 4: 0.0%]
DFA state visits in window   : 1: 15117, 2: 8099, 3: 3130, 4: 81
DFA state visits cumulative  : 1: 1296250, 2: 651769, 3: 258952, 4: 2816
DFA state entries in window  : 1: 100, 2: 89, 3: 87, 4: 81
DFA state entries cumulative : 1: 7300, 2: 3979, 3: 3214, 4: 2816
transitions cumulative       : 1->2: 3979, 2->3: 3214, 3->4: 2816
accepted directly from s0    : 0
Gym endings cumulative       : terminated=4264, truncated=221

[Episode 7400/8000 | last 100]
success rate                : 91.0% (cumulative 39.3%)
synthetic task reward       : 9100.000
shaping reward              : 1432.842
learning reward             : 10532.842
episode length              : 272.8
abstract changes / episode  : 21.8
DFA transitions / episode   : 2.82
DFA transitions in window   : 1->2: 98, 2->3: 93, 3->4: 91
epsilon (next episode)       : 0.05179
replay buffer                : 300000 samples [1: 63.4%, 2: 27.3%, 3: 9.3%, 4: 0.0%]
DFA state visits in window   : 1: 15295, 2: 8795, 3: 3197, 4: 91
DFA state visits cumulative  : 1: 1311545, 2: 660564, 3: 262149, 4: 2907
DFA state entries in window  : 1: 100, 2: 98, 3: 93, 4: 91
DFA state entries cumulative : 1: 7400, 2: 4077, 3: 3307, 4: 2907
transitions cumulative       : 1->2: 4077, 2->3: 3307, 3->4: 2907
accepted directly from s0    : 0
Gym endings cumulative       : terminated=4273, truncated=221
Best policy updated at episode 7400: mean learning reward=10532.842

[Episode 7500/8000 | last 100]
success rate                : 37.0% (cumulative 39.3%)
synthetic task reward       : 3700.000
shaping reward              : 670.502
learning reward             : 4370.502
episode length              : 288.6
abstract changes / episode  : 23.7
DFA transitions / episode   : 1.46
DFA transitions in window   : 1->2: 70, 2->3: 39, 3->4: 37
epsilon (next episode)       : 0.04976
replay buffer                : 300000 samples [1: 62.8%, 2: 28.3%, 3: 8.9%, 4: 0.0%]
DFA state visits in window   : 1: 17155, 2: 10493, 3: 1276, 4: 37
DFA state visits cumulative  : 1: 1328700, 2: 671057, 3: 263425, 4: 2944
DFA state entries in window  : 1: 100, 2: 70, 3: 39, 4: 37
DFA state entries cumulative : 1: 7500, 2: 4147, 3: 3346, 4: 2944
transitions cumulative       : 1->2: 4147, 2->3: 3346, 3->4: 2944
accepted directly from s0    : 0
Gym endings cumulative       : terminated=4335, truncated=222

[Episode 7600/8000 | last 100]
success rate                : 46.0% (cumulative 39.3%)
synthetic task reward       : 4600.000
shaping reward              : 828.030
learning reward             : 5428.030
episode length              : 373.6
abstract changes / episode  : 27.6
DFA transitions / episode   : 1.54
DFA transitions in window   : 1->2: 59, 2->3: 49, 3->4: 46
epsilon (next episode)       : 0.04781
replay buffer                : 300000 samples [1: 62.2%, 2: 29.4%, 3: 8.4%, 4: 0.0%]
DFA state visits in window   : 1: 23350, 2: 12209, 3: 1855, 4: 46
DFA state visits cumulative  : 1: 1352050, 2: 683266, 3: 265280, 4: 2990
DFA state entries in window  : 1: 100, 2: 59, 3: 49, 4: 46
DFA state entries cumulative : 1: 7600, 2: 4206, 3: 3395, 4: 2990
transitions cumulative       : 1->2: 4206, 2->3: 3395, 3->4: 2990
accepted directly from s0    : 0
Gym endings cumulative       : terminated=4386, truncated=225

[Episode 7700/8000 | last 100]
success rate                : 46.0% (cumulative 39.4%)
synthetic task reward       : 4600.000
shaping reward              : 844.605
learning reward             : 5444.605
episode length              : 384.5
abstract changes / episode  : 29.9
DFA transitions / episode   : 1.61
DFA transitions in window   : 1->2: 66, 2->3: 49, 3->4: 46
epsilon (next episode)       : 0.04593
replay buffer                : 300000 samples [1: 62.6%, 2: 29.0%, 3: 8.4%, 4: 0.0%]
DFA state visits in window   : 1: 27493, 2: 8200, 3: 2811, 4: 46
DFA state visits cumulative  : 1: 1379543, 2: 691466, 3: 268091, 4: 3036
DFA state entries in window  : 1: 100, 2: 66, 3: 49, 4: 46
DFA state entries cumulative : 1: 7700, 2: 4272, 3: 3444, 4: 3036
transitions cumulative       : 1->2: 4272, 2->3: 3444, 3->4: 3036
accepted directly from s0    : 0
Gym endings cumulative       : terminated=4438, truncated=227

[Episode 7800/8000 | last 100]
success rate                : 60.0% (cumulative 39.7%)
synthetic task reward       : 6000.000
shaping reward              : 999.200
learning reward             : 6999.200
episode length              : 297.2
abstract changes / episode  : 24.5
DFA transitions / episode   : 1.93
DFA transitions in window   : 1->2: 70, 2->3: 63, 3->4: 60
epsilon (next episode)       : 0.04413
replay buffer                : 300000 samples [1: 61.4%, 2: 29.7%, 3: 8.8%, 4: 0.0%]
DFA state visits in window   : 1: 18446, 2: 8222, 3: 3089, 4: 60
DFA state visits cumulative  : 1: 1397989, 2: 699688, 3: 271180, 4: 3096
DFA state entries in window  : 1: 100, 2: 70, 3: 63, 4: 60
DFA state entries cumulative : 1: 7800, 2: 4342, 3: 3507, 4: 3096
transitions cumulative       : 1->2: 4342, 2->3: 3507, 3->4: 3096
accepted directly from s0    : 0
Gym endings cumulative       : terminated=4478, truncated=227

[Episode 7900/8000 | last 100]
success rate                : 71.0% (cumulative 40.1%)
synthetic task reward       : 7100.000
shaping reward              : 1142.873
learning reward             : 8242.873
episode length              : 362.3
abstract changes / episode  : 28.9
DFA transitions / episode   : 2.32
DFA transitions in window   : 1->2: 85, 2->3: 76, 3->4: 71
epsilon (next episode)       : 0.04240
replay buffer                : 300000 samples [1: 61.5%, 2: 29.7%, 3: 8.8%, 4: 0.0%]
DFA state visits in window   : 1: 24748, 2: 8788, 3: 2723, 4: 71
DFA state visits cumulative  : 1: 1422737, 2: 708476, 3: 273903, 4: 3167
DFA state entries in window  : 1: 100, 2: 85, 3: 76, 4: 71
DFA state entries cumulative : 1: 7900, 2: 4427, 3: 3583, 4: 3167
transitions cumulative       : 1->2: 4427, 2->3: 3583, 3->4: 3167
accepted directly from s0    : 0
Gym endings cumulative       : terminated=4503, truncated=231

[Episode 8000/8000 | last 100]
success rate                : 42.0% (cumulative 40.1%)
synthetic task reward       : 4200.000
shaping reward              : 646.629
learning reward             : 4846.629
episode length              : 315.9
abstract changes / episode  : 25.4
DFA transitions / episode   : 1.47
DFA transitions in window   : 1->2: 59, 2->3: 46, 3->4: 42
epsilon (next episode)       : 0.04074
replay buffer                : 300000 samples [1: 62.2%, 2: 28.8%, 3: 8.9%, 4: 0.0%]
DFA state visits in window   : 1: 21731, 2: 6218, 3: 3701, 4: 42
DFA state visits cumulative  : 1: 1444468, 2: 714694, 3: 277604, 4: 3209
DFA state entries in window  : 1: 100, 2: 59, 3: 46, 4: 42
DFA state entries cumulative : 1: 8000, 2: 4486, 3: 3629, 4: 3209
transitions cumulative       : 1->2: 4486, 2->3: 3629, 3->4: 3209
accepted directly from s0    : 0
Gym endings cumulative       : terminated=4560, truncated=232
Last policy saved after episode 8000. Best policy: episode 7400, mean learning reward=10532.842
