
=== NEW RUN ===
episodes=8000, shaping=True, K=1.0, goal_reward=10000.0, gamma=0.99
training_shaping_gamma=False, shaping_formula=K*(Phi(next)-Phi(state))
inter_level_shaping=True, inter_level_K=1.0
formula=F(wp1 & X(F(wp2 & X(F(g1)))))
waypoints={'wp1': (1, 8), 'wp2': (5, 6), 'g1': (8, 8)}
dfa_states=[1, 2, 3, 4], pre_trace=1, accepting=[4]

[Episode 1/8000 | last 1]
success rate                : 0.0% (cumulative 0.0%)
synthetic task reward       : 0.000
shaping reward              : -513.061
learning reward             : -513.061
episode length              : 103.0
abstract changes / episode  : 14.0
DFA transitions / episode   : 0.00
DFA transitions in window   : none
epsilon (next episode)       : 0.99960
replay buffer                : 103 samples [1: 100.0%, 2: 0.0%, 3: 0.0%, 4: 0.0%]
DFA state visits in window   : 1: 104, 2: 0, 3: 0, 4: 0
DFA state visits cumulative  : 1: 104, 2: 0, 3: 0, 4: 0
DFA state entries in window  : 1: 1, 2: 0, 3: 0, 4: 0
DFA state entries cumulative : 1: 1, 2: 0, 3: 0, 4: 0
transitions cumulative       : none
accepted directly from s0    : 0
Gym endings cumulative       : terminated=1, truncated=0
Best policy updated at episode 1: mean learning reward=-513.061

[Episode 100/8000 | last 100]
success rate                : 0.0% (cumulative 0.0%)
synthetic task reward       : 0.000
shaping reward              : -473.797
learning reward             : -473.797
episode length              : 92.6
abstract changes / episode  : 12.7
DFA transitions / episode   : 0.02
DFA transitions in window   : 1->2: 2
epsilon (next episode)       : 0.96078
replay buffer                : 9261 samples [1: 99.6%, 2: 0.4%, 3: 0.0%, 4: 0.0%]
DFA state visits in window   : 1: 9319, 2: 42, 3: 0, 4: 0
DFA state visits cumulative  : 1: 9319, 2: 42, 3: 0, 4: 0
DFA state entries in window  : 1: 100, 2: 2, 3: 0, 4: 0
DFA state entries cumulative : 1: 100, 2: 2, 3: 0, 4: 0
transitions cumulative       : 1->2: 2
accepted directly from s0    : 0
Gym endings cumulative       : terminated=100, truncated=0
Best policy updated at episode 100: mean learning reward=-473.797

[Episode 200/8000 | last 100]
success rate                : 0.0% (cumulative 0.0%)
synthetic task reward       : 0.000
shaping reward              : -446.920
learning reward             : -446.920
episode length              : 98.6
abstract changes / episode  : 13.1
DFA transitions / episode   : 0.03
DFA transitions in window   : 1->2: 3
epsilon (next episode)       : 0.92310
replay buffer                : 19123 samples [1: 99.4%, 2: 0.6%, 3: 0.0%, 4: 0.0%]
DFA state visits in window   : 1: 9879, 2: 83, 3: 0, 4: 0
DFA state visits cumulative  : 1: 19198, 2: 125, 3: 0, 4: 0
DFA state entries in window  : 1: 100, 2: 3, 3: 0, 4: 0
DFA state entries cumulative : 1: 200, 2: 5, 3: 0, 4: 0
transitions cumulative       : 1->2: 5
accepted directly from s0    : 0
Gym endings cumulative       : terminated=200, truncated=0
Best policy updated at episode 200: mean learning reward=-446.920

[Episode 300/8000 | last 100]
success rate                : 0.0% (cumulative 0.0%)
synthetic task reward       : 0.000
shaping reward              : -420.114
learning reward             : -420.114
episode length              : 94.0
abstract changes / episode  : 12.8
DFA transitions / episode   : 0.03
DFA transitions in window   : 1->2: 3
epsilon (next episode)       : 0.88690
replay buffer                : 28522 samples [1: 99.4%, 2: 0.6%, 3: 0.0%, 4: 0.0%]
DFA state visits in window   : 1: 9445, 2: 54, 3: 0, 4: 0
DFA state visits cumulative  : 1: 28643, 2: 179, 3: 0, 4: 0
DFA state entries in window  : 1: 100, 2: 3, 3: 0, 4: 0
DFA state entries cumulative : 1: 300, 2: 8, 3: 0, 4: 0
transitions cumulative       : 1->2: 8
accepted directly from s0    : 0
Gym endings cumulative       : terminated=300, truncated=0
Best policy updated at episode 300: mean learning reward=-420.114

[Episode 400/8000 | last 100]
success rate                : 0.0% (cumulative 0.0%)
synthetic task reward       : 0.000
shaping reward              : -399.664
learning reward             : -399.664
episode length              : 98.5
abstract changes / episode  : 12.5
DFA transitions / episode   : 0.03
DFA transitions in window   : 1->2: 3
epsilon (next episode)       : 0.85212
replay buffer                : 38372 samples [1: 99.4%, 2: 0.6%, 3: 0.0%, 4: 0.0%]
DFA state visits in window   : 1: 9887, 2: 63, 3: 0, 4: 0
DFA state visits cumulative  : 1: 38530, 2: 242, 3: 0, 4: 0
DFA state entries in window  : 1: 100, 2: 3, 3: 0, 4: 0
DFA state entries cumulative : 1: 400, 2: 11, 3: 0, 4: 0
transitions cumulative       : 1->2: 11
accepted directly from s0    : 0
Gym endings cumulative       : terminated=400, truncated=0
Best policy updated at episode 400: mean learning reward=-399.664

[Episode 500/8000 | last 100]
success rate                : 0.0% (cumulative 0.0%)
synthetic task reward       : 0.000
shaping reward              : -409.440
learning reward             : -409.440
episode length              : 101.0
abstract changes / episode  : 12.8
DFA transitions / episode   : 0.02
DFA transitions in window   : 1->2: 2
epsilon (next episode)       : 0.81870
replay buffer                : 48476 samples [1: 99.4%, 2: 0.6%, 3: 0.0%, 4: 0.0%]
DFA state visits in window   : 1: 10159, 2: 45, 3: 0, 4: 0
DFA state visits cumulative  : 1: 48689, 2: 287, 3: 0, 4: 0
DFA state entries in window  : 1: 100, 2: 2, 3: 0, 4: 0
DFA state entries cumulative : 1: 500, 2: 13, 3: 0, 4: 0
transitions cumulative       : 1->2: 13
accepted directly from s0    : 0
Gym endings cumulative       : terminated=500, truncated=0

[Episode 600/8000 | last 100]
success rate                : 0.0% (cumulative 0.0%)
synthetic task reward       : 0.000
shaping reward              : -408.038
learning reward             : -408.038
episode length              : 107.7
abstract changes / episode  : 12.8
DFA transitions / episode   : 0.04
DFA transitions in window   : 1->2: 4
epsilon (next episode)       : 0.78659
replay buffer                : 59242 samples [1: 99.4%, 2: 0.6%, 3: 0.0%, 4: 0.0%]
DFA state visits in window   : 1: 10788, 2: 78, 3: 0, 4: 0
DFA state visits cumulative  : 1: 59477, 2: 365, 3: 0, 4: 0
DFA state entries in window  : 1: 100, 2: 4, 3: 0, 4: 0
DFA state entries cumulative : 1: 600, 2: 17, 3: 0, 4: 0
transitions cumulative       : 1->2: 17
accepted directly from s0    : 0
Gym endings cumulative       : terminated=600, truncated=0

[Episode 700/8000 | last 100]
success rate                : 0.0% (cumulative 0.0%)
synthetic task reward       : 0.000
shaping reward              : -361.639
learning reward             : -361.639
episode length              : 119.0
abstract changes / episode  : 13.0
DFA transitions / episode   : 0.06
DFA transitions in window   : 1->2: 6
epsilon (next episode)       : 0.75574
replay buffer                : 71142 samples [1: 99.3%, 2: 0.7%, 3: 0.0%, 4: 0.0%]
DFA state visits in window   : 1: 11867, 2: 133, 3: 0, 4: 0
DFA state visits cumulative  : 1: 71344, 2: 498, 3: 0, 4: 0
DFA state entries in window  : 1: 100, 2: 6, 3: 0, 4: 0
DFA state entries cumulative : 1: 700, 2: 23, 3: 0, 4: 0
transitions cumulative       : 1->2: 23
accepted directly from s0    : 0
Gym endings cumulative       : terminated=700, truncated=0
Best policy updated at episode 700: mean learning reward=-361.639

[Episode 800/8000 | last 100]
success rate                : 0.0% (cumulative 0.0%)
synthetic task reward       : 0.000
shaping reward              : -421.558
learning reward             : -421.558
episode length              : 126.4
abstract changes / episode  : 13.2
DFA transitions / episode   : 0.05
DFA transitions in window   : 1->2: 5
epsilon (next episode)       : 0.72610
replay buffer                : 83779 samples [1: 99.2%, 2: 0.8%, 3: 0.0%, 4: 0.0%]
DFA state visits in window   : 1: 12576, 2: 161, 3: 0, 4: 0
DFA state visits cumulative  : 1: 83920, 2: 659, 3: 0, 4: 0
DFA state entries in window  : 1: 100, 2: 5, 3: 0, 4: 0
DFA state entries cumulative : 1: 800, 2: 28, 3: 0, 4: 0
transitions cumulative       : 1->2: 28
accepted directly from s0    : 0
Gym endings cumulative       : terminated=800, truncated=0

[Episode 900/8000 | last 100]
success rate                : 0.0% (cumulative 0.0%)
synthetic task reward       : 0.000
shaping reward              : -458.069
learning reward             : -458.069
episode length              : 128.8
abstract changes / episode  : 13.5
DFA transitions / episode   : 0.00
DFA transitions in window   : none
epsilon (next episode)       : 0.69763
replay buffer                : 96655 samples [1: 99.3%, 2: 0.7%, 3: 0.0%, 4: 0.0%]
DFA state visits in window   : 1: 12976, 2: 0, 3: 0, 4: 0
DFA state visits cumulative  : 1: 96896, 2: 659, 3: 0, 4: 0
DFA state entries in window  : 1: 100, 2: 0, 3: 0, 4: 0
DFA state entries cumulative : 1: 900, 2: 28, 3: 0, 4: 0
transitions cumulative       : 1->2: 28
accepted directly from s0    : 0
Gym endings cumulative       : terminated=900, truncated=0

[Episode 1000/8000 | last 100]
success rate                : 0.0% (cumulative 0.0%)
synthetic task reward       : 0.000
shaping reward              : -386.406
learning reward             : -386.406
episode length              : 137.1
abstract changes / episode  : 13.2
DFA transitions / episode   : 0.06
DFA transitions in window   : 1->2: 6
epsilon (next episode)       : 0.67027
replay buffer                : 110364 samples [1: 99.1%, 2: 0.9%, 3: 0.0%, 4: 0.0%]
DFA state visits in window   : 1: 13463, 2: 346, 3: 0, 4: 0
DFA state visits cumulative  : 1: 110359, 2: 1005, 3: 0, 4: 0
DFA state entries in window  : 1: 100, 2: 6, 3: 0, 4: 0
DFA state entries cumulative : 1: 1000, 2: 34, 3: 0, 4: 0
transitions cumulative       : 1->2: 34
accepted directly from s0    : 0
Gym endings cumulative       : terminated=1000, truncated=0

[Episode 1100/8000 | last 100]
success rate                : 0.0% (cumulative 0.0%)
synthetic task reward       : 0.000
shaping reward              : -430.876
learning reward             : -430.876
episode length              : 155.1
abstract changes / episode  : 13.7
DFA transitions / episode   : 0.02
DFA transitions in window   : 1->2: 2
epsilon (next episode)       : 0.64398
replay buffer                : 125875 samples [1: 99.1%, 2: 0.9%, 3: 0.0%, 4: 0.0%]
DFA state visits in window   : 1: 15493, 2: 118, 3: 0, 4: 0
DFA state visits cumulative  : 1: 125852, 2: 1123, 3: 0, 4: 0
DFA state entries in window  : 1: 100, 2: 2, 3: 0, 4: 0
DFA state entries cumulative : 1: 1100, 2: 36, 3: 0, 4: 0
transitions cumulative       : 1->2: 36
accepted directly from s0    : 0
Gym endings cumulative       : terminated=1100, truncated=0

[Episode 1200/8000 | last 100]
success rate                : 0.0% (cumulative 0.0%)
synthetic task reward       : 0.000
shaping reward              : -476.919
learning reward             : -476.919
episode length              : 176.1
abstract changes / episode  : 14.3
DFA transitions / episode   : 0.00
DFA transitions in window   : none
epsilon (next episode)       : 0.61872
replay buffer                : 143485 samples [1: 99.2%, 2: 0.8%, 3: 0.0%, 4: 0.0%]
DFA state visits in window   : 1: 17710, 2: 0, 3: 0, 4: 0
DFA state visits cumulative  : 1: 143562, 2: 1123, 3: 0, 4: 0
DFA state entries in window  : 1: 100, 2: 0, 3: 0, 4: 0
DFA state entries cumulative : 1: 1200, 2: 36, 3: 0, 4: 0
transitions cumulative       : 1->2: 36
accepted directly from s0    : 0
Gym endings cumulative       : terminated=1200, truncated=0

[Episode 1300/8000 | last 100]
success rate                : 0.0% (cumulative 0.0%)
synthetic task reward       : 0.000
shaping reward              : -469.244
learning reward             : -469.244
episode length              : 173.3
abstract changes / episode  : 13.8
DFA transitions / episode   : 0.01
DFA transitions in window   : 1->2: 1
epsilon (next episode)       : 0.59446
replay buffer                : 160814 samples [1: 99.3%, 2: 0.7%, 3: 0.0%, 4: 0.0%]
DFA state visits in window   : 1: 17336, 2: 93, 3: 0, 4: 0
DFA state visits cumulative  : 1: 160898, 2: 1216, 3: 0, 4: 0
DFA state entries in window  : 1: 100, 2: 1, 3: 0, 4: 0
DFA state entries cumulative : 1: 1300, 2: 37, 3: 0, 4: 0
transitions cumulative       : 1->2: 37
accepted directly from s0    : 0
Gym endings cumulative       : terminated=1300, truncated=0

[Episode 1400/8000 | last 100]
success rate                : 0.0% (cumulative 0.0%)
synthetic task reward       : 0.000
shaping reward              : -495.198
learning reward             : -495.198
episode length              : 168.7
abstract changes / episode  : 14.1
DFA transitions / episode   : 0.00
DFA transitions in window   : none
epsilon (next episode)       : 0.57115
replay buffer                : 177681 samples [1: 99.3%, 2: 0.7%, 3: 0.0%, 4: 0.0%]
DFA state visits in window   : 1: 16967, 2: 0, 3: 0, 4: 0
DFA state visits cumulative  : 1: 177865, 2: 1216, 3: 0, 4: 0
DFA state entries in window  : 1: 100, 2: 0, 3: 0, 4: 0
DFA state entries cumulative : 1: 1400, 2: 37, 3: 0, 4: 0
transitions cumulative       : 1->2: 37
accepted directly from s0    : 0
Gym endings cumulative       : terminated=1400, truncated=0

[Episode 1500/8000 | last 100]
success rate                : 0.0% (cumulative 0.0%)
synthetic task reward       : 0.000
shaping reward              : -476.413
learning reward             : -476.413
episode length              : 136.8
abstract changes / episode  : 13.0
DFA transitions / episode   : 0.00
DFA transitions in window   : none
epsilon (next episode)       : 0.54875
replay buffer                : 191362 samples [1: 99.4%, 2: 0.6%, 3: 0.0%, 4: 0.0%]
DFA state visits in window   : 1: 13781, 2: 0, 3: 0, 4: 0
DFA state visits cumulative  : 1: 191646, 2: 1216, 3: 0, 4: 0
DFA state entries in window  : 1: 100, 2: 0, 3: 0, 4: 0
DFA state entries cumulative : 1: 1500, 2: 37, 3: 0, 4: 0
transitions cumulative       : 1->2: 37
accepted directly from s0    : 0
Gym endings cumulative       : terminated=1500, truncated=0

[Episode 1600/8000 | last 100]
success rate                : 0.0% (cumulative 0.0%)
synthetic task reward       : 0.000
shaping reward              : -471.399
learning reward             : -471.399
episode length              : 123.8
abstract changes / episode  : 12.9
DFA transitions / episode   : 0.00
DFA transitions in window   : none
epsilon (next episode)       : 0.52722
replay buffer                : 203747 samples [1: 99.4%, 2: 0.6%, 3: 0.0%, 4: 0.0%]
DFA state visits in window   : 1: 12485, 2: 0, 3: 0, 4: 0
DFA state visits cumulative  : 1: 204131, 2: 1216, 3: 0, 4: 0
DFA state entries in window  : 1: 100, 2: 0, 3: 0, 4: 0
DFA state entries cumulative : 1: 1600, 2: 37, 3: 0, 4: 0
transitions cumulative       : 1->2: 37
accepted directly from s0    : 0
Gym endings cumulative       : terminated=1600, truncated=0

[Episode 1700/8000 | last 100]
success rate                : 0.0% (cumulative 0.0%)
synthetic task reward       : 0.000
shaping reward              : -478.167
learning reward             : -478.167
episode length              : 129.9
abstract changes / episode  : 13.3
DFA transitions / episode   : 0.00
DFA transitions in window   : none
epsilon (next episode)       : 0.50655
replay buffer                : 216741 samples [1: 99.5%, 2: 0.5%, 3: 0.0%, 4: 0.0%]
DFA state visits in window   : 1: 13094, 2: 0, 3: 0, 4: 0
DFA state visits cumulative  : 1: 217225, 2: 1216, 3: 0, 4: 0
DFA state entries in window  : 1: 100, 2: 0, 3: 0, 4: 0
DFA state entries cumulative : 1: 1700, 2: 37, 3: 0, 4: 0
transitions cumulative       : 1->2: 37
accepted directly from s0    : 0
Gym endings cumulative       : terminated=1699, truncated=1

[Episode 1800/8000 | last 100]
success rate                : 0.0% (cumulative 0.0%)
synthetic task reward       : 0.000
shaping reward              : -466.028
learning reward             : -466.028
episode length              : 146.8
abstract changes / episode  : 14.0
DFA transitions / episode   : 0.00
DFA transitions in window   : none
epsilon (next episode)       : 0.48668
replay buffer                : 231422 samples [1: 99.5%, 2: 0.5%, 3: 0.0%, 4: 0.0%]
DFA state visits in window   : 1: 14781, 2: 0, 3: 0, 4: 0
DFA state visits cumulative  : 1: 232006, 2: 1216, 3: 0, 4: 0
DFA state entries in window  : 1: 100, 2: 0, 3: 0, 4: 0
DFA state entries cumulative : 1: 1800, 2: 37, 3: 0, 4: 0
transitions cumulative       : 1->2: 37
accepted directly from s0    : 0
Gym endings cumulative       : terminated=1797, truncated=3

[Episode 1900/8000 | last 100]
success rate                : 0.0% (cumulative 0.0%)
synthetic task reward       : 0.000
shaping reward              : -475.705
learning reward             : -475.705
episode length              : 181.4
abstract changes / episode  : 14.0
DFA transitions / episode   : 0.00
DFA transitions in window   : none
epsilon (next episode)       : 0.46760
replay buffer                : 249567 samples [1: 99.5%, 2: 0.5%, 3: 0.0%, 4: 0.0%]
DFA state visits in window   : 1: 18245, 2: 0, 3: 0, 4: 0
DFA state visits cumulative  : 1: 250251, 2: 1216, 3: 0, 4: 0
DFA state entries in window  : 1: 100, 2: 0, 3: 0, 4: 0
DFA state entries cumulative : 1: 1900, 2: 37, 3: 0, 4: 0
transitions cumulative       : 1->2: 37
accepted directly from s0    : 0
Gym endings cumulative       : terminated=1891, truncated=9

[Episode 2000/8000 | last 100]
success rate                : 0.0% (cumulative 0.0%)
synthetic task reward       : 0.000
shaping reward              : -458.140
learning reward             : -458.140
episode length              : 184.3
abstract changes / episode  : 14.5
DFA transitions / episode   : 0.00
DFA transitions in window   : none
epsilon (next episode)       : 0.44926
replay buffer                : 267994 samples [1: 99.6%, 2: 0.4%, 3: 0.0%, 4: 0.0%]
DFA state visits in window   : 1: 18527, 2: 0, 3: 0, 4: 0
DFA state visits cumulative  : 1: 268778, 2: 1216, 3: 0, 4: 0
DFA state entries in window  : 1: 100, 2: 0, 3: 0, 4: 0
DFA state entries cumulative : 1: 2000, 2: 37, 3: 0, 4: 0
transitions cumulative       : 1->2: 37
accepted directly from s0    : 0
Gym endings cumulative       : terminated=1984, truncated=16

[Episode 2100/8000 | last 100]
success rate                : 0.0% (cumulative 0.0%)
synthetic task reward       : 0.000
shaping reward              : -354.384
learning reward             : -354.384
episode length              : 173.2
abstract changes / episode  : 14.1
DFA transitions / episode   : 0.03
DFA transitions in window   : 1->2: 3
epsilon (next episode)       : 0.43164
replay buffer                : 285314 samples [1: 99.6%, 2: 0.4%, 3: 0.0%, 4: 0.0%]
DFA state visits in window   : 1: 17352, 2: 68, 3: 0, 4: 0
DFA state visits cumulative  : 1: 286130, 2: 1284, 3: 0, 4: 0
DFA state entries in window  : 1: 100, 2: 3, 3: 0, 4: 0
DFA state entries cumulative : 1: 2100, 2: 40, 3: 0, 4: 0
transitions cumulative       : 1->2: 40
accepted directly from s0    : 0
Gym endings cumulative       : terminated=2083, truncated=17
Best policy updated at episode 2100: mean learning reward=-354.384

[Episode 2200/8000 | last 100]
success rate                : 0.0% (cumulative 0.0%)
synthetic task reward       : 0.000
shaping reward              : -62.169
learning reward             : -62.169
episode length              : 175.5
abstract changes / episode  : 11.5
DFA transitions / episode   : 0.06
DFA transitions in window   : 1->2: 6
epsilon (next episode)       : 0.41471
replay buffer                : 300000 samples [1: 99.6%, 2: 0.4%, 3: 0.0%, 4: 0.0%]
DFA state visits in window   : 1: 17555, 2: 97, 3: 0, 4: 0
DFA state visits cumulative  : 1: 303685, 2: 1381, 3: 0, 4: 0
DFA state entries in window  : 1: 100, 2: 6, 3: 0, 4: 0
DFA state entries cumulative : 1: 2200, 2: 46, 3: 0, 4: 0
transitions cumulative       : 1->2: 46
accepted directly from s0    : 0
Gym endings cumulative       : terminated=2181, truncated=19
Best policy updated at episode 2200: mean learning reward=-62.169

[Episode 2300/8000 | last 100]
success rate                : 0.0% (cumulative 0.0%)
synthetic task reward       : 0.000
shaping reward              : -20.593
learning reward             : -20.593
episode length              : 366.1
abstract changes / episode  : 18.7
DFA transitions / episode   : 0.11
DFA transitions in window   : 1->2: 10, 2->3: 1
epsilon (next episode)       : 0.39845
replay buffer                : 300000 samples [1: 99.2%, 2: 0.8%, 3: 0.0%, 4: 0.0%]
DFA state visits in window   : 1: 35272, 2: 1373, 3: 70, 4: 0
DFA state visits cumulative  : 1: 338957, 2: 2754, 3: 70, 4: 0
DFA state entries in window  : 1: 100, 2: 10, 3: 1, 4: 0
DFA state entries cumulative : 1: 2300, 2: 56, 3: 1, 4: 0
transitions cumulative       : 1->2: 56, 2->3: 1
accepted directly from s0    : 0
Gym endings cumulative       : terminated=2272, truncated=28
Best policy updated at episode 2300: mean learning reward=-20.593

[Episode 2400/8000 | last 100]
success rate                : 0.0% (cumulative 0.0%)
synthetic task reward       : 0.000
shaping reward              : -142.868
learning reward             : -142.868
episode length              : 344.6
abstract changes / episode  : 22.2
DFA transitions / episode   : 0.28
DFA transitions in window   : 1->2: 26, 2->3: 2
epsilon (next episode)       : 0.38282
replay buffer                : 300000 samples [1: 98.3%, 2: 1.6%, 3: 0.1%, 4: 0.0%]
DFA state visits in window   : 1: 31756, 2: 2692, 3: 112, 4: 0
DFA state visits cumulative  : 1: 370713, 2: 5446, 3: 182, 4: 0
DFA state entries in window  : 1: 100, 2: 26, 3: 2, 4: 0
DFA state entries cumulative : 1: 2400, 2: 82, 3: 3, 4: 0
transitions cumulative       : 1->2: 82, 2->3: 3
accepted directly from s0    : 0
Gym endings cumulative       : terminated=2365, truncated=35

[Episode 2500/8000 | last 100]
success rate                : 3.0% (cumulative 0.1%)
synthetic task reward       : 300.000
shaping reward              : -62.380
learning reward             : 237.620
episode length              : 351.9
abstract changes / episode  : 22.7
DFA transitions / episode   : 0.36
DFA transitions in window   : 1->2: 26, 2->3: 7, 3->4: 3
epsilon (next episode)       : 0.36781
replay buffer                : 300000 samples [1: 95.9%, 2: 3.6%, 3: 0.5%, 4: 0.0%]
DFA state visits in window   : 1: 27482, 2: 6359, 3: 1451, 4: 3
DFA state visits cumulative  : 1: 398195, 2: 11805, 3: 1633, 4: 3
DFA state entries in window  : 1: 100, 2: 26, 3: 7, 4: 3
DFA state entries cumulative : 1: 2500, 2: 108, 3: 10, 4: 3
transitions cumulative       : 1->2: 108, 2->3: 10, 3->4: 3
accepted directly from s0    : 0
Gym endings cumulative       : terminated=2457, truncated=40
Best policy updated at episode 2500: mean learning reward=237.620

[Episode 2600/8000 | last 100]
success rate                : 1.0% (cumulative 0.2%)
synthetic task reward       : 100.000
shaping reward              : -125.390
learning reward             : -25.390
episode length              : 381.6
abstract changes / episode  : 26.3
DFA transitions / episode   : 0.30
DFA transitions in window   : 1->2: 22, 2->3: 7, 3->4: 1
epsilon (next episode)       : 0.35338
replay buffer                : 300000 samples [1: 93.6%, 2: 5.3%, 3: 1.1%, 4: 0.0%]
DFA state visits in window   : 1: 31187, 2: 5513, 3: 1560, 4: 1
DFA state visits cumulative  : 1: 429382, 2: 17318, 3: 3193, 4: 4
DFA state entries in window  : 1: 100, 2: 22, 3: 7, 4: 1
DFA state entries cumulative : 1: 2600, 2: 130, 3: 17, 4: 4
transitions cumulative       : 1->2: 130, 2->3: 17, 3->4: 4
accepted directly from s0    : 0
Gym endings cumulative       : terminated=2555, truncated=41

[Episode 2700/8000 | last 100]
success rate                : 0.0% (cumulative 0.1%)
synthetic task reward       : 0.000
shaping reward              : -11.396
learning reward             : -11.396
episode length              : 406.9
abstract changes / episode  : 25.4
DFA transitions / episode   : 0.42
DFA transitions in window   : 1->2: 30, 2->3: 12
epsilon (next episode)       : 0.33952
replay buffer                : 300000 samples [1: 89.1%, 2: 9.0%, 3: 1.9%, 4: 0.0%]
DFA state visits in window   : 1: 27250, 2: 11127, 3: 2412, 4: 0
DFA state visits cumulative  : 1: 456632, 2: 28445, 3: 5605, 4: 4
DFA state entries in window  : 1: 100, 2: 30, 3: 12, 4: 0
DFA state entries cumulative : 1: 2700, 2: 160, 3: 29, 4: 4
transitions cumulative       : 1->2: 160, 2->3: 29, 3->4: 4
accepted directly from s0    : 0
Gym endings cumulative       : terminated=2639, truncated=57

[Episode 2800/8000 | last 100]
success rate                : 2.0% (cumulative 0.2%)
synthetic task reward       : 200.000
shaping reward              : 86.716
learning reward             : 286.716
episode length              : 533.0
abstract changes / episode  : 33.8
DFA transitions / episode   : 0.54
DFA transitions in window   : 1->2: 35, 2->3: 17, 3->4: 2
epsilon (next episode)       : 0.32621
replay buffer                : 300000 samples [1: 84.0%, 2: 12.3%, 3: 3.7%, 4: 0.0%]
DFA state visits in window   : 1: 38044, 2: 9761, 3: 5594, 4: 2
DFA state visits cumulative  : 1: 494676, 2: 38206, 3: 11199, 4: 6
DFA state entries in window  : 1: 100, 2: 35, 3: 17, 4: 2
DFA state entries cumulative : 1: 2800, 2: 195, 3: 46, 4: 6
transitions cumulative       : 1->2: 195, 2->3: 46, 3->4: 6
accepted directly from s0    : 0
Gym endings cumulative       : terminated=2717, truncated=77
Best policy updated at episode 2800: mean learning reward=286.716

[Episode 2900/8000 | last 100]
success rate                : 3.0% (cumulative 0.3%)
synthetic task reward       : 300.000
shaping reward              : 184.101
learning reward             : 484.101
episode length              : 427.1
abstract changes / episode  : 29.8
DFA transitions / episode   : 0.54
DFA transitions in window   : 1->2: 38, 2->3: 13, 3->4: 3
epsilon (next episode)       : 0.31341
replay buffer                : 300000 samples [1: 80.2%, 2: 15.3%, 3: 4.4%, 4: 0.0%]
DFA state visits in window   : 1: 31493, 2: 9135, 3: 2178, 4: 3
DFA state visits cumulative  : 1: 526169, 2: 47341, 3: 13377, 4: 9
DFA state entries in window  : 1: 100, 2: 38, 3: 13, 4: 3
DFA state entries cumulative : 1: 2900, 2: 233, 3: 59, 4: 9
transitions cumulative       : 1->2: 233, 2->3: 59, 3->4: 9
accepted directly from s0    : 0
Gym endings cumulative       : terminated=2802, truncated=89
Best policy updated at episode 2900: mean learning reward=484.101

[Episode 3000/8000 | last 100]
success rate                : 11.0% (cumulative 0.7%)
synthetic task reward       : 1100.000
shaping reward              : 445.696
learning reward             : 1545.696
episode length              : 474.7
abstract changes / episode  : 30.5
DFA transitions / episode   : 1.03
DFA transitions in window   : 1->2: 64, 2->3: 28, 3->4: 11
epsilon (next episode)       : 0.30112
replay buffer                : 300000 samples [1: 72.7%, 2: 20.8%, 3: 6.5%, 4: 0.0%]
DFA state visits in window   : 1: 23388, 2: 18016, 3: 6151, 4: 11
DFA state visits cumulative  : 1: 549557, 2: 65357, 3: 19528, 4: 20
DFA state entries in window  : 1: 100, 2: 64, 3: 28, 4: 11
DFA state entries cumulative : 1: 3000, 2: 297, 3: 87, 4: 20
transitions cumulative       : 1->2: 297, 2->3: 87, 3->4: 20
accepted directly from s0    : 0
Gym endings cumulative       : terminated=2879, truncated=101
Best policy updated at episode 3000: mean learning reward=1545.696

[Episode 3100/8000 | last 100]
success rate                : 7.0% (cumulative 0.9%)
synthetic task reward       : 700.000
shaping reward              : 258.410
learning reward             : 958.410
episode length              : 424.4
abstract changes / episode  : 32.7
DFA transitions / episode   : 0.85
DFA transitions in window   : 1->2: 52, 2->3: 26, 3->4: 7
epsilon (next episode)       : 0.28931
replay buffer                : 300000 samples [1: 68.8%, 2: 23.9%, 3: 7.3%, 4: 0.0%]
DFA state visits in window   : 1: 27977, 2: 11906, 3: 2648, 4: 7
DFA state visits cumulative  : 1: 577534, 2: 77263, 3: 22176, 4: 27
DFA state entries in window  : 1: 100, 2: 52, 3: 26, 4: 7
DFA state entries cumulative : 1: 3100, 2: 349, 3: 113, 4: 27
transitions cumulative       : 1->2: 349, 2->3: 113, 3->4: 27
accepted directly from s0    : 0
Gym endings cumulative       : terminated=2965, truncated=108

[Episode 3200/8000 | last 100]
success rate                : 11.0% (cumulative 1.2%)
synthetic task reward       : 1100.000
shaping reward              : 350.130
learning reward             : 1450.130
episode length              : 384.7
abstract changes / episode  : 29.5
DFA transitions / episode   : 1.04
DFA transitions in window   : 1->2: 65, 2->3: 28, 3->4: 11
epsilon (next episode)       : 0.27797
replay buffer                : 300000 samples [1: 66.2%, 2: 26.1%, 3: 7.7%, 4: 0.0%]
DFA state visits in window   : 1: 22132, 2: 13403, 3: 3023, 4: 11
DFA state visits cumulative  : 1: 599666, 2: 90666, 3: 25199, 4: 38
DFA state entries in window  : 1: 100, 2: 65, 3: 28, 4: 11
DFA state entries cumulative : 1: 3200, 2: 414, 3: 141, 4: 38
transitions cumulative       : 1->2: 414, 2->3: 141, 3->4: 38
accepted directly from s0    : 0
Gym endings cumulative       : terminated=3052, truncated=110

[Episode 3300/8000 | last 100]
success rate                : 9.0% (cumulative 1.4%)
synthetic task reward       : 900.000
shaping reward              : 332.302
learning reward             : 1232.302
episode length              : 445.1
abstract changes / episode  : 34.7
DFA transitions / episode   : 0.97
DFA transitions in window   : 1->2: 62, 2->3: 26, 3->4: 9
epsilon (next episode)       : 0.26706
replay buffer                : 300000 samples [1: 63.5%, 2: 28.0%, 3: 8.5%, 4: 0.0%]
DFA state visits in window   : 1: 25762, 2: 15139, 3: 3703, 4: 9
DFA state visits cumulative  : 1: 625428, 2: 105805, 3: 28902, 4: 47
DFA state entries in window  : 1: 100, 2: 62, 3: 26, 4: 9
DFA state entries cumulative : 1: 3300, 2: 476, 3: 167, 4: 47
transitions cumulative       : 1->2: 476, 2->3: 167, 3->4: 47
accepted directly from s0    : 0
Gym endings cumulative       : terminated=3137, truncated=116

[Episode 3400/8000 | last 100]
success rate                : 18.0% (cumulative 1.9%)
synthetic task reward       : 1800.000
shaping reward              : 638.323
learning reward             : 2438.323
episode length              : 491.5
abstract changes / episode  : 38.4
DFA transitions / episode   : 1.52
DFA transitions in window   : 1->2: 80, 2->3: 54, 3->4: 18
epsilon (next episode)       : 0.25659
replay buffer                : 300000 samples [1: 58.5%, 2: 31.7%, 3: 9.7%, 4: 0.0%]
DFA state visits in window   : 1: 22007, 2: 19901, 3: 7327, 4: 18
DFA state visits cumulative  : 1: 647435, 2: 125706, 3: 36229, 4: 65
DFA state entries in window  : 1: 100, 2: 80, 3: 54, 4: 18
DFA state entries cumulative : 1: 3400, 2: 556, 3: 221, 4: 65
transitions cumulative       : 1->2: 556, 2->3: 221, 3->4: 65
accepted directly from s0    : 0
Gym endings cumulative       : terminated=3212, truncated=123
Best policy updated at episode 3400: mean learning reward=2438.323

[Episode 3500/8000 | last 100]
success rate                : 47.0% (cumulative 3.2%)
synthetic task reward       : 4700.000
shaping reward              : 910.969
learning reward             : 5610.969
episode length              : 492.0
abstract changes / episode  : 36.3
DFA transitions / episode   : 1.94
DFA transitions in window   : 1->2: 81, 2->3: 66, 3->4: 47
epsilon (next episode)       : 0.24653
replay buffer                : 300000 samples [1: 55.2%, 2: 34.6%, 3: 10.2%, 4: 0.0%]
DFA state visits in window   : 1: 23785, 2: 18674, 3: 6793, 4: 47
DFA state visits cumulative  : 1: 671220, 2: 144380, 3: 43022, 4: 112
DFA state entries in window  : 1: 100, 2: 81, 3: 66, 4: 47
DFA state entries cumulative : 1: 3500, 2: 637, 3: 287, 4: 112
transitions cumulative       : 1->2: 637, 2->3: 287, 3->4: 112
accepted directly from s0    : 0
Gym endings cumulative       : terminated=3256, truncated=132
Best policy updated at episode 3500: mean learning reward=5610.969

[Episode 3600/8000 | last 100]
success rate                : 58.0% (cumulative 4.7%)
synthetic task reward       : 5800.000
shaping reward              : 949.677
learning reward             : 6749.677
episode length              : 445.0
abstract changes / episode  : 33.0
DFA transitions / episode   : 2.08
DFA transitions in window   : 1->2: 79, 2->3: 71, 3->4: 58
epsilon (next episode)       : 0.23686
replay buffer                : 300000 samples [1: 53.3%, 2: 34.6%, 3: 12.1%, 4: 0.0%]
DFA state visits in window   : 1: 23065, 2: 13194, 3: 8280, 4: 58
DFA state visits cumulative  : 1: 694285, 2: 157574, 3: 51302, 4: 170
DFA state entries in window  : 1: 100, 2: 79, 3: 71, 4: 58
DFA state entries cumulative : 1: 3600, 2: 716, 3: 358, 4: 170
transitions cumulative       : 1->2: 716, 2->3: 358, 3->4: 170
accepted directly from s0    : 0
Gym endings cumulative       : terminated=3292, truncated=138
Best policy updated at episode 3600: mean learning reward=6749.677

[Episode 3700/8000 | last 100]
success rate                : 73.0% (cumulative 6.6%)
synthetic task reward       : 7300.000
shaping reward              : 1248.149
learning reward             : 8548.149
episode length              : 430.5
abstract changes / episode  : 32.5
DFA transitions / episode   : 2.48
DFA transitions in window   : 1->2: 91, 2->3: 84, 3->4: 73
epsilon (next episode)       : 0.22757
replay buffer                : 300000 samples [1: 50.9%, 2: 35.6%, 3: 13.6%, 4: 0.0%]
DFA state visits in window   : 1: 15987, 2: 17281, 3: 9806, 4: 73
DFA state visits cumulative  : 1: 710272, 2: 174855, 3: 61108, 4: 243
DFA state entries in window  : 1: 100, 2: 91, 3: 84, 4: 73
DFA state entries cumulative : 1: 3700, 2: 807, 3: 442, 4: 243
transitions cumulative       : 1->2: 807, 2->3: 442, 3->4: 243
accepted directly from s0    : 0
Gym endings cumulative       : terminated=3317, truncated=140
Best policy updated at episode 3700: mean learning reward=8548.149

[Episode 3800/8000 | last 100]
success rate                : 77.0% (cumulative 8.4%)
synthetic task reward       : 7700.000
shaping reward              : 1281.251
learning reward             : 8981.251
episode length              : 397.3
abstract changes / episode  : 29.9
DFA transitions / episode   : 2.55
DFA transitions in window   : 1->2: 90, 2->3: 88, 3->4: 77
epsilon (next episode)       : 0.21865
replay buffer                : 300000 samples [1: 48.4%, 2: 35.7%, 3: 15.9%, 4: 0.0%]
DFA state visits in window   : 1: 18131, 2: 12431, 3: 9188, 4: 77
DFA state visits cumulative  : 1: 728403, 2: 187286, 3: 70296, 4: 320
DFA state entries in window  : 1: 100, 2: 90, 3: 88, 4: 77
DFA state entries cumulative : 1: 3800, 2: 897, 3: 530, 4: 320
transitions cumulative       : 1->2: 897, 2->3: 530, 3->4: 320
accepted directly from s0    : 0
Gym endings cumulative       : terminated=3338, truncated=142
Best policy updated at episode 3800: mean learning reward=8981.251

[Episode 3900/8000 | last 100]
success rate                : 68.0% (cumulative 9.9%)
synthetic task reward       : 6800.000
shaping reward              : 1160.132
learning reward             : 7960.132
episode length              : 401.2
abstract changes / episode  : 29.8
DFA transitions / episode   : 2.30
DFA transitions in window   : 1->2: 84, 2->3: 78, 3->4: 68
epsilon (next episode)       : 0.21007
replay buffer                : 300000 samples [1: 46.7%, 2: 35.7%, 3: 17.7%, 4: 0.0%]
DFA state visits in window   : 1: 17391, 2: 13556, 3: 9207, 4: 68
DFA state visits cumulative  : 1: 745794, 2: 200842, 3: 79503, 4: 388
DFA state entries in window  : 1: 100, 2: 84, 3: 78, 4: 68
DFA state entries cumulative : 1: 3900, 2: 981, 3: 608, 4: 388
transitions cumulative       : 1->2: 981, 2->3: 608, 3->4: 388
accepted directly from s0    : 0
Gym endings cumulative       : terminated=3365, truncated=147

[Episode 4000/8000 | last 100]
success rate                : 73.0% (cumulative 11.5%)
synthetic task reward       : 7300.000
shaping reward              : 1199.635
learning reward             : 8499.635
episode length              : 349.0
abstract changes / episode  : 26.1
DFA transitions / episode   : 2.29
DFA transitions in window   : 1->2: 81, 2->3: 75, 3->4: 73
epsilon (next episode)       : 0.20183
replay buffer                : 300000 samples [1: 45.7%, 2: 35.6%, 3: 18.7%, 4: 0.0%]
DFA state visits in window   : 1: 17522, 2: 11946, 3: 5463, 4: 73
DFA state visits cumulative  : 1: 763316, 2: 212788, 3: 84966, 4: 461
DFA state entries in window  : 1: 100, 2: 81, 3: 75, 4: 73
DFA state entries cumulative : 1: 4000, 2: 1062, 3: 683, 4: 461
transitions cumulative       : 1->2: 1062, 2->3: 683, 3->4: 461
accepted directly from s0    : 0
Gym endings cumulative       : terminated=3390, truncated=149

[Episode 4100/8000 | last 100]
success rate                : 80.0% (cumulative 13.2%)
synthetic task reward       : 8000.000
shaping reward              : 1245.569
learning reward             : 9245.569
episode length              : 362.4
abstract changes / episode  : 27.5
DFA transitions / episode   : 2.44
DFA transitions in window   : 1->2: 83, 2->3: 81, 3->4: 80
epsilon (next episode)       : 0.19392
replay buffer                : 300000 samples [1: 46.6%, 2: 34.4%, 3: 19.0%, 4: 0.0%]
DFA state visits in window   : 1: 18791, 2: 11020, 3: 6452, 4: 80
DFA state visits cumulative  : 1: 782107, 2: 223808, 3: 91418, 4: 541
DFA state entries in window  : 1: 100, 2: 83, 3: 81, 4: 80
DFA state entries cumulative : 1: 4100, 2: 1145, 3: 764, 4: 541
transitions cumulative       : 1->2: 1145, 2->3: 764, 3->4: 541
accepted directly from s0    : 0
Gym endings cumulative       : terminated=3409, truncated=150
Best policy updated at episode 4100: mean learning reward=9245.569

[Episode 4200/8000 | last 100]
success rate                : 85.0% (cumulative 14.9%)
synthetic task reward       : 8500.000
shaping reward              : 1363.118
learning reward             : 9863.118
episode length              : 347.3
abstract changes / episode  : 25.9
DFA transitions / episode   : 2.63
DFA transitions in window   : 1->2: 91, 2->3: 87, 3->4: 85
epsilon (next episode)       : 0.18631
replay buffer                : 300000 samples [1: 46.7%, 2: 33.5%, 3: 19.8%, 4: 0.0%]
DFA state visits in window   : 1: 16510, 2: 11708, 3: 6529, 4: 85
DFA state visits cumulative  : 1: 798617, 2: 235516, 3: 97947, 4: 626
DFA state entries in window  : 1: 100, 2: 91, 3: 87, 4: 85
DFA state entries cumulative : 1: 4200, 2: 1236, 3: 851, 4: 626
transitions cumulative       : 1->2: 1236, 2->3: 851, 3->4: 626
accepted directly from s0    : 0
Gym endings cumulative       : terminated=3424, truncated=150
Best policy updated at episode 4200: mean learning reward=9863.118

[Episode 4300/8000 | last 100]
success rate                : 86.0% (cumulative 16.6%)
synthetic task reward       : 8600.000
shaping reward              : 1368.297
learning reward             : 9968.297
episode length              : 330.2
abstract changes / episode  : 24.9
DFA transitions / episode   : 2.64
DFA transitions in window   : 1->2: 90, 2->3: 88, 3->4: 86
epsilon (next episode)       : 0.17900
replay buffer                : 300000 samples [1: 46.5%, 2: 33.6%, 3: 20.0%, 4: 0.0%]
DFA state visits in window   : 1: 15936, 2: 11329, 3: 5766, 4: 86
DFA state visits cumulative  : 1: 814553, 2: 246845, 3: 103713, 4: 712
DFA state entries in window  : 1: 100, 2: 90, 3: 88, 4: 86
DFA state entries cumulative : 1: 4300, 2: 1326, 3: 939, 4: 712
transitions cumulative       : 1->2: 1326, 2->3: 939, 3->4: 712
accepted directly from s0    : 0
Gym endings cumulative       : terminated=3438, truncated=150
Best policy updated at episode 4300: mean learning reward=9968.297

[Episode 4400/8000 | last 100]
success rate                : 66.0% (cumulative 17.7%)
synthetic task reward       : 6600.000
shaping reward              : 1075.801
learning reward             : 7675.801
episode length              : 342.6
abstract changes / episode  : 26.3
DFA transitions / episode   : 2.13
DFA transitions in window   : 1->2: 79, 2->3: 68, 3->4: 66
epsilon (next episode)       : 0.17198
replay buffer                : 300000 samples [1: 47.0%, 2: 33.7%, 3: 19.3%, 4: 0.0%]
DFA state visits in window   : 1: 18495, 2: 10700, 3: 5098, 4: 66
DFA state visits cumulative  : 1: 833048, 2: 257545, 3: 108811, 4: 778
DFA state entries in window  : 1: 100, 2: 79, 3: 68, 4: 66
DFA state entries cumulative : 1: 4400, 2: 1405, 3: 1007, 4: 778
transitions cumulative       : 1->2: 1405, 2->3: 1007, 3->4: 778
accepted directly from s0    : 0
Gym endings cumulative       : terminated=3470, truncated=152

[Episode 4500/8000 | last 100]
success rate                : 83.0% (cumulative 19.1%)
synthetic task reward       : 8300.000
shaping reward              : 1290.558
learning reward             : 9590.558
episode length              : 363.1
abstract changes / episode  : 28.4
DFA transitions / episode   : 2.56
DFA transitions in window   : 1->2: 89, 2->3: 84, 3->4: 83
epsilon (next episode)       : 0.16524
replay buffer                : 300000 samples [1: 48.4%, 2: 32.7%, 3: 18.9%, 4: 0.0%]
DFA state visits in window   : 1: 17878, 2: 11481, 3: 6964, 4: 83
DFA state visits cumulative  : 1: 850926, 2: 269026, 3: 115775, 4: 861
DFA state entries in window  : 1: 100, 2: 89, 3: 84, 4: 83
DFA state entries cumulative : 1: 4500, 2: 1494, 3: 1091, 4: 861
transitions cumulative       : 1->2: 1494, 2->3: 1091, 3->4: 861
accepted directly from s0    : 0
Gym endings cumulative       : terminated=3486, truncated=153

[Episode 4600/8000 | last 100]
success rate                : 80.0% (cumulative 20.5%)
synthetic task reward       : 8000.000
shaping reward              : 1126.813
learning reward             : 9126.813
episode length              : 308.5
abstract changes / episode  : 23.9
DFA transitions / episode   : 2.42
DFA transitions in window   : 1->2: 81, 2->3: 81, 3->4: 80
epsilon (next episode)       : 0.15876
replay buffer                : 300000 samples [1: 49.1%, 2: 32.3%, 3: 18.5%, 4: 0.0%]
DFA state visits in window   : 1: 16396, 2: 9319, 3: 5152, 4: 80
DFA state visits cumulative  : 1: 867322, 2: 278345, 3: 120927, 4: 941
DFA state entries in window  : 1: 100, 2: 81, 3: 81, 4: 80
DFA state entries cumulative : 1: 4600, 2: 1575, 3: 1172, 4: 941
transitions cumulative       : 1->2: 1575, 2->3: 1172, 3->4: 941
accepted directly from s0    : 0
Gym endings cumulative       : terminated=3506, truncated=153

[Episode 4700/8000 | last 100]
success rate                : 89.0% (cumulative 21.9%)
synthetic task reward       : 8900.000
shaping reward              : 1364.426
learning reward             : 10264.426
episode length              : 314.8
abstract changes / episode  : 24.4
DFA transitions / episode   : 2.73
DFA transitions in window   : 1->2: 92, 2->3: 92, 3->4: 89
epsilon (next episode)       : 0.15253
replay buffer                : 300000 samples [1: 49.8%, 2: 32.5%, 3: 17.7%, 4: 0.0%]
DFA state visits in window   : 1: 16619, 2: 9262, 3: 5611, 4: 89
DFA state visits cumulative  : 1: 883941, 2: 287607, 3: 126538, 4: 1030
DFA state entries in window  : 1: 100, 2: 92, 3: 92, 4: 89
DFA state entries cumulative : 1: 4700, 2: 1667, 3: 1264, 4: 1030
transitions cumulative       : 1->2: 1667, 2->3: 1264, 3->4: 1030
accepted directly from s0    : 0
Gym endings cumulative       : terminated=3517, truncated=153
Best policy updated at episode 4700: mean learning reward=10264.426

[Episode 4800/8000 | last 100]
success rate                : 79.0% (cumulative 23.1%)
synthetic task reward       : 7900.000
shaping reward              : 1277.703
learning reward             : 9177.703
episode length              : 355.5
abstract changes / episode  : 26.9
DFA transitions / episode   : 2.56
DFA transitions in window   : 1->2: 91, 2->3: 86, 3->4: 79
epsilon (next episode)       : 0.14655
replay buffer                : 300000 samples [1: 51.0%, 2: 31.8%, 3: 17.2%, 4: 0.0%]
DFA state visits in window   : 1: 18955, 2: 11187, 3: 5426, 4: 79
DFA state visits cumulative  : 1: 902896, 2: 298794, 3: 131964, 4: 1109
DFA state entries in window  : 1: 100, 2: 91, 3: 86, 4: 79
DFA state entries cumulative : 1: 4800, 2: 1758, 3: 1350, 4: 1109
transitions cumulative       : 1->2: 1758, 2->3: 1350, 3->4: 1109
accepted directly from s0    : 0
Gym endings cumulative       : terminated=3537, truncated=154

[Episode 4900/8000 | last 100]
success rate                : 84.0% (cumulative 24.3%)
synthetic task reward       : 8400.000
shaping reward              : 1285.536
learning reward             : 9685.536
episode length              : 324.1
abstract changes / episode  : 25.0
DFA transitions / episode   : 2.64
DFA transitions in window   : 1->2: 91, 2->3: 89, 3->4: 84
epsilon (next episode)       : 0.14080
replay buffer                : 300000 samples [1: 51.2%, 2: 31.5%, 3: 17.3%, 4: 0.0%]
DFA state visits in window   : 1: 15854, 2: 10799, 3: 5776, 4: 84
DFA state visits cumulative  : 1: 918750, 2: 309593, 3: 137740, 4: 1193
DFA state entries in window  : 1: 100, 2: 91, 3: 89, 4: 84
DFA state entries cumulative : 1: 4900, 2: 1849, 3: 1439, 4: 1193
transitions cumulative       : 1->2: 1849, 2->3: 1439, 3->4: 1193
accepted directly from s0    : 0
Gym endings cumulative       : terminated=3553, truncated=154

[Episode 5000/8000 | last 100]
success rate                : 47.0% (cumulative 24.8%)
synthetic task reward       : 4700.000
shaping reward              : 463.684
learning reward             : 5163.684
episode length              : 241.5
abstract changes / episode  : 20.2
DFA transitions / episode   : 1.52
DFA transitions in window   : 1->2: 55, 2->3: 50, 3->4: 47
epsilon (next episode)       : 0.13528
replay buffer                : 300000 samples [1: 52.0%, 2: 31.3%, 3: 16.7%, 4: 0.0%]
DFA state visits in window   : 1: 15122, 2: 6200, 3: 2885, 4: 47
DFA state visits cumulative  : 1: 933872, 2: 315793, 3: 140625, 4: 1240
DFA state entries in window  : 1: 100, 2: 55, 3: 50, 4: 47
DFA state entries cumulative : 1: 5000, 2: 1904, 3: 1489, 4: 1240
transitions cumulative       : 1->2: 1904, 2->3: 1489, 3->4: 1240
accepted directly from s0    : 0
Gym endings cumulative       : terminated=3606, truncated=154

[Episode 5100/8000 | last 100]
success rate                : 56.0% (cumulative 25.4%)
synthetic task reward       : 5600.000
shaping reward              : 704.477
learning reward             : 6304.477
episode length              : 347.8
abstract changes / episode  : 24.8
DFA transitions / episode   : 1.74
DFA transitions in window   : 1->2: 61, 2->3: 57, 3->4: 56
epsilon (next episode)       : 0.12998
replay buffer                : 300000 samples [1: 54.3%, 2: 29.9%, 3: 15.8%, 4: 0.0%]
DFA state visits in window   : 1: 24923, 2: 6561, 3: 3340, 4: 56
DFA state visits cumulative  : 1: 958795, 2: 322354, 3: 143965, 4: 1296
DFA state entries in window  : 1: 100, 2: 61, 3: 57, 4: 56
DFA state entries cumulative : 1: 5100, 2: 1965, 3: 1546, 4: 1296
transitions cumulative       : 1->2: 1965, 2->3: 1546, 3->4: 1296
accepted directly from s0    : 0
Gym endings cumulative       : terminated=3645, truncated=159

[Episode 5200/8000 | last 100]
success rate                : 75.0% (cumulative 26.4%)
synthetic task reward       : 7500.000
shaping reward              : 1261.534
learning reward             : 8761.534
episode length              : 341.0
abstract changes / episode  : 24.7
DFA transitions / episode   : 2.44
DFA transitions in window   : 1->2: 89, 2->3: 80, 3->4: 75
epsilon (next episode)       : 0.12488
replay buffer                : 300000 samples [1: 55.0%, 2: 29.1%, 3: 15.9%, 4: 0.0%]
DFA state visits in window   : 1: 18043, 2: 9987, 3: 6096, 4: 75
DFA state visits cumulative  : 1: 976838, 2: 332341, 3: 150061, 4: 1371
DFA state entries in window  : 1: 100, 2: 89, 3: 80, 4: 75
DFA state entries cumulative : 1: 5200, 2: 2054, 3: 1626, 4: 1371
transitions cumulative       : 1->2: 2054, 2->3: 1626, 3->4: 1371
accepted directly from s0    : 0
Gym endings cumulative       : terminated=3668, truncated=161

[Episode 5300/8000 | last 100]
success rate                : 66.0% (cumulative 27.1%)
synthetic task reward       : 6600.000
shaping reward              : 1069.813
learning reward             : 7669.813
episode length              : 432.8
abstract changes / episode  : 30.7
DFA transitions / episode   : 2.08
DFA transitions in window   : 1->2: 74, 2->3: 68, 3->4: 66
epsilon (next episode)       : 0.11998
replay buffer                : 300000 samples [1: 56.4%, 2: 28.6%, 3: 15.0%, 4: 0.0%]
DFA state visits in window   : 1: 26842, 2: 11961, 3: 4515, 4: 66
DFA state visits cumulative  : 1: 1003680, 2: 344302, 3: 154576, 4: 1437
DFA state entries in window  : 1: 100, 2: 74, 3: 68, 4: 66
DFA state entries cumulative : 1: 5300, 2: 2128, 3: 1694, 4: 1437
transitions cumulative       : 1->2: 2128, 2->3: 1694, 3->4: 1437
accepted directly from s0    : 0
Gym endings cumulative       : terminated=3696, truncated=167

[Episode 5400/8000 | last 100]
success rate                : 78.0% (cumulative 28.1%)
synthetic task reward       : 7800.000
shaping reward              : 1304.598
learning reward             : 9104.598
episode length              : 332.7
abstract changes / episode  : 26.1
DFA transitions / episode   : 2.51
DFA transitions in window   : 1->2: 90, 2->3: 83, 3->4: 78
epsilon (next episode)       : 0.11528
replay buffer                : 300000 samples [1: 55.6%, 2: 29.8%, 3: 14.6%, 4: 0.0%]
DFA state visits in window   : 1: 14227, 2: 14029, 3: 5032, 4: 78
DFA state visits cumulative  : 1: 1017907, 2: 358331, 3: 159608, 4: 1515
DFA state entries in window  : 1: 100, 2: 90, 3: 83, 4: 78
DFA state entries cumulative : 1: 5400, 2: 2218, 3: 1777, 4: 1515
transitions cumulative       : 1->2: 2218, 2->3: 1777, 3->4: 1515
accepted directly from s0    : 0
Gym endings cumulative       : terminated=3717, truncated=168

[Episode 5500/8000 | last 100]
success rate                : 76.0% (cumulative 28.9%)
synthetic task reward       : 7600.000
shaping reward              : 1252.699
learning reward             : 8852.699
episode length              : 389.7
abstract changes / episode  : 29.9
DFA transitions / episode   : 2.47
DFA transitions in window   : 1->2: 90, 2->3: 81, 3->4: 76
epsilon (next episode)       : 0.11075
replay buffer                : 300000 samples [1: 53.0%, 2: 31.9%, 3: 15.1%, 4: 0.0%]
DFA state visits in window   : 1: 13337, 2: 18075, 3: 7580, 4: 76
DFA state visits cumulative  : 1: 1031244, 2: 376406, 3: 167188, 4: 1591
DFA state entries in window  : 1: 100, 2: 90, 3: 81, 4: 76
DFA state entries cumulative : 1: 5500, 2: 2308, 3: 1858, 4: 1591
transitions cumulative       : 1->2: 2308, 2->3: 1858, 3->4: 1591
accepted directly from s0    : 0
Gym endings cumulative       : terminated=3741, truncated=168

[Episode 5600/8000 | last 100]
success rate                : 71.0% (cumulative 29.7%)
synthetic task reward       : 7100.000
shaping reward              : 1183.261
learning reward             : 8283.261
episode length              : 345.8
abstract changes / episode  : 25.6
DFA transitions / episode   : 2.28
DFA transitions in window   : 1->2: 84, 2->3: 73, 3->4: 71
epsilon (next episode)       : 0.10641
replay buffer                : 300000 samples [1: 52.6%, 2: 33.0%, 3: 14.4%, 4: 0.0%]
DFA state visits in window   : 1: 15791, 2: 14105, 3: 4717, 4: 71
DFA state visits cumulative  : 1: 1047035, 2: 390511, 3: 171905, 4: 1662
DFA state entries in window  : 1: 100, 2: 84, 3: 73, 4: 71
DFA state entries cumulative : 1: 5600, 2: 2392, 3: 1931, 4: 1662
transitions cumulative       : 1->2: 2392, 2->3: 1931, 3->4: 1662
accepted directly from s0    : 0
Gym endings cumulative       : terminated=3768, truncated=170

[Episode 5700/8000 | last 100]
success rate                : 77.0% (cumulative 30.5%)
synthetic task reward       : 7700.000
shaping reward              : 1163.841
learning reward             : 8863.841
episode length              : 295.8
abstract changes / episode  : 21.8
DFA transitions / episode   : 2.40
DFA transitions in window   : 1->2: 84, 2->3: 79, 3->4: 77
epsilon (next episode)       : 0.10224
replay buffer                : 300000 samples [1: 52.7%, 2: 33.1%, 3: 14.3%, 4: 0.0%]
DFA state visits in window   : 1: 16763, 2: 9258, 3: 3581, 4: 77
DFA state visits cumulative  : 1: 1063798, 2: 399769, 3: 175486, 4: 1739
DFA state entries in window  : 1: 100, 2: 84, 3: 79, 4: 77
DFA state entries cumulative : 1: 5700, 2: 2476, 3: 2010, 4: 1739
transitions cumulative       : 1->2: 2476, 2->3: 2010, 3->4: 1739
accepted directly from s0    : 0
Gym endings cumulative       : terminated=3791, truncated=170

[Episode 5800/8000 | last 100]
success rate                : 77.0% (cumulative 31.3%)
synthetic task reward       : 7700.000
shaping reward              : 1217.968
learning reward             : 8917.968
episode length              : 311.1
abstract changes / episode  : 23.6
DFA transitions / episode   : 2.41
DFA transitions in window   : 1->2: 84, 2->3: 80, 3->4: 77
epsilon (next episode)       : 0.09823
replay buffer                : 300000 samples [1: 52.3%, 2: 33.6%, 3: 14.1%, 4: 0.0%]
DFA state visits in window   : 1: 14676, 2: 11534, 3: 4925, 4: 77
DFA state visits cumulative  : 1: 1078474, 2: 411303, 3: 180411, 4: 1816
DFA state entries in window  : 1: 100, 2: 84, 3: 80, 4: 77
DFA state entries cumulative : 1: 5800, 2: 2560, 3: 2090, 4: 1816
transitions cumulative       : 1->2: 2560, 2->3: 2090, 3->4: 1816
accepted directly from s0    : 0
Gym endings cumulative       : terminated=3812, truncated=172

[Episode 5900/8000 | last 100]
success rate                : 88.0% (cumulative 32.3%)
synthetic task reward       : 8800.000
shaping reward              : 1375.189
learning reward             : 10175.189
episode length              : 315.9
abstract changes / episode  : 23.2
DFA transitions / episode   : 2.69
DFA transitions in window   : 1->2: 91, 2->3: 90, 3->4: 88
epsilon (next episode)       : 0.09438
replay buffer                : 300000 samples [1: 51.8%, 2: 34.2%, 3: 14.0%, 4: 0.0%]
DFA state visits in window   : 1: 18159, 2: 9632, 3: 3808, 4: 88
DFA state visits cumulative  : 1: 1096633, 2: 420935, 3: 184219, 4: 1904
DFA state entries in window  : 1: 100, 2: 91, 3: 90, 4: 88
DFA state entries cumulative : 1: 5900, 2: 2651, 3: 2180, 4: 1904
transitions cumulative       : 1->2: 2651, 2->3: 2180, 3->4: 1904
accepted directly from s0    : 0
Gym endings cumulative       : terminated=3823, truncated=173

[Episode 6000/8000 | last 100]
success rate                : 85.0% (cumulative 33.1%)
synthetic task reward       : 8500.000
shaping reward              : 1318.921
learning reward             : 9818.921
episode length              : 293.6
abstract changes / episode  : 22.7
DFA transitions / episode   : 2.63
DFA transitions in window   : 1->2: 92, 2->3: 86, 3->4: 85
epsilon (next episode)       : 0.09067
replay buffer                : 300000 samples [1: 49.4%, 2: 35.8%, 3: 14.8%, 4: 0.0%]
DFA state visits in window   : 1: 15293, 2: 9677, 3: 4410, 4: 85
DFA state visits cumulative  : 1: 1111926, 2: 430612, 3: 188629, 4: 1989
DFA state entries in window  : 1: 100, 2: 92, 3: 86, 4: 85
DFA state entries cumulative : 1: 6000, 2: 2743, 3: 2266, 4: 1989
transitions cumulative       : 1->2: 2743, 2->3: 2266, 3->4: 1989
accepted directly from s0    : 0
Gym endings cumulative       : terminated=3838, truncated=173

[Episode 6100/8000 | last 100]
success rate                : 86.0% (cumulative 34.0%)
synthetic task reward       : 8600.000
shaping reward              : 1350.659
learning reward             : 9950.659
episode length              : 346.5
abstract changes / episode  : 25.7
DFA transitions / episode   : 2.67
DFA transitions in window   : 1->2: 92, 2->3: 89, 3->4: 86
epsilon (next episode)       : 0.08712
replay buffer                : 300000 samples [1: 50.4%, 2: 35.2%, 3: 14.4%, 4: 0.0%]
DFA state visits in window   : 1: 20669, 2: 8851, 3: 5144, 4: 86
DFA state visits cumulative  : 1: 1132595, 2: 439463, 3: 193773, 4: 2075
DFA state entries in window  : 1: 100, 2: 92, 3: 89, 4: 86
DFA state entries cumulative : 1: 6100, 2: 2835, 3: 2355, 4: 2075
transitions cumulative       : 1->2: 2835, 2->3: 2355, 3->4: 2075
accepted directly from s0    : 0
Gym endings cumulative       : terminated=3850, truncated=175

[Episode 6200/8000 | last 100]
success rate                : 95.0% (cumulative 35.0%)
synthetic task reward       : 9500.000
shaping reward              : 1470.817
learning reward             : 10970.817
episode length              : 304.1
abstract changes / episode  : 21.8
DFA transitions / episode   : 2.85
DFA transitions in window   : 1->2: 95, 2->3: 95, 3->4: 95
epsilon (next episode)       : 0.08370
replay buffer                : 300000 samples [1: 49.7%, 2: 35.4%, 3: 14.9%, 4: 0.0%]
DFA state visits in window   : 1: 16852, 2: 8441, 3: 5121, 4: 95
DFA state visits cumulative  : 1: 1149447, 2: 447904, 3: 198894, 4: 2170
DFA state entries in window  : 1: 100, 2: 95, 3: 95, 4: 95
DFA state entries cumulative : 1: 6200, 2: 2930, 3: 2450, 4: 2170
transitions cumulative       : 1->2: 2930, 2->3: 2450, 3->4: 2170
accepted directly from s0    : 0
Gym endings cumulative       : terminated=3855, truncated=175
Best policy updated at episode 6200: mean learning reward=10970.817

[Episode 6300/8000 | last 100]
success rate                : 88.0% (cumulative 35.8%)
synthetic task reward       : 8800.000
shaping reward              : 1348.537
learning reward             : 10148.537
episode length              : 301.9
abstract changes / episode  : 21.9
DFA transitions / episode   : 2.67
DFA transitions in window   : 1->2: 91, 2->3: 88, 3->4: 88
epsilon (next episode)       : 0.08042
replay buffer                : 300000 samples [1: 50.6%, 2: 34.1%, 3: 15.3%, 4: 0.0%]
DFA state visits in window   : 1: 17699, 2: 8130, 3: 4368, 4: 88
DFA state visits cumulative  : 1: 1167146, 2: 456034, 3: 203262, 4: 2258
DFA state entries in window  : 1: 100, 2: 91, 3: 88, 4: 88
DFA state entries cumulative : 1: 6300, 2: 3021, 3: 2538, 4: 2258
transitions cumulative       : 1->2: 3021, 2->3: 2538, 3->4: 2258
accepted directly from s0    : 0
Gym endings cumulative       : terminated=3866, truncated=176

[Episode 6400/8000 | last 100]
success rate                : 86.0% (cumulative 36.6%)
synthetic task reward       : 8600.000
shaping reward              : 1390.658
learning reward             : 9990.658
episode length              : 321.4
abstract changes / episode  : 23.2
DFA transitions / episode   : 2.71
DFA transitions in window   : 1->2: 95, 2->3: 90, 3->4: 86
epsilon (next episode)       : 0.07727
replay buffer                : 300000 samples [1: 52.4%, 2: 32.7%, 3: 14.8%, 4: 0.0%]
DFA state visits in window   : 1: 15487, 2: 11714, 3: 4951, 4: 86
DFA state visits cumulative  : 1: 1182633, 2: 467748, 3: 208213, 4: 2344
DFA state entries in window  : 1: 100, 2: 95, 3: 90, 4: 86
DFA state entries cumulative : 1: 6400, 2: 3116, 3: 2628, 4: 2344
transitions cumulative       : 1->2: 3116, 2->3: 2628, 3->4: 2344
accepted directly from s0    : 0
Gym endings cumulative       : terminated=3877, truncated=179

[Episode 6500/8000 | last 100]
success rate                : 73.0% (cumulative 37.2%)
synthetic task reward       : 7300.000
shaping reward              : 1229.096
learning reward             : 8529.096
episode length              : 365.3
abstract changes / episode  : 26.5
DFA transitions / episode   : 2.43
DFA transitions in window   : 1->2: 90, 2->3: 80, 3->4: 73
epsilon (next episode)       : 0.07423
replay buffer                : 300000 samples [1: 52.6%, 2: 32.6%, 3: 14.8%, 4: 0.0%]
DFA state visits in window   : 1: 15461, 2: 15068, 3: 6024, 4: 73
DFA state visits cumulative  : 1: 1198094, 2: 482816, 3: 214237, 4: 2417
DFA state entries in window  : 1: 100, 2: 90, 3: 80, 4: 73
DFA state entries cumulative : 1: 6500, 2: 3206, 3: 2708, 4: 2417
transitions cumulative       : 1->2: 3206, 2->3: 2708, 3->4: 2417
accepted directly from s0    : 0
Gym endings cumulative       : terminated=3898, truncated=185

[Episode 6600/8000 | last 100]
success rate                : 84.0% (cumulative 37.9%)
synthetic task reward       : 8400.000
shaping reward              : 1360.043
learning reward             : 9760.043
episode length              : 327.0
abstract changes / episode  : 25.9
DFA transitions / episode   : 2.69
DFA transitions in window   : 1->2: 96, 2->3: 89, 3->4: 84
epsilon (next episode)       : 0.07132
replay buffer                : 300000 samples [1: 52.9%, 2: 31.9%, 3: 15.2%, 4: 0.0%]
DFA state visits in window   : 1: 17945, 2: 9529, 3: 5243, 4: 84
DFA state visits cumulative  : 1: 1216039, 2: 492345, 3: 219480, 4: 2501
DFA state entries in window  : 1: 100, 2: 96, 3: 89, 4: 84
DFA state entries cumulative : 1: 6600, 2: 3302, 3: 2797, 4: 2501
transitions cumulative       : 1->2: 3302, 2->3: 2797, 3->4: 2501
accepted directly from s0    : 0
Gym endings cumulative       : terminated=3913, truncated=186

[Episode 6700/8000 | last 100]
success rate                : 78.0% (cumulative 38.5%)
synthetic task reward       : 7800.000
shaping reward              : 1247.154
learning reward             : 9047.154
episode length              : 342.8
abstract changes / episode  : 27.0
DFA transitions / episode   : 2.51
DFA transitions in window   : 1->2: 91, 2->3: 82, 3->4: 78
epsilon (next episode)       : 0.06853
replay buffer                : 300000 samples [1: 54.3%, 2: 30.9%, 3: 14.8%, 4: 0.0%]
DFA state visits in window   : 1: 21235, 2: 8430, 3: 4641, 4: 78
DFA state visits cumulative  : 1: 1237274, 2: 500775, 3: 224121, 4: 2579
DFA state entries in window  : 1: 100, 2: 91, 3: 82, 4: 78
DFA state entries cumulative : 1: 6700, 2: 3393, 3: 2879, 4: 2579
transitions cumulative       : 1->2: 3393, 2->3: 2879, 3->4: 2579
accepted directly from s0    : 0
Gym endings cumulative       : terminated=3935, truncated=186

[Episode 6800/8000 | last 100]
success rate                : 79.0% (cumulative 39.1%)
synthetic task reward       : 7900.000
shaping reward              : 1232.468
learning reward             : 9132.468
episode length              : 328.8
abstract changes / episode  : 25.9
DFA transitions / episode   : 2.53
DFA transitions in window   : 1->2: 89, 2->3: 85, 3->4: 79
epsilon (next episode)       : 0.06584
replay buffer                : 300000 samples [1: 55.1%, 2: 29.8%, 3: 15.2%, 4: 0.0%]
DFA state visits in window   : 1: 20463, 2: 7732, 3: 4705, 4: 79
DFA state visits cumulative  : 1: 1257737, 2: 508507, 3: 228826, 4: 2658
DFA state entries in window  : 1: 100, 2: 89, 3: 85, 4: 79
DFA state entries cumulative : 1: 6800, 2: 3482, 3: 2964, 4: 2658
transitions cumulative       : 1->2: 3482, 2->3: 2964, 3->4: 2658
accepted directly from s0    : 0
Gym endings cumulative       : terminated=3956, truncated=186

[Episode 6900/8000 | last 100]
success rate                : 96.0% (cumulative 39.9%)
synthetic task reward       : 9600.000
shaping reward              : 1506.165
learning reward             : 11106.165
episode length              : 315.8
abstract changes / episode  : 22.9
DFA transitions / episode   : 2.89
DFA transitions in window   : 1->2: 97, 2->3: 96, 3->4: 96
epsilon (next episode)       : 0.06326
replay buffer                : 300000 samples [1: 56.0%, 2: 28.9%, 3: 15.1%, 4: 0.0%]
DFA state visits in window   : 1: 19484, 2: 7582, 3: 4520, 4: 96
DFA state visits cumulative  : 1: 1277221, 2: 516089, 3: 233346, 4: 2754
DFA state entries in window  : 1: 100, 2: 97, 3: 96, 4: 96
DFA state entries cumulative : 1: 6900, 2: 3579, 3: 3060, 4: 2754
transitions cumulative       : 1->2: 3579, 2->3: 3060, 3->4: 2754
accepted directly from s0    : 0
Gym endings cumulative       : terminated=3960, truncated=186
Best policy updated at episode 6900: mean learning reward=11106.165

[Episode 7000/8000 | last 100]
success rate                : 95.0% (cumulative 40.7%)
synthetic task reward       : 9500.000
shaping reward              : 1479.909
learning reward             : 10979.909
episode length              : 306.8
abstract changes / episode  : 23.1
DFA transitions / episode   : 2.88
DFA transitions in window   : 1->2: 98, 2->3: 95, 3->4: 95
epsilon (next episode)       : 0.06078
replay buffer                : 300000 samples [1: 55.8%, 2: 28.8%, 3: 15.4%, 4: 0.0%]
DFA state visits in window   : 1: 17662, 2: 7445, 3: 5579, 4: 95
DFA state visits cumulative  : 1: 1294883, 2: 523534, 3: 238925, 4: 2849
DFA state entries in window  : 1: 100, 2: 98, 3: 95, 4: 95
DFA state entries cumulative : 1: 7000, 2: 3677, 3: 3155, 4: 2849
transitions cumulative       : 1->2: 3677, 2->3: 3155, 3->4: 2849
accepted directly from s0    : 0
Gym endings cumulative       : terminated=3965, truncated=186

[Episode 7100/8000 | last 100]
success rate                : 88.0% (cumulative 41.4%)
synthetic task reward       : 8800.000
shaping reward              : 1390.433
learning reward             : 10190.433
episode length              : 305.2
abstract changes / episode  : 23.3
DFA transitions / episode   : 2.75
DFA transitions in window   : 1->2: 96, 2->3: 91, 3->4: 88
epsilon (next episode)       : 0.05839
replay buffer                : 300000 samples [1: 55.5%, 2: 28.9%, 3: 15.6%, 4: 0.0%]
DFA state visits in window   : 1: 16562, 2: 8858, 3: 5111, 4: 88
DFA state visits cumulative  : 1: 1311445, 2: 532392, 3: 244036, 4: 2937
DFA state entries in window  : 1: 100, 2: 96, 3: 91, 4: 88
DFA state entries cumulative : 1: 7100, 2: 3773, 3: 3246, 4: 2937
transitions cumulative       : 1->2: 3773, 2->3: 3246, 3->4: 2937
accepted directly from s0    : 0
Gym endings cumulative       : terminated=3976, truncated=187

[Episode 7200/8000 | last 100]
success rate                : 91.0% (cumulative 42.1%)
synthetic task reward       : 9100.000
shaping reward              : 1412.792
learning reward             : 10512.792
episode length              : 275.2
abstract changes / episode  : 21.8
DFA transitions / episode   : 2.76
DFA transitions in window   : 1->2: 94, 2->3: 91, 3->4: 91
epsilon (next episode)       : 0.05610
replay buffer                : 300000 samples [1: 55.4%, 2: 29.1%, 3: 15.4%, 4: 0.0%]
DFA state visits in window   : 1: 16091, 2: 7602, 3: 3835, 4: 91
DFA state visits cumulative  : 1: 1327536, 2: 539994, 3: 247871, 4: 3028
DFA state entries in window  : 1: 100, 2: 94, 3: 91, 4: 91
DFA state entries cumulative : 1: 7200, 2: 3867, 3: 3337, 4: 3028
transitions cumulative       : 1->2: 3867, 2->3: 3337, 3->4: 3028
accepted directly from s0    : 0
Gym endings cumulative       : terminated=3985, truncated=187

[Episode 7300/8000 | last 100]
success rate                : 96.0% (cumulative 42.8%)
synthetic task reward       : 9600.000
shaping reward              : 1510.103
learning reward             : 11110.103
episode length              : 299.6
abstract changes / episode  : 21.8
DFA transitions / episode   : 2.93
DFA transitions in window   : 1->2: 99, 2->3: 98, 3->4: 96
epsilon (next episode)       : 0.05390
replay buffer                : 300000 samples [1: 56.1%, 2: 28.7%, 3: 15.2%, 4: 0.0%]
DFA state visits in window   : 1: 17361, 2: 8070, 3: 4538, 4: 96
DFA state visits cumulative  : 1: 1344897, 2: 548064, 3: 252409, 4: 3124
DFA state entries in window  : 1: 100, 2: 99, 3: 98, 4: 96
DFA state entries cumulative : 1: 7300, 2: 3966, 3: 3435, 4: 3124
transitions cumulative       : 1->2: 3966, 2->3: 3435, 3->4: 3124
accepted directly from s0    : 0
Gym endings cumulative       : terminated=3988, truncated=188
Best policy updated at episode 7300: mean learning reward=11110.103

[Episode 7400/8000 | last 100]
success rate                : 96.0% (cumulative 43.5%)
synthetic task reward       : 9600.000
shaping reward              : 1498.229
learning reward             : 11098.229
episode length              : 296.4
abstract changes / episode  : 21.6
DFA transitions / episode   : 2.89
DFA transitions in window   : 1->2: 97, 2->3: 96, 3->4: 96
epsilon (next episode)       : 0.05179
replay buffer                : 300000 samples [1: 57.6%, 2: 26.7%, 3: 15.7%, 4: 0.0%]
DFA state visits in window   : 1: 17636, 2: 6974, 3: 5030, 4: 96
DFA state visits cumulative  : 1: 1362533, 2: 555038, 3: 257439, 4: 3220
DFA state entries in window  : 1: 100, 2: 97, 3: 96, 4: 96
DFA state entries cumulative : 1: 7400, 2: 4063, 3: 3531, 4: 3220
transitions cumulative       : 1->2: 4063, 2->3: 3531, 3->4: 3220
accepted directly from s0    : 0
Gym endings cumulative       : terminated=3992, truncated=188

[Episode 7500/8000 | last 100]
success rate                : 94.0% (cumulative 44.2%)
synthetic task reward       : 9400.000
shaping reward              : 1456.121
learning reward             : 10856.121
episode length              : 255.7
abstract changes / episode  : 19.6
DFA transitions / episode   : 2.84
DFA transitions in window   : 1->2: 96, 2->3: 94, 3->4: 94
epsilon (next episode)       : 0.04976
replay buffer                : 300000 samples [1: 58.5%, 2: 26.1%, 3: 15.4%, 4: 0.0%]
DFA state visits in window   : 1: 14179, 2: 7464, 3: 3935, 4: 94
DFA state visits cumulative  : 1: 1376712, 2: 562502, 3: 261374, 4: 3314
DFA state entries in window  : 1: 100, 2: 96, 3: 94, 4: 94
DFA state entries cumulative : 1: 7500, 2: 4159, 3: 3625, 4: 3314
transitions cumulative       : 1->2: 4159, 2->3: 3625, 3->4: 3314
accepted directly from s0    : 0
Gym endings cumulative       : terminated=3998, truncated=188

[Episode 7600/8000 | last 100]
success rate                : 87.0% (cumulative 44.8%)
synthetic task reward       : 8700.000
shaping reward              : 1365.630
learning reward             : 10065.630
episode length              : 275.6
abstract changes / episode  : 22.6
DFA transitions / episode   : 2.70
DFA transitions in window   : 1->2: 95, 2->3: 88, 3->4: 87
epsilon (next episode)       : 0.04781
replay buffer                : 300000 samples [1: 58.7%, 2: 25.9%, 3: 15.4%, 4: 0.0%]
DFA state visits in window   : 1: 15700, 2: 7546, 3: 4328, 4: 87
DFA state visits cumulative  : 1: 1392412, 2: 570048, 3: 265702, 4: 3401
DFA state entries in window  : 1: 100, 2: 95, 3: 88, 4: 87
DFA state entries cumulative : 1: 7600, 2: 4254, 3: 3713, 4: 3401
transitions cumulative       : 1->2: 4254, 2->3: 3713, 3->4: 3401
accepted directly from s0    : 0
Gym endings cumulative       : terminated=4011, truncated=188

[Episode 7700/8000 | last 100]
success rate                : 94.0% (cumulative 45.4%)
synthetic task reward       : 9400.000
shaping reward              : 1463.431
learning reward             : 10863.431
episode length              : 263.4
abstract changes / episode  : 21.3
DFA transitions / episode   : 2.85
DFA transitions in window   : 1->2: 97, 2->3: 94, 3->4: 94
epsilon (next episode)       : 0.04593
replay buffer                : 300000 samples [1: 58.1%, 2: 26.3%, 3: 15.7%, 4: 0.0%]
DFA state visits in window   : 1: 14991, 2: 7474, 3: 3878, 4: 94
DFA state visits cumulative  : 1: 1407403, 2: 577522, 3: 269580, 4: 3495
DFA state entries in window  : 1: 100, 2: 97, 3: 94, 4: 94
DFA state entries cumulative : 1: 7700, 2: 4351, 3: 3807, 4: 3495
transitions cumulative       : 1->2: 4351, 2->3: 3807, 3->4: 3495
accepted directly from s0    : 0
Gym endings cumulative       : terminated=4017, truncated=188

[Episode 7800/8000 | last 100]
success rate                : 94.0% (cumulative 46.0%)
synthetic task reward       : 9400.000
shaping reward              : 1469.919
learning reward             : 10869.919
episode length              : 253.8
abstract changes / episode  : 19.9
DFA transitions / episode   : 2.85
DFA transitions in window   : 1->2: 96, 2->3: 95, 3->4: 94
epsilon (next episode)       : 0.04413
replay buffer                : 300000 samples [1: 57.7%, 2: 26.7%, 3: 15.5%, 4: 0.0%]
DFA state visits in window   : 1: 14624, 2: 7302, 3: 3461, 4: 94
DFA state visits cumulative  : 1: 1422027, 2: 584824, 3: 273041, 4: 3589
DFA state entries in window  : 1: 100, 2: 96, 3: 95, 4: 94
DFA state entries cumulative : 1: 7800, 2: 4447, 3: 3902, 4: 3589
transitions cumulative       : 1->2: 4447, 2->3: 3902, 3->4: 3589
accepted directly from s0    : 0
Gym endings cumulative       : terminated=4023, truncated=188

[Episode 7900/8000 | last 100]
success rate                : 85.0% (cumulative 46.5%)
synthetic task reward       : 8500.000
shaping reward              : 1305.058
learning reward             : 9805.058
episode length              : 244.2
abstract changes / episode  : 20.0
DFA transitions / episode   : 2.63
DFA transitions in window   : 1->2: 91, 2->3: 87, 3->4: 85
epsilon (next episode)       : 0.04240
replay buffer                : 300000 samples [1: 57.4%, 2: 27.1%, 3: 15.5%, 4: 0.0%]
DFA state visits in window   : 1: 13943, 2: 7203, 3: 3284, 4: 85
DFA state visits cumulative  : 1: 1435970, 2: 592027, 3: 276325, 4: 3674
DFA state entries in window  : 1: 100, 2: 91, 3: 87, 4: 85
DFA state entries cumulative : 1: 7900, 2: 4538, 3: 3989, 4: 3674
transitions cumulative       : 1->2: 4538, 2->3: 3989, 3->4: 3674
accepted directly from s0    : 0
Gym endings cumulative       : terminated=4038, truncated=188

[Episode 8000/8000 | last 100]
success rate                : 62.0% (cumulative 46.7%)
synthetic task reward       : 6200.000
shaping reward              : 867.764
learning reward             : 7067.764
episode length              : 200.7
abstract changes / episode  : 18.5
DFA transitions / episode   : 1.92
DFA transitions in window   : 1->2: 68, 2->3: 62, 3->4: 62
epsilon (next episode)       : 0.04074
replay buffer                : 300000 samples [1: 57.1%, 2: 27.6%, 3: 15.3%, 4: 0.0%]
DFA state visits in window   : 1: 11342, 2: 6206, 3: 2563, 4: 62
DFA state visits cumulative  : 1: 1447312, 2: 598233, 3: 278888, 4: 3736
DFA state entries in window  : 1: 100, 2: 68, 3: 62, 4: 62
DFA state entries cumulative : 1: 8000, 2: 4606, 3: 4051, 4: 3736
transitions cumulative       : 1->2: 4606, 2->3: 4051, 3->4: 3736
accepted directly from s0    : 0
Gym endings cumulative       : terminated=4075, truncated=189
Last policy saved after episode 8000. Best policy: episode 7300, mean learning reward=11110.103
