
=== NEW RUN ===
episodes=8000, shaping=True, K=1.0, goal_reward=10000.0, gamma=0.99
training_shaping_gamma=False, shaping_formula=K*(Phi(next)-Phi(state))
inter_level_shaping=True, inter_level_K=1.0
formula=F(wp1 & X(F(wp2 & X(F(g1)))))
waypoints={'wp1': (1, 8), 'wp2': (5, 6), 'g1': (8, 8)}
dfa_states=[1, 2, 3, 4], pre_trace=1, accepting=[4]

[Episode 1/8000 | last 1]
success rate                : 0.0% (cumulative 0.0%)
synthetic task reward       : 0.000
shaping reward              : -518.243
learning reward             : -518.243
episode length              : 78.0
abstract changes / episode  : 13.0
DFA transitions / episode   : 0.00
DFA transitions in window   : none
epsilon (next episode)       : 0.99960
replay buffer                : 78 samples [1: 100.0%, 2: 0.0%, 3: 0.0%, 4: 0.0%]
DFA state visits in window   : 1: 79, 2: 0, 3: 0, 4: 0
DFA state visits cumulative  : 1: 79, 2: 0, 3: 0, 4: 0
DFA state entries in window  : 1: 1, 2: 0, 3: 0, 4: 0
DFA state entries cumulative : 1: 1, 2: 0, 3: 0, 4: 0
transitions cumulative       : none
accepted directly from s0    : 0
Gym endings cumulative       : terminated=1, truncated=0
Best policy updated at episode 1: mean learning reward=-518.243

[Episode 100/8000 | last 100]
success rate                : 0.0% (cumulative 0.0%)
synthetic task reward       : 0.000
shaping reward              : -472.186
learning reward             : -472.186
episode length              : 91.7
abstract changes / episode  : 12.9
DFA transitions / episode   : 0.01
DFA transitions in window   : 1->2: 1
epsilon (next episode)       : 0.96078
replay buffer                : 9170 samples [1: 99.7%, 2: 0.3%, 3: 0.0%, 4: 0.0%]
DFA state visits in window   : 1: 9237, 2: 33, 3: 0, 4: 0
DFA state visits cumulative  : 1: 9237, 2: 33, 3: 0, 4: 0
DFA state entries in window  : 1: 100, 2: 1, 3: 0, 4: 0
DFA state entries cumulative : 1: 100, 2: 1, 3: 0, 4: 0
transitions cumulative       : 1->2: 1
accepted directly from s0    : 0
Gym endings cumulative       : terminated=100, truncated=0
Best policy updated at episode 100: mean learning reward=-472.186

[Episode 200/8000 | last 100]
success rate                : 0.0% (cumulative 0.0%)
synthetic task reward       : 0.000
shaping reward              : -445.119
learning reward             : -445.119
episode length              : 92.7
abstract changes / episode  : 12.6
DFA transitions / episode   : 0.03
DFA transitions in window   : 1->2: 3
epsilon (next episode)       : 0.92310
replay buffer                : 18435 samples [1: 99.5%, 2: 0.5%, 3: 0.0%, 4: 0.0%]
DFA state visits in window   : 1: 9305, 2: 60, 3: 0, 4: 0
DFA state visits cumulative  : 1: 18542, 2: 93, 3: 0, 4: 0
DFA state entries in window  : 1: 100, 2: 3, 3: 0, 4: 0
DFA state entries cumulative : 1: 200, 2: 4, 3: 0, 4: 0
transitions cumulative       : 1->2: 4
accepted directly from s0    : 0
Gym endings cumulative       : terminated=200, truncated=0
Best policy updated at episode 200: mean learning reward=-445.119

[Episode 300/8000 | last 100]
success rate                : 0.0% (cumulative 0.0%)
synthetic task reward       : 0.000
shaping reward              : -457.139
learning reward             : -457.139
episode length              : 95.1
abstract changes / episode  : 12.9
DFA transitions / episode   : 0.02
DFA transitions in window   : 1->2: 2
epsilon (next episode)       : 0.88690
replay buffer                : 27949 samples [1: 99.5%, 2: 0.5%, 3: 0.0%, 4: 0.0%]
DFA state visits in window   : 1: 9575, 2: 39, 3: 0, 4: 0
DFA state visits cumulative  : 1: 28117, 2: 132, 3: 0, 4: 0
DFA state entries in window  : 1: 100, 2: 2, 3: 0, 4: 0
DFA state entries cumulative : 1: 300, 2: 6, 3: 0, 4: 0
transitions cumulative       : 1->2: 6
accepted directly from s0    : 0
Gym endings cumulative       : terminated=300, truncated=0

[Episode 400/8000 | last 100]
success rate                : 0.0% (cumulative 0.0%)
synthetic task reward       : 0.000
shaping reward              : -394.381
learning reward             : -394.381
episode length              : 98.2
abstract changes / episode  : 12.7
DFA transitions / episode   : 0.03
DFA transitions in window   : 1->2: 3
epsilon (next episode)       : 0.85212
replay buffer                : 37764 samples [1: 99.5%, 2: 0.5%, 3: 0.0%, 4: 0.0%]
DFA state visits in window   : 1: 9865, 2: 50, 3: 0, 4: 0
DFA state visits cumulative  : 1: 37982, 2: 182, 3: 0, 4: 0
DFA state entries in window  : 1: 100, 2: 3, 3: 0, 4: 0
DFA state entries cumulative : 1: 400, 2: 9, 3: 0, 4: 0
transitions cumulative       : 1->2: 9
accepted directly from s0    : 0
Gym endings cumulative       : terminated=400, truncated=0
Best policy updated at episode 400: mean learning reward=-394.381

[Episode 500/8000 | last 100]
success rate                : 0.0% (cumulative 0.0%)
synthetic task reward       : 0.000
shaping reward              : -437.487
learning reward             : -437.487
episode length              : 104.2
abstract changes / episode  : 12.8
DFA transitions / episode   : 0.02
DFA transitions in window   : 1->2: 2
epsilon (next episode)       : 0.81870
replay buffer                : 48188 samples [1: 99.5%, 2: 0.5%, 3: 0.0%, 4: 0.0%]
DFA state visits in window   : 1: 10472, 2: 52, 3: 0, 4: 0
DFA state visits cumulative  : 1: 48454, 2: 234, 3: 0, 4: 0
DFA state entries in window  : 1: 100, 2: 2, 3: 0, 4: 0
DFA state entries cumulative : 1: 500, 2: 11, 3: 0, 4: 0
transitions cumulative       : 1->2: 11
accepted directly from s0    : 0
Gym endings cumulative       : terminated=500, truncated=0

[Episode 600/8000 | last 100]
success rate                : 0.0% (cumulative 0.0%)
synthetic task reward       : 0.000
shaping reward              : -381.327
learning reward             : -381.327
episode length              : 108.0
abstract changes / episode  : 12.8
DFA transitions / episode   : 0.06
DFA transitions in window   : 1->2: 6
epsilon (next episode)       : 0.78659
replay buffer                : 58984 samples [1: 99.3%, 2: 0.7%, 3: 0.0%, 4: 0.0%]
DFA state visits in window   : 1: 10724, 2: 172, 3: 0, 4: 0
DFA state visits cumulative  : 1: 59178, 2: 406, 3: 0, 4: 0
DFA state entries in window  : 1: 100, 2: 6, 3: 0, 4: 0
DFA state entries cumulative : 1: 600, 2: 17, 3: 0, 4: 0
transitions cumulative       : 1->2: 17
accepted directly from s0    : 0
Gym endings cumulative       : terminated=600, truncated=0
Best policy updated at episode 600: mean learning reward=-381.327

[Episode 700/8000 | last 100]
success rate                : 0.0% (cumulative 0.0%)
synthetic task reward       : 0.000
shaping reward              : -350.063
learning reward             : -350.063
episode length              : 116.2
abstract changes / episode  : 12.7
DFA transitions / episode   : 0.05
DFA transitions in window   : 1->2: 5
epsilon (next episode)       : 0.75574
replay buffer                : 70607 samples [1: 99.3%, 2: 0.7%, 3: 0.0%, 4: 0.0%]
DFA state visits in window   : 1: 11578, 2: 145, 3: 0, 4: 0
DFA state visits cumulative  : 1: 70756, 2: 551, 3: 0, 4: 0
DFA state entries in window  : 1: 100, 2: 5, 3: 0, 4: 0
DFA state entries cumulative : 1: 700, 2: 22, 3: 0, 4: 0
transitions cumulative       : 1->2: 22
accepted directly from s0    : 0
Gym endings cumulative       : terminated=700, truncated=0
Best policy updated at episode 700: mean learning reward=-350.063

[Episode 800/8000 | last 100]
success rate                : 0.0% (cumulative 0.0%)
synthetic task reward       : 0.000
shaping reward              : -380.191
learning reward             : -380.191
episode length              : 110.3
abstract changes / episode  : 12.8
DFA transitions / episode   : 0.04
DFA transitions in window   : 1->2: 4
epsilon (next episode)       : 0.72610
replay buffer                : 81633 samples [1: 99.2%, 2: 0.8%, 3: 0.0%, 4: 0.0%]
DFA state visits in window   : 1: 11031, 2: 95, 3: 0, 4: 0
DFA state visits cumulative  : 1: 81787, 2: 646, 3: 0, 4: 0
DFA state entries in window  : 1: 100, 2: 4, 3: 0, 4: 0
DFA state entries cumulative : 1: 800, 2: 26, 3: 0, 4: 0
transitions cumulative       : 1->2: 26
accepted directly from s0    : 0
Gym endings cumulative       : terminated=800, truncated=0

[Episode 900/8000 | last 100]
success rate                : 0.0% (cumulative 0.0%)
synthetic task reward       : 0.000
shaping reward              : -322.111
learning reward             : -322.111
episode length              : 112.2
abstract changes / episode  : 12.3
DFA transitions / episode   : 0.03
DFA transitions in window   : 1->2: 3
epsilon (next episode)       : 0.69763
replay buffer                : 92858 samples [1: 99.2%, 2: 0.8%, 3: 0.0%, 4: 0.0%]
DFA state visits in window   : 1: 11236, 2: 89, 3: 0, 4: 0
DFA state visits cumulative  : 1: 93023, 2: 735, 3: 0, 4: 0
DFA state entries in window  : 1: 100, 2: 3, 3: 0, 4: 0
DFA state entries cumulative : 1: 900, 2: 29, 3: 0, 4: 0
transitions cumulative       : 1->2: 29
accepted directly from s0    : 0
Gym endings cumulative       : terminated=900, truncated=0
Best policy updated at episode 900: mean learning reward=-322.111

[Episode 1000/8000 | last 100]
success rate                : 0.0% (cumulative 0.0%)
synthetic task reward       : 0.000
shaping reward              : -330.620
learning reward             : -330.620
episode length              : 117.8
abstract changes / episode  : 12.6
DFA transitions / episode   : 0.05
DFA transitions in window   : 1->2: 5
epsilon (next episode)       : 0.67027
replay buffer                : 104635 samples [1: 99.2%, 2: 0.8%, 3: 0.0%, 4: 0.0%]
DFA state visits in window   : 1: 11757, 2: 120, 3: 0, 4: 0
DFA state visits cumulative  : 1: 104780, 2: 855, 3: 0, 4: 0
DFA state entries in window  : 1: 100, 2: 5, 3: 0, 4: 0
DFA state entries cumulative : 1: 1000, 2: 34, 3: 0, 4: 0
transitions cumulative       : 1->2: 34
accepted directly from s0    : 0
Gym endings cumulative       : terminated=1000, truncated=0

[Episode 1100/8000 | last 100]
success rate                : 0.0% (cumulative 0.0%)
synthetic task reward       : 0.000
shaping reward              : -367.310
learning reward             : -367.310
episode length              : 142.8
abstract changes / episode  : 13.7
DFA transitions / episode   : 0.06
DFA transitions in window   : 1->2: 6
epsilon (next episode)       : 0.64398
replay buffer                : 118912 samples [1: 98.4%, 2: 1.6%, 3: 0.0%, 4: 0.0%]
DFA state visits in window   : 1: 13339, 2: 1038, 3: 0, 4: 0
DFA state visits cumulative  : 1: 118119, 2: 1893, 3: 0, 4: 0
DFA state entries in window  : 1: 100, 2: 6, 3: 0, 4: 0
DFA state entries cumulative : 1: 1100, 2: 40, 3: 0, 4: 0
transitions cumulative       : 1->2: 40
accepted directly from s0    : 0
Gym endings cumulative       : terminated=1099, truncated=1

[Episode 1200/8000 | last 100]
success rate                : 0.0% (cumulative 0.0%)
synthetic task reward       : 0.000
shaping reward              : -414.957
learning reward             : -414.957
episode length              : 144.4
abstract changes / episode  : 13.6
DFA transitions / episode   : 0.01
DFA transitions in window   : 1->2: 1
epsilon (next episode)       : 0.61872
replay buffer                : 133354 samples [1: 98.6%, 2: 1.4%, 3: 0.0%, 4: 0.0%]
DFA state visits in window   : 1: 14487, 2: 55, 3: 0, 4: 0
DFA state visits cumulative  : 1: 132606, 2: 1948, 3: 0, 4: 0
DFA state entries in window  : 1: 100, 2: 1, 3: 0, 4: 0
DFA state entries cumulative : 1: 1200, 2: 41, 3: 0, 4: 0
transitions cumulative       : 1->2: 41
accepted directly from s0    : 0
Gym endings cumulative       : terminated=1199, truncated=1

[Episode 1300/8000 | last 100]
success rate                : 0.0% (cumulative 0.0%)
synthetic task reward       : 0.000
shaping reward              : -450.020
learning reward             : -450.020
episode length              : 142.2
abstract changes / episode  : 13.1
DFA transitions / episode   : 0.02
DFA transitions in window   : 1->2: 2
epsilon (next episode)       : 0.59446
replay buffer                : 147575 samples [1: 98.7%, 2: 1.3%, 3: 0.0%, 4: 0.0%]
DFA state visits in window   : 1: 14281, 2: 40, 3: 0, 4: 0
DFA state visits cumulative  : 1: 146887, 2: 1988, 3: 0, 4: 0
DFA state entries in window  : 1: 100, 2: 2, 3: 0, 4: 0
DFA state entries cumulative : 1: 1300, 2: 43, 3: 0, 4: 0
transitions cumulative       : 1->2: 43
accepted directly from s0    : 0
Gym endings cumulative       : terminated=1299, truncated=1

[Episode 1400/8000 | last 100]
success rate                : 0.0% (cumulative 0.0%)
synthetic task reward       : 0.000
shaping reward              : -445.595
learning reward             : -445.595
episode length              : 150.8
abstract changes / episode  : 13.7
DFA transitions / episode   : 0.04
DFA transitions in window   : 1->2: 4
epsilon (next episode)       : 0.57115
replay buffer                : 162651 samples [1: 98.7%, 2: 1.3%, 3: 0.0%, 4: 0.0%]
DFA state visits in window   : 1: 15055, 2: 121, 3: 0, 4: 0
DFA state visits cumulative  : 1: 161942, 2: 2109, 3: 0, 4: 0
DFA state entries in window  : 1: 100, 2: 4, 3: 0, 4: 0
DFA state entries cumulative : 1: 1400, 2: 47, 3: 0, 4: 0
transitions cumulative       : 1->2: 47
accepted directly from s0    : 0
Gym endings cumulative       : terminated=1399, truncated=1

[Episode 1500/8000 | last 100]
success rate                : 0.0% (cumulative 0.0%)
synthetic task reward       : 0.000
shaping reward              : -468.476
learning reward             : -468.476
episode length              : 164.9
abstract changes / episode  : 13.7
DFA transitions / episode   : 0.04
DFA transitions in window   : 1->2: 4
epsilon (next episode)       : 0.54875
replay buffer                : 179141 samples [1: 98.8%, 2: 1.2%, 3: 0.0%, 4: 0.0%]
DFA state visits in window   : 1: 16422, 2: 168, 3: 0, 4: 0
DFA state visits cumulative  : 1: 178364, 2: 2277, 3: 0, 4: 0
DFA state entries in window  : 1: 100, 2: 4, 3: 0, 4: 0
DFA state entries cumulative : 1: 1500, 2: 51, 3: 0, 4: 0
transitions cumulative       : 1->2: 51
accepted directly from s0    : 0
Gym endings cumulative       : terminated=1499, truncated=1

[Episode 1600/8000 | last 100]
success rate                : 0.0% (cumulative 0.0%)
synthetic task reward       : 0.000
shaping reward              : -468.160
learning reward             : -468.160
episode length              : 194.3
abstract changes / episode  : 15.1
DFA transitions / episode   : 0.01
DFA transitions in window   : 1->2: 1
epsilon (next episode)       : 0.52722
replay buffer                : 198571 samples [1: 98.9%, 2: 1.1%, 3: 0.0%, 4: 0.0%]
DFA state visits in window   : 1: 19488, 2: 42, 3: 0, 4: 0
DFA state visits cumulative  : 1: 197852, 2: 2319, 3: 0, 4: 0
DFA state entries in window  : 1: 100, 2: 1, 3: 0, 4: 0
DFA state entries cumulative : 1: 1600, 2: 52, 3: 0, 4: 0
transitions cumulative       : 1->2: 52
accepted directly from s0    : 0
Gym endings cumulative       : terminated=1599, truncated=1

[Episode 1700/8000 | last 100]
success rate                : 0.0% (cumulative 0.0%)
synthetic task reward       : 0.000
shaping reward              : -470.006
learning reward             : -470.006
episode length              : 240.9
abstract changes / episode  : 17.0
DFA transitions / episode   : 0.00
DFA transitions in window   : none
epsilon (next episode)       : 0.50655
replay buffer                : 222657 samples [1: 99.0%, 2: 1.0%, 3: 0.0%, 4: 0.0%]
DFA state visits in window   : 1: 24186, 2: 0, 3: 0, 4: 0
DFA state visits cumulative  : 1: 222038, 2: 2319, 3: 0, 4: 0
DFA state entries in window  : 1: 100, 2: 0, 3: 0, 4: 0
DFA state entries cumulative : 1: 1700, 2: 52, 3: 0, 4: 0
transitions cumulative       : 1->2: 52
accepted directly from s0    : 0
Gym endings cumulative       : terminated=1699, truncated=1

[Episode 1800/8000 | last 100]
success rate                : 0.0% (cumulative 0.0%)
synthetic task reward       : 0.000
shaping reward              : -468.290
learning reward             : -468.290
episode length              : 194.1
abstract changes / episode  : 15.6
DFA transitions / episode   : 0.01
DFA transitions in window   : 1->2: 1
epsilon (next episode)       : 0.48668
replay buffer                : 242064 samples [1: 99.0%, 2: 1.0%, 3: 0.0%, 4: 0.0%]
DFA state visits in window   : 1: 19454, 2: 53, 3: 0, 4: 0
DFA state visits cumulative  : 1: 241492, 2: 2372, 3: 0, 4: 0
DFA state entries in window  : 1: 100, 2: 1, 3: 0, 4: 0
DFA state entries cumulative : 1: 1800, 2: 53, 3: 0, 4: 0
transitions cumulative       : 1->2: 53
accepted directly from s0    : 0
Gym endings cumulative       : terminated=1796, truncated=4

[Episode 1900/8000 | last 100]
success rate                : 0.0% (cumulative 0.0%)
synthetic task reward       : 0.000
shaping reward              : -434.521
learning reward             : -434.521
episode length              : 239.3
abstract changes / episode  : 16.9
DFA transitions / episode   : 0.03
DFA transitions in window   : 1->2: 3
epsilon (next episode)       : 0.46760
replay buffer                : 265991 samples [1: 99.1%, 2: 0.9%, 3: 0.0%, 4: 0.0%]
DFA state visits in window   : 1: 23825, 2: 202, 3: 0, 4: 0
DFA state visits cumulative  : 1: 265317, 2: 2574, 3: 0, 4: 0
DFA state entries in window  : 1: 100, 2: 3, 3: 0, 4: 0
DFA state entries cumulative : 1: 1900, 2: 56, 3: 0, 4: 0
transitions cumulative       : 1->2: 56
accepted directly from s0    : 0
Gym endings cumulative       : terminated=1891, truncated=9

[Episode 2000/8000 | last 100]
success rate                : 0.0% (cumulative 0.0%)
synthetic task reward       : 0.000
shaping reward              : -325.217
learning reward             : -325.217
episode length              : 213.8
abstract changes / episode  : 16.6
DFA transitions / episode   : 0.15
DFA transitions in window   : 1->2: 15
epsilon (next episode)       : 0.44926
replay buffer                : 287366 samples [1: 98.8%, 2: 1.2%, 3: 0.0%, 4: 0.0%]
DFA state visits in window   : 1: 20635, 2: 840, 3: 0, 4: 0
DFA state visits cumulative  : 1: 285952, 2: 3414, 3: 0, 4: 0
DFA state entries in window  : 1: 100, 2: 15, 3: 0, 4: 0
DFA state entries cumulative : 1: 2000, 2: 71, 3: 0, 4: 0
transitions cumulative       : 1->2: 71
accepted directly from s0    : 0
Gym endings cumulative       : terminated=1991, truncated=9

[Episode 2100/8000 | last 100]
success rate                : 0.0% (cumulative 0.0%)
synthetic task reward       : 0.000
shaping reward              : -165.842
learning reward             : -165.842
episode length              : 287.1
abstract changes / episode  : 19.8
DFA transitions / episode   : 0.22
DFA transitions in window   : 1->2: 22
epsilon (next episode)       : 0.43164
replay buffer                : 300000 samples [1: 98.4%, 2: 1.6%, 3: 0.0%, 4: 0.0%]
DFA state visits in window   : 1: 27201, 2: 1611, 3: 0, 4: 0
DFA state visits cumulative  : 1: 313153, 2: 5025, 3: 0, 4: 0
DFA state entries in window  : 1: 100, 2: 22, 3: 0, 4: 0
DFA state entries cumulative : 1: 2100, 2: 93, 3: 0, 4: 0
transitions cumulative       : 1->2: 93
accepted directly from s0    : 0
Gym endings cumulative       : terminated=2089, truncated=11
Best policy updated at episode 2100: mean learning reward=-165.842

[Episode 2200/8000 | last 100]
success rate                : 0.0% (cumulative 0.0%)
synthetic task reward       : 0.000
shaping reward              : -177.043
learning reward             : -177.043
episode length              : 258.9
abstract changes / episode  : 19.2
DFA transitions / episode   : 0.23
DFA transitions in window   : 1->2: 23
epsilon (next episode)       : 0.41471
replay buffer                : 300000 samples [1: 97.9%, 2: 2.1%, 3: 0.0%, 4: 0.0%]
DFA state visits in window   : 1: 24454, 2: 1537, 3: 0, 4: 0
DFA state visits cumulative  : 1: 337607, 2: 6562, 3: 0, 4: 0
DFA state entries in window  : 1: 100, 2: 23, 3: 0, 4: 0
DFA state entries cumulative : 1: 2200, 2: 116, 3: 0, 4: 0
transitions cumulative       : 1->2: 116
accepted directly from s0    : 0
Gym endings cumulative       : terminated=2189, truncated=11

[Episode 2300/8000 | last 100]
success rate                : 0.0% (cumulative 0.0%)
synthetic task reward       : 0.000
shaping reward              : 99.165
learning reward             : 99.165
episode length              : 201.6
abstract changes / episode  : 14.3
DFA transitions / episode   : 0.41
DFA transitions in window   : 1->2: 41
epsilon (next episode)       : 0.39845
replay buffer                : 300000 samples [1: 97.4%, 2: 2.6%, 3: 0.0%, 4: 0.0%]
DFA state visits in window   : 1: 18503, 2: 1757, 3: 0, 4: 0
DFA state visits cumulative  : 1: 356110, 2: 8319, 3: 0, 4: 0
DFA state entries in window  : 1: 100, 2: 41, 3: 0, 4: 0
DFA state entries cumulative : 1: 2300, 2: 157, 3: 0, 4: 0
transitions cumulative       : 1->2: 157
accepted directly from s0    : 0
Gym endings cumulative       : terminated=2289, truncated=11
Best policy updated at episode 2300: mean learning reward=99.165

[Episode 2400/8000 | last 100]
success rate                : 0.0% (cumulative 0.0%)
synthetic task reward       : 0.000
shaping reward              : 162.096
learning reward             : 162.096
episode length              : 243.1
abstract changes / episode  : 17.2
DFA transitions / episode   : 0.47
DFA transitions in window   : 1->2: 46, 2->3: 1
epsilon (next episode)       : 0.38282
replay buffer                : 300000 samples [1: 95.8%, 2: 4.0%, 3: 0.2%, 4: 0.0%]
DFA state visits in window   : 1: 19281, 2: 4468, 3: 660, 4: 0
DFA state visits cumulative  : 1: 375391, 2: 12787, 3: 660, 4: 0
DFA state entries in window  : 1: 100, 2: 46, 3: 1, 4: 0
DFA state entries cumulative : 1: 2400, 2: 203, 3: 1, 4: 0
transitions cumulative       : 1->2: 203, 2->3: 1
accepted directly from s0    : 0
Gym endings cumulative       : terminated=2388, truncated=12
Best policy updated at episode 2400: mean learning reward=162.096

[Episode 2500/8000 | last 100]
success rate                : 0.0% (cumulative 0.0%)
synthetic task reward       : 0.000
shaping reward              : 123.486
learning reward             : 123.486
episode length              : 282.3
abstract changes / episode  : 19.4
DFA transitions / episode   : 0.40
DFA transitions in window   : 1->2: 33, 2->3: 7
epsilon (next episode)       : 0.36781
replay buffer                : 300000 samples [1: 93.1%, 2: 6.3%, 3: 0.6%, 4: 0.0%]
DFA state visits in window   : 1: 19883, 2: 7373, 3: 1075, 4: 0
DFA state visits cumulative  : 1: 395274, 2: 20160, 3: 1735, 4: 0
DFA state entries in window  : 1: 100, 2: 33, 3: 7, 4: 0
DFA state entries cumulative : 1: 2500, 2: 236, 3: 8, 4: 0
transitions cumulative       : 1->2: 236, 2->3: 8
accepted directly from s0    : 0
Gym endings cumulative       : terminated=2487, truncated=13

[Episode 2600/8000 | last 100]
success rate                : 0.0% (cumulative 0.0%)
synthetic task reward       : 0.000
shaping reward              : 174.960
learning reward             : 174.960
episode length              : 285.2
abstract changes / episode  : 19.9
DFA transitions / episode   : 0.48
DFA transitions in window   : 1->2: 38, 2->3: 10
epsilon (next episode)       : 0.35338
replay buffer                : 300000 samples [1: 89.7%, 2: 9.1%, 3: 1.2%, 4: 0.0%]
DFA state visits in window   : 1: 17450, 2: 9166, 3: 2007, 4: 0
DFA state visits cumulative  : 1: 412724, 2: 29326, 3: 3742, 4: 0
DFA state entries in window  : 1: 100, 2: 38, 3: 10, 4: 0
DFA state entries cumulative : 1: 2600, 2: 274, 3: 18, 4: 0
transitions cumulative       : 1->2: 274, 2->3: 18
accepted directly from s0    : 0
Gym endings cumulative       : terminated=2582, truncated=18
Best policy updated at episode 2600: mean learning reward=174.960

[Episode 2700/8000 | last 100]
success rate                : 3.0% (cumulative 0.1%)
synthetic task reward       : 300.000
shaping reward              : 206.263
learning reward             : 506.263
episode length              : 349.7
abstract changes / episode  : 23.7
DFA transitions / episode   : 0.56
DFA transitions in window   : 1->2: 41, 2->3: 12, 3->4: 3
epsilon (next episode)       : 0.33952
replay buffer                : 300000 samples [1: 85.0%, 2: 12.5%, 3: 2.5%, 4: 0.0%]
DFA state visits in window   : 1: 20579, 2: 10614, 3: 3877, 4: 3
DFA state visits cumulative  : 1: 433303, 2: 39940, 3: 7619, 4: 3
DFA state entries in window  : 1: 100, 2: 41, 3: 12, 4: 3
DFA state entries cumulative : 1: 2700, 2: 315, 3: 30, 4: 3
transitions cumulative       : 1->2: 315, 2->3: 30, 3->4: 3
accepted directly from s0    : 0
Gym endings cumulative       : terminated=2671, truncated=26
Best policy updated at episode 2700: mean learning reward=506.263

[Episode 2800/8000 | last 100]
success rate                : 6.0% (cumulative 0.3%)
synthetic task reward       : 600.000
shaping reward              : 299.132
learning reward             : 899.132
episode length              : 339.2
abstract changes / episode  : 23.5
DFA transitions / episode   : 0.67
DFA transitions in window   : 1->2: 46, 2->3: 15, 3->4: 6
epsilon (next episode)       : 0.32621
replay buffer                : 300000 samples [1: 80.6%, 2: 15.0%, 3: 4.4%, 4: 0.0%]
DFA state visits in window   : 1: 20664, 2: 7686, 3: 5668, 4: 6
DFA state visits cumulative  : 1: 453967, 2: 47626, 3: 13287, 4: 9
DFA state entries in window  : 1: 100, 2: 46, 3: 15, 4: 6
DFA state entries cumulative : 1: 2800, 2: 361, 3: 45, 4: 9
transitions cumulative       : 1->2: 361, 2->3: 45, 3->4: 9
accepted directly from s0    : 0
Gym endings cumulative       : terminated=2760, truncated=31
Best policy updated at episode 2800: mean learning reward=899.132

[Episode 2900/8000 | last 100]
success rate                : 7.0% (cumulative 0.6%)
synthetic task reward       : 700.000
shaping reward              : 322.604
learning reward             : 1022.604
episode length              : 378.2
abstract changes / episode  : 25.6
DFA transitions / episode   : 0.78
DFA transitions in window   : 1->2: 53, 2->3: 18, 3->4: 7
epsilon (next episode)       : 0.31341
replay buffer                : 300000 samples [1: 75.5%, 2: 18.9%, 3: 5.6%, 4: 0.0%]
DFA state visits in window   : 1: 22572, 2: 11830, 3: 3510, 4: 7
DFA state visits cumulative  : 1: 476539, 2: 59456, 3: 16797, 4: 16
DFA state entries in window  : 1: 100, 2: 53, 3: 18, 4: 7
DFA state entries cumulative : 1: 2900, 2: 414, 3: 63, 4: 16
transitions cumulative       : 1->2: 414, 2->3: 63, 3->4: 16
accepted directly from s0    : 0
Gym endings cumulative       : terminated=2846, truncated=38
Best policy updated at episode 2900: mean learning reward=1022.604

[Episode 3000/8000 | last 100]
success rate                : 5.0% (cumulative 0.7%)
synthetic task reward       : 500.000
shaping reward              : 234.316
learning reward             : 734.316
episode length              : 386.9
abstract changes / episode  : 26.2
DFA transitions / episode   : 0.74
DFA transitions in window   : 1->2: 51, 2->3: 18, 3->4: 5
epsilon (next episode)       : 0.30112
replay buffer                : 300000 samples [1: 71.3%, 2: 21.8%, 3: 7.0%, 4: 0.0%]
DFA state visits in window   : 1: 24899, 2: 9721, 3: 4160, 4: 5
DFA state visits cumulative  : 1: 501438, 2: 69177, 3: 20957, 4: 21
DFA state entries in window  : 1: 100, 2: 51, 3: 18, 4: 5
DFA state entries cumulative : 1: 3000, 2: 465, 3: 81, 4: 21
transitions cumulative       : 1->2: 465, 2->3: 81, 3->4: 21
accepted directly from s0    : 0
Gym endings cumulative       : terminated=2933, truncated=46

[Episode 3100/8000 | last 100]
success rate                : 13.0% (cumulative 1.1%)
synthetic task reward       : 1300.000
shaping reward              : 436.353
learning reward             : 1736.353
episode length              : 522.4
abstract changes / episode  : 32.8
DFA transitions / episode   : 1.12
DFA transitions in window   : 1->2: 66, 2->3: 33, 3->4: 13
epsilon (next episode)       : 0.28931
replay buffer                : 300000 samples [1: 64.7%, 2: 25.8%, 3: 9.6%, 4: 0.0%]
DFA state visits in window   : 1: 29560, 2: 14934, 3: 7836, 4: 13
DFA state visits cumulative  : 1: 530998, 2: 84111, 3: 28793, 4: 34
DFA state entries in window  : 1: 100, 2: 66, 3: 33, 4: 13
DFA state entries cumulative : 1: 3100, 2: 531, 3: 114, 4: 34
transitions cumulative       : 1->2: 531, 2->3: 114, 3->4: 34
accepted directly from s0    : 0
Gym endings cumulative       : terminated=3004, truncated=62
Best policy updated at episode 3100: mean learning reward=1736.353

[Episode 3200/8000 | last 100]
success rate                : 14.0% (cumulative 1.5%)
synthetic task reward       : 1400.000
shaping reward              : 506.250
learning reward             : 1906.250
episode length              : 466.9
abstract changes / episode  : 31.9
DFA transitions / episode   : 1.20
DFA transitions in window   : 1->2: 67, 2->3: 39, 3->4: 14
epsilon (next episode)       : 0.27797
replay buffer                : 300000 samples [1: 59.7%, 2: 27.6%, 3: 12.7%, 4: 0.0%]
DFA state visits in window   : 1: 24759, 2: 11971, 3: 10049, 4: 14
DFA state visits cumulative  : 1: 555757, 2: 96082, 3: 38842, 4: 48
DFA state entries in window  : 1: 100, 2: 67, 3: 39, 4: 14
DFA state entries cumulative : 1: 3200, 2: 598, 3: 153, 4: 48
transitions cumulative       : 1->2: 598, 2->3: 153, 3->4: 48
accepted directly from s0    : 0
Gym endings cumulative       : terminated=3084, truncated=68
Best policy updated at episode 3200: mean learning reward=1906.250

[Episode 3300/8000 | last 100]
success rate                : 32.0% (cumulative 2.4%)
synthetic task reward       : 3200.000
shaping reward              : 645.132
learning reward             : 3845.132
episode length              : 436.9
abstract changes / episode  : 31.8
DFA transitions / episode   : 1.46
DFA transitions in window   : 1->2: 66, 2->3: 48, 3->4: 32
epsilon (next episode)       : 0.26706
replay buffer                : 300000 samples [1: 57.4%, 2: 27.8%, 3: 14.8%, 4: 0.0%]
DFA state visits in window   : 1: 22350, 2: 13201, 3: 8202, 4: 32
DFA state visits cumulative  : 1: 578107, 2: 109283, 3: 47044, 4: 80
DFA state entries in window  : 1: 100, 2: 66, 3: 48, 4: 32
DFA state entries cumulative : 1: 3300, 2: 664, 3: 201, 4: 80
transitions cumulative       : 1->2: 664, 2->3: 201, 3->4: 80
accepted directly from s0    : 0
Gym endings cumulative       : terminated=3147, truncated=73
Best policy updated at episode 3300: mean learning reward=3845.132

[Episode 3400/8000 | last 100]
success rate                : 46.0% (cumulative 3.7%)
synthetic task reward       : 4600.000
shaping reward              : 845.986
learning reward             : 5445.986
episode length              : 510.0
abstract changes / episode  : 36.6
DFA transitions / episode   : 1.84
DFA transitions in window   : 1->2: 81, 2->3: 57, 3->4: 46
epsilon (next episode)       : 0.25659
replay buffer                : 300000 samples [1: 55.3%, 2: 28.7%, 3: 16.0%, 4: 0.0%]
DFA state visits in window   : 1: 22929, 2: 17982, 3: 10140, 4: 46
DFA state visits cumulative  : 1: 601036, 2: 127265, 3: 57184, 4: 126
DFA state entries in window  : 1: 100, 2: 81, 3: 57, 4: 46
DFA state entries cumulative : 1: 3400, 2: 745, 3: 258, 4: 126
transitions cumulative       : 1->2: 745, 2->3: 258, 3->4: 126
accepted directly from s0    : 0
Gym endings cumulative       : terminated=3196, truncated=78
Best policy updated at episode 3400: mean learning reward=5445.986

[Episode 3500/8000 | last 100]
success rate                : 46.0% (cumulative 4.9%)
synthetic task reward       : 4600.000
shaping reward              : 777.352
learning reward             : 5377.352
episode length              : 404.0
abstract changes / episode  : 29.2
DFA transitions / episode   : 1.79
DFA transitions in window   : 1->2: 72, 2->3: 61, 3->4: 46
epsilon (next episode)       : 0.24653
replay buffer                : 300000 samples [1: 52.8%, 2: 29.8%, 3: 17.4%, 4: 0.0%]
DFA state visits in window   : 1: 18650, 2: 12705, 3: 9095, 4: 46
DFA state visits cumulative  : 1: 619686, 2: 139970, 3: 66279, 4: 172
DFA state entries in window  : 1: 100, 2: 72, 3: 61, 4: 46
DFA state entries cumulative : 1: 3500, 2: 817, 3: 319, 4: 172
transitions cumulative       : 1->2: 817, 2->3: 319, 3->4: 172
accepted directly from s0    : 0
Gym endings cumulative       : terminated=3245, truncated=83

[Episode 3600/8000 | last 100]
success rate                : 47.0% (cumulative 6.1%)
synthetic task reward       : 4700.000
shaping reward              : 798.449
learning reward             : 5498.449
episode length              : 404.0
abstract changes / episode  : 30.5
DFA transitions / episode   : 1.76
DFA transitions in window   : 1->2: 75, 2->3: 54, 3->4: 47
epsilon (next episode)       : 0.23686
replay buffer                : 300000 samples [1: 50.4%, 2: 30.8%, 3: 18.8%, 4: 0.0%]
DFA state visits in window   : 1: 17222, 2: 15135, 3: 8093, 4: 47
DFA state visits cumulative  : 1: 636908, 2: 155105, 3: 74372, 4: 219
DFA state entries in window  : 1: 100, 2: 75, 3: 54, 4: 47
DFA state entries cumulative : 1: 3600, 2: 892, 3: 373, 4: 219
transitions cumulative       : 1->2: 892, 2->3: 373, 3->4: 219
accepted directly from s0    : 0
Gym endings cumulative       : terminated=3296, truncated=85
Best policy updated at episode 3600: mean learning reward=5498.449

[Episode 3700/8000 | last 100]
success rate                : 55.0% (cumulative 7.4%)
synthetic task reward       : 5500.000
shaping reward              : 1021.366
learning reward             : 6521.366
episode length              : 443.0
abstract changes / episode  : 33.5
DFA transitions / episode   : 2.15
DFA transitions in window   : 1->2: 88, 2->3: 72, 3->4: 55
epsilon (next episode)       : 0.22757
replay buffer                : 300000 samples [1: 47.1%, 2: 32.6%, 3: 20.3%, 4: 0.0%]
DFA state visits in window   : 1: 18791, 2: 16079, 3: 9471, 4: 55
DFA state visits cumulative  : 1: 655699, 2: 171184, 3: 83843, 4: 274
DFA state entries in window  : 1: 100, 2: 88, 3: 72, 4: 55
DFA state entries cumulative : 1: 3700, 2: 980, 3: 445, 4: 274
transitions cumulative       : 1->2: 980, 2->3: 445, 3->4: 274
accepted directly from s0    : 0
Gym endings cumulative       : terminated=3339, truncated=87
Best policy updated at episode 3700: mean learning reward=6521.366

[Episode 3800/8000 | last 100]
success rate                : 48.0% (cumulative 8.5%)
synthetic task reward       : 4800.000
shaping reward              : 965.375
learning reward             : 5765.375
episode length              : 417.9
abstract changes / episode  : 30.9
DFA transitions / episode   : 1.95
DFA transitions in window   : 1->2: 84, 2->3: 63, 3->4: 48
epsilon (next episode)       : 0.21865
replay buffer                : 300000 samples [1: 47.0%, 2: 33.0%, 3: 20.0%, 4: 0.0%]
DFA state visits in window   : 1: 20465, 2: 14750, 3: 6626, 4: 48
DFA state visits cumulative  : 1: 676164, 2: 185934, 3: 90469, 4: 322
DFA state entries in window  : 1: 100, 2: 84, 3: 63, 4: 48
DFA state entries cumulative : 1: 3800, 2: 1064, 3: 508, 4: 322
transitions cumulative       : 1->2: 1064, 2->3: 508, 3->4: 322
accepted directly from s0    : 0
Gym endings cumulative       : terminated=3386, truncated=92

[Episode 3900/8000 | last 100]
success rate                : 67.0% (cumulative 10.0%)
synthetic task reward       : 6700.000
shaping reward              : 1201.498
learning reward             : 7901.498
episode length              : 390.3
abstract changes / episode  : 30.3
DFA transitions / episode   : 2.42
DFA transitions in window   : 1->2: 96, 2->3: 79, 3->4: 67
epsilon (next episode)       : 0.21007
replay buffer                : 300000 samples [1: 45.6%, 2: 34.7%, 3: 19.7%, 4: 0.0%]
DFA state visits in window   : 1: 16952, 2: 14549, 3: 7558, 4: 67
DFA state visits cumulative  : 1: 693116, 2: 200483, 3: 98027, 4: 389
DFA state entries in window  : 1: 100, 2: 96, 3: 79, 4: 67
DFA state entries cumulative : 1: 3900, 2: 1160, 3: 587, 4: 389
transitions cumulative       : 1->2: 1160, 2->3: 587, 3->4: 389
accepted directly from s0    : 0
Gym endings cumulative       : terminated=3417, truncated=94
Best policy updated at episode 3900: mean learning reward=7901.498

[Episode 4000/8000 | last 100]
success rate                : 72.0% (cumulative 11.5%)
synthetic task reward       : 7200.000
shaping reward              : 1239.130
learning reward             : 8439.130
episode length              : 415.2
abstract changes / episode  : 31.2
DFA transitions / episode   : 2.46
DFA transitions in window   : 1->2: 92, 2->3: 82, 3->4: 72
epsilon (next episode)       : 0.20183
replay buffer                : 300000 samples [1: 44.4%, 2: 36.2%, 3: 19.3%, 4: 0.0%]
DFA state visits in window   : 1: 17524, 2: 17249, 3: 6779, 4: 72
DFA state visits cumulative  : 1: 710640, 2: 217732, 3: 104806, 4: 461
DFA state entries in window  : 1: 100, 2: 92, 3: 82, 4: 72
DFA state entries cumulative : 1: 4000, 2: 1252, 3: 669, 4: 461
transitions cumulative       : 1->2: 1252, 2->3: 669, 3->4: 461
accepted directly from s0    : 0
Gym endings cumulative       : terminated=3441, truncated=98
Best policy updated at episode 4000: mean learning reward=8439.130

[Episode 4100/8000 | last 100]
success rate                : 62.0% (cumulative 12.8%)
synthetic task reward       : 6200.000
shaping reward              : 1067.793
learning reward             : 7267.793
episode length              : 403.6
abstract changes / episode  : 31.2
DFA transitions / episode   : 2.21
DFA transitions in window   : 1->2: 86, 2->3: 73, 3->4: 62
epsilon (next episode)       : 0.19392
replay buffer                : 300000 samples [1: 44.3%, 2: 36.4%, 3: 19.3%, 4: 0.0%]
DFA state visits in window   : 1: 18879, 2: 13822, 3: 7700, 4: 62
DFA state visits cumulative  : 1: 729519, 2: 231554, 3: 112506, 4: 523
DFA state entries in window  : 1: 100, 2: 86, 3: 73, 4: 62
DFA state entries cumulative : 1: 4100, 2: 1338, 3: 742, 4: 523
transitions cumulative       : 1->2: 1338, 2->3: 742, 3->4: 523
accepted directly from s0    : 0
Gym endings cumulative       : terminated=3479, truncated=98

[Episode 4200/8000 | last 100]
success rate                : 59.0% (cumulative 13.9%)
synthetic task reward       : 5900.000
shaping reward              : 1125.725
learning reward             : 7025.725
episode length              : 407.2
abstract changes / episode  : 30.5
DFA transitions / episode   : 2.26
DFA transitions in window   : 1->2: 90, 2->3: 77, 3->4: 59
epsilon (next episode)       : 0.18631
replay buffer                : 300000 samples [1: 46.0%, 2: 36.1%, 3: 17.9%, 4: 0.0%]
DFA state visits in window   : 1: 22178, 2: 13132, 3: 5449, 4: 59
DFA state visits cumulative  : 1: 751697, 2: 244686, 3: 117955, 4: 582
DFA state entries in window  : 1: 100, 2: 90, 3: 77, 4: 59
DFA state entries cumulative : 1: 4200, 2: 1428, 3: 819, 4: 582
transitions cumulative       : 1->2: 1428, 2->3: 819, 3->4: 582
accepted directly from s0    : 0
Gym endings cumulative       : terminated=3516, truncated=102

[Episode 4300/8000 | last 100]
success rate                : 63.0% (cumulative 15.0%)
synthetic task reward       : 6300.000
shaping reward              : 1217.880
learning reward             : 7517.880
episode length              : 443.6
abstract changes / episode  : 34.6
DFA transitions / episode   : 2.42
DFA transitions in window   : 1->2: 98, 2->3: 81, 3->4: 63
epsilon (next episode)       : 0.17900
replay buffer                : 300000 samples [1: 44.7%, 2: 37.6%, 3: 17.7%, 4: 0.0%]
DFA state visits in window   : 1: 16016, 2: 20229, 3: 8149, 4: 63
DFA state visits cumulative  : 1: 767713, 2: 264915, 3: 126104, 4: 645
DFA state entries in window  : 1: 100, 2: 98, 3: 81, 4: 63
DFA state entries cumulative : 1: 4300, 2: 1526, 3: 900, 4: 645
transitions cumulative       : 1->2: 1526, 2->3: 900, 3->4: 645
accepted directly from s0    : 0
Gym endings cumulative       : terminated=3548, truncated=107

[Episode 4400/8000 | last 100]
success rate                : 65.0% (cumulative 16.1%)
synthetic task reward       : 6500.000
shaping reward              : 1178.143
learning reward             : 7678.143
episode length              : 423.4
abstract changes / episode  : 32.3
DFA transitions / episode   : 2.32
DFA transitions in window   : 1->2: 88, 2->3: 79, 3->4: 65
epsilon (next episode)       : 0.17198
replay buffer                : 300000 samples [1: 45.4%, 2: 37.5%, 3: 17.0%, 4: 0.0%]
DFA state visits in window   : 1: 20065, 2: 15818, 3: 6497, 4: 65
DFA state visits cumulative  : 1: 787778, 2: 280733, 3: 132601, 4: 710
DFA state entries in window  : 1: 100, 2: 88, 3: 79, 4: 65
DFA state entries cumulative : 1: 4400, 2: 1614, 3: 979, 4: 710
transitions cumulative       : 1->2: 1614, 2->3: 979, 3->4: 710
accepted directly from s0    : 0
Gym endings cumulative       : terminated=3580, truncated=110

[Episode 4500/8000 | last 100]
success rate                : 70.0% (cumulative 17.3%)
synthetic task reward       : 7000.000
shaping reward              : 1233.699
learning reward             : 8233.699
episode length              : 394.9
abstract changes / episode  : 30.6
DFA transitions / episode   : 2.44
DFA transitions in window   : 1->2: 89, 2->3: 85, 3->4: 70
epsilon (next episode)       : 0.16524
replay buffer                : 300000 samples [1: 45.6%, 2: 38.2%, 3: 16.2%, 4: 0.0%]
DFA state visits in window   : 1: 19084, 2: 15605, 3: 4829, 4: 70
DFA state visits cumulative  : 1: 806862, 2: 296338, 3: 137430, 4: 780
DFA state entries in window  : 1: 100, 2: 89, 3: 85, 4: 70
DFA state entries cumulative : 1: 4500, 2: 1703, 3: 1064, 4: 780
transitions cumulative       : 1->2: 1703, 2->3: 1064, 3->4: 780
accepted directly from s0    : 0
Gym endings cumulative       : terminated=3608, truncated=112

[Episode 4600/8000 | last 100]
success rate                : 82.0% (cumulative 18.7%)
synthetic task reward       : 8200.000
shaping reward              : 1346.862
learning reward             : 9546.862
episode length              : 399.1
abstract changes / episode  : 30.4
DFA transitions / episode   : 2.64
DFA transitions in window   : 1->2: 93, 2->3: 89, 3->4: 82
epsilon (next episode)       : 0.15876
replay buffer                : 300000 samples [1: 46.1%, 2: 38.0%, 3: 15.8%, 4: 0.0%]
DFA state visits in window   : 1: 19705, 2: 14135, 3: 6088, 4: 82
DFA state visits cumulative  : 1: 826567, 2: 310473, 3: 143518, 4: 862
DFA state entries in window  : 1: 100, 2: 93, 3: 89, 4: 82
DFA state entries cumulative : 1: 4600, 2: 1796, 3: 1153, 4: 862
transitions cumulative       : 1->2: 1796, 2->3: 1153, 3->4: 862
accepted directly from s0    : 0
Gym endings cumulative       : terminated=3624, truncated=114
Best policy updated at episode 4600: mean learning reward=9546.862

[Episode 4700/8000 | last 100]
success rate                : 68.0% (cumulative 19.8%)
synthetic task reward       : 6800.000
shaping reward              : 1118.576
learning reward             : 7918.576
episode length              : 355.0
abstract changes / episode  : 27.6
DFA transitions / episode   : 2.25
DFA transitions in window   : 1->2: 80, 2->3: 77, 3->4: 68
epsilon (next episode)       : 0.15253
replay buffer                : 300000 samples [1: 46.7%, 2: 37.8%, 3: 15.5%, 4: 0.0%]
DFA state visits in window   : 1: 18049, 2: 12641, 3: 4843, 4: 68
DFA state visits cumulative  : 1: 844616, 2: 323114, 3: 148361, 4: 930
DFA state entries in window  : 1: 100, 2: 80, 3: 77, 4: 68
DFA state entries cumulative : 1: 4700, 2: 1876, 3: 1230, 4: 930
transitions cumulative       : 1->2: 1876, 2->3: 1230, 3->4: 930
accepted directly from s0    : 0
Gym endings cumulative       : terminated=3654, truncated=116

[Episode 4800/8000 | last 100]
success rate                : 74.0% (cumulative 20.9%)
synthetic task reward       : 7400.000
shaping reward              : 1160.330
learning reward             : 8560.330
episode length              : 329.0
abstract changes / episode  : 26.4
DFA transitions / episode   : 2.33
DFA transitions in window   : 1->2: 83, 2->3: 76, 3->4: 74
epsilon (next episode)       : 0.14655
replay buffer                : 300000 samples [1: 48.3%, 2: 36.8%, 3: 14.9%, 4: 0.0%]
DFA state visits in window   : 1: 18363, 2: 9950, 3: 4610, 4: 74
DFA state visits cumulative  : 1: 862979, 2: 333064, 3: 152971, 4: 1004
DFA state entries in window  : 1: 100, 2: 83, 3: 76, 4: 74
DFA state entries cumulative : 1: 4800, 2: 1959, 3: 1306, 4: 1004
transitions cumulative       : 1->2: 1959, 2->3: 1306, 3->4: 1004
accepted directly from s0    : 0
Gym endings cumulative       : terminated=3680, truncated=116

[Episode 4900/8000 | last 100]
success rate                : 72.0% (cumulative 22.0%)
synthetic task reward       : 7200.000
shaping reward              : 1254.386
learning reward             : 8454.386
episode length              : 346.1
abstract changes / episode  : 28.1
DFA transitions / episode   : 2.47
DFA transitions in window   : 1->2: 93, 2->3: 82, 3->4: 72
epsilon (next episode)       : 0.14080
replay buffer                : 300000 samples [1: 48.6%, 2: 37.1%, 3: 14.3%, 4: 0.0%]
DFA state visits in window   : 1: 17275, 2: 13178, 3: 4186, 4: 72
DFA state visits cumulative  : 1: 880254, 2: 346242, 3: 157157, 4: 1076
DFA state entries in window  : 1: 100, 2: 93, 3: 82, 4: 72
DFA state entries cumulative : 1: 4900, 2: 2052, 3: 1388, 4: 1076
transitions cumulative       : 1->2: 2052, 2->3: 1388, 3->4: 1076
accepted directly from s0    : 0
Gym endings cumulative       : terminated=3708, truncated=116

[Episode 5000/8000 | last 100]
success rate                : 74.0% (cumulative 23.0%)
synthetic task reward       : 7400.000
shaping reward              : 1208.638
learning reward             : 8608.638
episode length              : 342.0
abstract changes / episode  : 28.6
DFA transitions / episode   : 2.42
DFA transitions in window   : 1->2: 85, 2->3: 83, 3->4: 74
epsilon (next episode)       : 0.13528
replay buffer                : 300000 samples [1: 48.8%, 2: 37.1%, 3: 14.0%, 4: 0.0%]
DFA state visits in window   : 1: 19390, 2: 10846, 3: 3994, 4: 74
DFA state visits cumulative  : 1: 899644, 2: 357088, 3: 161151, 4: 1150
DFA state entries in window  : 1: 100, 2: 85, 3: 83, 4: 74
DFA state entries cumulative : 1: 5000, 2: 2137, 3: 1471, 4: 1150
transitions cumulative       : 1->2: 2137, 2->3: 1471, 3->4: 1150
accepted directly from s0    : 0
Gym endings cumulative       : terminated=3733, truncated=117

[Episode 5100/8000 | last 100]
success rate                : 58.0% (cumulative 23.7%)
synthetic task reward       : 5800.000
shaping reward              : 1068.688
learning reward             : 6868.688
episode length              : 363.9
abstract changes / episode  : 29.5
DFA transitions / episode   : 2.10
DFA transitions in window   : 1->2: 78, 2->3: 74, 3->4: 58
epsilon (next episode)       : 0.12998
replay buffer                : 300000 samples [1: 51.3%, 2: 35.4%, 3: 13.3%, 4: 0.0%]
DFA state visits in window   : 1: 20582, 2: 11587, 3: 4268, 4: 58
DFA state visits cumulative  : 1: 920226, 2: 368675, 3: 165419, 4: 1208
DFA state entries in window  : 1: 100, 2: 78, 3: 74, 4: 58
DFA state entries cumulative : 1: 5100, 2: 2215, 3: 1545, 4: 1208
transitions cumulative       : 1->2: 2215, 2->3: 1545, 3->4: 1208
accepted directly from s0    : 0
Gym endings cumulative       : terminated=3772, truncated=120

[Episode 5200/8000 | last 100]
success rate                : 52.0% (cumulative 24.2%)
synthetic task reward       : 5200.000
shaping reward              : 1009.592
learning reward             : 6209.592
episode length              : 424.2
abstract changes / episode  : 33.6
DFA transitions / episode   : 2.08
DFA transitions in window   : 1->2: 90, 2->3: 66, 3->4: 52
epsilon (next episode)       : 0.12488
replay buffer                : 300000 samples [1: 50.9%, 2: 36.6%, 3: 12.5%, 4: 0.0%]
DFA state visits in window   : 1: 17746, 2: 20377, 3: 4350, 4: 52
DFA state visits cumulative  : 1: 937972, 2: 389052, 3: 169769, 4: 1260
DFA state entries in window  : 1: 100, 2: 90, 3: 66, 4: 52
DFA state entries cumulative : 1: 5200, 2: 2305, 3: 1611, 4: 1260
transitions cumulative       : 1->2: 2305, 2->3: 1611, 3->4: 1260
accepted directly from s0    : 0
Gym endings cumulative       : terminated=3819, truncated=121

[Episode 5300/8000 | last 100]
success rate                : 67.0% (cumulative 25.0%)
synthetic task reward       : 6700.000
shaping reward              : 1115.711
learning reward             : 7815.711
episode length              : 337.1
abstract changes / episode  : 26.0
DFA transitions / episode   : 2.26
DFA transitions in window   : 1->2: 92, 2->3: 67, 3->4: 67
epsilon (next episode)       : 0.11998
replay buffer                : 300000 samples [1: 51.0%, 2: 36.9%, 3: 12.1%, 4: 0.0%]
DFA state visits in window   : 1: 15889, 2: 14687, 3: 3163, 4: 67
DFA state visits cumulative  : 1: 953861, 2: 403739, 3: 172932, 4: 1327
DFA state entries in window  : 1: 100, 2: 92, 3: 67, 4: 67
DFA state entries cumulative : 1: 5300, 2: 2397, 3: 1678, 4: 1327
transitions cumulative       : 1->2: 2397, 2->3: 1678, 3->4: 1327
accepted directly from s0    : 0
Gym endings cumulative       : terminated=3851, truncated=122

[Episode 5400/8000 | last 100]
success rate                : 74.0% (cumulative 25.9%)
synthetic task reward       : 7400.000
shaping reward              : 1184.150
learning reward             : 8584.150
episode length              : 388.3
abstract changes / episode  : 32.2
DFA transitions / episode   : 2.41
DFA transitions in window   : 1->2: 86, 2->3: 81, 3->4: 74
epsilon (next episode)       : 0.11528
replay buffer                : 300000 samples [1: 49.1%, 2: 38.7%, 3: 12.2%, 4: 0.0%]
DFA state visits in window   : 1: 15822, 2: 17910, 3: 5128, 4: 74
DFA state visits cumulative  : 1: 969683, 2: 421649, 3: 178060, 4: 1401
DFA state entries in window  : 1: 100, 2: 86, 3: 81, 4: 74
DFA state entries cumulative : 1: 5400, 2: 2483, 3: 1759, 4: 1401
transitions cumulative       : 1->2: 2483, 2->3: 1759, 3->4: 1401
accepted directly from s0    : 0
Gym endings cumulative       : terminated=3877, truncated=122

[Episode 5500/8000 | last 100]
success rate                : 71.0% (cumulative 26.8%)
synthetic task reward       : 7100.000
shaping reward              : 1168.842
learning reward             : 8268.842
episode length              : 305.9
abstract changes / episode  : 25.4
DFA transitions / episode   : 2.27
DFA transitions in window   : 1->2: 79, 2->3: 77, 3->4: 71
epsilon (next episode)       : 0.11075
replay buffer                : 300000 samples [1: 50.7%, 2: 37.7%, 3: 11.6%, 4: 0.0%]
DFA state visits in window   : 1: 16808, 2: 10457, 3: 3357, 4: 71
DFA state visits cumulative  : 1: 986491, 2: 432106, 3: 181417, 4: 1472
DFA state entries in window  : 1: 100, 2: 79, 3: 77, 4: 71
DFA state entries cumulative : 1: 5500, 2: 2562, 3: 1836, 4: 1472
transitions cumulative       : 1->2: 2562, 2->3: 1836, 3->4: 1472
accepted directly from s0    : 0
Gym endings cumulative       : terminated=3906, truncated=122

[Episode 5600/8000 | last 100]
success rate                : 80.0% (cumulative 27.7%)
synthetic task reward       : 8000.000
shaping reward              : 1328.206
learning reward             : 9328.206
episode length              : 300.5
abstract changes / episode  : 23.4
DFA transitions / episode   : 2.55
DFA transitions in window   : 1->2: 89, 2->3: 86, 3->4: 80
epsilon (next episode)       : 0.10641
replay buffer                : 300000 samples [1: 50.1%, 2: 38.5%, 3: 11.4%, 4: 0.0%]
DFA state visits in window   : 1: 16819, 2: 10124, 3: 3131, 4: 80
DFA state visits cumulative  : 1: 1003310, 2: 442230, 3: 184548, 4: 1552
DFA state entries in window  : 1: 100, 2: 89, 3: 86, 4: 80
DFA state entries cumulative : 1: 5600, 2: 2651, 3: 1922, 4: 1552
transitions cumulative       : 1->2: 2651, 2->3: 1922, 3->4: 1552
accepted directly from s0    : 0
Gym endings cumulative       : terminated=3924, truncated=124

[Episode 5700/8000 | last 100]
success rate                : 82.0% (cumulative 28.7%)
synthetic task reward       : 8200.000
shaping reward              : 1313.700
learning reward             : 9513.700
episode length              : 288.0
abstract changes / episode  : 21.6
DFA transitions / episode   : 2.58
DFA transitions in window   : 1->2: 89, 2->3: 87, 3->4: 82
epsilon (next episode)       : 0.10224
replay buffer                : 300000 samples [1: 50.5%, 2: 38.3%, 3: 11.2%, 4: 0.0%]
DFA state visits in window   : 1: 16468, 2: 9219, 3: 3134, 4: 82
DFA state visits cumulative  : 1: 1019778, 2: 451449, 3: 187682, 4: 1634
DFA state entries in window  : 1: 100, 2: 89, 3: 87, 4: 82
DFA state entries cumulative : 1: 5700, 2: 2740, 3: 2009, 4: 1634
transitions cumulative       : 1->2: 2740, 2->3: 2009, 3->4: 1634
accepted directly from s0    : 0
Gym endings cumulative       : terminated=3942, truncated=124

[Episode 5800/8000 | last 100]
success rate                : 84.0% (cumulative 29.6%)
synthetic task reward       : 8400.000
shaping reward              : 1331.070
learning reward             : 9731.070
episode length              : 340.5
abstract changes / episode  : 24.8
DFA transitions / episode   : 2.62
DFA transitions in window   : 1->2: 91, 2->3: 87, 3->4: 84
epsilon (next episode)       : 0.09823
replay buffer                : 300000 samples [1: 51.3%, 2: 37.8%, 3: 10.9%, 4: 0.0%]
DFA state visits in window   : 1: 20177, 2: 10880, 3: 3006, 4: 84
DFA state visits cumulative  : 1: 1039955, 2: 462329, 3: 190688, 4: 1718
DFA state entries in window  : 1: 100, 2: 91, 3: 87, 4: 84
DFA state entries cumulative : 1: 5800, 2: 2831, 3: 2096, 4: 1718
transitions cumulative       : 1->2: 2831, 2->3: 2096, 3->4: 1718
accepted directly from s0    : 0
Gym endings cumulative       : terminated=3957, truncated=125
Best policy updated at episode 5800: mean learning reward=9731.070

[Episode 5900/8000 | last 100]
success rate                : 71.0% (cumulative 30.3%)
synthetic task reward       : 7100.000
shaping reward              : 1101.141
learning reward             : 8201.141
episode length              : 283.7
abstract changes / episode  : 21.0
DFA transitions / episode   : 2.23
DFA transitions in window   : 1->2: 80, 2->3: 72, 3->4: 71
epsilon (next episode)       : 0.09438
replay buffer                : 300000 samples [1: 51.9%, 2: 37.4%, 3: 10.7%, 4: 0.0%]
DFA state visits in window   : 1: 17668, 2: 7957, 3: 2777, 4: 71
DFA state visits cumulative  : 1: 1057623, 2: 470286, 3: 193465, 4: 1789
DFA state entries in window  : 1: 100, 2: 80, 3: 72, 4: 71
DFA state entries cumulative : 1: 5900, 2: 2911, 3: 2168, 4: 1789
transitions cumulative       : 1->2: 2911, 2->3: 2168, 3->4: 1789
accepted directly from s0    : 0
Gym endings cumulative       : terminated=3986, truncated=125

[Episode 6000/8000 | last 100]
success rate                : 78.0% (cumulative 31.1%)
synthetic task reward       : 7800.000
shaping reward              : 1218.504
learning reward             : 9018.504
episode length              : 285.3
abstract changes / episode  : 21.2
DFA transitions / episode   : 2.41
DFA transitions in window   : 1->2: 83, 2->3: 80, 3->4: 78
epsilon (next episode)       : 0.09067
replay buffer                : 300000 samples [1: 52.3%, 2: 37.2%, 3: 10.6%, 4: 0.0%]
DFA state visits in window   : 1: 17181, 2: 8385, 3: 2985, 4: 78
DFA state visits cumulative  : 1: 1074804, 2: 478671, 3: 196450, 4: 1867
DFA state entries in window  : 1: 100, 2: 83, 3: 80, 4: 78
DFA state entries cumulative : 1: 6000, 2: 2994, 3: 2248, 4: 1867
transitions cumulative       : 1->2: 2994, 2->3: 2248, 3->4: 1867
accepted directly from s0    : 0
Gym endings cumulative       : terminated=4008, truncated=125

[Episode 6100/8000 | last 100]
success rate                : 78.0% (cumulative 31.9%)
synthetic task reward       : 7800.000
shaping reward              : 1247.575
learning reward             : 9047.575
episode length              : 311.5
abstract changes / episode  : 24.1
DFA transitions / episode   : 2.48
DFA transitions in window   : 1->2: 88, 2->3: 82, 3->4: 78
epsilon (next episode)       : 0.08712
replay buffer                : 300000 samples [1: 53.3%, 2: 36.2%, 3: 10.5%, 4: 0.0%]
DFA state visits in window   : 1: 16927, 2: 10397, 3: 3847, 4: 78
DFA state visits cumulative  : 1: 1091731, 2: 489068, 3: 200297, 4: 1945
DFA state entries in window  : 1: 100, 2: 88, 3: 82, 4: 78
DFA state entries cumulative : 1: 6100, 2: 3082, 3: 2330, 4: 1945
transitions cumulative       : 1->2: 3082, 2->3: 2330, 3->4: 1945
accepted directly from s0    : 0
Gym endings cumulative       : terminated=4030, truncated=125

[Episode 6200/8000 | last 100]
success rate                : 73.0% (cumulative 32.5%)
synthetic task reward       : 7300.000
shaping reward              : 1157.707
learning reward             : 8457.707
episode length              : 297.7
abstract changes / episode  : 23.1
DFA transitions / episode   : 2.31
DFA transitions in window   : 1->2: 81, 2->3: 77, 3->4: 73
epsilon (next episode)       : 0.08370
replay buffer                : 300000 samples [1: 55.1%, 2: 34.2%, 3: 10.8%, 4: 0.0%]
DFA state visits in window   : 1: 18838, 2: 8098, 3: 2865, 4: 73
DFA state visits cumulative  : 1: 1110569, 2: 497166, 3: 203162, 4: 2018
DFA state entries in window  : 1: 100, 2: 81, 3: 77, 4: 73
DFA state entries cumulative : 1: 6200, 2: 3163, 3: 2407, 4: 2018
transitions cumulative       : 1->2: 3163, 2->3: 2407, 3->4: 2018
accepted directly from s0    : 0
Gym endings cumulative       : terminated=4056, truncated=126

[Episode 6300/8000 | last 100]
success rate                : 69.0% (cumulative 33.1%)
synthetic task reward       : 6900.000
shaping reward              : 1179.478
learning reward             : 8079.478
episode length              : 357.3
abstract changes / episode  : 28.2
DFA transitions / episode   : 2.37
DFA transitions in window   : 1->2: 89, 2->3: 79, 3->4: 69
epsilon (next episode)       : 0.08042
replay buffer                : 300000 samples [1: 57.7%, 2: 31.9%, 3: 10.4%, 4: 0.0%]
DFA state visits in window   : 1: 21150, 2: 10771, 3: 3838, 4: 69
DFA state visits cumulative  : 1: 1131719, 2: 507937, 3: 207000, 4: 2087
DFA state entries in window  : 1: 100, 2: 89, 3: 79, 4: 69
DFA state entries cumulative : 1: 6300, 2: 3252, 3: 2486, 4: 2087
transitions cumulative       : 1->2: 3252, 2->3: 2486, 3->4: 2087
accepted directly from s0    : 0
Gym endings cumulative       : terminated=4087, truncated=126

[Episode 6400/8000 | last 100]
success rate                : 56.0% (cumulative 33.5%)
synthetic task reward       : 5600.000
shaping reward              : 998.670
learning reward             : 6598.670
episode length              : 349.2
abstract changes / episode  : 29.1
DFA transitions / episode   : 2.16
DFA transitions in window   : 1->2: 92, 2->3: 68, 3->4: 56
epsilon (next episode)       : 0.07727
replay buffer                : 300000 samples [1: 56.6%, 2: 33.0%, 3: 10.4%, 4: 0.0%]
DFA state visits in window   : 1: 15799, 2: 15504, 3: 3664, 4: 56
DFA state visits cumulative  : 1: 1147518, 2: 523441, 3: 210664, 4: 2143
DFA state entries in window  : 1: 100, 2: 92, 3: 68, 4: 56
DFA state entries cumulative : 1: 6400, 2: 3344, 3: 2554, 4: 2143
transitions cumulative       : 1->2: 3344, 2->3: 2554, 3->4: 2143
accepted directly from s0    : 0
Gym endings cumulative       : terminated=4130, truncated=127

[Episode 6500/8000 | last 100]
success rate                : 40.0% (cumulative 33.6%)
synthetic task reward       : 4000.000
shaping reward              : 951.704
learning reward             : 4951.704
episode length              : 428.5
abstract changes / episode  : 31.6
DFA transitions / episode   : 1.84
DFA transitions in window   : 1->2: 87, 2->3: 57, 3->4: 40
epsilon (next episode)       : 0.07423
replay buffer                : 300000 samples [1: 54.6%, 2: 35.4%, 3: 10.0%, 4: 0.0%]
DFA state visits in window   : 1: 15710, 2: 23637, 3: 3566, 4: 40
DFA state visits cumulative  : 1: 1163228, 2: 547078, 3: 214230, 4: 2183
DFA state entries in window  : 1: 100, 2: 87, 3: 57, 4: 40
DFA state entries cumulative : 1: 6500, 2: 3431, 3: 2611, 4: 2183
transitions cumulative       : 1->2: 3431, 2->3: 2611, 3->4: 2183
accepted directly from s0    : 0
Gym endings cumulative       : terminated=4176, truncated=141

[Episode 6600/8000 | last 100]
success rate                : 82.0% (cumulative 34.3%)
synthetic task reward       : 8200.000
shaping reward              : 1324.862
learning reward             : 9524.862
episode length              : 295.3
abstract changes / episode  : 22.7
DFA transitions / episode   : 2.58
DFA transitions in window   : 1->2: 91, 2->3: 85, 3->4: 82
epsilon (next episode)       : 0.07132
replay buffer                : 300000 samples [1: 53.6%, 2: 36.3%, 3: 10.1%, 4: 0.0%]
DFA state visits in window   : 1: 14371, 2: 11968, 3: 3206, 4: 82
DFA state visits cumulative  : 1: 1177599, 2: 559046, 3: 217436, 4: 2265
DFA state entries in window  : 1: 100, 2: 91, 3: 85, 4: 82
DFA state entries cumulative : 1: 6600, 2: 3522, 3: 2696, 4: 2265
transitions cumulative       : 1->2: 3522, 2->3: 2696, 3->4: 2265
accepted directly from s0    : 0
Gym endings cumulative       : terminated=4192, truncated=143

[Episode 6700/8000 | last 100]
success rate                : 68.0% (cumulative 34.8%)
synthetic task reward       : 6800.000
shaping reward              : 1212.817
learning reward             : 8012.817
episode length              : 304.3
abstract changes / episode  : 25.1
DFA transitions / episode   : 2.37
DFA transitions in window   : 1->2: 87, 2->3: 82, 3->4: 68
epsilon (next episode)       : 0.06853
replay buffer                : 300000 samples [1: 52.1%, 2: 37.3%, 3: 10.5%, 4: 0.0%]
DFA state visits in window   : 1: 14293, 2: 12048, 3: 4118, 4: 68
DFA state visits cumulative  : 1: 1191892, 2: 571094, 3: 221554, 4: 2333
DFA state entries in window  : 1: 100, 2: 87, 3: 82, 4: 68
DFA state entries cumulative : 1: 6700, 2: 3609, 3: 2778, 4: 2333
transitions cumulative       : 1->2: 3609, 2->3: 2778, 3->4: 2333
accepted directly from s0    : 0
Gym endings cumulative       : terminated=4222, truncated=145

[Episode 6800/8000 | last 100]
success rate                : 85.0% (cumulative 35.6%)
synthetic task reward       : 8500.000
shaping reward              : 1350.794
learning reward             : 9850.794
episode length              : 254.2
abstract changes / episode  : 20.4
DFA transitions / episode   : 2.64
DFA transitions in window   : 1->2: 90, 2->3: 89, 3->4: 85
epsilon (next episode)       : 0.06584
replay buffer                : 300000 samples [1: 51.9%, 2: 37.3%, 3: 10.8%, 4: 0.0%]
DFA state visits in window   : 1: 14914, 2: 7539, 3: 2978, 4: 85
DFA state visits cumulative  : 1: 1206806, 2: 578633, 3: 224532, 4: 2418
DFA state entries in window  : 1: 100, 2: 90, 3: 89, 4: 85
DFA state entries cumulative : 1: 6800, 2: 3699, 3: 2867, 4: 2418
transitions cumulative       : 1->2: 3699, 2->3: 2867, 3->4: 2418
accepted directly from s0    : 0
Gym endings cumulative       : terminated=4237, truncated=145
Best policy updated at episode 6800: mean learning reward=9850.794

[Episode 6900/8000 | last 100]
success rate                : 90.0% (cumulative 36.3%)
synthetic task reward       : 9000.000
shaping reward              : 1442.835
learning reward             : 10442.835
episode length              : 275.0
abstract changes / episode  : 21.5
DFA transitions / episode   : 2.83
DFA transitions in window   : 1->2: 97, 2->3: 96, 3->4: 90
epsilon (next episode)       : 0.06326
replay buffer                : 300000 samples [1: 51.7%, 2: 37.5%, 3: 10.8%, 4: 0.0%]
DFA state visits in window   : 1: 15555, 2: 8811, 3: 3142, 4: 90
DFA state visits cumulative  : 1: 1222361, 2: 587444, 3: 227674, 4: 2508
DFA state entries in window  : 1: 100, 2: 97, 3: 96, 4: 90
DFA state entries cumulative : 1: 6900, 2: 3796, 3: 2963, 4: 2508
transitions cumulative       : 1->2: 3796, 2->3: 2963, 3->4: 2508
accepted directly from s0    : 0
Gym endings cumulative       : terminated=4247, truncated=145
Best policy updated at episode 6900: mean learning reward=10442.835

[Episode 7000/8000 | last 100]
success rate                : 78.0% (cumulative 36.9%)
synthetic task reward       : 7800.000
shaping reward              : 1259.386
learning reward             : 9059.386
episode length              : 308.7
abstract changes / episode  : 26.4
DFA transitions / episode   : 2.52
DFA transitions in window   : 1->2: 88, 2->3: 86, 3->4: 78
epsilon (next episode)       : 0.06078
replay buffer                : 300000 samples [1: 52.1%, 2: 37.1%, 3: 10.8%, 4: 0.0%]
DFA state visits in window   : 1: 18666, 2: 8738, 3: 3487, 4: 78
DFA state visits cumulative  : 1: 1241027, 2: 596182, 3: 231161, 4: 2586
DFA state entries in window  : 1: 100, 2: 88, 3: 86, 4: 78
DFA state entries cumulative : 1: 7000, 2: 3884, 3: 3049, 4: 2586
transitions cumulative       : 1->2: 3884, 2->3: 3049, 3->4: 2586
accepted directly from s0    : 0
Gym endings cumulative       : terminated=4269, truncated=145

[Episode 7100/8000 | last 100]
success rate                : 86.0% (cumulative 37.6%)
synthetic task reward       : 8600.000
shaping reward              : 1401.613
learning reward             : 10001.613
episode length              : 267.1
abstract changes / episode  : 21.6
DFA transitions / episode   : 2.72
DFA transitions in window   : 1->2: 96, 2->3: 90, 3->4: 86
epsilon (next episode)       : 0.05839
replay buffer                : 300000 samples [1: 51.7%, 2: 37.6%, 3: 10.7%, 4: 0.0%]
DFA state visits in window   : 1: 15131, 2: 9017, 3: 2572, 4: 86
DFA state visits cumulative  : 1: 1256158, 2: 605199, 3: 233733, 4: 2672
DFA state entries in window  : 1: 100, 2: 96, 3: 90, 4: 86
DFA state entries cumulative : 1: 7100, 2: 3980, 3: 3139, 4: 2672
transitions cumulative       : 1->2: 3980, 2->3: 3139, 3->4: 2672
accepted directly from s0    : 0
Gym endings cumulative       : terminated=4283, truncated=145

[Episode 7200/8000 | last 100]
success rate                : 76.0% (cumulative 38.2%)
synthetic task reward       : 7600.000
shaping reward              : 1216.574
learning reward             : 8816.574
episode length              : 329.3
abstract changes / episode  : 27.4
DFA transitions / episode   : 2.44
DFA transitions in window   : 1->2: 88, 2->3: 80, 3->4: 76
epsilon (next episode)       : 0.05610
replay buffer                : 300000 samples [1: 52.0%, 2: 37.4%, 3: 10.6%, 4: 0.0%]
DFA state visits in window   : 1: 20173, 2: 9762, 3: 3020, 4: 76
DFA state visits cumulative  : 1: 1276331, 2: 614961, 3: 236753, 4: 2748
DFA state entries in window  : 1: 100, 2: 88, 3: 80, 4: 76
DFA state entries cumulative : 1: 7200, 2: 4068, 3: 3219, 4: 2748
transitions cumulative       : 1->2: 4068, 2->3: 3219, 3->4: 2748
accepted directly from s0    : 0
Gym endings cumulative       : terminated=4307, truncated=145

[Episode 7300/8000 | last 100]
success rate                : 76.0% (cumulative 38.7%)
synthetic task reward       : 7600.000
shaping reward              : 1217.700
learning reward             : 8817.700
episode length              : 317.6
abstract changes / episode  : 25.1
DFA transitions / episode   : 2.44
DFA transitions in window   : 1->2: 88, 2->3: 80, 3->4: 76
epsilon (next episode)       : 0.05390
replay buffer                : 300000 samples [1: 52.2%, 2: 37.5%, 3: 10.3%, 4: 0.0%]
DFA state visits in window   : 1: 19319, 2: 9718, 3: 2749, 4: 76
DFA state visits cumulative  : 1: 1295650, 2: 624679, 3: 239502, 4: 2824
DFA state entries in window  : 1: 100, 2: 88, 3: 80, 4: 76
DFA state entries cumulative : 1: 7300, 2: 4156, 3: 3299, 4: 2824
transitions cumulative       : 1->2: 4156, 2->3: 3299, 3->4: 2824
accepted directly from s0    : 0
Gym endings cumulative       : terminated=4331, truncated=145

[Episode 7400/8000 | last 100]
success rate                : 76.0% (cumulative 39.2%)
synthetic task reward       : 7600.000
shaping reward              : 1278.002
learning reward             : 8878.002
episode length              : 376.8
abstract changes / episode  : 28.6
DFA transitions / episode   : 2.52
DFA transitions in window   : 1->2: 92, 2->3: 84, 3->4: 76
epsilon (next episode)       : 0.05179
replay buffer                : 300000 samples [1: 55.5%, 2: 34.5%, 3: 10.0%, 4: 0.0%]
DFA state visits in window   : 1: 23581, 2: 11229, 3: 2896, 4: 76
DFA state visits cumulative  : 1: 1319231, 2: 635908, 3: 242398, 4: 2900
DFA state entries in window  : 1: 100, 2: 92, 3: 84, 4: 76
DFA state entries cumulative : 1: 7400, 2: 4248, 3: 3383, 4: 2900
transitions cumulative       : 1->2: 4248, 2->3: 3383, 3->4: 2900
accepted directly from s0    : 0
Gym endings cumulative       : terminated=4352, truncated=148

[Episode 7500/8000 | last 100]
success rate                : 80.0% (cumulative 39.7%)
synthetic task reward       : 8000.000
shaping reward              : 1301.362
learning reward             : 9301.362
episode length              : 286.7
abstract changes / episode  : 23.9
DFA transitions / episode   : 2.61
DFA transitions in window   : 1->2: 97, 2->3: 84, 3->4: 80
epsilon (next episode)       : 0.04976
replay buffer                : 300000 samples [1: 57.2%, 2: 32.7%, 3: 10.1%, 4: 0.0%]
DFA state visits in window   : 1: 15945, 2: 10408, 3: 2337, 4: 80
DFA state visits cumulative  : 1: 1335176, 2: 646316, 3: 244735, 4: 2980
DFA state entries in window  : 1: 100, 2: 97, 3: 84, 4: 80
DFA state entries cumulative : 1: 7500, 2: 4345, 3: 3467, 4: 2980
transitions cumulative       : 1->2: 4345, 2->3: 3467, 3->4: 2980
accepted directly from s0    : 0
Gym endings cumulative       : terminated=4372, truncated=148

[Episode 7600/8000 | last 100]
success rate                : 79.0% (cumulative 40.2%)
synthetic task reward       : 7900.000
shaping reward              : 1197.644
learning reward             : 9097.644
episode length              : 260.6
abstract changes / episode  : 22.3
DFA transitions / episode   : 2.46
DFA transitions in window   : 1->2: 86, 2->3: 81, 3->4: 79
epsilon (next episode)       : 0.04781
replay buffer                : 300000 samples [1: 58.0%, 2: 32.1%, 3: 9.9%, 4: 0.0%]
DFA state visits in window   : 1: 15566, 2: 8305, 3: 2211, 4: 79
DFA state visits cumulative  : 1: 1350742, 2: 654621, 3: 246946, 4: 3059
DFA state entries in window  : 1: 100, 2: 86, 3: 81, 4: 79
DFA state entries cumulative : 1: 7600, 2: 4431, 3: 3548, 4: 3059
transitions cumulative       : 1->2: 4431, 2->3: 3548, 3->4: 3059
accepted directly from s0    : 0
Gym endings cumulative       : terminated=4393, truncated=148

[Episode 7700/8000 | last 100]
success rate                : 57.0% (cumulative 40.5%)
synthetic task reward       : 5700.000
shaping reward              : 812.987
learning reward             : 6512.987
episode length              : 251.4
abstract changes / episode  : 22.0
DFA transitions / episode   : 1.80
DFA transitions in window   : 1->2: 62, 2->3: 61, 3->4: 57
epsilon (next episode)       : 0.04593
replay buffer                : 300000 samples [1: 59.6%, 2: 30.9%, 3: 9.5%, 4: 0.0%]
DFA state visits in window   : 1: 16978, 2: 6145, 3: 2064, 4: 57
DFA state visits cumulative  : 1: 1367720, 2: 660766, 3: 249010, 4: 3116
DFA state entries in window  : 1: 100, 2: 62, 3: 61, 4: 57
DFA state entries cumulative : 1: 7700, 2: 4493, 3: 3609, 4: 3116
transitions cumulative       : 1->2: 4493, 2->3: 3609, 3->4: 3116
accepted directly from s0    : 0
Gym endings cumulative       : terminated=4436, truncated=148

[Episode 7800/8000 | last 100]
success rate                : 72.0% (cumulative 40.9%)
synthetic task reward       : 7200.000
shaping reward              : 1101.740
learning reward             : 8301.740
episode length              : 260.9
abstract changes / episode  : 22.2
DFA transitions / episode   : 2.30
DFA transitions in window   : 1->2: 82, 2->3: 76, 3->4: 72
epsilon (next episode)       : 0.04413
replay buffer                : 300000 samples [1: 59.7%, 2: 31.0%, 3: 9.3%, 4: 0.0%]
DFA state visits in window   : 1: 14068, 2: 9136, 3: 2912, 4: 72
DFA state visits cumulative  : 1: 1381788, 2: 669902, 3: 251922, 4: 3188
DFA state entries in window  : 1: 100, 2: 82, 3: 76, 4: 72
DFA state entries cumulative : 1: 7800, 2: 4575, 3: 3685, 4: 3188
transitions cumulative       : 1->2: 4575, 2->3: 3685, 3->4: 3188
accepted directly from s0    : 0
Gym endings cumulative       : terminated=4464, truncated=148

[Episode 7900/8000 | last 100]
success rate                : 47.0% (cumulative 40.9%)
synthetic task reward       : 4700.000
shaping reward              : 785.853
learning reward             : 5485.853
episode length              : 328.4
abstract changes / episode  : 27.3
DFA transitions / episode   : 1.83
DFA transitions in window   : 1->2: 74, 2->3: 62, 3->4: 47
epsilon (next episode)       : 0.04240
replay buffer                : 300000 samples [1: 59.7%, 2: 30.9%, 3: 9.3%, 4: 0.0%]
DFA state visits in window   : 1: 19120, 2: 10077, 3: 3691, 4: 47
DFA state visits cumulative  : 1: 1400908, 2: 679979, 3: 255613, 4: 3235
DFA state entries in window  : 1: 100, 2: 74, 3: 62, 4: 47
DFA state entries cumulative : 1: 7900, 2: 4649, 3: 3747, 4: 3235
transitions cumulative       : 1->2: 4649, 2->3: 3747, 3->4: 3235
accepted directly from s0    : 0
Gym endings cumulative       : terminated=4516, truncated=149

[Episode 8000/8000 | last 100]
success rate                : 74.0% (cumulative 41.4%)
synthetic task reward       : 7400.000
shaping reward              : 1110.878
learning reward             : 8510.878
episode length              : 324.7
abstract changes / episode  : 27.2
DFA transitions / episode   : 2.34
DFA transitions in window   : 1->2: 84, 2->3: 76, 3->4: 74
epsilon (next episode)       : 0.04074
replay buffer                : 300000 samples [1: 59.6%, 2: 31.5%, 3: 8.9%, 4: 0.0%]
DFA state visits in window   : 1: 19215, 2: 10794, 3: 2488, 4: 74
DFA state visits cumulative  : 1: 1420123, 2: 690773, 3: 258101, 4: 3309
DFA state entries in window  : 1: 100, 2: 84, 3: 76, 4: 74
DFA state entries cumulative : 1: 8000, 2: 4733, 3: 3823, 4: 3309
transitions cumulative       : 1->2: 4733, 2->3: 3823, 3->4: 3309
accepted directly from s0    : 0
Gym endings cumulative       : terminated=4541, truncated=150
Last policy saved after episode 8000. Best policy: episode 6900, mean learning reward=10442.835
