
=== NEW MULTI-EPSILON RUN ===
episodes=8000, shaping=True, K=1.0, goal_reward=10000.0, gamma=0.99
training_shaping_gamma=True, shaping_formula=K*(gamma*Phi(next)-Phi(state))
network=Classic DDQN, output_heads=1
epsilon_strategy=visited
epsilon_min=0.08, epsilon_unlock_threshold=0.081
inter_level_shaping=False, inter_level_K=0.0
formula=F(wp1 & X(F(g1)))
waypoints={'wp1': (1, 8), 'g1': (8, 8)}
dfa_states=[1, 2, 3], pre_trace=1, accepting=[3]

[Episode 1/8000 | last 1]
success rate                : 0.0% (cumulative 0.0%)
synthetic task reward       : 0.000
shaping reward              : -1507.060
learning reward             : -1507.060
episode length              : 78.0
abstract changes / episode  : 13.0
DFA transitions / episode   : 0.00
DFA transitions in window   : none
epsilons (next episode)      : 1: 0.99900, 2: 1.00000, 3: 1.00000
replay buffer                : 78 samples [1: 100.0%, 2: 0.0%, 3: 0.0%]
DFA state visits in window   : 1: 79, 2: 0, 3: 0
DFA state visits cumulative  : 1: 79, 2: 0, 3: 0
DFA state entries in window  : 1: 1, 2: 0, 3: 0
DFA state entries cumulative : 1: 1, 2: 0, 3: 0
transitions cumulative       : none
accepted directly from s0    : 0
Gym endings cumulative       : terminated=1, truncated=0
Best policy updated at episode 1: mean learning reward=-1507.060

[Episode 100/8000 | last 100]
success rate                : 0.0% (cumulative 0.0%)
synthetic task reward       : 0.000
shaping reward              : -1492.026
learning reward             : -1492.026
episode length              : 105.6
abstract changes / episode  : 13.2
DFA transitions / episode   : 0.01
DFA transitions in window   : 1->2: 1
epsilons (next episode)      : 1: 0.90479, 2: 0.99900, 3: 1.00000
replay buffer                : 10561 samples [1: 99.7%, 2: 0.3%, 3: 0.0%]
DFA state visits in window   : 1: 10629, 2: 32, 3: 0
DFA state visits cumulative  : 1: 10629, 2: 32, 3: 0
DFA state entries in window  : 1: 100, 2: 1, 3: 0
DFA state entries cumulative : 1: 100, 2: 1, 3: 0
transitions cumulative       : 1->2: 1
accepted directly from s0    : 0
Gym endings cumulative       : terminated=99, truncated=1
Best policy updated at episode 100: mean learning reward=-1492.026

[Episode 200/8000 | last 100]
success rate                : 0.0% (cumulative 0.0%)
synthetic task reward       : 0.000
shaping reward              : -1461.362
learning reward             : -1461.362
episode length              : 113.0
abstract changes / episode  : 13.2
DFA transitions / episode   : 0.04
DFA transitions in window   : 1->2: 4
epsilons (next episode)      : 1: 0.81865, 2: 0.99501, 3: 1.00000
replay buffer                : 21861 samples [1: 99.3%, 2: 0.7%, 3: 0.0%]
DFA state visits in window   : 1: 11282, 2: 118, 3: 0
DFA state visits cumulative  : 1: 21911, 2: 150, 3: 0
DFA state entries in window  : 1: 100, 2: 4, 3: 0
DFA state entries cumulative : 1: 200, 2: 5, 3: 0
transitions cumulative       : 1->2: 5
accepted directly from s0    : 0
Gym endings cumulative       : terminated=198, truncated=2
Best policy updated at episode 200: mean learning reward=-1461.362

[Episode 300/8000 | last 100]
success rate                : 0.0% (cumulative 0.0%)
synthetic task reward       : 0.000
shaping reward              : -1476.217
learning reward             : -1476.217
episode length              : 116.0
abstract changes / episode  : 13.4
DFA transitions / episode   : 0.01
DFA transitions in window   : 1->2: 1
epsilons (next episode)      : 1: 0.74071, 2: 0.99401, 3: 1.00000
replay buffer                : 33464 samples [1: 99.5%, 2: 0.5%, 3: 0.0%]
DFA state visits in window   : 1: 11681, 2: 22, 3: 0
DFA state visits cumulative  : 1: 33592, 2: 172, 3: 0
DFA state entries in window  : 1: 100, 2: 1, 3: 0
DFA state entries cumulative : 1: 300, 2: 6, 3: 0
transitions cumulative       : 1->2: 6
accepted directly from s0    : 0
Gym endings cumulative       : terminated=298, truncated=2

[Episode 400/8000 | last 100]
success rate                : 0.0% (cumulative 0.0%)
synthetic task reward       : 0.000
shaping reward              : -1482.433
learning reward             : -1482.433
episode length              : 142.4
abstract changes / episode  : 13.6
DFA transitions / episode   : 0.04
DFA transitions in window   : 1->2: 4
epsilons (next episode)      : 1: 0.67019, 2: 0.99004, 3: 1.00000
replay buffer                : 47700 samples [1: 99.3%, 2: 0.7%, 3: 0.0%]
DFA state visits in window   : 1: 14145, 2: 191, 3: 0
DFA state visits cumulative  : 1: 47737, 2: 363, 3: 0
DFA state entries in window  : 1: 100, 2: 4, 3: 0
DFA state entries cumulative : 1: 400, 2: 10, 3: 0
transitions cumulative       : 1->2: 10
accepted directly from s0    : 0
Gym endings cumulative       : terminated=396, truncated=4

[Episode 500/8000 | last 100]
success rate                : 0.0% (cumulative 0.0%)
synthetic task reward       : 0.000
shaping reward              : -1382.195
learning reward             : -1382.195
episode length              : 137.1
abstract changes / episode  : 12.8
DFA transitions / episode   : 0.02
DFA transitions in window   : 1->2: 2
epsilons (next episode)      : 1: 0.60638, 2: 0.98807, 3: 1.00000
replay buffer                : 61410 samples [1: 99.3%, 2: 0.7%, 3: 0.0%]
DFA state visits in window   : 1: 13702, 2: 108, 3: 0
DFA state visits cumulative  : 1: 61439, 2: 471, 3: 0
DFA state entries in window  : 1: 100, 2: 2, 3: 0
DFA state entries cumulative : 1: 500, 2: 12, 3: 0
transitions cumulative       : 1->2: 12
accepted directly from s0    : 0
Gym endings cumulative       : terminated=496, truncated=4
Best policy updated at episode 500: mean learning reward=-1382.195

[Episode 600/8000 | last 100]
success rate                : 0.0% (cumulative 0.0%)
synthetic task reward       : 0.000
shaping reward              : -1221.026
learning reward             : -1221.026
episode length              : 159.0
abstract changes / episode  : 11.6
DFA transitions / episode   : 0.06
DFA transitions in window   : 1->2: 6
epsilons (next episode)      : 1: 0.54865, 2: 0.98215, 3: 1.00000
replay buffer                : 77307 samples [1: 99.1%, 2: 0.9%, 3: 0.0%]
DFA state visits in window   : 1: 15743, 2: 254, 3: 0
DFA state visits cumulative  : 1: 77182, 2: 725, 3: 0
DFA state entries in window  : 1: 100, 2: 6, 3: 0
DFA state entries cumulative : 1: 600, 2: 18, 3: 0
transitions cumulative       : 1->2: 18
accepted directly from s0    : 0
Gym endings cumulative       : terminated=596, truncated=4
Best policy updated at episode 600: mean learning reward=-1221.026

[Episode 700/8000 | last 100]
success rate                : 0.0% (cumulative 0.0%)
synthetic task reward       : 0.000
shaping reward              : -1430.827
learning reward             : -1430.827
episode length              : 207.0
abstract changes / episode  : 13.5
DFA transitions / episode   : 0.01
DFA transitions in window   : 1->2: 1
epsilons (next episode)      : 1: 0.49641, 2: 0.98117, 3: 1.00000
replay buffer                : 98009 samples [1: 99.2%, 2: 0.8%, 3: 0.0%]
DFA state visits in window   : 1: 20752, 2: 50, 3: 0
DFA state visits cumulative  : 1: 97934, 2: 775, 3: 0
DFA state entries in window  : 1: 100, 2: 1, 3: 0
DFA state entries cumulative : 1: 700, 2: 19, 3: 0
transitions cumulative       : 1->2: 19
accepted directly from s0    : 0
Gym endings cumulative       : terminated=696, truncated=4

[Episode 800/8000 | last 100]
success rate                : 0.0% (cumulative 0.0%)
synthetic task reward       : 0.000
shaping reward              : -1900.843
learning reward             : -1900.843
episode length              : 344.8
abstract changes / episode  : 18.9
DFA transitions / episode   : 0.10
DFA transitions in window   : 1->2: 10
epsilons (next episode)      : 1: 0.44915, 2: 0.97140, 3: 1.00000
replay buffer                : 132488 samples [1: 99.0%, 2: 1.0%, 3: 0.0%]
DFA state visits in window   : 1: 33941, 2: 638, 3: 0
DFA state visits cumulative  : 1: 131875, 2: 1413, 3: 0
DFA state entries in window  : 1: 100, 2: 10, 3: 0
DFA state entries cumulative : 1: 800, 2: 29, 3: 0
transitions cumulative       : 1->2: 29
accepted directly from s0    : 0
Gym endings cumulative       : terminated=794, truncated=6

[Episode 900/8000 | last 100]
success rate                : 0.0% (cumulative 0.0%)
synthetic task reward       : 0.000
shaping reward              : -2261.945
learning reward             : -2261.945
episode length              : 530.2
abstract changes / episode  : 22.6
DFA transitions / episode   : 0.01
DFA transitions in window   : 1->2: 1
epsilons (next episode)      : 1: 0.40639, 2: 0.97043, 3: 1.00000
replay buffer                : 185513 samples [1: 99.2%, 2: 0.8%, 3: 0.0%]
DFA state visits in window   : 1: 53072, 2: 53, 3: 0
DFA state visits cumulative  : 1: 184947, 2: 1466, 3: 0
DFA state entries in window  : 1: 100, 2: 1, 3: 0
DFA state entries cumulative : 1: 900, 2: 30, 3: 0
transitions cumulative       : 1->2: 30
accepted directly from s0    : 0
Gym endings cumulative       : terminated=871, truncated=29

[Episode 1000/8000 | last 100]
success rate                : 0.0% (cumulative 0.0%)
synthetic task reward       : 0.000
shaping reward              : -2049.672
learning reward             : -2049.672
episode length              : 540.1
abstract changes / episode  : 20.6
DFA transitions / episode   : 0.06
DFA transitions in window   : 1->2: 6
epsilons (next episode)      : 1: 0.36770, 2: 0.96462, 3: 1.00000
replay buffer                : 239523 samples [1: 99.3%, 2: 0.7%, 3: 0.0%]
DFA state visits in window   : 1: 53759, 2: 351, 3: 0
DFA state visits cumulative  : 1: 238706, 2: 1817, 3: 0
DFA state entries in window  : 1: 100, 2: 6, 3: 0
DFA state entries cumulative : 1: 1000, 2: 36, 3: 0
transitions cumulative       : 1->2: 36
accepted directly from s0    : 0
Gym endings cumulative       : terminated=943, truncated=57

[Episode 1100/8000 | last 100]
success rate                : 0.0% (cumulative 0.0%)
synthetic task reward       : 0.000
shaping reward              : -1878.967
learning reward             : -1878.967
episode length              : 561.7
abstract changes / episode  : 19.8
DFA transitions / episode   : 0.10
DFA transitions in window   : 1->2: 10
epsilons (next episode)      : 1: 0.33269, 2: 0.95502, 3: 1.00000
replay buffer                : 295694 samples [1: 99.2%, 2: 0.8%, 3: 0.0%]
DFA state visits in window   : 1: 55752, 2: 519, 3: 0
DFA state visits cumulative  : 1: 294458, 2: 2336, 3: 0
DFA state entries in window  : 1: 100, 2: 10, 3: 0
DFA state entries cumulative : 1: 1100, 2: 46, 3: 0
transitions cumulative       : 1->2: 46
accepted directly from s0    : 0
Gym endings cumulative       : terminated=1011, truncated=89

[Episode 1200/8000 | last 100]
success rate                : 0.0% (cumulative 0.0%)
synthetic task reward       : 0.000
shaping reward              : -1671.850
learning reward             : -1671.850
episode length              : 681.0
abstract changes / episode  : 19.3
DFA transitions / episode   : 0.08
DFA transitions in window   : 1->2: 8
epsilons (next episode)      : 1: 0.30101, 2: 0.94741, 3: 1.00000
replay buffer                : 300000 samples [1: 99.2%, 2: 0.8%, 3: 0.0%]
DFA state visits in window   : 1: 67705, 2: 499, 3: 0
DFA state visits cumulative  : 1: 362163, 2: 2835, 3: 0
DFA state entries in window  : 1: 100, 2: 8, 3: 0
DFA state entries cumulative : 1: 1200, 2: 54, 3: 0
transitions cumulative       : 1->2: 54
accepted directly from s0    : 0
Gym endings cumulative       : terminated=1071, truncated=129

[Episode 1300/8000 | last 100]
success rate                : 0.0% (cumulative 0.0%)
synthetic task reward       : 0.000
shaping reward              : -1261.696
learning reward             : -1261.696
episode length              : 677.9
abstract changes / episode  : 15.3
DFA transitions / episode   : 0.11
DFA transitions in window   : 1->2: 11
epsilons (next episode)      : 1: 0.27235, 2: 0.93704, 3: 1.00000
replay buffer                : 300000 samples [1: 99.4%, 2: 0.6%, 3: 0.0%]
DFA state visits in window   : 1: 67367, 2: 524, 3: 0
DFA state visits cumulative  : 1: 429530, 2: 3359, 3: 0
DFA state entries in window  : 1: 100, 2: 11, 3: 0
DFA state entries cumulative : 1: 1300, 2: 65, 3: 0
transitions cumulative       : 1->2: 65
accepted directly from s0    : 0
Gym endings cumulative       : terminated=1138, truncated=162

[Episode 1400/8000 | last 100]
success rate                : 0.0% (cumulative 0.0%)
synthetic task reward       : 0.000
shaping reward              : -1206.475
learning reward             : -1206.475
episode length              : 594.4
abstract changes / episode  : 14.6
DFA transitions / episode   : 0.18
DFA transitions in window   : 1->2: 18
epsilons (next episode)      : 1: 0.24642, 2: 0.92031, 3: 1.00000
replay buffer                : 300000 samples [1: 99.1%, 2: 0.9%, 3: 0.0%]
DFA state visits in window   : 1: 58529, 2: 1007, 3: 0
DFA state visits cumulative  : 1: 488059, 2: 4366, 3: 0
DFA state entries in window  : 1: 100, 2: 18, 3: 0
DFA state entries cumulative : 1: 1400, 2: 83, 3: 0
transitions cumulative       : 1->2: 83
accepted directly from s0    : 0
Gym endings cumulative       : terminated=1209, truncated=191
Best policy updated at episode 1400: mean learning reward=-1206.475

[Episode 1500/8000 | last 100]
success rate                : 0.0% (cumulative 0.0%)
synthetic task reward       : 0.000
shaping reward              : -1096.957
learning reward             : -1096.957
episode length              : 709.4
abstract changes / episode  : 13.7
DFA transitions / episode   : 0.19
DFA transitions in window   : 1->2: 19
epsilons (next episode)      : 1: 0.22296, 2: 0.90298, 3: 1.00000
replay buffer                : 300000 samples [1: 98.9%, 2: 1.1%, 3: 0.0%]
DFA state visits in window   : 1: 69822, 2: 1214, 3: 0
DFA state visits cumulative  : 1: 557881, 2: 5580, 3: 0
DFA state entries in window  : 1: 100, 2: 19, 3: 0
DFA state entries cumulative : 1: 1500, 2: 102, 3: 0
transitions cumulative       : 1->2: 102
accepted directly from s0    : 0
Gym endings cumulative       : terminated=1267, truncated=233
Best policy updated at episode 1500: mean learning reward=-1096.957

[Episode 1600/8000 | last 100]
success rate                : 0.0% (cumulative 0.0%)
synthetic task reward       : 0.000
shaping reward              : -1210.923
learning reward             : -1210.923
episode length              : 746.1
abstract changes / episode  : 15.4
DFA transitions / episode   : 0.30
DFA transitions in window   : 1->2: 30
epsilons (next episode)      : 1: 0.20173, 2: 0.87628, 3: 1.00000
replay buffer                : 300000 samples [1: 98.3%, 2: 1.7%, 3: 0.0%]
DFA state visits in window   : 1: 72484, 2: 2227, 3: 0
DFA state visits cumulative  : 1: 630365, 2: 7807, 3: 0
DFA state entries in window  : 1: 100, 2: 30, 3: 0
DFA state entries cumulative : 1: 1600, 2: 132, 3: 0
transitions cumulative       : 1->2: 132
accepted directly from s0    : 0
Gym endings cumulative       : terminated=1320, truncated=280

[Episode 1700/8000 | last 100]
success rate                : 0.0% (cumulative 0.0%)
synthetic task reward       : 0.000
shaping reward              : -1492.819
learning reward             : -1492.819
episode length              : 518.0
abstract changes / episode  : 16.8
DFA transitions / episode   : 0.10
DFA transitions in window   : 1->2: 10
epsilons (next episode)      : 1: 0.18253, 2: 0.86756, 3: 1.00000
replay buffer                : 300000 samples [1: 98.3%, 2: 1.7%, 3: 0.0%]
DFA state visits in window   : 1: 51672, 2: 230, 3: 0
DFA state visits cumulative  : 1: 682037, 2: 8037, 3: 0
DFA state entries in window  : 1: 100, 2: 10, 3: 0
DFA state entries cumulative : 1: 1700, 2: 142, 3: 0
transitions cumulative       : 1->2: 142
accepted directly from s0    : 0
Gym endings cumulative       : terminated=1409, truncated=291

[Episode 1800/8000 | last 100]
success rate                : 0.0% (cumulative 0.0%)
synthetic task reward       : 0.000
shaping reward              : -1609.945
learning reward             : -1609.945
episode length              : 609.4
abstract changes / episode  : 17.1
DFA transitions / episode   : 0.11
DFA transitions in window   : 1->2: 11
epsilons (next episode)      : 1: 0.16515, 2: 0.85806, 3: 1.00000
replay buffer                : 300000 samples [1: 98.5%, 2: 1.5%, 3: 0.0%]
DFA state visits in window   : 1: 60666, 2: 374, 3: 0
DFA state visits cumulative  : 1: 742703, 2: 8411, 3: 0
DFA state entries in window  : 1: 100, 2: 11, 3: 0
DFA state entries cumulative : 1: 1800, 2: 153, 3: 0
transitions cumulative       : 1->2: 153
accepted directly from s0    : 0
Gym endings cumulative       : terminated=1495, truncated=305

[Episode 1900/8000 | last 100]
success rate                : 0.0% (cumulative 0.0%)
synthetic task reward       : 0.000
shaping reward              : -819.193
learning reward             : -819.193
episode length              : 749.2
abstract changes / episode  : 10.6
DFA transitions / episode   : 0.05
DFA transitions in window   : 1->2: 5
epsilons (next episode)      : 1: 0.14943, 2: 0.85378, 3: 1.00000
replay buffer                : 300000 samples [1: 98.8%, 2: 1.2%, 3: 0.0%]
DFA state visits in window   : 1: 74930, 2: 93, 3: 0
DFA state visits cumulative  : 1: 817633, 2: 8504, 3: 0
DFA state entries in window  : 1: 100, 2: 5, 3: 0
DFA state entries cumulative : 1: 1900, 2: 158, 3: 0
transitions cumulative       : 1->2: 158
accepted directly from s0    : 0
Gym endings cumulative       : terminated=1555, truncated=345
Best policy updated at episode 1900: mean learning reward=-819.193

[Episode 2000/8000 | last 100]
success rate                : 0.0% (cumulative 0.0%)
synthetic task reward       : 0.000
shaping reward              : -929.011
learning reward             : -929.011
episode length              : 693.8
abstract changes / episode  : 11.5
DFA transitions / episode   : 0.14
DFA transitions in window   : 1->2: 14
epsilons (next episode)      : 1: 0.13520, 2: 0.84191, 3: 1.00000
replay buffer                : 300000 samples [1: 99.2%, 2: 0.8%, 3: 0.0%]
DFA state visits in window   : 1: 68952, 2: 531, 3: 0
DFA state visits cumulative  : 1: 886585, 2: 9035, 3: 0
DFA state entries in window  : 1: 100, 2: 14, 3: 0
DFA state entries cumulative : 1: 2000, 2: 172, 3: 0
transitions cumulative       : 1->2: 172
accepted directly from s0    : 0
Gym endings cumulative       : terminated=1622, truncated=378

[Episode 2100/8000 | last 100]
success rate                : 0.0% (cumulative 0.0%)
synthetic task reward       : 0.000
shaping reward              : -976.192
learning reward             : -976.192
episode length              : 786.7
abstract changes / episode  : 13.0
DFA transitions / episode   : 0.27
DFA transitions in window   : 1->2: 27
epsilons (next episode)      : 1: 0.12233, 2: 0.81947, 3: 1.00000
replay buffer                : 300000 samples [1: 99.0%, 2: 1.0%, 3: 0.0%]
DFA state visits in window   : 1: 76813, 2: 1956, 3: 0
DFA state visits cumulative  : 1: 963398, 2: 10991, 3: 0
DFA state entries in window  : 1: 100, 2: 27, 3: 0
DFA state entries cumulative : 1: 2100, 2: 199, 3: 0
transitions cumulative       : 1->2: 199
accepted directly from s0    : 0
Gym endings cumulative       : terminated=1667, truncated=433

[Episode 2200/8000 | last 100]
success rate                : 0.0% (cumulative 0.0%)
synthetic task reward       : 0.000
shaping reward              : -1006.896
learning reward             : -1006.896
episode length              : 362.0
abstract changes / episode  : 13.9
DFA transitions / episode   : 0.42
DFA transitions in window   : 1->2: 42
epsilons (next episode)      : 1: 0.11068, 2: 0.78575, 3: 1.00000
replay buffer                : 300000 samples [1: 98.1%, 2: 1.9%, 3: 0.0%]
DFA state visits in window   : 1: 33242, 2: 3057, 3: 0
DFA state visits cumulative  : 1: 996640, 2: 14048, 3: 0
DFA state entries in window  : 1: 100, 2: 42, 3: 0
DFA state entries cumulative : 1: 2200, 2: 241, 3: 0
transitions cumulative       : 1->2: 241
accepted directly from s0    : 0
Gym endings cumulative       : terminated=1765, truncated=435

[Episode 2300/8000 | last 100]
success rate                : 0.0% (cumulative 0.0%)
synthetic task reward       : 0.000
shaping reward              : -704.694
learning reward             : -704.694
episode length              : 170.7
abstract changes / episode  : 10.2
DFA transitions / episode   : 0.24
DFA transitions in window   : 1->2: 24
epsilons (next episode)      : 1: 0.10014, 2: 0.76710, 3: 1.00000
replay buffer                : 300000 samples [1: 97.9%, 2: 2.1%, 3: 0.0%]
DFA state visits in window   : 1: 16404, 2: 761, 3: 0
DFA state visits cumulative  : 1: 1013044, 2: 14809, 3: 0
DFA state entries in window  : 1: 100, 2: 24, 3: 0
DFA state entries cumulative : 1: 2300, 2: 265, 3: 0
transitions cumulative       : 1->2: 265
accepted directly from s0    : 0
Gym endings cumulative       : terminated=1865, truncated=435
Best policy updated at episode 2300: mean learning reward=-704.694

[Episode 2400/8000 | last 100]
success rate                : 0.0% (cumulative 0.0%)
synthetic task reward       : 0.000
shaping reward              : -1069.794
learning reward             : -1069.794
episode length              : 352.4
abstract changes / episode  : 13.4
DFA transitions / episode   : 0.21
DFA transitions in window   : 1->2: 21
epsilons (next episode)      : 1: 0.09061, 2: 0.75116, 3: 1.00000
replay buffer                : 300000 samples [1: 97.0%, 2: 3.0%, 3: 0.0%]
DFA state visits in window   : 1: 32702, 2: 2640, 3: 0
DFA state visits cumulative  : 1: 1045746, 2: 17449, 3: 0
DFA state entries in window  : 1: 100, 2: 21, 3: 0
DFA state entries cumulative : 1: 2400, 2: 286, 3: 0
transitions cumulative       : 1->2: 286
accepted directly from s0    : 0
Gym endings cumulative       : terminated=1958, truncated=442

[Episode 2500/8000 | last 100]
success rate                : 0.0% (cumulative 0.0%)
synthetic task reward       : 0.000
shaping reward              : -1504.233
learning reward             : -1504.233
episode length              : 368.4
abstract changes / episode  : 19.0
DFA transitions / episode   : 0.59
DFA transitions in window   : 1->2: 59
epsilons (next episode)      : 1: 0.08198, 2: 0.70810, 3: 1.00000
replay buffer                : 300000 samples [1: 95.1%, 2: 4.9%, 3: 0.0%]
DFA state visits in window   : 1: 31105, 2: 5835, 3: 0
DFA state visits cumulative  : 1: 1076851, 2: 23284, 3: 0
DFA state entries in window  : 1: 100, 2: 59, 3: 0
DFA state entries cumulative : 1: 2500, 2: 345, 3: 0
transitions cumulative       : 1->2: 345
accepted directly from s0    : 0
Gym endings cumulative       : terminated=2058, truncated=442

[Episode 2600/8000 | last 100]
success rate                : 0.0% (cumulative 0.0%)
synthetic task reward       : 0.000
shaping reward              : -1332.893
learning reward             : -1332.893
episode length              : 334.8
abstract changes / episode  : 17.1
DFA transitions / episode   : 0.52
DFA transitions in window   : 1->2: 52
epsilons (next episode)      : 1: 0.08000, 2: 0.67220, 3: 1.00000
replay buffer                : 300000 samples [1: 93.2%, 2: 6.8%, 3: 0.0%]
DFA state visits in window   : 1: 27671, 2: 5906, 3: 0
DFA state visits cumulative  : 1: 1104522, 2: 29190, 3: 0
DFA state entries in window  : 1: 100, 2: 52, 3: 0
DFA state entries cumulative : 1: 2600, 2: 397, 3: 0
transitions cumulative       : 1->2: 397
accepted directly from s0    : 0
Gym endings cumulative       : terminated=2157, truncated=443

[Episode 2700/8000 | last 100]
success rate                : 0.0% (cumulative 0.0%)
synthetic task reward       : 0.000
shaping reward              : -1536.353
learning reward             : -1536.353
episode length              : 316.8
abstract changes / episode  : 20.1
DFA transitions / episode   : 0.94
DFA transitions in window   : 1->2: 94
epsilons (next episode)      : 1: 0.08000, 2: 0.61186, 3: 1.00000
replay buffer                : 300000 samples [1: 89.9%, 2: 10.1%, 3: 0.0%]
DFA state visits in window   : 1: 21688, 2: 10088, 3: 0
DFA state visits cumulative  : 1: 1126210, 2: 39278, 3: 0
DFA state entries in window  : 1: 100, 2: 94, 3: 0
DFA state entries cumulative : 1: 2700, 2: 491, 3: 0
transitions cumulative       : 1->2: 491
accepted directly from s0    : 0
Gym endings cumulative       : terminated=2257, truncated=443

[Episode 2800/8000 | last 100]
success rate                : 0.0% (cumulative 0.0%)
synthetic task reward       : 0.000
shaping reward              : -1638.860
learning reward             : -1638.860
episode length              : 346.1
abstract changes / episode  : 20.6
DFA transitions / episode   : 0.89
DFA transitions in window   : 1->2: 89
epsilons (next episode)      : 1: 0.08000, 2: 0.55974, 3: 1.00000
replay buffer                : 300000 samples [1: 85.3%, 2: 14.7%, 3: 0.0%]
DFA state visits in window   : 1: 20579, 2: 14133, 3: 0
DFA state visits cumulative  : 1: 1146789, 2: 53411, 3: 0
DFA state entries in window  : 1: 100, 2: 89, 3: 0
DFA state entries cumulative : 1: 2800, 2: 580, 3: 0
transitions cumulative       : 1->2: 580
accepted directly from s0    : 0
Gym endings cumulative       : terminated=2354, truncated=446

[Episode 2900/8000 | last 100]
success rate                : 1.0% (cumulative 0.0%)
synthetic task reward       : 100.000
shaping reward              : -1702.068
learning reward             : -1602.068
episode length              : 387.9
abstract changes / episode  : 21.2
DFA transitions / episode   : 0.90
DFA transitions in window   : 1->2: 89, 2->3: 1
epsilons (next episode)      : 1: 0.08000, 2: 0.51205, 3: 1.00000
replay buffer                : 300000 samples [1: 78.3%, 2: 21.7%, 3: 0.0%]
DFA state visits in window   : 1: 16754, 2: 22139, 3: 1
DFA state visits cumulative  : 1: 1163543, 2: 75550, 3: 1
DFA state entries in window  : 1: 100, 2: 89, 3: 1
DFA state entries cumulative : 1: 2900, 2: 669, 3: 1
transitions cumulative       : 1->2: 669, 2->3: 1
accepted directly from s0    : 0
Gym endings cumulative       : terminated=2451, truncated=448

[Episode 3000/8000 | last 100]
success rate                : 0.0% (cumulative 0.0%)
synthetic task reward       : 0.000
shaping reward              : -1957.810
learning reward             : -1957.810
episode length              : 447.4
abstract changes / episode  : 24.6
DFA transitions / episode   : 0.94
DFA transitions in window   : 1->2: 94
epsilons (next episode)      : 1: 0.08000, 2: 0.46609, 3: 1.00000
replay buffer                : 300000 samples [1: 70.2%, 2: 29.8%, 3: 0.0%]
DFA state visits in window   : 1: 19103, 2: 25734, 3: 0
DFA state visits cumulative  : 1: 1182646, 2: 101284, 3: 1
DFA state entries in window  : 1: 100, 2: 94, 3: 0
DFA state entries cumulative : 1: 3000, 2: 763, 3: 1
transitions cumulative       : 1->2: 763, 2->3: 1
accepted directly from s0    : 0
Gym endings cumulative       : terminated=2543, truncated=456

[Episode 3100/8000 | last 100]
success rate                : 0.0% (cumulative 0.0%)
synthetic task reward       : 0.000
shaping reward              : -1929.922
learning reward             : -1929.922
episode length              : 488.3
abstract changes / episode  : 23.6
DFA transitions / episode   : 0.75
DFA transitions in window   : 1->2: 75
epsilons (next episode)      : 1: 0.08000, 2: 0.43239, 3: 1.00000
replay buffer                : 300000 samples [1: 65.5%, 2: 34.5%, 3: 0.0%]
DFA state visits in window   : 1: 31112, 2: 17818, 3: 0
DFA state visits cumulative  : 1: 1213758, 2: 119102, 3: 1
DFA state entries in window  : 1: 100, 2: 75, 3: 0
DFA state entries cumulative : 1: 3100, 2: 838, 3: 1
transitions cumulative       : 1->2: 838, 2->3: 1
accepted directly from s0    : 0
Gym endings cumulative       : terminated=2622, truncated=477

[Episode 3200/8000 | last 100]
success rate                : 0.0% (cumulative 0.0%)
synthetic task reward       : 0.000
shaping reward              : -2005.214
learning reward             : -2005.214
episode length              : 362.9
abstract changes / episode  : 21.2
DFA transitions / episode   : 0.34
DFA transitions in window   : 1->2: 34
epsilons (next episode)      : 1: 0.08000, 2: 0.41793, 3: 1.00000
replay buffer                : 300000 samples [1: 65.3%, 2: 34.7%, 3: 0.0%]
DFA state visits in window   : 1: 32823, 2: 3570, 3: 0
DFA state visits cumulative  : 1: 1246581, 2: 122672, 3: 1
DFA state entries in window  : 1: 100, 2: 34, 3: 0
DFA state entries cumulative : 1: 3200, 2: 872, 3: 1
transitions cumulative       : 1->2: 872, 2->3: 1
accepted directly from s0    : 0
Gym endings cumulative       : terminated=2722, truncated=477

[Episode 3300/8000 | last 100]
success rate                : 0.0% (cumulative 0.0%)
synthetic task reward       : 0.000
shaping reward              : -1968.503
learning reward             : -1968.503
episode length              : 458.6
abstract changes / episode  : 20.8
DFA transitions / episode   : 0.22
DFA transitions in window   : 1->2: 22
epsilons (next episode)      : 1: 0.08000, 2: 0.40883, 3: 1.00000
replay buffer                : 300000 samples [1: 65.5%, 2: 34.5%, 3: 0.0%]
DFA state visits in window   : 1: 39728, 2: 6237, 3: 0
DFA state visits cumulative  : 1: 1286309, 2: 128909, 3: 1
DFA state entries in window  : 1: 100, 2: 22, 3: 0
DFA state entries cumulative : 1: 3300, 2: 894, 3: 1
transitions cumulative       : 1->2: 894, 2->3: 1
accepted directly from s0    : 0
Gym endings cumulative       : terminated=2812, truncated=487

[Episode 3400/8000 | last 100]
success rate                : 1.0% (cumulative 0.1%)
synthetic task reward       : 100.000
shaping reward              : -2270.881
learning reward             : -2170.881
episode length              : 632.5
abstract changes / episode  : 27.3
DFA transitions / episode   : 0.72
DFA transitions in window   : 1->2: 71, 2->3: 1
epsilons (next episode)      : 1: 0.08000, 2: 0.38080, 3: 1.00000
replay buffer                : 300000 samples [1: 62.1%, 2: 37.9%, 3: 0.0%]
DFA state visits in window   : 1: 34472, 2: 28872, 3: 1
DFA state visits cumulative  : 1: 1320781, 2: 157781, 3: 2
DFA state entries in window  : 1: 100, 2: 71, 3: 1
DFA state entries cumulative : 1: 3400, 2: 965, 3: 2
transitions cumulative       : 1->2: 965, 2->3: 2
accepted directly from s0    : 0
Gym endings cumulative       : terminated=2886, truncated=512

[Episode 3500/8000 | last 100]
success rate                : 1.0% (cumulative 0.1%)
synthetic task reward       : 100.000
shaping reward              : -1891.068
learning reward             : -1791.068
episode length              : 515.9
abstract changes / episode  : 19.5
DFA transitions / episode   : 0.09
DFA transitions in window   : 1->2: 8, 2->3: 1
epsilons (next episode)      : 1: 0.08000, 2: 0.37776, 3: 1.00000
replay buffer                : 300000 samples [1: 70.3%, 2: 29.7%, 3: 0.0%]
DFA state visits in window   : 1: 50087, 2: 1604, 3: 1
DFA state visits cumulative  : 1: 1370868, 2: 159385, 3: 3
DFA state entries in window  : 1: 100, 2: 8, 3: 1
DFA state entries cumulative : 1: 3500, 2: 973, 3: 3
transitions cumulative       : 1->2: 973, 2->3: 3
accepted directly from s0    : 0
Gym endings cumulative       : terminated=2974, truncated=523

[Episode 3600/8000 | last 100]
success rate                : 0.0% (cumulative 0.1%)
synthetic task reward       : 0.000
shaping reward              : -1704.461
learning reward             : -1704.461
episode length              : 772.3
abstract changes / episode  : 19.6
DFA transitions / episode   : 0.07
DFA transitions in window   : 1->2: 7
epsilons (next episode)      : 1: 0.08000, 2: 0.37513, 3: 1.00000
replay buffer                : 300000 samples [1: 81.8%, 2: 18.2%, 3: 0.0%]
DFA state visits in window   : 1: 75162, 2: 2164, 3: 0
DFA state visits cumulative  : 1: 1446030, 2: 161549, 3: 3
DFA state entries in window  : 1: 100, 2: 7, 3: 0
DFA state entries cumulative : 1: 3600, 2: 980, 3: 3
transitions cumulative       : 1->2: 980, 2->3: 3
accepted directly from s0    : 0
Gym endings cumulative       : terminated=3016, truncated=581

[Episode 3700/8000 | last 100]
success rate                : 0.0% (cumulative 0.1%)
synthetic task reward       : 0.000
shaping reward              : -1412.637
learning reward             : -1412.637
episode length              : 840.6
abstract changes / episode  : 18.3
DFA transitions / episode   : 0.39
DFA transitions in window   : 1->2: 39
epsilons (next episode)      : 1: 0.08000, 2: 0.36077, 3: 1.00000
replay buffer                : 300000 samples [1: 80.3%, 2: 19.7%, 3: 0.0%]
DFA state visits in window   : 1: 63082, 2: 21081, 3: 0
DFA state visits cumulative  : 1: 1509112, 2: 182630, 3: 3
DFA state entries in window  : 1: 100, 2: 39, 3: 0
DFA state entries cumulative : 1: 3700, 2: 1019, 3: 3
transitions cumulative       : 1->2: 1019, 2->3: 3
accepted directly from s0    : 0
Gym endings cumulative       : terminated=3050, truncated=647

[Episode 3800/8000 | last 100]
success rate                : 0.0% (cumulative 0.1%)
synthetic task reward       : 0.000
shaping reward              : -1512.411
learning reward             : -1512.411
episode length              : 563.1
abstract changes / episode  : 18.4
DFA transitions / episode   : 0.28
DFA transitions in window   : 1->2: 28
epsilons (next episode)      : 1: 0.08000, 2: 0.35081, 3: 1.00000
replay buffer                : 300000 samples [1: 84.5%, 2: 15.5%, 3: 0.0%]
DFA state visits in window   : 1: 44426, 2: 11987, 3: 0
DFA state visits cumulative  : 1: 1553538, 2: 194617, 3: 3
DFA state entries in window  : 1: 100, 2: 28, 3: 0
DFA state entries cumulative : 1: 3800, 2: 1047, 3: 3
transitions cumulative       : 1->2: 1047, 2->3: 3
accepted directly from s0    : 0
Gym endings cumulative       : terminated=3124, truncated=673

[Episode 3900/8000 | last 100]
success rate                : 0.0% (cumulative 0.1%)
synthetic task reward       : 0.000
shaping reward              : -1000.296
learning reward             : -1000.296
episode length              : 350.2
abstract changes / episode  : 11.9
DFA transitions / episode   : 0.05
DFA transitions in window   : 1->2: 5
epsilons (next episode)      : 1: 0.08000, 2: 0.34905, 3: 1.00000
replay buffer                : 300000 samples [1: 87.0%, 2: 13.0%, 3: 0.0%]
DFA state visits in window   : 1: 32859, 2: 2264, 3: 0
DFA state visits cumulative  : 1: 1586397, 2: 196881, 3: 3
DFA state entries in window  : 1: 100, 2: 5, 3: 0
DFA state entries cumulative : 1: 3900, 2: 1052, 3: 3
transitions cumulative       : 1->2: 1052, 2->3: 3
accepted directly from s0    : 0
Gym endings cumulative       : terminated=3222, truncated=675

[Episode 4000/8000 | last 100]
success rate                : 3.0% (cumulative 0.1%)
synthetic task reward       : 300.000
shaping reward              : -1474.665
learning reward             : -1174.665
episode length              : 514.3
abstract changes / episode  : 17.3
DFA transitions / episode   : 0.33
DFA transitions in window   : 1->2: 30, 2->3: 3
epsilons (next episode)      : 1: 0.08000, 2: 0.33873, 3: 1.00000
replay buffer                : 300000 samples [1: 83.9%, 2: 16.1%, 3: 0.0%]
DFA state visits in window   : 1: 40540, 2: 10984, 3: 3
DFA state visits cumulative  : 1: 1626937, 2: 207865, 3: 6
DFA state entries in window  : 1: 100, 2: 30, 3: 3
DFA state entries cumulative : 1: 4000, 2: 1082, 3: 6
transitions cumulative       : 1->2: 1082, 2->3: 6
accepted directly from s0    : 0
Gym endings cumulative       : terminated=3304, truncated=690

[Episode 4100/8000 | last 100]
success rate                : 3.0% (cumulative 0.2%)
synthetic task reward       : 300.000
shaping reward              : -1370.827
learning reward             : -1070.827
episode length              : 571.9
abstract changes / episode  : 17.6
DFA transitions / episode   : 0.45
DFA transitions in window   : 1->2: 42, 2->3: 3
epsilons (next episode)      : 1: 0.08000, 2: 0.32479, 3: 1.00000
replay buffer                : 300000 samples [1: 79.7%, 2: 20.3%, 3: 0.0%]
DFA state visits in window   : 1: 43036, 2: 14248, 3: 3
DFA state visits cumulative  : 1: 1669973, 2: 222113, 3: 9
DFA state entries in window  : 1: 100, 2: 42, 3: 3
DFA state entries cumulative : 1: 4100, 2: 1124, 3: 9
transitions cumulative       : 1->2: 1124, 2->3: 9
accepted directly from s0    : 0
Gym endings cumulative       : terminated=3387, truncated=704

[Episode 4200/8000 | last 100]
success rate                : 0.0% (cumulative 0.2%)
synthetic task reward       : 0.000
shaping reward              : -1135.331
learning reward             : -1135.331
episode length              : 480.9
abstract changes / episode  : 12.7
DFA transitions / episode   : 0.16
DFA transitions in window   : 1->2: 16
epsilons (next episode)      : 1: 0.08000, 2: 0.31964, 3: 1.00000
replay buffer                : 300000 samples [1: 79.5%, 2: 20.5%, 3: 0.0%]
DFA state visits in window   : 1: 45742, 2: 2443, 3: 0
DFA state visits cumulative  : 1: 1715715, 2: 224556, 3: 9
DFA state entries in window  : 1: 100, 2: 16, 3: 0
DFA state entries cumulative : 1: 4200, 2: 1140, 3: 9
transitions cumulative       : 1->2: 1140, 2->3: 9
accepted directly from s0    : 0
Gym endings cumulative       : terminated=3479, truncated=712

[Episode 4300/8000 | last 100]
success rate                : 5.0% (cumulative 0.3%)
synthetic task reward       : 500.000
shaping reward              : -1132.153
learning reward             : -632.153
episode length              : 579.2
abstract changes / episode  : 15.3
DFA transitions / episode   : 0.36
DFA transitions in window   : 1->2: 31, 2->3: 5
epsilons (next episode)      : 1: 0.08000, 2: 0.30988, 3: 1.00000
replay buffer                : 300000 samples [1: 84.6%, 2: 15.4%, 3: 0.0%]
DFA state visits in window   : 1: 50941, 2: 7079, 3: 5
DFA state visits cumulative  : 1: 1766656, 2: 231635, 3: 14
DFA state entries in window  : 1: 100, 2: 31, 3: 5
DFA state entries cumulative : 1: 4300, 2: 1171, 3: 14
transitions cumulative       : 1->2: 1171, 2->3: 14
accepted directly from s0    : 0
Gym endings cumulative       : terminated=3564, truncated=722
Best policy updated at episode 4300: mean learning reward=-632.153

[Episode 4400/8000 | last 100]
success rate                : 0.0% (cumulative 0.3%)
synthetic task reward       : 0.000
shaping reward              : -1273.157
learning reward             : -1273.157
episode length              : 444.3
abstract changes / episode  : 14.2
DFA transitions / episode   : 0.17
DFA transitions in window   : 1->2: 17
epsilons (next episode)      : 1: 0.08000, 2: 0.30465, 3: 1.00000
replay buffer                : 300000 samples [1: 87.0%, 2: 13.0%, 3: 0.0%]
DFA state visits in window   : 1: 42895, 2: 1639, 3: 0
DFA state visits cumulative  : 1: 1809551, 2: 233274, 3: 14
DFA state entries in window  : 1: 100, 2: 17, 3: 0
DFA state entries cumulative : 1: 4400, 2: 1188, 3: 14
transitions cumulative       : 1->2: 1188, 2->3: 14
accepted directly from s0    : 0
Gym endings cumulative       : terminated=3664, truncated=722

[Episode 4500/8000 | last 100]
success rate                : 0.0% (cumulative 0.3%)
synthetic task reward       : 0.000
shaping reward              : -1246.580
learning reward             : -1246.580
episode length              : 368.3
abstract changes / episode  : 15.8
DFA transitions / episode   : 0.32
DFA transitions in window   : 1->2: 32
epsilons (next episode)      : 1: 0.08000, 2: 0.29505, 3: 1.00000
replay buffer                : 300000 samples [1: 86.3%, 2: 13.7%, 3: 0.0%]
DFA state visits in window   : 1: 33225, 2: 3701, 3: 0
DFA state visits cumulative  : 1: 1842776, 2: 236975, 3: 14
DFA state entries in window  : 1: 100, 2: 32, 3: 0
DFA state entries cumulative : 1: 4500, 2: 1220, 3: 14
transitions cumulative       : 1->2: 1220, 2->3: 14
accepted directly from s0    : 0
Gym endings cumulative       : terminated=3764, truncated=722

[Episode 4600/8000 | last 100]
success rate                : 4.0% (cumulative 0.4%)
synthetic task reward       : 400.000
shaping reward              : -1341.384
learning reward             : -941.384
episode length              : 421.0
abstract changes / episode  : 17.7
DFA transitions / episode   : 0.47
DFA transitions in window   : 1->2: 43, 2->3: 4
epsilons (next episode)      : 1: 0.08000, 2: 0.28263, 3: 1.00000
replay buffer                : 300000 samples [1: 87.2%, 2: 12.8%, 3: 0.0%]
DFA state visits in window   : 1: 34377, 2: 7819, 3: 4
DFA state visits cumulative  : 1: 1877153, 2: 244794, 3: 18
DFA state entries in window  : 1: 100, 2: 43, 3: 4
DFA state entries cumulative : 1: 4600, 2: 1263, 3: 18
transitions cumulative       : 1->2: 1263, 2->3: 18
accepted directly from s0    : 0
Gym endings cumulative       : terminated=3859, truncated=723

[Episode 4700/8000 | last 100]
success rate                : 7.0% (cumulative 0.5%)
synthetic task reward       : 700.000
shaping reward              : -1527.673
learning reward             : -827.673
episode length              : 420.8
abstract changes / episode  : 18.4
DFA transitions / episode   : 0.47
DFA transitions in window   : 1->2: 40, 2->3: 7
epsilons (next episode)      : 1: 0.08000, 2: 0.27154, 3: 1.00000
replay buffer                : 300000 samples [1: 87.0%, 2: 13.0%, 3: 0.0%]
DFA state visits in window   : 1: 33474, 2: 8697, 3: 7
DFA state visits cumulative  : 1: 1910627, 2: 253491, 3: 25
DFA state entries in window  : 1: 100, 2: 40, 3: 7
DFA state entries cumulative : 1: 4700, 2: 1303, 3: 25
transitions cumulative       : 1->2: 1303, 2->3: 25
accepted directly from s0    : 0
Gym endings cumulative       : terminated=3952, truncated=723

[Episode 4800/8000 | last 100]
success rate                : 12.0% (cumulative 0.8%)
synthetic task reward       : 1200.000
shaping reward              : -1578.710
learning reward             : -378.710
episode length              : 510.5
abstract changes / episode  : 19.9
DFA transitions / episode   : 0.57
DFA transitions in window   : 1->2: 45, 2->3: 12
epsilons (next episode)      : 1: 0.08000, 2: 0.25958, 3: 1.00000
replay buffer                : 300000 samples [1: 87.6%, 2: 12.4%, 3: 0.0%]
DFA state visits in window   : 1: 44482, 2: 6652, 3: 12
DFA state visits cumulative  : 1: 1955109, 2: 260143, 3: 37
DFA state entries in window  : 1: 100, 2: 45, 3: 12
DFA state entries cumulative : 1: 4800, 2: 1348, 3: 37
transitions cumulative       : 1->2: 1348, 2->3: 37
accepted directly from s0    : 0
Gym endings cumulative       : terminated=4031, truncated=732
Best policy updated at episode 4800: mean learning reward=-378.710

[Episode 4900/8000 | last 100]
success rate                : 7.0% (cumulative 0.9%)
synthetic task reward       : 700.000
shaping reward              : -1937.192
learning reward             : -1237.192
episode length              : 462.1
abstract changes / episode  : 20.5
DFA transitions / episode   : 0.28
DFA transitions in window   : 1->2: 21, 2->3: 7
epsilons (next episode)      : 1: 0.08000, 2: 0.25419, 3: 1.00000
replay buffer                : 300000 samples [1: 88.3%, 2: 11.7%, 3: 0.0%]
DFA state visits in window   : 1: 43355, 2: 2946, 3: 7
DFA state visits cumulative  : 1: 1998464, 2: 263089, 3: 44
DFA state entries in window  : 1: 100, 2: 21, 3: 7
DFA state entries cumulative : 1: 4900, 2: 1369, 3: 44
transitions cumulative       : 1->2: 1369, 2->3: 44
accepted directly from s0    : 0
Gym endings cumulative       : terminated=4124, truncated=732

[Episode 5000/8000 | last 100]
success rate                : 2.0% (cumulative 0.9%)
synthetic task reward       : 200.000
shaping reward              : -1416.468
learning reward             : -1216.468
episode length              : 528.4
abstract changes / episode  : 16.8
DFA transitions / episode   : 0.28
DFA transitions in window   : 1->2: 26, 2->3: 2
epsilons (next episode)      : 1: 0.08000, 2: 0.24766, 3: 1.00000
replay buffer                : 300000 samples [1: 88.6%, 2: 11.4%, 3: 0.0%]
DFA state visits in window   : 1: 49318, 2: 3615, 3: 2
DFA state visits cumulative  : 1: 2047782, 2: 266704, 3: 46
DFA state entries in window  : 1: 100, 2: 26, 3: 2
DFA state entries cumulative : 1: 5000, 2: 1395, 3: 46
transitions cumulative       : 1->2: 1395, 2->3: 46
accepted directly from s0    : 0
Gym endings cumulative       : terminated=4199, truncated=755

[Episode 5100/8000 | last 100]
success rate                : 0.0% (cumulative 0.9%)
synthetic task reward       : 0.000
shaping reward              : -835.592
learning reward             : -835.592
episode length              : 291.6
abstract changes / episode  : 8.6
DFA transitions / episode   : 0.07
DFA transitions in window   : 1->2: 7
epsilons (next episode)      : 1: 0.08000, 2: 0.24593, 3: 1.00000
replay buffer                : 300000 samples [1: 88.8%, 2: 11.2%, 3: 0.0%]
DFA state visits in window   : 1: 28954, 2: 310, 3: 0
DFA state visits cumulative  : 1: 2076736, 2: 267014, 3: 46
DFA state entries in window  : 1: 100, 2: 7, 3: 0
DFA state entries cumulative : 1: 5100, 2: 1402, 3: 46
transitions cumulative       : 1->2: 1402, 2->3: 46
accepted directly from s0    : 0
Gym endings cumulative       : terminated=4298, truncated=756

[Episode 5200/8000 | last 100]
success rate                : 1.0% (cumulative 0.9%)
synthetic task reward       : 100.000
shaping reward              : -1147.351
learning reward             : -1047.351
episode length              : 364.0
abstract changes / episode  : 12.8
DFA transitions / episode   : 0.16
DFA transitions in window   : 1->2: 15, 2->3: 1
epsilons (next episode)      : 1: 0.08000, 2: 0.24227, 3: 1.00000
replay buffer                : 300000 samples [1: 89.4%, 2: 10.6%, 3: 0.0%]
DFA state visits in window   : 1: 34775, 2: 1724, 3: 1
DFA state visits cumulative  : 1: 2111511, 2: 268738, 3: 47
DFA state entries in window  : 1: 100, 2: 15, 3: 1
DFA state entries cumulative : 1: 5200, 2: 1417, 3: 47
transitions cumulative       : 1->2: 1417, 2->3: 47
accepted directly from s0    : 0
Gym endings cumulative       : terminated=4396, truncated=757

[Episode 5300/8000 | last 100]
success rate                : 6.0% (cumulative 1.0%)
synthetic task reward       : 600.000
shaping reward              : -1274.733
learning reward             : -674.733
episode length              : 420.9
abstract changes / episode  : 14.8
DFA transitions / episode   : 0.21
DFA transitions in window   : 1->2: 15, 2->3: 6
epsilons (next episode)      : 1: 0.08000, 2: 0.23866, 3: 1.00000
replay buffer                : 300000 samples [1: 91.2%, 2: 8.8%, 3: 0.0%]
DFA state visits in window   : 1: 39804, 2: 2379, 3: 6
DFA state visits cumulative  : 1: 2151315, 2: 271117, 3: 53
DFA state entries in window  : 1: 100, 2: 15, 3: 6
DFA state entries cumulative : 1: 5300, 2: 1432, 3: 53
transitions cumulative       : 1->2: 1432, 2->3: 53
accepted directly from s0    : 0
Gym endings cumulative       : terminated=4486, truncated=761

[Episode 5400/8000 | last 100]
success rate                : 4.0% (cumulative 1.1%)
synthetic task reward       : 400.000
shaping reward              : -1378.360
learning reward             : -978.360
episode length              : 303.4
abstract changes / episode  : 16.0
DFA transitions / episode   : 0.32
DFA transitions in window   : 1->2: 28, 2->3: 4
epsilons (next episode)      : 1: 0.08000, 2: 0.23207, 3: 1.00000
replay buffer                : 300000 samples [1: 92.1%, 2: 7.9%, 3: 0.0%]
DFA state visits in window   : 1: 26962, 2: 3479, 3: 4
DFA state visits cumulative  : 1: 2178277, 2: 274596, 3: 57
DFA state entries in window  : 1: 100, 2: 28, 3: 4
DFA state entries cumulative : 1: 5400, 2: 1460, 3: 57
transitions cumulative       : 1->2: 1460, 2->3: 57
accepted directly from s0    : 0
Gym endings cumulative       : terminated=4580, truncated=763

[Episode 5500/8000 | last 100]
success rate                : 2.0% (cumulative 1.1%)
synthetic task reward       : 200.000
shaping reward              : -1452.588
learning reward             : -1252.588
episode length              : 327.8
abstract changes / episode  : 15.7
DFA transitions / episode   : 0.30
DFA transitions in window   : 1->2: 28, 2->3: 2
epsilons (next episode)      : 1: 0.08000, 2: 0.22566, 3: 1.00000
replay buffer                : 300000 samples [1: 92.7%, 2: 7.3%, 3: 0.0%]
DFA state visits in window   : 1: 28469, 2: 4412, 3: 2
DFA state visits cumulative  : 1: 2206746, 2: 279008, 3: 59
DFA state entries in window  : 1: 100, 2: 28, 3: 2
DFA state entries cumulative : 1: 5500, 2: 1488, 3: 59
transitions cumulative       : 1->2: 1488, 2->3: 59
accepted directly from s0    : 0
Gym endings cumulative       : terminated=4675, truncated=766

[Episode 5600/8000 | last 100]
success rate                : 7.0% (cumulative 1.2%)
synthetic task reward       : 700.000
shaping reward              : -1307.367
learning reward             : -607.367
episode length              : 348.2
abstract changes / episode  : 16.6
DFA transitions / episode   : 0.48
DFA transitions in window   : 1->2: 41, 2->3: 7
epsilons (next episode)      : 1: 0.08000, 2: 0.21659, 3: 1.00000
replay buffer                : 300000 samples [1: 91.8%, 2: 8.2%, 3: 0.0%]
DFA state visits in window   : 1: 28497, 2: 6416, 3: 7
DFA state visits cumulative  : 1: 2235243, 2: 285424, 3: 66
DFA state entries in window  : 1: 100, 2: 41, 3: 7
DFA state entries cumulative : 1: 5600, 2: 1529, 3: 66
transitions cumulative       : 1->2: 1529, 2->3: 66
accepted directly from s0    : 0
Gym endings cumulative       : terminated=4766, truncated=768

[Episode 5700/8000 | last 100]
success rate                : 20.0% (cumulative 1.5%)
synthetic task reward       : 2000.000
shaping reward              : -1353.404
learning reward             : 646.596
episode length              : 364.2
abstract changes / episode  : 19.4
DFA transitions / episode   : 0.76
DFA transitions in window   : 1->2: 56, 2->3: 20
epsilons (next episode)      : 1: 0.08000, 2: 0.20479, 3: 1.00000
replay buffer                : 300000 samples [1: 90.1%, 2: 9.9%, 3: 0.0%]
DFA state visits in window   : 1: 29458, 2: 7046, 3: 20
DFA state visits cumulative  : 1: 2264701, 2: 292470, 3: 86
DFA state entries in window  : 1: 100, 2: 56, 3: 20
DFA state entries cumulative : 1: 5700, 2: 1585, 3: 86
transitions cumulative       : 1->2: 1585, 2->3: 86
accepted directly from s0    : 0
Gym endings cumulative       : terminated=4841, truncated=773
Best policy updated at episode 5700: mean learning reward=646.596

[Episode 5800/8000 | last 100]
success rate                : 10.0% (cumulative 1.7%)
synthetic task reward       : 1000.000
shaping reward              : -1328.777
learning reward             : -328.777
episode length              : 395.6
abstract changes / episode  : 18.2
DFA transitions / episode   : 0.63
DFA transitions in window   : 1->2: 53, 2->3: 10
epsilons (next episode)      : 1: 0.08000, 2: 0.19421, 3: 1.00000
replay buffer                : 300000 samples [1: 88.8%, 2: 11.2%, 3: 0.0%]
DFA state visits in window   : 1: 32289, 2: 7360, 3: 10
DFA state visits cumulative  : 1: 2296990, 2: 299830, 3: 96
DFA state entries in window  : 1: 100, 2: 53, 3: 10
DFA state entries cumulative : 1: 5800, 2: 1638, 3: 96
transitions cumulative       : 1->2: 1638, 2->3: 96
accepted directly from s0    : 0
Gym endings cumulative       : terminated=4928, truncated=776

[Episode 5900/8000 | last 100]
success rate                : 6.0% (cumulative 1.7%)
synthetic task reward       : 600.000
shaping reward              : -1383.178
learning reward             : -783.178
episode length              : 284.5
abstract changes / episode  : 15.5
DFA transitions / episode   : 0.27
DFA transitions in window   : 1->2: 21, 2->3: 6
epsilons (next episode)      : 1: 0.08000, 2: 0.19017, 3: 1.00000
replay buffer                : 300000 samples [1: 88.2%, 2: 11.8%, 3: 0.0%]
DFA state visits in window   : 1: 25711, 2: 2830, 3: 6
DFA state visits cumulative  : 1: 2322701, 2: 302660, 3: 102
DFA state entries in window  : 1: 100, 2: 21, 3: 6
DFA state entries cumulative : 1: 5900, 2: 1659, 3: 102
transitions cumulative       : 1->2: 1659, 2->3: 102
accepted directly from s0    : 0
Gym endings cumulative       : terminated=5022, truncated=776

[Episode 6000/8000 | last 100]
success rate                : 7.0% (cumulative 1.8%)
synthetic task reward       : 700.000
shaping reward              : -1405.049
learning reward             : -705.049
episode length              : 292.7
abstract changes / episode  : 16.8
DFA transitions / episode   : 0.40
DFA transitions in window   : 1->2: 33, 2->3: 7
epsilons (next episode)      : 1: 0.08000, 2: 0.18400, 3: 1.00000
replay buffer                : 300000 samples [1: 86.9%, 2: 13.1%, 3: 0.0%]
DFA state visits in window   : 1: 24821, 2: 4543, 3: 7
DFA state visits cumulative  : 1: 2347522, 2: 307203, 3: 109
DFA state entries in window  : 1: 100, 2: 33, 3: 7
DFA state entries cumulative : 1: 6000, 2: 1692, 3: 109
transitions cumulative       : 1->2: 1692, 2->3: 109
accepted directly from s0    : 0
Gym endings cumulative       : terminated=5111, truncated=780

[Episode 6100/8000 | last 100]
success rate                : 27.0% (cumulative 2.2%)
synthetic task reward       : 2700.000
shaping reward              : -1513.794
learning reward             : 1186.206
episode length              : 346.2
abstract changes / episode  : 20.2
DFA transitions / episode   : 0.81
DFA transitions in window   : 1->2: 54, 2->3: 27
epsilons (next episode)      : 1: 0.08000, 2: 0.17432, 3: 1.00000
replay buffer                : 300000 samples [1: 85.0%, 2: 15.0%, 3: 0.0%]
DFA state visits in window   : 1: 27556, 2: 7137, 3: 27
DFA state visits cumulative  : 1: 2375078, 2: 314340, 3: 136
DFA state entries in window  : 1: 100, 2: 54, 3: 27
DFA state entries cumulative : 1: 6100, 2: 1746, 3: 136
transitions cumulative       : 1->2: 1746, 2->3: 136
accepted directly from s0    : 0
Gym endings cumulative       : terminated=5184, truncated=780
Best policy updated at episode 6100: mean learning reward=1186.206

[Episode 6200/8000 | last 100]
success rate                : 17.0% (cumulative 2.5%)
synthetic task reward       : 1700.000
shaping reward              : -1415.827
learning reward             : 284.173
episode length              : 309.6
abstract changes / episode  : 17.4
DFA transitions / episode   : 0.63
DFA transitions in window   : 1->2: 46, 2->3: 17
epsilons (next episode)      : 1: 0.08000, 2: 0.16648, 3: 1.00000
replay buffer                : 300000 samples [1: 84.0%, 2: 16.0%, 3: 0.0%]
DFA state visits in window   : 1: 26024, 2: 5020, 3: 17
DFA state visits cumulative  : 1: 2401102, 2: 319360, 3: 153
DFA state entries in window  : 1: 100, 2: 46, 3: 17
DFA state entries cumulative : 1: 6200, 2: 1792, 3: 153
transitions cumulative       : 1->2: 1792, 2->3: 153
accepted directly from s0    : 0
Gym endings cumulative       : terminated=5266, truncated=781

[Episode 6300/8000 | last 100]
success rate                : 7.0% (cumulative 2.5%)
synthetic task reward       : 700.000
shaping reward              : -1412.428
learning reward             : -712.428
episode length              : 234.4
abstract changes / episode  : 14.8
DFA transitions / episode   : 0.22
DFA transitions in window   : 1->2: 15, 2->3: 7
epsilons (next episode)      : 1: 0.08000, 2: 0.16400, 3: 1.00000
replay buffer                : 300000 samples [1: 84.4%, 2: 15.6%, 3: 0.0%]
DFA state visits in window   : 1: 22036, 2: 1501, 3: 7
DFA state visits cumulative  : 1: 2423138, 2: 320861, 3: 160
DFA state entries in window  : 1: 100, 2: 15, 3: 7
DFA state entries cumulative : 1: 6300, 2: 1807, 3: 160
transitions cumulative       : 1->2: 1807, 2->3: 160
accepted directly from s0    : 0
Gym endings cumulative       : terminated=5358, truncated=782

[Episode 6400/8000 | last 100]
success rate                : 11.0% (cumulative 2.7%)
synthetic task reward       : 1100.000
shaping reward              : -1075.607
learning reward             : 24.393
episode length              : 209.7
abstract changes / episode  : 12.3
DFA transitions / episode   : 0.36
DFA transitions in window   : 1->2: 25, 2->3: 11
epsilons (next episode)      : 1: 0.08000, 2: 0.15995, 3: 1.00000
replay buffer                : 300000 samples [1: 84.0%, 2: 16.0%, 3: 0.0%]
DFA state visits in window   : 1: 18139, 2: 2916, 3: 11
DFA state visits cumulative  : 1: 2441277, 2: 323777, 3: 171
DFA state entries in window  : 1: 100, 2: 25, 3: 11
DFA state entries cumulative : 1: 6400, 2: 1832, 3: 171
transitions cumulative       : 1->2: 1832, 2->3: 171
accepted directly from s0    : 0
Gym endings cumulative       : terminated=5447, truncated=782

[Episode 6500/8000 | last 100]
success rate                : 7.0% (cumulative 2.7%)
synthetic task reward       : 700.000
shaping reward              : -1179.720
learning reward             : -479.720
episode length              : 271.4
abstract changes / episode  : 13.8
DFA transitions / episode   : 0.24
DFA transitions in window   : 1->2: 17, 2->3: 7
epsilons (next episode)      : 1: 0.08000, 2: 0.15725, 3: 1.00000
replay buffer                : 300000 samples [1: 84.7%, 2: 15.3%, 3: 0.0%]
DFA state visits in window   : 1: 25291, 2: 1942, 3: 7
DFA state visits cumulative  : 1: 2466568, 2: 325719, 3: 178
DFA state entries in window  : 1: 100, 2: 17, 3: 7
DFA state entries cumulative : 1: 6500, 2: 1849, 3: 178
transitions cumulative       : 1->2: 1849, 2->3: 178
accepted directly from s0    : 0
Gym endings cumulative       : terminated=5540, truncated=782

[Episode 6600/8000 | last 100]
success rate                : 19.0% (cumulative 3.0%)
synthetic task reward       : 1900.000
shaping reward              : -1501.132
learning reward             : 398.868
episode length              : 334.2
abstract changes / episode  : 19.8
DFA transitions / episode   : 0.71
DFA transitions in window   : 1->2: 52, 2->3: 19
epsilons (next episode)      : 1: 0.08000, 2: 0.14928, 3: 1.00000
replay buffer                : 300000 samples [1: 84.9%, 2: 15.1%, 3: 0.0%]
DFA state visits in window   : 1: 27528, 2: 5974, 3: 19
DFA state visits cumulative  : 1: 2494096, 2: 331693, 3: 197
DFA state entries in window  : 1: 100, 2: 52, 3: 19
DFA state entries cumulative : 1: 6600, 2: 1901, 3: 197
transitions cumulative       : 1->2: 1901, 2->3: 197
accepted directly from s0    : 0
Gym endings cumulative       : terminated=5619, truncated=784

[Episode 6700/8000 | last 100]
success rate                : 18.0% (cumulative 3.2%)
synthetic task reward       : 1800.000
shaping reward              : -1302.316
learning reward             : 497.684
episode length              : 234.3
abstract changes / episode  : 15.6
DFA transitions / episode   : 0.44
DFA transitions in window   : 1->2: 26, 2->3: 18
epsilons (next episode)      : 1: 0.08000, 2: 0.14544, 3: 1.00000
replay buffer                : 300000 samples [1: 85.2%, 2: 14.8%, 3: 0.0%]
DFA state visits in window   : 1: 20673, 2: 2838, 3: 18
DFA state visits cumulative  : 1: 2514769, 2: 334531, 3: 215
DFA state entries in window  : 1: 100, 2: 26, 3: 18
DFA state entries cumulative : 1: 6700, 2: 1927, 3: 215
transitions cumulative       : 1->2: 1927, 2->3: 215
accepted directly from s0    : 0
Gym endings cumulative       : terminated=5701, truncated=784

[Episode 6800/8000 | last 100]
success rate                : 11.0% (cumulative 3.3%)
synthetic task reward       : 1100.000
shaping reward              : -1186.071
learning reward             : -86.071
episode length              : 254.0
abstract changes / episode  : 15.2
DFA transitions / episode   : 0.33
DFA transitions in window   : 1->2: 22, 2->3: 11
epsilons (next episode)      : 1: 0.08000, 2: 0.14228, 3: 1.00000
replay buffer                : 300000 samples [1: 86.4%, 2: 13.6%, 3: 0.0%]
DFA state visits in window   : 1: 22888, 2: 2604, 3: 11
DFA state visits cumulative  : 1: 2537657, 2: 337135, 3: 226
DFA state entries in window  : 1: 100, 2: 22, 3: 11
DFA state entries cumulative : 1: 6800, 2: 1949, 3: 226
transitions cumulative       : 1->2: 1949, 2->3: 226
accepted directly from s0    : 0
Gym endings cumulative       : terminated=5790, truncated=784

[Episode 6900/8000 | last 100]
success rate                : 26.0% (cumulative 3.7%)
synthetic task reward       : 2600.000
shaping reward              : -1296.971
learning reward             : 1303.029
episode length              : 271.1
abstract changes / episode  : 16.6
DFA transitions / episode   : 0.66
DFA transitions in window   : 1->2: 40, 2->3: 26
epsilons (next episode)      : 1: 0.08000, 2: 0.13670, 3: 1.00000
replay buffer                : 300000 samples [1: 86.2%, 2: 13.8%, 3: 0.0%]
DFA state visits in window   : 1: 22732, 2: 4455, 3: 26
DFA state visits cumulative  : 1: 2560389, 2: 341590, 3: 252
DFA state entries in window  : 1: 100, 2: 40, 3: 26
DFA state entries cumulative : 1: 6900, 2: 1989, 3: 252
transitions cumulative       : 1->2: 1989, 2->3: 252
accepted directly from s0    : 0
Gym endings cumulative       : terminated=5863, truncated=785
Best policy updated at episode 6900: mean learning reward=1303.029

[Episode 7000/8000 | last 100]
success rate                : 6.0% (cumulative 3.7%)
synthetic task reward       : 600.000
shaping reward              : -1361.112
learning reward             : -761.112
episode length              : 228.3
abstract changes / episode  : 14.2
DFA transitions / episode   : 0.24
DFA transitions in window   : 1->2: 18, 2->3: 6
epsilons (next episode)      : 1: 0.08000, 2: 0.13426, 3: 1.00000
replay buffer                : 300000 samples [1: 86.6%, 2: 13.4%, 3: 0.0%]
DFA state visits in window   : 1: 21392, 2: 1534, 3: 6
DFA state visits cumulative  : 1: 2581781, 2: 343124, 3: 258
DFA state entries in window  : 1: 100, 2: 18, 3: 6
DFA state entries cumulative : 1: 7000, 2: 2007, 3: 258
transitions cumulative       : 1->2: 2007, 2->3: 258
accepted directly from s0    : 0
Gym endings cumulative       : terminated=5957, truncated=785

[Episode 7100/8000 | last 100]
success rate                : 19.0% (cumulative 3.9%)
synthetic task reward       : 1900.000
shaping reward              : -1095.433
learning reward             : 804.567
episode length              : 226.6
abstract changes / episode  : 12.3
DFA transitions / episode   : 0.48
DFA transitions in window   : 1->2: 29, 2->3: 19
epsilons (next episode)      : 1: 0.08000, 2: 0.13042, 3: 1.00000
replay buffer                : 300000 samples [1: 86.7%, 2: 13.3%, 3: 0.0%]
DFA state visits in window   : 1: 19437, 2: 3301, 3: 19
DFA state visits cumulative  : 1: 2601218, 2: 346425, 3: 277
DFA state entries in window  : 1: 100, 2: 29, 3: 19
DFA state entries cumulative : 1: 7100, 2: 2036, 3: 277
transitions cumulative       : 1->2: 2036, 2->3: 277
accepted directly from s0    : 0
Gym endings cumulative       : terminated=6038, truncated=785

[Episode 7200/8000 | last 100]
success rate                : 29.0% (cumulative 4.2%)
synthetic task reward       : 2900.000
shaping reward              : -1240.365
learning reward             : 1659.635
episode length              : 278.4
abstract changes / episode  : 15.4
DFA transitions / episode   : 0.68
DFA transitions in window   : 1->2: 39, 2->3: 29
epsilons (next episode)      : 1: 0.08000, 2: 0.12543, 3: 1.00000
replay buffer                : 300000 samples [1: 86.5%, 2: 13.5%, 3: 0.0%]
DFA state visits in window   : 1: 22923, 2: 4990, 3: 29
DFA state visits cumulative  : 1: 2624141, 2: 351415, 3: 306
DFA state entries in window  : 1: 100, 2: 39, 3: 29
DFA state entries cumulative : 1: 7200, 2: 2075, 3: 306
transitions cumulative       : 1->2: 2075, 2->3: 306
accepted directly from s0    : 0
Gym endings cumulative       : terminated=6109, truncated=785
Best policy updated at episode 7200: mean learning reward=1659.635

[Episode 7300/8000 | last 100]
success rate                : 21.0% (cumulative 4.5%)
synthetic task reward       : 2100.000
shaping reward              : -1510.172
learning reward             : 589.828
episode length              : 271.7
abstract changes / episode  : 18.5
DFA transitions / episode   : 0.74
DFA transitions in window   : 1->2: 53, 2->3: 21
epsilons (next episode)      : 1: 0.08000, 2: 0.11895, 3: 1.00000
replay buffer                : 300000 samples [1: 86.0%, 2: 14.0%, 3: 0.0%]
DFA state visits in window   : 1: 20104, 2: 7149, 3: 21
DFA state visits cumulative  : 1: 2644245, 2: 358564, 3: 327
DFA state entries in window  : 1: 100, 2: 53, 3: 21
DFA state entries cumulative : 1: 7300, 2: 2128, 3: 327
transitions cumulative       : 1->2: 2128, 2->3: 327
accepted directly from s0    : 0
Gym endings cumulative       : terminated=6188, truncated=785

[Episode 7400/8000 | last 100]
success rate                : 12.0% (cumulative 4.6%)
synthetic task reward       : 1200.000
shaping reward              : -1451.401
learning reward             : -251.401
episode length              : 264.0
abstract changes / episode  : 17.5
DFA transitions / episode   : 0.49
DFA transitions in window   : 1->2: 37, 2->3: 12
epsilons (next episode)      : 1: 0.08000, 2: 0.11463, 3: 1.00000
replay buffer                : 300000 samples [1: 85.8%, 2: 14.2%, 3: 0.0%]
DFA state visits in window   : 1: 22048, 2: 4437, 3: 12
DFA state visits cumulative  : 1: 2666293, 2: 363001, 3: 339
DFA state entries in window  : 1: 100, 2: 37, 3: 12
DFA state entries cumulative : 1: 7400, 2: 2165, 3: 339
transitions cumulative       : 1->2: 2165, 2->3: 339
accepted directly from s0    : 0
Gym endings cumulative       : terminated=6276, truncated=785

[Episode 7500/8000 | last 100]
success rate                : 5.0% (cumulative 4.6%)
synthetic task reward       : 500.000
shaping reward              : -1298.252
learning reward             : -798.252
episode length              : 217.5
abstract changes / episode  : 14.4
DFA transitions / episode   : 0.31
DFA transitions in window   : 1->2: 26, 2->3: 5
epsilons (next episode)      : 1: 0.08000, 2: 0.11168, 3: 1.00000
replay buffer                : 300000 samples [1: 85.5%, 2: 14.5%, 3: 0.0%]
DFA state visits in window   : 1: 18912, 2: 2930, 3: 5
DFA state visits cumulative  : 1: 2685205, 2: 365931, 3: 344
DFA state entries in window  : 1: 100, 2: 26, 3: 5
DFA state entries cumulative : 1: 7500, 2: 2191, 3: 344
transitions cumulative       : 1->2: 2191, 2->3: 344
accepted directly from s0    : 0
Gym endings cumulative       : terminated=6371, truncated=785

[Episode 7600/8000 | last 100]
success rate                : 13.0% (cumulative 4.7%)
synthetic task reward       : 1300.000
shaping reward              : -1453.021
learning reward             : -153.021
episode length              : 268.5
abstract changes / episode  : 17.8
DFA transitions / episode   : 0.47
DFA transitions in window   : 1->2: 34, 2->3: 13
epsilons (next episode)      : 1: 0.08000, 2: 0.10795, 3: 1.00000
replay buffer                : 300000 samples [1: 84.5%, 2: 15.5%, 3: 0.0%]
DFA state visits in window   : 1: 21733, 2: 5202, 3: 13
DFA state visits cumulative  : 1: 2706938, 2: 371133, 3: 357
DFA state entries in window  : 1: 100, 2: 34, 3: 13
DFA state entries cumulative : 1: 7600, 2: 2225, 3: 357
transitions cumulative       : 1->2: 2225, 2->3: 357
accepted directly from s0    : 0
Gym endings cumulative       : terminated=6458, truncated=785

[Episode 7700/8000 | last 100]
success rate                : 5.0% (cumulative 4.7%)
synthetic task reward       : 500.000
shaping reward              : -1851.114
learning reward             : -1351.114
episode length              : 271.6
abstract changes / episode  : 21.4
DFA transitions / episode   : 0.64
DFA transitions in window   : 1->2: 59, 2->3: 5
epsilons (next episode)      : 1: 0.08000, 2: 0.10176, 3: 1.00000
replay buffer                : 300000 samples [1: 82.8%, 2: 17.2%, 3: 0.0%]
DFA state visits in window   : 1: 19655, 2: 7604, 3: 5
DFA state visits cumulative  : 1: 2726593, 2: 378737, 3: 362
DFA state entries in window  : 1: 100, 2: 59, 3: 5
DFA state entries cumulative : 1: 7700, 2: 2284, 3: 362
transitions cumulative       : 1->2: 2284, 2->3: 362
accepted directly from s0    : 0
Gym endings cumulative       : terminated=6553, truncated=785

[Episode 7800/8000 | last 100]
success rate                : 20.0% (cumulative 4.9%)
synthetic task reward       : 2000.000
shaping reward              : -1656.795
learning reward             : 343.205
episode length              : 297.3
abstract changes / episode  : 20.0
DFA transitions / episode   : 0.75
DFA transitions in window   : 1->2: 55, 2->3: 20
epsilons (next episode)      : 1: 0.08000, 2: 0.09631, 3: 1.00000
replay buffer                : 300000 samples [1: 82.6%, 2: 17.4%, 3: 0.0%]
DFA state visits in window   : 1: 22952, 2: 6859, 3: 20
DFA state visits cumulative  : 1: 2749545, 2: 385596, 3: 382
DFA state entries in window  : 1: 100, 2: 55, 3: 20
DFA state entries cumulative : 1: 7800, 2: 2339, 3: 382
transitions cumulative       : 1->2: 2339, 2->3: 382
accepted directly from s0    : 0
Gym endings cumulative       : terminated=6632, truncated=786

[Episode 7900/8000 | last 100]
success rate                : 9.0% (cumulative 4.9%)
synthetic task reward       : 900.000
shaping reward              : -1454.211
learning reward             : -554.211
episode length              : 238.1
abstract changes / episode  : 15.4
DFA transitions / episode   : 0.37
DFA transitions in window   : 1->2: 28, 2->3: 9
epsilons (next episode)      : 1: 0.08000, 2: 0.09365, 3: 1.00000
replay buffer                : 300000 samples [1: 82.2%, 2: 17.8%, 3: 0.0%]
DFA state visits in window   : 1: 20472, 2: 3429, 3: 9
DFA state visits cumulative  : 1: 2770017, 2: 389025, 3: 391
DFA state entries in window  : 1: 100, 2: 28, 3: 9
DFA state entries cumulative : 1: 7900, 2: 2367, 3: 391
transitions cumulative       : 1->2: 2367, 2->3: 391
accepted directly from s0    : 0
Gym endings cumulative       : terminated=6723, truncated=786

[Episode 8000/8000 | last 100]
success rate                : 19.0% (cumulative 5.1%)
synthetic task reward       : 1900.000
shaping reward              : -1104.755
learning reward             : 795.245
episode length              : 226.3
abstract changes / episode  : 13.9
DFA transitions / episode   : 0.47
DFA transitions in window   : 1->2: 28, 2->3: 19
epsilons (next episode)      : 1: 0.08000, 2: 0.09106, 3: 1.00000
replay buffer                : 300000 samples [1: 82.1%, 2: 17.9%, 3: 0.0%]
DFA state visits in window   : 1: 19665, 2: 3045, 3: 19
DFA state visits cumulative  : 1: 2789682, 2: 392070, 3: 410
DFA state entries in window  : 1: 100, 2: 28, 3: 19
DFA state entries cumulative : 1: 8000, 2: 2395, 3: 410
transitions cumulative       : 1->2: 2395, 2->3: 410
accepted directly from s0    : 0
Gym endings cumulative       : terminated=6804, truncated=786
Last policy saved after episode 8000. Best policy: episode 7200, mean learning reward=1659.635
