
=== NEW MULTI-EPSILON RUN ===
episodes=8000, shaping=True, K=1.0, goal_reward=10000.0, gamma=0.99
training_shaping_gamma=True, shaping_formula=K*(gamma*Phi(next)-Phi(state))
network=Classic DDQN, output_heads=1
epsilon_strategy=visited
epsilon_min=0.08, epsilon_unlock_threshold=0.081
inter_level_shaping=False, inter_level_K=0.0
formula=F(wp1 & X(F(g1)))
waypoints={'wp1': (1, 8), 'g1': (8, 8)}
dfa_states=[1, 2, 3], pre_trace=1, accepting=[3]

[Episode 1/8000 | last 1]
success rate                : 0.0% (cumulative 0.0%)
synthetic task reward       : 0.000
shaping reward              : -1562.075
learning reward             : -1562.075
episode length              : 103.0
abstract changes / episode  : 14.0
DFA transitions / episode   : 0.00
DFA transitions in window   : none
epsilons (next episode)      : 1: 0.99900, 2: 1.00000, 3: 1.00000
replay buffer                : 103 samples [1: 100.0%, 2: 0.0%, 3: 0.0%]
DFA state visits in window   : 1: 104, 2: 0, 3: 0
DFA state visits cumulative  : 1: 104, 2: 0, 3: 0
DFA state entries in window  : 1: 1, 2: 0, 3: 0
DFA state entries cumulative : 1: 1, 2: 0, 3: 0
transitions cumulative       : none
accepted directly from s0    : 0
Gym endings cumulative       : terminated=1, truncated=0
Best policy updated at episode 1: mean learning reward=-1562.075

[Episode 100/8000 | last 100]
success rate                : 0.0% (cumulative 0.0%)
synthetic task reward       : 0.000
shaping reward              : -1419.223
learning reward             : -1419.223
episode length              : 96.6
abstract changes / episode  : 12.7
DFA transitions / episode   : 0.04
DFA transitions in window   : 1->2: 4
epsilons (next episode)      : 1: 0.90479, 2: 0.99601, 3: 1.00000
replay buffer                : 9662 samples [1: 99.1%, 2: 0.9%, 3: 0.0%]
DFA state visits in window   : 1: 9673, 2: 89, 3: 0
DFA state visits cumulative  : 1: 9673, 2: 89, 3: 0
DFA state entries in window  : 1: 100, 2: 4, 3: 0
DFA state entries cumulative : 1: 100, 2: 4, 3: 0
transitions cumulative       : 1->2: 4
accepted directly from s0    : 0
Gym endings cumulative       : terminated=100, truncated=0
Best policy updated at episode 100: mean learning reward=-1419.223

[Episode 200/8000 | last 100]
success rate                : 0.0% (cumulative 0.0%)
synthetic task reward       : 0.000
shaping reward              : -1387.482
learning reward             : -1387.482
episode length              : 102.2
abstract changes / episode  : 12.6
DFA transitions / episode   : 0.06
DFA transitions in window   : 1->2: 6
epsilons (next episode)      : 1: 0.81865, 2: 0.99004, 3: 1.00000
replay buffer                : 19887 samples [1: 98.8%, 2: 1.2%, 3: 0.0%]
DFA state visits in window   : 1: 10165, 2: 160, 3: 0
DFA state visits cumulative  : 1: 19838, 2: 249, 3: 0
DFA state entries in window  : 1: 100, 2: 6, 3: 0
DFA state entries cumulative : 1: 200, 2: 10, 3: 0
transitions cumulative       : 1->2: 10
accepted directly from s0    : 0
Gym endings cumulative       : terminated=200, truncated=0
Best policy updated at episode 200: mean learning reward=-1387.482

[Episode 300/8000 | last 100]
success rate                : 0.0% (cumulative 0.0%)
synthetic task reward       : 0.000
shaping reward              : -1448.241
learning reward             : -1448.241
episode length              : 112.6
abstract changes / episode  : 13.3
DFA transitions / episode   : 0.05
DFA transitions in window   : 1->2: 5
epsilons (next episode)      : 1: 0.74071, 2: 0.98510, 3: 1.00000
replay buffer                : 31149 samples [1: 98.7%, 2: 1.3%, 3: 0.0%]
DFA state visits in window   : 1: 11193, 2: 169, 3: 0
DFA state visits cumulative  : 1: 31031, 2: 418, 3: 0
DFA state entries in window  : 1: 100, 2: 5, 3: 0
DFA state entries cumulative : 1: 300, 2: 15, 3: 0
transitions cumulative       : 1->2: 15
accepted directly from s0    : 0
Gym endings cumulative       : terminated=300, truncated=0

[Episode 400/8000 | last 100]
success rate                : 0.0% (cumulative 0.0%)
synthetic task reward       : 0.000
shaping reward              : -1297.363
learning reward             : -1297.363
episode length              : 119.0
abstract changes / episode  : 12.4
DFA transitions / episode   : 0.06
DFA transitions in window   : 1->2: 6
epsilons (next episode)      : 1: 0.67019, 2: 0.97921, 3: 1.00000
replay buffer                : 43051 samples [1: 98.7%, 2: 1.3%, 3: 0.0%]
DFA state visits in window   : 1: 11826, 2: 176, 3: 0
DFA state visits cumulative  : 1: 42857, 2: 594, 3: 0
DFA state entries in window  : 1: 100, 2: 6, 3: 0
DFA state entries cumulative : 1: 400, 2: 21, 3: 0
transitions cumulative       : 1->2: 21
accepted directly from s0    : 0
Gym endings cumulative       : terminated=400, truncated=0
Best policy updated at episode 400: mean learning reward=-1297.363

[Episode 500/8000 | last 100]
success rate                : 0.0% (cumulative 0.0%)
synthetic task reward       : 0.000
shaping reward              : -1369.079
learning reward             : -1369.079
episode length              : 146.7
abstract changes / episode  : 13.1
DFA transitions / episode   : 0.09
DFA transitions in window   : 1->2: 9
epsilons (next episode)      : 1: 0.60638, 2: 0.97043, 3: 1.00000
replay buffer                : 57725 samples [1: 98.4%, 2: 1.6%, 3: 0.0%]
DFA state visits in window   : 1: 14397, 2: 377, 3: 0
DFA state visits cumulative  : 1: 57254, 2: 971, 3: 0
DFA state entries in window  : 1: 100, 2: 9, 3: 0
DFA state entries cumulative : 1: 500, 2: 30, 3: 0
transitions cumulative       : 1->2: 30
accepted directly from s0    : 0
Gym endings cumulative       : terminated=500, truncated=0

[Episode 600/8000 | last 100]
success rate                : 0.0% (cumulative 0.0%)
synthetic task reward       : 0.000
shaping reward              : -1352.258
learning reward             : -1352.258
episode length              : 176.1
abstract changes / episode  : 13.2
DFA transitions / episode   : 0.12
DFA transitions in window   : 1->2: 12
epsilons (next episode)      : 1: 0.54865, 2: 0.95885, 3: 1.00000
replay buffer                : 75335 samples [1: 98.3%, 2: 1.7%, 3: 0.0%]
DFA state visits in window   : 1: 17343, 2: 367, 3: 0
DFA state visits cumulative  : 1: 74597, 2: 1338, 3: 0
DFA state entries in window  : 1: 100, 2: 12, 3: 0
DFA state entries cumulative : 1: 600, 2: 42, 3: 0
transitions cumulative       : 1->2: 42
accepted directly from s0    : 0
Gym endings cumulative       : terminated=599, truncated=1

[Episode 700/8000 | last 100]
success rate                : 0.0% (cumulative 0.0%)
synthetic task reward       : 0.000
shaping reward              : -1253.393
learning reward             : -1253.393
episode length              : 192.1
abstract changes / episode  : 13.1
DFA transitions / episode   : 0.18
DFA transitions in window   : 1->2: 18
epsilons (next episode)      : 1: 0.49641, 2: 0.94174, 3: 1.00000
replay buffer                : 94543 samples [1: 97.9%, 2: 2.1%, 3: 0.0%]
DFA state visits in window   : 1: 18573, 2: 735, 3: 0
DFA state visits cumulative  : 1: 93170, 2: 2073, 3: 0
DFA state entries in window  : 1: 100, 2: 18, 3: 0
DFA state entries cumulative : 1: 700, 2: 60, 3: 0
transitions cumulative       : 1->2: 60
accepted directly from s0    : 0
Gym endings cumulative       : terminated=699, truncated=1
Best policy updated at episode 700: mean learning reward=-1253.393

[Episode 800/8000 | last 100]
success rate                : 0.0% (cumulative 0.0%)
synthetic task reward       : 0.000
shaping reward              : -1832.973
learning reward             : -1832.973
episode length              : 327.8
abstract changes / episode  : 18.9
DFA transitions / episode   : 0.09
DFA transitions in window   : 1->2: 9
epsilons (next episode)      : 1: 0.44915, 2: 0.93329, 3: 1.00000
replay buffer                : 127327 samples [1: 98.2%, 2: 1.8%, 3: 0.0%]
DFA state visits in window   : 1: 32556, 2: 328, 3: 0
DFA state visits cumulative  : 1: 125726, 2: 2401, 3: 0
DFA state entries in window  : 1: 100, 2: 9, 3: 0
DFA state entries cumulative : 1: 800, 2: 69, 3: 0
transitions cumulative       : 1->2: 69
accepted directly from s0    : 0
Gym endings cumulative       : terminated=797, truncated=3

[Episode 900/8000 | last 100]
success rate                : 0.0% (cumulative 0.0%)
synthetic task reward       : 0.000
shaping reward              : -2067.670
learning reward             : -2067.670
episode length              : 419.8
abstract changes / episode  : 20.9
DFA transitions / episode   : 0.04
DFA transitions in window   : 1->2: 4
epsilons (next episode)      : 1: 0.40639, 2: 0.92957, 3: 1.00000
replay buffer                : 169307 samples [1: 98.5%, 2: 1.5%, 3: 0.0%]
DFA state visits in window   : 1: 41875, 2: 205, 3: 0
DFA state visits cumulative  : 1: 167601, 2: 2606, 3: 0
DFA state entries in window  : 1: 100, 2: 4, 3: 0
DFA state entries cumulative : 1: 900, 2: 73, 3: 0
transitions cumulative       : 1->2: 73
accepted directly from s0    : 0
Gym endings cumulative       : terminated=886, truncated=14

[Episode 1000/8000 | last 100]
success rate                : 0.0% (cumulative 0.0%)
synthetic task reward       : 0.000
shaping reward              : -1787.318
learning reward             : -1787.318
episode length              : 647.9
abstract changes / episode  : 19.8
DFA transitions / episode   : 0.14
DFA transitions in window   : 1->2: 14
epsilons (next episode)      : 1: 0.36770, 2: 0.91664, 3: 1.00000
replay buffer                : 234094 samples [1: 98.6%, 2: 1.4%, 3: 0.0%]
DFA state visits in window   : 1: 64191, 2: 696, 3: 0
DFA state visits cumulative  : 1: 231792, 2: 3302, 3: 0
DFA state entries in window  : 1: 100, 2: 14, 3: 0
DFA state entries cumulative : 1: 1000, 2: 87, 3: 0
transitions cumulative       : 1->2: 87
accepted directly from s0    : 0
Gym endings cumulative       : terminated=952, truncated=48

[Episode 1100/8000 | last 100]
success rate                : 0.0% (cumulative 0.0%)
synthetic task reward       : 0.000
shaping reward              : -1834.937
learning reward             : -1834.937
episode length              : 620.4
abstract changes / episode  : 20.4
DFA transitions / episode   : 0.16
DFA transitions in window   : 1->2: 16
epsilons (next episode)      : 1: 0.33269, 2: 0.90208, 3: 1.00000
replay buffer                : 296130 samples [1: 98.6%, 2: 1.4%, 3: 0.0%]
DFA state visits in window   : 1: 61182, 2: 954, 3: 0
DFA state visits cumulative  : 1: 292974, 2: 4256, 3: 0
DFA state entries in window  : 1: 100, 2: 16, 3: 0
DFA state entries cumulative : 1: 1100, 2: 103, 3: 0
transitions cumulative       : 1->2: 103
accepted directly from s0    : 0
Gym endings cumulative       : terminated=1018, truncated=82

[Episode 1200/8000 | last 100]
success rate                : 0.0% (cumulative 0.0%)
synthetic task reward       : 0.000
shaping reward              : -1672.887
learning reward             : -1672.887
episode length              : 675.3
abstract changes / episode  : 19.2
DFA transitions / episode   : 0.17
DFA transitions in window   : 1->2: 17
epsilons (next episode)      : 1: 0.30101, 2: 0.88687, 3: 1.00000
replay buffer                : 300000 samples [1: 98.6%, 2: 1.4%, 3: 0.0%]
DFA state visits in window   : 1: 66616, 2: 1015, 3: 0
DFA state visits cumulative  : 1: 359590, 2: 5271, 3: 0
DFA state entries in window  : 1: 100, 2: 17, 3: 0
DFA state entries cumulative : 1: 1200, 2: 120, 3: 0
transitions cumulative       : 1->2: 120
accepted directly from s0    : 0
Gym endings cumulative       : terminated=1080, truncated=120

[Episode 1300/8000 | last 100]
success rate                : 0.0% (cumulative 0.0%)
synthetic task reward       : 0.000
shaping reward              : -1405.194
learning reward             : -1405.194
episode length              : 750.0
abstract changes / episode  : 17.1
DFA transitions / episode   : 0.18
DFA transitions in window   : 1->2: 18
epsilons (next episode)      : 1: 0.27235, 2: 0.87104, 3: 1.00000
replay buffer                : 300000 samples [1: 98.7%, 2: 1.3%, 3: 0.0%]
DFA state visits in window   : 1: 73941, 2: 1160, 3: 0
DFA state visits cumulative  : 1: 433531, 2: 6431, 3: 0
DFA state entries in window  : 1: 100, 2: 18, 3: 0
DFA state entries cumulative : 1: 1300, 2: 138, 3: 0
transitions cumulative       : 1->2: 138
accepted directly from s0    : 0
Gym endings cumulative       : terminated=1130, truncated=170

[Episode 1400/8000 | last 100]
success rate                : 0.0% (cumulative 0.0%)
synthetic task reward       : 0.000
shaping reward              : -1280.199
learning reward             : -1280.199
episode length              : 691.7
abstract changes / episode  : 16.2
DFA transitions / episode   : 0.38
DFA transitions in window   : 1->2: 38
epsilons (next episode)      : 1: 0.24642, 2: 0.83854, 3: 1.00000
replay buffer                : 300000 samples [1: 97.9%, 2: 2.1%, 3: 0.0%]
DFA state visits in window   : 1: 66279, 2: 2989, 3: 0
DFA state visits cumulative  : 1: 499810, 2: 9420, 3: 0
DFA state entries in window  : 1: 100, 2: 38, 3: 0
DFA state entries cumulative : 1: 1400, 2: 176, 3: 0
transitions cumulative       : 1->2: 176
accepted directly from s0    : 0
Gym endings cumulative       : terminated=1187, truncated=213

[Episode 1500/8000 | last 100]
success rate                : 0.0% (cumulative 0.0%)
synthetic task reward       : 0.000
shaping reward              : -1282.659
learning reward             : -1282.659
episode length              : 560.9
abstract changes / episode  : 16.1
DFA transitions / episode   : 0.44
DFA transitions in window   : 1->2: 44
epsilons (next episode)      : 1: 0.22296, 2: 0.80243, 3: 1.00000
replay buffer                : 300000 samples [1: 97.1%, 2: 2.9%, 3: 0.0%]
DFA state visits in window   : 1: 53017, 2: 3169, 3: 0
DFA state visits cumulative  : 1: 552827, 2: 12589, 3: 0
DFA state entries in window  : 1: 100, 2: 44, 3: 0
DFA state entries cumulative : 1: 1500, 2: 220, 3: 0
transitions cumulative       : 1->2: 220
accepted directly from s0    : 0
Gym endings cumulative       : terminated=1264, truncated=236

[Episode 1600/8000 | last 100]
success rate                : 0.0% (cumulative 0.0%)
synthetic task reward       : 0.000
shaping reward              : -1243.426
learning reward             : -1243.426
episode length              : 533.2
abstract changes / episode  : 16.1
DFA transitions / episode   : 0.67
DFA transitions in window   : 1->2: 67
epsilons (next episode)      : 1: 0.20173, 2: 0.75040, 3: 1.00000
replay buffer                : 300000 samples [1: 95.6%, 2: 4.4%, 3: 0.0%]
DFA state visits in window   : 1: 47995, 2: 5423, 3: 0
DFA state visits cumulative  : 1: 600822, 2: 18012, 3: 0
DFA state entries in window  : 1: 100, 2: 67, 3: 0
DFA state entries cumulative : 1: 1600, 2: 287, 3: 0
transitions cumulative       : 1->2: 287
accepted directly from s0    : 0
Gym endings cumulative       : terminated=1354, truncated=246
Best policy updated at episode 1600: mean learning reward=-1243.426

[Episode 1700/8000 | last 100]
success rate                : 0.0% (cumulative 0.0%)
synthetic task reward       : 0.000
shaping reward              : -1243.559
learning reward             : -1243.559
episode length              : 411.8
abstract changes / episode  : 16.7
DFA transitions / episode   : 0.79
DFA transitions in window   : 1->2: 79
epsilons (next episode)      : 1: 0.18253, 2: 0.69338, 3: 1.00000
replay buffer                : 300000 samples [1: 93.5%, 2: 6.5%, 3: 0.0%]
DFA state visits in window   : 1: 34185, 2: 7091, 3: 0
DFA state visits cumulative  : 1: 635007, 2: 25103, 3: 0
DFA state entries in window  : 1: 100, 2: 79, 3: 0
DFA state entries cumulative : 1: 1700, 2: 366, 3: 0
transitions cumulative       : 1->2: 366
accepted directly from s0    : 0
Gym endings cumulative       : terminated=1448, truncated=252

[Episode 1800/8000 | last 100]
success rate                : 0.0% (cumulative 0.0%)
synthetic task reward       : 0.000
shaping reward              : -1310.017
learning reward             : -1310.017
episode length              : 325.0
abstract changes / episode  : 17.6
DFA transitions / episode   : 0.79
DFA transitions in window   : 1->2: 79
epsilons (next episode)      : 1: 0.16515, 2: 0.64068, 3: 1.00000
replay buffer                : 300000 samples [1: 91.2%, 2: 8.8%, 3: 0.0%]
DFA state visits in window   : 1: 24946, 2: 7655, 3: 0
DFA state visits cumulative  : 1: 659953, 2: 32758, 3: 0
DFA state entries in window  : 1: 100, 2: 79, 3: 0
DFA state entries cumulative : 1: 1800, 2: 445, 3: 0
transitions cumulative       : 1->2: 445
accepted directly from s0    : 0
Gym endings cumulative       : terminated=1545, truncated=255

[Episode 1900/8000 | last 100]
success rate                : 0.0% (cumulative 0.0%)
synthetic task reward       : 0.000
shaping reward              : -1294.214
learning reward             : -1294.214
episode length              : 368.7
abstract changes / episode  : 17.2
DFA transitions / episode   : 0.82
DFA transitions in window   : 1->2: 82
epsilons (next episode)      : 1: 0.14943, 2: 0.59022, 3: 1.00000
replay buffer                : 300000 samples [1: 87.9%, 2: 12.1%, 3: 0.0%]
DFA state visits in window   : 1: 26740, 2: 10231, 3: 0
DFA state visits cumulative  : 1: 686693, 2: 42989, 3: 0
DFA state entries in window  : 1: 100, 2: 82, 3: 0
DFA state entries cumulative : 1: 1900, 2: 527, 3: 0
transitions cumulative       : 1->2: 527
accepted directly from s0    : 0
Gym endings cumulative       : terminated=1645, truncated=255

[Episode 2000/8000 | last 100]
success rate                : 0.0% (cumulative 0.0%)
synthetic task reward       : 0.000
shaping reward              : -1506.176
learning reward             : -1506.176
episode length              : 511.3
abstract changes / episode  : 19.4
DFA transitions / episode   : 0.86
DFA transitions in window   : 1->2: 86
epsilons (next episode)      : 1: 0.13520, 2: 0.54156, 3: 1.00000
replay buffer                : 300000 samples [1: 84.2%, 2: 15.8%, 3: 0.0%]
DFA state visits in window   : 1: 38470, 2: 12757, 3: 0
DFA state visits cumulative  : 1: 725163, 2: 55746, 3: 0
DFA state entries in window  : 1: 100, 2: 86, 3: 0
DFA state entries cumulative : 1: 2000, 2: 613, 3: 0
transitions cumulative       : 1->2: 613
accepted directly from s0    : 0
Gym endings cumulative       : terminated=1737, truncated=263

[Episode 2100/8000 | last 100]
success rate                : 0.0% (cumulative 0.0%)
synthetic task reward       : 0.000
shaping reward              : -1348.850
learning reward             : -1348.850
episode length              : 603.1
abstract changes / episode  : 17.1
DFA transitions / episode   : 0.59
DFA transitions in window   : 1->2: 59
epsilons (next episode)      : 1: 0.12233, 2: 0.51051, 3: 1.00000
replay buffer                : 300000 samples [1: 82.5%, 2: 17.5%, 3: 0.0%]
DFA state visits in window   : 1: 52035, 2: 8371, 3: 0
DFA state visits cumulative  : 1: 777198, 2: 64117, 3: 0
DFA state entries in window  : 1: 100, 2: 59, 3: 0
DFA state entries cumulative : 1: 2100, 2: 672, 3: 0
transitions cumulative       : 1->2: 672
accepted directly from s0    : 0
Gym endings cumulative       : terminated=1818, truncated=282

[Episode 2200/8000 | last 100]
success rate                : 0.0% (cumulative 0.0%)
synthetic task reward       : 0.000
shaping reward              : -1399.194
learning reward             : -1399.194
episode length              : 728.7
abstract changes / episode  : 17.8
DFA transitions / episode   : 0.53
DFA transitions in window   : 1->2: 53
epsilons (next episode)      : 1: 0.11068, 2: 0.48415, 3: 1.00000
replay buffer                : 300000 samples [1: 81.7%, 2: 18.3%, 3: 0.0%]
DFA state visits in window   : 1: 64088, 2: 8886, 3: 0
DFA state visits cumulative  : 1: 841286, 2: 73003, 3: 0
DFA state entries in window  : 1: 100, 2: 53, 3: 0
DFA state entries cumulative : 1: 2200, 2: 725, 3: 0
transitions cumulative       : 1->2: 725
accepted directly from s0    : 0
Gym endings cumulative       : terminated=1878, truncated=322

[Episode 2300/8000 | last 100]
success rate                : 0.0% (cumulative 0.0%)
synthetic task reward       : 0.000
shaping reward              : -1781.307
learning reward             : -1781.307
episode length              : 699.0
abstract changes / episode  : 22.3
DFA transitions / episode   : 0.73
DFA transitions in window   : 1->2: 73
epsilons (next episode)      : 1: 0.10014, 2: 0.45005, 3: 1.00000
replay buffer                : 300000 samples [1: 81.1%, 2: 18.9%, 3: 0.0%]
DFA state visits in window   : 1: 55439, 2: 14556, 3: 0
DFA state visits cumulative  : 1: 896725, 2: 87559, 3: 0
DFA state entries in window  : 1: 100, 2: 73, 3: 0
DFA state entries cumulative : 1: 2300, 2: 798, 3: 0
transitions cumulative       : 1->2: 798
accepted directly from s0    : 0
Gym endings cumulative       : terminated=1951, truncated=349

[Episode 2400/8000 | last 100]
success rate                : 0.0% (cumulative 0.0%)
synthetic task reward       : 0.000
shaping reward              : -1233.182
learning reward             : -1233.182
episode length              : 762.2
abstract changes / episode  : 16.5
DFA transitions / episode   : 0.48
DFA transitions in window   : 1->2: 48
epsilons (next episode)      : 1: 0.09061, 2: 0.42895, 3: 1.00000
replay buffer                : 300000 samples [1: 84.6%, 2: 15.4%, 3: 0.0%]
DFA state visits in window   : 1: 66027, 2: 10293, 3: 0
DFA state visits cumulative  : 1: 962752, 2: 97852, 3: 0
DFA state entries in window  : 1: 100, 2: 48, 3: 0
DFA state entries cumulative : 1: 2400, 2: 846, 3: 0
transitions cumulative       : 1->2: 846
accepted directly from s0    : 0
Gym endings cumulative       : terminated=2015, truncated=385
Best policy updated at episode 2400: mean learning reward=-1233.182

[Episode 2500/8000 | last 100]
success rate                : 0.0% (cumulative 0.0%)
synthetic task reward       : 0.000
shaping reward              : -1410.486
learning reward             : -1410.486
episode length              : 678.1
abstract changes / episode  : 18.4
DFA transitions / episode   : 0.55
DFA transitions in window   : 1->2: 55
epsilons (next episode)      : 1: 0.08198, 2: 0.40598, 3: 1.00000
replay buffer                : 300000 samples [1: 83.8%, 2: 16.2%, 3: 0.0%]
DFA state visits in window   : 1: 54483, 2: 13426, 3: 0
DFA state visits cumulative  : 1: 1017235, 2: 111278, 3: 0
DFA state entries in window  : 1: 100, 2: 55, 3: 0
DFA state entries cumulative : 1: 2500, 2: 901, 3: 0
transitions cumulative       : 1->2: 901
accepted directly from s0    : 0
Gym endings cumulative       : terminated=2081, truncated=419

[Episode 2600/8000 | last 100]
success rate                : 0.0% (cumulative 0.0%)
synthetic task reward       : 0.000
shaping reward              : -1251.624
learning reward             : -1251.624
episode length              : 744.3
abstract changes / episode  : 16.7
DFA transitions / episode   : 0.44
DFA transitions in window   : 1->2: 44
epsilons (next episode)      : 1: 0.08000, 2: 0.38850, 3: 1.00000
replay buffer                : 300000 samples [1: 83.3%, 2: 16.7%, 3: 0.0%]
DFA state visits in window   : 1: 64053, 2: 10478, 3: 0
DFA state visits cumulative  : 1: 1081288, 2: 121756, 3: 0
DFA state entries in window  : 1: 100, 2: 44, 3: 0
DFA state entries cumulative : 1: 2600, 2: 945, 3: 0
transitions cumulative       : 1->2: 945
accepted directly from s0    : 0
Gym endings cumulative       : terminated=2136, truncated=464

[Episode 2700/8000 | last 100]
success rate                : 1.0% (cumulative 0.0%)
synthetic task reward       : 100.000
shaping reward              : -1401.087
learning reward             : -1301.087
episode length              : 786.9
abstract changes / episode  : 17.8
DFA transitions / episode   : 0.45
DFA transitions in window   : 1->2: 44, 2->3: 1
epsilons (next episode)      : 1: 0.08000, 2: 0.37176, 3: 1.00000
replay buffer                : 300000 samples [1: 85.2%, 2: 14.8%, 3: 0.0%]
DFA state visits in window   : 1: 68934, 2: 9853, 3: 1
DFA state visits cumulative  : 1: 1150222, 2: 131609, 3: 1
DFA state entries in window  : 1: 100, 2: 44, 3: 1
DFA state entries cumulative : 1: 2700, 2: 989, 3: 1
transitions cumulative       : 1->2: 989, 2->3: 1
accepted directly from s0    : 0
Gym endings cumulative       : terminated=2188, truncated=511

[Episode 2800/8000 | last 100]
success rate                : 9.0% (cumulative 0.4%)
synthetic task reward       : 900.000
shaping reward              : -1218.648
learning reward             : -318.648
episode length              : 664.1
abstract changes / episode  : 16.9
DFA transitions / episode   : 0.47
DFA transitions in window   : 1->2: 38, 2->3: 9
epsilons (next episode)      : 1: 0.08000, 2: 0.35790, 3: 1.00000
replay buffer                : 300000 samples [1: 85.8%, 2: 14.2%, 3: 0.0%]
DFA state visits in window   : 1: 60015, 2: 6487, 3: 9
DFA state visits cumulative  : 1: 1210237, 2: 138096, 3: 10
DFA state entries in window  : 1: 100, 2: 38, 3: 9
DFA state entries cumulative : 1: 2800, 2: 1027, 3: 10
transitions cumulative       : 1->2: 1027, 2->3: 10
accepted directly from s0    : 0
Gym endings cumulative       : terminated=2241, truncated=549
Best policy updated at episode 2800: mean learning reward=-318.648

[Episode 2900/8000 | last 100]
success rate                : 9.0% (cumulative 0.7%)
synthetic task reward       : 900.000
shaping reward              : -1331.720
learning reward             : -431.720
episode length              : 535.8
abstract changes / episode  : 18.4
DFA transitions / episode   : 0.65
DFA transitions in window   : 1->2: 56, 2->3: 9
epsilons (next episode)      : 1: 0.08000, 2: 0.33839, 3: 1.00000
replay buffer                : 300000 samples [1: 85.8%, 2: 14.2%, 3: 0.0%]
DFA state visits in window   : 1: 44313, 2: 9361, 3: 9
DFA state visits cumulative  : 1: 1254550, 2: 147457, 3: 19
DFA state entries in window  : 1: 100, 2: 56, 3: 9
DFA state entries cumulative : 1: 2900, 2: 1083, 3: 19
transitions cumulative       : 1->2: 1083, 2->3: 19
accepted directly from s0    : 0
Gym endings cumulative       : terminated=2312, truncated=569

[Episode 3000/8000 | last 100]
success rate                : 13.0% (cumulative 1.1%)
synthetic task reward       : 1300.000
shaping reward              : -1341.618
learning reward             : -41.618
episode length              : 394.1
abstract changes / episode  : 21.1
DFA transitions / episode   : 0.94
DFA transitions in window   : 1->2: 81, 2->3: 13
epsilons (next episode)      : 1: 0.08000, 2: 0.31205, 3: 1.00000
replay buffer                : 300000 samples [1: 84.0%, 2: 16.0%, 3: 0.0%]
DFA state visits in window   : 1: 26048, 2: 13445, 3: 13
DFA state visits cumulative  : 1: 1280598, 2: 160902, 3: 32
DFA state entries in window  : 1: 100, 2: 81, 3: 13
DFA state entries cumulative : 1: 3000, 2: 1164, 3: 32
transitions cumulative       : 1->2: 1164, 2->3: 32
accepted directly from s0    : 0
Gym endings cumulative       : terminated=2391, truncated=577
Best policy updated at episode 3000: mean learning reward=-41.618

[Episode 3100/8000 | last 100]
success rate                : 10.0% (cumulative 1.4%)
synthetic task reward       : 1000.000
shaping reward              : -1267.390
learning reward             : -267.390
episode length              : 278.8
abstract changes / episode  : 19.7
DFA transitions / episode   : 0.97
DFA transitions in window   : 1->2: 87, 2->3: 10
epsilons (next episode)      : 1: 0.08000, 2: 0.28604, 3: 1.00000
replay buffer                : 300000 samples [1: 81.1%, 2: 18.9%, 3: 0.0%]
DFA state visits in window   : 1: 15517, 2: 12455, 3: 10
DFA state visits cumulative  : 1: 1296115, 2: 173357, 3: 42
DFA state entries in window  : 1: 100, 2: 87, 3: 10
DFA state entries cumulative : 1: 3100, 2: 1251, 3: 42
transitions cumulative       : 1->2: 1251, 2->3: 42
accepted directly from s0    : 0
Gym endings cumulative       : terminated=2481, truncated=577

[Episode 3200/8000 | last 100]
success rate                : 27.0% (cumulative 2.2%)
synthetic task reward       : 2700.000
shaping reward              : -1326.236
learning reward             : 1373.764
episode length              : 324.1
abstract changes / episode  : 21.4
DFA transitions / episode   : 1.12
DFA transitions in window   : 1->2: 85, 2->3: 27
epsilons (next episode)      : 1: 0.08000, 2: 0.26272, 3: 1.00000
replay buffer                : 300000 samples [1: 78.6%, 2: 21.4%, 3: 0.0%]
DFA state visits in window   : 1: 19966, 2: 12514, 3: 27
DFA state visits cumulative  : 1: 1316081, 2: 185871, 3: 69
DFA state entries in window  : 1: 100, 2: 85, 3: 27
DFA state entries cumulative : 1: 3200, 2: 1336, 3: 69
transitions cumulative       : 1->2: 1336, 2->3: 69
accepted directly from s0    : 0
Gym endings cumulative       : terminated=2554, truncated=577
Best policy updated at episode 3200: mean learning reward=1373.764

[Episode 3300/8000 | last 100]
success rate                : 22.0% (cumulative 2.8%)
synthetic task reward       : 2200.000
shaping reward              : -1252.842
learning reward             : 947.158
episode length              : 309.5
abstract changes / episode  : 18.0
DFA transitions / episode   : 0.83
DFA transitions in window   : 1->2: 61, 2->3: 22
epsilons (next episode)      : 1: 0.08000, 2: 0.24717, 3: 1.00000
replay buffer                : 300000 samples [1: 78.4%, 2: 21.6%, 3: 0.0%]
DFA state visits in window   : 1: 22215, 2: 8811, 3: 22
DFA state visits cumulative  : 1: 1338296, 2: 194682, 3: 91
DFA state entries in window  : 1: 100, 2: 61, 3: 22
DFA state entries cumulative : 1: 3300, 2: 1397, 3: 91
transitions cumulative       : 1->2: 1397, 2->3: 91
accepted directly from s0    : 0
Gym endings cumulative       : terminated=2632, truncated=577

[Episode 3400/8000 | last 100]
success rate                : 54.0% (cumulative 4.3%)
synthetic task reward       : 5400.000
shaping reward              : -1137.527
learning reward             : 4262.473
episode length              : 313.1
abstract changes / episode  : 20.6
DFA transitions / episode   : 1.40
DFA transitions in window   : 1->2: 86, 2->3: 54
epsilons (next episode)      : 1: 0.08000, 2: 0.22679, 3: 1.00000
replay buffer                : 300000 samples [1: 74.9%, 2: 25.1%, 3: 0.0%]
DFA state visits in window   : 1: 20046, 2: 11306, 3: 54
DFA state visits cumulative  : 1: 1358342, 2: 205988, 3: 145
DFA state entries in window  : 1: 100, 2: 86, 3: 54
DFA state entries cumulative : 1: 3400, 2: 1483, 3: 145
transitions cumulative       : 1->2: 1483, 2->3: 145
accepted directly from s0    : 0
Gym endings cumulative       : terminated=2678, truncated=577
Best policy updated at episode 3400: mean learning reward=4262.473

[Episode 3500/8000 | last 100]
success rate                : 66.0% (cumulative 6.0%)
synthetic task reward       : 6600.000
shaping reward              : -1034.622
learning reward             : 5565.378
episode length              : 286.4
abstract changes / episode  : 20.3
DFA transitions / episode   : 1.58
DFA transitions in window   : 1->2: 92, 2->3: 66
epsilons (next episode)      : 1: 0.08000, 2: 0.20684, 3: 1.00000
replay buffer                : 300000 samples [1: 71.8%, 2: 28.2%, 3: 0.0%]
DFA state visits in window   : 1: 17335, 2: 11341, 3: 66
DFA state visits cumulative  : 1: 1375677, 2: 217329, 3: 211
DFA state entries in window  : 1: 100, 2: 92, 3: 66
DFA state entries cumulative : 1: 3500, 2: 1575, 3: 211
transitions cumulative       : 1->2: 1575, 2->3: 211
accepted directly from s0    : 0
Gym endings cumulative       : terminated=2712, truncated=577
Best policy updated at episode 3500: mean learning reward=5565.378

[Episode 3600/8000 | last 100]
success rate                : 65.0% (cumulative 7.7%)
synthetic task reward       : 6500.000
shaping reward              : -1155.945
learning reward             : 5344.055
episode length              : 296.8
abstract changes / episode  : 21.6
DFA transitions / episode   : 1.58
DFA transitions in window   : 1->2: 93, 2->3: 65
epsilons (next episode)      : 1: 0.08000, 2: 0.18847, 3: 1.00000
replay buffer                : 300000 samples [1: 69.3%, 2: 30.7%, 3: 0.0%]
DFA state visits in window   : 1: 18660, 2: 11050, 3: 65
DFA state visits cumulative  : 1: 1394337, 2: 228379, 3: 276
DFA state entries in window  : 1: 100, 2: 93, 3: 65
DFA state entries cumulative : 1: 3600, 2: 1668, 3: 276
transitions cumulative       : 1->2: 1668, 2->3: 276
accepted directly from s0    : 0
Gym endings cumulative       : terminated=2747, truncated=577

[Episode 3700/8000 | last 100]
success rate                : 82.0% (cumulative 9.7%)
synthetic task reward       : 8200.000
shaping reward              : -827.099
learning reward             : 7372.901
episode length              : 268.4
abstract changes / episode  : 18.9
DFA transitions / episode   : 1.72
DFA transitions in window   : 1->2: 90, 2->3: 82
epsilons (next episode)      : 1: 0.08000, 2: 0.17224, 3: 1.00000
replay buffer                : 300000 samples [1: 66.7%, 2: 33.3%, 3: 0.0%]
DFA state visits in window   : 1: 16999, 2: 9861, 3: 82
DFA state visits cumulative  : 1: 1411336, 2: 238240, 3: 358
DFA state entries in window  : 1: 100, 2: 90, 3: 82
DFA state entries cumulative : 1: 3700, 2: 1758, 3: 358
transitions cumulative       : 1->2: 1758, 2->3: 358
accepted directly from s0    : 0
Gym endings cumulative       : terminated=2765, truncated=577
Best policy updated at episode 3700: mean learning reward=7372.901

[Episode 3800/8000 | last 100]
success rate                : 80.0% (cumulative 11.5%)
synthetic task reward       : 8000.000
shaping reward              : -814.673
learning reward             : 7185.327
episode length              : 256.0
abstract changes / episode  : 18.6
DFA transitions / episode   : 1.71
DFA transitions in window   : 1->2: 91, 2->3: 80
epsilons (next episode)      : 1: 0.08000, 2: 0.15725, 3: 1.00000
replay buffer                : 300000 samples [1: 64.6%, 2: 35.4%, 3: 0.0%]
DFA state visits in window   : 1: 14827, 2: 10796, 3: 80
DFA state visits cumulative  : 1: 1426163, 2: 249036, 3: 438
DFA state entries in window  : 1: 100, 2: 91, 3: 80
DFA state entries cumulative : 1: 3800, 2: 1849, 3: 438
transitions cumulative       : 1->2: 1849, 2->3: 438
accepted directly from s0    : 0
Gym endings cumulative       : terminated=2785, truncated=577

[Episode 3900/8000 | last 100]
success rate                : 83.0% (cumulative 13.4%)
synthetic task reward       : 8300.000
shaping reward              : -858.772
learning reward             : 7441.228
episode length              : 262.5
abstract changes / episode  : 19.5
DFA transitions / episode   : 1.77
DFA transitions in window   : 1->2: 94, 2->3: 83
epsilons (next episode)      : 1: 0.08000, 2: 0.14313, 3: 1.00000
replay buffer                : 300000 samples [1: 62.4%, 2: 37.6%, 3: 0.0%]
DFA state visits in window   : 1: 15262, 2: 11009, 3: 83
DFA state visits cumulative  : 1: 1441425, 2: 260045, 3: 521
DFA state entries in window  : 1: 100, 2: 94, 3: 83
DFA state entries cumulative : 1: 3900, 2: 1943, 3: 521
transitions cumulative       : 1->2: 1943, 2->3: 521
accepted directly from s0    : 0
Gym endings cumulative       : terminated=2802, truncated=577
Best policy updated at episode 3900: mean learning reward=7441.228

[Episode 4000/8000 | last 100]
success rate                : 81.0% (cumulative 15.0%)
synthetic task reward       : 8100.000
shaping reward              : -787.506
learning reward             : 7312.494
episode length              : 244.5
abstract changes / episode  : 17.8
DFA transitions / episode   : 1.68
DFA transitions in window   : 1->2: 87, 2->3: 81
epsilons (next episode)      : 1: 0.08000, 2: 0.13120, 3: 1.00000
replay buffer                : 300000 samples [1: 61.7%, 2: 38.3%, 3: 0.0%]
DFA state visits in window   : 1: 14868, 2: 9599, 3: 81
DFA state visits cumulative  : 1: 1456293, 2: 269644, 3: 602
DFA state entries in window  : 1: 100, 2: 87, 3: 81
DFA state entries cumulative : 1: 4000, 2: 2030, 3: 602
transitions cumulative       : 1->2: 2030, 2->3: 602
accepted directly from s0    : 0
Gym endings cumulative       : terminated=2821, truncated=577

[Episode 4100/8000 | last 100]
success rate                : 84.0% (cumulative 16.7%)
synthetic task reward       : 8400.000
shaping reward              : -828.589
learning reward             : 7571.411
episode length              : 258.9
abstract changes / episode  : 19.1
DFA transitions / episode   : 1.78
DFA transitions in window   : 1->2: 94, 2->3: 84
epsilons (next episode)      : 1: 0.08000, 2: 0.11943, 3: 1.00000
replay buffer                : 300000 samples [1: 62.0%, 2: 38.0%, 3: 0.0%]
DFA state visits in window   : 1: 15850, 2: 10054, 3: 84
DFA state visits cumulative  : 1: 1472143, 2: 279698, 3: 686
DFA state entries in window  : 1: 100, 2: 94, 3: 84
DFA state entries cumulative : 1: 4100, 2: 2124, 3: 686
transitions cumulative       : 1->2: 2124, 2->3: 686
accepted directly from s0    : 0
Gym endings cumulative       : terminated=2837, truncated=577
Best policy updated at episode 4100: mean learning reward=7571.411

[Episode 4200/8000 | last 100]
success rate                : 83.0% (cumulative 18.3%)
synthetic task reward       : 8300.000
shaping reward              : -809.738
learning reward             : 7490.262
episode length              : 254.4
abstract changes / episode  : 18.9
DFA transitions / episode   : 1.75
DFA transitions in window   : 1->2: 92, 2->3: 83
epsilons (next episode)      : 1: 0.08000, 2: 0.10892, 3: 1.00000
replay buffer                : 300000 samples [1: 62.7%, 2: 37.3%, 3: 0.0%]
DFA state visits in window   : 1: 16123, 2: 9333, 3: 83
DFA state visits cumulative  : 1: 1488266, 2: 289031, 3: 769
DFA state entries in window  : 1: 100, 2: 92, 3: 83
DFA state entries cumulative : 1: 4200, 2: 2216, 3: 769
transitions cumulative       : 1->2: 2216, 2->3: 769
accepted directly from s0    : 0
Gym endings cumulative       : terminated=2854, truncated=577

[Episode 4300/8000 | last 100]
success rate                : 88.0% (cumulative 19.9%)
synthetic task reward       : 8800.000
shaping reward              : -761.662
learning reward             : 8038.338
episode length              : 240.8
abstract changes / episode  : 18.9
DFA transitions / episode   : 1.85
DFA transitions in window   : 1->2: 97, 2->3: 88
epsilons (next episode)      : 1: 0.08000, 2: 0.09885, 3: 1.00000
replay buffer                : 300000 samples [1: 62.1%, 2: 37.9%, 3: 0.0%]
DFA state visits in window   : 1: 13861, 2: 10235, 3: 88
DFA state visits cumulative  : 1: 1502127, 2: 299266, 3: 857
DFA state entries in window  : 1: 100, 2: 97, 3: 88
DFA state entries cumulative : 1: 4300, 2: 2313, 3: 857
transitions cumulative       : 1->2: 2313, 2->3: 857
accepted directly from s0    : 0
Gym endings cumulative       : terminated=2866, truncated=577
Best policy updated at episode 4300: mean learning reward=8038.338

[Episode 4400/8000 | last 100]
success rate                : 84.0% (cumulative 21.4%)
synthetic task reward       : 8400.000
shaping reward              : -830.403
learning reward             : 7569.597
episode length              : 254.3
abstract changes / episode  : 19.0
DFA transitions / episode   : 1.76
DFA transitions in window   : 1->2: 92, 2->3: 84
epsilons (next episode)      : 1: 0.08000, 2: 0.09016, 3: 1.00000
replay buffer                : 300000 samples [1: 61.6%, 2: 38.4%, 3: 0.0%]
DFA state visits in window   : 1: 16621, 2: 8821, 3: 84
DFA state visits cumulative  : 1: 1518748, 2: 308087, 3: 941
DFA state entries in window  : 1: 100, 2: 92, 3: 84
DFA state entries cumulative : 1: 4400, 2: 2405, 3: 941
transitions cumulative       : 1->2: 2405, 2->3: 941
accepted directly from s0    : 0
Gym endings cumulative       : terminated=2882, truncated=577

[Episode 4500/8000 | last 100]
success rate                : 83.0% (cumulative 22.8%)
synthetic task reward       : 8300.000
shaping reward              : -785.415
learning reward             : 7514.585
episode length              : 237.8
abstract changes / episode  : 18.2
DFA transitions / episode   : 1.73
DFA transitions in window   : 1->2: 90, 2->3: 83
epsilons (next episode)      : 1: 0.08000, 2: 0.08239, 3: 1.00000
replay buffer                : 300000 samples [1: 61.4%, 2: 38.6%, 3: 0.0%]
DFA state visits in window   : 1: 15344, 2: 8450, 3: 83
DFA state visits cumulative  : 1: 1534092, 2: 316537, 3: 1024
DFA state entries in window  : 1: 100, 2: 90, 3: 83
DFA state entries cumulative : 1: 4500, 2: 2495, 3: 1024
transitions cumulative       : 1->2: 2495, 2->3: 1024
accepted directly from s0    : 0
Gym endings cumulative       : terminated=2899, truncated=577

[Episode 4600/8000 | last 100]
success rate                : 87.0% (cumulative 24.2%)
synthetic task reward       : 8700.000
shaping reward              : -790.832
learning reward             : 7909.168
episode length              : 243.9
abstract changes / episode  : 18.9
DFA transitions / episode   : 1.81
DFA transitions in window   : 1->2: 94, 2->3: 87
epsilons (next episode)      : 1: 0.08000, 2: 0.08000, 3: 1.00000
replay buffer                : 300000 samples [1: 61.7%, 2: 38.3%, 3: 0.0%]
DFA state visits in window   : 1: 15554, 2: 8851, 3: 87
DFA state visits cumulative  : 1: 1549646, 2: 325388, 3: 1111
DFA state entries in window  : 1: 100, 2: 94, 3: 87
DFA state entries cumulative : 1: 4600, 2: 2589, 3: 1111
transitions cumulative       : 1->2: 2589, 2->3: 1111
accepted directly from s0    : 0
Gym endings cumulative       : terminated=2911, truncated=578

[Episode 4700/8000 | last 100]
success rate                : 84.0% (cumulative 25.4%)
synthetic task reward       : 8400.000
shaping reward              : -723.273
learning reward             : 7676.727
episode length              : 245.6
abstract changes / episode  : 18.4
DFA transitions / episode   : 1.82
DFA transitions in window   : 1->2: 98, 2->3: 84
epsilons (next episode)      : 1: 0.08000, 2: 0.08000, 3: 1.00000
replay buffer                : 300000 samples [1: 61.3%, 2: 38.7%, 3: 0.0%]
DFA state visits in window   : 1: 14333, 2: 10240, 3: 84
DFA state visits cumulative  : 1: 1563979, 2: 335628, 3: 1195
DFA state entries in window  : 1: 100, 2: 98, 3: 84
DFA state entries cumulative : 1: 4700, 2: 2687, 3: 1195
transitions cumulative       : 1->2: 2687, 2->3: 1195
accepted directly from s0    : 0
Gym endings cumulative       : terminated=2927, truncated=578

[Episode 4800/8000 | last 100]
success rate                : 53.0% (cumulative 26.0%)
synthetic task reward       : 5300.000
shaping reward              : -942.732
learning reward             : 4357.268
episode length              : 199.4
abstract changes / episode  : 17.0
DFA transitions / episode   : 1.27
DFA transitions in window   : 1->2: 74, 2->3: 53
epsilons (next episode)      : 1: 0.08000, 2: 0.08000, 3: 1.00000
replay buffer                : 300000 samples [1: 61.4%, 2: 38.6%, 3: 0.0%]
DFA state visits in window   : 1: 12580, 2: 7404, 3: 53
DFA state visits cumulative  : 1: 1576559, 2: 343032, 3: 1248
DFA state entries in window  : 1: 100, 2: 74, 3: 53
DFA state entries cumulative : 1: 4800, 2: 2761, 3: 1248
transitions cumulative       : 1->2: 2761, 2->3: 1248
accepted directly from s0    : 0
Gym endings cumulative       : terminated=2974, truncated=578

[Episode 4900/8000 | last 100]
success rate                : 49.0% (cumulative 26.5%)
synthetic task reward       : 4900.000
shaping reward              : -1074.230
learning reward             : 3825.770
episode length              : 236.5
abstract changes / episode  : 18.1
DFA transitions / episode   : 1.20
DFA transitions in window   : 1->2: 71, 2->3: 49
epsilons (next episode)      : 1: 0.08000, 2: 0.08000, 3: 1.00000
replay buffer                : 300000 samples [1: 61.9%, 2: 38.1%, 3: 0.0%]
DFA state visits in window   : 1: 16514, 2: 7188, 3: 49
DFA state visits cumulative  : 1: 1593073, 2: 350220, 3: 1297
DFA state entries in window  : 1: 100, 2: 71, 3: 49
DFA state entries cumulative : 1: 4900, 2: 2832, 3: 1297
transitions cumulative       : 1->2: 2832, 2->3: 1297
accepted directly from s0    : 0
Gym endings cumulative       : terminated=3025, truncated=578

[Episode 5000/8000 | last 100]
success rate                : 72.0% (cumulative 27.4%)
synthetic task reward       : 7200.000
shaping reward              : -830.991
learning reward             : 6369.009
episode length              : 231.1
abstract changes / episode  : 17.5
DFA transitions / episode   : 1.53
DFA transitions in window   : 1->2: 81, 2->3: 72
epsilons (next episode)      : 1: 0.08000, 2: 0.08000, 3: 1.00000
replay buffer                : 300000 samples [1: 62.4%, 2: 37.6%, 3: 0.0%]
DFA state visits in window   : 1: 15383, 2: 7757, 3: 72
DFA state visits cumulative  : 1: 1608456, 2: 357977, 3: 1369
DFA state entries in window  : 1: 100, 2: 81, 3: 72
DFA state entries cumulative : 1: 5000, 2: 2913, 3: 1369
transitions cumulative       : 1->2: 2913, 2->3: 1369
accepted directly from s0    : 0
Gym endings cumulative       : terminated=3053, truncated=578

[Episode 5100/8000 | last 100]
success rate                : 31.0% (cumulative 27.5%)
synthetic task reward       : 3100.000
shaping reward              : -1181.372
learning reward             : 1918.628
episode length              : 271.9
abstract changes / episode  : 16.6
DFA transitions / episode   : 0.75
DFA transitions in window   : 1->2: 44, 2->3: 31
epsilons (next episode)      : 1: 0.08000, 2: 0.08000, 3: 1.00000
replay buffer                : 300000 samples [1: 65.0%, 2: 35.0%, 3: 0.0%]
DFA state visits in window   : 1: 23523, 2: 3735, 3: 31
DFA state visits cumulative  : 1: 1631979, 2: 361712, 3: 1400
DFA state entries in window  : 1: 100, 2: 44, 3: 31
DFA state entries cumulative : 1: 5100, 2: 2957, 3: 1400
transitions cumulative       : 1->2: 2957, 2->3: 1400
accepted directly from s0    : 0
Gym endings cumulative       : terminated=3122, truncated=578

[Episode 5200/8000 | last 100]
success rate                : 11.0% (cumulative 27.1%)
synthetic task reward       : 1100.000
shaping reward              : -1127.453
learning reward             : -27.453
episode length              : 251.8
abstract changes / episode  : 13.5
DFA transitions / episode   : 0.27
DFA transitions in window   : 1->2: 16, 2->3: 11
epsilons (next episode)      : 1: 0.08000, 2: 0.08000, 3: 1.00000
replay buffer                : 300000 samples [1: 68.1%, 2: 31.9%, 3: 0.0%]
DFA state visits in window   : 1: 24160, 2: 1112, 3: 11
DFA state visits cumulative  : 1: 1656139, 2: 362824, 3: 1411
DFA state entries in window  : 1: 100, 2: 16, 3: 11
DFA state entries cumulative : 1: 5200, 2: 2973, 3: 1411
transitions cumulative       : 1->2: 2973, 2->3: 1411
accepted directly from s0    : 0
Gym endings cumulative       : terminated=3211, truncated=578

[Episode 5300/8000 | last 100]
success rate                : 14.0% (cumulative 26.9%)
synthetic task reward       : 1400.000
shaping reward              : -1119.743
learning reward             : 280.257
episode length              : 203.6
abstract changes / episode  : 13.9
DFA transitions / episode   : 0.31
DFA transitions in window   : 1->2: 17, 2->3: 14
epsilons (next episode)      : 1: 0.08000, 2: 0.08000, 3: 1.00000
replay buffer                : 300000 samples [1: 70.0%, 2: 30.0%, 3: 0.0%]
DFA state visits in window   : 1: 18837, 2: 1613, 3: 14
DFA state visits cumulative  : 1: 1674976, 2: 364437, 3: 1425
DFA state entries in window  : 1: 100, 2: 17, 3: 14
DFA state entries cumulative : 1: 5300, 2: 2990, 3: 1425
transitions cumulative       : 1->2: 2990, 2->3: 1425
accepted directly from s0    : 0
Gym endings cumulative       : terminated=3296, truncated=579

[Episode 5400/8000 | last 100]
success rate                : 22.0% (cumulative 26.8%)
synthetic task reward       : 2200.000
shaping reward              : -1311.299
learning reward             : 888.701
episode length              : 284.0
abstract changes / episode  : 17.5
DFA transitions / episode   : 0.66
DFA transitions in window   : 1->2: 44, 2->3: 22
epsilons (next episode)      : 1: 0.08000, 2: 0.08000, 3: 1.00000
replay buffer                : 300000 samples [1: 71.8%, 2: 28.2%, 3: 0.0%]
DFA state visits in window   : 1: 22885, 2: 5592, 3: 22
DFA state visits cumulative  : 1: 1697861, 2: 370029, 3: 1447
DFA state entries in window  : 1: 100, 2: 44, 3: 22
DFA state entries cumulative : 1: 5400, 2: 3034, 3: 1447
transitions cumulative       : 1->2: 3034, 2->3: 1447
accepted directly from s0    : 0
Gym endings cumulative       : terminated=3373, truncated=580

[Episode 5500/8000 | last 100]
success rate                : 77.0% (cumulative 27.7%)
synthetic task reward       : 7700.000
shaping reward              : -893.523
learning reward             : 6806.477
episode length              : 306.1
abstract changes / episode  : 18.8
DFA transitions / episode   : 1.61
DFA transitions in window   : 1->2: 84, 2->3: 77
epsilons (next episode)      : 1: 0.08000, 2: 0.08000, 3: 1.00000
replay buffer                : 300000 samples [1: 73.3%, 2: 26.7%, 3: 0.0%]
DFA state visits in window   : 1: 22598, 2: 8031, 3: 77
DFA state visits cumulative  : 1: 1720459, 2: 378060, 3: 1524
DFA state entries in window  : 1: 100, 2: 84, 3: 77
DFA state entries cumulative : 1: 5500, 2: 3118, 3: 1524
transitions cumulative       : 1->2: 3118, 2->3: 1524
accepted directly from s0    : 0
Gym endings cumulative       : terminated=3393, truncated=583

[Episode 5600/8000 | last 100]
success rate                : 41.0% (cumulative 27.9%)
synthetic task reward       : 4100.000
shaping reward              : -1204.044
learning reward             : 2895.956
episode length              : 299.9
abstract changes / episode  : 17.5
DFA transitions / episode   : 0.90
DFA transitions in window   : 1->2: 49, 2->3: 41
epsilons (next episode)      : 1: 0.08000, 2: 0.08000, 3: 1.00000
replay buffer                : 300000 samples [1: 75.2%, 2: 24.8%, 3: 0.0%]
DFA state visits in window   : 1: 25425, 2: 4623, 3: 41
DFA state visits cumulative  : 1: 1745884, 2: 382683, 3: 1565
DFA state entries in window  : 1: 100, 2: 49, 3: 41
DFA state entries cumulative : 1: 5600, 2: 3167, 3: 1565
transitions cumulative       : 1->2: 3167, 2->3: 1565
accepted directly from s0    : 0
Gym endings cumulative       : terminated=3452, truncated=583

[Episode 5700/8000 | last 100]
success rate                : 64.0% (cumulative 28.6%)
synthetic task reward       : 6400.000
shaping reward              : -1021.542
learning reward             : 5378.458
episode length              : 318.9
abstract changes / episode  : 18.9
DFA transitions / episode   : 1.36
DFA transitions in window   : 1->2: 72, 2->3: 64
epsilons (next episode)      : 1: 0.08000, 2: 0.08000, 3: 1.00000
replay buffer                : 300000 samples [1: 76.7%, 2: 23.3%, 3: 0.0%]
DFA state visits in window   : 1: 24837, 2: 7093, 3: 64
DFA state visits cumulative  : 1: 1770721, 2: 389776, 3: 1629
DFA state entries in window  : 1: 100, 2: 72, 3: 64
DFA state entries cumulative : 1: 5700, 2: 3239, 3: 1629
transitions cumulative       : 1->2: 3239, 2->3: 1629
accepted directly from s0    : 0
Gym endings cumulative       : terminated=3486, truncated=585

[Episode 5800/8000 | last 100]
success rate                : 96.0% (cumulative 29.7%)
synthetic task reward       : 9600.000
shaping reward              : -673.298
learning reward             : 8926.702
episode length              : 257.2
abstract changes / episode  : 18.2
DFA transitions / episode   : 1.92
DFA transitions in window   : 1->2: 96, 2->3: 96
epsilons (next episode)      : 1: 0.08000, 2: 0.08000, 3: 1.00000
replay buffer                : 300000 samples [1: 77.1%, 2: 22.9%, 3: 0.0%]
DFA state visits in window   : 1: 16971, 2: 8751, 3: 96
DFA state visits cumulative  : 1: 1787692, 2: 398527, 3: 1725
DFA state entries in window  : 1: 100, 2: 96, 3: 96
DFA state entries cumulative : 1: 5800, 2: 3335, 3: 1725
transitions cumulative       : 1->2: 3335, 2->3: 1725
accepted directly from s0    : 0
Gym endings cumulative       : terminated=3490, truncated=585
Best policy updated at episode 5800: mean learning reward=8926.702

[Episode 5900/8000 | last 100]
success rate                : 91.0% (cumulative 30.8%)
synthetic task reward       : 9100.000
shaping reward              : -781.352
learning reward             : 8318.648
episode length              : 245.9
abstract changes / episode  : 19.2
DFA transitions / episode   : 1.88
DFA transitions in window   : 1->2: 97, 2->3: 91
epsilons (next episode)      : 1: 0.08000, 2: 0.08000, 3: 1.00000
replay buffer                : 300000 samples [1: 77.5%, 2: 22.5%, 3: 0.0%]
DFA state visits in window   : 1: 15775, 2: 8822, 3: 91
DFA state visits cumulative  : 1: 1803467, 2: 407349, 3: 1816
DFA state entries in window  : 1: 100, 2: 97, 3: 91
DFA state entries cumulative : 1: 5900, 2: 3432, 3: 1816
transitions cumulative       : 1->2: 3432, 2->3: 1816
accepted directly from s0    : 0
Gym endings cumulative       : terminated=3499, truncated=585

[Episode 6000/8000 | last 100]
success rate                : 96.0% (cumulative 31.9%)
synthetic task reward       : 9600.000
shaping reward              : -692.519
learning reward             : 8907.481
episode length              : 249.1
abstract changes / episode  : 18.4
DFA transitions / episode   : 1.93
DFA transitions in window   : 1->2: 97, 2->3: 96
epsilons (next episode)      : 1: 0.08000, 2: 0.08000, 3: 1.00000
replay buffer                : 300000 samples [1: 77.2%, 2: 22.8%, 3: 0.0%]
DFA state visits in window   : 1: 15866, 2: 9043, 3: 96
DFA state visits cumulative  : 1: 1819333, 2: 416392, 3: 1912
DFA state entries in window  : 1: 100, 2: 97, 3: 96
DFA state entries cumulative : 1: 6000, 2: 3529, 3: 1912
transitions cumulative       : 1->2: 3529, 2->3: 1912
accepted directly from s0    : 0
Gym endings cumulative       : terminated=3503, truncated=585

[Episode 6100/8000 | last 100]
success rate                : 82.0% (cumulative 32.7%)
synthetic task reward       : 8200.000
shaping reward              : -781.441
learning reward             : 7418.559
episode length              : 259.6
abstract changes / episode  : 17.8
DFA transitions / episode   : 1.70
DFA transitions in window   : 1->2: 88, 2->3: 82
epsilons (next episode)      : 1: 0.08000, 2: 0.08000, 3: 1.00000
replay buffer                : 300000 samples [1: 77.4%, 2: 22.6%, 3: 0.0%]
DFA state visits in window   : 1: 17825, 2: 8156, 3: 82
DFA state visits cumulative  : 1: 1837158, 2: 424548, 3: 1994
DFA state entries in window  : 1: 100, 2: 88, 3: 82
DFA state entries cumulative : 1: 6100, 2: 3617, 3: 1994
transitions cumulative       : 1->2: 3617, 2->3: 1994
accepted directly from s0    : 0
Gym endings cumulative       : terminated=3521, truncated=585

[Episode 6200/8000 | last 100]
success rate                : 57.0% (cumulative 33.1%)
synthetic task reward       : 5700.000
shaping reward              : -917.507
learning reward             : 4782.493
episode length              : 277.0
abstract changes / episode  : 17.7
DFA transitions / episode   : 1.30
DFA transitions in window   : 1->2: 73, 2->3: 57
epsilons (next episode)      : 1: 0.08000, 2: 0.08000, 3: 1.00000
replay buffer                : 300000 samples [1: 76.9%, 2: 23.1%, 3: 0.0%]
DFA state visits in window   : 1: 21237, 2: 6503, 3: 57
DFA state visits cumulative  : 1: 1858395, 2: 431051, 3: 2051
DFA state entries in window  : 1: 100, 2: 73, 3: 57
DFA state entries cumulative : 1: 6200, 2: 3690, 3: 2051
transitions cumulative       : 1->2: 3690, 2->3: 2051
accepted directly from s0    : 0
Gym endings cumulative       : terminated=3563, truncated=586

[Episode 6300/8000 | last 100]
success rate                : 63.0% (cumulative 33.6%)
synthetic task reward       : 6300.000
shaping reward              : -848.585
learning reward             : 5451.415
episode length              : 256.1
abstract changes / episode  : 17.4
DFA transitions / episode   : 1.42
DFA transitions in window   : 1->2: 79, 2->3: 63
epsilons (next episode)      : 1: 0.08000, 2: 0.08000, 3: 1.00000
replay buffer                : 300000 samples [1: 74.6%, 2: 25.4%, 3: 0.0%]
DFA state visits in window   : 1: 17725, 2: 7924, 3: 63
DFA state visits cumulative  : 1: 1876120, 2: 438975, 3: 2114
DFA state entries in window  : 1: 100, 2: 79, 3: 63
DFA state entries cumulative : 1: 6300, 2: 3769, 3: 2114
transitions cumulative       : 1->2: 3769, 2->3: 2114
accepted directly from s0    : 0
Gym endings cumulative       : terminated=3600, truncated=586

[Episode 6400/8000 | last 100]
success rate                : 66.0% (cumulative 34.1%)
synthetic task reward       : 6600.000
shaping reward              : -877.345
learning reward             : 5722.655
episode length              : 309.1
abstract changes / episode  : 17.7
DFA transitions / episode   : 1.41
DFA transitions in window   : 1->2: 75, 2->3: 66
epsilons (next episode)      : 1: 0.08000, 2: 0.08000, 3: 1.00000
replay buffer                : 300000 samples [1: 72.2%, 2: 27.8%, 3: 0.0%]
DFA state visits in window   : 1: 21558, 2: 9382, 3: 66
DFA state visits cumulative  : 1: 1897678, 2: 448357, 3: 2180
DFA state entries in window  : 1: 100, 2: 75, 3: 66
DFA state entries cumulative : 1: 6400, 2: 3844, 3: 2180
transitions cumulative       : 1->2: 3844, 2->3: 2180
accepted directly from s0    : 0
Gym endings cumulative       : terminated=3633, truncated=587

[Episode 6500/8000 | last 100]
success rate                : 85.0% (cumulative 34.8%)
synthetic task reward       : 8500.000
shaping reward              : -845.904
learning reward             : 7654.096
episode length              : 295.3
abstract changes / episode  : 19.4
DFA transitions / episode   : 1.82
DFA transitions in window   : 1->2: 97, 2->3: 85
epsilons (next episode)      : 1: 0.08000, 2: 0.08000, 3: 1.00000
replay buffer                : 300000 samples [1: 71.5%, 2: 28.5%, 3: 0.0%]
DFA state visits in window   : 1: 19831, 2: 9711, 3: 85
DFA state visits cumulative  : 1: 1917509, 2: 458068, 3: 2265
DFA state entries in window  : 1: 100, 2: 97, 3: 85
DFA state entries cumulative : 1: 6500, 2: 3941, 3: 2265
transitions cumulative       : 1->2: 3941, 2->3: 2265
accepted directly from s0    : 0
Gym endings cumulative       : terminated=3648, truncated=587

[Episode 6600/8000 | last 100]
success rate                : 80.0% (cumulative 35.5%)
synthetic task reward       : 8000.000
shaping reward              : -860.822
learning reward             : 7139.178
episode length              : 285.0
abstract changes / episode  : 19.0
DFA transitions / episode   : 1.72
DFA transitions in window   : 1->2: 92, 2->3: 80
epsilons (next episode)      : 1: 0.08000, 2: 0.08000, 3: 1.00000
replay buffer                : 300000 samples [1: 70.5%, 2: 29.5%, 3: 0.0%]
DFA state visits in window   : 1: 18725, 2: 9799, 3: 80
DFA state visits cumulative  : 1: 1936234, 2: 467867, 3: 2345
DFA state entries in window  : 1: 100, 2: 92, 3: 80
DFA state entries cumulative : 1: 6600, 2: 4033, 3: 2345
transitions cumulative       : 1->2: 4033, 2->3: 2345
accepted directly from s0    : 0
Gym endings cumulative       : terminated=3668, truncated=587

[Episode 6700/8000 | last 100]
success rate                : 62.0% (cumulative 35.9%)
synthetic task reward       : 6200.000
shaping reward              : -1159.263
learning reward             : 5040.737
episode length              : 275.8
abstract changes / episode  : 19.0
DFA transitions / episode   : 1.32
DFA transitions in window   : 1->2: 70, 2->3: 62
epsilons (next episode)      : 1: 0.08000, 2: 0.08000, 3: 1.00000
replay buffer                : 300000 samples [1: 69.6%, 2: 30.4%, 3: 0.0%]
DFA state visits in window   : 1: 20856, 2: 6762, 3: 62
DFA state visits cumulative  : 1: 1957090, 2: 474629, 3: 2407
DFA state entries in window  : 1: 100, 2: 70, 3: 62
DFA state entries cumulative : 1: 6700, 2: 4103, 3: 2407
transitions cumulative       : 1->2: 4103, 2->3: 2407
accepted directly from s0    : 0
Gym endings cumulative       : terminated=3706, truncated=587

[Episode 6800/8000 | last 100]
success rate                : 76.0% (cumulative 36.5%)
synthetic task reward       : 7600.000
shaping reward              : -978.660
learning reward             : 6621.340
episode length              : 280.9
abstract changes / episode  : 19.0
DFA transitions / episode   : 1.58
DFA transitions in window   : 1->2: 82, 2->3: 76
epsilons (next episode)      : 1: 0.08000, 2: 0.08000, 3: 1.00000
replay buffer                : 300000 samples [1: 69.1%, 2: 30.9%, 3: 0.0%]
DFA state visits in window   : 1: 20413, 2: 7706, 3: 76
DFA state visits cumulative  : 1: 1977503, 2: 482335, 3: 2483
DFA state entries in window  : 1: 100, 2: 82, 3: 76
DFA state entries cumulative : 1: 6800, 2: 4185, 3: 2483
transitions cumulative       : 1->2: 4185, 2->3: 2483
accepted directly from s0    : 0
Gym endings cumulative       : terminated=3730, truncated=587

[Episode 6900/8000 | last 100]
success rate                : 74.0% (cumulative 37.1%)
synthetic task reward       : 7400.000
shaping reward              : -991.597
learning reward             : 6408.403
episode length              : 287.3
abstract changes / episode  : 19.7
DFA transitions / episode   : 1.58
DFA transitions in window   : 1->2: 84, 2->3: 74
epsilons (next episode)      : 1: 0.08000, 2: 0.08000, 3: 1.00000
replay buffer                : 300000 samples [1: 69.4%, 2: 30.6%, 3: 0.0%]
DFA state visits in window   : 1: 19838, 2: 8921, 3: 74
DFA state visits cumulative  : 1: 1997341, 2: 491256, 3: 2557
DFA state entries in window  : 1: 100, 2: 84, 3: 74
DFA state entries cumulative : 1: 6900, 2: 4269, 3: 2557
transitions cumulative       : 1->2: 4269, 2->3: 2557
accepted directly from s0    : 0
Gym endings cumulative       : terminated=3756, truncated=587

[Episode 7000/8000 | last 100]
success rate                : 67.0% (cumulative 37.5%)
synthetic task reward       : 6700.000
shaping reward              : -1265.080
learning reward             : 5434.920
episode length              : 332.9
abstract changes / episode  : 21.3
DFA transitions / episode   : 1.39
DFA transitions in window   : 1->2: 72, 2->3: 67
epsilons (next episode)      : 1: 0.08000, 2: 0.08000, 3: 1.00000
replay buffer                : 300000 samples [1: 71.1%, 2: 28.9%, 3: 0.0%]
DFA state visits in window   : 1: 26332, 2: 6989, 3: 67
DFA state visits cumulative  : 1: 2023673, 2: 498245, 3: 2624
DFA state entries in window  : 1: 100, 2: 72, 3: 67
DFA state entries cumulative : 1: 7000, 2: 4341, 3: 2624
transitions cumulative       : 1->2: 4341, 2->3: 2624
accepted directly from s0    : 0
Gym endings cumulative       : terminated=3788, truncated=588

[Episode 7100/8000 | last 100]
success rate                : 83.0% (cumulative 38.1%)
synthetic task reward       : 8300.000
shaping reward              : -806.405
learning reward             : 7493.595
episode length              : 282.4
abstract changes / episode  : 18.9
DFA transitions / episode   : 1.74
DFA transitions in window   : 1->2: 91, 2->3: 83
epsilons (next episode)      : 1: 0.08000, 2: 0.08000, 3: 1.00000
replay buffer                : 300000 samples [1: 71.5%, 2: 28.5%, 3: 0.0%]
DFA state visits in window   : 1: 19573, 2: 8684, 3: 83
DFA state visits cumulative  : 1: 2043246, 2: 506929, 3: 2707
DFA state entries in window  : 1: 100, 2: 91, 3: 83
DFA state entries cumulative : 1: 7100, 2: 4432, 3: 2707
transitions cumulative       : 1->2: 4432, 2->3: 2707
accepted directly from s0    : 0
Gym endings cumulative       : terminated=3805, truncated=588

[Episode 7200/8000 | last 100]
success rate                : 77.0% (cumulative 38.7%)
synthetic task reward       : 7700.000
shaping reward              : -922.807
learning reward             : 6777.193
episode length              : 278.1
abstract changes / episode  : 19.5
DFA transitions / episode   : 1.66
DFA transitions in window   : 1->2: 89, 2->3: 77
epsilons (next episode)      : 1: 0.08000, 2: 0.08000, 3: 1.00000
replay buffer                : 300000 samples [1: 71.0%, 2: 29.0%, 3: 0.0%]
DFA state visits in window   : 1: 18929, 2: 8908, 3: 77
DFA state visits cumulative  : 1: 2062175, 2: 515837, 3: 2784
DFA state entries in window  : 1: 100, 2: 89, 3: 77
DFA state entries cumulative : 1: 7200, 2: 4521, 3: 2784
transitions cumulative       : 1->2: 4521, 2->3: 2784
accepted directly from s0    : 0
Gym endings cumulative       : terminated=3828, truncated=588

[Episode 7300/8000 | last 100]
success rate                : 71.0% (cumulative 39.1%)
synthetic task reward       : 7100.000
shaping reward              : -873.980
learning reward             : 6226.020
episode length              : 312.5
abstract changes / episode  : 18.5
DFA transitions / episode   : 1.67
DFA transitions in window   : 1->2: 96, 2->3: 71
epsilons (next episode)      : 1: 0.08000, 2: 0.08000, 3: 1.00000
replay buffer                : 300000 samples [1: 69.8%, 2: 30.2%, 3: 0.0%]
DFA state visits in window   : 1: 19228, 2: 12049, 3: 71
DFA state visits cumulative  : 1: 2081403, 2: 527886, 3: 2855
DFA state entries in window  : 1: 100, 2: 96, 3: 71
DFA state entries cumulative : 1: 7300, 2: 4617, 3: 2855
transitions cumulative       : 1->2: 4617, 2->3: 2855
accepted directly from s0    : 0
Gym endings cumulative       : terminated=3857, truncated=588

[Episode 7400/8000 | last 100]
success rate                : 90.0% (cumulative 39.8%)
synthetic task reward       : 9000.000
shaping reward              : -783.275
learning reward             : 8216.725
episode length              : 314.5
abstract changes / episode  : 19.0
DFA transitions / episode   : 1.85
DFA transitions in window   : 1->2: 95, 2->3: 90
epsilons (next episode)      : 1: 0.08000, 2: 0.08000, 3: 1.00000
replay buffer                : 300000 samples [1: 69.7%, 2: 30.3%, 3: 0.0%]
DFA state visits in window   : 1: 22066, 2: 9398, 3: 90
DFA state visits cumulative  : 1: 2103469, 2: 537284, 3: 2945
DFA state entries in window  : 1: 100, 2: 95, 3: 90
DFA state entries cumulative : 1: 7400, 2: 4712, 3: 2945
transitions cumulative       : 1->2: 4712, 2->3: 2945
accepted directly from s0    : 0
Gym endings cumulative       : terminated=3867, truncated=588

[Episode 7500/8000 | last 100]
success rate                : 89.0% (cumulative 40.5%)
synthetic task reward       : 8900.000
shaping reward              : -681.439
learning reward             : 8218.561
episode length              : 271.2
abstract changes / episode  : 17.9
DFA transitions / episode   : 1.83
DFA transitions in window   : 1->2: 94, 2->3: 89
epsilons (next episode)      : 1: 0.08000, 2: 0.08000, 3: 1.00000
replay buffer                : 300000 samples [1: 70.0%, 2: 30.0%, 3: 0.0%]
DFA state visits in window   : 1: 18581, 2: 8550, 3: 89
DFA state visits cumulative  : 1: 2122050, 2: 545834, 3: 3034
DFA state entries in window  : 1: 100, 2: 94, 3: 89
DFA state entries cumulative : 1: 7500, 2: 4806, 3: 3034
transitions cumulative       : 1->2: 4806, 2->3: 3034
accepted directly from s0    : 0
Gym endings cumulative       : terminated=3878, truncated=588

[Episode 7600/8000 | last 100]
success rate                : 80.0% (cumulative 41.0%)
synthetic task reward       : 8000.000
shaping reward              : -753.786
learning reward             : 7246.214
episode length              : 284.1
abstract changes / episode  : 17.8
DFA transitions / episode   : 1.71
DFA transitions in window   : 1->2: 91, 2->3: 80
epsilons (next episode)      : 1: 0.08000, 2: 0.08000, 3: 1.00000
replay buffer                : 300000 samples [1: 69.9%, 2: 30.1%, 3: 0.0%]
DFA state visits in window   : 1: 19166, 2: 9263, 3: 80
DFA state visits cumulative  : 1: 2141216, 2: 555097, 3: 3114
DFA state entries in window  : 1: 100, 2: 91, 3: 80
DFA state entries cumulative : 1: 7600, 2: 4897, 3: 3114
transitions cumulative       : 1->2: 4897, 2->3: 3114
accepted directly from s0    : 0
Gym endings cumulative       : terminated=3898, truncated=588

[Episode 7700/8000 | last 100]
success rate                : 67.0% (cumulative 41.3%)
synthetic task reward       : 6700.000
shaping reward              : -880.992
learning reward             : 5819.008
episode length              : 265.0
abstract changes / episode  : 18.2
DFA transitions / episode   : 1.52
DFA transitions in window   : 1->2: 85, 2->3: 67
epsilons (next episode)      : 1: 0.08000, 2: 0.08000, 3: 1.00000
replay buffer                : 300000 samples [1: 69.9%, 2: 30.1%, 3: 0.0%]
DFA state visits in window   : 1: 18289, 2: 8241, 3: 67
DFA state visits cumulative  : 1: 2159505, 2: 563338, 3: 3181
DFA state entries in window  : 1: 100, 2: 85, 3: 67
DFA state entries cumulative : 1: 7700, 2: 4982, 3: 3181
transitions cumulative       : 1->2: 4982, 2->3: 3181
accepted directly from s0    : 0
Gym endings cumulative       : terminated=3931, truncated=588

[Episode 7800/8000 | last 100]
success rate                : 84.0% (cumulative 41.9%)
synthetic task reward       : 8400.000
shaping reward              : -827.722
learning reward             : 7572.278
episode length              : 276.5
abstract changes / episode  : 18.6
DFA transitions / episode   : 1.73
DFA transitions in window   : 1->2: 89, 2->3: 84
epsilons (next episode)      : 1: 0.08000, 2: 0.08000, 3: 1.00000
replay buffer                : 300000 samples [1: 69.5%, 2: 30.5%, 3: 0.0%]
DFA state visits in window   : 1: 19236, 2: 8432, 3: 84
DFA state visits cumulative  : 1: 2178741, 2: 571770, 3: 3265
DFA state entries in window  : 1: 100, 2: 89, 3: 84
DFA state entries cumulative : 1: 7800, 2: 5071, 3: 3265
transitions cumulative       : 1->2: 5071, 2->3: 3265
accepted directly from s0    : 0
Gym endings cumulative       : terminated=3947, truncated=588

[Episode 7900/8000 | last 100]
success rate                : 85.0% (cumulative 42.4%)
synthetic task reward       : 8500.000
shaping reward              : -746.719
learning reward             : 7753.281
episode length              : 261.7
abstract changes / episode  : 17.9
DFA transitions / episode   : 1.76
DFA transitions in window   : 1->2: 91, 2->3: 85
epsilons (next episode)      : 1: 0.08000, 2: 0.08000, 3: 1.00000
replay buffer                : 300000 samples [1: 69.1%, 2: 30.9%, 3: 0.0%]
DFA state visits in window   : 1: 17498, 2: 8685, 3: 85
DFA state visits cumulative  : 1: 2196239, 2: 580455, 3: 3350
DFA state entries in window  : 1: 100, 2: 91, 3: 85
DFA state entries cumulative : 1: 7900, 2: 5162, 3: 3350
transitions cumulative       : 1->2: 5162, 2->3: 3350
accepted directly from s0    : 0
Gym endings cumulative       : terminated=3962, truncated=588

[Episode 8000/8000 | last 100]
success rate                : 82.0% (cumulative 42.9%)
synthetic task reward       : 8200.000
shaping reward              : -727.614
learning reward             : 7472.386
episode length              : 245.6
abstract changes / episode  : 17.2
DFA transitions / episode   : 1.69
DFA transitions in window   : 1->2: 87, 2->3: 82
epsilons (next episode)      : 1: 0.08000, 2: 0.08000, 3: 1.00000
replay buffer                : 300000 samples [1: 68.4%, 2: 31.6%, 3: 0.0%]
DFA state visits in window   : 1: 16452, 2: 8128, 3: 82
DFA state visits cumulative  : 1: 2212691, 2: 588583, 3: 3432
DFA state entries in window  : 1: 100, 2: 87, 3: 82
DFA state entries cumulative : 1: 8000, 2: 5249, 3: 3432
transitions cumulative       : 1->2: 5249, 2->3: 3432
accepted directly from s0    : 0
Gym endings cumulative       : terminated=3980, truncated=588
Last policy saved after episode 8000. Best policy: episode 5800, mean learning reward=8926.702
