
=== NEW RUN ===
episodes=8000, shaping=True, K=1.0, goal_reward=10000.0, gamma=0.99
waypoints={'g1': (5, 9), 'g2': (3, 5), 'g3': (7, 5)}
automaton_states=['q1', 'q2', 'q3'], initial=q1, accepting=['q4']

[Episode 1/8000 | last 1]
success rate                : 0.0% (cumulative 0.0%)
synthetic task reward       : 0.000
shaping reward              : -5462.254
learning reward             : -5462.254
episode length              : 105.0
abstract changes / episode  : 12.0
completed cycles / episode   : 0.00
automaton changes / episode  : 0.00
automaton changes in window  : none
epsilon (next episode)       : 0.99960
replay buffer                : 105 samples [q1: 100.0%, q2: 0.0%, q3: 0.0%]
state visits in window        : q1: 106, q2: 0, q3: 0
state visits cumulative       : q1: 106, q2: 0, q3: 0
state entries in window       : q1: 1, q2: 0, q3: 0
state entries cumulative      : q1: 1, q2: 0, q3: 0
transitions cumulative       : none
Gym endings cumulative       : terminated=1, truncated=0
Best policy updated at episode 1: mean learning reward=-5462.254

[Episode 100/8000 | last 100]
success rate                : 0.0% (cumulative 0.0%)
synthetic task reward       : 0.000
shaping reward              : -3379.572
learning reward             : -3379.572
episode length              : 90.2
abstract changes / episode  : 12.6
completed cycles / episode   : 0.00
automaton changes / episode  : 0.34
automaton changes in window  : q1->q2: 29, q2->q3: 5
epsilon (next episode)       : 0.96078
replay buffer                : 9024 samples [q1: 81.7%, q2: 16.6%, q3: 1.7%]
state visits in window        : q1: 7443, q2: 1522, q3: 159
state visits cumulative       : q1: 7443, q2: 1522, q3: 159
state entries in window       : q1: 100, q2: 29, q3: 5
state entries cumulative      : q1: 100, q2: 29, q3: 5
transitions cumulative       : q1->q2: 29, q2->q3: 5
Gym endings cumulative       : terminated=100, truncated=0
Best policy updated at episode 100: mean learning reward=-3379.572

[Episode 200/8000 | last 100]
success rate                : 0.0% (cumulative 0.0%)
synthetic task reward       : 0.000
shaping reward              : -3027.187
learning reward             : -3027.187
episode length              : 92.9
abstract changes / episode  : 12.9
completed cycles / episode   : 0.00
automaton changes / episode  : 0.40
automaton changes in window  : q1->q2: 33, q2->q3: 7
epsilon (next episode)       : 0.92310
replay buffer                : 18318 samples [q1: 80.2%, q2: 17.8%, q3: 2.0%]
state visits in window        : q1: 7385, q2: 1793, q3: 216
state visits cumulative       : q1: 14828, q2: 3315, q3: 375
state entries in window       : q1: 100, q2: 33, q3: 7
state entries cumulative      : q1: 200, q2: 62, q3: 12
transitions cumulative       : q1->q2: 62, q2->q3: 12
Gym endings cumulative       : terminated=200, truncated=0
Best policy updated at episode 200: mean learning reward=-3027.187

[Episode 300/8000 | last 100]
success rate                : 0.0% (cumulative 0.0%)
synthetic task reward       : 0.000
shaping reward              : -3293.465
learning reward             : -3293.465
episode length              : 96.2
abstract changes / episode  : 12.7
completed cycles / episode   : 0.00
automaton changes / episode  : 0.35
automaton changes in window  : q1->q2: 30, q2->q3: 5
epsilon (next episode)       : 0.88690
replay buffer                : 27942 samples [q1: 80.7%, q2: 17.6%, q3: 1.8%]
state visits in window        : q1: 7922, q2: 1666, q3: 136
state visits cumulative       : q1: 22750, q2: 4981, q3: 511
state entries in window       : q1: 100, q2: 30, q3: 5
state entries cumulative      : q1: 300, q2: 92, q3: 17
transitions cumulative       : q1->q2: 92, q2->q3: 17
Gym endings cumulative       : terminated=300, truncated=0

[Episode 400/8000 | last 100]
success rate                : 0.0% (cumulative 0.0%)
synthetic task reward       : 0.000
shaping reward              : -2810.718
learning reward             : -2810.718
episode length              : 99.1
abstract changes / episode  : 12.9
completed cycles / episode   : 0.00
automaton changes / episode  : 0.44
automaton changes in window  : q1->q2: 39, q2->q3: 5
epsilon (next episode)       : 0.85212
replay buffer                : 37848 samples [q1: 79.4%, q2: 18.9%, q3: 1.7%]
state visits in window        : q1: 7569, q2: 2268, q3: 169
state visits cumulative       : q1: 30319, q2: 7249, q3: 680
state entries in window       : q1: 100, q2: 39, q3: 5
state entries cumulative      : q1: 400, q2: 131, q3: 22
transitions cumulative       : q1->q2: 131, q2->q3: 22
Gym endings cumulative       : terminated=400, truncated=0
Best policy updated at episode 400: mean learning reward=-2810.718

[Episode 500/8000 | last 100]
success rate                : 0.0% (cumulative 0.0%)
synthetic task reward       : 0.000
shaping reward              : -2435.984
learning reward             : -2435.984
episode length              : 108.3
abstract changes / episode  : 12.8
completed cycles / episode   : 0.00
automaton changes / episode  : 0.49
automaton changes in window  : q1->q2: 44, q2->q3: 5
epsilon (next episode)       : 0.81870
replay buffer                : 48679 samples [q1: 76.2%, q2: 22.1%, q3: 1.7%]
state visits in window        : q1: 7078, q2: 3665, q3: 188
state visits cumulative       : q1: 37397, q2: 10914, q3: 868
state entries in window       : q1: 100, q2: 44, q3: 5
state entries cumulative      : q1: 500, q2: 175, q3: 27
transitions cumulative       : q1->q2: 175, q2->q3: 27
Gym endings cumulative       : terminated=499, truncated=1
Best policy updated at episode 500: mean learning reward=-2435.984

[Episode 600/8000 | last 100]
success rate                : 0.0% (cumulative 0.0%)
synthetic task reward       : 0.000
shaping reward              : -2538.596
learning reward             : -2538.596
episode length              : 102.7
abstract changes / episode  : 12.8
completed cycles / episode   : 0.00
automaton changes / episode  : 0.48
automaton changes in window  : q1->q2: 41, q2->q3: 7
epsilon (next episode)       : 0.78659
replay buffer                : 58951 samples [q1: 75.8%, q2: 22.4%, q3: 1.8%]
state visits in window        : q1: 7684, q2: 2457, q3: 231
state visits cumulative       : q1: 45081, q2: 13371, q3: 1099
state entries in window       : q1: 100, q2: 41, q3: 7
state entries cumulative      : q1: 600, q2: 216, q3: 34
transitions cumulative       : q1->q2: 216, q2->q3: 34
Gym endings cumulative       : terminated=599, truncated=1

[Episode 700/8000 | last 100]
success rate                : 0.0% (cumulative 0.0%)
synthetic task reward       : 0.000
shaping reward              : -2418.989
learning reward             : -2418.989
episode length              : 102.2
abstract changes / episode  : 13.4
completed cycles / episode   : 0.00
automaton changes / episode  : 0.51
automaton changes in window  : q1->q2: 40, q2->q3: 11
epsilon (next episode)       : 0.75574
replay buffer                : 69174 samples [q1: 75.5%, q2: 22.4%, q3: 2.1%]
state visits in window        : q1: 7607, q2: 2321, q3: 395
state visits cumulative       : q1: 52688, q2: 15692, q3: 1494
state entries in window       : q1: 100, q2: 40, q3: 11
state entries cumulative      : q1: 700, q2: 256, q3: 45
transitions cumulative       : q1->q2: 256, q2->q3: 45
Gym endings cumulative       : terminated=699, truncated=1
Best policy updated at episode 700: mean learning reward=-2418.989

[Episode 800/8000 | last 100]
success rate                : 0.0% (cumulative 0.0%)
synthetic task reward       : 0.000
shaping reward              : -2934.432
learning reward             : -2934.432
episode length              : 113.9
abstract changes / episode  : 13.3
completed cycles / episode   : 0.00
automaton changes / episode  : 0.39
automaton changes in window  : q1->q2: 33, q2->q3: 6
epsilon (next episode)       : 0.72610
replay buffer                : 80565 samples [q1: 76.3%, q2: 21.7%, q3: 2.0%]
state visits in window        : q1: 9274, q2: 2012, q3: 205
state visits cumulative       : q1: 61962, q2: 17704, q3: 1699
state entries in window       : q1: 100, q2: 33, q3: 6
state entries cumulative      : q1: 800, q2: 289, q3: 51
transitions cumulative       : q1->q2: 289, q2->q3: 51
Gym endings cumulative       : terminated=798, truncated=2

[Episode 900/8000 | last 100]
success rate                : 0.0% (cumulative 0.0%)
synthetic task reward       : 0.000
shaping reward              : -2194.373
learning reward             : -2194.373
episode length              : 113.4
abstract changes / episode  : 13.6
completed cycles / episode   : 0.00
automaton changes / episode  : 0.55
automaton changes in window  : q1->q2: 41, q2->q3: 14
epsilon (next episode)       : 0.69763
replay buffer                : 91901 samples [q1: 75.4%, q2: 22.4%, q3: 2.2%]
state visits in window        : q1: 7862, q2: 3181, q3: 393
state visits cumulative       : q1: 69824, q2: 20885, q3: 2092
state entries in window       : q1: 100, q2: 41, q3: 14
state entries cumulative      : q1: 900, q2: 330, q3: 65
transitions cumulative       : q1->q2: 330, q2->q3: 65
Gym endings cumulative       : terminated=897, truncated=3
Best policy updated at episode 900: mean learning reward=-2194.373

[Episode 1000/8000 | last 100]
success rate                : 0.0% (cumulative 0.0%)
synthetic task reward       : 0.000
shaping reward              : -2853.967
learning reward             : -2853.967
episode length              : 108.7
abstract changes / episode  : 13.7
completed cycles / episode   : 0.00
automaton changes / episode  : 0.44
automaton changes in window  : q1->q2: 33, q2->q3: 11
epsilon (next episode)       : 0.67027
replay buffer                : 102770 samples [q1: 76.1%, q2: 21.7%, q3: 2.3%]
state visits in window        : q1: 8973, q2: 1673, q3: 323
state visits cumulative       : q1: 78797, q2: 22558, q3: 2415
state entries in window       : q1: 100, q2: 33, q3: 11
state entries cumulative      : q1: 1000, q2: 363, q3: 76
transitions cumulative       : q1->q2: 363, q2->q3: 76
Gym endings cumulative       : terminated=997, truncated=3

[Episode 1100/8000 | last 100]
success rate                : 0.0% (cumulative 0.0%)
synthetic task reward       : 0.000
shaping reward              : -2066.529
learning reward             : -2066.529
episode length              : 103.1
abstract changes / episode  : 13.9
completed cycles / episode   : 0.00
automaton changes / episode  : 0.61
automaton changes in window  : q1->q2: 42, q2->q3: 19
epsilon (next episode)       : 0.64398
replay buffer                : 113078 samples [q1: 75.8%, q2: 21.6%, q3: 2.6%]
state visits in window        : q1: 7571, q2: 2212, q3: 625
state visits cumulative       : q1: 86368, q2: 24770, q3: 3040
state entries in window       : q1: 100, q2: 42, q3: 19
state entries cumulative      : q1: 1100, q2: 405, q3: 95
transitions cumulative       : q1->q2: 405, q2->q3: 95
Gym endings cumulative       : terminated=1097, truncated=3
Best policy updated at episode 1100: mean learning reward=-2066.529

[Episode 1200/8000 | last 100]
success rate                : 0.0% (cumulative 0.0%)
synthetic task reward       : 0.000
shaping reward              : -1680.051
learning reward             : -1680.051
episode length              : 106.8
abstract changes / episode  : 13.8
completed cycles / episode   : 0.00
automaton changes / episode  : 0.68
automaton changes in window  : q1->q2: 45, q2->q3: 23
epsilon (next episode)       : 0.61872
replay buffer                : 123753 samples [q1: 75.5%, q2: 21.6%, q3: 2.9%]
state visits in window        : q1: 7815, q2: 2262, q3: 698
state visits cumulative       : q1: 94183, q2: 27032, q3: 3738
state entries in window       : q1: 100, q2: 45, q3: 23
state entries cumulative      : q1: 1200, q2: 450, q3: 118
transitions cumulative       : q1->q2: 450, q2->q3: 118
Gym endings cumulative       : terminated=1197, truncated=3
Best policy updated at episode 1200: mean learning reward=-1680.051

[Episode 1300/8000 | last 100]
success rate                : 0.0% (cumulative 0.0%)
synthetic task reward       : 0.000
shaping reward              : -1259.229
learning reward             : -1259.229
episode length              : 118.3
abstract changes / episode  : 14.3
completed cycles / episode   : 0.00
automaton changes / episode  : 0.78
automaton changes in window  : q1->q2: 52, q2->q3: 26
epsilon (next episode)       : 0.59446
replay buffer                : 135581 samples [q1: 75.0%, q2: 21.7%, q3: 3.3%]
state visits in window        : q1: 8265, q2: 2775, q3: 888
state visits cumulative       : q1: 102448, q2: 29807, q3: 4626
state entries in window       : q1: 100, q2: 52, q3: 26
state entries cumulative      : q1: 1300, q2: 502, q3: 144
transitions cumulative       : q1->q2: 502, q2->q3: 144
Gym endings cumulative       : terminated=1297, truncated=3
Best policy updated at episode 1300: mean learning reward=-1259.229

[Episode 1400/8000 | last 100]
success rate                : 0.0% (cumulative 0.0%)
synthetic task reward       : 0.000
shaping reward              : -1913.949
learning reward             : -1913.949
episode length              : 135.7
abstract changes / episode  : 14.2
completed cycles / episode   : 0.00
automaton changes / episode  : 0.60
automaton changes in window  : q1->q2: 44, q2->q3: 16
epsilon (next episode)       : 0.57115
replay buffer                : 149151 samples [q1: 75.2%, q2: 21.5%, q3: 3.3%]
state visits in window        : q1: 10496, q2: 2687, q3: 487
state visits cumulative       : q1: 112944, q2: 32494, q3: 5113
state entries in window       : q1: 100, q2: 44, q3: 16
state entries cumulative      : q1: 1400, q2: 546, q3: 160
transitions cumulative       : q1->q2: 546, q2->q3: 160
Gym endings cumulative       : terminated=1397, truncated=3

[Episode 1500/8000 | last 100]
success rate                : 0.0% (cumulative 0.0%)
synthetic task reward       : 0.000
shaping reward              : -903.026
learning reward             : -903.026
episode length              : 138.9
abstract changes / episode  : 14.2
completed cycles / episode   : 0.00
automaton changes / episode  : 0.76
automaton changes in window  : q1->q2: 60, q2->q3: 16
epsilon (next episode)       : 0.54875
replay buffer                : 163040 samples [q1: 74.4%, q2: 22.3%, q3: 3.3%]
state visits in window        : q1: 9172, q2: 4305, q3: 512
state visits cumulative       : q1: 122116, q2: 36799, q3: 5625
state entries in window       : q1: 100, q2: 60, q3: 16
state entries cumulative      : q1: 1500, q2: 606, q3: 176
transitions cumulative       : q1->q2: 606, q2->q3: 176
Gym endings cumulative       : terminated=1497, truncated=3
Best policy updated at episode 1500: mean learning reward=-903.026

[Episode 1600/8000 | last 100]
success rate                : 0.0% (cumulative 0.0%)
synthetic task reward       : 0.000
shaping reward              : -1595.217
learning reward             : -1595.217
episode length              : 153.1
abstract changes / episode  : 14.9
completed cycles / episode   : 0.00
automaton changes / episode  : 0.63
automaton changes in window  : q1->q2: 52, q2->q3: 11
epsilon (next episode)       : 0.52722
replay buffer                : 178354 samples [q1: 73.3%, q2: 23.4%, q3: 3.4%]
state visits in window        : q1: 9520, q2: 5338, q3: 556
state visits cumulative       : q1: 131636, q2: 42137, q3: 6181
state entries in window       : q1: 100, q2: 52, q3: 11
state entries cumulative      : q1: 1600, q2: 658, q3: 187
transitions cumulative       : q1->q2: 658, q2->q3: 187
Gym endings cumulative       : terminated=1597, truncated=3

[Episode 1700/8000 | last 100]
success rate                : 0.0% (cumulative 0.0%)
synthetic task reward       : 0.000
shaping reward              : -2055.025
learning reward             : -2055.025
episode length              : 146.4
abstract changes / episode  : 14.8
completed cycles / episode   : 0.00
automaton changes / episode  : 0.57
automaton changes in window  : q1->q2: 41, q2->q3: 16
epsilon (next episode)       : 0.50655
replay buffer                : 192993 samples [q1: 73.3%, q2: 23.3%, q3: 3.4%]
state visits in window        : q1: 10735, q2: 3402, q3: 602
state visits cumulative       : q1: 142371, q2: 45539, q3: 6783
state entries in window       : q1: 100, q2: 41, q3: 16
state entries cumulative      : q1: 1700, q2: 699, q3: 203
transitions cumulative       : q1->q2: 699, q2->q3: 203
Gym endings cumulative       : terminated=1697, truncated=3

[Episode 1800/8000 | last 100]
success rate                : 0.0% (cumulative 0.0%)
synthetic task reward       : 0.000
shaping reward              : -1629.943
learning reward             : -1629.943
episode length              : 161.8
abstract changes / episode  : 15.3
completed cycles / episode   : 0.00
automaton changes / episode  : 0.62
automaton changes in window  : q1->q2: 47, q2->q3: 15
epsilon (next episode)       : 0.48668
replay buffer                : 209173 samples [q1: 72.7%, q2: 23.7%, q3: 3.6%]
state visits in window        : q1: 10856, q2: 4459, q3: 965
state visits cumulative       : q1: 153227, q2: 49998, q3: 7748
state entries in window       : q1: 100, q2: 47, q3: 15
state entries cumulative      : q1: 1800, q2: 746, q3: 218
transitions cumulative       : q1->q2: 746, q2->q3: 218
Gym endings cumulative       : terminated=1797, truncated=3

[Episode 1900/8000 | last 100]
success rate                : 0.0% (cumulative 0.0%)
synthetic task reward       : 0.000
shaping reward              : -1123.155
learning reward             : -1123.155
episode length              : 181.5
abstract changes / episode  : 15.6
completed cycles / episode   : 0.00
automaton changes / episode  : 0.70
automaton changes in window  : q1->q2: 50, q2->q3: 20
epsilon (next episode)       : 0.46760
replay buffer                : 227320 samples [q1: 72.2%, q2: 24.1%, q3: 3.7%]
state visits in window        : q1: 11959, q2: 5390, q3: 898
state visits cumulative       : q1: 165186, q2: 55388, q3: 8646
state entries in window       : q1: 100, q2: 50, q3: 20
state entries cumulative      : q1: 1900, q2: 796, q3: 238
transitions cumulative       : q1->q2: 796, q2->q3: 238
Gym endings cumulative       : terminated=1897, truncated=3

[Episode 2000/8000 | last 100]
success rate                : 0.0% (cumulative 0.0%)
synthetic task reward       : 0.000
shaping reward              : -1165.005
learning reward             : -1165.005
episode length              : 149.6
abstract changes / episode  : 14.6
completed cycles / episode   : 0.00
automaton changes / episode  : 0.66
automaton changes in window  : q1->q2: 46, q2->q3: 20
epsilon (next episode)       : 0.44926
replay buffer                : 242278 samples [q1: 71.9%, q2: 24.3%, q3: 3.8%]
state visits in window        : q1: 10098, q2: 4116, q3: 844
state visits cumulative       : q1: 175284, q2: 59504, q3: 9490
state entries in window       : q1: 100, q2: 46, q3: 20
state entries cumulative      : q1: 2000, q2: 842, q3: 258
transitions cumulative       : q1->q2: 842, q2->q3: 258
Gym endings cumulative       : terminated=1997, truncated=3

[Episode 2100/8000 | last 100]
success rate                : 0.0% (cumulative 0.0%)
synthetic task reward       : 0.000
shaping reward              : -52.218
learning reward             : -52.218
episode length              : 178.4
abstract changes / episode  : 15.5
completed cycles / episode   : 0.00
automaton changes / episode  : 0.89
automaton changes in window  : q1->q2: 64, q2->q3: 25
epsilon (next episode)       : 0.43164
replay buffer                : 260123 samples [q1: 70.7%, q2: 25.3%, q3: 4.0%]
state visits in window        : q1: 9886, q2: 6930, q3: 1129
state visits cumulative       : q1: 185170, q2: 66434, q3: 10619
state entries in window       : q1: 100, q2: 64, q3: 25
state entries cumulative      : q1: 2100, q2: 906, q3: 283
transitions cumulative       : q1->q2: 906, q2->q3: 283
Gym endings cumulative       : terminated=2097, truncated=3
Best policy updated at episode 2100: mean learning reward=-52.218

[Episode 2200/8000 | last 100]
success rate                : 0.0% (cumulative 0.0%)
synthetic task reward       : 0.000
shaping reward              : -262.900
learning reward             : -262.900
episode length              : 184.2
abstract changes / episode  : 15.7
completed cycles / episode   : 0.00
automaton changes / episode  : 0.90
automaton changes in window  : q1->q2: 56, q2->q3: 34
epsilon (next episode)       : 0.41471
replay buffer                : 278539 samples [q1: 70.1%, q2: 25.5%, q3: 4.3%]
state visits in window        : q1: 11421, q2: 5303, q3: 1792
state visits cumulative       : q1: 196591, q2: 71737, q3: 12411
state entries in window       : q1: 100, q2: 56, q3: 34
state entries cumulative      : q1: 2200, q2: 962, q3: 317
transitions cumulative       : q1->q2: 962, q2->q3: 317
Gym endings cumulative       : terminated=2197, truncated=3

[Episode 2300/8000 | last 100]
success rate                : 0.0% (cumulative 0.0%)
synthetic task reward       : 0.000
shaping reward              : -796.789
learning reward             : -796.789
episode length              : 215.9
abstract changes / episode  : 18.1
completed cycles / episode   : 0.00
automaton changes / episode  : 0.79
automaton changes in window  : q1->q2: 60, q2->q3: 19
epsilon (next episode)       : 0.39845
replay buffer                : 300000 samples [q1: 69.3%, q2: 26.2%, q3: 4.4%]
state visits in window        : q1: 12801, q2: 7697, q3: 1195
state visits cumulative       : q1: 209392, q2: 79434, q3: 13606
state entries in window       : q1: 100, q2: 60, q3: 19
state entries cumulative      : q1: 2300, q2: 1022, q3: 336
transitions cumulative       : q1->q2: 1022, q2->q3: 336
Gym endings cumulative       : terminated=2297, truncated=3

[Episode 2400/8000 | last 100]
success rate                : 0.0% (cumulative 0.0%)
synthetic task reward       : 0.000
shaping reward              : -609.074
learning reward             : -609.074
episode length              : 257.8
abstract changes / episode  : 19.2
completed cycles / episode   : 0.00
automaton changes / episode  : 0.87
automaton changes in window  : q1->q2: 61, q2->q3: 26
epsilon (next episode)       : 0.38282
replay buffer                : 300000 samples [q1: 67.4%, q2: 27.5%, q3: 5.1%]
state visits in window        : q1: 14904, q2: 8527, q3: 2448
state visits cumulative       : q1: 224296, q2: 87961, q3: 16054
state entries in window       : q1: 100, q2: 61, q3: 26
state entries cumulative      : q1: 2400, q2: 1083, q3: 362
transitions cumulative       : q1->q2: 1083, q2->q3: 362
Gym endings cumulative       : terminated=2396, truncated=4

[Episode 2500/8000 | last 100]
success rate                : 0.0% (cumulative 0.0%)
synthetic task reward       : 0.000
shaping reward              : -373.436
learning reward             : -373.436
episode length              : 264.8
abstract changes / episode  : 19.8
completed cycles / episode   : 0.00
automaton changes / episode  : 0.85
automaton changes in window  : q1->q2: 66, q2->q3: 19
epsilon (next episode)       : 0.36781
replay buffer                : 300000 samples [q1: 65.7%, q2: 28.8%, q3: 5.5%]
state visits in window        : q1: 13960, q2: 10961, q3: 1662
state visits cumulative       : q1: 238256, q2: 98922, q3: 17716
state entries in window       : q1: 100, q2: 66, q3: 19
state entries cumulative      : q1: 2500, q2: 1149, q3: 381
transitions cumulative       : q1->q2: 1149, q2->q3: 381
Gym endings cumulative       : terminated=2495, truncated=5

[Episode 2600/8000 | last 100]
success rate                : 0.0% (cumulative 0.0%)
synthetic task reward       : 0.000
shaping reward              : 293.447
learning reward             : 293.447
episode length              : 288.1
abstract changes / episode  : 21.2
completed cycles / episode   : 0.00
automaton changes / episode  : 0.98
automaton changes in window  : q1->q2: 78, q2->q3: 20
epsilon (next episode)       : 0.35338
replay buffer                : 300000 samples [q1: 62.5%, q2: 31.7%, q3: 5.8%]
state visits in window        : q1: 12607, q2: 14582, q3: 1719
state visits cumulative       : q1: 250863, q2: 113504, q3: 19435
state entries in window       : q1: 100, q2: 78, q3: 20
state entries cumulative      : q1: 2600, q2: 1227, q3: 401
transitions cumulative       : q1->q2: 1227, q2->q3: 401
Gym endings cumulative       : terminated=2593, truncated=7
Best policy updated at episode 2600: mean learning reward=293.447

[Episode 2700/8000 | last 100]
success rate                : 2.0% (cumulative 0.1%)
synthetic task reward       : 200.000
shaping reward              : 446.619
learning reward             : 646.619
episode length              : 397.1
abstract changes / episode  : 27.5
completed cycles / episode   : 0.02
automaton changes / episode  : 1.06
automaton changes in window  : q1->q2: 74, q2->q3: 30, q3->q1: 2
epsilon (next episode)       : 0.33952
replay buffer                : 300000 samples [q1: 58.0%, q2: 35.9%, q3: 6.0%]
state visits in window        : q1: 15676, q2: 21500, q3: 2633
state visits cumulative       : q1: 266539, q2: 135004, q3: 22068
state entries in window       : q1: 102, q2: 74, q3: 30
state entries cumulative      : q1: 2702, q2: 1301, q3: 431
transitions cumulative       : q1->q2: 1301, q2->q3: 431, q3->q1: 2
Gym endings cumulative       : terminated=2686, truncated=14
Best policy updated at episode 2700: mean learning reward=646.619

[Episode 2800/8000 | last 100]
success rate                : 5.0% (cumulative 0.2%)
synthetic task reward       : 500.000
shaping reward              : 1327.161
learning reward             : 1827.161
episode length              : 343.0
abstract changes / episode  : 24.9
completed cycles / episode   : 0.05
automaton changes / episode  : 1.37
automaton changes in window  : q1->q2: 82, q2->q3: 50, q3->q1: 5
epsilon (next episode)       : 0.32621
replay buffer                : 300000 samples [q1: 53.5%, q2: 38.4%, q3: 8.1%]
state visits in window        : q1: 11491, q2: 15141, q3: 7771
state visits cumulative       : q1: 278030, q2: 150145, q3: 29839
state entries in window       : q1: 105, q2: 82, q3: 50
state entries cumulative      : q1: 2807, q2: 1383, q3: 481
transitions cumulative       : q1->q2: 1383, q2->q3: 481, q3->q1: 7
Gym endings cumulative       : terminated=2780, truncated=20
Best policy updated at episode 2800: mean learning reward=1827.161

[Episode 2900/8000 | last 100]
success rate                : 11.0% (cumulative 0.6%)
synthetic task reward       : 1100.000
shaping reward              : 1505.976
learning reward             : 2605.976
episode length              : 454.6
abstract changes / episode  : 31.6
completed cycles / episode   : 0.11
automaton changes / episode  : 1.61
automaton changes in window  : q1->q2: 88, q2->q3: 62, q3->q1: 11
epsilon (next episode)       : 0.31341
replay buffer                : 300000 samples [q1: 48.6%, q2: 38.6%, q3: 12.7%]
state visits in window        : q1: 16369, q2: 13164, q3: 16022
state visits cumulative       : q1: 294399, q2: 163309, q3: 45861
state entries in window       : q1: 111, q2: 88, q3: 62
state entries cumulative      : q1: 2918, q2: 1471, q3: 543
transitions cumulative       : q1->q2: 1471, q2->q3: 543, q3->q1: 18
Gym endings cumulative       : terminated=2866, truncated=34
Best policy updated at episode 2900: mean learning reward=2605.976

[Episode 3000/8000 | last 100]
success rate                : 15.0% (cumulative 1.1%)
synthetic task reward       : 1500.000
shaping reward              : 1939.359
learning reward             : 3439.359
episode length              : 462.0
abstract changes / episode  : 32.4
completed cycles / episode   : 0.15
automaton changes / episode  : 1.78
automaton changes in window  : q1->q2: 97, q2->q3: 66, q3->q1: 15
epsilon (next episode)       : 0.30112
replay buffer                : 300000 samples [q1: 42.8%, q2: 38.1%, q3: 19.1%]
state visits in window        : q1: 11797, q2: 12918, q3: 21589
state visits cumulative       : q1: 306196, q2: 176227, q3: 67450
state entries in window       : q1: 115, q2: 97, q3: 66
state entries cumulative      : q1: 3033, q2: 1568, q3: 609
transitions cumulative       : q1->q2: 1568, q2->q3: 609, q3->q1: 33
Gym endings cumulative       : terminated=2952, truncated=48
Best policy updated at episode 3000: mean learning reward=3439.359

[Episode 3100/8000 | last 100]
success rate                : 26.0% (cumulative 1.9%)
synthetic task reward       : 2700.000
shaping reward              : 2364.107
learning reward             : 5064.107
episode length              : 556.9
abstract changes / episode  : 39.8
completed cycles / episode   : 0.27
automaton changes / episode  : 2.18
automaton changes in window  : q1->q2: 108, q2->q3: 83, q3->q1: 27
epsilon (next episode)       : 0.28931
replay buffer                : 300000 samples [q1: 37.2%, q2: 36.6%, q3: 26.1%]
state visits in window        : q1: 16784, q2: 13702, q3: 25300
state visits cumulative       : q1: 322980, q2: 189929, q3: 92750
state entries in window       : q1: 127, q2: 108, q3: 83
state entries cumulative      : q1: 3160, q2: 1676, q3: 692
transitions cumulative       : q1->q2: 1676, q2->q3: 692, q3->q1: 60
Gym endings cumulative       : terminated=3036, truncated=64
Best policy updated at episode 3100: mean learning reward=5064.107

[Episode 3200/8000 | last 100]
success rate                : 28.0% (cumulative 2.7%)
synthetic task reward       : 2900.000
shaping reward              : 2330.466
learning reward             : 5230.466
episode length              : 597.0
abstract changes / episode  : 41.6
completed cycles / episode   : 0.29
automaton changes / episode  : 2.25
automaton changes in window  : q1->q2: 109, q2->q3: 87, q3->q1: 29
epsilon (next episode)       : 0.27797
replay buffer                : 300000 samples [q1: 32.6%, q2: 33.9%, q3: 33.5%]
state visits in window        : q1: 17671, q2: 15896, q3: 26230
state visits cumulative       : q1: 340651, q2: 205825, q3: 118980
state entries in window       : q1: 129, q2: 109, q3: 87
state entries cumulative      : q1: 3289, q2: 1785, q3: 779
transitions cumulative       : q1->q2: 1785, q2->q3: 779, q3->q1: 89
Gym endings cumulative       : terminated=3111, truncated=91
Best policy updated at episode 3200: mean learning reward=5230.466

[Episode 3300/8000 | last 100]
success rate                : 35.0% (cumulative 3.7%)
synthetic task reward       : 3600.000
shaping reward              : 2289.906
learning reward             : 5889.906
episode length              : 603.8
abstract changes / episode  : 45.4
completed cycles / episode   : 0.36
automaton changes / episode  : 2.48
automaton changes in window  : q1->q2: 112, q2->q3: 100, q3->q1: 36
epsilon (next episode)       : 0.26706
replay buffer                : 300000 samples [q1: 32.3%, q2: 27.9%, q3: 39.8%]
state visits in window        : q1: 23634, q2: 13836, q3: 23008
state visits cumulative       : q1: 364285, q2: 219661, q3: 141988
state entries in window       : q1: 136, q2: 112, q3: 100
state entries cumulative      : q1: 3425, q2: 1897, q3: 879
transitions cumulative       : q1->q2: 1897, q2->q3: 879, q3->q1: 125
Gym endings cumulative       : terminated=3187, truncated=115
Best policy updated at episode 3300: mean learning reward=5889.906

[Episode 3400/8000 | last 100]
success rate                : 58.0% (cumulative 5.3%)
synthetic task reward       : 7400.000
shaping reward              : 2458.182
learning reward             : 9858.182
episode length              : 705.4
abstract changes / episode  : 48.6
completed cycles / episode   : 0.74
automaton changes / episode  : 3.50
automaton changes in window  : q1->q2: 144, q2->q3: 132, q3->q1: 74
epsilon (next episode)       : 0.25659
replay buffer                : 300000 samples [q1: 33.2%, q2: 23.9%, q3: 42.8%]
state visits in window        : q1: 27676, q2: 14337, q3: 28625
state visits cumulative       : q1: 391961, q2: 233998, q3: 170613
state entries in window       : q1: 174, q2: 144, q3: 132
state entries cumulative      : q1: 3599, q2: 2041, q3: 1011
transitions cumulative       : q1->q2: 2041, q2->q3: 1011, q3->q1: 199
Gym endings cumulative       : terminated=3243, truncated=159
Best policy updated at episode 3400: mean learning reward=9858.182

[Episode 3500/8000 | last 100]
success rate                : 57.0% (cumulative 6.8%)
synthetic task reward       : 6700.000
shaping reward              : 2684.605
learning reward             : 9384.605
episode length              : 696.9
abstract changes / episode  : 51.8
completed cycles / episode   : 0.67
automaton changes / episode  : 3.38
automaton changes in window  : q1->q2: 147, q2->q3: 124, q3->q1: 67
epsilon (next episode)       : 0.24653
replay buffer                : 300000 samples [q1: 35.0%, q2: 24.3%, q3: 40.7%]
state visits in window        : q1: 23770, q2: 18368, q3: 27655
state visits cumulative       : q1: 415731, q2: 252366, q3: 198268
state entries in window       : q1: 167, q2: 147, q3: 124
state entries cumulative      : q1: 3766, q2: 2188, q3: 1135
transitions cumulative       : q1->q2: 2188, q2->q3: 1135, q3->q1: 266
Gym endings cumulative       : terminated=3308, truncated=194

[Episode 3600/8000 | last 100]
success rate                : 59.0% (cumulative 8.2%)
synthetic task reward       : 7700.000
shaping reward              : 2285.119
learning reward             : 9985.119
episode length              : 688.1
abstract changes / episode  : 52.8
completed cycles / episode   : 0.77
automaton changes / episode  : 3.54
automaton changes in window  : q1->q2: 147, q2->q3: 130, q3->q1: 77
epsilon (next episode)       : 0.23686
replay buffer                : 300000 samples [q1: 37.2%, q2: 22.4%, q3: 40.3%]
state visits in window        : q1: 27583, q2: 13500, q3: 27829
state visits cumulative       : q1: 443314, q2: 265866, q3: 226097
state entries in window       : q1: 177, q2: 147, q3: 130
state entries cumulative      : q1: 3943, q2: 2335, q3: 1265
transitions cumulative       : q1->q2: 2335, q2->q3: 1265, q3->q1: 343
Gym endings cumulative       : terminated=3360, truncated=242
Best policy updated at episode 3600: mean learning reward=9985.119

[Episode 3700/8000 | last 100]
success rate                : 62.0% (cumulative 9.7%)
synthetic task reward       : 9000.000
shaping reward              : 2236.898
learning reward             : 11236.898
episode length              : 714.5
abstract changes / episode  : 54.5
completed cycles / episode   : 0.90
automaton changes / episode  : 3.98
automaton changes in window  : q1->q2: 163, q2->q3: 145, q3->q1: 90
epsilon (next episode)       : 0.22757
replay buffer                : 300000 samples [q1: 38.7%, q2: 21.2%, q3: 40.1%]
state visits in window        : q1: 30292, q2: 14007, q3: 27254
state visits cumulative       : q1: 473606, q2: 279873, q3: 253351
state entries in window       : q1: 190, q2: 163, q3: 145
state entries cumulative      : q1: 4133, q2: 2498, q3: 1410
transitions cumulative       : q1->q2: 2498, q2->q3: 1410, q3->q1: 433
Gym endings cumulative       : terminated=3411, truncated=291
Best policy updated at episode 3700: mean learning reward=11236.898

[Episode 3800/8000 | last 100]
success rate                : 72.0% (cumulative 11.3%)
synthetic task reward       : 11700.000
shaping reward              : 1978.877
learning reward             : 13678.877
episode length              : 844.5
abstract changes / episode  : 61.4
completed cycles / episode   : 1.17
automaton changes / episode  : 4.55
automaton changes in window  : q1->q2: 178, q2->q3: 160, q3->q1: 117
epsilon (next episode)       : 0.21865
replay buffer                : 300000 samples [q1: 38.8%, q2: 21.9%, q3: 39.4%]
state visits in window        : q1: 33110, q2: 18240, q3: 33197
state visits cumulative       : q1: 506716, q2: 298113, q3: 286548
state entries in window       : q1: 217, q2: 178, q3: 160
state entries cumulative      : q1: 4350, q2: 2676, q3: 1570
transitions cumulative       : q1->q2: 2676, q2->q3: 1570, q3->q1: 550
Gym endings cumulative       : terminated=3440, truncated=362
Best policy updated at episode 3800: mean learning reward=13678.877

[Episode 3900/8000 | last 100]
success rate                : 71.0% (cumulative 12.8%)
synthetic task reward       : 11900.000
shaping reward              : 2021.326
learning reward             : 13921.326
episode length              : 788.9
abstract changes / episode  : 58.6
completed cycles / episode   : 1.19
automaton changes / episode  : 4.61
automaton changes in window  : q1->q2: 188, q2->q3: 154, q3->q1: 119
epsilon (next episode)       : 0.21007
replay buffer                : 300000 samples [q1: 40.2%, q2: 20.9%, q3: 38.9%]
state visits in window        : q1: 30807, q2: 17983, q3: 30204
state visits cumulative       : q1: 537523, q2: 316096, q3: 316752
state entries in window       : q1: 219, q2: 188, q3: 154
state entries cumulative      : q1: 4569, q2: 2864, q3: 1724
transitions cumulative       : q1->q2: 2864, q2->q3: 1724, q3->q1: 669
Gym endings cumulative       : terminated=3481, truncated=421
Best policy updated at episode 3900: mean learning reward=13921.326

[Episode 4000/8000 | last 100]
success rate                : 68.0% (cumulative 14.2%)
synthetic task reward       : 10300.000
shaping reward              : 2340.020
learning reward             : 12640.020
episode length              : 724.8
abstract changes / episode  : 54.9
completed cycles / episode   : 1.03
automaton changes / episode  : 4.34
automaton changes in window  : q1->q2: 179, q2->q3: 152, q3->q1: 103
epsilon (next episode)       : 0.20183
replay buffer                : 300000 samples [q1: 40.1%, q2: 21.7%, q3: 38.3%]
state visits in window        : q1: 29340, q2: 16122, q3: 27117
state visits cumulative       : q1: 566863, q2: 332218, q3: 343869
state entries in window       : q1: 203, q2: 179, q3: 152
state entries cumulative      : q1: 4772, q2: 3043, q3: 1876
transitions cumulative       : q1->q2: 3043, q2->q3: 1876, q3->q1: 772
Gym endings cumulative       : terminated=3534, truncated=468

[Episode 4100/8000 | last 100]
success rate                : 68.0% (cumulative 15.5%)
synthetic task reward       : 10500.000
shaping reward              : 1487.631
learning reward             : 11987.631
episode length              : 731.2
abstract changes / episode  : 52.4
completed cycles / episode   : 1.05
automaton changes / episode  : 4.12
automaton changes in window  : q1->q2: 171, q2->q3: 136, q3->q1: 105
epsilon (next episode)       : 0.19392
replay buffer                : 300000 samples [q1: 40.2%, q2: 23.3%, q3: 36.5%]
state visits in window        : q1: 31093, q2: 19595, q3: 22530
state visits cumulative       : q1: 597956, q2: 351813, q3: 366399
state entries in window       : q1: 205, q2: 171, q3: 136
state entries cumulative      : q1: 4977, q2: 3214, q3: 2012
transitions cumulative       : q1->q2: 3214, q2->q3: 2012, q3->q1: 877
Gym endings cumulative       : terminated=3586, truncated=516

[Episode 4200/8000 | last 100]
success rate                : 83.0% (cumulative 17.1%)
synthetic task reward       : 13600.000
shaping reward              : 2360.611
learning reward             : 15960.611
episode length              : 839.2
abstract changes / episode  : 60.1
completed cycles / episode   : 1.36
automaton changes / episode  : 5.20
automaton changes in window  : q1->q2: 207, q2->q3: 177, q3->q1: 136
epsilon (next episode)       : 0.18631
replay buffer                : 300000 samples [q1: 40.3%, q2: 23.8%, q3: 35.9%]
state visits in window        : q1: 32877, q2: 20140, q3: 31003
state visits cumulative       : q1: 630833, q2: 371953, q3: 397402
state entries in window       : q1: 236, q2: 207, q3: 177
state entries cumulative      : q1: 5213, q2: 3421, q3: 2189
transitions cumulative       : q1->q2: 3421, q2->q3: 2189, q3->q1: 1013
Gym endings cumulative       : terminated=3628, truncated=574
Best policy updated at episode 4200: mean learning reward=15960.611

[Episode 4300/8000 | last 100]
success rate                : 91.0% (cumulative 18.9%)
synthetic task reward       : 16400.000
shaping reward              : 2116.997
learning reward             : 18516.997
episode length              : 886.1
abstract changes / episode  : 64.4
completed cycles / episode   : 1.64
automaton changes / episode  : 5.90
automaton changes in window  : q1->q2: 227, q2->q3: 199, q3->q1: 164
epsilon (next episode)       : 0.17900
replay buffer                : 300000 samples [q1: 40.9%, q2: 23.8%, q3: 35.4%]
state visits in window        : q1: 36069, q2: 19934, q3: 32705
state visits cumulative       : q1: 666902, q2: 391887, q3: 430107
state entries in window       : q1: 264, q2: 227, q3: 199
state entries cumulative      : q1: 5477, q2: 3648, q3: 2388
transitions cumulative       : q1->q2: 3648, q2->q3: 2388, q3->q1: 1177
Gym endings cumulative       : terminated=3659, truncated=643
Best policy updated at episode 4300: mean learning reward=18516.997

[Episode 4400/8000 | last 100]
success rate                : 87.0% (cumulative 20.4%)
synthetic task reward       : 17400.000
shaping reward              : 2924.978
learning reward             : 20324.978
episode length              : 892.3
abstract changes / episode  : 63.4
completed cycles / episode   : 1.74
automaton changes / episode  : 6.36
automaton changes in window  : q1->q2: 242, q2->q3: 220, q3->q1: 174
epsilon (next episode)       : 0.17198
replay buffer                : 300000 samples [q1: 38.7%, q2: 25.2%, q3: 36.1%]
state visits in window        : q1: 31198, q2: 24559, q3: 33571
state visits cumulative       : q1: 698100, q2: 416446, q3: 463678
state entries in window       : q1: 274, q2: 242, q3: 220
state entries cumulative      : q1: 5751, q2: 3890, q3: 2608
transitions cumulative       : q1->q2: 3890, q2->q3: 2608, q3->q1: 1351
Gym endings cumulative       : terminated=3686, truncated=716
Best policy updated at episode 4400: mean learning reward=20324.978

[Episode 4500/8000 | last 100]
success rate                : 86.0% (cumulative 21.9%)
synthetic task reward       : 16100.000
shaping reward              : 2089.846
learning reward             : 18189.846
episode length              : 868.9
abstract changes / episode  : 62.2
completed cycles / episode   : 1.61
automaton changes / episode  : 5.86
automaton changes in window  : q1->q2: 225, q2->q3: 200, q3->q1: 161
epsilon (next episode)       : 0.16524
replay buffer                : 300000 samples [q1: 38.2%, q2: 25.9%, q3: 35.9%]
state visits in window        : q1: 33269, q2: 24444, q3: 29279
state visits cumulative       : q1: 731369, q2: 440890, q3: 492957
state entries in window       : q1: 261, q2: 225, q3: 200
state entries cumulative      : q1: 6012, q2: 4115, q3: 2808
transitions cumulative       : q1->q2: 4115, q2->q3: 2808, q3->q1: 1512
Gym endings cumulative       : terminated=3716, truncated=786

[Episode 4600/8000 | last 100]
success rate                : 89.0% (cumulative 23.3%)
synthetic task reward       : 17400.000
shaping reward              : 1786.372
learning reward             : 19186.372
episode length              : 905.7
abstract changes / episode  : 63.4
completed cycles / episode   : 1.74
automaton changes / episode  : 6.05
automaton changes in window  : q1->q2: 225, q2->q3: 206, q3->q1: 174
epsilon (next episode)       : 0.15876
replay buffer                : 300000 samples [q1: 37.8%, q2: 26.3%, q3: 36.0%]
state visits in window        : q1: 35443, q2: 22301, q3: 32923
state visits cumulative       : q1: 766812, q2: 463191, q3: 525880
state entries in window       : q1: 274, q2: 225, q3: 206
state entries cumulative      : q1: 6286, q2: 4340, q3: 3014
transitions cumulative       : q1->q2: 4340, q2->q3: 3014, q3->q1: 1686
Gym endings cumulative       : terminated=3738, truncated=864

[Episode 4700/8000 | last 100]
success rate                : 88.0% (cumulative 24.7%)
synthetic task reward       : 15900.000
shaping reward              : 1771.359
learning reward             : 17671.359
episode length              : 888.6
abstract changes / episode  : 62.9
completed cycles / episode   : 1.59
automaton changes / episode  : 5.65
automaton changes in window  : q1->q2: 215, q2->q3: 191, q3->q1: 159
epsilon (next episode)       : 0.15253
replay buffer                : 300000 samples [q1: 39.0%, q2: 27.2%, q3: 33.8%]
state visits in window        : q1: 37367, q2: 23980, q3: 27611
state visits cumulative       : q1: 804179, q2: 487171, q3: 553491
state entries in window       : q1: 259, q2: 215, q3: 191
state entries cumulative      : q1: 6545, q2: 4555, q3: 3205
transitions cumulative       : q1->q2: 4555, q2->q3: 3205, q3->q1: 1845
Gym endings cumulative       : terminated=3766, truncated=936

[Episode 4800/8000 | last 100]
success rate                : 93.0% (cumulative 26.1%)
synthetic task reward       : 18800.000
shaping reward              : 2820.074
learning reward             : 21620.074
episode length              : 934.2
abstract changes / episode  : 68.4
completed cycles / episode   : 1.88
automaton changes / episode  : 6.74
automaton changes in window  : q1->q2: 251, q2->q3: 235, q3->q1: 188
epsilon (next episode)       : 0.14655
replay buffer                : 300000 samples [q1: 38.8%, q2: 25.0%, q3: 36.3%]
state visits in window        : q1: 32717, q2: 22095, q3: 38711
state visits cumulative       : q1: 836896, q2: 509266, q3: 592202
state entries in window       : q1: 288, q2: 251, q3: 235
state entries cumulative      : q1: 6833, q2: 4806, q3: 3440
transitions cumulative       : q1->q2: 4806, q2->q3: 3440, q3->q1: 2033
Gym endings cumulative       : terminated=3784, truncated=1018
Best policy updated at episode 4800: mean learning reward=21620.074

[Episode 4900/8000 | last 100]
success rate                : 96.0% (cumulative 27.6%)
synthetic task reward       : 20100.000
shaping reward              : 2772.954
learning reward             : 22872.954
episode length              : 920.8
abstract changes / episode  : 67.5
completed cycles / episode   : 2.01
automaton changes / episode  : 7.18
automaton changes in window  : q1->q2: 273, q2->q3: 244, q3->q1: 201
epsilon (next episode)       : 0.14080
replay buffer                : 300000 samples [q1: 37.6%, q2: 26.3%, q3: 36.1%]
state visits in window        : q1: 32669, q2: 26609, q3: 32897
state visits cumulative       : q1: 869565, q2: 535875, q3: 625099
state entries in window       : q1: 301, q2: 273, q3: 244
state entries cumulative      : q1: 7134, q2: 5079, q3: 3684
transitions cumulative       : q1->q2: 5079, q2->q3: 3684, q3->q1: 2234
Gym endings cumulative       : terminated=3808, truncated=1094
Best policy updated at episode 4900: mean learning reward=22872.954

[Episode 5000/8000 | last 100]
success rate                : 90.0% (cumulative 28.8%)
synthetic task reward       : 18200.000
shaping reward              : 3361.985
learning reward             : 21561.985
episode length              : 930.4
abstract changes / episode  : 64.1
completed cycles / episode   : 1.82
automaton changes / episode  : 6.68
automaton changes in window  : q1->q2: 257, q2->q3: 229, q3->q1: 182
epsilon (next episode)       : 0.13528
replay buffer                : 300000 samples [q1: 35.4%, q2: 25.8%, q3: 38.8%]
state visits in window        : q1: 32355, q2: 23122, q3: 37663
state visits cumulative       : q1: 901920, q2: 558997, q3: 662762
state entries in window       : q1: 282, q2: 257, q3: 229
state entries cumulative      : q1: 7416, q2: 5336, q3: 3913
transitions cumulative       : q1->q2: 5336, q2->q3: 3913, q3->q1: 2416
Gym endings cumulative       : terminated=3825, truncated=1177

[Episode 5100/8000 | last 100]
success rate                : 97.0% (cumulative 30.1%)
synthetic task reward       : 22200.000
shaping reward              : 3009.321
learning reward             : 25209.321
episode length              : 938.5
abstract changes / episode  : 71.7
completed cycles / episode   : 2.22
automaton changes / episode  : 7.87
automaton changes in window  : q1->q2: 295, q2->q3: 270, q3->q1: 222
epsilon (next episode)       : 0.12998
replay buffer                : 300000 samples [q1: 36.0%, q2: 26.1%, q3: 37.9%]
state visits in window        : q1: 35450, q2: 23566, q3: 34929
state visits cumulative       : q1: 937370, q2: 582563, q3: 697691
state entries in window       : q1: 322, q2: 295, q3: 270
state entries cumulative      : q1: 7738, q2: 5631, q3: 4183
transitions cumulative       : q1->q2: 5631, q2->q3: 4183, q3->q1: 2638
Gym endings cumulative       : terminated=3841, truncated=1261
Best policy updated at episode 5100: mean learning reward=25209.321

[Episode 5200/8000 | last 100]
success rate                : 92.0% (cumulative 31.3%)
synthetic task reward       : 21600.000
shaping reward              : 1787.605
learning reward             : 23387.605
episode length              : 895.0
abstract changes / episode  : 66.6
completed cycles / episode   : 2.16
automaton changes / episode  : 7.30
automaton changes in window  : q1->q2: 271, q2->q3: 243, q3->q1: 216
epsilon (next episode)       : 0.12488
replay buffer                : 300000 samples [q1: 37.6%, q2: 25.3%, q3: 37.1%]
state visits in window        : q1: 37089, q2: 22530, q3: 29977
state visits cumulative       : q1: 974459, q2: 605093, q3: 727668
state entries in window       : q1: 316, q2: 271, q3: 243
state entries cumulative      : q1: 8054, q2: 5902, q3: 4426
transitions cumulative       : q1->q2: 5902, q2->q3: 4426, q3->q1: 2854
Gym endings cumulative       : terminated=3863, truncated=1339

[Episode 5300/8000 | last 100]
success rate                : 94.0% (cumulative 32.5%)
synthetic task reward       : 21700.000
shaping reward              : 2344.836
learning reward             : 24044.836
episode length              : 930.6
abstract changes / episode  : 68.0
completed cycles / episode   : 2.17
automaton changes / episode  : 7.44
automaton changes in window  : q1->q2: 274, q2->q3: 253, q3->q1: 217
epsilon (next episode)       : 0.11998
replay buffer                : 300000 samples [q1: 39.8%, q2: 25.0%, q3: 35.1%]
state visits in window        : q1: 37953, q2: 23749, q3: 31461
state visits cumulative       : q1: 1012412, q2: 628842, q3: 759129
state entries in window       : q1: 317, q2: 274, q3: 253
state entries cumulative      : q1: 8371, q2: 6176, q3: 4679
transitions cumulative       : q1->q2: 6176, q2->q3: 4679, q3->q1: 3071
Gym endings cumulative       : terminated=3881, truncated=1421

[Episode 5400/8000 | last 100]
success rate                : 99.0% (cumulative 33.7%)
synthetic task reward       : 24500.000
shaping reward              : 2414.537
learning reward             : 26914.537
episode length              : 958.0
abstract changes / episode  : 72.3
completed cycles / episode   : 2.45
automaton changes / episode  : 8.31
automaton changes in window  : q1->q2: 310, q2->q3: 276, q3->q1: 245
epsilon (next episode)       : 0.11528
replay buffer                : 300000 samples [q1: 40.9%, q2: 25.7%, q3: 33.4%]
state visits in window        : q1: 39799, q2: 25900, q3: 30202
state visits cumulative       : q1: 1052211, q2: 654742, q3: 789331
state entries in window       : q1: 345, q2: 310, q3: 276
state entries cumulative      : q1: 8716, q2: 6486, q3: 4955
transitions cumulative       : q1->q2: 6486, q2->q3: 4955, q3->q1: 3316
Gym endings cumulative       : terminated=3893, truncated=1509
Best policy updated at episode 5400: mean learning reward=26914.537

[Episode 5500/8000 | last 100]
success rate                : 93.0% (cumulative 34.8%)
synthetic task reward       : 20900.000
shaping reward              : 2200.066
learning reward             : 23100.066
episode length              : 919.0
abstract changes / episode  : 68.0
completed cycles / episode   : 2.09
automaton changes / episode  : 7.27
automaton changes in window  : q1->q2: 271, q2->q3: 247, q3->q1: 209
epsilon (next episode)       : 0.11075
replay buffer                : 300000 samples [q1: 41.2%, q2: 25.9%, q3: 32.9%]
state visits in window        : q1: 37700, q2: 23645, q3: 30655
state visits cumulative       : q1: 1089911, q2: 678387, q3: 819986
state entries in window       : q1: 309, q2: 271, q3: 247
state entries cumulative      : q1: 9025, q2: 6757, q3: 5202
transitions cumulative       : q1->q2: 6757, q2->q3: 5202, q3->q1: 3525
Gym endings cumulative       : terminated=3914, truncated=1588

[Episode 5600/8000 | last 100]
success rate                : 94.0% (cumulative 35.9%)
synthetic task reward       : 20900.000
shaping reward              : 2771.369
learning reward             : 23671.369
episode length              : 945.9
abstract changes / episode  : 67.2
completed cycles / episode   : 2.09
automaton changes / episode  : 7.24
automaton changes in window  : q1->q2: 271, q2->q3: 244, q3->q1: 209
epsilon (next episode)       : 0.10641
replay buffer                : 300000 samples [q1: 39.5%, q2: 28.4%, q3: 32.1%]
state visits in window        : q1: 34026, q2: 30429, q3: 30237
state visits cumulative       : q1: 1123937, q2: 708816, q3: 850223
state entries in window       : q1: 309, q2: 271, q3: 244
state entries cumulative      : q1: 9334, q2: 7028, q3: 5446
transitions cumulative       : q1->q2: 7028, q2->q3: 5446, q3->q1: 3734
Gym endings cumulative       : terminated=3930, truncated=1672

[Episode 5700/8000 | last 100]
success rate                : 95.0% (cumulative 36.9%)
synthetic task reward       : 20400.000
shaping reward              : 1730.806
learning reward             : 22130.806
episode length              : 947.6
abstract changes / episode  : 70.8
completed cycles / episode   : 2.04
automaton changes / episode  : 6.90
automaton changes in window  : q1->q2: 260, q2->q3: 226, q3->q1: 204
epsilon (next episode)       : 0.10224
replay buffer                : 300000 samples [q1: 39.1%, q2: 29.6%, q3: 31.3%]
state visits in window        : q1: 38068, q2: 29599, q3: 27190
state visits cumulative       : q1: 1162005, q2: 738415, q3: 877413
state entries in window       : q1: 304, q2: 260, q3: 226
state entries cumulative      : q1: 9638, q2: 7288, q3: 5672
transitions cumulative       : q1->q2: 7288, q2->q3: 5672, q3->q1: 3938
Gym endings cumulative       : terminated=3947, truncated=1755

[Episode 5800/8000 | last 100]
success rate                : 96.0% (cumulative 37.9%)
synthetic task reward       : 20500.000
shaping reward              : 1937.538
learning reward             : 22437.538
episode length              : 951.3
abstract changes / episode  : 68.1
completed cycles / episode   : 2.05
automaton changes / episode  : 6.95
automaton changes in window  : q1->q2: 259, q2->q3: 231, q3->q1: 205
epsilon (next episode)       : 0.09823
replay buffer                : 300000 samples [q1: 38.6%, q2: 29.9%, q3: 31.5%]
state visits in window        : q1: 37004, q2: 25619, q3: 32611
state visits cumulative       : q1: 1199009, q2: 764034, q3: 910024
state entries in window       : q1: 305, q2: 259, q3: 231
state entries cumulative      : q1: 9943, q2: 7547, q3: 5903
transitions cumulative       : q1->q2: 7547, q2->q3: 5903, q3->q1: 4143
Gym endings cumulative       : terminated=3964, truncated=1838

[Episode 5900/8000 | last 100]
success rate                : 94.0% (cumulative 38.9%)
synthetic task reward       : 21400.000
shaping reward              : 2725.873
learning reward             : 24125.873
episode length              : 933.5
abstract changes / episode  : 68.3
completed cycles / episode   : 2.14
automaton changes / episode  : 7.42
automaton changes in window  : q1->q2: 282, q2->q3: 246, q3->q1: 214
epsilon (next episode)       : 0.09438
replay buffer                : 300000 samples [q1: 39.9%, q2: 29.1%, q3: 31.0%]
state visits in window        : q1: 38207, q2: 26672, q3: 28572
state visits cumulative       : q1: 1237216, q2: 790706, q3: 938596
state entries in window       : q1: 314, q2: 282, q3: 246
state entries cumulative      : q1: 10257, q2: 7829, q3: 6149
transitions cumulative       : q1->q2: 7829, q2->q3: 6149, q3->q1: 4357
Gym endings cumulative       : terminated=3980, truncated=1922

[Episode 6000/8000 | last 100]
success rate                : 86.0% (cumulative 39.7%)
synthetic task reward       : 18300.000
shaping reward              : 2232.138
learning reward             : 20532.138
episode length              : 908.0
abstract changes / episode  : 67.6
completed cycles / episode   : 1.83
automaton changes / episode  : 6.52
automaton changes in window  : q1->q2: 250, q2->q3: 219, q3->q1: 183
epsilon (next episode)       : 0.09067
replay buffer                : 300000 samples [q1: 39.2%, q2: 29.1%, q3: 31.7%]
state visits in window        : q1: 34835, q2: 28829, q3: 27238
state visits cumulative       : q1: 1272051, q2: 819535, q3: 965834
state entries in window       : q1: 283, q2: 250, q3: 219
state entries cumulative      : q1: 10540, q2: 8079, q3: 6368
transitions cumulative       : q1->q2: 8079, q2->q3: 6368, q3->q1: 4540
Gym endings cumulative       : terminated=4003, truncated=1999

[Episode 6100/8000 | last 100]
success rate                : 96.0% (cumulative 40.6%)
synthetic task reward       : 24100.000
shaping reward              : 1854.822
learning reward             : 25954.822
episode length              : 943.8
abstract changes / episode  : 71.4
completed cycles / episode   : 2.41
automaton changes / episode  : 8.00
automaton changes in window  : q1->q2: 292, q2->q3: 267, q3->q1: 241
epsilon (next episode)       : 0.08712
replay buffer                : 300000 samples [q1: 39.1%, q2: 29.0%, q3: 32.0%]
state visits in window        : q1: 36707, q2: 25464, q3: 32313
state visits cumulative       : q1: 1308758, q2: 844999, q3: 998147
state entries in window       : q1: 341, q2: 292, q3: 267
state entries cumulative      : q1: 10881, q2: 8371, q3: 6635
transitions cumulative       : q1->q2: 8371, q2->q3: 6635, q3->q1: 4781
Gym endings cumulative       : terminated=4017, truncated=2085

[Episode 6200/8000 | last 100]
success rate                : 89.0% (cumulative 41.4%)
synthetic task reward       : 18600.000
shaping reward              : 1897.509
learning reward             : 20497.509
episode length              : 877.3
abstract changes / episode  : 63.9
completed cycles / episode   : 1.86
automaton changes / episode  : 6.46
automaton changes in window  : q1->q2: 244, q2->q3: 216, q3->q1: 186
epsilon (next episode)       : 0.08370
replay buffer                : 300000 samples [q1: 38.7%, q2: 27.4%, q3: 33.9%]
state visits in window        : q1: 34001, q2: 20739, q3: 33094
state visits cumulative       : q1: 1342759, q2: 865738, q3: 1031241
state entries in window       : q1: 286, q2: 244, q3: 216
state entries cumulative      : q1: 11167, q2: 8615, q3: 6851
transitions cumulative       : q1->q2: 8615, q2->q3: 6851, q3->q1: 4967
Gym endings cumulative       : terminated=4048, truncated=2154

[Episode 6300/8000 | last 100]
success rate                : 91.0% (cumulative 42.2%)
synthetic task reward       : 22500.000
shaping reward              : 2351.396
learning reward             : 24851.396
episode length              : 917.8
abstract changes / episode  : 68.7
completed cycles / episode   : 2.25
automaton changes / episode  : 7.75
automaton changes in window  : q1->q2: 290, q2->q3: 260, q3->q1: 225
epsilon (next episode)       : 0.08042
replay buffer                : 300000 samples [q1: 40.0%, q2: 26.3%, q3: 33.7%]
state visits in window        : q1: 39099, q2: 24016, q3: 28767
state visits cumulative       : q1: 1381858, q2: 889754, q3: 1060008
state entries in window       : q1: 325, q2: 290, q3: 260
state entries cumulative      : q1: 11492, q2: 8905, q3: 7111
transitions cumulative       : q1->q2: 8905, q2->q3: 7111, q3->q1: 5192
Gym endings cumulative       : terminated=4069, truncated=2233

[Episode 6400/8000 | last 100]
success rate                : 96.0% (cumulative 43.0%)
synthetic task reward       : 27300.000
shaping reward              : 1930.970
learning reward             : 29230.970
episode length              : 969.7
abstract changes / episode  : 67.1
completed cycles / episode   : 2.73
automaton changes / episode  : 8.97
automaton changes in window  : q1->q2: 331, q2->q3: 293, q3->q1: 273
epsilon (next episode)       : 0.07727
replay buffer                : 300000 samples [q1: 40.5%, q2: 27.0%, q3: 32.5%]
state visits in window        : q1: 38972, q2: 30193, q3: 27905
state visits cumulative       : q1: 1420830, q2: 919947, q3: 1087913
state entries in window       : q1: 373, q2: 331, q3: 293
state entries cumulative      : q1: 11865, q2: 9236, q3: 7404
transitions cumulative       : q1->q2: 9236, q2->q3: 7404, q3->q1: 5465
Gym endings cumulative       : terminated=4076, truncated=2326
Best policy updated at episode 6400: mean learning reward=29230.970

[Episode 6500/8000 | last 100]
success rate                : 99.0% (cumulative 43.9%)
synthetic task reward       : 29600.000
shaping reward              : 2122.579
learning reward             : 31722.579
episode length              : 972.8
abstract changes / episode  : 70.0
completed cycles / episode   : 2.96
automaton changes / episode  : 9.65
automaton changes in window  : q1->q2: 345, q2->q3: 324, q3->q1: 296
epsilon (next episode)       : 0.07423
replay buffer                : 300000 samples [q1: 41.1%, q2: 28.2%, q3: 30.7%]
state visits in window        : q1: 39408, q2: 27767, q3: 30204
state visits cumulative       : q1: 1460238, q2: 947714, q3: 1118117
state entries in window       : q1: 396, q2: 345, q3: 324
state entries cumulative      : q1: 12261, q2: 9581, q3: 7728
transitions cumulative       : q1->q2: 9581, q2->q3: 7728, q3->q1: 5761
Gym endings cumulative       : terminated=4084, truncated=2418
Best policy updated at episode 6500: mean learning reward=31722.579

[Episode 6600/8000 | last 100]
success rate                : 97.0% (cumulative 44.7%)
synthetic task reward       : 28300.000
shaping reward              : 2683.702
learning reward             : 30983.702
episode length              : 953.0
abstract changes / episode  : 70.0
completed cycles / episode   : 2.83
automaton changes / episode  : 9.54
automaton changes in window  : q1->q2: 352, q2->q3: 319, q3->q1: 283
epsilon (next episode)       : 0.07132
replay buffer                : 300000 samples [q1: 39.6%, q2: 29.0%, q3: 31.3%]
state visits in window        : q1: 36918, q2: 25717, q3: 32762
state visits cumulative       : q1: 1497156, q2: 973431, q3: 1150879
state entries in window       : q1: 383, q2: 352, q3: 319
state entries cumulative      : q1: 12644, q2: 9933, q3: 8047
transitions cumulative       : q1->q2: 9933, q2->q3: 8047, q3->q1: 6044
Gym endings cumulative       : terminated=4098, truncated=2504

[Episode 6700/8000 | last 100]
success rate                : 99.0% (cumulative 45.5%)
synthetic task reward       : 30700.000
shaping reward              : 1948.415
learning reward             : 32648.415
episode length              : 971.9
abstract changes / episode  : 71.4
completed cycles / episode   : 3.07
automaton changes / episode  : 9.99
automaton changes in window  : q1->q2: 365, q2->q3: 327, q3->q1: 307
epsilon (next episode)       : 0.06853
replay buffer                : 300000 samples [q1: 39.4%, q2: 27.3%, q3: 33.2%]
state visits in window        : q1: 37578, q2: 25694, q3: 34014
state visits cumulative       : q1: 1534734, q2: 999125, q3: 1184893
state entries in window       : q1: 407, q2: 365, q3: 327
state entries cumulative      : q1: 13051, q2: 10298, q3: 8374
transitions cumulative       : q1->q2: 10298, q2->q3: 8374, q3->q1: 6351
Gym endings cumulative       : terminated=4106, truncated=2596
Best policy updated at episode 6700: mean learning reward=32648.415

[Episode 6800/8000 | last 100]
success rate                : 89.0% (cumulative 46.1%)
synthetic task reward       : 24400.000
shaping reward              : 3325.720
learning reward             : 27725.720
episode length              : 923.3
abstract changes / episode  : 65.2
completed cycles / episode   : 2.44
automaton changes / episode  : 8.53
automaton changes in window  : q1->q2: 316, q2->q3: 293, q3->q1: 244
epsilon (next episode)       : 0.06584
replay buffer                : 300000 samples [q1: 37.2%, q2: 27.1%, q3: 35.7%]
state visits in window        : q1: 31276, q2: 25504, q3: 35651
state visits cumulative       : q1: 1566010, q2: 1024629, q3: 1220544
state entries in window       : q1: 344, q2: 316, q3: 293
state entries cumulative      : q1: 13395, q2: 10614, q3: 8667
transitions cumulative       : q1->q2: 10614, q2->q3: 8667, q3->q1: 6595
Gym endings cumulative       : terminated=4122, truncated=2680

[Episode 6900/8000 | last 100]
success rate                : 94.0% (cumulative 46.8%)
synthetic task reward       : 26200.000
shaping reward              : 1967.742
learning reward             : 28167.742
episode length              : 900.1
abstract changes / episode  : 68.3
completed cycles / episode   : 2.62
automaton changes / episode  : 8.74
automaton changes in window  : q1->q2: 320, q2->q3: 292, q3->q1: 262
epsilon (next episode)       : 0.06326
replay buffer                : 300000 samples [q1: 37.2%, q2: 26.8%, q3: 36.0%]
state visits in window        : q1: 34983, q2: 23913, q3: 31219
state visits cumulative       : q1: 1600993, q2: 1048542, q3: 1251763
state entries in window       : q1: 362, q2: 320, q3: 292
state entries cumulative      : q1: 13757, q2: 10934, q3: 8959
transitions cumulative       : q1->q2: 10934, q2->q3: 8959, q3->q1: 6857
Gym endings cumulative       : terminated=4146, truncated=2756

[Episode 7000/8000 | last 100]
success rate                : 96.0% (cumulative 47.5%)
synthetic task reward       : 23700.000
shaping reward              : 1791.343
learning reward             : 25491.343
episode length              : 919.6
abstract changes / episode  : 63.8
completed cycles / episode   : 2.37
automaton changes / episode  : 7.94
automaton changes in window  : q1->q2: 295, q2->q3: 262, q3->q1: 237
epsilon (next episode)       : 0.06078
replay buffer                : 300000 samples [q1: 37.6%, q2: 27.0%, q3: 35.5%]
state visits in window        : q1: 36277, q2: 24455, q3: 31328
state visits cumulative       : q1: 1637270, q2: 1072997, q3: 1283091
state entries in window       : q1: 337, q2: 295, q3: 262
state entries cumulative      : q1: 14094, q2: 11229, q3: 9221
transitions cumulative       : q1->q2: 11229, q2->q3: 9221, q3->q1: 7094
Gym endings cumulative       : terminated=4169, truncated=2834

[Episode 7100/8000 | last 100]
success rate                : 93.0% (cumulative 48.2%)
synthetic task reward       : 21800.000
shaping reward              : 2389.136
learning reward             : 24189.136
episode length              : 886.6
abstract changes / episode  : 61.6
completed cycles / episode   : 2.18
automaton changes / episode  : 7.55
automaton changes in window  : q1->q2: 288, q2->q3: 249, q3->q1: 218
epsilon (next episode)       : 0.05839
replay buffer                : 300000 samples [q1: 37.3%, q2: 27.9%, q3: 34.8%]
state visits in window        : q1: 31994, q2: 28376, q3: 28391
state visits cumulative       : q1: 1669264, q2: 1101373, q3: 1311482
state entries in window       : q1: 318, q2: 288, q3: 249
state entries cumulative      : q1: 14412, q2: 11517, q3: 9470
transitions cumulative       : q1->q2: 11517, q2->q3: 9470, q3->q1: 7312
Gym endings cumulative       : terminated=4199, truncated=2904

[Episode 7200/8000 | last 100]
success rate                : 93.0% (cumulative 48.8%)
synthetic task reward       : 22400.000
shaping reward              : 3024.917
learning reward             : 25424.917
episode length              : 932.7
abstract changes / episode  : 68.9
completed cycles / episode   : 2.24
automaton changes / episode  : 7.88
automaton changes in window  : q1->q2: 297, q2->q3: 267, q3->q1: 224
epsilon (next episode)       : 0.05610
replay buffer                : 300000 samples [q1: 37.2%, q2: 29.3%, q3: 33.6%]
state visits in window        : q1: 32266, q2: 27912, q3: 33189
state visits cumulative       : q1: 1701530, q2: 1129285, q3: 1344671
state entries in window       : q1: 324, q2: 297, q3: 267
state entries cumulative      : q1: 14736, q2: 11814, q3: 9737
transitions cumulative       : q1->q2: 11814, q2->q3: 9737, q3->q1: 7536
Gym endings cumulative       : terminated=4222, truncated=2982

[Episode 7300/8000 | last 100]
success rate                : 95.0% (cumulative 49.4%)
synthetic task reward       : 24900.000
shaping reward              : 2076.804
learning reward             : 26976.804
episode length              : 936.2
abstract changes / episode  : 63.5
completed cycles / episode   : 2.49
automaton changes / episode  : 8.27
automaton changes in window  : q1->q2: 301, q2->q3: 277, q3->q1: 249
epsilon (next episode)       : 0.05390
replay buffer                : 300000 samples [q1: 37.3%, q2: 29.8%, q3: 32.9%]
state visits in window        : q1: 38514, q2: 26465, q3: 28741
state visits cumulative       : q1: 1740044, q2: 1155750, q3: 1373412
state entries in window       : q1: 349, q2: 301, q3: 277
state entries cumulative      : q1: 15085, q2: 12115, q3: 10014
transitions cumulative       : q1->q2: 12115, q2->q3: 10014, q3->q1: 7785
Gym endings cumulative       : terminated=4236, truncated=3068

[Episode 7400/8000 | last 100]
success rate                : 91.0% (cumulative 50.0%)
synthetic task reward       : 20600.000
shaping reward              : 2337.078
learning reward             : 22937.078
episode length              : 918.5
abstract changes / episode  : 62.3
completed cycles / episode   : 2.06
automaton changes / episode  : 7.14
automaton changes in window  : q1->q2: 273, q2->q3: 235, q3->q1: 206
epsilon (next episode)       : 0.05179
replay buffer                : 300000 samples [q1: 37.1%, q2: 31.8%, q3: 31.1%]
state visits in window        : q1: 32758, q2: 34467, q3: 24724
state visits cumulative       : q1: 1772802, q2: 1190217, q3: 1398136
state entries in window       : q1: 306, q2: 273, q3: 235
state entries cumulative      : q1: 15391, q2: 12388, q3: 10249
transitions cumulative       : q1->q2: 12388, q2->q3: 10249, q3->q1: 7991
Gym endings cumulative       : terminated=4257, truncated=3147

[Episode 7500/8000 | last 100]
success rate                : 90.0% (cumulative 50.5%)
synthetic task reward       : 21200.000
shaping reward              : 2791.416
learning reward             : 23991.416
episode length              : 944.6
abstract changes / episode  : 62.8
completed cycles / episode   : 2.12
automaton changes / episode  : 7.43
automaton changes in window  : q1->q2: 283, q2->q3: 248, q3->q1: 212
epsilon (next episode)       : 0.04976
replay buffer                : 300000 samples [q1: 37.0%, q2: 32.5%, q3: 30.5%]
state visits in window        : q1: 32911, q2: 31095, q3: 30557
state visits cumulative       : q1: 1805713, q2: 1221312, q3: 1428693
state entries in window       : q1: 312, q2: 283, q3: 248
state entries cumulative      : q1: 15703, q2: 12671, q3: 10497
transitions cumulative       : q1->q2: 12671, q2->q3: 10497, q3->q1: 8203
Gym endings cumulative       : terminated=4272, truncated=3232

[Episode 7600/8000 | last 100]
success rate                : 96.0% (cumulative 51.1%)
synthetic task reward       : 24100.000
shaping reward              : 2484.304
learning reward             : 26584.304
episode length              : 931.4
abstract changes / episode  : 63.9
completed cycles / episode   : 2.41
automaton changes / episode  : 8.27
automaton changes in window  : q1->q2: 310, q2->q3: 276, q3->q1: 241
epsilon (next episode)       : 0.04781
replay buffer                : 300000 samples [q1: 36.3%, q2: 33.5%, q3: 30.2%]
state visits in window        : q1: 34838, q2: 29110, q3: 29291
state visits cumulative       : q1: 1840551, q2: 1250422, q3: 1457984
state entries in window       : q1: 341, q2: 310, q3: 276
state entries cumulative      : q1: 16044, q2: 12981, q3: 10773
transitions cumulative       : q1->q2: 12981, q2->q3: 10773, q3->q1: 8444
Gym endings cumulative       : terminated=4289, truncated=3315

[Episode 7700/8000 | last 100]
success rate                : 99.0% (cumulative 51.7%)
synthetic task reward       : 23900.000
shaping reward              : 2737.424
learning reward             : 26637.424
episode length              : 963.3
abstract changes / episode  : 66.5
completed cycles / episode   : 2.39
automaton changes / episode  : 8.16
automaton changes in window  : q1->q2: 307, q2->q3: 270, q3->q1: 239
epsilon (next episode)       : 0.04593
replay buffer                : 300000 samples [q1: 35.7%, q2: 31.8%, q3: 32.5%]
state visits in window        : q1: 34278, q2: 28638, q3: 33515
state visits cumulative       : q1: 1874829, q2: 1279060, q3: 1491499
state entries in window       : q1: 339, q2: 307, q3: 270
state entries cumulative      : q1: 16383, q2: 13288, q3: 11043
transitions cumulative       : q1->q2: 13288, q2->q3: 11043, q3->q1: 8683
Gym endings cumulative       : terminated=4302, truncated=3402

[Episode 7800/8000 | last 100]
success rate                : 91.0% (cumulative 52.2%)
synthetic task reward       : 21300.000
shaping reward              : 2273.798
learning reward             : 23573.798
episode length              : 905.4
abstract changes / episode  : 63.7
completed cycles / episode   : 2.13
automaton changes / episode  : 7.33
automaton changes in window  : q1->q2: 270, q2->q3: 250, q3->q1: 213
epsilon (next episode)       : 0.04413
replay buffer                : 300000 samples [q1: 36.0%, q2: 29.2%, q3: 34.8%]
state visits in window        : q1: 32661, q2: 23148, q3: 34833
state visits cumulative       : q1: 1907490, q2: 1302208, q3: 1526332
state entries in window       : q1: 313, q2: 270, q3: 250
state entries cumulative      : q1: 16696, q2: 13558, q3: 11293
transitions cumulative       : q1->q2: 13558, q2->q3: 11293, q3->q1: 8896
Gym endings cumulative       : terminated=4326, truncated=3478

[Episode 7900/8000 | last 100]
success rate                : 92.0% (cumulative 52.7%)
synthetic task reward       : 20400.000
shaping reward              : 1382.908
learning reward             : 21782.908
episode length              : 867.1
abstract changes / episode  : 65.2
completed cycles / episode   : 2.04
automaton changes / episode  : 6.93
automaton changes in window  : q1->q2: 263, q2->q3: 226, q3->q1: 204
epsilon (next episode)       : 0.04240
replay buffer                : 300000 samples [q1: 36.5%, q2: 30.0%, q3: 33.5%]
state visits in window        : q1: 33304, q2: 30560, q3: 22951
state visits cumulative       : q1: 1940794, q2: 1332768, q3: 1549283
state entries in window       : q1: 304, q2: 263, q3: 226
state entries cumulative      : q1: 17000, q2: 13821, q3: 11519
transitions cumulative       : q1->q2: 13821, q2->q3: 11519, q3->q1: 9100
Gym endings cumulative       : terminated=4358, truncated=3546

[Episode 8000/8000 | last 100]
success rate                : 85.0% (cumulative 53.1%)
synthetic task reward       : 19900.000
shaping reward              : 2151.899
learning reward             : 22051.899
episode length              : 845.3
abstract changes / episode  : 61.4
completed cycles / episode   : 1.99
automaton changes / episode  : 6.97
automaton changes in window  : q1->q2: 266, q2->q3: 232, q3->q1: 199
epsilon (next episode)       : 0.04074
replay buffer                : 300000 samples [q1: 38.0%, q2: 30.9%, q3: 31.1%]
state visits in window        : q1: 35077, q2: 28242, q3: 21313
state visits cumulative       : q1: 1975871, q2: 1361010, q3: 1570596
state entries in window       : q1: 299, q2: 266, q3: 232
state entries cumulative      : q1: 17299, q2: 14087, q3: 11751
transitions cumulative       : q1->q2: 14087, q2->q3: 11751, q3->q1: 9299
Gym endings cumulative       : terminated=4389, truncated=3615
Last policy saved after episode 8000. Best policy: episode 6700, mean learning reward=32648.415
