=== NEW RUN (Shaping: True, Multi-Eps: True) ===
===Trajectory: [(1, 8), (5, 6), (8, 8)]===
----------------------------------------------------------------------------------------------------
[SHAPING | MULTI EPS] Episode 100/10000
Avg Reward                  : 0.000000
Avg Total Reward            : -341.877504
Epsilon Decay               : q0(WP1): 0.9048, q1(WP2): 1.0000, q2(Goal): 1.0000
Buffer Fractions            : q0(WP1): 99.74%, q1(WP2): 0.26%, q2(Goal): 0.00%
Hits (Cumulative)           : WP1: 1, WP2: 0, Goal: 0
----------------------------------------------------------------------------------------------------

----------------------------------------------------------------------------------------------------
[SHAPING | MULTI EPS] Episode 200/10000
Avg Reward                  : 0.000000
Avg Total Reward            : -335.912701
Epsilon Decay               : q0(WP1): 0.8186, q1(WP2): 1.0000, q2(Goal): 1.0000
Buffer Fractions            : q0(WP1): 99.87%, q1(WP2): 0.13%, q2(Goal): 0.00%
Hits (Cumulative)           : WP1: 1, WP2: 0, Goal: 0
----------------------------------------------------------------------------------------------------

----------------------------------------------------------------------------------------------------
[SHAPING | MULTI EPS] Episode 300/10000
Avg Reward                  : 0.000000
Avg Total Reward            : -290.589667
Epsilon Decay               : q0(WP1): 0.7407, q1(WP2): 1.0000, q2(Goal): 1.0000
Buffer Fractions            : q0(WP1): 99.67%, q1(WP2): 0.33%, q2(Goal): 0.00%
Hits (Cumulative)           : WP1: 5, WP2: 0, Goal: 0
----------------------------------------------------------------------------------------------------

----------------------------------------------------------------------------------------------------
[SHAPING | MULTI EPS] Episode 400/10000
Avg Reward                  : 0.000000
Avg Total Reward            : -272.831781
Epsilon Decay               : q0(WP1): 0.6702, q1(WP2): 1.0000, q2(Goal): 1.0000
Buffer Fractions            : q0(WP1): 99.69%, q1(WP2): 0.31%, q2(Goal): 0.00%
Hits (Cumulative)           : WP1: 7, WP2: 0, Goal: 0
----------------------------------------------------------------------------------------------------

----------------------------------------------------------------------------------------------------
[SHAPING | MULTI EPS] Episode 500/10000
Avg Reward                  : 0.000000
Avg Total Reward            : -193.449552
Epsilon Decay               : q0(WP1): 0.6064, q1(WP2): 1.0000, q2(Goal): 1.0000
Buffer Fractions            : q0(WP1): 99.45%, q1(WP2): 0.55%, q2(Goal): 0.00%
Hits (Cumulative)           : WP1: 15, WP2: 0, Goal: 0
----------------------------------------------------------------------------------------------------

----------------------------------------------------------------------------------------------------
[SHAPING | MULTI EPS] Episode 600/10000
Avg Reward                  : 0.000000
Avg Total Reward            : -149.799447
Epsilon Decay               : q0(WP1): 0.5486, q1(WP2): 1.0000, q2(Goal): 1.0000
Buffer Fractions            : q0(WP1): 99.16%, q1(WP2): 0.84%, q2(Goal): 0.00%
Hits (Cumulative)           : WP1: 27, WP2: 0, Goal: 0
----------------------------------------------------------------------------------------------------

----------------------------------------------------------------------------------------------------
[SHAPING | MULTI EPS] Episode 700/10000
Avg Reward                  : 0.000000
Avg Total Reward            : -260.431714
Epsilon Decay               : q0(WP1): 0.4964, q1(WP2): 1.0000, q2(Goal): 1.0000
Buffer Fractions            : q0(WP1): 99.10%, q1(WP2): 0.90%, q2(Goal): 0.00%
Hits (Cumulative)           : WP1: 32, WP2: 0, Goal: 0
----------------------------------------------------------------------------------------------------

----------------------------------------------------------------------------------------------------
[SHAPING | MULTI EPS] Episode 800/10000
Avg Reward                  : 0.000000
Avg Total Reward            : -293.662349
Epsilon Decay               : q0(WP1): 0.4491, q1(WP2): 1.0000, q2(Goal): 1.0000
Buffer Fractions            : q0(WP1): 99.29%, q1(WP2): 0.71%, q2(Goal): 0.00%
Hits (Cumulative)           : WP1: 33, WP2: 0, Goal: 0
----------------------------------------------------------------------------------------------------

----------------------------------------------------------------------------------------------------
[SHAPING | MULTI EPS] Episode 900/10000
Avg Reward                  : 0.000000
Avg Total Reward            : -273.781278
Epsilon Decay               : q0(WP1): 0.4064, q1(WP2): 1.0000, q2(Goal): 1.0000
Buffer Fractions            : q0(WP1): 99.35%, q1(WP2): 0.65%, q2(Goal): 0.00%
Hits (Cumulative)           : WP1: 38, WP2: 0, Goal: 0
----------------------------------------------------------------------------------------------------

----------------------------------------------------------------------------------------------------
[SHAPING | MULTI EPS] Episode 1000/10000
Avg Reward                  : 0.000000
Avg Total Reward            : -88.772420
Epsilon Decay               : q0(WP1): 0.3677, q1(WP2): 1.0000, q2(Goal): 1.0000
Buffer Fractions            : q0(WP1): 99.16%, q1(WP2): 0.84%, q2(Goal): 0.00%
Hits (Cumulative)           : WP1: 62, WP2: 0, Goal: 0
----------------------------------------------------------------------------------------------------

----------------------------------------------------------------------------------------------------
[SHAPING | MULTI EPS] Episode 1100/10000
Avg Reward                  : 0.000000
Avg Total Reward            : 16.304833
Epsilon Decay               : q0(WP1): 0.3327, q1(WP2): 1.0000, q2(Goal): 1.0000
Buffer Fractions            : q0(WP1): 98.60%, q1(WP2): 1.40%, q2(Goal): 0.00%
Hits (Cumulative)           : WP1: 83, WP2: 0, Goal: 0
----------------------------------------------------------------------------------------------------

----------------------------------------------------------------------------------------------------
[SHAPING | MULTI EPS] Episode 1200/10000
Avg Reward                  : 0.000000
Avg Total Reward            : 74.785743
Epsilon Decay               : q0(WP1): 0.3010, q1(WP2): 1.0000, q2(Goal): 1.0000
Buffer Fractions            : q0(WP1): 98.32%, q1(WP2): 1.68%, q2(Goal): 0.00%
Hits (Cumulative)           : WP1: 99, WP2: 0, Goal: 0
----------------------------------------------------------------------------------------------------

----------------------------------------------------------------------------------------------------
[SHAPING | MULTI EPS] Episode 1300/10000
Avg Reward                  : 0.000000
Avg Total Reward            : 149.913191
Epsilon Decay               : q0(WP1): 0.2724, q1(WP2): 1.0000, q2(Goal): 1.0000
Buffer Fractions            : q0(WP1): 97.88%, q1(WP2): 2.12%, q2(Goal): 0.00%
Hits (Cumulative)           : WP1: 127, WP2: 0, Goal: 0
----------------------------------------------------------------------------------------------------

----------------------------------------------------------------------------------------------------
[SHAPING | MULTI EPS] Episode 1400/10000
Avg Reward                  : 0.000000
Avg Total Reward            : 188.944659
Epsilon Decay               : q0(WP1): 0.2464, q1(WP2): 1.0000, q2(Goal): 1.0000
Buffer Fractions            : q0(WP1): 97.06%, q1(WP2): 2.94%, q2(Goal): 0.00%
Hits (Cumulative)           : WP1: 179, WP2: 0, Goal: 0
----------------------------------------------------------------------------------------------------

----------------------------------------------------------------------------------------------------
[SHAPING | MULTI EPS] Episode 1500/10000
Avg Reward                  : 0.000000
Avg Total Reward            : 159.998804
Epsilon Decay               : q0(WP1): 0.2230, q1(WP2): 1.0000, q2(Goal): 1.0000
Buffer Fractions            : q0(WP1): 96.47%, q1(WP2): 3.53%, q2(Goal): 0.00%
Hits (Cumulative)           : WP1: 222, WP2: 0, Goal: 0
----------------------------------------------------------------------------------------------------

----------------------------------------------------------------------------------------------------
[SHAPING | MULTI EPS] Episode 1600/10000
Avg Reward                  : 0.000000
Avg Total Reward            : 172.859850
Epsilon Decay               : q0(WP1): 0.2017, q1(WP2): 1.0000, q2(Goal): 1.0000
Buffer Fractions            : q0(WP1): 95.59%, q1(WP2): 4.41%, q2(Goal): 0.00%
Hits (Cumulative)           : WP1: 273, WP2: 0, Goal: 0
----------------------------------------------------------------------------------------------------

----------------------------------------------------------------------------------------------------
[SHAPING | MULTI EPS] Episode 1700/10000
Avg Reward                  : 0.000000
Avg Total Reward            : 211.006843
Epsilon Decay               : q0(WP1): 0.1825, q1(WP2): 1.0000, q2(Goal): 1.0000
Buffer Fractions            : q0(WP1): 94.39%, q1(WP2): 5.61%, q2(Goal): 0.00%
Hits (Cumulative)           : WP1: 331, WP2: 0, Goal: 0
----------------------------------------------------------------------------------------------------

----------------------------------------------------------------------------------------------------
[SHAPING | MULTI EPS] Episode 1800/10000
Avg Reward                  : 0.000000
Avg Total Reward            : 208.960738
Epsilon Decay               : q0(WP1): 0.1652, q1(WP2): 1.0000, q2(Goal): 1.0000
Buffer Fractions            : q0(WP1): 93.01%, q1(WP2): 6.99%, q2(Goal): 0.00%
Hits (Cumulative)           : WP1: 401, WP2: 0, Goal: 0
----------------------------------------------------------------------------------------------------

----------------------------------------------------------------------------------------------------
[SHAPING | MULTI EPS] Episode 1900/10000
Avg Reward                  : 0.000000
Avg Total Reward            : 218.032054
Epsilon Decay               : q0(WP1): 0.1494, q1(WP2): 1.0000, q2(Goal): 1.0000
Buffer Fractions            : q0(WP1): 91.36%, q1(WP2): 8.64%, q2(Goal): 0.00%
Hits (Cumulative)           : WP1: 481, WP2: 0, Goal: 0
----------------------------------------------------------------------------------------------------

----------------------------------------------------------------------------------------------------
[SHAPING | MULTI EPS] Episode 2000/10000
Avg Reward                  : 0.000000
Avg Total Reward            : 227.927167
Epsilon Decay               : q0(WP1): 0.1352, q1(WP2): 1.0000, q2(Goal): 1.0000
Buffer Fractions            : q0(WP1): 89.62%, q1(WP2): 10.38%, q2(Goal): 0.00%
Hits (Cumulative)           : WP1: 565, WP2: 0, Goal: 0
----------------------------------------------------------------------------------------------------

----------------------------------------------------------------------------------------------------
[SHAPING | MULTI EPS] Episode 2100/10000
Avg Reward                  : 0.000000
Avg Total Reward            : 198.325596
Epsilon Decay               : q0(WP1): 0.1223, q1(WP2): 1.0000, q2(Goal): 1.0000
Buffer Fractions            : q0(WP1): 87.47%, q1(WP2): 12.53%, q2(Goal): 0.00%
Hits (Cumulative)           : WP1: 657, WP2: 0, Goal: 0
----------------------------------------------------------------------------------------------------

----------------------------------------------------------------------------------------------------
[SHAPING | MULTI EPS] Episode 2200/10000
Avg Reward                  : 0.000000
Avg Total Reward            : 208.568170
Epsilon Decay               : q0(WP1): 0.1107, q1(WP2): 1.0000, q2(Goal): 1.0000
Buffer Fractions            : q0(WP1): 85.19%, q1(WP2): 14.81%, q2(Goal): 0.00%
Hits (Cumulative)           : WP1: 755, WP2: 0, Goal: 0
----------------------------------------------------------------------------------------------------

----------------------------------------------------------------------------------------------------
[SHAPING | MULTI EPS] Episode 2300/10000
Avg Reward                  : 0.000000
Avg Total Reward            : 206.704039
Epsilon Decay               : q0(WP1): 0.1001, q1(WP2): 1.0000, q2(Goal): 1.0000
Buffer Fractions            : q0(WP1): 82.70%, q1(WP2): 17.30%, q2(Goal): 0.00%
Hits (Cumulative)           : WP1: 855, WP2: 0, Goal: 0
----------------------------------------------------------------------------------------------------

----------------------------------------------------------------------------------------------------
[SHAPING | MULTI EPS] Episode 2400/10000
Avg Reward                  : 0.000000
Avg Total Reward            : 212.268469
Epsilon Decay               : q0(WP1): 0.0906, q1(WP2): 1.0000, q2(Goal): 1.0000
Buffer Fractions            : q0(WP1): 80.71%, q1(WP2): 19.29%, q2(Goal): 0.00%
Hits (Cumulative)           : WP1: 955, WP2: 0, Goal: 0
----------------------------------------------------------------------------------------------------

----------------------------------------------------------------------------------------------------
[SHAPING | MULTI EPS] Episode 2500/10000
Avg Reward                  : 0.000000
Avg Total Reward            : 217.776975
Epsilon Decay               : q0(WP1): 0.0820, q1(WP2): 1.0000, q2(Goal): 1.0000
Buffer Fractions            : q0(WP1): 78.72%, q1(WP2): 21.28%, q2(Goal): 0.00%
Hits (Cumulative)           : WP1: 1055, WP2: 0, Goal: 0
----------------------------------------------------------------------------------------------------

----------------------------------------------------------------------------------------------------
[SHAPING | MULTI EPS] Episode 2600/10000
Avg Reward                  : 0.000000
Avg Total Reward            : 211.327083
Epsilon Decay               : q0(WP1): 0.0800, q1(WP2): 0.9157, q2(Goal): 1.0000
Buffer Fractions            : q0(WP1): 76.53%, q1(WP2): 23.47%, q2(Goal): 0.00%
Hits (Cumulative)           : WP1: 1155, WP2: 0, Goal: 0
----------------------------------------------------------------------------------------------------

----------------------------------------------------------------------------------------------------
[SHAPING | MULTI EPS] Episode 2700/10000
Avg Reward                  : 0.000000
Avg Total Reward            : 209.481594
Epsilon Decay               : q0(WP1): 0.0800, q1(WP2): 0.8285, q2(Goal): 1.0000
Buffer Fractions            : q0(WP1): 74.33%, q1(WP2): 25.67%, q2(Goal): 0.00%
Hits (Cumulative)           : WP1: 1255, WP2: 0, Goal: 0
----------------------------------------------------------------------------------------------------

----------------------------------------------------------------------------------------------------
[SHAPING | MULTI EPS] Episode 2800/10000
Avg Reward                  : 0.000000
Avg Total Reward            : 203.203639
Epsilon Decay               : q0(WP1): 0.0800, q1(WP2): 0.7504, q2(Goal): 1.0000
Buffer Fractions            : q0(WP1): 71.98%, q1(WP2): 28.02%, q2(Goal): 0.00%
Hits (Cumulative)           : WP1: 1354, WP2: 0, Goal: 0
----------------------------------------------------------------------------------------------------

----------------------------------------------------------------------------------------------------
[SHAPING | MULTI EPS] Episode 2900/10000
Avg Reward                  : 0.000000
Avg Total Reward            : 205.799936
Epsilon Decay               : q0(WP1): 0.0800, q1(WP2): 0.6790, q2(Goal): 1.0000
Buffer Fractions            : q0(WP1): 69.56%, q1(WP2): 30.44%, q2(Goal): 0.00%
Hits (Cumulative)           : WP1: 1454, WP2: 0, Goal: 0
----------------------------------------------------------------------------------------------------

----------------------------------------------------------------------------------------------------
[SHAPING | MULTI EPS] Episode 3000/10000
Avg Reward                  : 0.000000
Avg Total Reward            : 137.593689
Epsilon Decay               : q0(WP1): 0.0800, q1(WP2): 0.6211, q2(Goal): 1.0000
Buffer Fractions            : q0(WP1): 67.85%, q1(WP2): 32.15%, q2(Goal): 0.00%
Hits (Cumulative)           : WP1: 1543, WP2: 0, Goal: 0
----------------------------------------------------------------------------------------------------

----------------------------------------------------------------------------------------------------
[SHAPING | MULTI EPS] Episode 3100/10000
Avg Reward                  : 0.000000
Avg Total Reward            : 9.306322
Epsilon Decay               : q0(WP1): 0.0800, q1(WP2): 0.5832, q2(Goal): 1.0000
Buffer Fractions            : q0(WP1): 68.05%, q1(WP2): 31.95%, q2(Goal): 0.00%
Hits (Cumulative)           : WP1: 1606, WP2: 0, Goal: 0
----------------------------------------------------------------------------------------------------

----------------------------------------------------------------------------------------------------
[SHAPING | MULTI EPS] Episode 3200/10000
Avg Reward                  : 0.000000
Avg Total Reward            : 144.938835
Epsilon Decay               : q0(WP1): 0.0800, q1(WP2): 0.5340, q2(Goal): 1.0000
Buffer Fractions            : q0(WP1): 66.97%, q1(WP2): 33.03%, q2(Goal): 0.00%
Hits (Cumulative)           : WP1: 1694, WP2: 0, Goal: 0
----------------------------------------------------------------------------------------------------

----------------------------------------------------------------------------------------------------
[SHAPING | MULTI EPS] Episode 3300/10000
Avg Reward                  : 0.000000
Avg Total Reward            : 194.854259
Epsilon Decay               : q0(WP1): 0.0800, q1(WP2): 0.4841, q2(Goal): 1.0000
Buffer Fractions            : q0(WP1): 64.83%, q1(WP2): 35.17%, q2(Goal): 0.00%
Hits (Cumulative)           : WP1: 1792, WP2: 0, Goal: 0
----------------------------------------------------------------------------------------------------

----------------------------------------------------------------------------------------------------
[SHAPING | MULTI EPS] Episode 3400/10000
Avg Reward                  : 0.000000
Avg Total Reward            : 115.088508
Epsilon Decay               : q0(WP1): 0.0800, q1(WP2): 0.4447, q2(Goal): 1.0000
Buffer Fractions            : q0(WP1): 64.10%, q1(WP2): 35.90%, q2(Goal): 0.00%
Hits (Cumulative)           : WP1: 1877, WP2: 0, Goal: 0
----------------------------------------------------------------------------------------------------

----------------------------------------------------------------------------------------------------
[SHAPING | MULTI EPS] Episode 3500/10000
Avg Reward                  : 0.000000
Avg Total Reward            : 20.891524
Epsilon Decay               : q0(WP1): 0.0800, q1(WP2): 0.4260, q2(Goal): 1.0000
Buffer Fractions            : q0(WP1): 66.43%, q1(WP2): 33.56%, q2(Goal): 0.01%
Hits (Cumulative)           : WP1: 1920, WP2: 1, Goal: 0
----------------------------------------------------------------------------------------------------

----------------------------------------------------------------------------------------------------
[SHAPING | MULTI EPS] Episode 3600/10000
Avg Reward                  : 0.000000
Avg Total Reward            : 97.785469
Epsilon Decay               : q0(WP1): 0.0800, q1(WP2): 0.4019, q2(Goal): 1.0000
Buffer Fractions            : q0(WP1): 70.28%, q1(WP2): 29.62%, q2(Goal): 0.10%
Hits (Cumulative)           : WP1: 1978, WP2: 6, Goal: 0
----------------------------------------------------------------------------------------------------

----------------------------------------------------------------------------------------------------
[SHAPING | MULTI EPS] Episode 3700/10000
Avg Reward                  : 0.000000
Avg Total Reward            : 193.689507
Epsilon Decay               : q0(WP1): 0.0800, q1(WP2): 0.3831, q2(Goal): 1.0000
Buffer Fractions            : q0(WP1): 70.27%, q1(WP2): 29.61%, q2(Goal): 0.12%
Hits (Cumulative)           : WP1: 2026, WP2: 7, Goal: 0
----------------------------------------------------------------------------------------------------

----------------------------------------------------------------------------------------------------
[SHAPING | MULTI EPS] Episode 3800/10000
Avg Reward                  : 0.000000
Avg Total Reward            : 114.824582
Epsilon Decay               : q0(WP1): 0.0800, q1(WP2): 0.3536, q2(Goal): 1.0000
Buffer Fractions            : q0(WP1): 63.39%, q1(WP2): 36.46%, q2(Goal): 0.15%
Hits (Cumulative)           : WP1: 2106, WP2: 9, Goal: 0
----------------------------------------------------------------------------------------------------

----------------------------------------------------------------------------------------------------
[SHAPING | MULTI EPS] Episode 3900/10000
Avg Reward                  : 0.000000
Avg Total Reward            : 166.499330
Epsilon Decay               : q0(WP1): 0.0800, q1(WP2): 0.3232, q2(Goal): 1.0000
Buffer Fractions            : q0(WP1): 60.81%, q1(WP2): 38.77%, q2(Goal): 0.42%
Hits (Cumulative)           : WP1: 2196, WP2: 22, Goal: 0
----------------------------------------------------------------------------------------------------

----------------------------------------------------------------------------------------------------
[SHAPING | MULTI EPS] Episode 4000/10000
Avg Reward                  : 0.000000
Avg Total Reward            : 226.793205
Epsilon Decay               : q0(WP1): 0.0800, q1(WP2): 0.2965, q2(Goal): 1.0000
Buffer Fractions            : q0(WP1): 60.04%, q1(WP2): 38.86%, q2(Goal): 1.10%
Hits (Cumulative)           : WP1: 2282, WP2: 56, Goal: 0
----------------------------------------------------------------------------------------------------

----------------------------------------------------------------------------------------------------
[SHAPING | MULTI EPS] Episode 4100/10000
Avg Reward                  : 0.000000
Avg Total Reward            : 251.155277
Epsilon Decay               : q0(WP1): 0.0800, q1(WP2): 0.2705, q2(Goal): 1.0000
Buffer Fractions            : q0(WP1): 55.85%, q1(WP2): 42.04%, q2(Goal): 2.11%
Hits (Cumulative)           : WP1: 2374, WP2: 104, Goal: 0
----------------------------------------------------------------------------------------------------

----------------------------------------------------------------------------------------------------
[SHAPING | MULTI EPS] Episode 4200/10000
Avg Reward                  : 0.000000
Avg Total Reward            : 32.274279
Epsilon Decay               : q0(WP1): 0.0800, q1(WP2): 0.2583, q2(Goal): 1.0000
Buffer Fractions            : q0(WP1): 54.45%, q1(WP2): 42.90%, q2(Goal): 2.64%
Hits (Cumulative)           : WP1: 2420, WP2: 127, Goal: 0
----------------------------------------------------------------------------------------------------

----------------------------------------------------------------------------------------------------
[SHAPING | MULTI EPS] Episode 4300/10000
Avg Reward                  : 0.000000
Avg Total Reward            : 221.216335
Epsilon Decay               : q0(WP1): 0.0800, q1(WP2): 0.2384, q2(Goal): 1.0000
Buffer Fractions            : q0(WP1): 50.81%, q1(WP2): 45.54%, q2(Goal): 3.65%
Hits (Cumulative)           : WP1: 2500, WP2: 175, Goal: 0
----------------------------------------------------------------------------------------------------

----------------------------------------------------------------------------------------------------
[SHAPING | MULTI EPS] Episode 4400/10000
Avg Reward                  : 0.000000
Avg Total Reward            : 225.358796
Epsilon Decay               : q0(WP1): 0.0800, q1(WP2): 0.2192, q2(Goal): 1.0000
Buffer Fractions            : q0(WP1): 53.65%, q1(WP2): 41.73%, q2(Goal): 4.63%
Hits (Cumulative)           : WP1: 2584, WP2: 221, Goal: 0
----------------------------------------------------------------------------------------------------

----------------------------------------------------------------------------------------------------
[SHAPING | MULTI EPS] Episode 4500/10000
Avg Reward                  : 0.000000
Avg Total Reward            : 240.918333
Epsilon Decay               : q0(WP1): 0.0800, q1(WP2): 0.2019, q2(Goal): 1.0000
Buffer Fractions            : q0(WP1): 53.82%, q1(WP2): 40.67%, q2(Goal): 5.51%
Hits (Cumulative)           : WP1: 2666, WP2: 263, Goal: 0
----------------------------------------------------------------------------------------------------

----------------------------------------------------------------------------------------------------
[SHAPING | MULTI EPS] Episode 4600/10000
Avg Reward                  : 0.000000
Avg Total Reward            : 188.263391
Epsilon Decay               : q0(WP1): 0.0800, q1(WP2): 0.1862, q2(Goal): 1.0000
Buffer Fractions            : q0(WP1): 54.79%, q1(WP2): 39.21%, q2(Goal): 6.01%
Hits (Cumulative)           : WP1: 2747, WP2: 301, Goal: 0
----------------------------------------------------------------------------------------------------

----------------------------------------------------------------------------------------------------
[SHAPING | MULTI EPS] Episode 4700/10000
Avg Reward                  : 0.000000
Avg Total Reward            : 218.179655
Epsilon Decay               : q0(WP1): 0.0800, q1(WP2): 0.1729, q2(Goal): 1.0000
Buffer Fractions            : q0(WP1): 57.22%, q1(WP2): 36.78%, q2(Goal): 6.00%
Hits (Cumulative)           : WP1: 2821, WP2: 336, Goal: 0
----------------------------------------------------------------------------------------------------

----------------------------------------------------------------------------------------------------
[SHAPING | MULTI EPS] Episode 4800/10000
Avg Reward                  : 0.000000
Avg Total Reward            : 176.523078
Epsilon Decay               : q0(WP1): 0.0800, q1(WP2): 0.1611, q2(Goal): 1.0000
Buffer Fractions            : q0(WP1): 60.06%, q1(WP2): 34.29%, q2(Goal): 5.65%
Hits (Cumulative)           : WP1: 2892, WP2: 375, Goal: 0
----------------------------------------------------------------------------------------------------

----------------------------------------------------------------------------------------------------
[SHAPING | MULTI EPS] Episode 4900/10000
Avg Reward                  : 0.000000
Avg Total Reward            : 256.879379
Epsilon Decay               : q0(WP1): 0.0800, q1(WP2): 0.1471, q2(Goal): 1.0000
Buffer Fractions            : q0(WP1): 53.22%, q1(WP2): 40.11%, q2(Goal): 6.67%
Hits (Cumulative)           : WP1: 2983, WP2: 439, Goal: 0
----------------------------------------------------------------------------------------------------

----------------------------------------------------------------------------------------------------
[SHAPING | MULTI EPS] Episode 5000/10000
Avg Reward                  : 0.000000
Avg Total Reward            : 286.535156
Epsilon Decay               : q0(WP1): 0.0800, q1(WP2): 0.1341, q2(Goal): 1.0000
Buffer Fractions            : q0(WP1): 48.90%, q1(WP2): 43.79%, q2(Goal): 7.31%
Hits (Cumulative)           : WP1: 3075, WP2: 507, Goal: 0
----------------------------------------------------------------------------------------------------

----------------------------------------------------------------------------------------------------
[SHAPING | MULTI EPS] Episode 5100/10000
Avg Reward                  : 0.000000
Avg Total Reward            : 254.863748
Epsilon Decay               : q0(WP1): 0.0800, q1(WP2): 0.1236, q2(Goal): 1.0000
Buffer Fractions            : q0(WP1): 46.47%, q1(WP2): 45.70%, q2(Goal): 7.83%
Hits (Cumulative)           : WP1: 3157, WP2: 571, Goal: 0
----------------------------------------------------------------------------------------------------

----------------------------------------------------------------------------------------------------
[SHAPING | MULTI EPS] Episode 5200/10000
Avg Reward                  : 0.000000
Avg Total Reward            : 272.830160
Epsilon Decay               : q0(WP1): 0.0800, q1(WP2): 0.1127, q2(Goal): 1.0000
Buffer Fractions            : q0(WP1): 45.03%, q1(WP2): 46.38%, q2(Goal): 8.59%
Hits (Cumulative)           : WP1: 3249, WP2: 649, Goal: 0
----------------------------------------------------------------------------------------------------

----------------------------------------------------------------------------------------------------
[SHAPING | MULTI EPS] Episode 5300/10000
Avg Reward                  : 0.000000
Avg Total Reward            : 263.435015
Epsilon Decay               : q0(WP1): 0.0800, q1(WP2): 0.1025, q2(Goal): 1.0000
Buffer Fractions            : q0(WP1): 41.40%, q1(WP2): 49.03%, q2(Goal): 9.58%
Hits (Cumulative)           : WP1: 3344, WP2: 726, Goal: 0
----------------------------------------------------------------------------------------------------

----------------------------------------------------------------------------------------------------
[SHAPING | MULTI EPS] Episode 5400/10000
Avg Reward                  : 0.000000
Avg Total Reward            : 203.644003
Epsilon Decay               : q0(WP1): 0.0800, q1(WP2): 0.0937, q2(Goal): 1.0000
Buffer Fractions            : q0(WP1): 39.63%, q1(WP2): 49.54%, q2(Goal): 10.83%
Hits (Cumulative)           : WP1: 3434, WP2: 815, Goal: 0
----------------------------------------------------------------------------------------------------

----------------------------------------------------------------------------------------------------
[SHAPING | MULTI EPS] Episode 5500/10000
Avg Reward                  : 0.000000
Avg Total Reward            : 211.707827
Epsilon Decay               : q0(WP1): 0.0800, q1(WP2): 0.0857, q2(Goal): 1.0000
Buffer Fractions            : q0(WP1): 39.35%, q1(WP2): 48.70%, q2(Goal): 11.96%
Hits (Cumulative)           : WP1: 3523, WP2: 904, Goal: 0
----------------------------------------------------------------------------------------------------

----------------------------------------------------------------------------------------------------
[SHAPING | MULTI EPS] Episode 5600/10000
Avg Reward                  : 0.000000
Avg Total Reward            : 231.143991
Epsilon Decay               : q0(WP1): 0.0800, q1(WP2): 0.0800, q2(Goal): 0.9695
Buffer Fractions            : q0(WP1): 41.43%, q1(WP2): 45.94%, q2(Goal): 12.63%
Hits (Cumulative)           : WP1: 3611, WP2: 991, Goal: 0
----------------------------------------------------------------------------------------------------

----------------------------------------------------------------------------------------------------
[SHAPING | MULTI EPS] Episode 5700/10000
Avg Reward                  : 0.000000
Avg Total Reward            : 280.645729
Epsilon Decay               : q0(WP1): 0.0800, q1(WP2): 0.0800, q2(Goal): 0.8798
Buffer Fractions            : q0(WP1): 44.43%, q1(WP2): 42.36%, q2(Goal): 13.21%
Hits (Cumulative)           : WP1: 3711, WP2: 1088, Goal: 0
----------------------------------------------------------------------------------------------------

----------------------------------------------------------------------------------------------------
[SHAPING | MULTI EPS] Episode 5800/10000
Avg Reward                  : 0.000000
Avg Total Reward            : 262.764428
Epsilon Decay               : q0(WP1): 0.0800, q1(WP2): 0.0800, q2(Goal): 0.7984
Buffer Fractions            : q0(WP1): 46.57%, q1(WP2): 38.93%, q2(Goal): 14.51%
Hits (Cumulative)           : WP1: 3808, WP2: 1185, Goal: 0
----------------------------------------------------------------------------------------------------

----------------------------------------------------------------------------------------------------
[SHAPING | MULTI EPS] Episode 5900/10000
Avg Reward                  : 0.000000
Avg Total Reward            : 179.112543
Epsilon Decay               : q0(WP1): 0.0800, q1(WP2): 0.0800, q2(Goal): 0.7459
Buffer Fractions            : q0(WP1): 45.86%, q1(WP2): 39.15%, q2(Goal): 15.00%
Hits (Cumulative)           : WP1: 3890, WP2: 1253, Goal: 0
----------------------------------------------------------------------------------------------------

----------------------------------------------------------------------------------------------------
[SHAPING | MULTI EPS] Episode 6000/10000
Avg Reward                  : 0.000000
Avg Total Reward            : 41.141805
Epsilon Decay               : q0(WP1): 0.0800, q1(WP2): 0.0800, q2(Goal): 0.7195
Buffer Fractions            : q0(WP1): 49.06%, q1(WP2): 36.57%, q2(Goal): 14.37%
Hits (Cumulative)           : WP1: 3945, WP2: 1289, Goal: 0
----------------------------------------------------------------------------------------------------

----------------------------------------------------------------------------------------------------
[SHAPING | MULTI EPS] Episode 6100/10000
Avg Reward                  : 0.000000
Avg Total Reward            : 203.232835
Epsilon Decay               : q0(WP1): 0.0800, q1(WP2): 0.0800, q2(Goal): 0.6735
Buffer Fractions            : q0(WP1): 50.57%, q1(WP2): 35.08%, q2(Goal): 14.35%
Hits (Cumulative)           : WP1: 4027, WP2: 1355, Goal: 0
----------------------------------------------------------------------------------------------------

----------------------------------------------------------------------------------------------------
[SHAPING | MULTI EPS] Episode 6200/10000
Avg Reward                  : 0.000000
Avg Total Reward            : 189.236491
Epsilon Decay               : q0(WP1): 0.0800, q1(WP2): 0.0800, q2(Goal): 0.6407
Buffer Fractions            : q0(WP1): 51.43%, q1(WP2): 35.02%, q2(Goal): 13.55%
Hits (Cumulative)           : WP1: 4096, WP2: 1405, Goal: 0
----------------------------------------------------------------------------------------------------

----------------------------------------------------------------------------------------------------
[SHAPING | MULTI EPS] Episode 6300/10000
Avg Reward                  : 0.000000
Avg Total Reward            : 235.365573
Epsilon Decay               : q0(WP1): 0.0800, q1(WP2): 0.0800, q2(Goal): 0.5950
Buffer Fractions            : q0(WP1): 51.01%, q1(WP2): 35.20%, q2(Goal): 13.79%
Hits (Cumulative)           : WP1: 4176, WP2: 1479, Goal: 0
----------------------------------------------------------------------------------------------------

----------------------------------------------------------------------------------------------------
[SHAPING | MULTI EPS] Episode 6400/10000
Avg Reward                  : 0.000000
Avg Total Reward            : 224.618788
Epsilon Decay               : q0(WP1): 0.0800, q1(WP2): 0.0800, q2(Goal): 0.5497
Buffer Fractions            : q0(WP1): 51.08%, q1(WP2): 35.08%, q2(Goal): 13.84%
Hits (Cumulative)           : WP1: 4263, WP2: 1558, Goal: 0
----------------------------------------------------------------------------------------------------

----------------------------------------------------------------------------------------------------
[SHAPING | MULTI EPS] Episode 6500/10000
Avg Reward                  : 0.000000
Avg Total Reward            : 275.429115
Epsilon Decay               : q0(WP1): 0.0800, q1(WP2): 0.0800, q2(Goal): 0.5034
Buffer Fractions            : q0(WP1): 50.96%, q1(WP2): 34.03%, q2(Goal): 15.00%
Hits (Cumulative)           : WP1: 4356, WP2: 1646, Goal: 0
----------------------------------------------------------------------------------------------------

----------------------------------------------------------------------------------------------------
[SHAPING | MULTI EPS] Episode 6600/10000
Avg Reward                  : 300.000000
Avg Total Reward            : 562.431844
Epsilon Decay               : q0(WP1): 0.0800, q1(WP2): 0.0800, q2(Goal): 0.4698
Buffer Fractions            : q0(WP1): 51.29%, q1(WP2): 32.30%, q2(Goal): 16.40%
Hits (Cumulative)           : WP1: 4432, WP2: 1715, Goal: 3
----------------------------------------------------------------------------------------------------

----------------------------------------------------------------------------------------------------
[SHAPING | MULTI EPS] Episode 6700/10000
Avg Reward                  : 300.000000
Avg Total Reward            : 576.699195
Epsilon Decay               : q0(WP1): 0.0800, q1(WP2): 0.0800, q2(Goal): 0.4385
Buffer Fractions            : q0(WP1): 48.89%, q1(WP2): 30.44%, q2(Goal): 20.67%
Hits (Cumulative)           : WP1: 4504, WP2: 1784, Goal: 6
----------------------------------------------------------------------------------------------------

----------------------------------------------------------------------------------------------------
[SHAPING | MULTI EPS] Episode 6800/10000
Avg Reward                  : 1600.000000
Avg Total Reward            : 2005.957599
Epsilon Decay               : q0(WP1): 0.0800, q1(WP2): 0.0800, q2(Goal): 0.4171
Buffer Fractions            : q0(WP1): 49.06%, q1(WP2): 30.22%, q2(Goal): 20.73%
Hits (Cumulative)           : WP1: 4581, WP2: 1834, Goal: 22
----------------------------------------------------------------------------------------------------

----------------------------------------------------------------------------------------------------
[SHAPING | MULTI EPS] Episode 6900/10000
Avg Reward                  : 2200.000000
Avg Total Reward            : 2779.908467
Epsilon Decay               : q0(WP1): 0.0800, q1(WP2): 0.0800, q2(Goal): 0.3854
Buffer Fractions            : q0(WP1): 47.48%, q1(WP2): 29.50%, q2(Goal): 23.02%
Hits (Cumulative)           : WP1: 4670, WP2: 1913, Goal: 44
----------------------------------------------------------------------------------------------------

----------------------------------------------------------------------------------------------------
[SHAPING | MULTI EPS] Episode 7000/10000
Avg Reward                  : 4200.000000
Avg Total Reward            : 4869.781755
Epsilon Decay               : q0(WP1): 0.0800, q1(WP2): 0.0800, q2(Goal): 0.3565
Buffer Fractions            : q0(WP1): 45.75%, q1(WP2): 28.86%, q2(Goal): 25.39%
Hits (Cumulative)           : WP1: 4751, WP2: 1991, Goal: 86
----------------------------------------------------------------------------------------------------

----------------------------------------------------------------------------------------------------
[SHAPING | MULTI EPS] Episode 7100/10000
Avg Reward                  : 4300.000000
Avg Total Reward            : 4880.795950
Epsilon Decay               : q0(WP1): 0.0800, q1(WP2): 0.0800, q2(Goal): 0.3314
Buffer Fractions            : q0(WP1): 47.73%, q1(WP2): 27.62%, q2(Goal): 24.65%
Hits (Cumulative)           : WP1: 4827, WP2: 2064, Goal: 129
----------------------------------------------------------------------------------------------------

----------------------------------------------------------------------------------------------------
[SHAPING | MULTI EPS] Episode 7200/10000
Avg Reward                  : 6000.000000
Avg Total Reward            : 6750.167205
Epsilon Decay               : q0(WP1): 0.0800, q1(WP2): 0.0800, q2(Goal): 0.3050
Buffer Fractions            : q0(WP1): 49.02%, q1(WP2): 27.24%, q2(Goal): 23.74%
Hits (Cumulative)           : WP1: 4916, WP2: 2147, Goal: 189
----------------------------------------------------------------------------------------------------

----------------------------------------------------------------------------------------------------
[SHAPING | MULTI EPS] Episode 7300/10000
Avg Reward                  : 6300.000000
Avg Total Reward            : 7101.495771
Epsilon Decay               : q0(WP1): 0.0800, q1(WP2): 0.0800, q2(Goal): 0.2812
Buffer Fractions            : q0(WP1): 48.14%, q1(WP2): 27.85%, q2(Goal): 24.01%
Hits (Cumulative)           : WP1: 4999, WP2: 2228, Goal: 252
----------------------------------------------------------------------------------------------------

----------------------------------------------------------------------------------------------------
[SHAPING | MULTI EPS] Episode 7400/10000
Avg Reward                  : 7400.000000
Avg Total Reward            : 8242.949029
Epsilon Decay               : q0(WP1): 0.0800, q1(WP2): 0.0800, q2(Goal): 0.2591
Buffer Fractions            : q0(WP1): 48.87%, q1(WP2): 27.95%, q2(Goal): 23.18%
Hits (Cumulative)           : WP1: 5083, WP2: 2310, Goal: 326
----------------------------------------------------------------------------------------------------

----------------------------------------------------------------------------------------------------
[SHAPING | MULTI EPS] Episode 7500/10000
Avg Reward                  : 5700.000000
Avg Total Reward            : 6367.512091
Epsilon Decay               : q0(WP1): 0.0800, q1(WP2): 0.0800, q2(Goal): 0.2411
Buffer Fractions            : q0(WP1): 49.31%, q1(WP2): 26.35%, q2(Goal): 24.34%
Hits (Cumulative)           : WP1: 5160, WP2: 2382, Goal: 383
----------------------------------------------------------------------------------------------------

----------------------------------------------------------------------------------------------------
[SHAPING | MULTI EPS] Episode 7600/10000
Avg Reward                  : 4200.000000
Avg Total Reward            : 4691.479494
Epsilon Decay               : q0(WP1): 0.0800, q1(WP2): 0.0800, q2(Goal): 0.2279
Buffer Fractions            : q0(WP1): 49.70%, q1(WP2): 26.23%, q2(Goal): 24.07%
Hits (Cumulative)           : WP1: 5233, WP2: 2438, Goal: 425
----------------------------------------------------------------------------------------------------

----------------------------------------------------------------------------------------------------
[SHAPING | MULTI EPS] Episode 7700/10000
Avg Reward                  : 6400.000000
Avg Total Reward            : 7034.429436
Epsilon Decay               : q0(WP1): 0.0800, q1(WP2): 0.0800, q2(Goal): 0.2125
Buffer Fractions            : q0(WP1): 51.66%, q1(WP2): 25.53%, q2(Goal): 22.82%
Hits (Cumulative)           : WP1: 5306, WP2: 2508, Goal: 489
----------------------------------------------------------------------------------------------------

----------------------------------------------------------------------------------------------------
[SHAPING | MULTI EPS] Episode 7800/10000
Avg Reward                  : 4700.000000
Avg Total Reward            : 5124.243729
Epsilon Decay               : q0(WP1): 0.0800, q1(WP2): 0.0800, q2(Goal): 0.2019
Buffer Fractions            : q0(WP1): 54.59%, q1(WP2): 24.54%, q2(Goal): 20.87%
Hits (Cumulative)           : WP1: 5364, WP2: 2559, Goal: 536
----------------------------------------------------------------------------------------------------

----------------------------------------------------------------------------------------------------
[SHAPING | MULTI EPS] Episode 7900/10000
Avg Reward                  : 6100.000000
Avg Total Reward            : 6770.652657
Epsilon Decay               : q0(WP1): 0.0800, q1(WP2): 0.0800, q2(Goal): 0.1894
Buffer Fractions            : q0(WP1): 56.77%, q1(WP2): 24.02%, q2(Goal): 19.22%
Hits (Cumulative)           : WP1: 5442, WP2: 2623, Goal: 597
----------------------------------------------------------------------------------------------------

----------------------------------------------------------------------------------------------------
[SHAPING | MULTI EPS] Episode 8000/10000
Avg Reward                  : 7400.000000
Avg Total Reward            : 8213.765398
Epsilon Decay               : q0(WP1): 0.0800, q1(WP2): 0.0800, q2(Goal): 0.1748
Buffer Fractions            : q0(WP1): 56.68%, q1(WP2): 23.97%, q2(Goal): 19.36%
Hits (Cumulative)           : WP1: 5526, WP2: 2703, Goal: 671
----------------------------------------------------------------------------------------------------

----------------------------------------------------------------------------------------------------
[SHAPING | MULTI EPS] Episode 8100/10000
Avg Reward                  : 6800.000000
Avg Total Reward            : 7562.766629
Epsilon Decay               : q0(WP1): 0.0800, q1(WP2): 0.0800, q2(Goal): 0.1622
Buffer Fractions            : q0(WP1): 57.19%, q1(WP2): 22.97%, q2(Goal): 19.84%
Hits (Cumulative)           : WP1: 5606, WP2: 2778, Goal: 739
----------------------------------------------------------------------------------------------------

----------------------------------------------------------------------------------------------------
[SHAPING | MULTI EPS] Episode 8200/10000
Avg Reward                  : 9000.000000
Avg Total Reward            : 9966.231585
Epsilon Decay               : q0(WP1): 0.0800, q1(WP2): 0.0800, q2(Goal): 0.1476
Buffer Fractions            : q0(WP1): 57.87%, q1(WP2): 22.93%, q2(Goal): 19.20%
Hits (Cumulative)           : WP1: 5704, WP2: 2872, Goal: 829
----------------------------------------------------------------------------------------------------

----------------------------------------------------------------------------------------------------
[SHAPING | MULTI EPS] Episode 8300/10000
Avg Reward                  : 7600.000000
Avg Total Reward            : 8358.096434
Epsilon Decay               : q0(WP1): 0.0800, q1(WP2): 0.0800, q2(Goal): 0.1363
Buffer Fractions            : q0(WP1): 59.97%, q1(WP2): 21.87%, q2(Goal): 18.17%
Hits (Cumulative)           : WP1: 5787, WP2: 2952, Goal: 905
----------------------------------------------------------------------------------------------------

----------------------------------------------------------------------------------------------------
[SHAPING | MULTI EPS] Episode 8400/10000
Avg Reward                  : 7800.000000
Avg Total Reward            : 8675.811997
Epsilon Decay               : q0(WP1): 0.0800, q1(WP2): 0.0800, q2(Goal): 0.1251
Buffer Fractions            : q0(WP1): 59.94%, q1(WP2): 23.26%, q2(Goal): 16.80%
Hits (Cumulative)           : WP1: 5884, WP2: 3038, Goal: 983
----------------------------------------------------------------------------------------------------

----------------------------------------------------------------------------------------------------
[SHAPING | MULTI EPS] Episode 8500/10000
Avg Reward                  : 7800.000000
Avg Total Reward            : 8622.554094
Epsilon Decay               : q0(WP1): 0.0800, q1(WP2): 0.0800, q2(Goal): 0.1150
Buffer Fractions            : q0(WP1): 61.01%, q1(WP2): 22.92%, q2(Goal): 16.07%
Hits (Cumulative)           : WP1: 5973, WP2: 3122, Goal: 1061
----------------------------------------------------------------------------------------------------

----------------------------------------------------------------------------------------------------
[SHAPING | MULTI EPS] Episode 8600/10000
Avg Reward                  : 8500.000000
Avg Total Reward            : 9429.255764
Epsilon Decay               : q0(WP1): 0.0800, q1(WP2): 0.0800, q2(Goal): 0.1051
Buffer Fractions            : q0(WP1): 61.37%, q1(WP2): 23.22%, q2(Goal): 15.41%
Hits (Cumulative)           : WP1: 6069, WP2: 3212, Goal: 1146
----------------------------------------------------------------------------------------------------

----------------------------------------------------------------------------------------------------
[SHAPING | MULTI EPS] Episode 8700/10000
Avg Reward                  : 6400.000000
Avg Total Reward            : 7174.503709
Epsilon Decay               : q0(WP1): 0.0800, q1(WP2): 0.0800, q2(Goal): 0.0975
Buffer Fractions            : q0(WP1): 58.59%, q1(WP2): 25.44%, q2(Goal): 15.96%
Hits (Cumulative)           : WP1: 6164, WP2: 3287, Goal: 1210
----------------------------------------------------------------------------------------------------

----------------------------------------------------------------------------------------------------
[SHAPING | MULTI EPS] Episode 8800/10000
Avg Reward                  : 6300.000000
Avg Total Reward            : 6996.807758
Epsilon Decay               : q0(WP1): 0.0800, q1(WP2): 0.0800, q2(Goal): 0.0905
Buffer Fractions            : q0(WP1): 55.64%, q1(WP2): 28.06%, q2(Goal): 16.30%
Hits (Cumulative)           : WP1: 6246, WP2: 3361, Goal: 1273
----------------------------------------------------------------------------------------------------

----------------------------------------------------------------------------------------------------
[SHAPING | MULTI EPS] Episode 8900/10000
Avg Reward                  : 6400.000000
Avg Total Reward            : 7129.141452
Epsilon Decay               : q0(WP1): 0.0800, q1(WP2): 0.0800, q2(Goal): 0.0840
Buffer Fractions            : q0(WP1): 57.26%, q1(WP2): 27.35%, q2(Goal): 15.40%
Hits (Cumulative)           : WP1: 6326, WP2: 3436, Goal: 1337
----------------------------------------------------------------------------------------------------

----------------------------------------------------------------------------------------------------
[SHAPING | MULTI EPS] Episode 9000/10000
Avg Reward                  : 9300.000000
Avg Total Reward            : 10311.094618
Epsilon Decay               : q0(WP1): 0.0800, q1(WP2): 0.0800, q2(Goal): 0.0800
Buffer Fractions            : q0(WP1): 57.16%, q1(WP2): 27.57%, q2(Goal): 15.28%
Hits (Cumulative)           : WP1: 6425, WP2: 3534, Goal: 1430
----------------------------------------------------------------------------------------------------

----------------------------------------------------------------------------------------------------
[SHAPING | MULTI EPS] Episode 9100/10000
Avg Reward                  : 7900.000000
Avg Total Reward            : 8746.757458
Epsilon Decay               : q0(WP1): 0.0800, q1(WP2): 0.0800, q2(Goal): 0.0800
Buffer Fractions            : q0(WP1): 57.51%, q1(WP2): 27.60%, q2(Goal): 14.89%
Hits (Cumulative)           : WP1: 6513, WP2: 3614, Goal: 1509
----------------------------------------------------------------------------------------------------

----------------------------------------------------------------------------------------------------
[SHAPING | MULTI EPS] Episode 9200/10000
Avg Reward                  : 9100.000000
Avg Total Reward            : 10105.755836
Epsilon Decay               : q0(WP1): 0.0800, q1(WP2): 0.0800, q2(Goal): 0.0800
Buffer Fractions            : q0(WP1): 55.81%, q1(WP2): 28.38%, q2(Goal): 15.81%
Hits (Cumulative)           : WP1: 6613, WP2: 3713, Goal: 1600
----------------------------------------------------------------------------------------------------

----------------------------------------------------------------------------------------------------
[SHAPING | MULTI EPS] Episode 9300/10000
Avg Reward                  : 6400.000000
Avg Total Reward            : 7140.357340
Epsilon Decay               : q0(WP1): 0.0800, q1(WP2): 0.0800, q2(Goal): 0.0800
Buffer Fractions            : q0(WP1): 55.19%, q1(WP2): 28.69%, q2(Goal): 16.12%
Hits (Cumulative)           : WP1: 6702, WP2: 3784, Goal: 1664
----------------------------------------------------------------------------------------------------

----------------------------------------------------------------------------------------------------
[SHAPING | MULTI EPS] Episode 9400/10000
Avg Reward                  : 7500.000000
Avg Total Reward            : 8358.354018
Epsilon Decay               : q0(WP1): 0.0800, q1(WP2): 0.0800, q2(Goal): 0.0800
Buffer Fractions            : q0(WP1): 54.34%, q1(WP2): 29.39%, q2(Goal): 16.27%
Hits (Cumulative)           : WP1: 6796, WP2: 3867, Goal: 1739
----------------------------------------------------------------------------------------------------

----------------------------------------------------------------------------------------------------
[SHAPING | MULTI EPS] Episode 9500/10000
Avg Reward                  : 6900.000000
Avg Total Reward            : 7682.143439
Epsilon Decay               : q0(WP1): 0.0800, q1(WP2): 0.0800, q2(Goal): 0.0800
Buffer Fractions            : q0(WP1): 53.16%, q1(WP2): 29.45%, q2(Goal): 17.39%
Hits (Cumulative)           : WP1: 6879, WP2: 3940, Goal: 1808
----------------------------------------------------------------------------------------------------

----------------------------------------------------------------------------------------------------
[SHAPING | MULTI EPS] Episode 9600/10000
Avg Reward                  : 5800.000000
Avg Total Reward            : 6505.184373
Epsilon Decay               : q0(WP1): 0.0800, q1(WP2): 0.0800, q2(Goal): 0.0800
Buffer Fractions            : q0(WP1): 53.61%, q1(WP2): 28.56%, q2(Goal): 17.83%
Hits (Cumulative)           : WP1: 6958, WP2: 4008, Goal: 1866
----------------------------------------------------------------------------------------------------

----------------------------------------------------------------------------------------------------
[SHAPING | MULTI EPS] Episode 9700/10000
Avg Reward                  : 6400.000000
Avg Total Reward            : 7134.507407
Epsilon Decay               : q0(WP1): 0.0800, q1(WP2): 0.0800, q2(Goal): 0.0800
Buffer Fractions            : q0(WP1): 51.55%, q1(WP2): 31.10%, q2(Goal): 17.35%
Hits (Cumulative)           : WP1: 7045, WP2: 4073, Goal: 1930
----------------------------------------------------------------------------------------------------

----------------------------------------------------------------------------------------------------
[SHAPING | MULTI EPS] Episode 9800/10000
Avg Reward                  : 6400.000000
Avg Total Reward            : 7126.618182
Epsilon Decay               : q0(WP1): 0.0800, q1(WP2): 0.0800, q2(Goal): 0.0800
Buffer Fractions            : q0(WP1): 53.23%, q1(WP2): 30.69%, q2(Goal): 16.08%
Hits (Cumulative)           : WP1: 7128, WP2: 4145, Goal: 1994
----------------------------------------------------------------------------------------------------

----------------------------------------------------------------------------------------------------
[SHAPING | MULTI EPS] Episode 9900/10000
Avg Reward                  : 7400.000000
Avg Total Reward            : 8219.170989
Epsilon Decay               : q0(WP1): 0.0800, q1(WP2): 0.0800, q2(Goal): 0.0800
Buffer Fractions            : q0(WP1): 53.42%, q1(WP2): 31.25%, q2(Goal): 15.33%
Hits (Cumulative)           : WP1: 7218, WP2: 4224, Goal: 2068
----------------------------------------------------------------------------------------------------

----------------------------------------------------------------------------------------------------
[SHAPING | MULTI EPS] Episode 10000/10000
Avg Reward                  : 8700.000000
Avg Total Reward            : 9636.395337
Epsilon Decay               : q0(WP1): 0.0800, q1(WP2): 0.0800, q2(Goal): 0.0800
Buffer Fractions            : q0(WP1): 54.32%, q1(WP2): 31.39%, q2(Goal): 14.29%
Hits (Cumulative)           : WP1: 7312, WP2: 4313, Goal: 2155
----------------------------------------------------------------------------------------------------

