
=== NEW RUN ===
episodes=8000, shaping=False, K=1.0, goal_reward=10000.0, gamma=0.99
waypoints={'g1': (5, 8), 'g2': (6, 4)}
automaton_states=['q1', 'q2'], initial=q1, accepting=['q3']

[Episode 1/8000 | last 1]
success rate                : 0.0% (cumulative 0.0%)
synthetic task reward       : 0.000
shaping reward              : 0.000
learning reward             : 0.000
episode length              : 68.0
abstract changes / episode  : 11.0
completed cycles / episode   : 0.00
automaton changes / episode  : 1.00
automaton changes in window  : q1->q2: 1
epsilon (next episode)       : 0.99960
replay buffer                : 68 samples [q1: 32.4%, q2: 67.6%]
state visits in window        : q1: 22, q2: 47
state visits cumulative       : q1: 22, q2: 47
state entries in window       : q1: 1, q2: 1
state entries cumulative      : q1: 1, q2: 1
transitions cumulative       : q1->q2: 1
Gym endings cumulative       : terminated=1, truncated=0
Best policy updated at episode 1: mean learning reward=0.000

[Episode 100/8000 | last 100]
success rate                : 2.0% (cumulative 2.0%)
synthetic task reward       : 200.000
shaping reward              : 0.000
learning reward             : 200.000
episode length              : 92.8
abstract changes / episode  : 12.6
completed cycles / episode   : 0.02
automaton changes / episode  : 0.24
automaton changes in window  : q1->q2: 22, q2->q1: 2
epsilon (next episode)       : 0.96078
replay buffer                : 9279 samples [q1: 88.4%, q2: 11.6%]
state visits in window        : q1: 8280, q2: 1099
state visits cumulative       : q1: 8280, q2: 1099
state entries in window       : q1: 102, q2: 22
state entries cumulative      : q1: 102, q2: 22
transitions cumulative       : q1->q2: 22, q2->q1: 2
Gym endings cumulative       : terminated=100, truncated=0
Best policy updated at episode 100: mean learning reward=200.000

[Episode 200/8000 | last 100]
success rate                : 1.0% (cumulative 1.5%)
synthetic task reward       : 100.000
shaping reward              : 0.000
learning reward             : 100.000
episode length              : 89.4
abstract changes / episode  : 12.8
completed cycles / episode   : 0.01
automaton changes / episode  : 0.26
automaton changes in window  : q1->q2: 25, q2->q1: 1
epsilon (next episode)       : 0.92310
replay buffer                : 18215 samples [q1: 87.7%, q2: 12.3%]
state visits in window        : q1: 7859, q2: 1177
state visits cumulative       : q1: 16139, q2: 2276
state entries in window       : q1: 101, q2: 25
state entries cumulative      : q1: 203, q2: 47
transitions cumulative       : q1->q2: 47, q2->q1: 3
Gym endings cumulative       : terminated=200, truncated=0

[Episode 300/8000 | last 100]
success rate                : 0.0% (cumulative 1.0%)
synthetic task reward       : 0.000
shaping reward              : 0.000
learning reward             : 0.000
episode length              : 90.3
abstract changes / episode  : 12.8
completed cycles / episode   : 0.00
automaton changes / episode  : 0.24
automaton changes in window  : q1->q2: 24
epsilon (next episode)       : 0.88690
replay buffer                : 27243 samples [q1: 87.4%, q2: 12.6%]
state visits in window        : q1: 7910, q2: 1218
state visits cumulative       : q1: 24049, q2: 3494
state entries in window       : q1: 100, q2: 24
state entries cumulative      : q1: 303, q2: 71
transitions cumulative       : q1->q2: 71, q2->q1: 3
Gym endings cumulative       : terminated=300, truncated=0

[Episode 400/8000 | last 100]
success rate                : 1.0% (cumulative 1.0%)
synthetic task reward       : 100.000
shaping reward              : 0.000
learning reward             : 100.000
episode length              : 91.2
abstract changes / episode  : 12.6
completed cycles / episode   : 0.01
automaton changes / episode  : 0.25
automaton changes in window  : q1->q2: 24, q2->q1: 1
epsilon (next episode)       : 0.85212
replay buffer                : 36360 samples [q1: 87.6%, q2: 12.4%]
state visits in window        : q1: 8097, q2: 1120
state visits cumulative       : q1: 32146, q2: 4614
state entries in window       : q1: 101, q2: 24
state entries cumulative      : q1: 404, q2: 95
transitions cumulative       : q1->q2: 95, q2->q1: 4
Gym endings cumulative       : terminated=400, truncated=0

[Episode 500/8000 | last 100]
success rate                : 0.0% (cumulative 0.8%)
synthetic task reward       : 0.000
shaping reward              : 0.000
learning reward             : 0.000
episode length              : 90.7
abstract changes / episode  : 12.4
completed cycles / episode   : 0.00
automaton changes / episode  : 0.29
automaton changes in window  : q1->q2: 29
epsilon (next episode)       : 0.81870
replay buffer                : 45428 samples [q1: 86.9%, q2: 13.1%]
state visits in window        : q1: 7719, q2: 1449
state visits cumulative       : q1: 39865, q2: 6063
state entries in window       : q1: 100, q2: 29
state entries cumulative      : q1: 504, q2: 124
transitions cumulative       : q1->q2: 124, q2->q1: 4
Gym endings cumulative       : terminated=500, truncated=0

[Episode 600/8000 | last 100]
success rate                : 7.0% (cumulative 1.8%)
synthetic task reward       : 700.000
shaping reward              : 0.000
learning reward             : 700.000
episode length              : 96.3
abstract changes / episode  : 12.4
completed cycles / episode   : 0.07
automaton changes / episode  : 0.40
automaton changes in window  : q1->q2: 33, q2->q1: 7
epsilon (next episode)       : 0.78659
replay buffer                : 55058 samples [q1: 86.5%, q2: 13.5%]
state visits in window        : q1: 8195, q2: 1535
state visits cumulative       : q1: 48060, q2: 7598
state entries in window       : q1: 107, q2: 33
state entries cumulative      : q1: 611, q2: 157
transitions cumulative       : q1->q2: 157, q2->q1: 11
Gym endings cumulative       : terminated=600, truncated=0
Best policy updated at episode 600: mean learning reward=700.000

[Episode 700/8000 | last 100]
success rate                : 7.0% (cumulative 2.6%)
synthetic task reward       : 700.000
shaping reward              : 0.000
learning reward             : 700.000
episode length              : 99.9
abstract changes / episode  : 12.3
completed cycles / episode   : 0.07
automaton changes / episode  : 0.38
automaton changes in window  : q1->q2: 31, q2->q1: 7
epsilon (next episode)       : 0.75574
replay buffer                : 65045 samples [q1: 86.3%, q2: 13.7%]
state visits in window        : q1: 8586, q2: 1501
state visits cumulative       : q1: 56646, q2: 9099
state entries in window       : q1: 107, q2: 31
state entries cumulative      : q1: 718, q2: 188
transitions cumulative       : q1->q2: 188, q2->q1: 18
Gym endings cumulative       : terminated=700, truncated=0

[Episode 800/8000 | last 100]
success rate                : 7.0% (cumulative 3.1%)
synthetic task reward       : 700.000
shaping reward              : 0.000
learning reward             : 700.000
episode length              : 103.2
abstract changes / episode  : 12.5
completed cycles / episode   : 0.07
automaton changes / episode  : 0.40
automaton changes in window  : q1->q2: 33, q2->q1: 7
epsilon (next episode)       : 0.72610
replay buffer                : 75368 samples [q1: 86.2%, q2: 13.8%]
state visits in window        : q1: 8900, q2: 1523
state visits cumulative       : q1: 65546, q2: 10622
state entries in window       : q1: 107, q2: 33
state entries cumulative      : q1: 825, q2: 221
transitions cumulative       : q1->q2: 221, q2->q1: 25
Gym endings cumulative       : terminated=800, truncated=0

[Episode 900/8000 | last 100]
success rate                : 3.0% (cumulative 3.1%)
synthetic task reward       : 300.000
shaping reward              : 0.000
learning reward             : 300.000
episode length              : 119.9
abstract changes / episode  : 13.0
completed cycles / episode   : 0.03
automaton changes / episode  : 0.20
automaton changes in window  : q1->q2: 17, q2->q1: 3
epsilon (next episode)       : 0.69763
replay buffer                : 87354 samples [q1: 87.1%, q2: 12.9%]
state visits in window        : q1: 11256, q2: 830
state visits cumulative       : q1: 76802, q2: 11452
state entries in window       : q1: 103, q2: 17
state entries cumulative      : q1: 928, q2: 238
transitions cumulative       : q1->q2: 238, q2->q1: 28
Gym endings cumulative       : terminated=900, truncated=0

[Episode 1000/8000 | last 100]
success rate                : 5.0% (cumulative 3.3%)
synthetic task reward       : 500.000
shaping reward              : 0.000
learning reward             : 500.000
episode length              : 130.2
abstract changes / episode  : 12.6
completed cycles / episode   : 0.05
automaton changes / episode  : 0.29
automaton changes in window  : q1->q2: 24, q2->q1: 5
epsilon (next episode)       : 0.67027
replay buffer                : 100378 samples [q1: 87.4%, q2: 12.6%]
state visits in window        : q1: 11664, q2: 1460
state visits cumulative       : q1: 88466, q2: 12912
state entries in window       : q1: 105, q2: 24
state entries cumulative      : q1: 1033, q2: 262
transitions cumulative       : q1->q2: 262, q2->q1: 33
Gym endings cumulative       : terminated=1000, truncated=0

[Episode 1100/8000 | last 100]
success rate                : 1.0% (cumulative 3.1%)
synthetic task reward       : 100.000
shaping reward              : 0.000
learning reward             : 100.000
episode length              : 141.3
abstract changes / episode  : 12.7
completed cycles / episode   : 0.01
automaton changes / episode  : 0.13
automaton changes in window  : q1->q2: 12, q2->q1: 1
epsilon (next episode)       : 0.64398
replay buffer                : 114506 samples [q1: 88.2%, q2: 11.8%]
state visits in window        : q1: 13415, q2: 813
state visits cumulative       : q1: 101881, q2: 13725
state entries in window       : q1: 101, q2: 12
state entries cumulative      : q1: 1134, q2: 274
transitions cumulative       : q1->q2: 274, q2->q1: 34
Gym endings cumulative       : terminated=1100, truncated=0

[Episode 1200/8000 | last 100]
success rate                : 1.0% (cumulative 2.9%)
synthetic task reward       : 100.000
shaping reward              : 0.000
learning reward             : 100.000
episode length              : 138.2
abstract changes / episode  : 12.7
completed cycles / episode   : 0.01
automaton changes / episode  : 0.17
automaton changes in window  : q1->q2: 16, q2->q1: 1
epsilon (next episode)       : 0.61872
replay buffer                : 128327 samples [q1: 88.6%, q2: 11.4%]
state visits in window        : q1: 12754, q2: 1167
state visits cumulative       : q1: 114635, q2: 14892
state entries in window       : q1: 101, q2: 16
state entries cumulative      : q1: 1235, q2: 290
transitions cumulative       : q1->q2: 290, q2->q1: 35
Gym endings cumulative       : terminated=1200, truncated=0

[Episode 1300/8000 | last 100]
success rate                : 3.0% (cumulative 2.9%)
synthetic task reward       : 300.000
shaping reward              : 0.000
learning reward             : 300.000
episode length              : 166.7
abstract changes / episode  : 13.6
completed cycles / episode   : 0.03
automaton changes / episode  : 0.19
automaton changes in window  : q1->q2: 16, q2->q1: 3
epsilon (next episode)       : 0.59446
replay buffer                : 144999 samples [q1: 88.3%, q2: 11.7%]
state visits in window        : q1: 14444, q2: 2328
state visits cumulative       : q1: 129079, q2: 17220
state entries in window       : q1: 103, q2: 16
state entries cumulative      : q1: 1338, q2: 306
transitions cumulative       : q1->q2: 306, q2->q1: 38
Gym endings cumulative       : terminated=1300, truncated=0

[Episode 1400/8000 | last 100]
success rate                : 4.0% (cumulative 3.0%)
synthetic task reward       : 400.000
shaping reward              : 0.000
learning reward             : 400.000
episode length              : 178.0
abstract changes / episode  : 13.1
completed cycles / episode   : 0.04
automaton changes / episode  : 0.21
automaton changes in window  : q1->q2: 17, q2->q1: 4
epsilon (next episode)       : 0.57115
replay buffer                : 162803 samples [q1: 88.9%, q2: 11.1%]
state visits in window        : q1: 16763, q2: 1141
state visits cumulative       : q1: 145842, q2: 18361
state entries in window       : q1: 104, q2: 17
state entries cumulative      : q1: 1442, q2: 323
transitions cumulative       : q1->q2: 323, q2->q1: 42
Gym endings cumulative       : terminated=1400, truncated=0

[Episode 1500/8000 | last 100]
success rate                : 0.0% (cumulative 2.8%)
synthetic task reward       : 0.000
shaping reward              : 0.000
learning reward             : 0.000
episode length              : 205.8
abstract changes / episode  : 14.4
completed cycles / episode   : 0.00
automaton changes / episode  : 0.08
automaton changes in window  : q1->q2: 8
epsilon (next episode)       : 0.54875
replay buffer                : 183387 samples [q1: 89.7%, q2: 10.3%]
state visits in window        : q1: 19816, q2: 868
state visits cumulative       : q1: 165658, q2: 19229
state entries in window       : q1: 100, q2: 8
state entries cumulative      : q1: 1542, q2: 331
transitions cumulative       : q1->q2: 331, q2->q1: 42
Gym endings cumulative       : terminated=1500, truncated=0

[Episode 1600/8000 | last 100]
success rate                : 3.0% (cumulative 2.8%)
synthetic task reward       : 300.000
shaping reward              : 0.000
learning reward             : 300.000
episode length              : 222.0
abstract changes / episode  : 15.5
completed cycles / episode   : 0.03
automaton changes / episode  : 0.22
automaton changes in window  : q1->q2: 19, q2->q1: 3
epsilon (next episode)       : 0.52722
replay buffer                : 205588 samples [q1: 89.9%, q2: 10.1%]
state visits in window        : q1: 20528, q2: 1773
state visits cumulative       : q1: 186186, q2: 21002
state entries in window       : q1: 103, q2: 19
state entries cumulative      : q1: 1645, q2: 350
transitions cumulative       : q1->q2: 350, q2->q1: 45
Gym endings cumulative       : terminated=1600, truncated=0

[Episode 1700/8000 | last 100]
success rate                : 1.0% (cumulative 2.7%)
synthetic task reward       : 100.000
shaping reward              : 0.000
learning reward             : 100.000
episode length              : 275.9
abstract changes / episode  : 17.1
completed cycles / episode   : 0.01
automaton changes / episode  : 0.31
automaton changes in window  : q1->q2: 30, q2->q1: 1
epsilon (next episode)       : 0.50655
replay buffer                : 233180 samples [q1: 89.6%, q2: 10.4%]
state visits in window        : q1: 24181, q2: 3511
state visits cumulative       : q1: 210367, q2: 24513
state entries in window       : q1: 101, q2: 30
state entries cumulative      : q1: 1746, q2: 380
transitions cumulative       : q1->q2: 380, q2->q1: 46
Gym endings cumulative       : terminated=1700, truncated=0

[Episode 1800/8000 | last 100]
success rate                : 3.0% (cumulative 2.7%)
synthetic task reward       : 400.000
shaping reward              : 0.000
learning reward             : 400.000
episode length              : 378.5
abstract changes / episode  : 21.9
completed cycles / episode   : 0.04
automaton changes / episode  : 0.29
automaton changes in window  : q1->q2: 25, q2->q1: 4
epsilon (next episode)       : 0.48668
replay buffer                : 271030 samples [q1: 89.6%, q2: 10.4%]
state visits in window        : q1: 33894, q2: 4056
state visits cumulative       : q1: 244261, q2: 28569
state entries in window       : q1: 104, q2: 25
state entries cumulative      : q1: 1850, q2: 405
transitions cumulative       : q1->q2: 405, q2->q1: 50
Gym endings cumulative       : terminated=1800, truncated=0

[Episode 1900/8000 | last 100]
success rate                : 7.0% (cumulative 2.9%)
synthetic task reward       : 700.000
shaping reward              : 0.000
learning reward             : 700.000
episode length              : 303.4
abstract changes / episode  : 21.8
completed cycles / episode   : 0.07
automaton changes / episode  : 0.41
automaton changes in window  : q1->q2: 34, q2->q1: 7
epsilon (next episode)       : 0.46760
replay buffer                : 300000 samples [q1: 89.1%, q2: 10.9%]
state visits in window        : q1: 25896, q2: 4544
state visits cumulative       : q1: 270157, q2: 33113
state entries in window       : q1: 107, q2: 34
state entries cumulative      : q1: 1957, q2: 439
transitions cumulative       : q1->q2: 439, q2->q1: 57
Gym endings cumulative       : terminated=1899, truncated=1

[Episode 2000/8000 | last 100]
success rate                : 2.0% (cumulative 2.9%)
synthetic task reward       : 200.000
shaping reward              : 0.000
learning reward             : 200.000
episode length              : 167.6
abstract changes / episode  : 15.2
completed cycles / episode   : 0.02
automaton changes / episode  : 0.31
automaton changes in window  : q1->q2: 29, q2->q1: 2
epsilon (next episode)       : 0.44926
replay buffer                : 300000 samples [q1: 89.0%, q2: 11.0%]
state visits in window        : q1: 14247, q2: 2614
state visits cumulative       : q1: 284404, q2: 35727
state entries in window       : q1: 102, q2: 29
state entries cumulative      : q1: 2059, q2: 468
transitions cumulative       : q1->q2: 468, q2->q1: 59
Gym endings cumulative       : terminated=1999, truncated=1

[Episode 2100/8000 | last 100]
success rate                : 5.0% (cumulative 3.0%)
synthetic task reward       : 500.000
shaping reward              : 0.000
learning reward             : 500.000
episode length              : 219.1
abstract changes / episode  : 18.0
completed cycles / episode   : 0.05
automaton changes / episode  : 0.39
automaton changes in window  : q1->q2: 34, q2->q1: 5
epsilon (next episode)       : 0.43164
replay buffer                : 300000 samples [q1: 88.2%, q2: 11.8%]
state visits in window        : q1: 16952, q2: 5058
state visits cumulative       : q1: 301356, q2: 40785
state entries in window       : q1: 105, q2: 34
state entries cumulative      : q1: 2164, q2: 502
transitions cumulative       : q1->q2: 502, q2->q1: 64
Gym endings cumulative       : terminated=2099, truncated=1

[Episode 2200/8000 | last 100]
success rate                : 3.0% (cumulative 3.0%)
synthetic task reward       : 300.000
shaping reward              : 0.000
learning reward             : 300.000
episode length              : 227.2
abstract changes / episode  : 18.5
completed cycles / episode   : 0.03
automaton changes / episode  : 0.34
automaton changes in window  : q1->q2: 31, q2->q1: 3
epsilon (next episode)       : 0.41471
replay buffer                : 300000 samples [q1: 87.9%, q2: 12.1%]
state visits in window        : q1: 18207, q2: 4608
state visits cumulative       : q1: 319563, q2: 45393
state entries in window       : q1: 103, q2: 31
state entries cumulative      : q1: 2267, q2: 533
transitions cumulative       : q1->q2: 533, q2->q1: 67
Gym endings cumulative       : terminated=2199, truncated=1

[Episode 2300/8000 | last 100]
success rate                : 9.0% (cumulative 3.3%)
synthetic task reward       : 900.000
shaping reward              : 0.000
learning reward             : 900.000
episode length              : 274.9
abstract changes / episode  : 20.1
completed cycles / episode   : 0.09
automaton changes / episode  : 0.53
automaton changes in window  : q1->q2: 44, q2->q1: 9
epsilon (next episode)       : 0.39845
replay buffer                : 300000 samples [q1: 86.0%, q2: 14.0%]
state visits in window        : q1: 18987, q2: 8598
state visits cumulative       : q1: 338550, q2: 53991
state entries in window       : q1: 109, q2: 44
state entries cumulative      : q1: 2376, q2: 577
transitions cumulative       : q1->q2: 577, q2->q1: 76
Gym endings cumulative       : terminated=2299, truncated=1
Best policy updated at episode 2300: mean learning reward=900.000

[Episode 2400/8000 | last 100]
success rate                : 6.0% (cumulative 3.4%)
synthetic task reward       : 600.000
shaping reward              : 0.000
learning reward             : 600.000
episode length              : 383.4
abstract changes / episode  : 22.9
completed cycles / episode   : 0.06
automaton changes / episode  : 0.28
automaton changes in window  : q1->q2: 22, q2->q1: 6
epsilon (next episode)       : 0.38282
replay buffer                : 300000 samples [q1: 85.3%, q2: 14.7%]
state visits in window        : q1: 33058, q2: 5387
state visits cumulative       : q1: 371608, q2: 59378
state entries in window       : q1: 106, q2: 22
state entries cumulative      : q1: 2482, q2: 599
transitions cumulative       : q1->q2: 599, q2->q1: 82
Gym endings cumulative       : terminated=2399, truncated=1

[Episode 2500/8000 | last 100]
success rate                : 4.0% (cumulative 3.4%)
synthetic task reward       : 400.000
shaping reward              : 0.000
learning reward             : 400.000
episode length              : 511.3
abstract changes / episode  : 24.0
completed cycles / episode   : 0.04
automaton changes / episode  : 0.14
automaton changes in window  : q1->q2: 10, q2->q1: 4
epsilon (next episode)       : 0.36781
replay buffer                : 300000 samples [q1: 85.6%, q2: 14.4%]
state visits in window        : q1: 47923, q2: 3305
state visits cumulative       : q1: 419531, q2: 62683
state entries in window       : q1: 104, q2: 10
state entries cumulative      : q1: 2586, q2: 609
transitions cumulative       : q1->q2: 609, q2->q1: 86
Gym endings cumulative       : terminated=2499, truncated=1

[Episode 2600/8000 | last 100]
success rate                : 2.0% (cumulative 3.3%)
synthetic task reward       : 200.000
shaping reward              : 0.000
learning reward             : 200.000
episode length              : 482.7
abstract changes / episode  : 23.8
completed cycles / episode   : 0.02
automaton changes / episode  : 0.21
automaton changes in window  : q1->q2: 19, q2->q1: 2
epsilon (next episode)       : 0.35338
replay buffer                : 300000 samples [q1: 85.7%, q2: 14.3%]
state visits in window        : q1: 44007, q2: 4366
state visits cumulative       : q1: 463538, q2: 67049
state entries in window       : q1: 102, q2: 19
state entries cumulative      : q1: 2688, q2: 628
transitions cumulative       : q1->q2: 628, q2->q1: 88
Gym endings cumulative       : terminated=2599, truncated=1

[Episode 2700/8000 | last 100]
success rate                : 2.0% (cumulative 3.3%)
synthetic task reward       : 200.000
shaping reward              : 0.000
learning reward             : 200.000
episode length              : 314.9
abstract changes / episode  : 17.6
completed cycles / episode   : 0.02
automaton changes / episode  : 0.28
automaton changes in window  : q1->q2: 26, q2->q1: 2
epsilon (next episode)       : 0.33952
replay buffer                : 300000 samples [q1: 85.4%, q2: 14.6%]
state visits in window        : q1: 27665, q2: 3928
state visits cumulative       : q1: 491203, q2: 70977
state entries in window       : q1: 102, q2: 26
state entries cumulative      : q1: 2790, q2: 654
transitions cumulative       : q1->q2: 654, q2->q1: 90
Gym endings cumulative       : terminated=2696, truncated=4

[Episode 2800/8000 | last 100]
success rate                : 2.0% (cumulative 3.2%)
synthetic task reward       : 200.000
shaping reward              : 0.000
learning reward             : 200.000
episode length              : 191.9
abstract changes / episode  : 16.6
completed cycles / episode   : 0.02
automaton changes / episode  : 0.31
automaton changes in window  : q1->q2: 29, q2->q1: 2
epsilon (next episode)       : 0.32621
replay buffer                : 300000 samples [q1: 85.4%, q2: 14.6%]
state visits in window        : q1: 16583, q2: 2710
state visits cumulative       : q1: 507786, q2: 73687
state entries in window       : q1: 102, q2: 29
state entries cumulative      : q1: 2892, q2: 683
transitions cumulative       : q1->q2: 683, q2->q1: 92
Gym endings cumulative       : terminated=2796, truncated=4

[Episode 2900/8000 | last 100]
success rate                : 3.0% (cumulative 3.2%)
synthetic task reward       : 300.000
shaping reward              : 0.000
learning reward             : 300.000
episode length              : 190.5
abstract changes / episode  : 14.4
completed cycles / episode   : 0.03
automaton changes / episode  : 0.31
automaton changes in window  : q1->q2: 28, q2->q1: 3
epsilon (next episode)       : 0.31341
replay buffer                : 300000 samples [q1: 85.1%, q2: 14.9%]
state visits in window        : q1: 15922, q2: 3232
state visits cumulative       : q1: 523708, q2: 76919
state entries in window       : q1: 103, q2: 28
state entries cumulative      : q1: 2995, q2: 711
transitions cumulative       : q1->q2: 711, q2->q1: 95
Gym endings cumulative       : terminated=2896, truncated=4

[Episode 3000/8000 | last 100]
success rate                : 1.0% (cumulative 3.2%)
synthetic task reward       : 100.000
shaping reward              : 0.000
learning reward             : 100.000
episode length              : 226.1
abstract changes / episode  : 16.2
completed cycles / episode   : 0.01
automaton changes / episode  : 0.22
automaton changes in window  : q1->q2: 21, q2->q1: 1
epsilon (next episode)       : 0.30112
replay buffer                : 300000 samples [q1: 85.6%, q2: 14.4%]
state visits in window        : q1: 19986, q2: 2719
state visits cumulative       : q1: 543694, q2: 79638
state entries in window       : q1: 101, q2: 21
state entries cumulative      : q1: 3096, q2: 732
transitions cumulative       : q1->q2: 732, q2->q1: 96
Gym endings cumulative       : terminated=2996, truncated=4

[Episode 3100/8000 | last 100]
success rate                : 0.0% (cumulative 3.1%)
synthetic task reward       : 0.000
shaping reward              : 0.000
learning reward             : 0.000
episode length              : 216.9
abstract changes / episode  : 13.3
completed cycles / episode   : 0.00
automaton changes / episode  : 0.15
automaton changes in window  : q1->q2: 15
epsilon (next episode)       : 0.28931
replay buffer                : 300000 samples [q1: 87.0%, q2: 13.0%]
state visits in window        : q1: 21007, q2: 787
state visits cumulative       : q1: 564701, q2: 80425
state entries in window       : q1: 100, q2: 15
state entries cumulative      : q1: 3196, q2: 747
transitions cumulative       : q1->q2: 747, q2->q1: 96
Gym endings cumulative       : terminated=3096, truncated=4

[Episode 3200/8000 | last 100]
success rate                : 0.0% (cumulative 3.0%)
synthetic task reward       : 0.000
shaping reward              : 0.000
learning reward             : 0.000
episode length              : 189.7
abstract changes / episode  : 14.8
completed cycles / episode   : 0.00
automaton changes / episode  : 0.18
automaton changes in window  : q1->q2: 18
epsilon (next episode)       : 0.27797
replay buffer                : 300000 samples [q1: 87.9%, q2: 12.1%]
state visits in window        : q1: 17740, q2: 1328
state visits cumulative       : q1: 582441, q2: 81753
state entries in window       : q1: 100, q2: 18
state entries cumulative      : q1: 3296, q2: 765
transitions cumulative       : q1->q2: 765, q2->q1: 96
Gym endings cumulative       : terminated=3196, truncated=4

[Episode 3300/8000 | last 100]
success rate                : 1.0% (cumulative 2.9%)
synthetic task reward       : 100.000
shaping reward              : 0.000
learning reward             : 100.000
episode length              : 297.7
abstract changes / episode  : 14.8
completed cycles / episode   : 0.01
automaton changes / episode  : 0.20
automaton changes in window  : q1->q2: 19, q2->q1: 1
epsilon (next episode)       : 0.26706
replay buffer                : 300000 samples [q1: 90.0%, q2: 10.0%]
state visits in window        : q1: 27514, q2: 2355
state visits cumulative       : q1: 609955, q2: 84108
state entries in window       : q1: 101, q2: 19
state entries cumulative      : q1: 3397, q2: 784
transitions cumulative       : q1->q2: 784, q2->q1: 97
Gym endings cumulative       : terminated=3294, truncated=6

[Episode 3400/8000 | last 100]
success rate                : 5.0% (cumulative 3.0%)
synthetic task reward       : 500.000
shaping reward              : 0.000
learning reward             : 500.000
episode length              : 270.9
abstract changes / episode  : 17.4
completed cycles / episode   : 0.05
automaton changes / episode  : 0.31
automaton changes in window  : q1->q2: 26, q2->q1: 5
epsilon (next episode)       : 0.25659
replay buffer                : 300000 samples [q1: 88.9%, q2: 11.1%]
state visits in window        : q1: 18817, q2: 8372
state visits cumulative       : q1: 628772, q2: 92480
state entries in window       : q1: 105, q2: 26
state entries cumulative      : q1: 3502, q2: 810
transitions cumulative       : q1->q2: 810, q2->q1: 102
Gym endings cumulative       : terminated=3393, truncated=7

[Episode 3500/8000 | last 100]
success rate                : 7.0% (cumulative 3.1%)
synthetic task reward       : 700.000
shaping reward              : 0.000
learning reward             : 700.000
episode length              : 233.9
abstract changes / episode  : 17.3
completed cycles / episode   : 0.07
automaton changes / episode  : 0.36
automaton changes in window  : q1->q2: 29, q2->q1: 7
epsilon (next episode)       : 0.24653
replay buffer                : 300000 samples [q1: 88.0%, q2: 12.0%]
state visits in window        : q1: 18607, q2: 4881
state visits cumulative       : q1: 647379, q2: 97361
state entries in window       : q1: 107, q2: 29
state entries cumulative      : q1: 3609, q2: 839
transitions cumulative       : q1->q2: 839, q2->q1: 109
Gym endings cumulative       : terminated=3493, truncated=7

[Episode 3600/8000 | last 100]
success rate                : 12.0% (cumulative 3.3%)
synthetic task reward       : 1200.000
shaping reward              : 0.000
learning reward             : 1200.000
episode length              : 307.3
abstract changes / episode  : 20.0
completed cycles / episode   : 0.12
automaton changes / episode  : 0.49
automaton changes in window  : q1->q2: 37, q2->q1: 12
epsilon (next episode)       : 0.23686
replay buffer                : 300000 samples [q1: 87.3%, q2: 12.7%]
state visits in window        : q1: 27091, q2: 3736
state visits cumulative       : q1: 674470, q2: 101097
state entries in window       : q1: 112, q2: 37
state entries cumulative      : q1: 3721, q2: 876
transitions cumulative       : q1->q2: 876, q2->q1: 121
Gym endings cumulative       : terminated=3593, truncated=7
Best policy updated at episode 3600: mean learning reward=1200.000

[Episode 3700/8000 | last 100]
success rate                : 10.0% (cumulative 3.5%)
synthetic task reward       : 1000.000
shaping reward              : 0.000
learning reward             : 1000.000
episode length              : 321.4
abstract changes / episode  : 20.9
completed cycles / episode   : 0.10
automaton changes / episode  : 0.48
automaton changes in window  : q1->q2: 38, q2->q1: 10
epsilon (next episode)       : 0.22757
replay buffer                : 300000 samples [q1: 86.2%, q2: 13.8%]
state visits in window        : q1: 28539, q2: 3706
state visits cumulative       : q1: 703009, q2: 104803
state entries in window       : q1: 110, q2: 38
state entries cumulative      : q1: 3831, q2: 914
transitions cumulative       : q1->q2: 914, q2->q1: 131
Gym endings cumulative       : terminated=3693, truncated=7

[Episode 3800/8000 | last 100]
success rate                : 3.0% (cumulative 3.5%)
synthetic task reward       : 300.000
shaping reward              : 0.000
learning reward             : 300.000
episode length              : 187.7
abstract changes / episode  : 15.2
completed cycles / episode   : 0.03
automaton changes / episode  : 0.31
automaton changes in window  : q1->q2: 28, q2->q1: 3
epsilon (next episode)       : 0.21865
replay buffer                : 300000 samples [q1: 86.5%, q2: 13.5%]
state visits in window        : q1: 16668, q2: 2203
state visits cumulative       : q1: 719677, q2: 107006
state entries in window       : q1: 103, q2: 28
state entries cumulative      : q1: 3934, q2: 942
transitions cumulative       : q1->q2: 942, q2->q1: 134
Gym endings cumulative       : terminated=3793, truncated=7

[Episode 3900/8000 | last 100]
success rate                : 3.0% (cumulative 3.5%)
synthetic task reward       : 300.000
shaping reward              : 0.000
learning reward             : 300.000
episode length              : 180.1
abstract changes / episode  : 16.2
completed cycles / episode   : 0.03
automaton changes / episode  : 0.50
automaton changes in window  : q1->q2: 47, q2->q1: 3
epsilon (next episode)       : 0.21007
replay buffer                : 300000 samples [q1: 85.5%, q2: 14.5%]
state visits in window        : q1: 12407, q2: 5699
state visits cumulative       : q1: 732084, q2: 112705
state entries in window       : q1: 103, q2: 47
state entries cumulative      : q1: 4037, q2: 989
transitions cumulative       : q1->q2: 989, q2->q1: 137
Gym endings cumulative       : terminated=3893, truncated=7

[Episode 4000/8000 | last 100]
success rate                : 12.0% (cumulative 3.7%)
synthetic task reward       : 1200.000
shaping reward              : 0.000
learning reward             : 1200.000
episode length              : 147.4
abstract changes / episode  : 15.0
completed cycles / episode   : 0.12
automaton changes / episode  : 0.45
automaton changes in window  : q1->q2: 33, q2->q1: 12
epsilon (next episode)       : 0.20183
replay buffer                : 300000 samples [q1: 85.3%, q2: 14.7%]
state visits in window        : q1: 12581, q2: 2264
state visits cumulative       : q1: 744665, q2: 114969
state entries in window       : q1: 112, q2: 33
state entries cumulative      : q1: 4149, q2: 1022
transitions cumulative       : q1->q2: 1022, q2->q1: 149
Gym endings cumulative       : terminated=3993, truncated=7

[Episode 4100/8000 | last 100]
success rate                : 8.0% (cumulative 3.8%)
synthetic task reward       : 800.000
shaping reward              : 0.000
learning reward             : 800.000
episode length              : 181.5
abstract changes / episode  : 15.9
completed cycles / episode   : 0.08
automaton changes / episode  : 0.27
automaton changes in window  : q1->q2: 19, q2->q1: 8
epsilon (next episode)       : 0.19392
replay buffer                : 300000 samples [q1: 85.6%, q2: 14.4%]
state visits in window        : q1: 16729, q2: 1519
state visits cumulative       : q1: 761394, q2: 116488
state entries in window       : q1: 108, q2: 19
state entries cumulative      : q1: 4257, q2: 1041
transitions cumulative       : q1->q2: 1041, q2->q1: 157
Gym endings cumulative       : terminated=4093, truncated=7

[Episode 4200/8000 | last 100]
success rate                : 11.0% (cumulative 4.0%)
synthetic task reward       : 1100.000
shaping reward              : 0.000
learning reward             : 1100.000
episode length              : 212.5
abstract changes / episode  : 16.2
completed cycles / episode   : 0.11
automaton changes / episode  : 0.37
automaton changes in window  : q1->q2: 26, q2->q1: 11
epsilon (next episode)       : 0.18631
replay buffer                : 300000 samples [q1: 86.0%, q2: 14.0%]
state visits in window        : q1: 19157, q2: 2193
state visits cumulative       : q1: 780551, q2: 118681
state entries in window       : q1: 111, q2: 26
state entries cumulative      : q1: 4368, q2: 1067
transitions cumulative       : q1->q2: 1067, q2->q1: 168
Gym endings cumulative       : terminated=4192, truncated=8

[Episode 4300/8000 | last 100]
success rate                : 8.0% (cumulative 4.1%)
synthetic task reward       : 800.000
shaping reward              : 0.000
learning reward             : 800.000
episode length              : 148.9
abstract changes / episode  : 15.7
completed cycles / episode   : 0.08
automaton changes / episode  : 0.32
automaton changes in window  : q1->q2: 24, q2->q1: 8
epsilon (next episode)       : 0.17900
replay buffer                : 300000 samples [q1: 86.0%, q2: 14.0%]
state visits in window        : q1: 12933, q2: 2057
state visits cumulative       : q1: 793484, q2: 120738
state entries in window       : q1: 108, q2: 24
state entries cumulative      : q1: 4476, q2: 1091
transitions cumulative       : q1->q2: 1091, q2->q1: 176
Gym endings cumulative       : terminated=4292, truncated=8

[Episode 4400/8000 | last 100]
success rate                : 7.0% (cumulative 4.1%)
synthetic task reward       : 700.000
shaping reward              : 0.000
learning reward             : 700.000
episode length              : 125.7
abstract changes / episode  : 15.2
completed cycles / episode   : 0.07
automaton changes / episode  : 0.37
automaton changes in window  : q1->q2: 30, q2->q1: 7
epsilon (next episode)       : 0.17198
replay buffer                : 300000 samples [q1: 85.5%, q2: 14.5%]
state visits in window        : q1: 9973, q2: 2701
state visits cumulative       : q1: 803457, q2: 123439
state entries in window       : q1: 107, q2: 30
state entries cumulative      : q1: 4583, q2: 1121
transitions cumulative       : q1->q2: 1121, q2->q1: 183
Gym endings cumulative       : terminated=4392, truncated=8

[Episode 4500/8000 | last 100]
success rate                : 16.0% (cumulative 4.4%)
synthetic task reward       : 1600.000
shaping reward              : 0.000
learning reward             : 1600.000
episode length              : 148.7
abstract changes / episode  : 16.1
completed cycles / episode   : 0.16
automaton changes / episode  : 0.47
automaton changes in window  : q1->q2: 31, q2->q1: 16
epsilon (next episode)       : 0.16524
replay buffer                : 300000 samples [q1: 85.0%, q2: 15.0%]
state visits in window        : q1: 12783, q2: 2185
state visits cumulative       : q1: 816240, q2: 125624
state entries in window       : q1: 116, q2: 31
state entries cumulative      : q1: 4699, q2: 1152
transitions cumulative       : q1->q2: 1152, q2->q1: 199
Gym endings cumulative       : terminated=4492, truncated=8
Best policy updated at episode 4500: mean learning reward=1600.000

[Episode 4600/8000 | last 100]
success rate                : 15.0% (cumulative 4.6%)
synthetic task reward       : 1500.000
shaping reward              : 0.000
learning reward             : 1500.000
episode length              : 153.7
abstract changes / episode  : 16.4
completed cycles / episode   : 0.15
automaton changes / episode  : 0.49
automaton changes in window  : q1->q2: 34, q2->q1: 15
epsilon (next episode)       : 0.15876
replay buffer                : 300000 samples [q1: 84.3%, q2: 15.7%]
state visits in window        : q1: 12686, q2: 2779
state visits cumulative       : q1: 828926, q2: 128403
state entries in window       : q1: 115, q2: 34
state entries cumulative      : q1: 4814, q2: 1186
transitions cumulative       : q1->q2: 1186, q2->q1: 214
Gym endings cumulative       : terminated=4592, truncated=8

[Episode 4700/8000 | last 100]
success rate                : 15.0% (cumulative 4.9%)
synthetic task reward       : 1500.000
shaping reward              : 0.000
learning reward             : 1500.000
episode length              : 166.0
abstract changes / episode  : 16.8
completed cycles / episode   : 0.15
automaton changes / episode  : 0.48
automaton changes in window  : q1->q2: 33, q2->q1: 15
epsilon (next episode)       : 0.15253
replay buffer                : 300000 samples [q1: 84.0%, q2: 16.0%]
state visits in window        : q1: 14349, q2: 2348
state visits cumulative       : q1: 843275, q2: 130751
state entries in window       : q1: 115, q2: 33
state entries cumulative      : q1: 4929, q2: 1219
transitions cumulative       : q1->q2: 1219, q2->q1: 229
Gym endings cumulative       : terminated=4692, truncated=8

[Episode 4800/8000 | last 100]
success rate                : 24.0% (cumulative 5.2%)
synthetic task reward       : 2400.000
shaping reward              : 0.000
learning reward             : 2400.000
episode length              : 218.1
abstract changes / episode  : 18.2
completed cycles / episode   : 0.24
automaton changes / episode  : 0.65
automaton changes in window  : q1->q2: 41, q2->q1: 24
epsilon (next episode)       : 0.14655
replay buffer                : 300000 samples [q1: 83.7%, q2: 16.3%]
state visits in window        : q1: 19457, q2: 2450
state visits cumulative       : q1: 862732, q2: 133201
state entries in window       : q1: 124, q2: 41
state entries cumulative      : q1: 5053, q2: 1260
transitions cumulative       : q1->q2: 1260, q2->q1: 253
Gym endings cumulative       : terminated=4792, truncated=8
Best policy updated at episode 4800: mean learning reward=2400.000

[Episode 4900/8000 | last 100]
success rate                : 11.0% (cumulative 5.4%)
synthetic task reward       : 1100.000
shaping reward              : 0.000
learning reward             : 1100.000
episode length              : 365.8
abstract changes / episode  : 22.7
completed cycles / episode   : 0.11
automaton changes / episode  : 0.33
automaton changes in window  : q1->q2: 22, q2->q1: 11
epsilon (next episode)       : 0.14080
replay buffer                : 300000 samples [q1: 87.0%, q2: 13.0%]
state visits in window        : q1: 35208, q2: 1471
state visits cumulative       : q1: 897940, q2: 134672
state entries in window       : q1: 111, q2: 22
state entries cumulative      : q1: 5164, q2: 1282
transitions cumulative       : q1->q2: 1282, q2->q1: 264
Gym endings cumulative       : terminated=4892, truncated=8

[Episode 5000/8000 | last 100]
success rate                : 12.0% (cumulative 5.5%)
synthetic task reward       : 1200.000
shaping reward              : 0.000
learning reward             : 1200.000
episode length              : 271.7
abstract changes / episode  : 22.1
completed cycles / episode   : 0.12
automaton changes / episode  : 0.51
automaton changes in window  : q1->q2: 39, q2->q1: 12
epsilon (next episode)       : 0.13528
replay buffer                : 300000 samples [q1: 87.0%, q2: 13.0%]
state visits in window        : q1: 23814, q2: 3453
state visits cumulative       : q1: 921754, q2: 138125
state entries in window       : q1: 112, q2: 39
state entries cumulative      : q1: 5276, q2: 1321
transitions cumulative       : q1->q2: 1321, q2->q1: 276
Gym endings cumulative       : terminated=4992, truncated=8

[Episode 5100/8000 | last 100]
success rate                : 19.0% (cumulative 5.8%)
synthetic task reward       : 1900.000
shaping reward              : 0.000
learning reward             : 1900.000
episode length              : 262.1
abstract changes / episode  : 22.0
completed cycles / episode   : 0.19
automaton changes / episode  : 0.55
automaton changes in window  : q1->q2: 36, q2->q1: 19
epsilon (next episode)       : 0.12998
replay buffer                : 300000 samples [q1: 87.3%, q2: 12.7%]
state visits in window        : q1: 24177, q2: 2134
state visits cumulative       : q1: 945931, q2: 140259
state entries in window       : q1: 119, q2: 36
state entries cumulative      : q1: 5395, q2: 1357
transitions cumulative       : q1->q2: 1357, q2->q1: 295
Gym endings cumulative       : terminated=5092, truncated=8

[Episode 5200/8000 | last 100]
success rate                : 13.0% (cumulative 5.9%)
synthetic task reward       : 1300.000
shaping reward              : 0.000
learning reward             : 1300.000
episode length              : 199.6
abstract changes / episode  : 18.0
completed cycles / episode   : 0.13
automaton changes / episode  : 0.44
automaton changes in window  : q1->q2: 31, q2->q1: 13
epsilon (next episode)       : 0.12488
replay buffer                : 300000 samples [q1: 87.3%, q2: 12.7%]
state visits in window        : q1: 17488, q2: 2573
state visits cumulative       : q1: 963419, q2: 142832
state entries in window       : q1: 113, q2: 31
state entries cumulative      : q1: 5508, q2: 1388
transitions cumulative       : q1->q2: 1388, q2->q1: 308
Gym endings cumulative       : terminated=5192, truncated=8

[Episode 5300/8000 | last 100]
success rate                : 8.0% (cumulative 5.9%)
synthetic task reward       : 800.000
shaping reward              : 0.000
learning reward             : 800.000
episode length              : 148.3
abstract changes / episode  : 15.1
completed cycles / episode   : 0.08
automaton changes / episode  : 0.38
automaton changes in window  : q1->q2: 30, q2->q1: 8
epsilon (next episode)       : 0.11998
replay buffer                : 300000 samples [q1: 86.9%, q2: 13.1%]
state visits in window        : q1: 12308, q2: 2627
state visits cumulative       : q1: 975727, q2: 145459
state entries in window       : q1: 108, q2: 30
state entries cumulative      : q1: 5616, q2: 1418
transitions cumulative       : q1->q2: 1418, q2->q1: 316
Gym endings cumulative       : terminated=5292, truncated=8

[Episode 5400/8000 | last 100]
success rate                : 8.0% (cumulative 6.0%)
synthetic task reward       : 800.000
shaping reward              : 0.000
learning reward             : 800.000
episode length              : 167.3
abstract changes / episode  : 16.1
completed cycles / episode   : 0.08
automaton changes / episode  : 0.47
automaton changes in window  : q1->q2: 39, q2->q1: 8
epsilon (next episode)       : 0.11528
replay buffer                : 300000 samples [q1: 87.4%, q2: 12.6%]
state visits in window        : q1: 13581, q2: 3252
state visits cumulative       : q1: 989308, q2: 148711
state entries in window       : q1: 108, q2: 39
state entries cumulative      : q1: 5724, q2: 1457
transitions cumulative       : q1->q2: 1457, q2->q1: 324
Gym endings cumulative       : terminated=5392, truncated=8

[Episode 5500/8000 | last 100]
success rate                : 14.0% (cumulative 6.1%)
synthetic task reward       : 1400.000
shaping reward              : 0.000
learning reward             : 1400.000
episode length              : 179.7
abstract changes / episode  : 16.9
completed cycles / episode   : 0.14
automaton changes / episode  : 0.57
automaton changes in window  : q1->q2: 43, q2->q1: 14
epsilon (next episode)       : 0.11075
replay buffer                : 300000 samples [q1: 87.6%, q2: 12.4%]
state visits in window        : q1: 15071, q2: 2999
state visits cumulative       : q1: 1004379, q2: 151710
state entries in window       : q1: 114, q2: 43
state entries cumulative      : q1: 5838, q2: 1500
transitions cumulative       : q1->q2: 1500, q2->q1: 338
Gym endings cumulative       : terminated=5492, truncated=8

[Episode 5600/8000 | last 100]
success rate                : 32.0% (cumulative 6.6%)
synthetic task reward       : 3200.000
shaping reward              : 0.000
learning reward             : 3200.000
episode length              : 203.4
abstract changes / episode  : 17.6
completed cycles / episode   : 0.32
automaton changes / episode  : 0.73
automaton changes in window  : q1->q2: 41, q2->q1: 32
epsilon (next episode)       : 0.10641
replay buffer                : 300000 samples [q1: 87.5%, q2: 12.5%]
state visits in window        : q1: 18034, q2: 2404
state visits cumulative       : q1: 1022413, q2: 154114
state entries in window       : q1: 132, q2: 41
state entries cumulative      : q1: 5970, q2: 1541
transitions cumulative       : q1->q2: 1541, q2->q1: 370
Gym endings cumulative       : terminated=5592, truncated=8
Best policy updated at episode 5600: mean learning reward=3200.000

[Episode 5700/8000 | last 100]
success rate                : 26.0% (cumulative 6.9%)
synthetic task reward       : 2600.000
shaping reward              : 0.000
learning reward             : 2600.000
episode length              : 147.4
abstract changes / episode  : 15.7
completed cycles / episode   : 0.26
automaton changes / episode  : 0.61
automaton changes in window  : q1->q2: 35, q2->q1: 26
epsilon (next episode)       : 0.10224
replay buffer                : 300000 samples [q1: 86.9%, q2: 13.1%]
state visits in window        : q1: 12305, q2: 2538
state visits cumulative       : q1: 1034718, q2: 156652
state entries in window       : q1: 126, q2: 35
state entries cumulative      : q1: 6096, q2: 1576
transitions cumulative       : q1->q2: 1576, q2->q1: 396
Gym endings cumulative       : terminated=5692, truncated=8

[Episode 5800/8000 | last 100]
success rate                : 36.0% (cumulative 7.4%)
synthetic task reward       : 3700.000
shaping reward              : 0.000
learning reward             : 3700.000
episode length              : 194.9
abstract changes / episode  : 17.5
completed cycles / episode   : 0.37
automaton changes / episode  : 0.83
automaton changes in window  : q1->q2: 46, q2->q1: 37
epsilon (next episode)       : 0.09823
replay buffer                : 300000 samples [q1: 86.8%, q2: 13.2%]
state visits in window        : q1: 16641, q2: 2954
state visits cumulative       : q1: 1051359, q2: 159606
state entries in window       : q1: 137, q2: 46
state entries cumulative      : q1: 6233, q2: 1622
transitions cumulative       : q1->q2: 1622, q2->q1: 433
Gym endings cumulative       : terminated=5792, truncated=8
Best policy updated at episode 5800: mean learning reward=3700.000

[Episode 5900/8000 | last 100]
success rate                : 32.0% (cumulative 7.8%)
synthetic task reward       : 3200.000
shaping reward              : 0.000
learning reward             : 3200.000
episode length              : 217.5
abstract changes / episode  : 17.2
completed cycles / episode   : 0.32
automaton changes / episode  : 0.80
automaton changes in window  : q1->q2: 48, q2->q1: 32
epsilon (next episode)       : 0.09438
replay buffer                : 300000 samples [q1: 87.4%, q2: 12.6%]
state visits in window        : q1: 19113, q2: 2733
state visits cumulative       : q1: 1070472, q2: 162339
state entries in window       : q1: 132, q2: 48
state entries cumulative      : q1: 6365, q2: 1670
transitions cumulative       : q1->q2: 1670, q2->q1: 465
Gym endings cumulative       : terminated=5892, truncated=8

[Episode 6000/8000 | last 100]
success rate                : 43.0% (cumulative 8.4%)
synthetic task reward       : 4300.000
shaping reward              : 0.000
learning reward             : 4300.000
episode length              : 215.9
abstract changes / episode  : 18.4
completed cycles / episode   : 0.43
automaton changes / episode  : 0.98
automaton changes in window  : q1->q2: 55, q2->q1: 43
epsilon (next episode)       : 0.09067
replay buffer                : 300000 samples [q1: 87.5%, q2: 12.5%]
state visits in window        : q1: 19034, q2: 2654
state visits cumulative       : q1: 1089506, q2: 164993
state entries in window       : q1: 143, q2: 55
state entries cumulative      : q1: 6508, q2: 1725
transitions cumulative       : q1->q2: 1725, q2->q1: 508
Gym endings cumulative       : terminated=5992, truncated=8
Best policy updated at episode 6000: mean learning reward=4300.000

[Episode 6100/8000 | last 100]
success rate                : 51.0% (cumulative 9.1%)
synthetic task reward       : 5100.000
shaping reward              : 0.000
learning reward             : 5100.000
episode length              : 187.9
abstract changes / episode  : 17.1
completed cycles / episode   : 0.51
automaton changes / episode  : 1.11
automaton changes in window  : q1->q2: 60, q2->q1: 51
epsilon (next episode)       : 0.08712
replay buffer                : 300000 samples [q1: 87.6%, q2: 12.4%]
state visits in window        : q1: 16109, q2: 2780
state visits cumulative       : q1: 1105615, q2: 167773
state entries in window       : q1: 151, q2: 60
state entries cumulative      : q1: 6659, q2: 1785
transitions cumulative       : q1->q2: 1785, q2->q1: 559
Gym endings cumulative       : terminated=6092, truncated=8
Best policy updated at episode 6100: mean learning reward=5100.000

[Episode 6200/8000 | last 100]
success rate                : 56.0% (cumulative 9.9%)
synthetic task reward       : 5600.000
shaping reward              : 0.000
learning reward             : 5600.000
episode length              : 165.0
abstract changes / episode  : 15.9
completed cycles / episode   : 0.56
automaton changes / episode  : 1.18
automaton changes in window  : q1->q2: 62, q2->q1: 56
epsilon (next episode)       : 0.08370
replay buffer                : 300000 samples [q1: 87.5%, q2: 12.5%]
state visits in window        : q1: 14054, q2: 2547
state visits cumulative       : q1: 1119669, q2: 170320
state entries in window       : q1: 156, q2: 62
state entries cumulative      : q1: 6815, q2: 1847
transitions cumulative       : q1->q2: 1847, q2->q1: 615
Gym endings cumulative       : terminated=6192, truncated=8
Best policy updated at episode 6200: mean learning reward=5600.000

[Episode 6300/8000 | last 100]
success rate                : 46.0% (cumulative 10.5%)
synthetic task reward       : 4600.000
shaping reward              : 0.000
learning reward             : 4600.000
episode length              : 165.6
abstract changes / episode  : 16.1
completed cycles / episode   : 0.46
automaton changes / episode  : 0.97
automaton changes in window  : q1->q2: 51, q2->q1: 46
epsilon (next episode)       : 0.08042
replay buffer                : 300000 samples [q1: 87.2%, q2: 12.8%]
state visits in window        : q1: 14303, q2: 2357
state visits cumulative       : q1: 1133972, q2: 172677
state entries in window       : q1: 146, q2: 51
state entries cumulative      : q1: 6961, q2: 1898
transitions cumulative       : q1->q2: 1898, q2->q1: 661
Gym endings cumulative       : terminated=6292, truncated=8

[Episode 6400/8000 | last 100]
success rate                : 42.0% (cumulative 11.0%)
synthetic task reward       : 4200.000
shaping reward              : 0.000
learning reward             : 4200.000
episode length              : 156.7
abstract changes / episode  : 15.8
completed cycles / episode   : 0.42
automaton changes / episode  : 0.88
automaton changes in window  : q1->q2: 46, q2->q1: 42
epsilon (next episode)       : 0.07727
replay buffer                : 300000 samples [q1: 86.7%, q2: 13.3%]
state visits in window        : q1: 13710, q2: 2055
state visits cumulative       : q1: 1147682, q2: 174732
state entries in window       : q1: 142, q2: 46
state entries cumulative      : q1: 7103, q2: 1944
transitions cumulative       : q1->q2: 1944, q2->q1: 703
Gym endings cumulative       : terminated=6392, truncated=8

[Episode 6500/8000 | last 100]
success rate                : 56.0% (cumulative 11.6%)
synthetic task reward       : 5600.000
shaping reward              : 0.000
learning reward             : 5600.000
episode length              : 167.9
abstract changes / episode  : 16.9
completed cycles / episode   : 0.56
automaton changes / episode  : 1.18
automaton changes in window  : q1->q2: 62, q2->q1: 56
epsilon (next episode)       : 0.07423
replay buffer                : 300000 samples [q1: 86.0%, q2: 14.0%]
state visits in window        : q1: 14468, q2: 2422
state visits cumulative       : q1: 1162150, q2: 177154
state entries in window       : q1: 156, q2: 62
state entries cumulative      : q1: 7259, q2: 2006
transitions cumulative       : q1->q2: 2006, q2->q1: 759
Gym endings cumulative       : terminated=6492, truncated=8

[Episode 6600/8000 | last 100]
success rate                : 56.0% (cumulative 12.3%)
synthetic task reward       : 5600.000
shaping reward              : 0.000
learning reward             : 5600.000
episode length              : 162.2
abstract changes / episode  : 15.8
completed cycles / episode   : 0.56
automaton changes / episode  : 1.19
automaton changes in window  : q1->q2: 63, q2->q1: 56
epsilon (next episode)       : 0.07132
replay buffer                : 300000 samples [q1: 85.8%, q2: 14.2%]
state visits in window        : q1: 13250, q2: 3066
state visits cumulative       : q1: 1175400, q2: 180220
state entries in window       : q1: 156, q2: 63
state entries cumulative      : q1: 7415, q2: 2069
transitions cumulative       : q1->q2: 2069, q2->q1: 815
Gym endings cumulative       : terminated=6592, truncated=8

[Episode 6700/8000 | last 100]
success rate                : 54.0% (cumulative 12.9%)
synthetic task reward       : 5400.000
shaping reward              : 0.000
learning reward             : 5400.000
episode length              : 161.6
abstract changes / episode  : 16.0
completed cycles / episode   : 0.54
automaton changes / episode  : 1.11
automaton changes in window  : q1->q2: 57, q2->q1: 54
epsilon (next episode)       : 0.06853
replay buffer                : 300000 samples [q1: 85.6%, q2: 14.4%]
state visits in window        : q1: 14084, q2: 2171
state visits cumulative       : q1: 1189484, q2: 182391
state entries in window       : q1: 154, q2: 57
state entries cumulative      : q1: 7569, q2: 2126
transitions cumulative       : q1->q2: 2126, q2->q1: 869
Gym endings cumulative       : terminated=6692, truncated=8

[Episode 6800/8000 | last 100]
success rate                : 58.0% (cumulative 13.6%)
synthetic task reward       : 5800.000
shaping reward              : 0.000
learning reward             : 5800.000
episode length              : 185.9
abstract changes / episode  : 16.7
completed cycles / episode   : 0.58
automaton changes / episode  : 1.19
automaton changes in window  : q1->q2: 61, q2->q1: 58
epsilon (next episode)       : 0.06584
replay buffer                : 300000 samples [q1: 85.5%, q2: 14.5%]
state visits in window        : q1: 16760, q2: 1926
state visits cumulative       : q1: 1206244, q2: 184317
state entries in window       : q1: 158, q2: 61
state entries cumulative      : q1: 7727, q2: 2187
transitions cumulative       : q1->q2: 2187, q2->q1: 927
Gym endings cumulative       : terminated=6792, truncated=8
Best policy updated at episode 6800: mean learning reward=5800.000

[Episode 6900/8000 | last 100]
success rate                : 60.0% (cumulative 14.3%)
synthetic task reward       : 6000.000
shaping reward              : 0.000
learning reward             : 6000.000
episode length              : 179.6
abstract changes / episode  : 16.3
completed cycles / episode   : 0.60
automaton changes / episode  : 1.27
automaton changes in window  : q1->q2: 67, q2->q1: 60
epsilon (next episode)       : 0.06326
replay buffer                : 300000 samples [q1: 85.4%, q2: 14.6%]
state visits in window        : q1: 15503, q2: 2560
state visits cumulative       : q1: 1221747, q2: 186877
state entries in window       : q1: 160, q2: 67
state entries cumulative      : q1: 7887, q2: 2254
transitions cumulative       : q1->q2: 2254, q2->q1: 987
Gym endings cumulative       : terminated=6892, truncated=8
Best policy updated at episode 6900: mean learning reward=6000.000

[Episode 7000/8000 | last 100]
success rate                : 71.0% (cumulative 15.1%)
synthetic task reward       : 7100.000
shaping reward              : 0.000
learning reward             : 7100.000
episode length              : 212.5
abstract changes / episode  : 18.6
completed cycles / episode   : 0.71
automaton changes / episode  : 1.45
automaton changes in window  : q1->q2: 74, q2->q1: 71
epsilon (next episode)       : 0.06078
replay buffer                : 300000 samples [q1: 86.1%, q2: 13.9%]
state visits in window        : q1: 19555, q2: 1799
state visits cumulative       : q1: 1241302, q2: 188676
state entries in window       : q1: 171, q2: 74
state entries cumulative      : q1: 8058, q2: 2328
transitions cumulative       : q1->q2: 2328, q2->q1: 1058
Gym endings cumulative       : terminated=6992, truncated=8
Best policy updated at episode 7000: mean learning reward=7100.000

[Episode 7100/8000 | last 100]
success rate                : 77.0% (cumulative 16.0%)
synthetic task reward       : 7700.000
shaping reward              : 0.000
learning reward             : 7700.000
episode length              : 202.9
abstract changes / episode  : 17.9
completed cycles / episode   : 0.77
automaton changes / episode  : 1.58
automaton changes in window  : q1->q2: 81, q2->q1: 77
epsilon (next episode)       : 0.05839
replay buffer                : 300000 samples [q1: 86.7%, q2: 13.3%]
state visits in window        : q1: 17887, q2: 2506
state visits cumulative       : q1: 1259189, q2: 191182
state entries in window       : q1: 177, q2: 81
state entries cumulative      : q1: 8235, q2: 2409
transitions cumulative       : q1->q2: 2409, q2->q1: 1135
Gym endings cumulative       : terminated=7092, truncated=8
Best policy updated at episode 7100: mean learning reward=7700.000

[Episode 7200/8000 | last 100]
success rate                : 68.0% (cumulative 16.7%)
synthetic task reward       : 6800.000
shaping reward              : 0.000
learning reward             : 6800.000
episode length              : 166.7
abstract changes / episode  : 15.4
completed cycles / episode   : 0.68
automaton changes / episode  : 1.38
automaton changes in window  : q1->q2: 70, q2->q1: 68
epsilon (next episode)       : 0.05610
replay buffer                : 300000 samples [q1: 86.3%, q2: 13.7%]
state visits in window        : q1: 14102, q2: 2667
state visits cumulative       : q1: 1273291, q2: 193849
state entries in window       : q1: 168, q2: 70
state entries cumulative      : q1: 8403, q2: 2479
transitions cumulative       : q1->q2: 2479, q2->q1: 1203
Gym endings cumulative       : terminated=7192, truncated=8

[Episode 7300/8000 | last 100]
success rate                : 65.0% (cumulative 17.3%)
synthetic task reward       : 6500.000
shaping reward              : 0.000
learning reward             : 6500.000
episode length              : 176.4
abstract changes / episode  : 16.7
completed cycles / episode   : 0.65
automaton changes / episode  : 1.34
automaton changes in window  : q1->q2: 69, q2->q1: 65
epsilon (next episode)       : 0.05390
replay buffer                : 300000 samples [q1: 86.3%, q2: 13.7%]
state visits in window        : q1: 14977, q2: 2759
state visits cumulative       : q1: 1288268, q2: 196608
state entries in window       : q1: 165, q2: 69
state entries cumulative      : q1: 8568, q2: 2548
transitions cumulative       : q1->q2: 2548, q2->q1: 1268
Gym endings cumulative       : terminated=7292, truncated=8

[Episode 7400/8000 | last 100]
success rate                : 77.0% (cumulative 18.1%)
synthetic task reward       : 7700.000
shaping reward              : 0.000
learning reward             : 7700.000
episode length              : 188.2
abstract changes / episode  : 17.0
completed cycles / episode   : 0.77
automaton changes / episode  : 1.54
automaton changes in window  : q1->q2: 77, q2->q1: 77
epsilon (next episode)       : 0.05179
replay buffer                : 300000 samples [q1: 86.4%, q2: 13.6%]
state visits in window        : q1: 16178, q2: 2741
state visits cumulative       : q1: 1304446, q2: 199349
state entries in window       : q1: 177, q2: 77
state entries cumulative      : q1: 8745, q2: 2625
transitions cumulative       : q1->q2: 2625, q2->q1: 1345
Gym endings cumulative       : terminated=7392, truncated=8

[Episode 7500/8000 | last 100]
success rate                : 89.0% (cumulative 19.1%)
synthetic task reward       : 8900.000
shaping reward              : 0.000
learning reward             : 8900.000
episode length              : 190.4
abstract changes / episode  : 16.8
completed cycles / episode   : 0.89
automaton changes / episode  : 1.80
automaton changes in window  : q1->q2: 91, q2->q1: 89
epsilon (next episode)       : 0.04976
replay buffer                : 300000 samples [q1: 85.8%, q2: 14.2%]
state visits in window        : q1: 14989, q2: 4148
state visits cumulative       : q1: 1319435, q2: 203497
state entries in window       : q1: 189, q2: 91
state entries cumulative      : q1: 8934, q2: 2716
transitions cumulative       : q1->q2: 2716, q2->q1: 1434
Gym endings cumulative       : terminated=7492, truncated=8
Best policy updated at episode 7500: mean learning reward=8900.000

[Episode 7600/8000 | last 100]
success rate                : 95.0% (cumulative 20.1%)
synthetic task reward       : 9500.000
shaping reward              : 0.000
learning reward             : 9500.000
episode length              : 167.8
abstract changes / episode  : 15.8
completed cycles / episode   : 0.95
automaton changes / episode  : 1.91
automaton changes in window  : q1->q2: 96, q2->q1: 95
epsilon (next episode)       : 0.04781
replay buffer                : 300000 samples [q1: 85.3%, q2: 14.7%]
state visits in window        : q1: 13096, q2: 3783
state visits cumulative       : q1: 1332531, q2: 207280
state entries in window       : q1: 195, q2: 96
state entries cumulative      : q1: 9129, q2: 2812
transitions cumulative       : q1->q2: 2812, q2->q1: 1529
Gym endings cumulative       : terminated=7592, truncated=8
Best policy updated at episode 7600: mean learning reward=9500.000

[Episode 7700/8000 | last 100]
success rate                : 88.0% (cumulative 21.0%)
synthetic task reward       : 8800.000
shaping reward              : 0.000
learning reward             : 8800.000
episode length              : 167.0
abstract changes / episode  : 16.1
completed cycles / episode   : 0.88
automaton changes / episode  : 1.79
automaton changes in window  : q1->q2: 91, q2->q1: 88
epsilon (next episode)       : 0.04593
replay buffer                : 300000 samples [q1: 84.9%, q2: 15.1%]
state visits in window        : q1: 13593, q2: 3209
state visits cumulative       : q1: 1346124, q2: 210489
state entries in window       : q1: 188, q2: 91
state entries cumulative      : q1: 9317, q2: 2903
transitions cumulative       : q1->q2: 2903, q2->q1: 1617
Gym endings cumulative       : terminated=7692, truncated=8

[Episode 7800/8000 | last 100]
success rate                : 86.0% (cumulative 21.8%)
synthetic task reward       : 8600.000
shaping reward              : 0.000
learning reward             : 8600.000
episode length              : 154.3
abstract changes / episode  : 15.1
completed cycles / episode   : 0.86
automaton changes / episode  : 1.79
automaton changes in window  : q1->q2: 93, q2->q1: 86
epsilon (next episode)       : 0.04413
replay buffer                : 300000 samples [q1: 84.5%, q2: 15.5%]
state visits in window        : q1: 12208, q2: 3319
state visits cumulative       : q1: 1358332, q2: 213808
state entries in window       : q1: 186, q2: 93
state entries cumulative      : q1: 9503, q2: 2996
transitions cumulative       : q1->q2: 2996, q2->q1: 1703
Gym endings cumulative       : terminated=7792, truncated=8

[Episode 7900/8000 | last 100]
success rate                : 75.0% (cumulative 22.5%)
synthetic task reward       : 7500.000
shaping reward              : 0.000
learning reward             : 7500.000
episode length              : 160.8
abstract changes / episode  : 16.0
completed cycles / episode   : 0.75
automaton changes / episode  : 1.58
automaton changes in window  : q1->q2: 83, q2->q1: 75
epsilon (next episode)       : 0.04240
replay buffer                : 300000 samples [q1: 84.4%, q2: 15.6%]
state visits in window        : q1: 13239, q2: 2943
state visits cumulative       : q1: 1371571, q2: 216751
state entries in window       : q1: 175, q2: 83
state entries cumulative      : q1: 9678, q2: 3079
transitions cumulative       : q1->q2: 3079, q2->q1: 1778
Gym endings cumulative       : terminated=7892, truncated=8

[Episode 8000/8000 | last 100]
success rate                : 65.0% (cumulative 23.0%)
synthetic task reward       : 6500.000
shaping reward              : 0.000
learning reward             : 6500.000
episode length              : 161.3
abstract changes / episode  : 15.3
completed cycles / episode   : 0.65
automaton changes / episode  : 1.40
automaton changes in window  : q1->q2: 75, q2->q1: 65
epsilon (next episode)       : 0.04074
replay buffer                : 300000 samples [q1: 84.2%, q2: 15.8%]
state visits in window        : q1: 13436, q2: 2794
state visits cumulative       : q1: 1385007, q2: 219545
state entries in window       : q1: 165, q2: 75
state entries cumulative      : q1: 9843, q2: 3154
transitions cumulative       : q1->q2: 3154, q2->q1: 1843
Gym endings cumulative       : terminated=7992, truncated=8
Last policy saved after episode 8000. Best policy: episode 7600, mean learning reward=9500.000
