=== NEW RUN (Shaping: True, Multi-Eps: True) ===
===Trajectory: [(1, 8), (5, 6), (8, 8), (5, 0)]===
----------------------------------------------------------------------------------------------------
[SHAPING | MULTI EPS] Episode 100/12500
Avg Reward                  : 0.000000
Avg Total Reward            : -314.567581
Epsilon Decay               : q0(WP1): 0.9048, q1(WP2): 1.0000, q2(WP3): 1.0000, q3(Goal): 1.0000
Buffer Fractions            : q0(WP1): 99.45%, q1(WP2): 0.55%, q2(WP3): 0.00%, q3(Goal): 0.00%
Hits (Cumulative)           : WP1: 2, WP2: 0, WP3: 0, Goal: 0
----------------------------------------------------------------------------------------------------

----------------------------------------------------------------------------------------------------
[SHAPING | MULTI EPS] Episode 200/12500
Avg Reward                  : 0.000000
Avg Total Reward            : -279.575242
Epsilon Decay               : q0(WP1): 0.8186, q1(WP2): 1.0000, q2(WP3): 1.0000, q3(Goal): 1.0000
Buffer Fractions            : q0(WP1): 99.46%, q1(WP2): 0.54%, q2(WP3): 0.00%, q3(Goal): 0.00%
Hits (Cumulative)           : WP1: 5, WP2: 0, WP3: 0, Goal: 0
----------------------------------------------------------------------------------------------------

----------------------------------------------------------------------------------------------------
[SHAPING | MULTI EPS] Episode 300/12500
Avg Reward                  : 0.000000
Avg Total Reward            : -252.439704
Epsilon Decay               : q0(WP1): 0.7407, q1(WP2): 1.0000, q2(WP3): 1.0000, q3(Goal): 1.0000
Buffer Fractions            : q0(WP1): 99.33%, q1(WP2): 0.67%, q2(WP3): 0.00%, q3(Goal): 0.00%
Hits (Cumulative)           : WP1: 9, WP2: 0, WP3: 0, Goal: 0
----------------------------------------------------------------------------------------------------

----------------------------------------------------------------------------------------------------
[SHAPING | MULTI EPS] Episode 400/12500
Avg Reward                  : 0.000000
Avg Total Reward            : -231.385719
Epsilon Decay               : q0(WP1): 0.6702, q1(WP2): 1.0000, q2(WP3): 1.0000, q3(Goal): 1.0000
Buffer Fractions            : q0(WP1): 99.35%, q1(WP2): 0.65%, q2(WP3): 0.00%, q3(Goal): 0.00%
Hits (Cumulative)           : WP1: 12, WP2: 0, WP3: 0, Goal: 0
----------------------------------------------------------------------------------------------------

----------------------------------------------------------------------------------------------------
[SHAPING | MULTI EPS] Episode 500/12500
Avg Reward                  : 0.000000
Avg Total Reward            : -162.902173
Epsilon Decay               : q0(WP1): 0.6064, q1(WP2): 1.0000, q2(WP3): 1.0000, q3(Goal): 1.0000
Buffer Fractions            : q0(WP1): 98.98%, q1(WP2): 1.02%, q2(WP3): 0.00%, q3(Goal): 0.00%
Hits (Cumulative)           : WP1: 24, WP2: 0, WP3: 0, Goal: 0
----------------------------------------------------------------------------------------------------

----------------------------------------------------------------------------------------------------
[SHAPING | MULTI EPS] Episode 600/12500
Avg Reward                  : 0.000000
Avg Total Reward            : -176.013817
Epsilon Decay               : q0(WP1): 0.5486, q1(WP2): 1.0000, q2(WP3): 1.0000, q3(Goal): 1.0000
Buffer Fractions            : q0(WP1): 98.69%, q1(WP2): 1.31%, q2(WP3): 0.00%, q3(Goal): 0.00%
Hits (Cumulative)           : WP1: 32, WP2: 0, WP3: 0, Goal: 0
----------------------------------------------------------------------------------------------------

----------------------------------------------------------------------------------------------------
[SHAPING | MULTI EPS] Episode 700/12500
Avg Reward                  : 0.000000
Avg Total Reward            : -300.082798
Epsilon Decay               : q0(WP1): 0.4964, q1(WP2): 1.0000, q2(WP3): 1.0000, q3(Goal): 1.0000
Buffer Fractions            : q0(WP1): 98.96%, q1(WP2): 1.04%, q2(WP3): 0.00%, q3(Goal): 0.00%
Hits (Cumulative)           : WP1: 32, WP2: 0, WP3: 0, Goal: 0
----------------------------------------------------------------------------------------------------

----------------------------------------------------------------------------------------------------
[SHAPING | MULTI EPS] Episode 800/12500
Avg Reward                  : 0.000000
Avg Total Reward            : -320.435707
Epsilon Decay               : q0(WP1): 0.4491, q1(WP2): 1.0000, q2(WP3): 1.0000, q3(Goal): 1.0000
Buffer Fractions            : q0(WP1): 99.17%, q1(WP2): 0.83%, q2(WP3): 0.00%, q3(Goal): 0.00%
Hits (Cumulative)           : WP1: 32, WP2: 0, WP3: 0, Goal: 0
----------------------------------------------------------------------------------------------------

----------------------------------------------------------------------------------------------------
[SHAPING | MULTI EPS] Episode 900/12500
Avg Reward                  : 0.000000
Avg Total Reward            : -257.357983
Epsilon Decay               : q0(WP1): 0.4064, q1(WP2): 1.0000, q2(WP3): 1.0000, q3(Goal): 1.0000
Buffer Fractions            : q0(WP1): 99.32%, q1(WP2): 0.68%, q2(WP3): 0.00%, q3(Goal): 0.00%
Hits (Cumulative)           : WP1: 35, WP2: 0, WP3: 0, Goal: 0
----------------------------------------------------------------------------------------------------

----------------------------------------------------------------------------------------------------
[SHAPING | MULTI EPS] Episode 1000/12500
Avg Reward                  : 0.000000
Avg Total Reward            : -20.893741
Epsilon Decay               : q0(WP1): 0.3677, q1(WP2): 1.0000, q2(WP3): 1.0000, q3(Goal): 1.0000
Buffer Fractions            : q0(WP1): 99.22%, q1(WP2): 0.78%, q2(WP3): 0.00%, q3(Goal): 0.00%
Hits (Cumulative)           : WP1: 52, WP2: 0, WP3: 0, Goal: 0
----------------------------------------------------------------------------------------------------

----------------------------------------------------------------------------------------------------
[SHAPING | MULTI EPS] Episode 1100/12500
Avg Reward                  : 0.000000
Avg Total Reward            : 15.037363
Epsilon Decay               : q0(WP1): 0.3327, q1(WP2): 1.0000, q2(WP3): 1.0000, q3(Goal): 1.0000
Buffer Fractions            : q0(WP1): 98.82%, q1(WP2): 1.18%, q2(WP3): 0.00%, q3(Goal): 0.00%
Hits (Cumulative)           : WP1: 78, WP2: 0, WP3: 0, Goal: 0
----------------------------------------------------------------------------------------------------

----------------------------------------------------------------------------------------------------
[SHAPING | MULTI EPS] Episode 1200/12500
Avg Reward                  : 0.000000
Avg Total Reward            : 6.696824
Epsilon Decay               : q0(WP1): 0.3010, q1(WP2): 1.0000, q2(WP3): 1.0000, q3(Goal): 1.0000
Buffer Fractions            : q0(WP1): 98.60%, q1(WP2): 1.40%, q2(WP3): 0.00%, q3(Goal): 0.00%
Hits (Cumulative)           : WP1: 90, WP2: 0, WP3: 0, Goal: 0
----------------------------------------------------------------------------------------------------

----------------------------------------------------------------------------------------------------
[SHAPING | MULTI EPS] Episode 1300/12500
Avg Reward                  : 0.000000
Avg Total Reward            : 50.592510
Epsilon Decay               : q0(WP1): 0.2724, q1(WP2): 1.0000, q2(WP3): 1.0000, q3(Goal): 1.0000
Buffer Fractions            : q0(WP1): 97.93%, q1(WP2): 2.05%, q2(WP3): 0.02%, q3(Goal): 0.00%
Hits (Cumulative)           : WP1: 119, WP2: 1, WP3: 0, Goal: 0
----------------------------------------------------------------------------------------------------

----------------------------------------------------------------------------------------------------
[SHAPING | MULTI EPS] Episode 1400/12500
Avg Reward                  : 0.000000
Avg Total Reward            : 134.563266
Epsilon Decay               : q0(WP1): 0.2464, q1(WP2): 1.0000, q2(WP3): 1.0000, q3(Goal): 1.0000
Buffer Fractions            : q0(WP1): 96.84%, q1(WP2): 3.14%, q2(WP3): 0.02%, q3(Goal): 0.00%
Hits (Cumulative)           : WP1: 176, WP2: 1, WP3: 0, Goal: 0
----------------------------------------------------------------------------------------------------

----------------------------------------------------------------------------------------------------
[SHAPING | MULTI EPS] Episode 1500/12500
Avg Reward                  : 0.000000
Avg Total Reward            : 171.464430
Epsilon Decay               : q0(WP1): 0.2230, q1(WP2): 1.0000, q2(WP3): 1.0000, q3(Goal): 1.0000
Buffer Fractions            : q0(WP1): 95.84%, q1(WP2): 4.15%, q2(WP3): 0.01%, q3(Goal): 0.00%
Hits (Cumulative)           : WP1: 231, WP2: 1, WP3: 0, Goal: 0
----------------------------------------------------------------------------------------------------

----------------------------------------------------------------------------------------------------
[SHAPING | MULTI EPS] Episode 1600/12500
Avg Reward                  : 0.000000
Avg Total Reward            : 190.203606
Epsilon Decay               : q0(WP1): 0.2017, q1(WP2): 1.0000, q2(WP3): 1.0000, q3(Goal): 1.0000
Buffer Fractions            : q0(WP1): 94.61%, q1(WP2): 5.38%, q2(WP3): 0.01%, q3(Goal): 0.00%
Hits (Cumulative)           : WP1: 300, WP2: 1, WP3: 0, Goal: 0
----------------------------------------------------------------------------------------------------

----------------------------------------------------------------------------------------------------
[SHAPING | MULTI EPS] Episode 1700/12500
Avg Reward                  : 0.000000
Avg Total Reward            : 185.463348
Epsilon Decay               : q0(WP1): 0.1825, q1(WP2): 1.0000, q2(WP3): 1.0000, q3(Goal): 1.0000
Buffer Fractions            : q0(WP1): 94.09%, q1(WP2): 5.90%, q2(WP3): 0.01%, q3(Goal): 0.00%
Hits (Cumulative)           : WP1: 352, WP2: 1, WP3: 0, Goal: 0
----------------------------------------------------------------------------------------------------

----------------------------------------------------------------------------------------------------
[SHAPING | MULTI EPS] Episode 1800/12500
Avg Reward                  : 0.000000
Avg Total Reward            : 212.999744
Epsilon Decay               : q0(WP1): 0.1652, q1(WP2): 1.0000, q2(WP3): 1.0000, q3(Goal): 1.0000
Buffer Fractions            : q0(WP1): 93.21%, q1(WP2): 6.78%, q2(WP3): 0.01%, q3(Goal): 0.00%
Hits (Cumulative)           : WP1: 419, WP2: 1, WP3: 0, Goal: 0
----------------------------------------------------------------------------------------------------

----------------------------------------------------------------------------------------------------
[SHAPING | MULTI EPS] Episode 1900/12500
Avg Reward                  : 0.000000
Avg Total Reward            : 203.583469
Epsilon Decay               : q0(WP1): 0.1494, q1(WP2): 1.0000, q2(WP3): 1.0000, q3(Goal): 1.0000
Buffer Fractions            : q0(WP1): 91.85%, q1(WP2): 8.14%, q2(WP3): 0.01%, q3(Goal): 0.00%
Hits (Cumulative)           : WP1: 498, WP2: 1, WP3: 0, Goal: 0
----------------------------------------------------------------------------------------------------

----------------------------------------------------------------------------------------------------
[SHAPING | MULTI EPS] Episode 2000/12500
Avg Reward                  : 0.000000
Avg Total Reward            : 214.584473
Epsilon Decay               : q0(WP1): 0.1352, q1(WP2): 1.0000, q2(WP3): 1.0000, q3(Goal): 1.0000
Buffer Fractions            : q0(WP1): 90.71%, q1(WP2): 9.28%, q2(WP3): 0.01%, q3(Goal): 0.00%
Hits (Cumulative)           : WP1: 586, WP2: 1, WP3: 0, Goal: 0
----------------------------------------------------------------------------------------------------

----------------------------------------------------------------------------------------------------
[SHAPING | MULTI EPS] Episode 2100/12500
Avg Reward                  : 0.000000
Avg Total Reward            : 198.423977
Epsilon Decay               : q0(WP1): 0.1223, q1(WP2): 1.0000, q2(WP3): 1.0000, q3(Goal): 1.0000
Buffer Fractions            : q0(WP1): 89.43%, q1(WP2): 10.56%, q2(WP3): 0.01%, q3(Goal): 0.00%
Hits (Cumulative)           : WP1: 683, WP2: 1, WP3: 0, Goal: 0
----------------------------------------------------------------------------------------------------

----------------------------------------------------------------------------------------------------
[SHAPING | MULTI EPS] Episode 2200/12500
Avg Reward                  : 0.000000
Avg Total Reward            : 186.486367
Epsilon Decay               : q0(WP1): 0.1107, q1(WP2): 1.0000, q2(WP3): 1.0000, q3(Goal): 1.0000
Buffer Fractions            : q0(WP1): 88.16%, q1(WP2): 11.83%, q2(WP3): 0.01%, q3(Goal): 0.00%
Hits (Cumulative)           : WP1: 780, WP2: 1, WP3: 0, Goal: 0
----------------------------------------------------------------------------------------------------

----------------------------------------------------------------------------------------------------
[SHAPING | MULTI EPS] Episode 2300/12500
Avg Reward                  : 0.000000
Avg Total Reward            : 184.783451
Epsilon Decay               : q0(WP1): 0.1001, q1(WP2): 1.0000, q2(WP3): 1.0000, q3(Goal): 1.0000
Buffer Fractions            : q0(WP1): 87.00%, q1(WP2): 12.99%, q2(WP3): 0.01%, q3(Goal): 0.00%
Hits (Cumulative)           : WP1: 880, WP2: 1, WP3: 0, Goal: 0
----------------------------------------------------------------------------------------------------

----------------------------------------------------------------------------------------------------
[SHAPING | MULTI EPS] Episode 2400/12500
Avg Reward                  : 0.000000
Avg Total Reward            : 189.057942
Epsilon Decay               : q0(WP1): 0.0906, q1(WP2): 1.0000, q2(WP3): 1.0000, q3(Goal): 1.0000
Buffer Fractions            : q0(WP1): 85.91%, q1(WP2): 14.08%, q2(WP3): 0.01%, q3(Goal): 0.00%
Hits (Cumulative)           : WP1: 980, WP2: 1, WP3: 0, Goal: 0
----------------------------------------------------------------------------------------------------

----------------------------------------------------------------------------------------------------
[SHAPING | MULTI EPS] Episode 2500/12500
Avg Reward                  : 0.000000
Avg Total Reward            : 186.494968
Epsilon Decay               : q0(WP1): 0.0820, q1(WP2): 1.0000, q2(WP3): 1.0000, q3(Goal): 1.0000
Buffer Fractions            : q0(WP1): 84.93%, q1(WP2): 15.06%, q2(WP3): 0.01%, q3(Goal): 0.00%
Hits (Cumulative)           : WP1: 1080, WP2: 1, WP3: 0, Goal: 0
----------------------------------------------------------------------------------------------------

----------------------------------------------------------------------------------------------------
[SHAPING | MULTI EPS] Episode 2600/12500
Avg Reward                  : 0.000000
Avg Total Reward            : 189.032140
Epsilon Decay               : q0(WP1): 0.0800, q1(WP2): 0.9157, q2(WP3): 1.0000, q3(Goal): 1.0000
Buffer Fractions            : q0(WP1): 83.31%, q1(WP2): 16.68%, q2(WP3): 0.01%, q3(Goal): 0.00%
Hits (Cumulative)           : WP1: 1180, WP2: 1, WP3: 0, Goal: 0
----------------------------------------------------------------------------------------------------

----------------------------------------------------------------------------------------------------
[SHAPING | MULTI EPS] Episode 2700/12500
Avg Reward                  : 0.000000
Avg Total Reward            : 175.493114
Epsilon Decay               : q0(WP1): 0.0800, q1(WP2): 0.8302, q2(WP3): 1.0000, q3(Goal): 1.0000
Buffer Fractions            : q0(WP1): 81.76%, q1(WP2): 18.23%, q2(WP3): 0.01%, q3(Goal): 0.00%
Hits (Cumulative)           : WP1: 1278, WP2: 1, WP3: 0, Goal: 0
----------------------------------------------------------------------------------------------------

----------------------------------------------------------------------------------------------------
[SHAPING | MULTI EPS] Episode 2800/12500
Avg Reward                  : 0.000000
Avg Total Reward            : 179.674705
Epsilon Decay               : q0(WP1): 0.0800, q1(WP2): 0.7512, q2(WP3): 1.0000, q3(Goal): 1.0000
Buffer Fractions            : q0(WP1): 80.10%, q1(WP2): 19.90%, q2(WP3): 0.01%, q3(Goal): 0.00%
Hits (Cumulative)           : WP1: 1378, WP2: 1, WP3: 0, Goal: 0
----------------------------------------------------------------------------------------------------

----------------------------------------------------------------------------------------------------
[SHAPING | MULTI EPS] Episode 2900/12500
Avg Reward                  : 0.000000
Avg Total Reward            : 170.801119
Epsilon Decay               : q0(WP1): 0.0800, q1(WP2): 0.6830, q2(WP3): 1.0000, q3(Goal): 1.0000
Buffer Fractions            : q0(WP1): 78.03%, q1(WP2): 21.96%, q2(WP3): 0.01%, q3(Goal): 0.00%
Hits (Cumulative)           : WP1: 1473, WP2: 1, WP3: 0, Goal: 0
----------------------------------------------------------------------------------------------------

----------------------------------------------------------------------------------------------------
[SHAPING | MULTI EPS] Episode 3000/12500
Avg Reward                  : 0.000000
Avg Total Reward            : 182.220478
Epsilon Decay               : q0(WP1): 0.0800, q1(WP2): 0.6199, q2(WP3): 1.0000, q3(Goal): 1.0000
Buffer Fractions            : q0(WP1): 75.92%, q1(WP2): 24.06%, q2(WP3): 0.02%, q3(Goal): 0.00%
Hits (Cumulative)           : WP1: 1570, WP2: 2, WP3: 0, Goal: 0
----------------------------------------------------------------------------------------------------

----------------------------------------------------------------------------------------------------
[SHAPING | MULTI EPS] Episode 3100/12500
Avg Reward                  : 0.000000
Avg Total Reward            : 175.434274
Epsilon Decay               : q0(WP1): 0.0800, q1(WP2): 0.5614, q2(WP3): 1.0000, q3(Goal): 1.0000
Buffer Fractions            : q0(WP1): 73.50%, q1(WP2): 26.48%, q2(WP3): 0.02%, q3(Goal): 0.00%
Hits (Cumulative)           : WP1: 1669, WP2: 2, WP3: 0, Goal: 0
----------------------------------------------------------------------------------------------------

----------------------------------------------------------------------------------------------------
[SHAPING | MULTI EPS] Episode 3200/12500
Avg Reward                  : 0.000000
Avg Total Reward            : 176.394902
Epsilon Decay               : q0(WP1): 0.0800, q1(WP2): 0.5085, q2(WP3): 1.0000, q3(Goal): 1.0000
Buffer Fractions            : q0(WP1): 71.07%, q1(WP2): 28.86%, q2(WP3): 0.08%, q3(Goal): 0.00%
Hits (Cumulative)           : WP1: 1768, WP2: 7, WP3: 0, Goal: 0
----------------------------------------------------------------------------------------------------

----------------------------------------------------------------------------------------------------
[SHAPING | MULTI EPS] Episode 3300/12500
Avg Reward                  : 0.000000
Avg Total Reward            : 183.114939
Epsilon Decay               : q0(WP1): 0.0800, q1(WP2): 0.4605, q2(WP3): 1.0000, q3(Goal): 1.0000
Buffer Fractions            : q0(WP1): 67.89%, q1(WP2): 31.91%, q2(WP3): 0.20%, q3(Goal): 0.00%
Hits (Cumulative)           : WP1: 1867, WP2: 18, WP3: 0, Goal: 0
----------------------------------------------------------------------------------------------------

----------------------------------------------------------------------------------------------------
[SHAPING | MULTI EPS] Episode 3400/12500
Avg Reward                  : 0.000000
Avg Total Reward            : 172.478319
Epsilon Decay               : q0(WP1): 0.0800, q1(WP2): 0.4175, q2(WP3): 1.0000, q3(Goal): 1.0000
Buffer Fractions            : q0(WP1): 63.65%, q1(WP2): 36.06%, q2(WP3): 0.29%, q3(Goal): 0.00%
Hits (Cumulative)           : WP1: 1965, WP2: 25, WP3: 0, Goal: 0
----------------------------------------------------------------------------------------------------

----------------------------------------------------------------------------------------------------
[SHAPING | MULTI EPS] Episode 3500/12500
Avg Reward                  : 0.000000
Avg Total Reward            : 177.821662
Epsilon Decay               : q0(WP1): 0.0800, q1(WP2): 0.3808, q2(WP3): 1.0000, q3(Goal): 1.0000
Buffer Fractions            : q0(WP1): 59.81%, q1(WP2): 39.79%, q2(WP3): 0.40%, q3(Goal): 0.00%
Hits (Cumulative)           : WP1: 2057, WP2: 34, WP3: 0, Goal: 0
----------------------------------------------------------------------------------------------------

----------------------------------------------------------------------------------------------------
[SHAPING | MULTI EPS] Episode 3600/12500
Avg Reward                  : 0.000000
Avg Total Reward            : 184.000889
Epsilon Decay               : q0(WP1): 0.0800, q1(WP2): 0.3466, q2(WP3): 1.0000, q3(Goal): 1.0000
Buffer Fractions            : q0(WP1): 55.11%, q1(WP2): 44.27%, q2(WP3): 0.63%, q3(Goal): 0.00%
Hits (Cumulative)           : WP1: 2151, WP2: 49, WP3: 0, Goal: 0
----------------------------------------------------------------------------------------------------

----------------------------------------------------------------------------------------------------
[SHAPING | MULTI EPS] Episode 3700/12500
Avg Reward                  : 0.000000
Avg Total Reward            : 174.526208
Epsilon Decay               : q0(WP1): 0.0800, q1(WP2): 0.3152, q2(WP3): 1.0000, q3(Goal): 1.0000
Buffer Fractions            : q0(WP1): 51.55%, q1(WP2): 47.58%, q2(WP3): 0.87%, q3(Goal): 0.00%
Hits (Cumulative)           : WP1: 2246, WP2: 66, WP3: 0, Goal: 0
----------------------------------------------------------------------------------------------------

----------------------------------------------------------------------------------------------------
[SHAPING | MULTI EPS] Episode 3800/12500
Avg Reward                  : 0.000000
Avg Total Reward            : 210.354680
Epsilon Decay               : q0(WP1): 0.0800, q1(WP2): 0.2898, q2(WP3): 1.0000, q3(Goal): 1.0000
Buffer Fractions            : q0(WP1): 48.85%, q1(WP2): 49.91%, q2(WP3): 1.23%, q3(Goal): 0.00%
Hits (Cumulative)           : WP1: 2330, WP2: 92, WP3: 0, Goal: 0
----------------------------------------------------------------------------------------------------

----------------------------------------------------------------------------------------------------
[SHAPING | MULTI EPS] Episode 3900/12500
Avg Reward                  : 0.000000
Avg Total Reward            : 234.499695
Epsilon Decay               : q0(WP1): 0.0800, q1(WP2): 0.2654, q2(WP3): 1.0000, q3(Goal): 1.0000
Buffer Fractions            : q0(WP1): 46.06%, q1(WP2): 52.38%, q2(WP3): 1.56%, q3(Goal): 0.00%
Hits (Cumulative)           : WP1: 2418, WP2: 117, WP3: 0, Goal: 0
----------------------------------------------------------------------------------------------------

----------------------------------------------------------------------------------------------------
[SHAPING | MULTI EPS] Episode 4000/12500
Avg Reward                  : 0.000000
Avg Total Reward            : 225.825961
Epsilon Decay               : q0(WP1): 0.0800, q1(WP2): 0.2415, q2(WP3): 1.0000, q3(Goal): 1.0000
Buffer Fractions            : q0(WP1): 43.64%, q1(WP2): 54.24%, q2(WP3): 2.12%, q3(Goal): 0.00%
Hits (Cumulative)           : WP1: 2512, WP2: 156, WP3: 0, Goal: 0
----------------------------------------------------------------------------------------------------

----------------------------------------------------------------------------------------------------
[SHAPING | MULTI EPS] Episode 4100/12500
Avg Reward                  : 0.000000
Avg Total Reward            : 247.635525
Epsilon Decay               : q0(WP1): 0.0800, q1(WP2): 0.2216, q2(WP3): 1.0000, q3(Goal): 1.0000
Buffer Fractions            : q0(WP1): 41.24%, q1(WP2): 55.85%, q2(WP3): 2.90%, q3(Goal): 0.00%
Hits (Cumulative)           : WP1: 2598, WP2: 204, WP3: 0, Goal: 0
----------------------------------------------------------------------------------------------------

----------------------------------------------------------------------------------------------------
[SHAPING | MULTI EPS] Episode 4200/12500
Avg Reward                  : 0.000000
Avg Total Reward            : 267.885952
Epsilon Decay               : q0(WP1): 0.0800, q1(WP2): 0.2009, q2(WP3): 1.0000, q3(Goal): 1.0000
Buffer Fractions            : q0(WP1): 38.27%, q1(WP2): 57.78%, q2(WP3): 3.95%, q3(Goal): 0.00%
Hits (Cumulative)           : WP1: 2696, WP2: 276, WP3: 0, Goal: 0
----------------------------------------------------------------------------------------------------

----------------------------------------------------------------------------------------------------
[SHAPING | MULTI EPS] Episode 4300/12500
Avg Reward                  : 0.000000
Avg Total Reward            : 262.091181
Epsilon Decay               : q0(WP1): 0.0800, q1(WP2): 0.1825, q2(WP3): 1.0000, q3(Goal): 1.0000
Buffer Fractions            : q0(WP1): 35.60%, q1(WP2): 59.66%, q2(WP3): 4.74%, q3(Goal): 0.00%
Hits (Cumulative)           : WP1: 2792, WP2: 333, WP3: 0, Goal: 0
----------------------------------------------------------------------------------------------------

----------------------------------------------------------------------------------------------------
[SHAPING | MULTI EPS] Episode 4400/12500
Avg Reward                  : 0.000000
Avg Total Reward            : 286.967035
Epsilon Decay               : q0(WP1): 0.0800, q1(WP2): 0.1655, q2(WP3): 1.0000, q3(Goal): 1.0000
Buffer Fractions            : q0(WP1): 33.03%, q1(WP2): 61.03%, q2(WP3): 5.94%, q3(Goal): 0.00%
Hits (Cumulative)           : WP1: 2890, WP2: 420, WP3: 0, Goal: 0
----------------------------------------------------------------------------------------------------

----------------------------------------------------------------------------------------------------
[SHAPING | MULTI EPS] Episode 4500/12500
Avg Reward                  : 0.000000
Avg Total Reward            : 239.008550
Epsilon Decay               : q0(WP1): 0.0800, q1(WP2): 0.1515, q2(WP3): 1.0000, q3(Goal): 1.0000
Buffer Fractions            : q0(WP1): 34.15%, q1(WP2): 58.77%, q2(WP3): 7.08%, q3(Goal): 0.00%
Hits (Cumulative)           : WP1: 2978, WP2: 504, WP3: 0, Goal: 0
----------------------------------------------------------------------------------------------------

----------------------------------------------------------------------------------------------------
[SHAPING | MULTI EPS] Episode 4600/12500
Avg Reward                  : 0.000000
Avg Total Reward            : 236.564311
Epsilon Decay               : q0(WP1): 0.0800, q1(WP2): 0.1381, q2(WP3): 1.0000, q3(Goal): 1.0000
Buffer Fractions            : q0(WP1): 34.91%, q1(WP2): 56.91%, q2(WP3): 8.18%, q3(Goal): 0.00%
Hits (Cumulative)           : WP1: 3071, WP2: 592, WP3: 0, Goal: 0
----------------------------------------------------------------------------------------------------

----------------------------------------------------------------------------------------------------
[SHAPING | MULTI EPS] Episode 4700/12500
Avg Reward                  : 0.000000
Avg Total Reward            : 250.405646
Epsilon Decay               : q0(WP1): 0.0800, q1(WP2): 0.1254, q2(WP3): 1.0000, q3(Goal): 1.0000
Buffer Fractions            : q0(WP1): 36.17%, q1(WP2): 54.42%, q2(WP3): 9.42%, q3(Goal): 0.00%
Hits (Cumulative)           : WP1: 3167, WP2: 686, WP3: 0, Goal: 0
----------------------------------------------------------------------------------------------------

----------------------------------------------------------------------------------------------------
[SHAPING | MULTI EPS] Episode 4800/12500
Avg Reward                  : 0.000000
Avg Total Reward            : 221.216569
Epsilon Decay               : q0(WP1): 0.0800, q1(WP2): 0.1151, q2(WP3): 1.0000, q3(Goal): 1.0000
Buffer Fractions            : q0(WP1): 37.42%, q1(WP2): 52.26%, q2(WP3): 10.32%, q3(Goal): 0.00%
Hits (Cumulative)           : WP1: 3253, WP2: 772, WP3: 0, Goal: 0
----------------------------------------------------------------------------------------------------

----------------------------------------------------------------------------------------------------
[SHAPING | MULTI EPS] Episode 4900/12500
Avg Reward                  : 0.000000
Avg Total Reward            : 220.241335
Epsilon Decay               : q0(WP1): 0.0800, q1(WP2): 0.1049, q2(WP3): 1.0000, q3(Goal): 1.0000
Buffer Fractions            : q0(WP1): 38.09%, q1(WP2): 50.51%, q2(WP3): 11.41%, q3(Goal): 0.00%
Hits (Cumulative)           : WP1: 3346, WP2: 865, WP3: 0, Goal: 0
----------------------------------------------------------------------------------------------------

----------------------------------------------------------------------------------------------------
[SHAPING | MULTI EPS] Episode 5000/12500
Avg Reward                  : 0.000000
Avg Total Reward            : 247.247948
Epsilon Decay               : q0(WP1): 0.0800, q1(WP2): 0.0950, q2(WP3): 1.0000, q3(Goal): 1.0000
Buffer Fractions            : q0(WP1): 38.80%, q1(WP2): 48.74%, q2(WP3): 12.46%, q3(Goal): 0.00%
Hits (Cumulative)           : WP1: 3445, WP2: 964, WP3: 0, Goal: 0
----------------------------------------------------------------------------------------------------

----------------------------------------------------------------------------------------------------
[SHAPING | MULTI EPS] Episode 5100/12500
Avg Reward                  : 0.000000
Avg Total Reward            : 242.340859
Epsilon Decay               : q0(WP1): 0.0800, q1(WP2): 0.0863, q2(WP3): 1.0000, q3(Goal): 1.0000
Buffer Fractions            : q0(WP1): 39.41%, q1(WP2): 47.08%, q2(WP3): 13.52%, q3(Goal): 0.00%
Hits (Cumulative)           : WP1: 3541, WP2: 1058, WP3: 0, Goal: 0
----------------------------------------------------------------------------------------------------

----------------------------------------------------------------------------------------------------
[SHAPING | MULTI EPS] Episode 5200/12500
Avg Reward                  : 0.000000
Avg Total Reward            : 190.395856
Epsilon Decay               : q0(WP1): 0.0800, q1(WP2): 0.0800, q2(WP3): 0.9812, q3(Goal): 1.0000
Buffer Fractions            : q0(WP1): 41.09%, q1(WP2): 44.80%, q2(WP3): 14.11%, q3(Goal): 0.00%
Hits (Cumulative)           : WP1: 3623, WP2: 1137, WP3: 0, Goal: 0
----------------------------------------------------------------------------------------------------

----------------------------------------------------------------------------------------------------
[SHAPING | MULTI EPS] Episode 5300/12500
Avg Reward                  : 0.000000
Avg Total Reward            : 223.047950
Epsilon Decay               : q0(WP1): 0.0800, q1(WP2): 0.0800, q2(WP3): 0.9021, q3(Goal): 1.0000
Buffer Fractions            : q0(WP1): 42.28%, q1(WP2): 43.22%, q2(WP3): 14.50%, q3(Goal): 0.00%
Hits (Cumulative)           : WP1: 3713, WP2: 1221, WP3: 0, Goal: 0
----------------------------------------------------------------------------------------------------

----------------------------------------------------------------------------------------------------
[SHAPING | MULTI EPS] Episode 5400/12500
Avg Reward                  : 0.000000
Avg Total Reward            : 217.281637
Epsilon Decay               : q0(WP1): 0.0800, q1(WP2): 0.0800, q2(WP3): 0.8285, q3(Goal): 1.0000
Buffer Fractions            : q0(WP1): 43.19%, q1(WP2): 41.68%, q2(WP3): 15.12%, q3(Goal): 0.00%
Hits (Cumulative)           : WP1: 3799, WP2: 1306, WP3: 0, Goal: 0
----------------------------------------------------------------------------------------------------

----------------------------------------------------------------------------------------------------
[SHAPING | MULTI EPS] Episode 5500/12500
Avg Reward                  : 0.000000
Avg Total Reward            : 217.836300
Epsilon Decay               : q0(WP1): 0.0800, q1(WP2): 0.0800, q2(WP3): 0.7618, q3(Goal): 1.0000
Buffer Fractions            : q0(WP1): 44.47%, q1(WP2): 39.95%, q2(WP3): 15.58%, q3(Goal): 0.00%
Hits (Cumulative)           : WP1: 3887, WP2: 1390, WP3: 0, Goal: 0
----------------------------------------------------------------------------------------------------

----------------------------------------------------------------------------------------------------
[SHAPING | MULTI EPS] Episode 5600/12500
Avg Reward                  : 0.000000
Avg Total Reward            : 242.253156
Epsilon Decay               : q0(WP1): 0.0800, q1(WP2): 0.0800, q2(WP3): 0.6976, q3(Goal): 1.0000
Buffer Fractions            : q0(WP1): 45.56%, q1(WP2): 37.93%, q2(WP3): 16.52%, q3(Goal): 0.00%
Hits (Cumulative)           : WP1: 3980, WP2: 1478, WP3: 0, Goal: 0
----------------------------------------------------------------------------------------------------

----------------------------------------------------------------------------------------------------
[SHAPING | MULTI EPS] Episode 5700/12500
Avg Reward                  : 0.000000
Avg Total Reward            : 229.008413
Epsilon Decay               : q0(WP1): 0.0800, q1(WP2): 0.0800, q2(WP3): 0.6426, q3(Goal): 1.0000
Buffer Fractions            : q0(WP1): 46.96%, q1(WP2): 35.74%, q2(WP3): 17.30%, q3(Goal): 0.00%
Hits (Cumulative)           : WP1: 4070, WP2: 1560, WP3: 0, Goal: 0
----------------------------------------------------------------------------------------------------

----------------------------------------------------------------------------------------------------
[SHAPING | MULTI EPS] Episode 5800/12500
Avg Reward                  : 0.000000
Avg Total Reward            : 172.521581
Epsilon Decay               : q0(WP1): 0.0800, q1(WP2): 0.0800, q2(WP3): 0.5979, q3(Goal): 1.0000
Buffer Fractions            : q0(WP1): 48.52%, q1(WP2): 33.65%, q2(WP3): 17.83%, q3(Goal): 0.00%
Hits (Cumulative)           : WP1: 4154, WP2: 1632, WP3: 0, Goal: 0
----------------------------------------------------------------------------------------------------

----------------------------------------------------------------------------------------------------
[SHAPING | MULTI EPS] Episode 5900/12500
Avg Reward                  : 0.000000
Avg Total Reward            : 44.400491
Epsilon Decay               : q0(WP1): 0.0800, q1(WP2): 0.0800, q2(WP3): 0.5665, q3(Goal): 1.0000
Buffer Fractions            : q0(WP1): 49.72%, q1(WP2): 31.89%, q2(WP3): 18.39%, q3(Goal): 0.00%
Hits (Cumulative)           : WP1: 4216, WP2: 1686, WP3: 0, Goal: 0
----------------------------------------------------------------------------------------------------

----------------------------------------------------------------------------------------------------
[SHAPING | MULTI EPS] Episode 6000/12500
Avg Reward                  : 0.000000
Avg Total Reward            : 80.290467
Epsilon Decay               : q0(WP1): 0.0800, q1(WP2): 0.0800, q2(WP3): 0.5351, q3(Goal): 1.0000
Buffer Fractions            : q0(WP1): 49.93%, q1(WP2): 31.04%, q2(WP3): 19.03%, q3(Goal): 0.00%
Hits (Cumulative)           : WP1: 4286, WP2: 1743, WP3: 0, Goal: 0
----------------------------------------------------------------------------------------------------

----------------------------------------------------------------------------------------------------
[SHAPING | MULTI EPS] Episode 6100/12500
Avg Reward                  : 0.000000
Avg Total Reward            : 149.658986
Epsilon Decay               : q0(WP1): 0.0800, q1(WP2): 0.0800, q2(WP3): 0.5110, q3(Goal): 1.0000
Buffer Fractions            : q0(WP1): 50.26%, q1(WP2): 30.16%, q2(WP3): 19.58%, q3(Goal): 0.00%
Hits (Cumulative)           : WP1: 4356, WP2: 1789, WP3: 0, Goal: 0
----------------------------------------------------------------------------------------------------

----------------------------------------------------------------------------------------------------
[SHAPING | MULTI EPS] Episode 6200/12500
Avg Reward                  : 0.000000
Avg Total Reward            : 212.553312
Epsilon Decay               : q0(WP1): 0.0800, q1(WP2): 0.0800, q2(WP3): 0.4890, q3(Goal): 1.0000
Buffer Fractions            : q0(WP1): 49.72%, q1(WP2): 30.37%, q2(WP3): 19.91%, q3(Goal): 0.00%
Hits (Cumulative)           : WP1: 4438, WP2: 1833, WP3: 0, Goal: 0
----------------------------------------------------------------------------------------------------

----------------------------------------------------------------------------------------------------
[SHAPING | MULTI EPS] Episode 6300/12500
Avg Reward                  : 0.000000
Avg Total Reward            : 272.764587
Epsilon Decay               : q0(WP1): 0.0800, q1(WP2): 0.0800, q2(WP3): 0.4587, q3(Goal): 1.0000
Buffer Fractions            : q0(WP1): 48.02%, q1(WP2): 31.02%, q2(WP3): 20.93%, q3(Goal): 0.04%
Hits (Cumulative)           : WP1: 4528, WP2: 1897, WP3: 2, Goal: 0
----------------------------------------------------------------------------------------------------

----------------------------------------------------------------------------------------------------
[SHAPING | MULTI EPS] Episode 6400/12500
Avg Reward                  : 0.000000
Avg Total Reward            : 247.082811
Epsilon Decay               : q0(WP1): 0.0800, q1(WP2): 0.0800, q2(WP3): 0.4381, q3(Goal): 1.0000
Buffer Fractions            : q0(WP1): 48.06%, q1(WP2): 31.70%, q2(WP3): 20.20%, q3(Goal): 0.04%
Hits (Cumulative)           : WP1: 4604, WP2: 1943, WP3: 3, Goal: 0
----------------------------------------------------------------------------------------------------

----------------------------------------------------------------------------------------------------
[SHAPING | MULTI EPS] Episode 6500/12500
Avg Reward                  : 100.000000
Avg Total Reward            : 366.563226
Epsilon Decay               : q0(WP1): 0.0800, q1(WP2): 0.0800, q2(WP3): 0.4196, q3(Goal): 1.0000
Buffer Fractions            : q0(WP1): 47.39%, q1(WP2): 32.32%, q2(WP3): 20.12%, q3(Goal): 0.17%
Hits (Cumulative)           : WP1: 4670, WP2: 1986, WP3: 12, Goal: 1
----------------------------------------------------------------------------------------------------

----------------------------------------------------------------------------------------------------
[SHAPING | MULTI EPS] Episode 6600/12500
Avg Reward                  : 0.000000
Avg Total Reward            : 388.741173
Epsilon Decay               : q0(WP1): 0.0800, q1(WP2): 0.0800, q2(WP3): 0.3916, q3(Goal): 1.0000
Buffer Fractions            : q0(WP1): 46.04%, q1(WP2): 32.51%, q2(WP3): 21.20%, q3(Goal): 0.26%
Hits (Cumulative)           : WP1: 4755, WP2: 2055, WP3: 18, Goal: 1
----------------------------------------------------------------------------------------------------

----------------------------------------------------------------------------------------------------
[SHAPING | MULTI EPS] Episode 6700/12500
Avg Reward                  : 0.000000
Avg Total Reward            : 545.647501
Epsilon Decay               : q0(WP1): 0.0800, q1(WP2): 0.0800, q2(WP3): 0.3640, q3(Goal): 1.0000
Buffer Fractions            : q0(WP1): 44.89%, q1(WP2): 32.48%, q2(WP3): 22.14%, q3(Goal): 0.49%
Hits (Cumulative)           : WP1: 4844, WP2: 2128, WP3: 34, Goal: 1
----------------------------------------------------------------------------------------------------

----------------------------------------------------------------------------------------------------
[SHAPING | MULTI EPS] Episode 6800/12500
Avg Reward                  : 0.000000
Avg Total Reward            : 562.047698
Epsilon Decay               : q0(WP1): 0.0800, q1(WP2): 0.0800, q2(WP3): 0.3374, q3(Goal): 1.0000
Buffer Fractions            : q0(WP1): 43.00%, q1(WP2): 32.50%, q2(WP3): 23.72%, q3(Goal): 0.79%
Hits (Cumulative)           : WP1: 4935, WP2: 2204, WP3: 54, Goal: 1
----------------------------------------------------------------------------------------------------

----------------------------------------------------------------------------------------------------
[SHAPING | MULTI EPS] Episode 6900/12500
Avg Reward                  : 0.000000
Avg Total Reward            : 733.452947
Epsilon Decay               : q0(WP1): 0.0800, q1(WP2): 0.0800, q2(WP3): 0.3102, q3(Goal): 1.0000
Buffer Fractions            : q0(WP1): 41.11%, q1(WP2): 32.52%, q2(WP3): 25.11%, q3(Goal): 1.26%
Hits (Cumulative)           : WP1: 5025, WP2: 2288, WP3: 88, Goal: 1
----------------------------------------------------------------------------------------------------

----------------------------------------------------------------------------------------------------
[SHAPING | MULTI EPS] Episode 7000/12500
Avg Reward                  : 100.000000
Avg Total Reward            : 743.385718
Epsilon Decay               : q0(WP1): 0.0800, q1(WP2): 0.0800, q2(WP3): 0.2875, q3(Goal): 1.0000
Buffer Fractions            : q0(WP1): 38.90%, q1(WP2): 34.12%, q2(WP3): 25.36%, q3(Goal): 1.62%
Hits (Cumulative)           : WP1: 5115, WP2: 2364, WP3: 117, Goal: 2
----------------------------------------------------------------------------------------------------

----------------------------------------------------------------------------------------------------
[SHAPING | MULTI EPS] Episode 7100/12500
Avg Reward                  : 100.000000
Avg Total Reward            : 813.875182
Epsilon Decay               : q0(WP1): 0.0800, q1(WP2): 0.0800, q2(WP3): 0.2648, q3(Goal): 1.0000
Buffer Fractions            : q0(WP1): 37.38%, q1(WP2): 34.10%, q2(WP3): 26.42%, q3(Goal): 2.11%
Hits (Cumulative)           : WP1: 5203, WP2: 2446, WP3: 152, Goal: 3
----------------------------------------------------------------------------------------------------

----------------------------------------------------------------------------------------------------
[SHAPING | MULTI EPS] Episode 7200/12500
Avg Reward                  : 200.000000
Avg Total Reward            : 848.751721
Epsilon Decay               : q0(WP1): 0.0800, q1(WP2): 0.0800, q2(WP3): 0.2459, q3(Goal): 1.0000
Buffer Fractions            : q0(WP1): 36.41%, q1(WP2): 33.46%, q2(WP3): 27.57%, q3(Goal): 2.56%
Hits (Cumulative)           : WP1: 5283, WP2: 2520, WP3: 185, Goal: 5
----------------------------------------------------------------------------------------------------

----------------------------------------------------------------------------------------------------
[SHAPING | MULTI EPS] Episode 7300/12500
Avg Reward                  : 300.000000
Avg Total Reward            : 948.835455
Epsilon Decay               : q0(WP1): 0.0800, q1(WP2): 0.0800, q2(WP3): 0.2295, q3(Goal): 1.0000
Buffer Fractions            : q0(WP1): 36.67%, q1(WP2): 32.80%, q2(WP3): 27.54%, q3(Goal): 2.99%
Hits (Cumulative)           : WP1: 5366, WP2: 2589, WP3: 216, Goal: 8
----------------------------------------------------------------------------------------------------

----------------------------------------------------------------------------------------------------
[SHAPING | MULTI EPS] Episode 7400/12500
Avg Reward                  : 300.000000
Avg Total Reward            : 919.867429
Epsilon Decay               : q0(WP1): 0.0800, q1(WP2): 0.0800, q2(WP3): 0.2162, q3(Goal): 1.0000
Buffer Fractions            : q0(WP1): 37.04%, q1(WP2): 31.02%, q2(WP3): 28.46%, q3(Goal): 3.48%
Hits (Cumulative)           : WP1: 5442, WP2: 2649, WP3: 255, Goal: 11
----------------------------------------------------------------------------------------------------

----------------------------------------------------------------------------------------------------
[SHAPING | MULTI EPS] Episode 7500/12500
Avg Reward                  : 600.000000
Avg Total Reward            : 1267.122583
Epsilon Decay               : q0(WP1): 0.0800, q1(WP2): 0.0800, q2(WP3): 0.2021, q3(Goal): 1.0000
Buffer Fractions            : q0(WP1): 36.55%, q1(WP2): 29.91%, q2(WP3): 29.63%, q3(Goal): 3.91%
Hits (Cumulative)           : WP1: 5523, WP2: 2716, WP3: 293, Goal: 17
----------------------------------------------------------------------------------------------------

----------------------------------------------------------------------------------------------------
[SHAPING | MULTI EPS] Episode 7600/12500
Avg Reward                  : 500.000000
Avg Total Reward            : 1134.266898
Epsilon Decay               : q0(WP1): 0.0800, q1(WP2): 0.0800, q2(WP3): 0.1898, q3(Goal): 1.0000
Buffer Fractions            : q0(WP1): 36.73%, q1(WP2): 29.21%, q2(WP3): 29.69%, q3(Goal): 4.38%
Hits (Cumulative)           : WP1: 5601, WP2: 2779, WP3: 331, Goal: 22
----------------------------------------------------------------------------------------------------

----------------------------------------------------------------------------------------------------
[SHAPING | MULTI EPS] Episode 7700/12500
Avg Reward                  : 100.000000
Avg Total Reward            : 655.146533
Epsilon Decay               : q0(WP1): 0.0800, q1(WP2): 0.0800, q2(WP3): 0.1791, q3(Goal): 1.0000
Buffer Fractions            : q0(WP1): 37.10%, q1(WP2): 28.48%, q2(WP3): 29.67%, q3(Goal): 4.75%
Hits (Cumulative)           : WP1: 5674, WP2: 2837, WP3: 367, Goal: 23
----------------------------------------------------------------------------------------------------

----------------------------------------------------------------------------------------------------
[SHAPING | MULTI EPS] Episode 7800/12500
Avg Reward                  : 100.000000
Avg Total Reward            : 673.476405
Epsilon Decay               : q0(WP1): 0.0800, q1(WP2): 0.0800, q2(WP3): 0.1697, q3(Goal): 1.0000
Buffer Fractions            : q0(WP1): 38.00%, q1(WP2): 27.93%, q2(WP3): 28.90%, q3(Goal): 5.17%
Hits (Cumulative)           : WP1: 5744, WP2: 2891, WP3: 407, Goal: 24
----------------------------------------------------------------------------------------------------

----------------------------------------------------------------------------------------------------
[SHAPING | MULTI EPS] Episode 7900/12500
Avg Reward                  : 100.000000
Avg Total Reward            : 1047.263331
Epsilon Decay               : q0(WP1): 0.0800, q1(WP2): 0.0800, q2(WP3): 0.1574, q3(Goal): 1.0000
Buffer Fractions            : q0(WP1): 40.40%, q1(WP2): 26.88%, q2(WP3): 26.67%, q3(Goal): 6.04%
Hits (Cumulative)           : WP1: 5829, WP2: 2966, WP3: 474, Goal: 25
----------------------------------------------------------------------------------------------------

----------------------------------------------------------------------------------------------------
[SHAPING | MULTI EPS] Episode 8000/12500
Avg Reward                  : 0.000000
Avg Total Reward            : 906.254424
Epsilon Decay               : q0(WP1): 0.0800, q1(WP2): 0.0800, q2(WP3): 0.1454, q3(Goal): 1.0000
Buffer Fractions            : q0(WP1): 42.45%, q1(WP2): 25.92%, q2(WP3): 24.86%, q3(Goal): 6.77%
Hits (Cumulative)           : WP1: 5916, WP2: 3045, WP3: 545, Goal: 25
----------------------------------------------------------------------------------------------------

----------------------------------------------------------------------------------------------------
[SHAPING | MULTI EPS] Episode 8100/12500
Avg Reward                  : 600.000000
Avg Total Reward            : 1526.245320
Epsilon Decay               : q0(WP1): 0.0800, q1(WP2): 0.0800, q2(WP3): 0.1353, q3(Goal): 1.0000
Buffer Fractions            : q0(WP1): 43.89%, q1(WP2): 24.79%, q2(WP3): 23.90%, q3(Goal): 7.42%
Hits (Cumulative)           : WP1: 6005, WP2: 3117, WP3: 611, Goal: 31
----------------------------------------------------------------------------------------------------

----------------------------------------------------------------------------------------------------
[SHAPING | MULTI EPS] Episode 8200/12500
Avg Reward                  : 100.000000
Avg Total Reward            : 1158.484656
Epsilon Decay               : q0(WP1): 0.0800, q1(WP2): 0.0800, q2(WP3): 0.1249, q3(Goal): 1.0000
Buffer Fractions            : q0(WP1): 44.92%, q1(WP2): 23.79%, q2(WP3): 22.93%, q3(Goal): 8.35%
Hits (Cumulative)           : WP1: 6095, WP2: 3197, WP3: 688, Goal: 32
----------------------------------------------------------------------------------------------------

----------------------------------------------------------------------------------------------------
[SHAPING | MULTI EPS] Episode 8300/12500
Avg Reward                  : 300.000000
Avg Total Reward            : 1376.625090
Epsilon Decay               : q0(WP1): 0.0800, q1(WP2): 0.0800, q2(WP3): 0.1155, q3(Goal): 1.0000
Buffer Fractions            : q0(WP1): 47.15%, q1(WP2): 22.73%, q2(WP3): 20.87%, q3(Goal): 9.25%
Hits (Cumulative)           : WP1: 6181, WP2: 3275, WP3: 762, Goal: 35
----------------------------------------------------------------------------------------------------

----------------------------------------------------------------------------------------------------
[SHAPING | MULTI EPS] Episode 8400/12500
Avg Reward                  : 500.000000
Avg Total Reward            : 1574.647456
Epsilon Decay               : q0(WP1): 0.0800, q1(WP2): 0.0800, q2(WP3): 0.1068, q3(Goal): 1.0000
Buffer Fractions            : q0(WP1): 47.90%, q1(WP2): 22.73%, q2(WP3): 19.31%, q3(Goal): 10.06%
Hits (Cumulative)           : WP1: 6272, WP2: 3354, WP3: 836, Goal: 40
----------------------------------------------------------------------------------------------------

----------------------------------------------------------------------------------------------------
[SHAPING | MULTI EPS] Episode 8500/12500
Avg Reward                  : 300.000000
Avg Total Reward            : 1013.193590
Epsilon Decay               : q0(WP1): 0.0800, q1(WP2): 0.0800, q2(WP3): 0.1007, q3(Goal): 1.0000
Buffer Fractions            : q0(WP1): 49.00%, q1(WP2): 22.55%, q2(WP3): 17.86%, q3(Goal): 10.60%
Hits (Cumulative)           : WP1: 6335, WP2: 3412, WP3: 891, Goal: 43
----------------------------------------------------------------------------------------------------

----------------------------------------------------------------------------------------------------
[SHAPING | MULTI EPS] Episode 8600/12500
Avg Reward                  : 500.000000
Avg Total Reward            : 713.143024
Epsilon Decay               : q0(WP1): 0.0800, q1(WP2): 0.0800, q2(WP3): 0.0982, q3(Goal): 1.0000
Buffer Fractions            : q0(WP1): 51.98%, q1(WP2): 21.51%, q2(WP3): 15.97%, q3(Goal): 10.55%
Hits (Cumulative)           : WP1: 6366, WP2: 3438, WP3: 916, Goal: 48
----------------------------------------------------------------------------------------------------

----------------------------------------------------------------------------------------------------
[SHAPING | MULTI EPS] Episode 8700/12500
Avg Reward                  : 300.000000
Avg Total Reward            : 517.943480
Epsilon Decay               : q0(WP1): 0.0800, q1(WP2): 0.0800, q2(WP3): 0.0954, q3(Goal): 1.0000
Buffer Fractions            : q0(WP1): 54.66%, q1(WP2): 20.66%, q2(WP3): 14.17%, q3(Goal): 10.51%
Hits (Cumulative)           : WP1: 6400, WP2: 3466, WP3: 941, Goal: 51
----------------------------------------------------------------------------------------------------

----------------------------------------------------------------------------------------------------
[SHAPING | MULTI EPS] Episode 8800/12500
Avg Reward                  : 300.000000
Avg Total Reward            : 517.625813
Epsilon Decay               : q0(WP1): 0.0800, q1(WP2): 0.0800, q2(WP3): 0.0932, q3(Goal): 1.0000
Buffer Fractions            : q0(WP1): 58.20%, q1(WP2): 19.28%, q2(WP3): 12.30%, q3(Goal): 10.23%
Hits (Cumulative)           : WP1: 6434, WP2: 3490, WP3: 963, Goal: 54
----------------------------------------------------------------------------------------------------

----------------------------------------------------------------------------------------------------
[SHAPING | MULTI EPS] Episode 8900/12500
Avg Reward                  : 400.000000
Avg Total Reward            : 976.221441
Epsilon Decay               : q0(WP1): 0.0800, q1(WP2): 0.0800, q2(WP3): 0.0891, q3(Goal): 1.0000
Buffer Fractions            : q0(WP1): 59.60%, q1(WP2): 18.98%, q2(WP3): 11.08%, q3(Goal): 10.34%
Hits (Cumulative)           : WP1: 6488, WP2: 3535, WP3: 1006, Goal: 58
----------------------------------------------------------------------------------------------------

----------------------------------------------------------------------------------------------------
[SHAPING | MULTI EPS] Episode 9000/12500
Avg Reward                  : 100.000000
Avg Total Reward            : 964.438508
Epsilon Decay               : q0(WP1): 0.0800, q1(WP2): 0.0800, q2(WP3): 0.0836, q3(Goal): 1.0000
Buffer Fractions            : q0(WP1): 60.27%, q1(WP2): 18.60%, q2(WP3): 10.25%, q3(Goal): 10.89%
Hits (Cumulative)           : WP1: 6555, WP2: 3598, WP3: 1068, Goal: 59
----------------------------------------------------------------------------------------------------

----------------------------------------------------------------------------------------------------
[SHAPING | MULTI EPS] Episode 9100/12500
Avg Reward                  : 100.000000
Avg Total Reward            : 779.679609
Epsilon Decay               : q0(WP1): 0.0800, q1(WP2): 0.0800, q2(WP3): 0.0800, q3(Goal): 0.9792
Buffer Fractions            : q0(WP1): 60.84%, q1(WP2): 18.37%, q2(WP3): 9.91%, q3(Goal): 10.87%
Hits (Cumulative)           : WP1: 6612, WP2: 3651, WP3: 1121, Goal: 60
----------------------------------------------------------------------------------------------------

----------------------------------------------------------------------------------------------------
[SHAPING | MULTI EPS] Episode 9200/12500
Avg Reward                  : 100.000000
Avg Total Reward            : 934.809631
Epsilon Decay               : q0(WP1): 0.0800, q1(WP2): 0.0800, q2(WP3): 0.0800, q3(Goal): 0.9212
Buffer Fractions            : q0(WP1): 61.46%, q1(WP2): 18.44%, q2(WP3): 9.41%, q3(Goal): 10.68%
Hits (Cumulative)           : WP1: 6686, WP2: 3717, WP3: 1182, Goal: 61
----------------------------------------------------------------------------------------------------

----------------------------------------------------------------------------------------------------
[SHAPING | MULTI EPS] Episode 9300/12500
Avg Reward                  : 0.000000
Avg Total Reward            : 554.146170
Epsilon Decay               : q0(WP1): 0.0800, q1(WP2): 0.0800, q2(WP3): 0.0800, q3(Goal): 0.8824
Buffer Fractions            : q0(WP1): 63.89%, q1(WP2): 17.23%, q2(WP3): 8.44%, q3(Goal): 10.43%
Hits (Cumulative)           : WP1: 6733, WP2: 3762, WP3: 1225, Goal: 61
----------------------------------------------------------------------------------------------------

----------------------------------------------------------------------------------------------------
[SHAPING | MULTI EPS] Episode 9400/12500
Avg Reward                  : 400.000000
Avg Total Reward            : 1391.907999
Epsilon Decay               : q0(WP1): 0.0800, q1(WP2): 0.0800, q2(WP3): 0.0800, q3(Goal): 0.8228
Buffer Fractions            : q0(WP1): 64.50%, q1(WP2): 16.82%, q2(WP3): 8.18%, q3(Goal): 10.51%
Hits (Cumulative)           : WP1: 6808, WP2: 3833, WP3: 1295, Goal: 65
----------------------------------------------------------------------------------------------------

----------------------------------------------------------------------------------------------------
[SHAPING | MULTI EPS] Episode 9500/12500
Avg Reward                  : 200.000000
Avg Total Reward            : 852.419430
Epsilon Decay               : q0(WP1): 0.0800, q1(WP2): 0.0800, q2(WP3): 0.0800, q3(Goal): 0.7826
Buffer Fractions            : q0(WP1): 64.37%, q1(WP2): 17.24%, q2(WP3): 8.06%, q3(Goal): 10.34%
Hits (Cumulative)           : WP1: 6870, WP2: 3887, WP3: 1345, Goal: 67
----------------------------------------------------------------------------------------------------

