=== NEW RUN (Shaping: True, Multi-Eps: False) ===
===Trajectory: [(1, 8), (5, 6), (8, 8)]===
----------------------------------------------------------------------------------------------------
[SHAPING | SINGLE EPS] Episode 100/10000
Avg Reward                  : 0.000000
Avg Total Reward            : -350.622410
Epsilon Decay               : Single: 0.9608
Buffer Fractions            : q0(WP1): 99.84%, q1(WP2): 0.16%, q2(Goal): 0.00%
Hits (Cumulative)           : WP1: 1, WP2: 0, Goal: 0
----------------------------------------------------------------------------------------------------

----------------------------------------------------------------------------------------------------
[SHAPING | SINGLE EPS] Episode 200/10000
Avg Reward                  : 0.000000
Avg Total Reward            : -345.141411
Epsilon Decay               : Single: 0.9231
Buffer Fractions            : q0(WP1): 99.43%, q1(WP2): 0.57%, q2(Goal): 0.00%
Hits (Cumulative)           : WP1: 4, WP2: 0, Goal: 0
----------------------------------------------------------------------------------------------------

----------------------------------------------------------------------------------------------------
[SHAPING | SINGLE EPS] Episode 300/10000
Avg Reward                  : 0.000000
Avg Total Reward            : -315.394397
Epsilon Decay               : Single: 0.8869
Buffer Fractions            : q0(WP1): 99.28%, q1(WP2): 0.72%, q2(Goal): 0.00%
Hits (Cumulative)           : WP1: 8, WP2: 0, Goal: 0
----------------------------------------------------------------------------------------------------

----------------------------------------------------------------------------------------------------
[SHAPING | SINGLE EPS] Episode 400/10000
Avg Reward                  : 0.000000
Avg Total Reward            : -326.123427
Epsilon Decay               : Single: 0.8521
Buffer Fractions            : q0(WP1): 99.34%, q1(WP2): 0.66%, q2(Goal): 0.00%
Hits (Cumulative)           : WP1: 10, WP2: 0, Goal: 0
----------------------------------------------------------------------------------------------------

----------------------------------------------------------------------------------------------------
[SHAPING | SINGLE EPS] Episode 500/10000
Avg Reward                  : 0.000000
Avg Total Reward            : -293.193116
Epsilon Decay               : Single: 0.8187
Buffer Fractions            : q0(WP1): 99.34%, q1(WP2): 0.66%, q2(Goal): 0.00%
Hits (Cumulative)           : WP1: 14, WP2: 0, Goal: 0
----------------------------------------------------------------------------------------------------

----------------------------------------------------------------------------------------------------
[SHAPING | SINGLE EPS] Episode 600/10000
Avg Reward                  : 0.000000
Avg Total Reward            : -292.333234
Epsilon Decay               : Single: 0.7866
Buffer Fractions            : q0(WP1): 99.26%, q1(WP2): 0.74%, q2(Goal): 0.00%
Hits (Cumulative)           : WP1: 18, WP2: 0, Goal: 0
----------------------------------------------------------------------------------------------------

----------------------------------------------------------------------------------------------------
[SHAPING | SINGLE EPS] Episode 700/10000
Avg Reward                  : 0.000000
Avg Total Reward            : -267.277505
Epsilon Decay               : Single: 0.7557
Buffer Fractions            : q0(WP1): 99.01%, q1(WP2): 0.99%, q2(Goal): 0.00%
Hits (Cumulative)           : WP1: 26, WP2: 0, Goal: 0
----------------------------------------------------------------------------------------------------

----------------------------------------------------------------------------------------------------
[SHAPING | SINGLE EPS] Episode 800/10000
Avg Reward                  : 0.000000
Avg Total Reward            : -294.053701
Epsilon Decay               : Single: 0.7261
Buffer Fractions            : q0(WP1): 98.97%, q1(WP2): 1.03%, q2(Goal): 0.00%
Hits (Cumulative)           : WP1: 31, WP2: 0, Goal: 0
----------------------------------------------------------------------------------------------------

----------------------------------------------------------------------------------------------------
[SHAPING | SINGLE EPS] Episode 900/10000
Avg Reward                  : 0.000000
Avg Total Reward            : -335.140312
Epsilon Decay               : Single: 0.6976
Buffer Fractions            : q0(WP1): 99.05%, q1(WP2): 0.95%, q2(Goal): 0.00%
Hits (Cumulative)           : WP1: 32, WP2: 0, Goal: 0
----------------------------------------------------------------------------------------------------

----------------------------------------------------------------------------------------------------
[SHAPING | SINGLE EPS] Episode 1000/10000
Avg Reward                  : 0.000000
Avg Total Reward            : -335.040478
Epsilon Decay               : Single: 0.6703
Buffer Fractions            : q0(WP1): 99.08%, q1(WP2): 0.92%, q2(Goal): 0.00%
Hits (Cumulative)           : WP1: 34, WP2: 0, Goal: 0
----------------------------------------------------------------------------------------------------

----------------------------------------------------------------------------------------------------
[SHAPING | SINGLE EPS] Episode 1100/10000
Avg Reward                  : 0.000000
Avg Total Reward            : -327.993273
Epsilon Decay               : Single: 0.6440
Buffer Fractions            : q0(WP1): 99.15%, q1(WP2): 0.85%, q2(Goal): 0.00%
Hits (Cumulative)           : WP1: 35, WP2: 0, Goal: 0
----------------------------------------------------------------------------------------------------

----------------------------------------------------------------------------------------------------
[SHAPING | SINGLE EPS] Episode 1200/10000
Avg Reward                  : 0.000000
Avg Total Reward            : -344.085124
Epsilon Decay               : Single: 0.6187
Buffer Fractions            : q0(WP1): 99.23%, q1(WP2): 0.77%, q2(Goal): 0.00%
Hits (Cumulative)           : WP1: 35, WP2: 0, Goal: 0
----------------------------------------------------------------------------------------------------

----------------------------------------------------------------------------------------------------
[SHAPING | SINGLE EPS] Episode 1300/10000
Avg Reward                  : 0.000000
Avg Total Reward            : -319.038261
Epsilon Decay               : Single: 0.5945
Buffer Fractions            : q0(WP1): 99.27%, q1(WP2): 0.73%, q2(Goal): 0.00%
Hits (Cumulative)           : WP1: 38, WP2: 0, Goal: 0
----------------------------------------------------------------------------------------------------

----------------------------------------------------------------------------------------------------
[SHAPING | SINGLE EPS] Episode 1400/10000
Avg Reward                  : 0.000000
Avg Total Reward            : -299.409557
Epsilon Decay               : Single: 0.5711
Buffer Fractions            : q0(WP1): 99.29%, q1(WP2): 0.71%, q2(Goal): 0.00%
Hits (Cumulative)           : WP1: 41, WP2: 0, Goal: 0
----------------------------------------------------------------------------------------------------

----------------------------------------------------------------------------------------------------
[SHAPING | SINGLE EPS] Episode 1500/10000
Avg Reward                  : 0.000000
Avg Total Reward            : -246.031972
Epsilon Decay               : Single: 0.5487
Buffer Fractions            : q0(WP1): 99.32%, q1(WP2): 0.68%, q2(Goal): 0.00%
Hits (Cumulative)           : WP1: 44, WP2: 0, Goal: 0
----------------------------------------------------------------------------------------------------

----------------------------------------------------------------------------------------------------
[SHAPING | SINGLE EPS] Episode 1600/10000
Avg Reward                  : 0.000000
Avg Total Reward            : -231.607318
Epsilon Decay               : Single: 0.5272
Buffer Fractions            : q0(WP1): 99.32%, q1(WP2): 0.68%, q2(Goal): 0.00%
Hits (Cumulative)           : WP1: 48, WP2: 0, Goal: 0
----------------------------------------------------------------------------------------------------

----------------------------------------------------------------------------------------------------
[SHAPING | SINGLE EPS] Episode 1700/10000
Avg Reward                  : 0.000000
Avg Total Reward            : -273.448388
Epsilon Decay               : Single: 0.5065
Buffer Fractions            : q0(WP1): 99.25%, q1(WP2): 0.75%, q2(Goal): 0.00%
Hits (Cumulative)           : WP1: 54, WP2: 0, Goal: 0
----------------------------------------------------------------------------------------------------

----------------------------------------------------------------------------------------------------
[SHAPING | SINGLE EPS] Episode 1800/10000
Avg Reward                  : 0.000000
Avg Total Reward            : -353.615791
Epsilon Decay               : Single: 0.4867
Buffer Fractions            : q0(WP1): 99.31%, q1(WP2): 0.69%, q2(Goal): 0.00%
Hits (Cumulative)           : WP1: 54, WP2: 0, Goal: 0
----------------------------------------------------------------------------------------------------

----------------------------------------------------------------------------------------------------
[SHAPING | SINGLE EPS] Episode 1900/10000
Avg Reward                  : 0.000000
Avg Total Reward            : -358.776228
Epsilon Decay               : Single: 0.4676
Buffer Fractions            : q0(WP1): 99.36%, q1(WP2): 0.64%, q2(Goal): 0.00%
Hits (Cumulative)           : WP1: 54, WP2: 0, Goal: 0
----------------------------------------------------------------------------------------------------

----------------------------------------------------------------------------------------------------
[SHAPING | SINGLE EPS] Episode 2000/10000
Avg Reward                  : 0.000000
Avg Total Reward            : -356.836083
Epsilon Decay               : Single: 0.4493
Buffer Fractions            : q0(WP1): 99.38%, q1(WP2): 0.62%, q2(Goal): 0.00%
Hits (Cumulative)           : WP1: 55, WP2: 0, Goal: 0
----------------------------------------------------------------------------------------------------

----------------------------------------------------------------------------------------------------
[SHAPING | SINGLE EPS] Episode 2100/10000
Avg Reward                  : 0.000000
Avg Total Reward            : -194.441661
Epsilon Decay               : Single: 0.4316
Buffer Fractions            : q0(WP1): 99.40%, q1(WP2): 0.60%, q2(Goal): 0.00%
Hits (Cumulative)           : WP1: 57, WP2: 0, Goal: 0
----------------------------------------------------------------------------------------------------

----------------------------------------------------------------------------------------------------
[SHAPING | SINGLE EPS] Episode 2200/10000
Avg Reward                  : 0.000000
Avg Total Reward            : -154.101379
Epsilon Decay               : Single: 0.4147
Buffer Fractions            : q0(WP1): 99.39%, q1(WP2): 0.61%, q2(Goal): 0.00%
Hits (Cumulative)           : WP1: 63, WP2: 0, Goal: 0
----------------------------------------------------------------------------------------------------

----------------------------------------------------------------------------------------------------
[SHAPING | SINGLE EPS] Episode 2300/10000
Avg Reward                  : 0.000000
Avg Total Reward            : 17.555412
Epsilon Decay               : Single: 0.3984
Buffer Fractions            : q0(WP1): 99.12%, q1(WP2): 0.88%, q2(Goal): 0.00%
Hits (Cumulative)           : WP1: 95, WP2: 0, Goal: 0
----------------------------------------------------------------------------------------------------

----------------------------------------------------------------------------------------------------
[SHAPING | SINGLE EPS] Episode 2400/10000
Avg Reward                  : 0.000000
Avg Total Reward            : 76.302266
Epsilon Decay               : Single: 0.3828
Buffer Fractions            : q0(WP1): 98.68%, q1(WP2): 1.32%, q2(Goal): 0.00%
Hits (Cumulative)           : WP1: 129, WP2: 0, Goal: 0
----------------------------------------------------------------------------------------------------

----------------------------------------------------------------------------------------------------
[SHAPING | SINGLE EPS] Episode 2500/10000
Avg Reward                  : 0.000000
Avg Total Reward            : -5.908452
Epsilon Decay               : Single: 0.3678
Buffer Fractions            : q0(WP1): 97.88%, q1(WP2): 2.12%, q2(Goal): 0.00%
Hits (Cumulative)           : WP1: 161, WP2: 0, Goal: 0
----------------------------------------------------------------------------------------------------

----------------------------------------------------------------------------------------------------
[SHAPING | SINGLE EPS] Episode 2600/10000
Avg Reward                  : 0.000000
Avg Total Reward            : 39.851605
Epsilon Decay               : Single: 0.3534
Buffer Fractions            : q0(WP1): 96.65%, q1(WP2): 3.20%, q2(Goal): 0.15%
Hits (Cumulative)           : WP1: 203, WP2: 6, Goal: 0
----------------------------------------------------------------------------------------------------

----------------------------------------------------------------------------------------------------
[SHAPING | SINGLE EPS] Episode 2700/10000
Avg Reward                  : 0.000000
Avg Total Reward            : 1.321679
Epsilon Decay               : Single: 0.3395
Buffer Fractions            : q0(WP1): 95.62%, q1(WP2): 4.07%, q2(Goal): 0.31%
Hits (Cumulative)           : WP1: 230, WP2: 10, Goal: 0
----------------------------------------------------------------------------------------------------

----------------------------------------------------------------------------------------------------
[SHAPING | SINGLE EPS] Episode 2800/10000
Avg Reward                  : 0.000000
Avg Total Reward            : 21.326339
Epsilon Decay               : Single: 0.3262
Buffer Fractions            : q0(WP1): 94.29%, q1(WP2): 5.05%, q2(Goal): 0.65%
Hits (Cumulative)           : WP1: 265, WP2: 16, Goal: 0
----------------------------------------------------------------------------------------------------

----------------------------------------------------------------------------------------------------
[SHAPING | SINGLE EPS] Episode 2900/10000
Avg Reward                  : 0.000000
Avg Total Reward            : 123.090519
Epsilon Decay               : Single: 0.3134
Buffer Fractions            : q0(WP1): 91.68%, q1(WP2): 7.46%, q2(Goal): 0.86%
Hits (Cumulative)           : WP1: 310, WP2: 21, Goal: 0
----------------------------------------------------------------------------------------------------

----------------------------------------------------------------------------------------------------
[SHAPING | SINGLE EPS] Episode 3000/10000
Avg Reward                  : 200.000000
Avg Total Reward            : 344.976556
Epsilon Decay               : Single: 0.3011
Buffer Fractions            : q0(WP1): 89.57%, q1(WP2): 9.15%, q2(Goal): 1.27%
Hits (Cumulative)           : WP1: 355, WP2: 32, Goal: 2
----------------------------------------------------------------------------------------------------

----------------------------------------------------------------------------------------------------
[SHAPING | SINGLE EPS] Episode 3100/10000
Avg Reward                  : 100.000000
Avg Total Reward            : 270.800619
Epsilon Decay               : Single: 0.2893
Buffer Fractions            : q0(WP1): 87.08%, q1(WP2): 11.08%, q2(Goal): 1.85%
Hits (Cumulative)           : WP1: 405, WP2: 46, Goal: 3
----------------------------------------------------------------------------------------------------

----------------------------------------------------------------------------------------------------
[SHAPING | SINGLE EPS] Episode 3200/10000
Avg Reward                  : 300.000000
Avg Total Reward            : 489.473193
Epsilon Decay               : Single: 0.2780
Buffer Fractions            : q0(WP1): 84.28%, q1(WP2): 13.09%, q2(Goal): 2.63%
Hits (Cumulative)           : WP1: 458, WP2: 65, Goal: 6
----------------------------------------------------------------------------------------------------

----------------------------------------------------------------------------------------------------
[SHAPING | SINGLE EPS] Episode 3300/10000
Avg Reward                  : 200.000000
Avg Total Reward            : 403.473756
Epsilon Decay               : Single: 0.2671
Buffer Fractions            : q0(WP1): 80.71%, q1(WP2): 15.83%, q2(Goal): 3.47%
Hits (Cumulative)           : WP1: 521, WP2: 94, Goal: 8
----------------------------------------------------------------------------------------------------

----------------------------------------------------------------------------------------------------
[SHAPING | SINGLE EPS] Episode 3400/10000
Avg Reward                  : 200.000000
Avg Total Reward            : 413.676278
Epsilon Decay               : Single: 0.2566
Buffer Fractions            : q0(WP1): 76.74%, q1(WP2): 19.14%, q2(Goal): 4.12%
Hits (Cumulative)           : WP1: 583, WP2: 116, Goal: 10
----------------------------------------------------------------------------------------------------

----------------------------------------------------------------------------------------------------
[SHAPING | SINGLE EPS] Episode 3500/10000
Avg Reward                  : 900.000000
Avg Total Reward            : 1237.038178
Epsilon Decay               : Single: 0.2465
Buffer Fractions            : q0(WP1): 72.06%, q1(WP2): 21.73%, q2(Goal): 6.21%
Hits (Cumulative)           : WP1: 648, WP2: 156, Goal: 19
----------------------------------------------------------------------------------------------------

----------------------------------------------------------------------------------------------------
[SHAPING | SINGLE EPS] Episode 3600/10000
Avg Reward                  : 1300.000000
Avg Total Reward            : 1639.063074
Epsilon Decay               : Single: 0.2369
Buffer Fractions            : q0(WP1): 67.04%, q1(WP2): 23.96%, q2(Goal): 9.00%
Hits (Cumulative)           : WP1: 711, WP2: 198, Goal: 32
----------------------------------------------------------------------------------------------------

----------------------------------------------------------------------------------------------------
[SHAPING | SINGLE EPS] Episode 3700/10000
Avg Reward                  : 900.000000
Avg Total Reward            : 1182.999400
Epsilon Decay               : Single: 0.2276
Buffer Fractions            : q0(WP1): 62.64%, q1(WP2): 26.34%, q2(Goal): 11.02%
Hits (Cumulative)           : WP1: 774, WP2: 240, Goal: 41
----------------------------------------------------------------------------------------------------

----------------------------------------------------------------------------------------------------
[SHAPING | SINGLE EPS] Episode 3800/10000
Avg Reward                  : 1400.000000
Avg Total Reward            : 1719.529587
Epsilon Decay               : Single: 0.2186
Buffer Fractions            : q0(WP1): 59.83%, q1(WP2): 27.35%, q2(Goal): 12.82%
Hits (Cumulative)           : WP1: 836, WP2: 279, Goal: 55
----------------------------------------------------------------------------------------------------

----------------------------------------------------------------------------------------------------
[SHAPING | SINGLE EPS] Episode 3900/10000
Avg Reward                  : 2800.000000
Avg Total Reward            : 3202.171623
Epsilon Decay               : Single: 0.2101
Buffer Fractions            : q0(WP1): 57.52%, q1(WP2): 27.99%, q2(Goal): 14.49%
Hits (Cumulative)           : WP1: 898, WP2: 320, Goal: 83
----------------------------------------------------------------------------------------------------

----------------------------------------------------------------------------------------------------
[SHAPING | SINGLE EPS] Episode 4000/10000
Avg Reward                  : 2600.000000
Avg Total Reward            : 2957.022420
Epsilon Decay               : Single: 0.2018
Buffer Fractions            : q0(WP1): 55.61%, q1(WP2): 28.37%, q2(Goal): 16.01%
Hits (Cumulative)           : WP1: 955, WP2: 362, Goal: 109
----------------------------------------------------------------------------------------------------

----------------------------------------------------------------------------------------------------
[SHAPING | SINGLE EPS] Episode 4100/10000
Avg Reward                  : 4100.000000
Avg Total Reward            : 4583.363116
Epsilon Decay               : Single: 0.1939
Buffer Fractions            : q0(WP1): 54.41%, q1(WP2): 28.27%, q2(Goal): 17.32%
Hits (Cumulative)           : WP1: 1022, WP2: 411, Goal: 150
----------------------------------------------------------------------------------------------------

----------------------------------------------------------------------------------------------------
[SHAPING | SINGLE EPS] Episode 4200/10000
Avg Reward                  : 5100.000000
Avg Total Reward            : 5694.008248
Epsilon Decay               : Single: 0.1863
Buffer Fractions            : q0(WP1): 53.44%, q1(WP2): 27.30%, q2(Goal): 19.26%
Hits (Cumulative)           : WP1: 1099, WP2: 471, Goal: 201
----------------------------------------------------------------------------------------------------

----------------------------------------------------------------------------------------------------
[SHAPING | SINGLE EPS] Episode 4300/10000
Avg Reward                  : 6300.000000
Avg Total Reward            : 6996.080777
Epsilon Decay               : Single: 0.1790
Buffer Fractions            : q0(WP1): 52.43%, q1(WP2): 27.37%, q2(Goal): 20.20%
Hits (Cumulative)           : WP1: 1180, WP2: 543, Goal: 264
----------------------------------------------------------------------------------------------------

----------------------------------------------------------------------------------------------------
[SHAPING | SINGLE EPS] Episode 4400/10000
Avg Reward                  : 7200.000000
Avg Total Reward            : 7950.147335
Epsilon Decay               : Single: 0.1720
Buffer Fractions            : q0(WP1): 51.80%, q1(WP2): 26.75%, q2(Goal): 21.45%
Hits (Cumulative)           : WP1: 1264, WP2: 621, Goal: 336
----------------------------------------------------------------------------------------------------

----------------------------------------------------------------------------------------------------
[SHAPING | SINGLE EPS] Episode 4500/10000
Avg Reward                  : 8600.000000
Avg Total Reward            : 9538.959622
Epsilon Decay               : Single: 0.1652
Buffer Fractions            : q0(WP1): 51.38%, q1(WP2): 25.74%, q2(Goal): 22.89%
Hits (Cumulative)           : WP1: 1359, WP2: 711, Goal: 422
----------------------------------------------------------------------------------------------------

----------------------------------------------------------------------------------------------------
[SHAPING | SINGLE EPS] Episode 4600/10000
Avg Reward                  : 7800.000000
Avg Total Reward            : 8646.560422
Epsilon Decay               : Single: 0.1588
Buffer Fractions            : q0(WP1): 50.70%, q1(WP2): 26.46%, q2(Goal): 22.84%
Hits (Cumulative)           : WP1: 1451, WP2: 791, Goal: 500
----------------------------------------------------------------------------------------------------

----------------------------------------------------------------------------------------------------
[SHAPING | SINGLE EPS] Episode 4700/10000
Avg Reward                  : 7600.000000
Avg Total Reward            : 8461.798452
Epsilon Decay               : Single: 0.1525
Buffer Fractions            : q0(WP1): 49.91%, q1(WP2): 27.84%, q2(Goal): 22.24%
Hits (Cumulative)           : WP1: 1543, WP2: 873, Goal: 576
----------------------------------------------------------------------------------------------------

----------------------------------------------------------------------------------------------------
[SHAPING | SINGLE EPS] Episode 4800/10000
Avg Reward                  : 8300.000000
Avg Total Reward            : 9211.550182
Epsilon Decay               : Single: 0.1466
Buffer Fractions            : q0(WP1): 48.88%, q1(WP2): 29.01%, q2(Goal): 22.12%
Hits (Cumulative)           : WP1: 1639, WP2: 958, Goal: 659
----------------------------------------------------------------------------------------------------

----------------------------------------------------------------------------------------------------
[SHAPING | SINGLE EPS] Episode 4900/10000
Avg Reward                  : 8500.000000
Avg Total Reward            : 9399.865322
Epsilon Decay               : Single: 0.1408
Buffer Fractions            : q0(WP1): 48.19%, q1(WP2): 29.62%, q2(Goal): 22.19%
Hits (Cumulative)           : WP1: 1728, WP2: 1045, Goal: 744
----------------------------------------------------------------------------------------------------

----------------------------------------------------------------------------------------------------
[SHAPING | SINGLE EPS] Episode 5000/10000
Avg Reward                  : 8000.000000
Avg Total Reward            : 8895.158914
Epsilon Decay               : Single: 0.1353
Buffer Fractions            : q0(WP1): 46.59%, q1(WP2): 30.98%, q2(Goal): 22.43%
Hits (Cumulative)           : WP1: 1824, WP2: 1132, Goal: 824
----------------------------------------------------------------------------------------------------

----------------------------------------------------------------------------------------------------
[SHAPING | SINGLE EPS] Episode 5100/10000
Avg Reward                  : 8300.000000
Avg Total Reward            : 9158.323718
Epsilon Decay               : Single: 0.1300
Buffer Fractions            : q0(WP1): 46.62%, q1(WP2): 31.18%, q2(Goal): 22.20%
Hits (Cumulative)           : WP1: 1912, WP2: 1217, Goal: 907
----------------------------------------------------------------------------------------------------

----------------------------------------------------------------------------------------------------
[SHAPING | SINGLE EPS] Episode 5200/10000
Avg Reward                  : 6400.000000
Avg Total Reward            : 7038.812591
Epsilon Decay               : Single: 0.1249
Buffer Fractions            : q0(WP1): 46.52%, q1(WP2): 31.52%, q2(Goal): 21.96%
Hits (Cumulative)           : WP1: 1982, WP2: 1284, Goal: 971
----------------------------------------------------------------------------------------------------

----------------------------------------------------------------------------------------------------
[SHAPING | SINGLE EPS] Episode 5300/10000
Avg Reward                  : 6900.000000
Avg Total Reward            : 7630.532122
Epsilon Decay               : Single: 0.1200
Buffer Fractions            : q0(WP1): 46.52%, q1(WP2): 31.70%, q2(Goal): 21.78%
Hits (Cumulative)           : WP1: 2059, WP2: 1359, Goal: 1040
----------------------------------------------------------------------------------------------------

----------------------------------------------------------------------------------------------------
[SHAPING | SINGLE EPS] Episode 5400/10000
Avg Reward                  : 6600.000000
Avg Total Reward            : 7329.625936
Epsilon Decay               : Single: 0.1153
Buffer Fractions            : q0(WP1): 46.61%, q1(WP2): 32.64%, q2(Goal): 20.76%
Hits (Cumulative)           : WP1: 2137, WP2: 1429, Goal: 1106
----------------------------------------------------------------------------------------------------

----------------------------------------------------------------------------------------------------
[SHAPING | SINGLE EPS] Episode 5500/10000
Avg Reward                  : 6900.000000
Avg Total Reward            : 7648.852695
Epsilon Decay               : Single: 0.1108
Buffer Fractions            : q0(WP1): 47.00%, q1(WP2): 31.93%, q2(Goal): 21.07%
Hits (Cumulative)           : WP1: 2213, WP2: 1503, Goal: 1175
----------------------------------------------------------------------------------------------------

----------------------------------------------------------------------------------------------------
[SHAPING | SINGLE EPS] Episode 5600/10000
Avg Reward                  : 8600.000000
Avg Total Reward            : 9535.442943
Epsilon Decay               : Single: 0.1064
Buffer Fractions            : q0(WP1): 47.09%, q1(WP2): 31.39%, q2(Goal): 21.52%
Hits (Cumulative)           : WP1: 2305, WP2: 1594, Goal: 1261
----------------------------------------------------------------------------------------------------

----------------------------------------------------------------------------------------------------
[SHAPING | SINGLE EPS] Episode 5700/10000
Avg Reward                  : 8300.000000
Avg Total Reward            : 9215.328679
Epsilon Decay               : Single: 0.1022
Buffer Fractions            : q0(WP1): 47.46%, q1(WP2): 31.65%, q2(Goal): 20.90%
Hits (Cumulative)           : WP1: 2395, WP2: 1681, Goal: 1344
----------------------------------------------------------------------------------------------------

----------------------------------------------------------------------------------------------------
[SHAPING | SINGLE EPS] Episode 5800/10000
Avg Reward                  : 7500.000000
Avg Total Reward            : 8325.829001
Epsilon Decay               : Single: 0.0982
Buffer Fractions            : q0(WP1): 47.25%, q1(WP2): 32.46%, q2(Goal): 20.28%
Hits (Cumulative)           : WP1: 2483, WP2: 1757, Goal: 1419
----------------------------------------------------------------------------------------------------

----------------------------------------------------------------------------------------------------
[SHAPING | SINGLE EPS] Episode 5900/10000
Avg Reward                  : 8000.000000
Avg Total Reward            : 8872.641742
Epsilon Decay               : Single: 0.0944
Buffer Fractions            : q0(WP1): 48.38%, q1(WP2): 31.97%, q2(Goal): 19.65%
Hits (Cumulative)           : WP1: 2567, WP2: 1838, Goal: 1499
----------------------------------------------------------------------------------------------------

----------------------------------------------------------------------------------------------------
[SHAPING | SINGLE EPS] Episode 6000/10000
Avg Reward                  : 7800.000000
Avg Total Reward            : 8647.144534
Epsilon Decay               : Single: 0.0907
Buffer Fractions            : q0(WP1): 49.80%, q1(WP2): 30.91%, q2(Goal): 19.30%
Hits (Cumulative)           : WP1: 2651, WP2: 1918, Goal: 1577
----------------------------------------------------------------------------------------------------

----------------------------------------------------------------------------------------------------
[SHAPING | SINGLE EPS] Episode 6100/10000
Avg Reward                  : 8700.000000
Avg Total Reward            : 9619.280843
Epsilon Decay               : Single: 0.0871
Buffer Fractions            : q0(WP1): 50.72%, q1(WP2): 30.32%, q2(Goal): 18.96%
Hits (Cumulative)           : WP1: 2741, WP2: 2005, Goal: 1664
----------------------------------------------------------------------------------------------------

----------------------------------------------------------------------------------------------------
[SHAPING | SINGLE EPS] Episode 6200/10000
Avg Reward                  : 7300.000000
Avg Total Reward            : 8106.599434
Epsilon Decay               : Single: 0.0837
Buffer Fractions            : q0(WP1): 51.59%, q1(WP2): 29.68%, q2(Goal): 18.73%
Hits (Cumulative)           : WP1: 2824, WP2: 2078, Goal: 1737
----------------------------------------------------------------------------------------------------

----------------------------------------------------------------------------------------------------
[SHAPING | SINGLE EPS] Episode 6300/10000
Avg Reward                  : 7200.000000
Avg Total Reward            : 8033.962089
Epsilon Decay               : Single: 0.0804
Buffer Fractions            : q0(WP1): 52.61%, q1(WP2): 29.17%, q2(Goal): 18.21%
Hits (Cumulative)           : WP1: 2907, WP2: 2155, Goal: 1809
----------------------------------------------------------------------------------------------------

----------------------------------------------------------------------------------------------------
[SHAPING | SINGLE EPS] Episode 6400/10000
Avg Reward                  : 7400.000000
Avg Total Reward            : 8237.270182
Epsilon Decay               : Single: 0.0773
Buffer Fractions            : q0(WP1): 53.58%, q1(WP2): 28.78%, q2(Goal): 17.64%
Hits (Cumulative)           : WP1: 2992, WP2: 2234, Goal: 1883
----------------------------------------------------------------------------------------------------

----------------------------------------------------------------------------------------------------
[SHAPING | SINGLE EPS] Episode 6500/10000
Avg Reward                  : 9100.000000
Avg Total Reward            : 10074.856128
Epsilon Decay               : Single: 0.0742
Buffer Fractions            : q0(WP1): 54.61%, q1(WP2): 28.24%, q2(Goal): 17.15%
Hits (Cumulative)           : WP1: 3090, WP2: 2327, Goal: 1974
----------------------------------------------------------------------------------------------------

----------------------------------------------------------------------------------------------------
[SHAPING | SINGLE EPS] Episode 6600/10000
Avg Reward                  : 9000.000000
Avg Total Reward            : 9965.374850
Epsilon Decay               : Single: 0.0713
Buffer Fractions            : q0(WP1): 54.65%, q1(WP2): 28.36%, q2(Goal): 16.98%
Hits (Cumulative)           : WP1: 3187, WP2: 2419, Goal: 2064
----------------------------------------------------------------------------------------------------

----------------------------------------------------------------------------------------------------
[SHAPING | SINGLE EPS] Episode 6700/10000
Avg Reward                  : 8200.000000
Avg Total Reward            : 9101.080078
Epsilon Decay               : Single: 0.0685
Buffer Fractions            : q0(WP1): 54.24%, q1(WP2): 28.75%, q2(Goal): 17.01%
Hits (Cumulative)           : WP1: 3278, WP2: 2505, Goal: 2146
----------------------------------------------------------------------------------------------------

----------------------------------------------------------------------------------------------------
[SHAPING | SINGLE EPS] Episode 6800/10000
Avg Reward                  : 7100.000000
Avg Total Reward            : 7818.940503
Epsilon Decay               : Single: 0.0658
Buffer Fractions            : q0(WP1): 54.66%, q1(WP2): 28.79%, q2(Goal): 16.54%
Hits (Cumulative)           : WP1: 3355, WP2: 2577, Goal: 2217
----------------------------------------------------------------------------------------------------

----------------------------------------------------------------------------------------------------
[SHAPING | SINGLE EPS] Episode 6900/10000
Avg Reward                  : 6900.000000
Avg Total Reward            : 7566.845934
Epsilon Decay               : Single: 0.0633
Buffer Fractions            : q0(WP1): 54.73%, q1(WP2): 28.81%, q2(Goal): 16.47%
Hits (Cumulative)           : WP1: 3432, WP2: 2647, Goal: 2286
----------------------------------------------------------------------------------------------------

----------------------------------------------------------------------------------------------------
[SHAPING | SINGLE EPS] Episode 7000/10000
Avg Reward                  : 7800.000000
Avg Total Reward            : 8635.539900
Epsilon Decay               : Single: 0.0608
Buffer Fractions            : q0(WP1): 54.50%, q1(WP2): 29.08%, q2(Goal): 16.41%
Hits (Cumulative)           : WP1: 3518, WP2: 2729, Goal: 2364
----------------------------------------------------------------------------------------------------

----------------------------------------------------------------------------------------------------
[SHAPING | SINGLE EPS] Episode 7100/10000
Avg Reward                  : 8300.000000
Avg Total Reward            : 9152.608386
Epsilon Decay               : Single: 0.0584
Buffer Fractions            : q0(WP1): 54.89%, q1(WP2): 29.35%, q2(Goal): 15.76%
Hits (Cumulative)           : WP1: 3607, WP2: 2814, Goal: 2447
----------------------------------------------------------------------------------------------------

----------------------------------------------------------------------------------------------------
[SHAPING | SINGLE EPS] Episode 7200/10000
Avg Reward                  : 8100.000000
Avg Total Reward            : 8971.792085
Epsilon Decay               : Single: 0.0561
Buffer Fractions            : q0(WP1): 54.66%, q1(WP2): 30.19%, q2(Goal): 15.15%
Hits (Cumulative)           : WP1: 3701, WP2: 2896, Goal: 2528
----------------------------------------------------------------------------------------------------

----------------------------------------------------------------------------------------------------
[SHAPING | SINGLE EPS] Episode 7300/10000
Avg Reward                  : 8800.000000
Avg Total Reward            : 9747.451878
Epsilon Decay               : Single: 0.0539
Buffer Fractions            : q0(WP1): 54.74%, q1(WP2): 30.34%, q2(Goal): 14.93%
Hits (Cumulative)           : WP1: 3801, WP2: 2984, Goal: 2616
----------------------------------------------------------------------------------------------------

----------------------------------------------------------------------------------------------------
[SHAPING | SINGLE EPS] Episode 7400/10000
Avg Reward                  : 9200.000000
Avg Total Reward            : 10169.516071
Epsilon Decay               : Single: 0.0518
Buffer Fractions            : q0(WP1): 54.98%, q1(WP2): 30.04%, q2(Goal): 14.98%
Hits (Cumulative)           : WP1: 3896, WP2: 3077, Goal: 2708
----------------------------------------------------------------------------------------------------

----------------------------------------------------------------------------------------------------
[SHAPING | SINGLE EPS] Episode 7500/10000
Avg Reward                  : 6900.000000
Avg Total Reward            : 7606.848232
Epsilon Decay               : Single: 0.0498
Buffer Fractions            : q0(WP1): 55.95%, q1(WP2): 29.46%, q2(Goal): 14.59%
Hits (Cumulative)           : WP1: 3978, WP2: 3147, Goal: 2777
----------------------------------------------------------------------------------------------------

----------------------------------------------------------------------------------------------------
[SHAPING | SINGLE EPS] Episode 7600/10000
Avg Reward                  : 9100.000000
Avg Total Reward            : 10061.610603
Epsilon Decay               : Single: 0.0478
Buffer Fractions            : q0(WP1): 56.16%, q1(WP2): 29.35%, q2(Goal): 14.49%
Hits (Cumulative)           : WP1: 4073, WP2: 3240, Goal: 2868
----------------------------------------------------------------------------------------------------

----------------------------------------------------------------------------------------------------
[SHAPING | SINGLE EPS] Episode 7700/10000
Avg Reward                  : 9300.000000
Avg Total Reward            : 10269.224168
Epsilon Decay               : Single: 0.0459
Buffer Fractions            : q0(WP1): 56.40%, q1(WP2): 29.26%, q2(Goal): 14.34%
Hits (Cumulative)           : WP1: 4168, WP2: 3333, Goal: 2961
----------------------------------------------------------------------------------------------------

----------------------------------------------------------------------------------------------------
[SHAPING | SINGLE EPS] Episode 7800/10000
Avg Reward                  : 8900.000000
Avg Total Reward            : 9854.614725
Epsilon Decay               : Single: 0.0441
Buffer Fractions            : q0(WP1): 56.73%, q1(WP2): 29.24%, q2(Goal): 14.02%
Hits (Cumulative)           : WP1: 4262, WP2: 3423, Goal: 3050
----------------------------------------------------------------------------------------------------

----------------------------------------------------------------------------------------------------
[SHAPING | SINGLE EPS] Episode 7900/10000
Avg Reward                  : 9500.000000
Avg Total Reward            : 10489.487173
Epsilon Decay               : Single: 0.0424
Buffer Fractions            : q0(WP1): 57.37%, q1(WP2): 28.90%, q2(Goal): 13.72%
Hits (Cumulative)           : WP1: 4358, WP2: 3519, Goal: 3145
----------------------------------------------------------------------------------------------------

----------------------------------------------------------------------------------------------------
[SHAPING | SINGLE EPS] Episode 8000/10000
Avg Reward                  : 9200.000000
Avg Total Reward            : 10161.367271
Epsilon Decay               : Single: 0.0407
Buffer Fractions            : q0(WP1): 57.82%, q1(WP2): 28.68%, q2(Goal): 13.51%
Hits (Cumulative)           : WP1: 4450, WP2: 3611, Goal: 3237
----------------------------------------------------------------------------------------------------

----------------------------------------------------------------------------------------------------
[SHAPING | SINGLE EPS] Episode 8100/10000
Avg Reward                  : 7500.000000
Avg Total Reward            : 8308.994027
Epsilon Decay               : Single: 0.0391
Buffer Fractions            : q0(WP1): 58.45%, q1(WP2): 28.39%, q2(Goal): 13.16%
Hits (Cumulative)           : WP1: 4537, WP2: 3690, Goal: 3312
----------------------------------------------------------------------------------------------------

----------------------------------------------------------------------------------------------------
[SHAPING | SINGLE EPS] Episode 8200/10000
Avg Reward                  : 6400.000000
Avg Total Reward            : 7096.937568
Epsilon Decay               : Single: 0.0376
Buffer Fractions            : q0(WP1): 59.41%, q1(WP2): 27.73%, q2(Goal): 12.86%
Hits (Cumulative)           : WP1: 4612, WP2: 3759, Goal: 3376
----------------------------------------------------------------------------------------------------

----------------------------------------------------------------------------------------------------
[SHAPING | SINGLE EPS] Episode 8300/10000
Avg Reward                  : 7800.000000
Avg Total Reward            : 8594.059899
Epsilon Decay               : Single: 0.0361
Buffer Fractions            : q0(WP1): 60.12%, q1(WP2): 27.37%, q2(Goal): 12.51%
Hits (Cumulative)           : WP1: 4692, WP2: 3837, Goal: 3454
----------------------------------------------------------------------------------------------------

----------------------------------------------------------------------------------------------------
[SHAPING | SINGLE EPS] Episode 8400/10000
Avg Reward                  : 8600.000000
Avg Total Reward            : 9513.178051
Epsilon Decay               : Single: 0.0347
Buffer Fractions            : q0(WP1): 60.13%, q1(WP2): 27.56%, q2(Goal): 12.31%
Hits (Cumulative)           : WP1: 4784, WP2: 3926, Goal: 3540
----------------------------------------------------------------------------------------------------

----------------------------------------------------------------------------------------------------
[SHAPING | SINGLE EPS] Episode 8500/10000
Avg Reward                  : 7500.000000
Avg Total Reward            : 8278.010220
Epsilon Decay               : Single: 0.0334
Buffer Fractions            : q0(WP1): 60.56%, q1(WP2): 27.33%, q2(Goal): 12.11%
Hits (Cumulative)           : WP1: 4864, WP2: 4001, Goal: 3615
----------------------------------------------------------------------------------------------------

----------------------------------------------------------------------------------------------------
[SHAPING | SINGLE EPS] Episode 8600/10000
Avg Reward                  : 6600.000000
Avg Total Reward            : 7302.522864
Epsilon Decay               : Single: 0.0320
Buffer Fractions            : q0(WP1): 61.17%, q1(WP2): 26.85%, q2(Goal): 11.98%
Hits (Cumulative)           : WP1: 4938, WP2: 4069, Goal: 3681
----------------------------------------------------------------------------------------------------

----------------------------------------------------------------------------------------------------
[SHAPING | SINGLE EPS] Episode 8700/10000
Avg Reward                  : 6900.000000
Avg Total Reward            : 7719.467894
Epsilon Decay               : Single: 0.0308
Buffer Fractions            : q0(WP1): 61.27%, q1(WP2): 27.14%, q2(Goal): 11.59%
Hits (Cumulative)           : WP1: 5028, WP2: 4144, Goal: 3750
----------------------------------------------------------------------------------------------------

----------------------------------------------------------------------------------------------------
[SHAPING | SINGLE EPS] Episode 8800/10000
Avg Reward                  : 7400.000000
Avg Total Reward            : 8292.526931
Epsilon Decay               : Single: 0.0296
Buffer Fractions            : q0(WP1): 61.64%, q1(WP2): 26.83%, q2(Goal): 11.53%
Hits (Cumulative)           : WP1: 5118, WP2: 4229, Goal: 3824
----------------------------------------------------------------------------------------------------

----------------------------------------------------------------------------------------------------
[SHAPING | SINGLE EPS] Episode 8900/10000
Avg Reward                  : 7200.000000
Avg Total Reward            : 8036.839980
Epsilon Decay               : Single: 0.0284
Buffer Fractions            : q0(WP1): 62.25%, q1(WP2): 26.01%, q2(Goal): 11.75%
Hits (Cumulative)           : WP1: 5201, WP2: 4310, Goal: 3896
----------------------------------------------------------------------------------------------------

----------------------------------------------------------------------------------------------------
[SHAPING | SINGLE EPS] Episode 9000/10000
Avg Reward                  : 6500.000000
Avg Total Reward            : 7265.908007
Epsilon Decay               : Single: 0.0273
Buffer Fractions            : q0(WP1): 61.65%, q1(WP2): 26.44%, q2(Goal): 11.91%
Hits (Cumulative)           : WP1: 5289, WP2: 4394, Goal: 3961
----------------------------------------------------------------------------------------------------

----------------------------------------------------------------------------------------------------
[SHAPING | SINGLE EPS] Episode 9100/10000
Avg Reward                  : 8500.000000
Avg Total Reward            : 9395.673942
Epsilon Decay               : Single: 0.0262
Buffer Fractions            : q0(WP1): 61.70%, q1(WP2): 26.36%, q2(Goal): 11.94%
Hits (Cumulative)           : WP1: 5379, WP2: 4480, Goal: 4046
----------------------------------------------------------------------------------------------------

----------------------------------------------------------------------------------------------------
[SHAPING | SINGLE EPS] Episode 9200/10000
Avg Reward                  : 7200.000000
Avg Total Reward            : 7997.693339
Epsilon Decay               : Single: 0.0252
Buffer Fractions            : q0(WP1): 61.15%, q1(WP2): 26.84%, q2(Goal): 12.02%
Hits (Cumulative)           : WP1: 5457, WP2: 4555, Goal: 4118
----------------------------------------------------------------------------------------------------

----------------------------------------------------------------------------------------------------
[SHAPING | SINGLE EPS] Episode 9300/10000
Avg Reward                  : 6400.000000
Avg Total Reward            : 7026.421867
Epsilon Decay               : Single: 0.0242
Buffer Fractions            : q0(WP1): 61.58%, q1(WP2): 26.62%, q2(Goal): 11.80%
Hits (Cumulative)           : WP1: 5531, WP2: 4622, Goal: 4182
----------------------------------------------------------------------------------------------------

----------------------------------------------------------------------------------------------------
[SHAPING | SINGLE EPS] Episode 9400/10000
Avg Reward                  : 4500.000000
Avg Total Reward            : 4974.672913
Epsilon Decay               : Single: 0.0233
Buffer Fractions            : q0(WP1): 63.27%, q1(WP2): 25.52%, q2(Goal): 11.21%
Hits (Cumulative)           : WP1: 5587, WP2: 4667, Goal: 4227
----------------------------------------------------------------------------------------------------

----------------------------------------------------------------------------------------------------
[SHAPING | SINGLE EPS] Episode 9500/10000
Avg Reward                  : 6600.000000
Avg Total Reward            : 7294.293313
Epsilon Decay               : Single: 0.0224
Buffer Fractions            : q0(WP1): 64.41%, q1(WP2): 24.68%, q2(Goal): 10.91%
Hits (Cumulative)           : WP1: 5660, WP2: 4734, Goal: 4293
----------------------------------------------------------------------------------------------------

----------------------------------------------------------------------------------------------------
[SHAPING | SINGLE EPS] Episode 9600/10000
Avg Reward                  : 8000.000000
Avg Total Reward            : 8856.851827
Epsilon Decay               : Single: 0.0215
Buffer Fractions            : q0(WP1): 64.46%, q1(WP2): 24.75%, q2(Goal): 10.79%
Hits (Cumulative)           : WP1: 5744, WP2: 4815, Goal: 4373
----------------------------------------------------------------------------------------------------

----------------------------------------------------------------------------------------------------
[SHAPING | SINGLE EPS] Episode 9700/10000
Avg Reward                  : 7700.000000
Avg Total Reward            : 8495.348354
Epsilon Decay               : Single: 0.0206
Buffer Fractions            : q0(WP1): 64.59%, q1(WP2): 24.77%, q2(Goal): 10.65%
Hits (Cumulative)           : WP1: 5825, WP2: 4893, Goal: 4450
----------------------------------------------------------------------------------------------------

----------------------------------------------------------------------------------------------------
[SHAPING | SINGLE EPS] Episode 9800/10000
Avg Reward                  : 6400.000000
Avg Total Reward            : 7021.103227
Epsilon Decay               : Single: 0.0198
Buffer Fractions            : q0(WP1): 64.44%, q1(WP2): 24.87%, q2(Goal): 10.69%
Hits (Cumulative)           : WP1: 5896, WP2: 4960, Goal: 4514
----------------------------------------------------------------------------------------------------

----------------------------------------------------------------------------------------------------
[SHAPING | SINGLE EPS] Episode 9900/10000
Avg Reward                  : 8600.000000
Avg Total Reward            : 9483.035417
Epsilon Decay               : Single: 0.0190
Buffer Fractions            : q0(WP1): 64.13%, q1(WP2): 25.02%, q2(Goal): 10.85%
Hits (Cumulative)           : WP1: 5985, WP2: 5047, Goal: 4600
----------------------------------------------------------------------------------------------------

----------------------------------------------------------------------------------------------------
[SHAPING | SINGLE EPS] Episode 10000/10000
Avg Reward                  : 8200.000000
Avg Total Reward            : 8995.891545
Epsilon Decay               : Single: 0.0183
Buffer Fractions            : q0(WP1): 64.14%, q1(WP2): 24.80%, q2(Goal): 11.06%
Hits (Cumulative)           : WP1: 6070, WP2: 5130, Goal: 4682
----------------------------------------------------------------------------------------------------

