
=== NEW RUN ===
episodes=8000, shaping=True, K=1.0, goal_reward=10000.0, gamma=0.99
inter_level_shaping=False, inter_level_K=0.0
formula=F(wp1 & X(F(wp2 & X(F(goal)))))
waypoints={'wp1': (1, 8), 'wp2': (5, 6), 'goal': (8, 8)}
dfa_states=[1, 2, 3, 4], pre_trace=1, accepting=[4]

[Episode 1/8000 | last 1]
success rate                : 0.0% (cumulative 0.0%)
synthetic task reward       : 0.000
shaping reward              : -1567.314
learning reward             : -1567.314
episode length              : 123.0
abstract changes / episode  : 14.0
DFA transitions / episode   : 0.00
DFA transitions in window   : none
epsilon (next episode)       : 0.99960
replay buffer                : 123 samples [1: 100.0%, 2: 0.0%, 3: 0.0%, 4: 0.0%]
DFA state visits in window   : 1: 124, 2: 0, 3: 0, 4: 0
DFA state visits cumulative  : 1: 124, 2: 0, 3: 0, 4: 0
DFA state entries in window  : 1: 1, 2: 0, 3: 0, 4: 0
DFA state entries cumulative : 1: 1, 2: 0, 3: 0, 4: 0
transitions cumulative       : none
accepted directly from s0    : 0
Gym endings cumulative       : terminated=1, truncated=0
Best policy updated at episode 1: mean learning reward=-1567.314

[Episode 100/8000 | last 100]
success rate                : 0.0% (cumulative 0.0%)
synthetic task reward       : 0.000
shaping reward              : -1411.477
learning reward             : -1411.477
episode length              : 94.5
abstract changes / episode  : 12.8
DFA transitions / episode   : 0.04
DFA transitions in window   : 1->2: 4
epsilon (next episode)       : 0.96078
replay buffer                : 9445 samples [1: 99.1%, 2: 0.9%, 3: 0.0%, 4: 0.0%]
DFA state visits in window   : 1: 9456, 2: 89, 3: 0, 4: 0
DFA state visits cumulative  : 1: 9456, 2: 89, 3: 0, 4: 0
DFA state entries in window  : 1: 100, 2: 4, 3: 0, 4: 0
DFA state entries cumulative : 1: 100, 2: 4, 3: 0, 4: 0
transitions cumulative       : 1->2: 4
accepted directly from s0    : 0
Gym endings cumulative       : terminated=100, truncated=0
Best policy updated at episode 100: mean learning reward=-1411.477

[Episode 200/8000 | last 100]
success rate                : 0.0% (cumulative 0.0%)
synthetic task reward       : 0.000
shaping reward              : -1429.833
learning reward             : -1429.833
episode length              : 95.9
abstract changes / episode  : 12.9
DFA transitions / episode   : 0.04
DFA transitions in window   : 1->2: 4
epsilon (next episode)       : 0.92310
replay buffer                : 19037 samples [1: 99.1%, 2: 0.9%, 3: 0.0%, 4: 0.0%]
DFA state visits in window   : 1: 9595, 2: 97, 3: 0, 4: 0
DFA state visits cumulative  : 1: 19051, 2: 186, 3: 0, 4: 0
DFA state entries in window  : 1: 100, 2: 4, 3: 0, 4: 0
DFA state entries cumulative : 1: 200, 2: 8, 3: 0, 4: 0
transitions cumulative       : 1->2: 8
accepted directly from s0    : 0
Gym endings cumulative       : terminated=200, truncated=0

[Episode 300/8000 | last 100]
success rate                : 0.0% (cumulative 0.0%)
synthetic task reward       : 0.000
shaping reward              : -1410.736
learning reward             : -1410.736
episode length              : 102.3
abstract changes / episode  : 12.8
DFA transitions / episode   : 0.05
DFA transitions in window   : 1->2: 5
epsilon (next episode)       : 0.88690
replay buffer                : 29272 samples [1: 98.9%, 2: 1.1%, 3: 0.0%, 4: 0.0%]
DFA state visits in window   : 1: 10194, 2: 141, 3: 0, 4: 0
DFA state visits cumulative  : 1: 29245, 2: 327, 3: 0, 4: 0
DFA state entries in window  : 1: 100, 2: 5, 3: 0, 4: 0
DFA state entries cumulative : 1: 300, 2: 13, 3: 0, 4: 0
transitions cumulative       : 1->2: 13
accepted directly from s0    : 0
Gym endings cumulative       : terminated=300, truncated=0
Best policy updated at episode 300: mean learning reward=-1410.736

[Episode 400/8000 | last 100]
success rate                : 0.0% (cumulative 0.0%)
synthetic task reward       : 0.000
shaping reward              : -1369.948
learning reward             : -1369.948
episode length              : 108.1
abstract changes / episode  : 12.5
DFA transitions / episode   : 0.03
DFA transitions in window   : 1->2: 3
epsilon (next episode)       : 0.85212
replay buffer                : 40082 samples [1: 99.1%, 2: 0.9%, 3: 0.0%, 4: 0.0%]
DFA state visits in window   : 1: 10863, 2: 47, 3: 0, 4: 0
DFA state visits cumulative  : 1: 40108, 2: 374, 3: 0, 4: 0
DFA state entries in window  : 1: 100, 2: 3, 3: 0, 4: 0
DFA state entries cumulative : 1: 400, 2: 16, 3: 0, 4: 0
transitions cumulative       : 1->2: 16
accepted directly from s0    : 0
Gym endings cumulative       : terminated=400, truncated=0
Best policy updated at episode 400: mean learning reward=-1369.948

[Episode 500/8000 | last 100]
success rate                : 0.0% (cumulative 0.0%)
synthetic task reward       : 0.000
shaping reward              : -1457.683
learning reward             : -1457.683
episode length              : 103.7
abstract changes / episode  : 13.1
DFA transitions / episode   : 0.01
DFA transitions in window   : 1->2: 1
epsilon (next episode)       : 0.81870
replay buffer                : 50454 samples [1: 99.2%, 2: 0.8%, 3: 0.0%, 4: 0.0%]
DFA state visits in window   : 1: 10437, 2: 35, 3: 0, 4: 0
DFA state visits cumulative  : 1: 50545, 2: 409, 3: 0, 4: 0
DFA state entries in window  : 1: 100, 2: 1, 3: 0, 4: 0
DFA state entries cumulative : 1: 500, 2: 17, 3: 0, 4: 0
transitions cumulative       : 1->2: 17
accepted directly from s0    : 0
Gym endings cumulative       : terminated=500, truncated=0

[Episode 600/8000 | last 100]
success rate                : 0.0% (cumulative 0.0%)
synthetic task reward       : 0.000
shaping reward              : -1386.605
learning reward             : -1386.605
episode length              : 108.1
abstract changes / episode  : 12.4
DFA transitions / episode   : 0.02
DFA transitions in window   : 1->2: 2
epsilon (next episode)       : 0.78659
replay buffer                : 61268 samples [1: 99.3%, 2: 0.7%, 3: 0.0%, 4: 0.0%]
DFA state visits in window   : 1: 10862, 2: 52, 3: 0, 4: 0
DFA state visits cumulative  : 1: 61407, 2: 461, 3: 0, 4: 0
DFA state entries in window  : 1: 100, 2: 2, 3: 0, 4: 0
DFA state entries cumulative : 1: 600, 2: 19, 3: 0, 4: 0
transitions cumulative       : 1->2: 19
accepted directly from s0    : 0
Gym endings cumulative       : terminated=600, truncated=0

[Episode 700/8000 | last 100]
success rate                : 0.0% (cumulative 0.0%)
synthetic task reward       : 0.000
shaping reward              : -1427.517
learning reward             : -1427.517
episode length              : 114.5
abstract changes / episode  : 13.0
DFA transitions / episode   : 0.06
DFA transitions in window   : 1->2: 6
epsilon (next episode)       : 0.75574
replay buffer                : 72717 samples [1: 99.1%, 2: 0.9%, 3: 0.0%, 4: 0.0%]
DFA state visits in window   : 1: 11307, 2: 242, 3: 0, 4: 0
DFA state visits cumulative  : 1: 72714, 2: 703, 3: 0, 4: 0
DFA state entries in window  : 1: 100, 2: 6, 3: 0, 4: 0
DFA state entries cumulative : 1: 700, 2: 25, 3: 0, 4: 0
transitions cumulative       : 1->2: 25
accepted directly from s0    : 0
Gym endings cumulative       : terminated=700, truncated=0

[Episode 800/8000 | last 100]
success rate                : 0.0% (cumulative 0.0%)
synthetic task reward       : 0.000
shaping reward              : -1426.389
learning reward             : -1426.389
episode length              : 121.0
abstract changes / episode  : 12.7
DFA transitions / episode   : 0.02
DFA transitions in window   : 1->2: 2
epsilon (next episode)       : 0.72610
replay buffer                : 84821 samples [1: 99.1%, 2: 0.9%, 3: 0.0%, 4: 0.0%]
DFA state visits in window   : 1: 12116, 2: 88, 3: 0, 4: 0
DFA state visits cumulative  : 1: 84830, 2: 791, 3: 0, 4: 0
DFA state entries in window  : 1: 100, 2: 2, 3: 0, 4: 0
DFA state entries cumulative : 1: 800, 2: 27, 3: 0, 4: 0
transitions cumulative       : 1->2: 27
accepted directly from s0    : 0
Gym endings cumulative       : terminated=800, truncated=0

[Episode 900/8000 | last 100]
success rate                : 0.0% (cumulative 0.0%)
synthetic task reward       : 0.000
shaping reward              : -1393.884
learning reward             : -1393.884
episode length              : 124.7
abstract changes / episode  : 12.6
DFA transitions / episode   : 0.04
DFA transitions in window   : 1->2: 4
epsilon (next episode)       : 0.69763
replay buffer                : 97292 samples [1: 99.1%, 2: 0.9%, 3: 0.0%, 4: 0.0%]
DFA state visits in window   : 1: 12463, 2: 108, 3: 0, 4: 0
DFA state visits cumulative  : 1: 97293, 2: 899, 3: 0, 4: 0
DFA state entries in window  : 1: 100, 2: 4, 3: 0, 4: 0
DFA state entries cumulative : 1: 900, 2: 31, 3: 0, 4: 0
transitions cumulative       : 1->2: 31
accepted directly from s0    : 0
Gym endings cumulative       : terminated=900, truncated=0

[Episode 1000/8000 | last 100]
success rate                : 0.0% (cumulative 0.0%)
synthetic task reward       : 0.000
shaping reward              : -1473.583
learning reward             : -1473.583
episode length              : 138.6
abstract changes / episode  : 13.1
DFA transitions / episode   : 0.02
DFA transitions in window   : 1->2: 2
epsilon (next episode)       : 0.67027
replay buffer                : 111153 samples [1: 99.2%, 2: 0.8%, 3: 0.0%, 4: 0.0%]
DFA state visits in window   : 1: 13885, 2: 76, 3: 0, 4: 0
DFA state visits cumulative  : 1: 111178, 2: 975, 3: 0, 4: 0
DFA state entries in window  : 1: 100, 2: 2, 3: 0, 4: 0
DFA state entries cumulative : 1: 1000, 2: 33, 3: 0, 4: 0
transitions cumulative       : 1->2: 33
accepted directly from s0    : 0
Gym endings cumulative       : terminated=1000, truncated=0

[Episode 1100/8000 | last 100]
success rate                : 0.0% (cumulative 0.0%)
synthetic task reward       : 0.000
shaping reward              : -1531.010
learning reward             : -1531.010
episode length              : 157.1
abstract changes / episode  : 13.7
DFA transitions / episode   : 0.01
DFA transitions in window   : 1->2: 1
epsilon (next episode)       : 0.64398
replay buffer                : 126867 samples [1: 99.2%, 2: 0.8%, 3: 0.0%, 4: 0.0%]
DFA state visits in window   : 1: 15749, 2: 65, 3: 0, 4: 0
DFA state visits cumulative  : 1: 126927, 2: 1040, 3: 0, 4: 0
DFA state entries in window  : 1: 100, 2: 1, 3: 0, 4: 0
DFA state entries cumulative : 1: 1100, 2: 34, 3: 0, 4: 0
transitions cumulative       : 1->2: 34
accepted directly from s0    : 0
Gym endings cumulative       : terminated=1100, truncated=0

[Episode 1200/8000 | last 100]
success rate                : 0.0% (cumulative 0.0%)
synthetic task reward       : 0.000
shaping reward              : -1446.458
learning reward             : -1446.458
episode length              : 158.2
abstract changes / episode  : 13.4
DFA transitions / episode   : 0.05
DFA transitions in window   : 1->2: 5
epsilon (next episode)       : 0.61872
replay buffer                : 142687 samples [1: 99.1%, 2: 0.9%, 3: 0.0%, 4: 0.0%]
DFA state visits in window   : 1: 15627, 2: 293, 3: 0, 4: 0
DFA state visits cumulative  : 1: 142554, 2: 1333, 3: 0, 4: 0
DFA state entries in window  : 1: 100, 2: 5, 3: 0, 4: 0
DFA state entries cumulative : 1: 1200, 2: 39, 3: 0, 4: 0
transitions cumulative       : 1->2: 39
accepted directly from s0    : 0
Gym endings cumulative       : terminated=1200, truncated=0

[Episode 1300/8000 | last 100]
success rate                : 0.0% (cumulative 0.0%)
synthetic task reward       : 0.000
shaping reward              : -1481.075
learning reward             : -1481.075
episode length              : 179.1
abstract changes / episode  : 13.7
DFA transitions / episode   : 0.04
DFA transitions in window   : 1->2: 4
epsilon (next episode)       : 0.59446
replay buffer                : 160598 samples [1: 99.1%, 2: 0.9%, 3: 0.0%, 4: 0.0%]
DFA state visits in window   : 1: 17841, 2: 170, 3: 0, 4: 0
DFA state visits cumulative  : 1: 160395, 2: 1503, 3: 0, 4: 0
DFA state entries in window  : 1: 100, 2: 4, 3: 0, 4: 0
DFA state entries cumulative : 1: 1300, 2: 43, 3: 0, 4: 0
transitions cumulative       : 1->2: 43
accepted directly from s0    : 0
Gym endings cumulative       : terminated=1300, truncated=0

[Episode 1400/8000 | last 100]
success rate                : 0.0% (cumulative 0.0%)
synthetic task reward       : 0.000
shaping reward              : -1614.062
learning reward             : -1614.062
episode length              : 228.7
abstract changes / episode  : 14.7
DFA transitions / episode   : 0.00
DFA transitions in window   : none
epsilon (next episode)       : 0.57115
replay buffer                : 183472 samples [1: 99.2%, 2: 0.8%, 3: 0.0%, 4: 0.0%]
DFA state visits in window   : 1: 22974, 2: 0, 3: 0, 4: 0
DFA state visits cumulative  : 1: 183369, 2: 1503, 3: 0, 4: 0
DFA state entries in window  : 1: 100, 2: 0, 3: 0, 4: 0
DFA state entries cumulative : 1: 1400, 2: 43, 3: 0, 4: 0
transitions cumulative       : 1->2: 43
accepted directly from s0    : 0
Gym endings cumulative       : terminated=1397, truncated=3

[Episode 1500/8000 | last 100]
success rate                : 0.0% (cumulative 0.0%)
synthetic task reward       : 0.000
shaping reward              : -1561.722
learning reward             : -1561.722
episode length              : 163.4
abstract changes / episode  : 14.1
DFA transitions / episode   : 0.00
DFA transitions in window   : none
epsilon (next episode)       : 0.54875
replay buffer                : 199813 samples [1: 99.3%, 2: 0.7%, 3: 0.0%, 4: 0.0%]
DFA state visits in window   : 1: 16441, 2: 0, 3: 0, 4: 0
DFA state visits cumulative  : 1: 199810, 2: 1503, 3: 0, 4: 0
DFA state entries in window  : 1: 100, 2: 0, 3: 0, 4: 0
DFA state entries cumulative : 1: 1500, 2: 43, 3: 0, 4: 0
transitions cumulative       : 1->2: 43
accepted directly from s0    : 0
Gym endings cumulative       : terminated=1497, truncated=3

[Episode 1600/8000 | last 100]
success rate                : 0.0% (cumulative 0.0%)
synthetic task reward       : 0.000
shaping reward              : -1569.147
learning reward             : -1569.147
episode length              : 175.1
abstract changes / episode  : 14.3
DFA transitions / episode   : 0.00
DFA transitions in window   : none
epsilon (next episode)       : 0.52722
replay buffer                : 217327 samples [1: 99.3%, 2: 0.7%, 3: 0.0%, 4: 0.0%]
DFA state visits in window   : 1: 17614, 2: 0, 3: 0, 4: 0
DFA state visits cumulative  : 1: 217424, 2: 1503, 3: 0, 4: 0
DFA state entries in window  : 1: 100, 2: 0, 3: 0, 4: 0
DFA state entries cumulative : 1: 1600, 2: 43, 3: 0, 4: 0
transitions cumulative       : 1->2: 43
accepted directly from s0    : 0
Gym endings cumulative       : terminated=1596, truncated=4

[Episode 1700/8000 | last 100]
success rate                : 0.0% (cumulative 0.0%)
synthetic task reward       : 0.000
shaping reward              : -1570.499
learning reward             : -1570.499
episode length              : 211.9
abstract changes / episode  : 15.1
DFA transitions / episode   : 0.09
DFA transitions in window   : 1->2: 9
epsilon (next episode)       : 0.50655
replay buffer                : 238513 samples [1: 98.9%, 2: 1.1%, 3: 0.0%, 4: 0.0%]
DFA state visits in window   : 1: 20071, 2: 1215, 3: 0, 4: 0
DFA state visits cumulative  : 1: 237495, 2: 2718, 3: 0, 4: 0
DFA state entries in window  : 1: 100, 2: 9, 3: 0, 4: 0
DFA state entries cumulative : 1: 1700, 2: 52, 3: 0, 4: 0
transitions cumulative       : 1->2: 52
accepted directly from s0    : 0
Gym endings cumulative       : terminated=1692, truncated=8

[Episode 1800/8000 | last 100]
success rate                : 0.0% (cumulative 0.0%)
synthetic task reward       : 0.000
shaping reward              : -1435.294
learning reward             : -1435.294
episode length              : 308.2
abstract changes / episode  : 14.6
DFA transitions / episode   : 0.11
DFA transitions in window   : 1->2: 11
epsilon (next episode)       : 0.48668
replay buffer                : 269336 samples [1: 98.4%, 2: 1.6%, 3: 0.0%, 4: 0.0%]
DFA state visits in window   : 1: 29396, 2: 1527, 3: 0, 4: 0
DFA state visits cumulative  : 1: 266891, 2: 4245, 3: 0, 4: 0
DFA state entries in window  : 1: 100, 2: 11, 3: 0, 4: 0
DFA state entries cumulative : 1: 1800, 2: 63, 3: 0, 4: 0
transitions cumulative       : 1->2: 63
accepted directly from s0    : 0
Gym endings cumulative       : terminated=1781, truncated=19

[Episode 1900/8000 | last 100]
success rate                : 0.0% (cumulative 0.0%)
synthetic task reward       : 0.000
shaping reward              : -1513.457
learning reward             : -1513.457
episode length              : 250.7
abstract changes / episode  : 14.8
DFA transitions / episode   : 0.03
DFA transitions in window   : 1->2: 3
epsilon (next episode)       : 0.46760
replay buffer                : 294402 samples [1: 98.5%, 2: 1.5%, 3: 0.0%, 4: 0.0%]
DFA state visits in window   : 1: 24851, 2: 315, 3: 0, 4: 0
DFA state visits cumulative  : 1: 291742, 2: 4560, 3: 0, 4: 0
DFA state entries in window  : 1: 100, 2: 3, 3: 0, 4: 0
DFA state entries cumulative : 1: 1900, 2: 66, 3: 0, 4: 0
transitions cumulative       : 1->2: 66
accepted directly from s0    : 0
Gym endings cumulative       : terminated=1878, truncated=22

[Episode 2000/8000 | last 100]
success rate                : 0.0% (cumulative 0.0%)
synthetic task reward       : 0.000
shaping reward              : -1695.780
learning reward             : -1695.780
episode length              : 293.5
abstract changes / episode  : 16.5
DFA transitions / episode   : 0.06
DFA transitions in window   : 1->2: 6
epsilon (next episode)       : 0.44926
replay buffer                : 300000 samples [1: 98.5%, 2: 1.5%, 3: 0.0%, 4: 0.0%]
DFA state visits in window   : 1: 29248, 2: 206, 3: 0, 4: 0
DFA state visits cumulative  : 1: 320990, 2: 4766, 3: 0, 4: 0
DFA state entries in window  : 1: 100, 2: 6, 3: 0, 4: 0
DFA state entries cumulative : 1: 2000, 2: 72, 3: 0, 4: 0
transitions cumulative       : 1->2: 72
accepted directly from s0    : 0
Gym endings cumulative       : terminated=1975, truncated=25

[Episode 2100/8000 | last 100]
success rate                : 0.0% (cumulative 0.0%)
synthetic task reward       : 0.000
shaping reward              : -1921.789
learning reward             : -1921.789
episode length              : 388.7
abstract changes / episode  : 19.4
DFA transitions / episode   : 0.09
DFA transitions in window   : 1->2: 9
epsilon (next episode)       : 0.43164
replay buffer                : 300000 samples [1: 98.3%, 2: 1.7%, 3: 0.0%, 4: 0.0%]
DFA state visits in window   : 1: 38159, 2: 815, 3: 0, 4: 0
DFA state visits cumulative  : 1: 359149, 2: 5581, 3: 0, 4: 0
DFA state entries in window  : 1: 100, 2: 9, 3: 0, 4: 0
DFA state entries cumulative : 1: 2100, 2: 81, 3: 0, 4: 0
transitions cumulative       : 1->2: 81
accepted directly from s0    : 0
Gym endings cumulative       : terminated=2066, truncated=34

[Episode 2200/8000 | last 100]
success rate                : 0.0% (cumulative 0.0%)
synthetic task reward       : 0.000
shaping reward              : -1734.072
learning reward             : -1734.072
episode length              : 342.9
abstract changes / episode  : 18.0
DFA transitions / episode   : 0.14
DFA transitions in window   : 1->2: 14
epsilon (next episode)       : 0.41471
replay buffer                : 300000 samples [1: 97.8%, 2: 2.2%, 3: 0.0%, 4: 0.0%]
DFA state visits in window   : 1: 32375, 2: 2014, 3: 0, 4: 0
DFA state visits cumulative  : 1: 391524, 2: 7595, 3: 0, 4: 0
DFA state entries in window  : 1: 100, 2: 14, 3: 0, 4: 0
DFA state entries cumulative : 1: 2200, 2: 95, 3: 0, 4: 0
transitions cumulative       : 1->2: 95
accepted directly from s0    : 0
Gym endings cumulative       : terminated=2158, truncated=42

[Episode 2300/8000 | last 100]
success rate                : 0.0% (cumulative 0.0%)
synthetic task reward       : 0.000
shaping reward              : -1732.422
learning reward             : -1732.422
episode length              : 365.9
abstract changes / episode  : 18.7
DFA transitions / episode   : 0.30
DFA transitions in window   : 1->2: 29, 2->3: 1
epsilon (next episode)       : 0.39845
replay buffer                : 300000 samples [1: 95.4%, 2: 4.5%, 3: 0.1%, 4: 0.0%]
DFA state visits in window   : 1: 29367, 2: 7053, 3: 268, 4: 0
DFA state visits cumulative  : 1: 420891, 2: 14648, 3: 268, 4: 0
DFA state entries in window  : 1: 100, 2: 29, 3: 1, 4: 0
DFA state entries cumulative : 1: 2300, 2: 124, 3: 1, 4: 0
transitions cumulative       : 1->2: 124, 2->3: 1
accepted directly from s0    : 0
Gym endings cumulative       : terminated=2254, truncated=46

[Episode 2400/8000 | last 100]
success rate                : 0.0% (cumulative 0.0%)
synthetic task reward       : 0.000
shaping reward              : -1540.411
learning reward             : -1540.411
episode length              : 316.6
abstract changes / episode  : 16.8
DFA transitions / episode   : 0.22
DFA transitions in window   : 1->2: 22
epsilon (next episode)       : 0.38282
replay buffer                : 300000 samples [1: 94.7%, 2: 5.2%, 3: 0.1%, 4: 0.0%]
DFA state visits in window   : 1: 29175, 2: 2590, 3: 0, 4: 0
DFA state visits cumulative  : 1: 450066, 2: 17238, 3: 268, 4: 0
DFA state entries in window  : 1: 100, 2: 22, 3: 0, 4: 0
DFA state entries cumulative : 1: 2400, 2: 146, 3: 1, 4: 0
transitions cumulative       : 1->2: 146, 2->3: 1
accepted directly from s0    : 0
Gym endings cumulative       : terminated=2350, truncated=50

[Episode 2500/8000 | last 100]
success rate                : 0.0% (cumulative 0.0%)
synthetic task reward       : 0.000
shaping reward              : -1562.581
learning reward             : -1562.581
episode length              : 332.3
abstract changes / episode  : 17.1
DFA transitions / episode   : 0.22
DFA transitions in window   : 1->2: 21, 2->3: 1
epsilon (next episode)       : 0.36781
replay buffer                : 300000 samples [1: 93.7%, 2: 6.2%, 3: 0.1%, 4: 0.0%]
DFA state visits in window   : 1: 30229, 2: 2998, 3: 104, 4: 0
DFA state visits cumulative  : 1: 480295, 2: 20236, 3: 372, 4: 0
DFA state entries in window  : 1: 100, 2: 21, 3: 1, 4: 0
DFA state entries cumulative : 1: 2500, 2: 167, 3: 2, 4: 0
transitions cumulative       : 1->2: 167, 2->3: 2
accepted directly from s0    : 0
Gym endings cumulative       : terminated=2446, truncated=54

[Episode 2600/8000 | last 100]
success rate                : 0.0% (cumulative 0.0%)
synthetic task reward       : 0.000
shaping reward              : -1679.943
learning reward             : -1679.943
episode length              : 354.6
abstract changes / episode  : 18.1
DFA transitions / episode   : 0.16
DFA transitions in window   : 1->2: 16
epsilon (next episode)       : 0.35338
replay buffer                : 300000 samples [1: 92.6%, 2: 7.3%, 3: 0.1%, 4: 0.0%]
DFA state visits in window   : 1: 31222, 2: 4339, 3: 0, 4: 0
DFA state visits cumulative  : 1: 511517, 2: 24575, 3: 372, 4: 0
DFA state entries in window  : 1: 100, 2: 16, 3: 0, 4: 0
DFA state entries cumulative : 1: 2600, 2: 183, 3: 2, 4: 0
transitions cumulative       : 1->2: 183, 2->3: 2
accepted directly from s0    : 0
Gym endings cumulative       : terminated=2540, truncated=60

[Episode 2700/8000 | last 100]
success rate                : 0.0% (cumulative 0.0%)
synthetic task reward       : 0.000
shaping reward              : -1690.581
learning reward             : -1690.581
episode length              : 415.9
abstract changes / episode  : 18.7
DFA transitions / episode   : 0.22
DFA transitions in window   : 1->2: 20, 2->3: 2
epsilon (next episode)       : 0.33952
replay buffer                : 300000 samples [1: 91.7%, 2: 8.1%, 3: 0.2%, 4: 0.0%]
DFA state visits in window   : 1: 37066, 2: 4451, 3: 175, 4: 0
DFA state visits cumulative  : 1: 548583, 2: 29026, 3: 547, 4: 0
DFA state entries in window  : 1: 100, 2: 20, 3: 2, 4: 0
DFA state entries cumulative : 1: 2700, 2: 203, 3: 4, 4: 0
transitions cumulative       : 1->2: 203, 2->3: 4
accepted directly from s0    : 0
Gym endings cumulative       : terminated=2634, truncated=66

[Episode 2800/8000 | last 100]
success rate                : 0.0% (cumulative 0.0%)
synthetic task reward       : 0.000
shaping reward              : -1680.132
learning reward             : -1680.132
episode length              : 453.2
abstract changes / episode  : 18.7
DFA transitions / episode   : 0.16
DFA transitions in window   : 1->2: 16
epsilon (next episode)       : 0.32621
replay buffer                : 300000 samples [1: 90.2%, 2: 9.6%, 3: 0.2%, 4: 0.0%]
DFA state visits in window   : 1: 40721, 2: 4700, 3: 0, 4: 0
DFA state visits cumulative  : 1: 589304, 2: 33726, 3: 547, 4: 0
DFA state entries in window  : 1: 100, 2: 16, 3: 0, 4: 0
DFA state entries cumulative : 1: 2800, 2: 219, 3: 4, 4: 0
transitions cumulative       : 1->2: 219, 2->3: 4
accepted directly from s0    : 0
Gym endings cumulative       : terminated=2723, truncated=77

[Episode 2900/8000 | last 100]
success rate                : 0.0% (cumulative 0.0%)
synthetic task reward       : 0.000
shaping reward              : -1534.250
learning reward             : -1534.250
episode length              : 425.2
abstract changes / episode  : 18.3
DFA transitions / episode   : 0.34
DFA transitions in window   : 1->2: 34
epsilon (next episode)       : 0.31341
replay buffer                : 300000 samples [1: 87.8%, 2: 12.0%, 3: 0.2%, 4: 0.0%]
DFA state visits in window   : 1: 34427, 2: 8193, 3: 0, 4: 0
DFA state visits cumulative  : 1: 623731, 2: 41919, 3: 547, 4: 0
DFA state entries in window  : 1: 100, 2: 34, 3: 0, 4: 0
DFA state entries cumulative : 1: 2900, 2: 253, 3: 4, 4: 0
transitions cumulative       : 1->2: 253, 2->3: 4
accepted directly from s0    : 0
Gym endings cumulative       : terminated=2815, truncated=85

[Episode 3000/8000 | last 100]
success rate                : 0.0% (cumulative 0.0%)
synthetic task reward       : 0.000
shaping reward              : -1657.583
learning reward             : -1657.583
episode length              : 556.6
abstract changes / episode  : 19.6
DFA transitions / episode   : 0.29
DFA transitions in window   : 1->2: 28, 2->3: 1
epsilon (next episode)       : 0.30112
replay buffer                : 300000 samples [1: 88.3%, 2: 11.5%, 3: 0.2%, 4: 0.0%]
DFA state visits in window   : 1: 51022, 2: 4534, 3: 208, 4: 0
DFA state visits cumulative  : 1: 674753, 2: 46453, 3: 755, 4: 0
DFA state entries in window  : 1: 100, 2: 28, 3: 1, 4: 0
DFA state entries cumulative : 1: 3000, 2: 281, 3: 5, 4: 0
transitions cumulative       : 1->2: 281, 2->3: 5
accepted directly from s0    : 0
Gym endings cumulative       : terminated=2888, truncated=112

[Episode 3100/8000 | last 100]
success rate                : 0.0% (cumulative 0.0%)
synthetic task reward       : 0.000
shaping reward              : -1810.449
learning reward             : -1810.449
episode length              : 642.9
abstract changes / episode  : 20.7
DFA transitions / episode   : 0.18
DFA transitions in window   : 1->2: 15, 2->3: 3
epsilon (next episode)       : 0.28931
replay buffer                : 300000 samples [1: 90.0%, 2: 9.7%, 3: 0.3%, 4: 0.0%]
DFA state visits in window   : 1: 61667, 2: 2308, 3: 411, 4: 0
DFA state visits cumulative  : 1: 736420, 2: 48761, 3: 1166, 4: 0
DFA state entries in window  : 1: 100, 2: 15, 3: 3, 4: 0
DFA state entries cumulative : 1: 3100, 2: 296, 3: 8, 4: 0
transitions cumulative       : 1->2: 296, 2->3: 8
accepted directly from s0    : 0
Gym endings cumulative       : terminated=2956, truncated=144

[Episode 3200/8000 | last 100]
success rate                : 2.0% (cumulative 0.1%)
synthetic task reward       : 200.000
shaping reward              : -1741.108
learning reward             : -1541.108
episode length              : 685.5
abstract changes / episode  : 21.7
DFA transitions / episode   : 0.50
DFA transitions in window   : 1->2: 41, 2->3: 7, 3->4: 2
epsilon (next episode)       : 0.27797
replay buffer                : 300000 samples [1: 87.0%, 2: 12.3%, 3: 0.7%, 4: 0.0%]
DFA state visits in window   : 1: 53103, 2: 14133, 3: 1407, 4: 2
DFA state visits cumulative  : 1: 789523, 2: 62894, 3: 2573, 4: 2
DFA state entries in window  : 1: 100, 2: 41, 3: 7, 4: 2
DFA state entries cumulative : 1: 3200, 2: 337, 3: 15, 4: 2
transitions cumulative       : 1->2: 337, 2->3: 15, 3->4: 2
accepted directly from s0    : 0
Gym endings cumulative       : terminated=3009, truncated=189

[Episode 3300/8000 | last 100]
success rate                : 1.0% (cumulative 0.1%)
synthetic task reward       : 100.000
shaping reward              : -1983.818
learning reward             : -1883.818
episode length              : 749.2
abstract changes / episode  : 25.3
DFA transitions / episode   : 0.81
DFA transitions in window   : 1->2: 55, 2->3: 25, 3->4: 1
epsilon (next episode)       : 0.26706
replay buffer                : 300000 samples [1: 80.9%, 2: 15.7%, 3: 3.4%, 4: 0.0%]
DFA state visits in window   : 1: 48707, 2: 17987, 3: 8323, 4: 1
DFA state visits cumulative  : 1: 838230, 2: 80881, 3: 10896, 4: 3
DFA state entries in window  : 1: 100, 2: 55, 3: 25, 4: 1
DFA state entries cumulative : 1: 3300, 2: 392, 3: 40, 4: 3
transitions cumulative       : 1->2: 392, 2->3: 40, 3->4: 3
accepted directly from s0    : 0
Gym endings cumulative       : terminated=3056, truncated=241

[Episode 3400/8000 | last 100]
success rate                : 3.0% (cumulative 0.2%)
synthetic task reward       : 300.000
shaping reward              : -1674.979
learning reward             : -1374.979
episode length              : 610.2
abstract changes / episode  : 21.8
DFA transitions / episode   : 0.74
DFA transitions in window   : 1->2: 42, 2->3: 29, 3->4: 3
epsilon (next episode)       : 0.25659
replay buffer                : 300000 samples [1: 77.8%, 2: 16.1%, 3: 6.1%, 4: 0.0%]
DFA state visits in window   : 1: 42268, 2: 10811, 3: 8034, 4: 3
DFA state visits cumulative  : 1: 880498, 2: 91692, 3: 18930, 4: 6
DFA state entries in window  : 1: 100, 2: 42, 3: 29, 4: 3
DFA state entries cumulative : 1: 3400, 2: 434, 3: 69, 4: 6
transitions cumulative       : 1->2: 434, 2->3: 69, 3->4: 6
accepted directly from s0    : 0
Gym endings cumulative       : terminated=3123, truncated=271

[Episode 3500/8000 | last 100]
success rate                : 11.0% (cumulative 0.5%)
synthetic task reward       : 1100.000
shaping reward              : -1617.394
learning reward             : -517.394
episode length              : 555.8
abstract changes / episode  : 20.9
DFA transitions / episode   : 0.78
DFA transitions in window   : 1->2: 47, 2->3: 20, 3->4: 11
epsilon (next episode)       : 0.24653
replay buffer                : 300000 samples [1: 74.9%, 2: 17.8%, 3: 7.3%, 4: 0.0%]
DFA state visits in window   : 1: 41620, 2: 9885, 3: 4159, 4: 11
DFA state visits cumulative  : 1: 922118, 2: 101577, 3: 23089, 4: 17
DFA state entries in window  : 1: 100, 2: 47, 3: 20, 4: 11
DFA state entries cumulative : 1: 3500, 2: 481, 3: 89, 4: 17
transitions cumulative       : 1->2: 481, 2->3: 89, 3->4: 17
accepted directly from s0    : 0
Gym endings cumulative       : terminated=3189, truncated=294
Best policy updated at episode 3500: mean learning reward=-517.394

[Episode 3600/8000 | last 100]
success rate                : 3.0% (cumulative 0.6%)
synthetic task reward       : 300.000
shaping reward              : -1713.360
learning reward             : -1413.360
episode length              : 423.5
abstract changes / episode  : 20.4
DFA transitions / episode   : 0.57
DFA transitions in window   : 1->2: 39, 2->3: 15, 3->4: 3
epsilon (next episode)       : 0.23686
replay buffer                : 300000 samples [1: 72.5%, 2: 19.5%, 3: 8.0%, 4: 0.0%]
DFA state visits in window   : 1: 34599, 2: 5805, 3: 2042, 4: 3
DFA state visits cumulative  : 1: 956717, 2: 107382, 3: 25131, 4: 20
DFA state entries in window  : 1: 100, 2: 39, 3: 15, 4: 3
DFA state entries cumulative : 1: 3600, 2: 520, 3: 104, 4: 20
transitions cumulative       : 1->2: 520, 2->3: 104, 3->4: 20
accepted directly from s0    : 0
Gym endings cumulative       : terminated=3276, truncated=304

[Episode 3700/8000 | last 100]
success rate                : 3.0% (cumulative 0.6%)
synthetic task reward       : 300.000
shaping reward              : -1600.686
learning reward             : -1300.686
episode length              : 447.1
abstract changes / episode  : 18.5
DFA transitions / episode   : 0.43
DFA transitions in window   : 1->2: 27, 2->3: 13, 3->4: 3
epsilon (next episode)       : 0.22757
replay buffer                : 300000 samples [1: 73.3%, 2: 18.1%, 3: 8.6%, 4: 0.0%]
DFA state visits in window   : 1: 38770, 2: 3401, 3: 2634, 4: 3
DFA state visits cumulative  : 1: 995487, 2: 110783, 3: 27765, 4: 23
DFA state entries in window  : 1: 100, 2: 27, 3: 13, 4: 3
DFA state entries cumulative : 1: 3700, 2: 547, 3: 117, 4: 23
transitions cumulative       : 1->2: 547, 2->3: 117, 3->4: 23
accepted directly from s0    : 0
Gym endings cumulative       : terminated=3363, truncated=314

[Episode 3800/8000 | last 100]
success rate                : 10.0% (cumulative 0.9%)
synthetic task reward       : 1000.000
shaping reward              : -1597.229
learning reward             : -597.229
episode length              : 468.4
abstract changes / episode  : 19.8
DFA transitions / episode   : 0.58
DFA transitions in window   : 1->2: 27, 2->3: 21, 3->4: 10
epsilon (next episode)       : 0.21865
replay buffer                : 300000 samples [1: 76.2%, 2: 15.5%, 3: 8.3%, 4: 0.0%]
DFA state visits in window   : 1: 39102, 2: 4444, 3: 3388, 4: 10
DFA state visits cumulative  : 1: 1034589, 2: 115227, 3: 31153, 4: 33
DFA state entries in window  : 1: 100, 2: 27, 3: 21, 4: 10
DFA state entries cumulative : 1: 3800, 2: 574, 3: 138, 4: 33
transitions cumulative       : 1->2: 574, 2->3: 138, 3->4: 33
accepted directly from s0    : 0
Gym endings cumulative       : terminated=3441, truncated=326

[Episode 3900/8000 | last 100]
success rate                : 8.0% (cumulative 1.1%)
synthetic task reward       : 800.000
shaping reward              : -1422.784
learning reward             : -622.784
episode length              : 419.2
abstract changes / episode  : 18.4
DFA transitions / episode   : 0.68
DFA transitions in window   : 1->2: 34, 2->3: 26, 3->4: 8
epsilon (next episode)       : 0.21007
replay buffer                : 300000 samples [1: 77.4%, 2: 12.9%, 3: 9.8%, 4: 0.0%]
DFA state visits in window   : 1: 30039, 2: 3415, 3: 8559, 4: 8
DFA state visits cumulative  : 1: 1064628, 2: 118642, 3: 39712, 4: 41
DFA state entries in window  : 1: 100, 2: 34, 3: 26, 4: 8
DFA state entries cumulative : 1: 3900, 2: 608, 3: 164, 4: 41
transitions cumulative       : 1->2: 608, 2->3: 164, 3->4: 41
accepted directly from s0    : 0
Gym endings cumulative       : terminated=3524, truncated=335

[Episode 4000/8000 | last 100]
success rate                : 3.0% (cumulative 1.1%)
synthetic task reward       : 300.000
shaping reward              : -1222.078
learning reward             : -922.078
episode length              : 303.9
abstract changes / episode  : 14.8
DFA transitions / episode   : 0.29
DFA transitions in window   : 1->2: 19, 2->3: 7, 3->4: 3
epsilon (next episode)       : 0.20183
replay buffer                : 300000 samples [1: 78.8%, 2: 11.4%, 3: 9.7%, 4: 0.0%]
DFA state visits in window   : 1: 26282, 2: 1356, 3: 2851, 4: 3
DFA state visits cumulative  : 1: 1090910, 2: 119998, 3: 42563, 4: 44
DFA state entries in window  : 1: 100, 2: 19, 3: 7, 4: 3
DFA state entries cumulative : 1: 4000, 2: 627, 3: 171, 4: 44
transitions cumulative       : 1->2: 627, 2->3: 171, 3->4: 44
accepted directly from s0    : 0
Gym endings cumulative       : terminated=3618, truncated=338

[Episode 4100/8000 | last 100]
success rate                : 4.0% (cumulative 1.2%)
synthetic task reward       : 400.000
shaping reward              : -1154.986
learning reward             : -754.986
episode length              : 308.9
abstract changes / episode  : 14.6
DFA transitions / episode   : 0.25
DFA transitions in window   : 1->2: 14, 2->3: 7, 3->4: 4
epsilon (next episode)       : 0.19392
replay buffer                : 300000 samples [1: 81.7%, 2: 9.9%, 3: 8.4%, 4: 0.0%]
DFA state visits in window   : 1: 28423, 2: 1268, 3: 1294, 4: 4
DFA state visits cumulative  : 1: 1119333, 2: 121266, 3: 43857, 4: 48
DFA state entries in window  : 1: 100, 2: 14, 3: 7, 4: 4
DFA state entries cumulative : 1: 4100, 2: 641, 3: 178, 4: 48
transitions cumulative       : 1->2: 641, 2->3: 178, 3->4: 48
accepted directly from s0    : 0
Gym endings cumulative       : terminated=3712, truncated=340

[Episode 4200/8000 | last 100]
success rate                : 15.0% (cumulative 1.5%)
synthetic task reward       : 1500.000
shaping reward              : -1504.709
learning reward             : -4.709
episode length              : 407.5
abstract changes / episode  : 18.8
DFA transitions / episode   : 0.79
DFA transitions in window   : 1->2: 35, 2->3: 29, 3->4: 15
epsilon (next episode)       : 0.18631
replay buffer                : 300000 samples [1: 81.0%, 2: 9.5%, 3: 9.5%, 4: 0.0%]
DFA state visits in window   : 1: 28634, 2: 5061, 3: 7143, 4: 15
DFA state visits cumulative  : 1: 1147967, 2: 126327, 3: 51000, 4: 63
DFA state entries in window  : 1: 100, 2: 35, 3: 29, 4: 15
DFA state entries cumulative : 1: 4200, 2: 676, 3: 207, 4: 63
transitions cumulative       : 1->2: 676, 2->3: 207, 3->4: 63
accepted directly from s0    : 0
Gym endings cumulative       : terminated=3789, truncated=349
Best policy updated at episode 4200: mean learning reward=-4.709

[Episode 4300/8000 | last 100]
success rate                : 46.0% (cumulative 2.5%)
synthetic task reward       : 4600.000
shaping reward              : -1670.062
learning reward             : 2929.938
episode length              : 460.0
abstract changes / episode  : 24.9
DFA transitions / episode   : 1.80
DFA transitions in window   : 1->2: 70, 2->3: 64, 3->4: 46
epsilon (next episode)       : 0.17900
replay buffer                : 300000 samples [1: 77.7%, 2: 10.5%, 3: 11.8%, 4: 0.0%]
DFA state visits in window   : 1: 28470, 2: 9127, 3: 8461, 4: 46
DFA state visits cumulative  : 1: 1176437, 2: 135454, 3: 59461, 4: 109
DFA state entries in window  : 1: 100, 2: 70, 3: 64, 4: 46
DFA state entries cumulative : 1: 4300, 2: 746, 3: 271, 4: 109
transitions cumulative       : 1->2: 746, 2->3: 271, 3->4: 109
accepted directly from s0    : 0
Gym endings cumulative       : terminated=3835, truncated=357
Best policy updated at episode 4300: mean learning reward=2929.938

[Episode 4400/8000 | last 100]
success rate                : 66.0% (cumulative 4.0%)
synthetic task reward       : 6600.000
shaping reward              : -1801.546
learning reward             : 4798.454
episode length              : 440.1
abstract changes / episode  : 27.9
DFA transitions / episode   : 2.40
DFA transitions in window   : 1->2: 92, 2->3: 82, 3->4: 66
epsilon (next episode)       : 0.17198
replay buffer                : 300000 samples [1: 73.4%, 2: 13.3%, 3: 13.2%, 4: 0.0%]
DFA state visits in window   : 1: 22957, 2: 14085, 3: 7003, 4: 66
DFA state visits cumulative  : 1: 1199394, 2: 149539, 3: 66464, 4: 175
DFA state entries in window  : 1: 100, 2: 92, 3: 82, 4: 66
DFA state entries cumulative : 1: 4400, 2: 838, 3: 353, 4: 175
transitions cumulative       : 1->2: 838, 2->3: 353, 3->4: 175
accepted directly from s0    : 0
Gym endings cumulative       : terminated=3868, truncated=358
Best policy updated at episode 4400: mean learning reward=4798.454

[Episode 4500/8000 | last 100]
success rate                : 36.0% (cumulative 4.7%)
synthetic task reward       : 3600.000
shaping reward              : -1657.662
learning reward             : 1942.338
episode length              : 344.3
abstract changes / episode  : 23.4
DFA transitions / episode   : 1.43
DFA transitions in window   : 1->2: 59, 2->3: 48, 3->4: 36
epsilon (next episode)       : 0.16524
replay buffer                : 300000 samples [1: 69.6%, 2: 15.8%, 3: 14.5%, 4: 0.0%]
DFA state visits in window   : 1: 19424, 2: 9323, 3: 5744, 4: 36
DFA state visits cumulative  : 1: 1218818, 2: 158862, 3: 72208, 4: 211
DFA state entries in window  : 1: 100, 2: 59, 3: 48, 4: 36
DFA state entries cumulative : 1: 4500, 2: 897, 3: 401, 4: 211
transitions cumulative       : 1->2: 897, 2->3: 401, 3->4: 211
accepted directly from s0    : 0
Gym endings cumulative       : terminated=3929, truncated=361

[Episode 4600/8000 | last 100]
success rate                : 57.0% (cumulative 5.8%)
synthetic task reward       : 5700.000
shaping reward              : -1341.625
learning reward             : 4358.375
episode length              : 323.1
abstract changes / episode  : 22.2
DFA transitions / episode   : 2.03
DFA transitions in window   : 1->2: 78, 2->3: 68, 3->4: 57
epsilon (next episode)       : 0.15876
replay buffer                : 300000 samples [1: 66.8%, 2: 18.1%, 3: 15.2%, 4: 0.0%]
DFA state visits in window   : 1: 17104, 2: 10733, 3: 4513, 4: 57
DFA state visits cumulative  : 1: 1235922, 2: 169595, 3: 76721, 4: 268
DFA state entries in window  : 1: 100, 2: 78, 3: 68, 4: 57
DFA state entries cumulative : 1: 4600, 2: 975, 3: 469, 4: 268
transitions cumulative       : 1->2: 975, 2->3: 469, 3->4: 268
accepted directly from s0    : 0
Gym endings cumulative       : terminated=3972, truncated=361

[Episode 4700/8000 | last 100]
success rate                : 71.0% (cumulative 7.2%)
synthetic task reward       : 7100.000
shaping reward              : -1389.462
learning reward             : 5710.538
episode length              : 365.4
abstract changes / episode  : 23.9
DFA transitions / episode   : 2.37
DFA transitions in window   : 1->2: 85, 2->3: 81, 3->4: 71
epsilon (next episode)       : 0.15253
replay buffer                : 300000 samples [1: 64.6%, 2: 20.6%, 3: 14.8%, 4: 0.0%]
DFA state visits in window   : 1: 20418, 2: 10310, 3: 5836, 4: 71
DFA state visits cumulative  : 1: 1256340, 2: 179905, 3: 82557, 4: 339
DFA state entries in window  : 1: 100, 2: 85, 3: 81, 4: 71
DFA state entries cumulative : 1: 4700, 2: 1060, 3: 550, 4: 339
transitions cumulative       : 1->2: 1060, 2->3: 550, 3->4: 339
accepted directly from s0    : 0
Gym endings cumulative       : terminated=4001, truncated=361
Best policy updated at episode 4700: mean learning reward=5710.538

[Episode 4800/8000 | last 100]
success rate                : 85.0% (cumulative 8.8%)
synthetic task reward       : 8500.000
shaping reward              : -1161.404
learning reward             : 7338.596
episode length              : 326.0
abstract changes / episode  : 22.5
DFA transitions / episode   : 2.64
DFA transitions in window   : 1->2: 93, 2->3: 86, 3->4: 85
epsilon (next episode)       : 0.14655
replay buffer                : 300000 samples [1: 61.6%, 2: 23.7%, 3: 14.8%, 4: 0.0%]
DFA state visits in window   : 1: 17183, 2: 11079, 3: 4350, 4: 85
DFA state visits cumulative  : 1: 1273523, 2: 190984, 3: 86907, 4: 424
DFA state entries in window  : 1: 100, 2: 93, 3: 86, 4: 85
DFA state entries cumulative : 1: 4800, 2: 1153, 3: 636, 4: 424
transitions cumulative       : 1->2: 1153, 2->3: 636, 3->4: 424
accepted directly from s0    : 0
Gym endings cumulative       : terminated=4016, truncated=361
Best policy updated at episode 4800: mean learning reward=7338.596

[Episode 4900/8000 | last 100]
success rate                : 85.0% (cumulative 10.4%)
synthetic task reward       : 8500.000
shaping reward              : -1046.286
learning reward             : 7453.714
episode length              : 328.8
abstract changes / episode  : 21.1
DFA transitions / episode   : 2.60
DFA transitions in window   : 1->2: 88, 2->3: 87, 3->4: 85
epsilon (next episode)       : 0.14080
replay buffer                : 300000 samples [1: 57.1%, 2: 27.1%, 3: 15.9%, 4: 0.0%]
DFA state visits in window   : 1: 16964, 2: 11405, 3: 4523, 4: 85
DFA state visits cumulative  : 1: 1290487, 2: 202389, 3: 91430, 4: 509
DFA state entries in window  : 1: 100, 2: 88, 3: 87, 4: 85
DFA state entries cumulative : 1: 4900, 2: 1241, 3: 723, 4: 509
transitions cumulative       : 1->2: 1241, 2->3: 723, 3->4: 509
accepted directly from s0    : 0
Gym endings cumulative       : terminated=4031, truncated=361
Best policy updated at episode 4900: mean learning reward=7453.714

[Episode 5000/8000 | last 100]
success rate                : 95.0% (cumulative 12.1%)
synthetic task reward       : 9500.000
shaping reward              : -982.352
learning reward             : 8517.648
episode length              : 327.9
abstract changes / episode  : 21.5
DFA transitions / episode   : 2.89
DFA transitions in window   : 1->2: 97, 2->3: 97, 3->4: 95
epsilon (next episode)       : 0.13528
replay buffer                : 300000 samples [1: 54.2%, 2: 29.7%, 3: 16.1%, 4: 0.0%]
DFA state visits in window   : 1: 15591, 2: 11419, 3: 5785, 4: 95
DFA state visits cumulative  : 1: 1306078, 2: 213808, 3: 97215, 4: 604
DFA state entries in window  : 1: 100, 2: 97, 3: 97, 4: 95
DFA state entries cumulative : 1: 5000, 2: 1338, 3: 820, 4: 604
transitions cumulative       : 1->2: 1338, 2->3: 820, 3->4: 604
accepted directly from s0    : 0
Gym endings cumulative       : terminated=4036, truncated=361
Best policy updated at episode 5000: mean learning reward=8517.648

[Episode 5100/8000 | last 100]
success rate                : 96.0% (cumulative 13.7%)
synthetic task reward       : 9600.000
shaping reward              : -788.590
learning reward             : 8811.410
episode length              : 294.1
abstract changes / episode  : 19.6
DFA transitions / episode   : 2.92
DFA transitions in window   : 1->2: 99, 2->3: 97, 3->4: 96
epsilon (next episode)       : 0.12998
replay buffer                : 300000 samples [1: 53.0%, 2: 31.5%, 3: 15.6%, 4: 0.0%]
DFA state visits in window   : 1: 15129, 2: 9737, 3: 4553, 4: 96
DFA state visits cumulative  : 1: 1321207, 2: 223545, 3: 101768, 4: 700
DFA state entries in window  : 1: 100, 2: 99, 3: 97, 4: 96
DFA state entries cumulative : 1: 5100, 2: 1437, 3: 917, 4: 700
transitions cumulative       : 1->2: 1437, 2->3: 917, 3->4: 700
accepted directly from s0    : 0
Gym endings cumulative       : terminated=4040, truncated=361
Best policy updated at episode 5100: mean learning reward=8811.410

[Episode 5200/8000 | last 100]
success rate                : 92.0% (cumulative 15.2%)
synthetic task reward       : 9200.000
shaping reward              : -1006.588
learning reward             : 8193.412
episode length              : 301.7
abstract changes / episode  : 21.8
DFA transitions / episode   : 2.86
DFA transitions in window   : 1->2: 98, 2->3: 96, 3->4: 92
epsilon (next episode)       : 0.12488
replay buffer                : 300000 samples [1: 52.2%, 2: 32.1%, 3: 15.7%, 4: 0.0%]
DFA state visits in window   : 1: 14679, 2: 10048, 3: 5450, 4: 92
DFA state visits cumulative  : 1: 1335886, 2: 233593, 3: 107218, 4: 792
DFA state entries in window  : 1: 100, 2: 98, 3: 96, 4: 92
DFA state entries cumulative : 1: 5200, 2: 1535, 3: 1013, 4: 792
transitions cumulative       : 1->2: 1535, 2->3: 1013, 3->4: 792
accepted directly from s0    : 0
Gym endings cumulative       : terminated=4048, truncated=361

[Episode 5300/8000 | last 100]
success rate                : 84.0% (cumulative 16.5%)
synthetic task reward       : 8400.000
shaping reward              : -969.792
learning reward             : 7430.208
episode length              : 270.0
abstract changes / episode  : 20.6
DFA transitions / episode   : 2.63
DFA transitions in window   : 1->2: 91, 2->3: 88, 3->4: 84
epsilon (next episode)       : 0.11998
replay buffer                : 300000 samples [1: 52.4%, 2: 32.2%, 3: 15.4%, 4: 0.0%]
DFA state visits in window   : 1: 13903, 2: 9120, 3: 3993, 4: 84
DFA state visits cumulative  : 1: 1349789, 2: 242713, 3: 111211, 4: 876
DFA state entries in window  : 1: 100, 2: 91, 3: 88, 4: 84
DFA state entries cumulative : 1: 5300, 2: 1626, 3: 1101, 4: 876
transitions cumulative       : 1->2: 1626, 2->3: 1101, 3->4: 876
accepted directly from s0    : 0
Gym endings cumulative       : terminated=4064, truncated=361

[Episode 5400/8000 | last 100]
success rate                : 76.0% (cumulative 17.6%)
synthetic task reward       : 7600.000
shaping reward              : -1332.506
learning reward             : 6267.494
episode length              : 346.7
abstract changes / episode  : 24.4
DFA transitions / episode   : 2.65
DFA transitions in window   : 1->2: 96, 2->3: 93, 3->4: 76
epsilon (next episode)       : 0.11528
replay buffer                : 300000 samples [1: 50.7%, 2: 33.5%, 3: 15.9%, 4: 0.0%]
DFA state visits in window   : 1: 13701, 2: 13741, 3: 7251, 4: 76
DFA state visits cumulative  : 1: 1363490, 2: 256454, 3: 118462, 4: 952
DFA state entries in window  : 1: 100, 2: 96, 3: 93, 4: 76
DFA state entries cumulative : 1: 5400, 2: 1722, 3: 1194, 4: 952
transitions cumulative       : 1->2: 1722, 2->3: 1194, 3->4: 952
accepted directly from s0    : 0
Gym endings cumulative       : terminated=4087, truncated=362

[Episode 5500/8000 | last 100]
success rate                : 72.0% (cumulative 18.6%)
synthetic task reward       : 7200.000
shaping reward              : -1339.971
learning reward             : 5860.029
episode length              : 394.9
abstract changes / episode  : 23.1
DFA transitions / episode   : 2.34
DFA transitions in window   : 1->2: 83, 2->3: 79, 3->4: 72
epsilon (next episode)       : 0.11075
replay buffer                : 300000 samples [1: 50.8%, 2: 33.0%, 3: 16.2%, 4: 0.0%]
DFA state visits in window   : 1: 23144, 2: 10139, 3: 6233, 4: 72
DFA state visits cumulative  : 1: 1386634, 2: 266593, 3: 124695, 4: 1024
DFA state entries in window  : 1: 100, 2: 83, 3: 79, 4: 72
DFA state entries cumulative : 1: 5500, 2: 1805, 3: 1273, 4: 1024
transitions cumulative       : 1->2: 1805, 2->3: 1273, 3->4: 1024
accepted directly from s0    : 0
Gym endings cumulative       : terminated=4105, truncated=372

[Episode 5600/8000 | last 100]
success rate                : 37.0% (cumulative 18.9%)
synthetic task reward       : 3700.000
shaping reward              : -1892.762
learning reward             : 1807.238
episode length              : 411.7
abstract changes / episode  : 26.3
DFA transitions / episode   : 1.67
DFA transitions in window   : 1->2: 81, 2->3: 49, 3->4: 37
epsilon (next episode)       : 0.10641
replay buffer                : 300000 samples [1: 51.2%, 2: 33.3%, 3: 15.5%, 4: 0.0%]
DFA state visits in window   : 1: 23495, 2: 13265, 3: 4472, 4: 37
DFA state visits cumulative  : 1: 1410129, 2: 279858, 3: 129167, 4: 1061
DFA state entries in window  : 1: 100, 2: 81, 3: 49, 4: 37
DFA state entries cumulative : 1: 5600, 2: 1886, 3: 1322, 4: 1061
transitions cumulative       : 1->2: 1886, 2->3: 1322, 3->4: 1061
accepted directly from s0    : 0
Gym endings cumulative       : terminated=4163, truncated=377

[Episode 5700/8000 | last 100]
success rate                : 43.0% (cumulative 19.4%)
synthetic task reward       : 4300.000
shaping reward              : -1338.160
learning reward             : 2961.840
episode length              : 274.8
abstract changes / episode  : 20.1
DFA transitions / episode   : 1.62
DFA transitions in window   : 1->2: 72, 2->3: 47, 3->4: 43
epsilon (next episode)       : 0.10224
replay buffer                : 300000 samples [1: 52.5%, 2: 32.5%, 3: 15.1%, 4: 0.0%]
DFA state visits in window   : 1: 18075, 2: 7061, 3: 2400, 4: 43
DFA state visits cumulative  : 1: 1428204, 2: 286919, 3: 131567, 4: 1104
DFA state entries in window  : 1: 100, 2: 72, 3: 47, 4: 43
DFA state entries cumulative : 1: 5700, 2: 1958, 3: 1369, 4: 1104
transitions cumulative       : 1->2: 1958, 2->3: 1369, 3->4: 1104
accepted directly from s0    : 0
Gym endings cumulative       : terminated=4219, truncated=378

[Episode 5800/8000 | last 100]
success rate                : 53.0% (cumulative 19.9%)
synthetic task reward       : 5300.000
shaping reward              : -1683.503
learning reward             : 3616.497
episode length              : 394.4
abstract changes / episode  : 24.7
DFA transitions / episode   : 1.87
DFA transitions in window   : 1->2: 79, 2->3: 55, 3->4: 53
epsilon (next episode)       : 0.09823
replay buffer                : 300000 samples [1: 53.7%, 2: 32.1%, 3: 14.2%, 4: 0.0%]
DFA state visits in window   : 1: 24305, 2: 12504, 3: 2682, 4: 53
DFA state visits cumulative  : 1: 1452509, 2: 299423, 3: 134249, 4: 1157
DFA state entries in window  : 1: 100, 2: 79, 3: 55, 4: 53
DFA state entries cumulative : 1: 5800, 2: 2037, 3: 1424, 4: 1157
transitions cumulative       : 1->2: 2037, 2->3: 1424, 3->4: 1157
accepted directly from s0    : 0
Gym endings cumulative       : terminated=4257, truncated=387

[Episode 5900/8000 | last 100]
success rate                : 65.0% (cumulative 20.7%)
synthetic task reward       : 6500.000
shaping reward              : -1220.717
learning reward             : 5279.283
episode length              : 319.4
abstract changes / episode  : 21.1
DFA transitions / episode   : 2.00
DFA transitions in window   : 1->2: 69, 2->3: 66, 3->4: 65
epsilon (next episode)       : 0.09438
replay buffer                : 300000 samples [1: 55.2%, 2: 31.3%, 3: 13.5%, 4: 0.0%]
DFA state visits in window   : 1: 19904, 2: 8492, 3: 3576, 4: 65
DFA state visits cumulative  : 1: 1472413, 2: 307915, 3: 137825, 4: 1222
DFA state entries in window  : 1: 100, 2: 69, 3: 66, 4: 65
DFA state entries cumulative : 1: 5900, 2: 2106, 3: 1490, 4: 1222
transitions cumulative       : 1->2: 2106, 2->3: 1490, 3->4: 1222
accepted directly from s0    : 0
Gym endings cumulative       : terminated=4286, truncated=393

[Episode 6000/8000 | last 100]
success rate                : 81.0% (cumulative 21.7%)
synthetic task reward       : 8100.000
shaping reward              : -962.191
learning reward             : 7137.809
episode length              : 284.4
abstract changes / episode  : 19.8
DFA transitions / episode   : 2.45
DFA transitions in window   : 1->2: 82, 2->3: 82, 3->4: 81
epsilon (next episode)       : 0.09067
replay buffer                : 300000 samples [1: 55.8%, 2: 31.0%, 3: 13.3%, 4: 0.0%]
DFA state visits in window   : 1: 16195, 2: 8546, 3: 3716, 4: 81
DFA state visits cumulative  : 1: 1488608, 2: 316461, 3: 141541, 4: 1303
DFA state entries in window  : 1: 100, 2: 82, 3: 82, 4: 81
DFA state entries cumulative : 1: 6000, 2: 2188, 3: 1572, 4: 1303
transitions cumulative       : 1->2: 2188, 2->3: 1572, 3->4: 1303
accepted directly from s0    : 0
Gym endings cumulative       : terminated=4305, truncated=393

[Episode 6100/8000 | last 100]
success rate                : 84.0% (cumulative 22.7%)
synthetic task reward       : 8400.000
shaping reward              : -1070.186
learning reward             : 7329.814
episode length              : 293.1
abstract changes / episode  : 21.8
DFA transitions / episode   : 2.61
DFA transitions in window   : 1->2: 91, 2->3: 86, 3->4: 84
epsilon (next episode)       : 0.08712
replay buffer                : 300000 samples [1: 56.0%, 2: 31.2%, 3: 12.9%, 4: 0.0%]
DFA state visits in window   : 1: 14814, 2: 10330, 3: 4186, 4: 84
DFA state visits cumulative  : 1: 1503422, 2: 326791, 3: 145727, 4: 1387
DFA state entries in window  : 1: 100, 2: 91, 3: 86, 4: 84
DFA state entries cumulative : 1: 6100, 2: 2279, 3: 1658, 4: 1387
transitions cumulative       : 1->2: 2279, 2->3: 1658, 3->4: 1387
accepted directly from s0    : 0
Gym endings cumulative       : terminated=4321, truncated=393

[Episode 6200/8000 | last 100]
success rate                : 75.0% (cumulative 23.6%)
synthetic task reward       : 7500.000
shaping reward              : -1243.040
learning reward             : 6256.960
episode length              : 306.3
abstract changes / episode  : 22.4
DFA transitions / episode   : 2.34
DFA transitions in window   : 1->2: 82, 2->3: 77, 3->4: 75
epsilon (next episode)       : 0.08370
replay buffer                : 300000 samples [1: 56.3%, 2: 30.8%, 3: 12.8%, 4: 0.0%]
DFA state visits in window   : 1: 16675, 2: 9591, 3: 4391, 4: 75
DFA state visits cumulative  : 1: 1520097, 2: 336382, 3: 150118, 4: 1462
DFA state entries in window  : 1: 100, 2: 82, 3: 77, 4: 75
DFA state entries cumulative : 1: 6200, 2: 2361, 3: 1735, 4: 1462
transitions cumulative       : 1->2: 2361, 2->3: 1735, 3->4: 1462
accepted directly from s0    : 0
Gym endings cumulative       : terminated=4346, truncated=393

[Episode 6300/8000 | last 100]
success rate                : 78.0% (cumulative 24.4%)
synthetic task reward       : 7800.000
shaping reward              : -1256.645
learning reward             : 6543.355
episode length              : 319.2
abstract changes / episode  : 23.1
DFA transitions / episode   : 2.47
DFA transitions in window   : 1->2: 88, 2->3: 81, 3->4: 78
epsilon (next episode)       : 0.08042
replay buffer                : 300000 samples [1: 58.3%, 2: 29.7%, 3: 12.0%, 4: 0.0%]
DFA state visits in window   : 1: 18284, 2: 9276, 3: 4386, 4: 78
DFA state visits cumulative  : 1: 1538381, 2: 345658, 3: 154504, 4: 1540
DFA state entries in window  : 1: 100, 2: 88, 3: 81, 4: 78
DFA state entries cumulative : 1: 6300, 2: 2449, 3: 1816, 4: 1540
transitions cumulative       : 1->2: 2449, 2->3: 1816, 3->4: 1540
accepted directly from s0    : 0
Gym endings cumulative       : terminated=4367, truncated=394

[Episode 6400/8000 | last 100]
success rate                : 23.0% (cumulative 24.4%)
synthetic task reward       : 2300.000
shaping reward              : -1414.059
learning reward             : 885.941
episode length              : 532.0
abstract changes / episode  : 18.9
DFA transitions / episode   : 0.71
DFA transitions in window   : 1->2: 24, 2->3: 24, 3->4: 23
epsilon (next episode)       : 0.07727
replay buffer                : 300000 samples [1: 63.7%, 2: 26.1%, 3: 10.2%, 4: 0.0%]
DFA state visits in window   : 1: 49426, 2: 2418, 3: 1428, 4: 23
DFA state visits cumulative  : 1: 1587807, 2: 348076, 3: 155932, 4: 1563
DFA state entries in window  : 1: 100, 2: 24, 3: 24, 4: 23
DFA state entries cumulative : 1: 6400, 2: 2473, 3: 1840, 4: 1563
transitions cumulative       : 1->2: 2473, 2->3: 1840, 3->4: 1563
accepted directly from s0    : 0
Gym endings cumulative       : terminated=4407, truncated=431

[Episode 6500/8000 | last 100]
success rate                : 43.0% (cumulative 24.7%)
synthetic task reward       : 4300.000
shaping reward              : -1439.156
learning reward             : 2860.844
episode length              : 399.6
abstract changes / episode  : 20.9
DFA transitions / episode   : 1.32
DFA transitions in window   : 1->2: 46, 2->3: 43, 3->4: 43
epsilon (next episode)       : 0.07423
replay buffer                : 300000 samples [1: 67.4%, 2: 23.3%, 3: 9.4%, 4: 0.0%]
DFA state visits in window   : 1: 32840, 2: 4559, 3: 2616, 4: 43
DFA state visits cumulative  : 1: 1620647, 2: 352635, 3: 158548, 4: 1606
DFA state entries in window  : 1: 100, 2: 46, 3: 43, 4: 43
DFA state entries cumulative : 1: 6500, 2: 2519, 3: 1883, 4: 1606
transitions cumulative       : 1->2: 2519, 2->3: 1883, 3->4: 1606
accepted directly from s0    : 0
Gym endings cumulative       : terminated=4450, truncated=445

[Episode 6600/8000 | last 100]
success rate                : 66.0% (cumulative 25.3%)
synthetic task reward       : 6600.000
shaping reward              : -1686.060
learning reward             : 4913.940
episode length              : 472.4
abstract changes / episode  : 26.5
DFA transitions / episode   : 2.15
DFA transitions in window   : 1->2: 76, 2->3: 73, 3->4: 66
epsilon (next episode)       : 0.07132
replay buffer                : 300000 samples [1: 69.2%, 2: 20.7%, 3: 10.2%, 4: 0.0%]
DFA state visits in window   : 1: 33973, 2: 7382, 3: 5921, 4: 66
DFA state visits cumulative  : 1: 1654620, 2: 360017, 3: 164469, 4: 1672
DFA state entries in window  : 1: 100, 2: 76, 3: 73, 4: 66
DFA state entries cumulative : 1: 6600, 2: 2595, 3: 1956, 4: 1672
transitions cumulative       : 1->2: 2595, 2->3: 1956, 3->4: 1672
accepted directly from s0    : 0
Gym endings cumulative       : terminated=4475, truncated=454

[Episode 6700/8000 | last 100]
success rate                : 50.0% (cumulative 25.7%)
synthetic task reward       : 5000.000
shaping reward              : -1794.298
learning reward             : 3205.702
episode length              : 439.4
abstract changes / episode  : 25.5
DFA transitions / episode   : 1.63
DFA transitions in window   : 1->2: 60, 2->3: 53, 3->4: 50
epsilon (next episode)       : 0.06853
replay buffer                : 300000 samples [1: 70.6%, 2: 19.7%, 3: 9.7%, 4: 0.0%]
DFA state visits in window   : 1: 32946, 2: 8193, 3: 2846, 4: 50
DFA state visits cumulative  : 1: 1687566, 2: 368210, 3: 167315, 4: 1722
DFA state entries in window  : 1: 100, 2: 60, 3: 53, 4: 50
DFA state entries cumulative : 1: 6700, 2: 2655, 3: 2009, 4: 1722
transitions cumulative       : 1->2: 2655, 2->3: 2009, 3->4: 1722
accepted directly from s0    : 0
Gym endings cumulative       : terminated=4512, truncated=467

[Episode 6800/8000 | last 100]
success rate                : 78.0% (cumulative 26.5%)
synthetic task reward       : 7800.000
shaping reward              : -952.556
learning reward             : 6847.444
episode length              : 286.1
abstract changes / episode  : 20.0
DFA transitions / episode   : 2.46
DFA transitions in window   : 1->2: 87, 2->3: 81, 3->4: 78
epsilon (next episode)       : 0.06584
replay buffer                : 300000 samples [1: 71.1%, 2: 18.6%, 3: 10.3%, 4: 0.0%]
DFA state visits in window   : 1: 17190, 2: 5768, 3: 5679, 4: 78
DFA state visits cumulative  : 1: 1704756, 2: 373978, 3: 172994, 4: 1800
DFA state entries in window  : 1: 100, 2: 87, 3: 81, 4: 78
DFA state entries cumulative : 1: 6800, 2: 2742, 3: 2090, 4: 1800
transitions cumulative       : 1->2: 2742, 2->3: 2090, 3->4: 1800
accepted directly from s0    : 0
Gym endings cumulative       : terminated=4531, truncated=470

[Episode 6900/8000 | last 100]
success rate                : 84.0% (cumulative 27.3%)
synthetic task reward       : 8400.000
shaping reward              : -1042.552
learning reward             : 7357.448
episode length              : 296.4
abstract changes / episode  : 21.5
DFA transitions / episode   : 2.62
DFA transitions in window   : 1->2: 91, 2->3: 87, 3->4: 84
epsilon (next episode)       : 0.06326
replay buffer                : 300000 samples [1: 72.7%, 2: 17.3%, 3: 10.1%, 4: 0.0%]
DFA state visits in window   : 1: 19270, 2: 6178, 3: 4203, 4: 84
DFA state visits cumulative  : 1: 1724026, 2: 380156, 3: 177197, 4: 1884
DFA state entries in window  : 1: 100, 2: 91, 3: 87, 4: 84
DFA state entries cumulative : 1: 6900, 2: 2833, 3: 2177, 4: 1884
transitions cumulative       : 1->2: 2833, 2->3: 2177, 3->4: 1884
accepted directly from s0    : 0
Gym endings cumulative       : terminated=4547, truncated=470

[Episode 7000/8000 | last 100]
success rate                : 86.0% (cumulative 28.1%)
synthetic task reward       : 8600.000
shaping reward              : -1051.692
learning reward             : 7548.308
episode length              : 292.4
abstract changes / episode  : 21.4
DFA transitions / episode   : 2.67
DFA transitions in window   : 1->2: 92, 2->3: 89, 3->4: 86
epsilon (next episode)       : 0.06078
replay buffer                : 300000 samples [1: 73.1%, 2: 16.6%, 3: 10.2%, 4: 0.0%]
DFA state visits in window   : 1: 17979, 2: 7169, 3: 4105, 4: 86
DFA state visits cumulative  : 1: 1742005, 2: 387325, 3: 181302, 4: 1970
DFA state entries in window  : 1: 100, 2: 92, 3: 89, 4: 86
DFA state entries cumulative : 1: 7000, 2: 2925, 3: 2266, 4: 1970
transitions cumulative       : 1->2: 2925, 2->3: 2266, 3->4: 1970
accepted directly from s0    : 0
Gym endings cumulative       : terminated=4560, truncated=471

[Episode 7100/8000 | last 100]
success rate                : 75.0% (cumulative 28.8%)
synthetic task reward       : 7500.000
shaping reward              : -1164.730
learning reward             : 6335.270
episode length              : 270.0
abstract changes / episode  : 20.9
DFA transitions / episode   : 2.34
DFA transitions in window   : 1->2: 82, 2->3: 77, 3->4: 75
epsilon (next episode)       : 0.05839
replay buffer                : 300000 samples [1: 73.4%, 2: 16.4%, 3: 10.2%, 4: 0.0%]
DFA state visits in window   : 1: 15653, 2: 7498, 3: 3878, 4: 75
DFA state visits cumulative  : 1: 1757658, 2: 394823, 3: 185180, 4: 2045
DFA state entries in window  : 1: 100, 2: 82, 3: 77, 4: 75
DFA state entries cumulative : 1: 7100, 2: 3007, 3: 2343, 4: 2045
transitions cumulative       : 1->2: 3007, 2->3: 2343, 3->4: 2045
accepted directly from s0    : 0
Gym endings cumulative       : terminated=4585, truncated=471

[Episode 7200/8000 | last 100]
success rate                : 67.0% (cumulative 29.3%)
synthetic task reward       : 6700.000
shaping reward              : -1504.207
learning reward             : 5195.793
episode length              : 325.6
abstract changes / episode  : 24.6
DFA transitions / episode   : 2.21
DFA transitions in window   : 1->2: 82, 2->3: 72, 3->4: 67
epsilon (next episode)       : 0.05610
replay buffer                : 300000 samples [1: 69.9%, 2: 19.3%, 3: 10.8%, 4: 0.0%]
DFA state visits in window   : 1: 19910, 2: 9991, 3: 2695, 4: 67
DFA state visits cumulative  : 1: 1777568, 2: 404814, 3: 187875, 4: 2112
DFA state entries in window  : 1: 100, 2: 82, 3: 72, 4: 67
DFA state entries cumulative : 1: 7200, 2: 3089, 3: 2415, 4: 2112
transitions cumulative       : 1->2: 3089, 2->3: 2415, 3->4: 2112
accepted directly from s0    : 0
Gym endings cumulative       : terminated=4616, truncated=473

[Episode 7300/8000 | last 100]
success rate                : 64.0% (cumulative 29.8%)
synthetic task reward       : 6400.000
shaping reward              : -1640.913
learning reward             : 4759.087
episode length              : 345.3
abstract changes / episode  : 26.2
DFA transitions / episode   : 2.24
DFA transitions in window   : 1->2: 85, 2->3: 75, 3->4: 64
epsilon (next episode)       : 0.05390
replay buffer                : 300000 samples [1: 67.2%, 2: 21.0%, 3: 11.8%, 4: 0.0%]
DFA state visits in window   : 1: 22938, 2: 7289, 3: 4342, 4: 64
DFA state visits cumulative  : 1: 1800506, 2: 412103, 3: 192217, 4: 2176
DFA state entries in window  : 1: 100, 2: 85, 3: 75, 4: 64
DFA state entries cumulative : 1: 7300, 2: 3174, 3: 2490, 4: 2176
transitions cumulative       : 1->2: 3174, 2->3: 2490, 3->4: 2176
accepted directly from s0    : 0
Gym endings cumulative       : terminated=4649, truncated=476

[Episode 7400/8000 | last 100]
success rate                : 52.0% (cumulative 30.1%)
synthetic task reward       : 5200.000
shaping reward              : -1757.355
learning reward             : 3442.645
episode length              : 318.2
abstract changes / episode  : 25.2
DFA transitions / episode   : 1.85
DFA transitions in window   : 1->2: 79, 2->3: 54, 3->4: 52
epsilon (next episode)       : 0.05179
replay buffer                : 300000 samples [1: 64.7%, 2: 23.5%, 3: 11.8%, 4: 0.0%]
DFA state visits in window   : 1: 18025, 2: 11761, 3: 2085, 4: 52
DFA state visits cumulative  : 1: 1818531, 2: 423864, 3: 194302, 4: 2228
DFA state entries in window  : 1: 100, 2: 79, 3: 54, 4: 52
DFA state entries cumulative : 1: 7400, 2: 3253, 3: 2544, 4: 2228
transitions cumulative       : 1->2: 3253, 2->3: 2544, 3->4: 2228
accepted directly from s0    : 0
Gym endings cumulative       : terminated=4696, truncated=477

[Episode 7500/8000 | last 100]
success rate                : 36.0% (cumulative 30.2%)
synthetic task reward       : 3600.000
shaping reward              : -2007.778
learning reward             : 1592.222
episode length              : 429.8
abstract changes / episode  : 27.1
DFA transitions / episode   : 1.46
DFA transitions in window   : 1->2: 72, 2->3: 38, 3->4: 36
epsilon (next episode)       : 0.04976
replay buffer                : 300000 samples [1: 64.7%, 2: 24.8%, 3: 10.4%, 4: 0.0%]
DFA state visits in window   : 1: 30708, 2: 10788, 3: 1544, 4: 36
DFA state visits cumulative  : 1: 1849239, 2: 434652, 3: 195846, 4: 2264
DFA state entries in window  : 1: 100, 2: 72, 3: 38, 4: 36
DFA state entries cumulative : 1: 7500, 2: 3325, 3: 2582, 4: 2264
transitions cumulative       : 1->2: 3325, 2->3: 2582, 3->4: 2264
accepted directly from s0    : 0
Gym endings cumulative       : terminated=4750, truncated=487

[Episode 7600/8000 | last 100]
success rate                : 32.0% (cumulative 30.2%)
synthetic task reward       : 3200.000
shaping reward              : -1722.702
learning reward             : 1477.298
episode length              : 297.4
abstract changes / episode  : 22.0
DFA transitions / episode   : 1.18
DFA transitions in window   : 1->2: 49, 2->3: 37, 3->4: 32
epsilon (next episode)       : 0.04781
replay buffer                : 300000 samples [1: 63.7%, 2: 25.1%, 3: 11.2%, 4: 0.0%]
DFA state visits in window   : 1: 19549, 2: 6687, 3: 3573, 4: 32
DFA state visits cumulative  : 1: 1868788, 2: 441339, 3: 199419, 4: 2296
DFA state entries in window  : 1: 100, 2: 49, 3: 37, 4: 32
DFA state entries cumulative : 1: 7600, 2: 3374, 3: 2619, 4: 2296
transitions cumulative       : 1->2: 3374, 2->3: 2619, 3->4: 2296
accepted directly from s0    : 0
Gym endings cumulative       : terminated=4813, truncated=492

[Episode 7700/8000 | last 100]
success rate                : 10.0% (cumulative 29.9%)
synthetic task reward       : 1000.000
shaping reward              : -1948.058
learning reward             : -948.058
episode length              : 262.2
abstract changes / episode  : 21.9
DFA transitions / episode   : 0.72
DFA transitions in window   : 1->2: 46, 2->3: 16, 3->4: 10
epsilon (next episode)       : 0.04593
replay buffer                : 300000 samples [1: 63.3%, 2: 26.2%, 3: 10.5%, 4: 0.0%]
DFA state visits in window   : 1: 16352, 2: 8135, 3: 1822, 4: 10
DFA state visits cumulative  : 1: 1885140, 2: 449474, 3: 201241, 4: 2306
DFA state entries in window  : 1: 100, 2: 46, 3: 16, 4: 10
DFA state entries cumulative : 1: 7700, 2: 3420, 3: 2635, 4: 2306
transitions cumulative       : 1->2: 3420, 2->3: 2635, 3->4: 2306
accepted directly from s0    : 0
Gym endings cumulative       : terminated=4896, truncated=499

[Episode 7800/8000 | last 100]
success rate                : 31.0% (cumulative 30.0%)
synthetic task reward       : 3100.000
shaping reward              : -1522.678
learning reward             : 1577.322
episode length              : 241.9
abstract changes / episode  : 18.4
DFA transitions / episode   : 1.12
DFA transitions in window   : 1->2: 45, 2->3: 36, 3->4: 31
epsilon (next episode)       : 0.04413
replay buffer                : 300000 samples [1: 63.4%, 2: 27.1%, 3: 9.5%, 4: 0.0%]
DFA state visits in window   : 1: 15375, 2: 7487, 3: 1400, 4: 31
DFA state visits cumulative  : 1: 1900515, 2: 456961, 3: 202641, 4: 2337
DFA state entries in window  : 1: 100, 2: 45, 3: 36, 4: 31
DFA state entries cumulative : 1: 7800, 2: 3465, 3: 2671, 4: 2337
transitions cumulative       : 1->2: 3465, 2->3: 2671, 3->4: 2337
accepted directly from s0    : 0
Gym endings cumulative       : terminated=4965, truncated=499

[Episode 7900/8000 | last 100]
success rate                : 25.0% (cumulative 29.9%)
synthetic task reward       : 2500.000
shaping reward              : -1281.290
learning reward             : 1218.710
episode length              : 253.3
abstract changes / episode  : 15.4
DFA transitions / episode   : 0.82
DFA transitions in window   : 1->2: 32, 2->3: 25, 3->4: 25
epsilon (next episode)       : 0.04240
replay buffer                : 300000 samples [1: 64.1%, 2: 27.2%, 3: 8.6%, 4: 0.0%]
DFA state visits in window   : 1: 18740, 2: 5747, 3: 916, 4: 25
DFA state visits cumulative  : 1: 1919255, 2: 462708, 3: 203557, 4: 2362
DFA state entries in window  : 1: 100, 2: 32, 3: 25, 4: 25
DFA state entries cumulative : 1: 7900, 2: 3497, 3: 2696, 4: 2362
transitions cumulative       : 1->2: 3497, 2->3: 2696, 3->4: 2362
accepted directly from s0    : 0
Gym endings cumulative       : terminated=5040, truncated=499

[Episode 8000/8000 | last 100]
success rate                : 61.0% (cumulative 30.3%)
synthetic task reward       : 6100.000
shaping reward              : -1623.789
learning reward             : 4476.211
episode length              : 400.6
abstract changes / episode  : 25.6
DFA transitions / episode   : 2.14
DFA transitions in window   : 1->2: 82, 2->3: 71, 3->4: 61
epsilon (next episode)       : 0.04074
replay buffer                : 300000 samples [1: 61.7%, 2: 28.9%, 3: 9.4%, 4: 0.0%]
DFA state visits in window   : 1: 17083, 2: 14637, 3: 8377, 4: 61
DFA state visits cumulative  : 1: 1936338, 2: 477345, 3: 211934, 4: 2423
DFA state entries in window  : 1: 100, 2: 82, 3: 71, 4: 61
DFA state entries cumulative : 1: 8000, 2: 3579, 3: 2767, 4: 2423
transitions cumulative       : 1->2: 3579, 2->3: 2767, 3->4: 2423
accepted directly from s0    : 0
Gym endings cumulative       : terminated=5070, truncated=508
Last policy saved after episode 8000. Best policy: episode 5100, mean learning reward=8811.410
