
=== NEW RUN ===
episodes=8000, shaping=True, K=1.0, goal_reward=10000.0, gamma=0.99
training_shaping_gamma=False
inter_level_shaping=False, inter_level_K=0.0
formula=F(wp1 & X(F(g1)))
waypoints={'wp1': (1, 8), 'g1': (8, 8)}
dfa_states=[1, 2, 3], pre_trace=1, accepting=[3]

[Episode 1/8000 | last 1]
success rate                : 0.0% (cumulative 0.0%)
synthetic task reward       : 0.000
shaping reward              : -434.417
learning reward             : -434.417
episode length              : 101.0
abstract changes / episode  : 12.0
DFA transitions / episode   : 0.00
DFA transitions in window   : none
epsilon (next episode)       : 0.99960
replay buffer                : 101 samples [1: 100.0%, 2: 0.0%, 3: 0.0%]
DFA state visits in window   : 1: 102, 2: 0, 3: 0
DFA state visits cumulative  : 1: 102, 2: 0, 3: 0
DFA state entries in window  : 1: 1, 2: 0, 3: 0
DFA state entries cumulative : 1: 1, 2: 0, 3: 0
transitions cumulative       : none
accepted directly from s0    : 0
Gym endings cumulative       : terminated=1, truncated=0
Best policy updated at episode 1: mean learning reward=-434.417

[Episode 100/8000 | last 100]
success rate                : 0.0% (cumulative 0.0%)
synthetic task reward       : 0.000
shaping reward              : -303.577
learning reward             : -303.577
episode length              : 103.2
abstract changes / episode  : 12.9
DFA transitions / episode   : 0.03
DFA transitions in window   : 1->2: 3
epsilon (next episode)       : 0.96078
replay buffer                : 10320 samples [1: 99.2%, 2: 0.8%, 3: 0.0%]
DFA state visits in window   : 1: 10334, 2: 86, 3: 0
DFA state visits cumulative  : 1: 10334, 2: 86, 3: 0
DFA state entries in window  : 1: 100, 2: 3, 3: 0
DFA state entries cumulative : 1: 100, 2: 3, 3: 0
transitions cumulative       : 1->2: 3
accepted directly from s0    : 0
Gym endings cumulative       : terminated=99, truncated=1
Best policy updated at episode 100: mean learning reward=-303.577

[Episode 200/8000 | last 100]
success rate                : 0.0% (cumulative 0.0%)
synthetic task reward       : 0.000
shaping reward              : -302.353
learning reward             : -302.353
episode length              : 96.3
abstract changes / episode  : 12.8
DFA transitions / episode   : 0.01
DFA transitions in window   : 1->2: 1
epsilon (next episode)       : 0.92310
replay buffer                : 19951 samples [1: 99.5%, 2: 0.5%, 3: 0.0%]
DFA state visits in window   : 1: 9719, 2: 12, 3: 0
DFA state visits cumulative  : 1: 20053, 2: 98, 3: 0
DFA state entries in window  : 1: 100, 2: 1, 3: 0
DFA state entries cumulative : 1: 200, 2: 4, 3: 0
transitions cumulative       : 1->2: 4
accepted directly from s0    : 0
Gym endings cumulative       : terminated=199, truncated=1
Best policy updated at episode 200: mean learning reward=-302.353

[Episode 300/8000 | last 100]
success rate                : 0.0% (cumulative 0.0%)
synthetic task reward       : 0.000
shaping reward              : -244.338
learning reward             : -244.338
episode length              : 97.1
abstract changes / episode  : 12.8
DFA transitions / episode   : 0.06
DFA transitions in window   : 1->2: 6
epsilon (next episode)       : 0.88690
replay buffer                : 29664 samples [1: 99.2%, 2: 0.8%, 3: 0.0%]
DFA state visits in window   : 1: 9670, 2: 143, 3: 0
DFA state visits cumulative  : 1: 29723, 2: 241, 3: 0
DFA state entries in window  : 1: 100, 2: 6, 3: 0
DFA state entries cumulative : 1: 300, 2: 10, 3: 0
transitions cumulative       : 1->2: 10
accepted directly from s0    : 0
Gym endings cumulative       : terminated=299, truncated=1
Best policy updated at episode 300: mean learning reward=-244.338

[Episode 400/8000 | last 100]
success rate                : 0.0% (cumulative 0.0%)
synthetic task reward       : 0.000
shaping reward              : -267.721
learning reward             : -267.721
episode length              : 96.8
abstract changes / episode  : 12.6
DFA transitions / episode   : 0.02
DFA transitions in window   : 1->2: 2
epsilon (next episode)       : 0.85212
replay buffer                : 39349 samples [1: 99.3%, 2: 0.7%, 3: 0.0%]
DFA state visits in window   : 1: 9738, 2: 47, 3: 0
DFA state visits cumulative  : 1: 39461, 2: 288, 3: 0
DFA state entries in window  : 1: 100, 2: 2, 3: 0
DFA state entries cumulative : 1: 400, 2: 12, 3: 0
transitions cumulative       : 1->2: 12
accepted directly from s0    : 0
Gym endings cumulative       : terminated=399, truncated=1

[Episode 500/8000 | last 100]
success rate                : 0.0% (cumulative 0.0%)
synthetic task reward       : 0.000
shaping reward              : -256.354
learning reward             : -256.354
episode length              : 97.5
abstract changes / episode  : 12.7
DFA transitions / episode   : 0.02
DFA transitions in window   : 1->2: 2
epsilon (next episode)       : 0.81870
replay buffer                : 49099 samples [1: 99.3%, 2: 0.7%, 3: 0.0%]
DFA state visits in window   : 1: 9801, 2: 49, 3: 0
DFA state visits cumulative  : 1: 49262, 2: 337, 3: 0
DFA state entries in window  : 1: 100, 2: 2, 3: 0
DFA state entries cumulative : 1: 500, 2: 14, 3: 0
transitions cumulative       : 1->2: 14
accepted directly from s0    : 0
Gym endings cumulative       : terminated=499, truncated=1

[Episode 600/8000 | last 100]
success rate                : 0.0% (cumulative 0.0%)
synthetic task reward       : 0.000
shaping reward              : -262.420
learning reward             : -262.420
episode length              : 114.0
abstract changes / episode  : 12.9
DFA transitions / episode   : 0.03
DFA transitions in window   : 1->2: 3
epsilon (next episode)       : 0.78659
replay buffer                : 60494 samples [1: 99.3%, 2: 0.7%, 3: 0.0%]
DFA state visits in window   : 1: 11419, 2: 76, 3: 0
DFA state visits cumulative  : 1: 60681, 2: 413, 3: 0
DFA state entries in window  : 1: 100, 2: 3, 3: 0
DFA state entries cumulative : 1: 600, 2: 17, 3: 0
transitions cumulative       : 1->2: 17
accepted directly from s0    : 0
Gym endings cumulative       : terminated=598, truncated=2

[Episode 700/8000 | last 100]
success rate                : 0.0% (cumulative 0.0%)
synthetic task reward       : 0.000
shaping reward              : -258.961
learning reward             : -258.961
episode length              : 117.6
abstract changes / episode  : 13.0
DFA transitions / episode   : 0.03
DFA transitions in window   : 1->2: 3
epsilon (next episode)       : 0.75574
replay buffer                : 72256 samples [1: 99.3%, 2: 0.7%, 3: 0.0%]
DFA state visits in window   : 1: 11749, 2: 113, 3: 0
DFA state visits cumulative  : 1: 72430, 2: 526, 3: 0
DFA state entries in window  : 1: 100, 2: 3, 3: 0
DFA state entries cumulative : 1: 700, 2: 20, 3: 0
transitions cumulative       : 1->2: 20
accepted directly from s0    : 0
Gym endings cumulative       : terminated=698, truncated=2

[Episode 800/8000 | last 100]
success rate                : 0.0% (cumulative 0.0%)
synthetic task reward       : 0.000
shaping reward              : -269.760
learning reward             : -269.760
episode length              : 127.6
abstract changes / episode  : 13.2
DFA transitions / episode   : 0.03
DFA transitions in window   : 1->2: 3
epsilon (next episode)       : 0.72610
replay buffer                : 85016 samples [1: 99.3%, 2: 0.7%, 3: 0.0%]
DFA state visits in window   : 1: 12771, 2: 89, 3: 0
DFA state visits cumulative  : 1: 85201, 2: 615, 3: 0
DFA state entries in window  : 1: 100, 2: 3, 3: 0
DFA state entries cumulative : 1: 800, 2: 23, 3: 0
transitions cumulative       : 1->2: 23
accepted directly from s0    : 0
Gym endings cumulative       : terminated=797, truncated=3

[Episode 900/8000 | last 100]
success rate                : 0.0% (cumulative 0.0%)
synthetic task reward       : 0.000
shaping reward              : -264.227
learning reward             : -264.227
episode length              : 128.2
abstract changes / episode  : 13.2
DFA transitions / episode   : 0.03
DFA transitions in window   : 1->2: 3
epsilon (next episode)       : 0.69763
replay buffer                : 97832 samples [1: 99.3%, 2: 0.7%, 3: 0.0%]
DFA state visits in window   : 1: 12826, 2: 90, 3: 0
DFA state visits cumulative  : 1: 98027, 2: 705, 3: 0
DFA state entries in window  : 1: 100, 2: 3, 3: 0
DFA state entries cumulative : 1: 900, 2: 26, 3: 0
transitions cumulative       : 1->2: 26
accepted directly from s0    : 0
Gym endings cumulative       : terminated=897, truncated=3

[Episode 1000/8000 | last 100]
success rate                : 0.0% (cumulative 0.0%)
synthetic task reward       : 0.000
shaping reward              : -286.517
learning reward             : -286.517
episode length              : 141.9
abstract changes / episode  : 13.8
DFA transitions / episode   : 0.02
DFA transitions in window   : 1->2: 2
epsilon (next episode)       : 0.67027
replay buffer                : 112019 samples [1: 99.3%, 2: 0.7%, 3: 0.0%]
DFA state visits in window   : 1: 14209, 2: 78, 3: 0
DFA state visits cumulative  : 1: 112236, 2: 783, 3: 0
DFA state entries in window  : 1: 100, 2: 2, 3: 0
DFA state entries cumulative : 1: 1000, 2: 28, 3: 0
transitions cumulative       : 1->2: 28
accepted directly from s0    : 0
Gym endings cumulative       : terminated=997, truncated=3

[Episode 1100/8000 | last 100]
success rate                : 0.0% (cumulative 0.0%)
synthetic task reward       : 0.000
shaping reward              : -258.492
learning reward             : -258.492
episode length              : 152.6
abstract changes / episode  : 13.5
DFA transitions / episode   : 0.07
DFA transitions in window   : 1->2: 7
epsilon (next episode)       : 0.64398
replay buffer                : 127282 samples [1: 99.1%, 2: 0.9%, 3: 0.0%]
DFA state visits in window   : 1: 14987, 2: 376, 3: 0
DFA state visits cumulative  : 1: 127223, 2: 1159, 3: 0
DFA state entries in window  : 1: 100, 2: 7, 3: 0
DFA state entries cumulative : 1: 1100, 2: 35, 3: 0
transitions cumulative       : 1->2: 35
accepted directly from s0    : 0
Gym endings cumulative       : terminated=1097, truncated=3

[Episode 1200/8000 | last 100]
success rate                : 0.0% (cumulative 0.0%)
synthetic task reward       : 0.000
shaping reward              : -267.810
learning reward             : -267.810
episode length              : 155.9
abstract changes / episode  : 13.2
DFA transitions / episode   : 0.02
DFA transitions in window   : 1->2: 2
epsilon (next episode)       : 0.61872
replay buffer                : 142868 samples [1: 99.2%, 2: 0.8%, 3: 0.0%]
DFA state visits in window   : 1: 15606, 2: 80, 3: 0
DFA state visits cumulative  : 1: 142829, 2: 1239, 3: 0
DFA state entries in window  : 1: 100, 2: 2, 3: 0
DFA state entries cumulative : 1: 1200, 2: 37, 3: 0
transitions cumulative       : 1->2: 37
accepted directly from s0    : 0
Gym endings cumulative       : terminated=1197, truncated=3

[Episode 1300/8000 | last 100]
success rate                : 0.0% (cumulative 0.0%)
synthetic task reward       : 0.000
shaping reward              : -291.740
learning reward             : -291.740
episode length              : 167.8
abstract changes / episode  : 13.8
DFA transitions / episode   : 0.02
DFA transitions in window   : 1->2: 2
epsilon (next episode)       : 0.59446
replay buffer                : 159646 samples [1: 99.2%, 2: 0.8%, 3: 0.0%]
DFA state visits in window   : 1: 16764, 2: 114, 3: 0
DFA state visits cumulative  : 1: 159593, 2: 1353, 3: 0
DFA state entries in window  : 1: 100, 2: 2, 3: 0
DFA state entries cumulative : 1: 1300, 2: 39, 3: 0
transitions cumulative       : 1->2: 39
accepted directly from s0    : 0
Gym endings cumulative       : terminated=1297, truncated=3

[Episode 1400/8000 | last 100]
success rate                : 0.0% (cumulative 0.0%)
synthetic task reward       : 0.000
shaping reward              : -305.348
learning reward             : -305.348
episode length              : 143.0
abstract changes / episode  : 13.7
DFA transitions / episode   : 0.00
DFA transitions in window   : none
epsilon (next episode)       : 0.57115
replay buffer                : 173944 samples [1: 99.2%, 2: 0.8%, 3: 0.0%]
DFA state visits in window   : 1: 14398, 2: 0, 3: 0
DFA state visits cumulative  : 1: 173991, 2: 1353, 3: 0
DFA state entries in window  : 1: 100, 2: 0, 3: 0
DFA state entries cumulative : 1: 1400, 2: 39, 3: 0
transitions cumulative       : 1->2: 39
accepted directly from s0    : 0
Gym endings cumulative       : terminated=1397, truncated=3

[Episode 1500/8000 | last 100]
success rate                : 0.0% (cumulative 0.0%)
synthetic task reward       : 0.000
shaping reward              : -305.435
learning reward             : -305.435
episode length              : 140.1
abstract changes / episode  : 13.2
DFA transitions / episode   : 0.00
DFA transitions in window   : none
epsilon (next episode)       : 0.54875
replay buffer                : 187952 samples [1: 99.3%, 2: 0.7%, 3: 0.0%]
DFA state visits in window   : 1: 14108, 2: 0, 3: 0
DFA state visits cumulative  : 1: 188099, 2: 1353, 3: 0
DFA state entries in window  : 1: 100, 2: 0, 3: 0
DFA state entries cumulative : 1: 1500, 2: 39, 3: 0
transitions cumulative       : 1->2: 39
accepted directly from s0    : 0
Gym endings cumulative       : terminated=1496, truncated=4

[Episode 1600/8000 | last 100]
success rate                : 0.0% (cumulative 0.0%)
synthetic task reward       : 0.000
shaping reward              : -312.403
learning reward             : -312.403
episode length              : 160.6
abstract changes / episode  : 12.8
DFA transitions / episode   : 0.00
DFA transitions in window   : none
epsilon (next episode)       : 0.52722
replay buffer                : 204016 samples [1: 99.4%, 2: 0.6%, 3: 0.0%]
DFA state visits in window   : 1: 16164, 2: 0, 3: 0
DFA state visits cumulative  : 1: 204263, 2: 1353, 3: 0
DFA state entries in window  : 1: 100, 2: 0, 3: 0
DFA state entries cumulative : 1: 1600, 2: 39, 3: 0
transitions cumulative       : 1->2: 39
accepted directly from s0    : 0
Gym endings cumulative       : terminated=1590, truncated=10

[Episode 1700/8000 | last 100]
success rate                : 0.0% (cumulative 0.0%)
synthetic task reward       : 0.000
shaping reward              : -311.517
learning reward             : -311.517
episode length              : 136.9
abstract changes / episode  : 12.7
DFA transitions / episode   : 0.00
DFA transitions in window   : none
epsilon (next episode)       : 0.50655
replay buffer                : 217703 samples [1: 99.4%, 2: 0.6%, 3: 0.0%]
DFA state visits in window   : 1: 13787, 2: 0, 3: 0
DFA state visits cumulative  : 1: 218050, 2: 1353, 3: 0
DFA state entries in window  : 1: 100, 2: 0, 3: 0
DFA state entries cumulative : 1: 1700, 2: 39, 3: 0
transitions cumulative       : 1->2: 39
accepted directly from s0    : 0
Gym endings cumulative       : terminated=1687, truncated=13

[Episode 1800/8000 | last 100]
success rate                : 0.0% (cumulative 0.0%)
synthetic task reward       : 0.000
shaping reward              : -323.259
learning reward             : -323.259
episode length              : 169.7
abstract changes / episode  : 13.8
DFA transitions / episode   : 0.00
DFA transitions in window   : none
epsilon (next episode)       : 0.48668
replay buffer                : 234669 samples [1: 99.4%, 2: 0.6%, 3: 0.0%]
DFA state visits in window   : 1: 17066, 2: 0, 3: 0
DFA state visits cumulative  : 1: 235116, 2: 1353, 3: 0
DFA state entries in window  : 1: 100, 2: 0, 3: 0
DFA state entries cumulative : 1: 1800, 2: 39, 3: 0
transitions cumulative       : 1->2: 39
accepted directly from s0    : 0
Gym endings cumulative       : terminated=1782, truncated=18

[Episode 1900/8000 | last 100]
success rate                : 0.0% (cumulative 0.0%)
synthetic task reward       : 0.000
shaping reward              : -311.307
learning reward             : -311.307
episode length              : 195.8
abstract changes / episode  : 14.0
DFA transitions / episode   : 0.00
DFA transitions in window   : none
epsilon (next episode)       : 0.46760
replay buffer                : 254245 samples [1: 99.5%, 2: 0.5%, 3: 0.0%]
DFA state visits in window   : 1: 19676, 2: 0, 3: 0
DFA state visits cumulative  : 1: 254792, 2: 1353, 3: 0
DFA state entries in window  : 1: 100, 2: 0, 3: 0
DFA state entries cumulative : 1: 1900, 2: 39, 3: 0
transitions cumulative       : 1->2: 39
accepted directly from s0    : 0
Gym endings cumulative       : terminated=1875, truncated=25

[Episode 2000/8000 | last 100]
success rate                : 0.0% (cumulative 0.0%)
synthetic task reward       : 0.000
shaping reward              : -180.331
learning reward             : -180.331
episode length              : 200.6
abstract changes / episode  : 14.1
DFA transitions / episode   : 0.09
DFA transitions in window   : 1->2: 9
epsilon (next episode)       : 0.44926
replay buffer                : 274307 samples [1: 99.3%, 2: 0.7%, 3: 0.0%]
DFA state visits in window   : 1: 19682, 2: 480, 3: 0
DFA state visits cumulative  : 1: 274474, 2: 1833, 3: 0
DFA state entries in window  : 1: 100, 2: 9, 3: 0
DFA state entries cumulative : 1: 2000, 2: 48, 3: 0
transitions cumulative       : 1->2: 48
accepted directly from s0    : 0
Gym endings cumulative       : terminated=1969, truncated=31
Best policy updated at episode 2000: mean learning reward=-180.331

[Episode 2100/8000 | last 100]
success rate                : 0.0% (cumulative 0.0%)
synthetic task reward       : 0.000
shaping reward              : 68.559
learning reward             : 68.559
episode length              : 152.9
abstract changes / episode  : 11.9
DFA transitions / episode   : 0.21
DFA transitions in window   : 1->2: 21
epsilon (next episode)       : 0.43164
replay buffer                : 289596 samples [1: 99.0%, 2: 1.0%, 3: 0.0%]
DFA state visits in window   : 1: 14204, 2: 1185, 3: 0
DFA state visits cumulative  : 1: 288678, 2: 3018, 3: 0
DFA state entries in window  : 1: 100, 2: 21, 3: 0
DFA state entries cumulative : 1: 2100, 2: 69, 3: 0
transitions cumulative       : 1->2: 69
accepted directly from s0    : 0
Gym endings cumulative       : terminated=2069, truncated=31
Best policy updated at episode 2100: mean learning reward=68.559

[Episode 2200/8000 | last 100]
success rate                : 1.0% (cumulative 0.0%)
synthetic task reward       : 100.000
shaping reward              : -300.424
learning reward             : -200.424
episode length              : 336.9
abstract changes / episode  : 18.9
DFA transitions / episode   : 0.09
DFA transitions in window   : 1->2: 8, 2->3: 1
epsilon (next episode)       : 0.41471
replay buffer                : 300000 samples [1: 98.3%, 2: 1.7%, 3: 0.0%]
DFA state visits in window   : 1: 31408, 2: 2384, 3: 1
DFA state visits cumulative  : 1: 320086, 2: 5402, 3: 1
DFA state entries in window  : 1: 100, 2: 8, 3: 1
DFA state entries cumulative : 1: 2200, 2: 77, 3: 1
transitions cumulative       : 1->2: 77, 2->3: 1
accepted directly from s0    : 0
Gym endings cumulative       : terminated=2167, truncated=32

[Episode 2300/8000 | last 100]
success rate                : 0.0% (cumulative 0.0%)
synthetic task reward       : 0.000
shaping reward              : -272.568
learning reward             : -272.568
episode length              : 266.7
abstract changes / episode  : 20.0
DFA transitions / episode   : 0.04
DFA transitions in window   : 1->2: 4
epsilon (next episode)       : 0.39845
replay buffer                : 300000 samples [1: 98.2%, 2: 1.8%, 3: 0.0%]
DFA state visits in window   : 1: 26442, 2: 324, 3: 0
DFA state visits cumulative  : 1: 346528, 2: 5726, 3: 1
DFA state entries in window  : 1: 100, 2: 4, 3: 0
DFA state entries cumulative : 1: 2300, 2: 81, 3: 1
transitions cumulative       : 1->2: 81, 2->3: 1
accepted directly from s0    : 0
Gym endings cumulative       : terminated=2266, truncated=33

[Episode 2400/8000 | last 100]
success rate                : 0.0% (cumulative 0.0%)
synthetic task reward       : 0.000
shaping reward              : -138.080
learning reward             : -138.080
episode length              : 288.1
abstract changes / episode  : 21.1
DFA transitions / episode   : 0.11
DFA transitions in window   : 1->2: 11
epsilon (next episode)       : 0.38282
replay buffer                : 300000 samples [1: 97.6%, 2: 2.4%, 3: 0.0%]
DFA state visits in window   : 1: 26812, 2: 2098, 3: 0
DFA state visits cumulative  : 1: 373340, 2: 7824, 3: 1
DFA state entries in window  : 1: 100, 2: 11, 3: 0
DFA state entries cumulative : 1: 2400, 2: 92, 3: 1
transitions cumulative       : 1->2: 92, 2->3: 1
accepted directly from s0    : 0
Gym endings cumulative       : terminated=2366, truncated=33

[Episode 2500/8000 | last 100]
success rate                : 0.0% (cumulative 0.0%)
synthetic task reward       : 0.000
shaping reward              : -129.955
learning reward             : -129.955
episode length              : 232.0
abstract changes / episode  : 17.3
DFA transitions / episode   : 0.07
DFA transitions in window   : 1->2: 7
epsilon (next episode)       : 0.36781
replay buffer                : 300000 samples [1: 97.3%, 2: 2.7%, 3: 0.0%]
DFA state visits in window   : 1: 22156, 2: 1146, 3: 0
DFA state visits cumulative  : 1: 395496, 2: 8970, 3: 1
DFA state entries in window  : 1: 100, 2: 7, 3: 0
DFA state entries cumulative : 1: 2500, 2: 99, 3: 1
transitions cumulative       : 1->2: 99, 2->3: 1
accepted directly from s0    : 0
Gym endings cumulative       : terminated=2466, truncated=33

[Episode 2600/8000 | last 100]
success rate                : 1.0% (cumulative 0.1%)
synthetic task reward       : 100.000
shaping reward              : -4.977
learning reward             : 95.023
episode length              : 278.7
abstract changes / episode  : 19.0
DFA transitions / episode   : 0.23
DFA transitions in window   : 1->2: 22, 2->3: 1
epsilon (next episode)       : 0.35338
replay buffer                : 300000 samples [1: 95.8%, 2: 4.2%, 3: 0.0%]
DFA state visits in window   : 1: 23108, 2: 4857, 3: 1
DFA state visits cumulative  : 1: 418604, 2: 13827, 3: 2
DFA state entries in window  : 1: 100, 2: 22, 3: 1
DFA state entries cumulative : 1: 2600, 2: 121, 3: 2
transitions cumulative       : 1->2: 121, 2->3: 2
accepted directly from s0    : 0
Gym endings cumulative       : terminated=2565, truncated=33
Best policy updated at episode 2600: mean learning reward=95.023

[Episode 2700/8000 | last 100]
success rate                : 7.0% (cumulative 0.3%)
synthetic task reward       : 700.000
shaping reward              : 84.232
learning reward             : 784.232
episode length              : 375.6
abstract changes / episode  : 21.0
DFA transitions / episode   : 0.33
DFA transitions in window   : 1->2: 26, 2->3: 7
epsilon (next episode)       : 0.33952
replay buffer                : 300000 samples [1: 92.8%, 2: 7.2%, 3: 0.0%]
DFA state visits in window   : 1: 28381, 2: 9277, 3: 7
DFA state visits cumulative  : 1: 446985, 2: 23104, 3: 9
DFA state entries in window  : 1: 100, 2: 26, 3: 7
DFA state entries cumulative : 1: 2700, 2: 147, 3: 9
transitions cumulative       : 1->2: 147, 2->3: 9
accepted directly from s0    : 0
Gym endings cumulative       : terminated=2652, truncated=39
Best policy updated at episode 2700: mean learning reward=784.232

[Episode 2800/8000 | last 100]
success rate                : 7.0% (cumulative 0.6%)
synthetic task reward       : 700.000
shaping reward              : 244.663
learning reward             : 944.663
episode length              : 484.4
abstract changes / episode  : 29.0
DFA transitions / episode   : 0.55
DFA transitions in window   : 1->2: 48, 2->3: 7
epsilon (next episode)       : 0.32621
replay buffer                : 300000 samples [1: 87.7%, 2: 12.3%, 3: 0.0%]
DFA state visits in window   : 1: 33183, 2: 15353, 3: 7
DFA state visits cumulative  : 1: 480168, 2: 38457, 3: 16
DFA state entries in window  : 1: 100, 2: 48, 3: 7
DFA state entries cumulative : 1: 2800, 2: 195, 3: 16
transitions cumulative       : 1->2: 195, 2->3: 16
accepted directly from s0    : 0
Gym endings cumulative       : terminated=2734, truncated=50
Best policy updated at episode 2800: mean learning reward=944.663

[Episode 2900/8000 | last 100]
success rate                : 10.0% (cumulative 0.9%)
synthetic task reward       : 1000.000
shaping reward              : 330.764
learning reward             : 1330.764
episode length              : 419.1
abstract changes / episode  : 27.9
DFA transitions / episode   : 0.63
DFA transitions in window   : 1->2: 53, 2->3: 10
epsilon (next episode)       : 0.31341
replay buffer                : 300000 samples [1: 83.2%, 2: 16.8%, 3: 0.0%]
DFA state visits in window   : 1: 28444, 2: 13560, 3: 10
DFA state visits cumulative  : 1: 508612, 2: 52017, 3: 26
DFA state entries in window  : 1: 100, 2: 53, 3: 10
DFA state entries cumulative : 1: 2900, 2: 248, 3: 26
transitions cumulative       : 1->2: 248, 2->3: 26
accepted directly from s0    : 0
Gym endings cumulative       : terminated=2819, truncated=55
Best policy updated at episode 2900: mean learning reward=1330.764

[Episode 3000/8000 | last 100]
success rate                : 10.0% (cumulative 1.2%)
synthetic task reward       : 1000.000
shaping reward              : 422.761
learning reward             : 1422.761
episode length              : 404.9
abstract changes / episode  : 26.5
DFA transitions / episode   : 0.65
DFA transitions in window   : 1->2: 55, 2->3: 10
epsilon (next episode)       : 0.30112
replay buffer                : 300000 samples [1: 80.6%, 2: 19.4%, 3: 0.0%]
DFA state visits in window   : 1: 29073, 2: 11507, 3: 10
DFA state visits cumulative  : 1: 537685, 2: 63524, 3: 36
DFA state entries in window  : 1: 100, 2: 55, 3: 10
DFA state entries cumulative : 1: 3000, 2: 303, 3: 36
transitions cumulative       : 1->2: 303, 2->3: 36
accepted directly from s0    : 0
Gym endings cumulative       : terminated=2904, truncated=60
Best policy updated at episode 3000: mean learning reward=1422.761

[Episode 3100/8000 | last 100]
success rate                : 27.0% (cumulative 2.0%)
synthetic task reward       : 2700.000
shaping reward              : 641.536
learning reward             : 3341.536
episode length              : 403.8
abstract changes / episode  : 27.6
DFA transitions / episode   : 1.07
DFA transitions in window   : 1->2: 80, 2->3: 27
epsilon (next episode)       : 0.28931
replay buffer                : 300000 samples [1: 74.8%, 2: 25.2%, 3: 0.0%]
DFA state visits in window   : 1: 22540, 2: 17911, 3: 27
DFA state visits cumulative  : 1: 560225, 2: 81435, 3: 63
DFA state entries in window  : 1: 100, 2: 80, 3: 27
DFA state entries cumulative : 1: 3100, 2: 383, 3: 63
transitions cumulative       : 1->2: 383, 2->3: 63
accepted directly from s0    : 0
Gym endings cumulative       : terminated=2974, truncated=63
Best policy updated at episode 3100: mean learning reward=3341.536

[Episode 3200/8000 | last 100]
success rate                : 24.0% (cumulative 2.7%)
synthetic task reward       : 2400.000
shaping reward              : 475.022
learning reward             : 2875.022
episode length              : 323.3
abstract changes / episode  : 23.6
DFA transitions / episode   : 0.85
DFA transitions in window   : 1->2: 61, 2->3: 24
epsilon (next episode)       : 0.27797
replay buffer                : 300000 samples [1: 71.2%, 2: 28.8%, 3: 0.0%]
DFA state visits in window   : 1: 20298, 2: 12110, 3: 24
DFA state visits cumulative  : 1: 580523, 2: 93545, 3: 87
DFA state entries in window  : 1: 100, 2: 61, 3: 24
DFA state entries cumulative : 1: 3200, 2: 444, 3: 87
transitions cumulative       : 1->2: 444, 2->3: 87
accepted directly from s0    : 0
Gym endings cumulative       : terminated=3050, truncated=63

[Episode 3300/8000 | last 100]
success rate                : 29.0% (cumulative 3.5%)
synthetic task reward       : 2900.000
shaping reward              : 626.347
learning reward             : 3526.347
episode length              : 366.2
abstract changes / episode  : 26.1
DFA transitions / episode   : 1.09
DFA transitions in window   : 1->2: 80, 2->3: 29
epsilon (next episode)       : 0.26706
replay buffer                : 300000 samples [1: 66.4%, 2: 33.6%, 3: 0.0%]
DFA state visits in window   : 1: 19706, 2: 16988, 3: 29
DFA state visits cumulative  : 1: 600229, 2: 110533, 3: 116
DFA state entries in window  : 1: 100, 2: 80, 3: 29
DFA state entries cumulative : 1: 3300, 2: 524, 3: 116
transitions cumulative       : 1->2: 524, 2->3: 116
accepted directly from s0    : 0
Gym endings cumulative       : terminated=3120, truncated=64
Best policy updated at episode 3300: mean learning reward=3526.347

[Episode 3400/8000 | last 100]
success rate                : 39.0% (cumulative 4.6%)
synthetic task reward       : 3900.000
shaping reward              : 733.692
learning reward             : 4633.692
episode length              : 358.2
abstract changes / episode  : 25.6
DFA transitions / episode   : 1.30
DFA transitions in window   : 1->2: 91, 2->3: 39
epsilon (next episode)       : 0.25659
replay buffer                : 300000 samples [1: 62.4%, 2: 37.6%, 3: 0.0%]
DFA state visits in window   : 1: 17704, 2: 18173, 3: 39
DFA state visits cumulative  : 1: 617933, 2: 128706, 3: 155
DFA state entries in window  : 1: 100, 2: 91, 3: 39
DFA state entries cumulative : 1: 3400, 2: 615, 3: 155
transitions cumulative       : 1->2: 615, 2->3: 155
accepted directly from s0    : 0
Gym endings cumulative       : terminated=3181, truncated=64
Best policy updated at episode 3400: mean learning reward=4633.692

[Episode 3500/8000 | last 100]
success rate                : 57.0% (cumulative 6.1%)
synthetic task reward       : 5700.000
shaping reward              : 738.880
learning reward             : 6438.880
episode length              : 333.6
abstract changes / episode  : 24.6
DFA transitions / episode   : 1.40
DFA transitions in window   : 1->2: 83, 2->3: 57
epsilon (next episode)       : 0.24653
replay buffer                : 300000 samples [1: 61.0%, 2: 39.0%, 3: 0.0%]
DFA state visits in window   : 1: 17615, 2: 15783, 3: 57
DFA state visits cumulative  : 1: 635548, 2: 144489, 3: 212
DFA state entries in window  : 1: 100, 2: 83, 3: 57
DFA state entries cumulative : 1: 3500, 2: 698, 3: 212
transitions cumulative       : 1->2: 698, 2->3: 212
accepted directly from s0    : 0
Gym endings cumulative       : terminated=3223, truncated=65
Best policy updated at episode 3500: mean learning reward=6438.880

[Episode 3600/8000 | last 100]
success rate                : 62.0% (cumulative 7.6%)
synthetic task reward       : 6200.000
shaping reward              : 699.682
learning reward             : 6899.682
episode length              : 360.8
abstract changes / episode  : 27.2
DFA transitions / episode   : 1.36
DFA transitions in window   : 1->2: 74, 2->3: 62
epsilon (next episode)       : 0.23686
replay buffer                : 300000 samples [1: 59.1%, 2: 40.9%, 3: 0.0%]
DFA state visits in window   : 1: 19356, 2: 16758, 3: 62
DFA state visits cumulative  : 1: 654904, 2: 161247, 3: 274
DFA state entries in window  : 1: 100, 2: 74, 3: 62
DFA state entries cumulative : 1: 3600, 2: 772, 3: 274
transitions cumulative       : 1->2: 772, 2->3: 274
accepted directly from s0    : 0
Gym endings cumulative       : terminated=3260, truncated=66
Best policy updated at episode 3600: mean learning reward=6899.682

[Episode 3700/8000 | last 100]
success rate                : 61.0% (cumulative 9.1%)
synthetic task reward       : 6100.000
shaping reward              : 820.151
learning reward             : 6920.151
episode length              : 401.2
abstract changes / episode  : 29.9
DFA transitions / episode   : 1.51
DFA transitions in window   : 1->2: 90, 2->3: 61
epsilon (next episode)       : 0.22757
replay buffer                : 300000 samples [1: 56.5%, 2: 43.5%, 3: 0.0%]
DFA state visits in window   : 1: 19751, 2: 20404, 3: 61
DFA state visits cumulative  : 1: 674655, 2: 181651, 3: 335
DFA state entries in window  : 1: 100, 2: 90, 3: 61
DFA state entries cumulative : 1: 3700, 2: 862, 3: 335
transitions cumulative       : 1->2: 862, 2->3: 335
accepted directly from s0    : 0
Gym endings cumulative       : terminated=3298, truncated=67
Best policy updated at episode 3700: mean learning reward=6920.151

[Episode 3800/8000 | last 100]
success rate                : 79.0% (cumulative 10.9%)
synthetic task reward       : 7900.000
shaping reward              : 978.309
learning reward             : 8878.309
episode length              : 393.1
abstract changes / episode  : 28.8
DFA transitions / episode   : 1.77
DFA transitions in window   : 1->2: 98, 2->3: 79
epsilon (next episode)       : 0.21865
replay buffer                : 300000 samples [1: 52.4%, 2: 47.6%, 3: 0.0%]
DFA state visits in window   : 1: 16348, 2: 22980, 3: 79
DFA state visits cumulative  : 1: 691003, 2: 204631, 3: 414
DFA state entries in window  : 1: 100, 2: 98, 3: 79
DFA state entries cumulative : 1: 3800, 2: 960, 3: 414
transitions cumulative       : 1->2: 960, 2->3: 414
accepted directly from s0    : 0
Gym endings cumulative       : terminated=3318, truncated=68
Best policy updated at episode 3800: mean learning reward=8878.309

[Episode 3900/8000 | last 100]
success rate                : 75.0% (cumulative 12.5%)
synthetic task reward       : 7500.000
shaping reward              : 850.344
learning reward             : 8350.344
episode length              : 361.5
abstract changes / episode  : 27.8
DFA transitions / episode   : 1.64
DFA transitions in window   : 1->2: 89, 2->3: 75
epsilon (next episode)       : 0.21007
replay buffer                : 300000 samples [1: 50.5%, 2: 49.5%, 3: 0.0%]
DFA state visits in window   : 1: 15565, 2: 20606, 3: 75
DFA state visits cumulative  : 1: 706568, 2: 225237, 3: 489
DFA state entries in window  : 1: 100, 2: 89, 3: 75
DFA state entries cumulative : 1: 3900, 2: 1049, 3: 489
transitions cumulative       : 1->2: 1049, 2->3: 489
accepted directly from s0    : 0
Gym endings cumulative       : terminated=3342, truncated=69

[Episode 4000/8000 | last 100]
success rate                : 58.0% (cumulative 13.7%)
synthetic task reward       : 5800.000
shaping reward              : 699.358
learning reward             : 6499.358
episode length              : 297.4
abstract changes / episode  : 23.6
DFA transitions / episode   : 1.32
DFA transitions in window   : 1->2: 74, 2->3: 58
epsilon (next episode)       : 0.20183
replay buffer                : 300000 samples [1: 49.8%, 2: 50.2%, 3: 0.0%]
DFA state visits in window   : 1: 14786, 2: 15001, 3: 58
DFA state visits cumulative  : 1: 721354, 2: 240238, 3: 547
DFA state entries in window  : 1: 100, 2: 74, 3: 58
DFA state entries cumulative : 1: 4000, 2: 1123, 3: 547
transitions cumulative       : 1->2: 1123, 2->3: 547
accepted directly from s0    : 0
Gym endings cumulative       : terminated=3384, truncated=69

[Episode 4100/8000 | last 100]
success rate                : 86.0% (cumulative 15.4%)
synthetic task reward       : 8600.000
shaping reward              : 997.538
learning reward             : 9597.538
episode length              : 351.5
abstract changes / episode  : 26.3
DFA transitions / episode   : 1.81
DFA transitions in window   : 1->2: 95, 2->3: 86
epsilon (next episode)       : 0.19392
replay buffer                : 300000 samples [1: 48.1%, 2: 51.9%, 3: 0.0%]
DFA state visits in window   : 1: 16546, 2: 18620, 3: 86
DFA state visits cumulative  : 1: 737900, 2: 258858, 3: 633
DFA state entries in window  : 1: 100, 2: 95, 3: 86
DFA state entries cumulative : 1: 4100, 2: 1218, 3: 633
transitions cumulative       : 1->2: 1218, 2->3: 633
accepted directly from s0    : 0
Gym endings cumulative       : terminated=3397, truncated=70
Best policy updated at episode 4100: mean learning reward=9597.538

[Episode 4200/8000 | last 100]
success rate                : 79.0% (cumulative 17.0%)
synthetic task reward       : 7900.000
shaping reward              : 912.384
learning reward             : 8812.384
episode length              : 302.2
abstract changes / episode  : 21.6
DFA transitions / episode   : 1.69
DFA transitions in window   : 1->2: 90, 2->3: 79
epsilon (next episode)       : 0.18631
replay buffer                : 300000 samples [1: 48.8%, 2: 51.2%, 3: 0.0%]
DFA state visits in window   : 1: 16356, 2: 13883, 3: 79
DFA state visits cumulative  : 1: 754256, 2: 272741, 3: 712
DFA state entries in window  : 1: 100, 2: 90, 3: 79
DFA state entries cumulative : 1: 4200, 2: 1308, 3: 712
transitions cumulative       : 1->2: 1308, 2->3: 712
accepted directly from s0    : 0
Gym endings cumulative       : terminated=3418, truncated=70

[Episode 4300/8000 | last 100]
success rate                : 67.0% (cumulative 18.1%)
synthetic task reward       : 6700.000
shaping reward              : 783.161
learning reward             : 7483.161
episode length              : 292.7
abstract changes / episode  : 22.7
DFA transitions / episode   : 1.44
DFA transitions in window   : 1->2: 77, 2->3: 67
epsilon (next episode)       : 0.17900
replay buffer                : 300000 samples [1: 49.0%, 2: 51.0%, 3: 0.0%]
DFA state visits in window   : 1: 15906, 2: 13398, 3: 67
DFA state visits cumulative  : 1: 770162, 2: 286139, 3: 779
DFA state entries in window  : 1: 100, 2: 77, 3: 67
DFA state entries cumulative : 1: 4300, 2: 1385, 3: 779
transitions cumulative       : 1->2: 1385, 2->3: 779
accepted directly from s0    : 0
Gym endings cumulative       : terminated=3451, truncated=70

[Episode 4400/8000 | last 100]
success rate                : 76.0% (cumulative 19.4%)
synthetic task reward       : 7600.000
shaping reward              : 914.251
learning reward             : 8514.251
episode length              : 308.4
abstract changes / episode  : 24.1
DFA transitions / episode   : 1.62
DFA transitions in window   : 1->2: 86, 2->3: 76
epsilon (next episode)       : 0.17198
replay buffer                : 300000 samples [1: 49.0%, 2: 51.0%, 3: 0.0%]
DFA state visits in window   : 1: 16449, 2: 14413, 3: 76
DFA state visits cumulative  : 1: 786611, 2: 300552, 3: 855
DFA state entries in window  : 1: 100, 2: 86, 3: 76
DFA state entries cumulative : 1: 4400, 2: 1471, 3: 855
transitions cumulative       : 1->2: 1471, 2->3: 855
accepted directly from s0    : 0
Gym endings cumulative       : terminated=3475, truncated=70

[Episode 4500/8000 | last 100]
success rate                : 73.0% (cumulative 20.6%)
synthetic task reward       : 7300.000
shaping reward              : 824.373
learning reward             : 8124.373
episode length              : 310.6
abstract changes / episode  : 24.4
DFA transitions / episode   : 1.56
DFA transitions in window   : 1->2: 83, 2->3: 73
epsilon (next episode)       : 0.16524
replay buffer                : 300000 samples [1: 49.4%, 2: 50.6%, 3: 0.0%]
DFA state visits in window   : 1: 17840, 2: 13249, 3: 73
DFA state visits cumulative  : 1: 804451, 2: 313801, 3: 928
DFA state entries in window  : 1: 100, 2: 83, 3: 73
DFA state entries cumulative : 1: 4500, 2: 1554, 3: 928
transitions cumulative       : 1->2: 1554, 2->3: 928
accepted directly from s0    : 0
Gym endings cumulative       : terminated=3502, truncated=70

[Episode 4600/8000 | last 100]
success rate                : 66.0% (cumulative 21.6%)
synthetic task reward       : 6600.000
shaping reward              : 680.445
learning reward             : 7280.445
episode length              : 301.3
abstract changes / episode  : 23.0
DFA transitions / episode   : 1.39
DFA transitions in window   : 1->2: 73, 2->3: 66
epsilon (next episode)       : 0.15876
replay buffer                : 300000 samples [1: 50.3%, 2: 49.7%, 3: 0.0%]
DFA state visits in window   : 1: 17608, 2: 12556, 3: 66
DFA state visits cumulative  : 1: 822059, 2: 326357, 3: 994
DFA state entries in window  : 1: 100, 2: 73, 3: 66
DFA state entries cumulative : 1: 4600, 2: 1627, 3: 994
transitions cumulative       : 1->2: 1627, 2->3: 994
accepted directly from s0    : 0
Gym endings cumulative       : terminated=3536, truncated=70

[Episode 4700/8000 | last 100]
success rate                : 73.0% (cumulative 22.7%)
synthetic task reward       : 7300.000
shaping reward              : 842.092
learning reward             : 8142.092
episode length              : 380.7
abstract changes / episode  : 28.4
DFA transitions / episode   : 1.57
DFA transitions in window   : 1->2: 84, 2->3: 73
epsilon (next episode)       : 0.15253
replay buffer                : 300000 samples [1: 52.6%, 2: 47.4%, 3: 0.0%]
DFA state visits in window   : 1: 23500, 2: 14595, 3: 73
DFA state visits cumulative  : 1: 845559, 2: 340952, 3: 1067
DFA state entries in window  : 1: 100, 2: 84, 3: 73
DFA state entries cumulative : 1: 4700, 2: 1711, 3: 1067
transitions cumulative       : 1->2: 1711, 2->3: 1067
accepted directly from s0    : 0
Gym endings cumulative       : terminated=3559, truncated=74

[Episode 4800/8000 | last 100]
success rate                : 71.0% (cumulative 23.7%)
synthetic task reward       : 7100.000
shaping reward              : 779.915
learning reward             : 7879.915
episode length              : 296.9
abstract changes / episode  : 22.5
DFA transitions / episode   : 1.51
DFA transitions in window   : 1->2: 80, 2->3: 71
epsilon (next episode)       : 0.14655
replay buffer                : 300000 samples [1: 54.4%, 2: 45.6%, 3: 0.0%]
DFA state visits in window   : 1: 17743, 2: 11972, 3: 71
DFA state visits cumulative  : 1: 863302, 2: 352924, 3: 1138
DFA state entries in window  : 1: 100, 2: 80, 3: 71
DFA state entries cumulative : 1: 4800, 2: 1791, 3: 1138
transitions cumulative       : 1->2: 1791, 2->3: 1138
accepted directly from s0    : 0
Gym endings cumulative       : terminated=3588, truncated=74

[Episode 4900/8000 | last 100]
success rate                : 76.0% (cumulative 24.8%)
synthetic task reward       : 7600.000
shaping reward              : 894.112
learning reward             : 8494.112
episode length              : 322.6
abstract changes / episode  : 24.2
DFA transitions / episode   : 1.61
DFA transitions in window   : 1->2: 85, 2->3: 76
epsilon (next episode)       : 0.14080
replay buffer                : 300000 samples [1: 55.6%, 2: 44.4%, 3: 0.0%]
DFA state visits in window   : 1: 18280, 2: 14009, 3: 76
DFA state visits cumulative  : 1: 881582, 2: 366933, 3: 1214
DFA state entries in window  : 1: 100, 2: 85, 3: 76
DFA state entries cumulative : 1: 4900, 2: 1876, 3: 1214
transitions cumulative       : 1->2: 1876, 2->3: 1214
accepted directly from s0    : 0
Gym endings cumulative       : terminated=3609, truncated=77

[Episode 5000/8000 | last 100]
success rate                : 79.0% (cumulative 25.9%)
synthetic task reward       : 7900.000
shaping reward              : 897.267
learning reward             : 8797.267
episode length              : 259.5
abstract changes / episode  : 20.2
DFA transitions / episode   : 1.65
DFA transitions in window   : 1->2: 86, 2->3: 79
epsilon (next episode)       : 0.13528
replay buffer                : 300000 samples [1: 55.8%, 2: 44.2%, 3: 0.0%]
DFA state visits in window   : 1: 13688, 2: 12285, 3: 79
DFA state visits cumulative  : 1: 895270, 2: 379218, 3: 1293
DFA state entries in window  : 1: 100, 2: 86, 3: 79
DFA state entries cumulative : 1: 5000, 2: 1962, 3: 1293
transitions cumulative       : 1->2: 1962, 2->3: 1293
accepted directly from s0    : 0
Gym endings cumulative       : terminated=3630, truncated=77

[Episode 5100/8000 | last 100]
success rate                : 85.0% (cumulative 27.0%)
synthetic task reward       : 8500.000
shaping reward              : 958.145
learning reward             : 9458.145
episode length              : 276.8
abstract changes / episode  : 22.2
DFA transitions / episode   : 1.78
DFA transitions in window   : 1->2: 93, 2->3: 85
epsilon (next episode)       : 0.12998
replay buffer                : 300000 samples [1: 56.6%, 2: 43.4%, 3: 0.0%]
DFA state visits in window   : 1: 14718, 2: 12978, 3: 85
DFA state visits cumulative  : 1: 909988, 2: 392196, 3: 1378
DFA state entries in window  : 1: 100, 2: 93, 3: 85
DFA state entries cumulative : 1: 5100, 2: 2055, 3: 1378
transitions cumulative       : 1->2: 2055, 2->3: 1378
accepted directly from s0    : 0
Gym endings cumulative       : terminated=3645, truncated=77

[Episode 5200/8000 | last 100]
success rate                : 96.0% (cumulative 28.3%)
synthetic task reward       : 9600.000
shaping reward              : 1041.757
learning reward             : 10641.757
episode length              : 281.9
abstract changes / episode  : 21.4
DFA transitions / episode   : 1.94
DFA transitions in window   : 1->2: 98, 2->3: 96
epsilon (next episode)       : 0.12488
replay buffer                : 300000 samples [1: 56.2%, 2: 43.8%, 3: 0.0%]
DFA state visits in window   : 1: 15102, 2: 13095, 3: 96
DFA state visits cumulative  : 1: 925090, 2: 405291, 3: 1474
DFA state entries in window  : 1: 100, 2: 98, 3: 96
DFA state entries cumulative : 1: 5200, 2: 2153, 3: 1474
transitions cumulative       : 1->2: 2153, 2->3: 1474
accepted directly from s0    : 0
Gym endings cumulative       : terminated=3649, truncated=77
Best policy updated at episode 5200: mean learning reward=10641.757

[Episode 5300/8000 | last 100]
success rate                : 87.0% (cumulative 29.5%)
synthetic task reward       : 8700.000
shaping reward              : 918.509
learning reward             : 9618.509
episode length              : 296.4
abstract changes / episode  : 23.7
DFA transitions / episode   : 1.76
DFA transitions in window   : 1->2: 89, 2->3: 87
epsilon (next episode)       : 0.11998
replay buffer                : 300000 samples [1: 56.8%, 2: 43.2%, 3: 0.0%]
DFA state visits in window   : 1: 17921, 2: 11732, 3: 87
DFA state visits cumulative  : 1: 943011, 2: 417023, 3: 1561
DFA state entries in window  : 1: 100, 2: 89, 3: 87
DFA state entries cumulative : 1: 5300, 2: 2242, 3: 1561
transitions cumulative       : 1->2: 2242, 2->3: 1561
accepted directly from s0    : 0
Gym endings cumulative       : terminated=3662, truncated=77

[Episode 5400/8000 | last 100]
success rate                : 77.0% (cumulative 30.3%)
synthetic task reward       : 7700.000
shaping reward              : 853.585
learning reward             : 8553.585
episode length              : 290.5
abstract changes / episode  : 22.4
DFA transitions / episode   : 1.62
DFA transitions in window   : 1->2: 85, 2->3: 77
epsilon (next episode)       : 0.11528
replay buffer                : 300000 samples [1: 57.7%, 2: 42.3%, 3: 0.0%]
DFA state visits in window   : 1: 17844, 2: 11225, 3: 77
DFA state visits cumulative  : 1: 960855, 2: 428248, 3: 1638
DFA state entries in window  : 1: 100, 2: 85, 3: 77
DFA state entries cumulative : 1: 5400, 2: 2327, 3: 1638
transitions cumulative       : 1->2: 2327, 2->3: 1638
accepted directly from s0    : 0
Gym endings cumulative       : terminated=3685, truncated=77

[Episode 5500/8000 | last 100]
success rate                : 79.0% (cumulative 31.2%)
synthetic task reward       : 7900.000
shaping reward              : 955.416
learning reward             : 8855.416
episode length              : 280.6
abstract changes / episode  : 22.1
DFA transitions / episode   : 1.72
DFA transitions in window   : 1->2: 93, 2->3: 79
epsilon (next episode)       : 0.11075
replay buffer                : 300000 samples [1: 57.6%, 2: 42.4%, 3: 0.0%]
DFA state visits in window   : 1: 15947, 2: 12130, 3: 79
DFA state visits cumulative  : 1: 976802, 2: 440378, 3: 1717
DFA state entries in window  : 1: 100, 2: 93, 3: 79
DFA state entries cumulative : 1: 5500, 2: 2420, 3: 1717
transitions cumulative       : 1->2: 2420, 2->3: 1717
accepted directly from s0    : 0
Gym endings cumulative       : terminated=3706, truncated=77

[Episode 5600/8000 | last 100]
success rate                : 49.0% (cumulative 31.5%)
synthetic task reward       : 4900.000
shaping reward              : 749.586
learning reward             : 5649.586
episode length              : 335.1
abstract changes / episode  : 23.4
DFA transitions / episode   : 1.31
DFA transitions in window   : 1->2: 82, 2->3: 49
epsilon (next episode)       : 0.10641
replay buffer                : 300000 samples [1: 58.0%, 2: 42.0%, 3: 0.0%]
DFA state visits in window   : 1: 20621, 2: 12942, 3: 49
DFA state visits cumulative  : 1: 997423, 2: 453320, 3: 1766
DFA state entries in window  : 1: 100, 2: 82, 3: 49
DFA state entries cumulative : 1: 5600, 2: 2502, 3: 1766
transitions cumulative       : 1->2: 2502, 2->3: 1766
accepted directly from s0    : 0
Gym endings cumulative       : terminated=3757, truncated=77

[Episode 5700/8000 | last 100]
success rate                : 51.0% (cumulative 31.9%)
synthetic task reward       : 5100.000
shaping reward              : 709.976
learning reward             : 5809.976
episode length              : 282.5
abstract changes / episode  : 20.6
DFA transitions / episode   : 1.34
DFA transitions in window   : 1->2: 83, 2->3: 51
epsilon (next episode)       : 0.10224
replay buffer                : 300000 samples [1: 57.3%, 2: 42.7%, 3: 0.0%]
DFA state visits in window   : 1: 15630, 2: 12668, 3: 51
DFA state visits cumulative  : 1: 1013053, 2: 465988, 3: 1817
DFA state entries in window  : 1: 100, 2: 83, 3: 51
DFA state entries cumulative : 1: 5700, 2: 2585, 3: 1817
transitions cumulative       : 1->2: 2585, 2->3: 1817
accepted directly from s0    : 0
Gym endings cumulative       : terminated=3804, truncated=79

[Episode 5800/8000 | last 100]
success rate                : 60.0% (cumulative 32.4%)
synthetic task reward       : 6000.000
shaping reward              : 662.918
learning reward             : 6662.918
episode length              : 352.6
abstract changes / episode  : 26.3
DFA transitions / episode   : 1.28
DFA transitions in window   : 1->2: 68, 2->3: 60
epsilon (next episode)       : 0.09823
replay buffer                : 300000 samples [1: 59.0%, 2: 41.0%, 3: 0.0%]
DFA state visits in window   : 1: 26061, 2: 9238, 3: 60
DFA state visits cumulative  : 1: 1039114, 2: 475226, 3: 1877
DFA state entries in window  : 1: 100, 2: 68, 3: 60
DFA state entries cumulative : 1: 5800, 2: 2653, 3: 1877
transitions cumulative       : 1->2: 2653, 2->3: 1877
accepted directly from s0    : 0
Gym endings cumulative       : terminated=3842, truncated=81

[Episode 5900/8000 | last 100]
success rate                : 72.0% (cumulative 33.0%)
synthetic task reward       : 7200.000
shaping reward              : 797.797
learning reward             : 7997.797
episode length              : 320.6
abstract changes / episode  : 22.2
DFA transitions / episode   : 1.53
DFA transitions in window   : 1->2: 81, 2->3: 72
epsilon (next episode)       : 0.09438
replay buffer                : 300000 samples [1: 60.4%, 2: 39.6%, 3: 0.0%]
DFA state visits in window   : 1: 22214, 2: 9878, 3: 72
DFA state visits cumulative  : 1: 1061328, 2: 485104, 3: 1949
DFA state entries in window  : 1: 100, 2: 81, 3: 72
DFA state entries cumulative : 1: 5900, 2: 2734, 3: 1949
transitions cumulative       : 1->2: 2734, 2->3: 1949
accepted directly from s0    : 0
Gym endings cumulative       : terminated=3870, truncated=81

[Episode 6000/8000 | last 100]
success rate                : 90.0% (cumulative 34.0%)
synthetic task reward       : 9000.000
shaping reward              : 1018.811
learning reward             : 10018.811
episode length              : 274.3
abstract changes / episode  : 18.7
DFA transitions / episode   : 1.84
DFA transitions in window   : 1->2: 94, 2->3: 90
epsilon (next episode)       : 0.09067
replay buffer                : 300000 samples [1: 60.8%, 2: 39.2%, 3: 0.0%]
DFA state visits in window   : 1: 16032, 2: 11411, 3: 90
DFA state visits cumulative  : 1: 1077360, 2: 496515, 3: 2039
DFA state entries in window  : 1: 100, 2: 94, 3: 90
DFA state entries cumulative : 1: 6000, 2: 2828, 3: 2039
transitions cumulative       : 1->2: 2828, 2->3: 2039
accepted directly from s0    : 0
Gym endings cumulative       : terminated=3880, truncated=81

[Episode 6100/8000 | last 100]
success rate                : 68.0% (cumulative 34.5%)
synthetic task reward       : 6800.000
shaping reward              : 699.699
learning reward             : 7499.699
episode length              : 245.3
abstract changes / episode  : 18.8
DFA transitions / episode   : 1.42
DFA transitions in window   : 1->2: 74, 2->3: 68
epsilon (next episode)       : 0.08712
replay buffer                : 300000 samples [1: 61.5%, 2: 38.5%, 3: 0.0%]
DFA state visits in window   : 1: 15296, 2: 9265, 3: 68
DFA state visits cumulative  : 1: 1092656, 2: 505780, 3: 2107
DFA state entries in window  : 1: 100, 2: 74, 3: 68
DFA state entries cumulative : 1: 6100, 2: 2902, 3: 2107
transitions cumulative       : 1->2: 2902, 2->3: 2107
accepted directly from s0    : 0
Gym endings cumulative       : terminated=3912, truncated=81

[Episode 6200/8000 | last 100]
success rate                : 87.0% (cumulative 35.4%)
synthetic task reward       : 8700.000
shaping reward              : 993.423
learning reward             : 9693.423
episode length              : 245.7
abstract changes / episode  : 18.9
DFA transitions / episode   : 1.80
DFA transitions in window   : 1->2: 93, 2->3: 87
epsilon (next episode)       : 0.08370
replay buffer                : 300000 samples [1: 61.7%, 2: 38.3%, 3: 0.0%]
DFA state visits in window   : 1: 13660, 2: 10921, 3: 87
DFA state visits cumulative  : 1: 1106316, 2: 516701, 3: 2194
DFA state entries in window  : 1: 100, 2: 93, 3: 87
DFA state entries cumulative : 1: 6200, 2: 2995, 3: 2194
transitions cumulative       : 1->2: 2995, 2->3: 2194
accepted directly from s0    : 0
Gym endings cumulative       : terminated=3925, truncated=81

[Episode 6300/8000 | last 100]
success rate                : 77.0% (cumulative 36.0%)
synthetic task reward       : 7700.000
shaping reward              : 911.414
learning reward             : 8611.414
episode length              : 262.4
abstract changes / episode  : 20.8
DFA transitions / episode   : 1.66
DFA transitions in window   : 1->2: 89, 2->3: 77
epsilon (next episode)       : 0.08042
replay buffer                : 300000 samples [1: 61.5%, 2: 38.5%, 3: 0.0%]
DFA state visits in window   : 1: 14922, 2: 11338, 3: 77
DFA state visits cumulative  : 1: 1121238, 2: 528039, 3: 2271
DFA state entries in window  : 1: 100, 2: 89, 3: 77
DFA state entries cumulative : 1: 6300, 2: 3084, 3: 2271
transitions cumulative       : 1->2: 3084, 2->3: 2271
accepted directly from s0    : 0
Gym endings cumulative       : terminated=3948, truncated=81

[Episode 6400/8000 | last 100]
success rate                : 76.0% (cumulative 36.7%)
synthetic task reward       : 7600.000
shaping reward              : 843.329
learning reward             : 8443.329
episode length              : 243.4
abstract changes / episode  : 20.2
DFA transitions / episode   : 1.60
DFA transitions in window   : 1->2: 84, 2->3: 76
epsilon (next episode)       : 0.07727
replay buffer                : 300000 samples [1: 61.1%, 2: 38.9%, 3: 0.0%]
DFA state visits in window   : 1: 13879, 2: 10481, 3: 76
DFA state visits cumulative  : 1: 1135117, 2: 538520, 3: 2347
DFA state entries in window  : 1: 100, 2: 84, 3: 76
DFA state entries cumulative : 1: 6400, 2: 3168, 3: 2347
transitions cumulative       : 1->2: 3168, 2->3: 2347
accepted directly from s0    : 0
Gym endings cumulative       : terminated=3972, truncated=81

[Episode 6500/8000 | last 100]
success rate                : 75.0% (cumulative 37.3%)
synthetic task reward       : 7500.000
shaping reward              : 860.742
learning reward             : 8360.742
episode length              : 246.1
abstract changes / episode  : 21.2
DFA transitions / episode   : 1.62
DFA transitions in window   : 1->2: 87, 2->3: 75
epsilon (next episode)       : 0.07423
replay buffer                : 300000 samples [1: 61.1%, 2: 38.9%, 3: 0.0%]
DFA state visits in window   : 1: 14405, 2: 10231, 3: 75
DFA state visits cumulative  : 1: 1149522, 2: 548751, 3: 2422
DFA state entries in window  : 1: 100, 2: 87, 3: 75
DFA state entries cumulative : 1: 6500, 2: 3255, 3: 2422
transitions cumulative       : 1->2: 3255, 2->3: 2422
accepted directly from s0    : 0
Gym endings cumulative       : terminated=3997, truncated=81

[Episode 6600/8000 | last 100]
success rate                : 78.0% (cumulative 37.9%)
synthetic task reward       : 7800.000
shaping reward              : 870.200
learning reward             : 8670.200
episode length              : 245.8
abstract changes / episode  : 19.7
DFA transitions / episode   : 1.62
DFA transitions in window   : 1->2: 84, 2->3: 78
epsilon (next episode)       : 0.07132
replay buffer                : 300000 samples [1: 61.4%, 2: 38.6%, 3: 0.0%]
DFA state visits in window   : 1: 15528, 2: 9073, 3: 78
DFA state visits cumulative  : 1: 1165050, 2: 557824, 3: 2500
DFA state entries in window  : 1: 100, 2: 84, 3: 78
DFA state entries cumulative : 1: 6600, 2: 3339, 3: 2500
transitions cumulative       : 1->2: 3339, 2->3: 2500
accepted directly from s0    : 0
Gym endings cumulative       : terminated=4019, truncated=81

[Episode 6700/8000 | last 100]
success rate                : 86.0% (cumulative 38.6%)
synthetic task reward       : 8600.000
shaping reward              : 996.309
learning reward             : 9596.309
episode length              : 266.5
abstract changes / episode  : 19.9
DFA transitions / episode   : 1.80
DFA transitions in window   : 1->2: 94, 2->3: 86
epsilon (next episode)       : 0.06853
replay buffer                : 300000 samples [1: 61.5%, 2: 38.5%, 3: 0.0%]
DFA state visits in window   : 1: 16501, 2: 10163, 3: 86
DFA state visits cumulative  : 1: 1181551, 2: 567987, 3: 2586
DFA state entries in window  : 1: 100, 2: 94, 3: 86
DFA state entries cumulative : 1: 6700, 2: 3433, 3: 2586
transitions cumulative       : 1->2: 3433, 2->3: 2586
accepted directly from s0    : 0
Gym endings cumulative       : terminated=4033, truncated=81

[Episode 6800/8000 | last 100]
success rate                : 77.0% (cumulative 39.2%)
synthetic task reward       : 7700.000
shaping reward              : 882.351
learning reward             : 8582.351
episode length              : 357.7
abstract changes / episode  : 22.4
DFA transitions / episode   : 1.61
DFA transitions in window   : 1->2: 84, 2->3: 77
epsilon (next episode)       : 0.06584
replay buffer                : 300000 samples [1: 63.4%, 2: 36.6%, 3: 0.0%]
DFA state visits in window   : 1: 26679, 2: 9118, 3: 77
DFA state visits cumulative  : 1: 1208230, 2: 577105, 3: 2663
DFA state entries in window  : 1: 100, 2: 84, 3: 77
DFA state entries cumulative : 1: 6800, 2: 3517, 3: 2663
transitions cumulative       : 1->2: 3517, 2->3: 2663
accepted directly from s0    : 0
Gym endings cumulative       : terminated=4047, truncated=90

[Episode 6900/8000 | last 100]
success rate                : 75.0% (cumulative 39.7%)
synthetic task reward       : 7500.000
shaping reward              : 805.497
learning reward             : 8305.497
episode length              : 282.1
abstract changes / episode  : 21.3
DFA transitions / episode   : 1.57
DFA transitions in window   : 1->2: 82, 2->3: 75
epsilon (next episode)       : 0.06326
replay buffer                : 300000 samples [1: 63.2%, 2: 36.8%, 3: 0.0%]
DFA state visits in window   : 1: 20206, 2: 8032, 3: 75
DFA state visits cumulative  : 1: 1228436, 2: 585137, 3: 2738
DFA state entries in window  : 1: 100, 2: 82, 3: 75
DFA state entries cumulative : 1: 6900, 2: 3599, 3: 2738
transitions cumulative       : 1->2: 3599, 2->3: 2738
accepted directly from s0    : 0
Gym endings cumulative       : terminated=4071, truncated=91

[Episode 7000/8000 | last 100]
success rate                : 70.0% (cumulative 40.1%)
synthetic task reward       : 7000.000
shaping reward              : 831.135
learning reward             : 7831.135
episode length              : 287.7
abstract changes / episode  : 20.2
DFA transitions / episode   : 1.54
DFA transitions in window   : 1->2: 84, 2->3: 70
epsilon (next episode)       : 0.06078
replay buffer                : 300000 samples [1: 63.2%, 2: 36.8%, 3: 0.0%]
DFA state visits in window   : 1: 19973, 2: 8830, 3: 70
DFA state visits cumulative  : 1: 1248409, 2: 593967, 3: 2808
DFA state entries in window  : 1: 100, 2: 84, 3: 70
DFA state entries cumulative : 1: 7000, 2: 3683, 3: 2808
transitions cumulative       : 1->2: 3683, 2->3: 2808
accepted directly from s0    : 0
Gym endings cumulative       : terminated=4101, truncated=91

[Episode 7100/8000 | last 100]
success rate                : 85.0% (cumulative 40.7%)
synthetic task reward       : 8500.000
shaping reward              : 919.502
learning reward             : 9419.502
episode length              : 277.3
abstract changes / episode  : 20.1
DFA transitions / episode   : 1.74
DFA transitions in window   : 1->2: 89, 2->3: 85
epsilon (next episode)       : 0.05839
replay buffer                : 300000 samples [1: 64.1%, 2: 35.9%, 3: 0.0%]
DFA state visits in window   : 1: 18859, 2: 8888, 3: 85
DFA state visits cumulative  : 1: 1267268, 2: 602855, 3: 2893
DFA state entries in window  : 1: 100, 2: 89, 3: 85
DFA state entries cumulative : 1: 7100, 2: 3772, 3: 2893
transitions cumulative       : 1->2: 3772, 2->3: 2893
accepted directly from s0    : 0
Gym endings cumulative       : terminated=4116, truncated=91

[Episode 7200/8000 | last 100]
success rate                : 75.0% (cumulative 41.2%)
synthetic task reward       : 7500.000
shaping reward              : 800.350
learning reward             : 8300.350
episode length              : 297.2
abstract changes / episode  : 21.1
DFA transitions / episode   : 1.56
DFA transitions in window   : 1->2: 81, 2->3: 75
epsilon (next episode)       : 0.05610
replay buffer                : 300000 samples [1: 65.2%, 2: 34.8%, 3: 0.0%]
DFA state visits in window   : 1: 21754, 2: 7996, 3: 75
DFA state visits cumulative  : 1: 1289022, 2: 610851, 3: 2968
DFA state entries in window  : 1: 100, 2: 81, 3: 75
DFA state entries cumulative : 1: 7200, 2: 3853, 3: 2968
transitions cumulative       : 1->2: 3853, 2->3: 2968
accepted directly from s0    : 0
Gym endings cumulative       : terminated=4141, truncated=91

[Episode 7300/8000 | last 100]
success rate                : 70.0% (cumulative 41.6%)
synthetic task reward       : 7000.000
shaping reward              : 797.815
learning reward             : 7797.815
episode length              : 268.4
abstract changes / episode  : 19.7
DFA transitions / episode   : 1.54
DFA transitions in window   : 1->2: 84, 2->3: 70
epsilon (next episode)       : 0.05390
replay buffer                : 300000 samples [1: 66.2%, 2: 33.8%, 3: 0.0%]
DFA state visits in window   : 1: 17729, 2: 9136, 3: 70
DFA state visits cumulative  : 1: 1306751, 2: 619987, 3: 3038
DFA state entries in window  : 1: 100, 2: 84, 3: 70
DFA state entries cumulative : 1: 7300, 2: 3937, 3: 3038
transitions cumulative       : 1->2: 3937, 2->3: 3038
accepted directly from s0    : 0
Gym endings cumulative       : terminated=4170, truncated=92

[Episode 7400/8000 | last 100]
success rate                : 70.0% (cumulative 42.0%)
synthetic task reward       : 7000.000
shaping reward              : 866.645
learning reward             : 7866.645
episode length              : 278.6
abstract changes / episode  : 20.6
DFA transitions / episode   : 1.58
DFA transitions in window   : 1->2: 88, 2->3: 70
epsilon (next episode)       : 0.05179
replay buffer                : 300000 samples [1: 66.8%, 2: 33.2%, 3: 0.0%]
DFA state visits in window   : 1: 17843, 2: 10050, 3: 70
DFA state visits cumulative  : 1: 1324594, 2: 630037, 3: 3108
DFA state entries in window  : 1: 100, 2: 88, 3: 70
DFA state entries cumulative : 1: 7400, 2: 4025, 3: 3108
transitions cumulative       : 1->2: 4025, 2->3: 3108
accepted directly from s0    : 0
Gym endings cumulative       : terminated=4200, truncated=92

[Episode 7500/8000 | last 100]
success rate                : 82.0% (cumulative 42.5%)
synthetic task reward       : 8200.000
shaping reward              : 944.361
learning reward             : 9144.361
episode length              : 276.1
abstract changes / episode  : 20.4
DFA transitions / episode   : 1.74
DFA transitions in window   : 1->2: 92, 2->3: 82
epsilon (next episode)       : 0.04976
replay buffer                : 300000 samples [1: 67.3%, 2: 32.7%, 3: 0.0%]
DFA state visits in window   : 1: 17821, 2: 9810, 3: 82
DFA state visits cumulative  : 1: 1342415, 2: 639847, 3: 3190
DFA state entries in window  : 1: 100, 2: 92, 3: 82
DFA state entries cumulative : 1: 7500, 2: 4117, 3: 3190
transitions cumulative       : 1->2: 4117, 2->3: 3190
accepted directly from s0    : 0
Gym endings cumulative       : terminated=4218, truncated=92

[Episode 7600/8000 | last 100]
success rate                : 93.0% (cumulative 43.2%)
synthetic task reward       : 9300.000
shaping reward              : 1030.240
learning reward             : 10330.240
episode length              : 241.5
abstract changes / episode  : 17.8
DFA transitions / episode   : 1.89
DFA transitions in window   : 1->2: 96, 2->3: 93
epsilon (next episode)       : 0.04781
replay buffer                : 300000 samples [1: 67.7%, 2: 32.3%, 3: 0.0%]
DFA state visits in window   : 1: 14836, 2: 9318, 3: 93
DFA state visits cumulative  : 1: 1357251, 2: 649165, 3: 3283
DFA state entries in window  : 1: 100, 2: 96, 3: 93
DFA state entries cumulative : 1: 7600, 2: 4213, 3: 3283
transitions cumulative       : 1->2: 4213, 2->3: 3283
accepted directly from s0    : 0
Gym endings cumulative       : terminated=4225, truncated=92

[Episode 7700/8000 | last 100]
success rate                : 86.0% (cumulative 43.8%)
synthetic task reward       : 8600.000
shaping reward              : 934.130
learning reward             : 9534.130
episode length              : 264.3
abstract changes / episode  : 19.5
DFA transitions / episode   : 1.75
DFA transitions in window   : 1->2: 89, 2->3: 86
epsilon (next episode)       : 0.04593
replay buffer                : 300000 samples [1: 68.0%, 2: 32.0%, 3: 0.0%]
DFA state visits in window   : 1: 17762, 2: 8681, 3: 86
DFA state visits cumulative  : 1: 1375013, 2: 657846, 3: 3369
DFA state entries in window  : 1: 100, 2: 89, 3: 86
DFA state entries cumulative : 1: 7700, 2: 4302, 3: 3369
transitions cumulative       : 1->2: 4302, 2->3: 3369
accepted directly from s0    : 0
Gym endings cumulative       : terminated=4239, truncated=92

[Episode 7800/8000 | last 100]
success rate                : 83.0% (cumulative 44.3%)
synthetic task reward       : 8300.000
shaping reward              : 929.836
learning reward             : 9229.836
episode length              : 257.4
abstract changes / episode  : 19.4
DFA transitions / episode   : 1.73
DFA transitions in window   : 1->2: 90, 2->3: 83
epsilon (next episode)       : 0.04413
replay buffer                : 300000 samples [1: 68.2%, 2: 31.8%, 3: 0.0%]
DFA state visits in window   : 1: 17412, 2: 8347, 3: 83
DFA state visits cumulative  : 1: 1392425, 2: 666193, 3: 3452
DFA state entries in window  : 1: 100, 2: 90, 3: 83
DFA state entries cumulative : 1: 7800, 2: 4392, 3: 3452
transitions cumulative       : 1->2: 4392, 2->3: 3452
accepted directly from s0    : 0
Gym endings cumulative       : terminated=4256, truncated=92

[Episode 7900/8000 | last 100]
success rate                : 80.0% (cumulative 44.7%)
synthetic task reward       : 8000.000
shaping reward              : 844.458
learning reward             : 8844.458
episode length              : 290.6
abstract changes / episode  : 20.6
DFA transitions / episode   : 1.63
DFA transitions in window   : 1->2: 83, 2->3: 80
epsilon (next episode)       : 0.04240
replay buffer                : 300000 samples [1: 67.7%, 2: 32.3%, 3: 0.0%]
DFA state visits in window   : 1: 20736, 2: 8339, 3: 80
DFA state visits cumulative  : 1: 1413161, 2: 674532, 3: 3532
DFA state entries in window  : 1: 100, 2: 83, 3: 80
DFA state entries cumulative : 1: 7900, 2: 4475, 3: 3532
transitions cumulative       : 1->2: 4475, 2->3: 3532
accepted directly from s0    : 0
Gym endings cumulative       : terminated=4275, truncated=93

[Episode 8000/8000 | last 100]
success rate                : 78.0% (cumulative 45.1%)
synthetic task reward       : 7800.000
shaping reward              : 980.796
learning reward             : 8780.796
episode length              : 269.0
abstract changes / episode  : 20.0
DFA transitions / episode   : 1.73
DFA transitions in window   : 1->2: 95, 2->3: 78
epsilon (next episode)       : 0.04074
replay buffer                : 300000 samples [1: 66.8%, 2: 33.2%, 3: 0.0%]
DFA state visits in window   : 1: 16424, 2: 10494, 3: 78
DFA state visits cumulative  : 1: 1429585, 2: 685026, 3: 3610
DFA state entries in window  : 1: 100, 2: 95, 3: 78
DFA state entries cumulative : 1: 8000, 2: 4570, 3: 3610
transitions cumulative       : 1->2: 4570, 2->3: 3610
accepted directly from s0    : 0
Gym endings cumulative       : terminated=4297, truncated=93
Last policy saved after episode 8000. Best policy: episode 5200, mean learning reward=10641.757
