
=== NEW MULTI-EPSILON RUN ===
episodes=8000, shaping=True, K=1.0, goal_reward=10000.0, gamma=0.99
training_shaping_gamma=True, shaping_formula=K*(gamma*Phi(next)-Phi(state))
network=Classic DDQN, output_heads=1
epsilon_strategy=visited
epsilon_min=0.08, epsilon_unlock_threshold=0.081
inter_level_shaping=True, inter_level_K=1.0
formula=F(wp1 & X(F(g1)))
waypoints={'wp1': (1, 8), 'g1': (8, 8)}
dfa_states=[1, 2, 3], pre_trace=1, accepting=[3]

[Episode 1/8000 | last 1]
success rate                : 0.0% (cumulative 0.0%)
synthetic task reward       : 0.000
shaping reward              : -1506.078
learning reward             : -1506.078
episode length              : 66.0
abstract changes / episode  : 13.0
DFA transitions / episode   : 0.00
DFA transitions in window   : none
epsilons (next episode)      : 1: 0.99900, 2: 1.00000, 3: 1.00000
replay buffer                : 66 samples [1: 100.0%, 2: 0.0%, 3: 0.0%]
DFA state visits in window   : 1: 67, 2: 0, 3: 0
DFA state visits cumulative  : 1: 67, 2: 0, 3: 0
DFA state entries in window  : 1: 1, 2: 0, 3: 0
DFA state entries cumulative : 1: 1, 2: 0, 3: 0
transitions cumulative       : none
accepted directly from s0    : 0
Gym endings cumulative       : terminated=1, truncated=0
Best policy updated at episode 1: mean learning reward=-1506.078

[Episode 100/8000 | last 100]
success rate                : 0.0% (cumulative 0.0%)
synthetic task reward       : 0.000
shaping reward              : -1492.855
learning reward             : -1492.855
episode length              : 93.3
abstract changes / episode  : 12.6
DFA transitions / episode   : 0.05
DFA transitions in window   : 1->2: 5
epsilons (next episode)      : 1: 0.90479, 2: 0.99501, 3: 1.00000
replay buffer                : 9329 samples [1: 98.8%, 2: 1.2%, 3: 0.0%]
DFA state visits in window   : 1: 9311, 2: 118, 3: 0
DFA state visits cumulative  : 1: 9311, 2: 118, 3: 0
DFA state entries in window  : 1: 100, 2: 5, 3: 0
DFA state entries cumulative : 1: 100, 2: 5, 3: 0
transitions cumulative       : 1->2: 5
accepted directly from s0    : 0
Gym endings cumulative       : terminated=100, truncated=0
Best policy updated at episode 100: mean learning reward=-1492.855

[Episode 200/8000 | last 100]
success rate                : 0.0% (cumulative 0.0%)
synthetic task reward       : 0.000
shaping reward              : -1484.068
learning reward             : -1484.068
episode length              : 104.0
abstract changes / episode  : 13.0
DFA transitions / episode   : 0.06
DFA transitions in window   : 1->2: 6
epsilons (next episode)      : 1: 0.81865, 2: 0.98905, 3: 1.00000
replay buffer                : 19732 samples [1: 98.8%, 2: 1.2%, 3: 0.0%]
DFA state visits in window   : 1: 10381, 2: 122, 3: 0
DFA state visits cumulative  : 1: 19692, 2: 240, 3: 0
DFA state entries in window  : 1: 100, 2: 6, 3: 0
DFA state entries cumulative : 1: 200, 2: 11, 3: 0
transitions cumulative       : 1->2: 11
accepted directly from s0    : 0
Gym endings cumulative       : terminated=200, truncated=0
Best policy updated at episode 200: mean learning reward=-1484.068

[Episode 300/8000 | last 100]
success rate                : 0.0% (cumulative 0.0%)
synthetic task reward       : 0.000
shaping reward              : -1425.997
learning reward             : -1425.997
episode length              : 108.5
abstract changes / episode  : 12.6
DFA transitions / episode   : 0.04
DFA transitions in window   : 1->2: 4
epsilons (next episode)      : 1: 0.74071, 2: 0.98510, 3: 1.00000
replay buffer                : 30583 samples [1: 99.0%, 2: 1.0%, 3: 0.0%]
DFA state visits in window   : 1: 10868, 2: 83, 3: 0
DFA state visits cumulative  : 1: 30560, 2: 323, 3: 0
DFA state entries in window  : 1: 100, 2: 4, 3: 0
DFA state entries cumulative : 1: 300, 2: 15, 3: 0
transitions cumulative       : 1->2: 15
accepted directly from s0    : 0
Gym endings cumulative       : terminated=300, truncated=0
Best policy updated at episode 300: mean learning reward=-1425.997

[Episode 400/8000 | last 100]
success rate                : 0.0% (cumulative 0.0%)
synthetic task reward       : 0.000
shaping reward              : -1443.200
learning reward             : -1443.200
episode length              : 127.8
abstract changes / episode  : 13.1
DFA transitions / episode   : 0.08
DFA transitions in window   : 1->2: 8
epsilons (next episode)      : 1: 0.67019, 2: 0.97725, 3: 1.00000
replay buffer                : 43364 samples [1: 98.8%, 2: 1.2%, 3: 0.0%]
DFA state visits in window   : 1: 12653, 2: 228, 3: 0
DFA state visits cumulative  : 1: 43213, 2: 551, 3: 0
DFA state entries in window  : 1: 100, 2: 8, 3: 0
DFA state entries cumulative : 1: 400, 2: 23, 3: 0
transitions cumulative       : 1->2: 23
accepted directly from s0    : 0
Gym endings cumulative       : terminated=400, truncated=0

[Episode 500/8000 | last 100]
success rate                : 0.0% (cumulative 0.0%)
synthetic task reward       : 0.000
shaping reward              : -1389.916
learning reward             : -1389.916
episode length              : 144.3
abstract changes / episode  : 12.6
DFA transitions / episode   : 0.08
DFA transitions in window   : 1->2: 8
epsilons (next episode)      : 1: 0.60638, 2: 0.96946, 3: 1.00000
replay buffer                : 57799 samples [1: 98.7%, 2: 1.3%, 3: 0.0%]
DFA state visits in window   : 1: 14308, 2: 227, 3: 0
DFA state visits cumulative  : 1: 57521, 2: 778, 3: 0
DFA state entries in window  : 1: 100, 2: 8, 3: 0
DFA state entries cumulative : 1: 500, 2: 31, 3: 0
transitions cumulative       : 1->2: 31
accepted directly from s0    : 0
Gym endings cumulative       : terminated=500, truncated=0
Best policy updated at episode 500: mean learning reward=-1389.916

[Episode 600/8000 | last 100]
success rate                : 0.0% (cumulative 0.0%)
synthetic task reward       : 0.000
shaping reward              : -1244.953
learning reward             : -1244.953
episode length              : 153.0
abstract changes / episode  : 11.3
DFA transitions / episode   : 0.05
DFA transitions in window   : 1->2: 5
epsilons (next episode)      : 1: 0.54865, 2: 0.96462, 3: 1.00000
replay buffer                : 73102 samples [1: 98.8%, 2: 1.2%, 3: 0.0%]
DFA state visits in window   : 1: 15291, 2: 112, 3: 0
DFA state visits cumulative  : 1: 72812, 2: 890, 3: 0
DFA state entries in window  : 1: 100, 2: 5, 3: 0
DFA state entries cumulative : 1: 600, 2: 36, 3: 0
transitions cumulative       : 1->2: 36
accepted directly from s0    : 0
Gym endings cumulative       : terminated=600, truncated=0
Best policy updated at episode 600: mean learning reward=-1244.953

[Episode 700/8000 | last 100]
success rate                : 0.0% (cumulative 0.0%)
synthetic task reward       : 0.000
shaping reward              : -1355.526
learning reward             : -1355.526
episode length              : 216.6
abstract changes / episode  : 12.8
DFA transitions / episode   : 0.06
DFA transitions in window   : 1->2: 6
epsilons (next episode)      : 1: 0.49641, 2: 0.95885, 3: 1.00000
replay buffer                : 94766 samples [1: 98.8%, 2: 1.2%, 3: 0.0%]
DFA state visits in window   : 1: 21474, 2: 290, 3: 0
DFA state visits cumulative  : 1: 94286, 2: 1180, 3: 0
DFA state entries in window  : 1: 100, 2: 6, 3: 0
DFA state entries cumulative : 1: 700, 2: 42, 3: 0
transitions cumulative       : 1->2: 42
accepted directly from s0    : 0
Gym endings cumulative       : terminated=700, truncated=0

[Episode 800/8000 | last 100]
success rate                : 0.0% (cumulative 0.0%)
synthetic task reward       : 0.000
shaping reward              : -1555.400
learning reward             : -1555.400
episode length              : 270.4
abstract changes / episode  : 15.3
DFA transitions / episode   : 0.04
DFA transitions in window   : 1->2: 4
epsilons (next episode)      : 1: 0.44915, 2: 0.95502, 3: 1.00000
replay buffer                : 121805 samples [1: 98.9%, 2: 1.1%, 3: 0.0%]
DFA state visits in window   : 1: 26878, 2: 261, 3: 0
DFA state visits cumulative  : 1: 121164, 2: 1441, 3: 0
DFA state entries in window  : 1: 100, 2: 4, 3: 0
DFA state entries cumulative : 1: 800, 2: 46, 3: 0
transitions cumulative       : 1->2: 46
accepted directly from s0    : 0
Gym endings cumulative       : terminated=800, truncated=0

[Episode 900/8000 | last 100]
success rate                : 0.0% (cumulative 0.0%)
synthetic task reward       : 0.000
shaping reward              : -2209.975
learning reward             : -2209.975
episode length              : 414.8
abstract changes / episode  : 22.3
DFA transitions / episode   : 0.06
DFA transitions in window   : 1->2: 6
epsilons (next episode)      : 1: 0.40639, 2: 0.94930, 3: 1.00000
replay buffer                : 163289 samples [1: 98.9%, 2: 1.1%, 3: 0.0%]
DFA state visits in window   : 1: 41229, 2: 355, 3: 0
DFA state visits cumulative  : 1: 162393, 2: 1796, 3: 0
DFA state entries in window  : 1: 100, 2: 6, 3: 0
DFA state entries cumulative : 1: 900, 2: 52, 3: 0
transitions cumulative       : 1->2: 52
accepted directly from s0    : 0
Gym endings cumulative       : terminated=886, truncated=14

[Episode 1000/8000 | last 100]
success rate                : 0.0% (cumulative 0.0%)
synthetic task reward       : 0.000
shaping reward              : -2111.735
learning reward             : -2111.735
episode length              : 471.8
abstract changes / episode  : 23.0
DFA transitions / episode   : 0.10
DFA transitions in window   : 1->2: 10
epsilons (next episode)      : 1: 0.36770, 2: 0.93985, 3: 1.00000
replay buffer                : 210470 samples [1: 98.8%, 2: 1.2%, 3: 0.0%]
DFA state visits in window   : 1: 46500, 2: 781, 3: 0
DFA state visits cumulative  : 1: 208893, 2: 2577, 3: 0
DFA state entries in window  : 1: 100, 2: 10, 3: 0
DFA state entries cumulative : 1: 1000, 2: 62, 3: 0
transitions cumulative       : 1->2: 62
accepted directly from s0    : 0
Gym endings cumulative       : terminated=967, truncated=33

[Episode 1100/8000 | last 100]
success rate                : 0.0% (cumulative 0.0%)
synthetic task reward       : 0.000
shaping reward              : -1831.594
learning reward             : -1831.594
episode length              : 417.4
abstract changes / episode  : 21.4
DFA transitions / episode   : 0.22
DFA transitions in window   : 1->2: 22
epsilons (next episode)      : 1: 0.33269, 2: 0.91939, 3: 1.00000
replay buffer                : 252210 samples [1: 98.4%, 2: 1.6%, 3: 0.0%]
DFA state visits in window   : 1: 40387, 2: 1453, 3: 0
DFA state visits cumulative  : 1: 249280, 2: 4030, 3: 0
DFA state entries in window  : 1: 100, 2: 22, 3: 0
DFA state entries cumulative : 1: 1100, 2: 84, 3: 0
transitions cumulative       : 1->2: 84
accepted directly from s0    : 0
Gym endings cumulative       : terminated=1050, truncated=50

[Episode 1200/8000 | last 100]
success rate                : 0.0% (cumulative 0.0%)
synthetic task reward       : 0.000
shaping reward              : -1006.730
learning reward             : -1006.730
episode length              : 257.6
abstract changes / episode  : 15.0
DFA transitions / episode   : 0.45
DFA transitions in window   : 1->2: 45
epsilons (next episode)      : 1: 0.30101, 2: 0.87892, 3: 1.00000
replay buffer                : 277968 samples [1: 97.8%, 2: 2.2%, 3: 0.0%]
DFA state visits in window   : 1: 23578, 2: 2280, 3: 0
DFA state visits cumulative  : 1: 272858, 2: 6310, 3: 0
DFA state entries in window  : 1: 100, 2: 45, 3: 0
DFA state entries cumulative : 1: 1200, 2: 129, 3: 0
transitions cumulative       : 1->2: 129
accepted directly from s0    : 0
Gym endings cumulative       : terminated=1145, truncated=55
Best policy updated at episode 1200: mean learning reward=-1006.730

[Episode 1300/8000 | last 100]
success rate                : 0.0% (cumulative 0.0%)
synthetic task reward       : 0.000
shaping reward              : -1275.372
learning reward             : -1275.372
episode length              : 274.9
abstract changes / episode  : 17.3
DFA transitions / episode   : 0.48
DFA transitions in window   : 1->2: 48
epsilons (next episode)      : 1: 0.27235, 2: 0.83771, 3: 1.00000
replay buffer                : 300000 samples [1: 97.0%, 2: 3.0%, 3: 0.0%]
DFA state visits in window   : 1: 24579, 2: 3015, 3: 0
DFA state visits cumulative  : 1: 297437, 2: 9325, 3: 0
DFA state entries in window  : 1: 100, 2: 48, 3: 0
DFA state entries cumulative : 1: 1300, 2: 177, 3: 0
transitions cumulative       : 1->2: 177
accepted directly from s0    : 0
Gym endings cumulative       : terminated=1242, truncated=58

[Episode 1400/8000 | last 100]
success rate                : 0.0% (cumulative 0.0%)
synthetic task reward       : 0.000
shaping reward              : -1192.422
learning reward             : -1192.422
episode length              : 343.1
abstract changes / episode  : 17.3
DFA transitions / episode   : 0.67
DFA transitions in window   : 1->2: 67
epsilons (next episode)      : 1: 0.24642, 2: 0.78339, 3: 1.00000
replay buffer                : 300000 samples [1: 95.5%, 2: 4.5%, 3: 0.0%]
DFA state visits in window   : 1: 29470, 2: 4936, 3: 0
DFA state visits cumulative  : 1: 326907, 2: 14261, 3: 0
DFA state entries in window  : 1: 100, 2: 67, 3: 0
DFA state entries cumulative : 1: 1400, 2: 244, 3: 0
transitions cumulative       : 1->2: 244
accepted directly from s0    : 0
Gym endings cumulative       : terminated=1338, truncated=62

[Episode 1500/8000 | last 100]
success rate                : 0.0% (cumulative 0.0%)
synthetic task reward       : 0.000
shaping reward              : -1081.044
learning reward             : -1081.044
episode length              : 334.3
abstract changes / episode  : 16.8
DFA transitions / episode   : 0.69
DFA transitions in window   : 1->2: 69
epsilons (next episode)      : 1: 0.22296, 2: 0.73114, 3: 1.00000
replay buffer                : 300000 samples [1: 93.8%, 2: 6.2%, 3: 0.0%]
DFA state visits in window   : 1: 28069, 2: 5459, 3: 0
DFA state visits cumulative  : 1: 354976, 2: 19720, 3: 0
DFA state entries in window  : 1: 100, 2: 69, 3: 0
DFA state entries cumulative : 1: 1500, 2: 313, 3: 0
transitions cumulative       : 1->2: 313
accepted directly from s0    : 0
Gym endings cumulative       : terminated=1438, truncated=62

[Episode 1600/8000 | last 100]
success rate                : 0.0% (cumulative 0.0%)
synthetic task reward       : 0.000
shaping reward              : -1230.143
learning reward             : -1230.143
episode length              : 333.3
abstract changes / episode  : 18.5
DFA transitions / episode   : 0.88
DFA transitions in window   : 1->2: 88
epsilons (next episode)      : 1: 0.20173, 2: 0.66952, 3: 1.00000
replay buffer                : 300000 samples [1: 91.3%, 2: 8.7%, 3: 0.0%]
DFA state visits in window   : 1: 25374, 2: 8054, 3: 0
DFA state visits cumulative  : 1: 380350, 2: 27774, 3: 0
DFA state entries in window  : 1: 100, 2: 88, 3: 0
DFA state entries cumulative : 1: 1600, 2: 401, 3: 0
transitions cumulative       : 1->2: 401
accepted directly from s0    : 0
Gym endings cumulative       : terminated=1537, truncated=63

[Episode 1700/8000 | last 100]
success rate                : 0.0% (cumulative 0.0%)
synthetic task reward       : 0.000
shaping reward              : -1313.775
learning reward             : -1313.775
episode length              : 275.4
abstract changes / episode  : 19.1
DFA transitions / episode   : 0.85
DFA transitions in window   : 1->2: 85
epsilons (next episode)      : 1: 0.18253, 2: 0.61493, 3: 1.00000
replay buffer                : 300000 samples [1: 88.3%, 2: 11.7%, 3: 0.0%]
DFA state visits in window   : 1: 18103, 2: 9540, 3: 0
DFA state visits cumulative  : 1: 398453, 2: 37314, 3: 0
DFA state entries in window  : 1: 100, 2: 85, 3: 0
DFA state entries cumulative : 1: 1700, 2: 486, 3: 0
transitions cumulative       : 1->2: 486
accepted directly from s0    : 0
Gym endings cumulative       : terminated=1637, truncated=63

[Episode 1800/8000 | last 100]
success rate                : 1.0% (cumulative 0.1%)
synthetic task reward       : 100.000
shaping reward              : -1437.177
learning reward             : -1337.177
episode length              : 302.1
abstract changes / episode  : 20.8
DFA transitions / episode   : 0.96
DFA transitions in window   : 1->2: 95, 2->3: 1
epsilons (next episode)      : 1: 0.16515, 2: 0.55918, 3: 1.00000
replay buffer                : 300000 samples [1: 84.6%, 2: 15.4%, 3: 0.0%]
DFA state visits in window   : 1: 19023, 2: 11282, 3: 1
DFA state visits cumulative  : 1: 417476, 2: 48596, 3: 1
DFA state entries in window  : 1: 100, 2: 95, 3: 1
DFA state entries cumulative : 1: 1800, 2: 581, 3: 1
transitions cumulative       : 1->2: 581, 2->3: 1
accepted directly from s0    : 0
Gym endings cumulative       : terminated=1736, truncated=63

[Episode 1900/8000 | last 100]
success rate                : 0.0% (cumulative 0.1%)
synthetic task reward       : 0.000
shaping reward              : -1567.918
learning reward             : -1567.918
episode length              : 338.9
abstract changes / episode  : 22.2
DFA transitions / episode   : 0.99
DFA transitions in window   : 1->2: 99
epsilons (next episode)      : 1: 0.14943, 2: 0.50644, 3: 1.00000
replay buffer                : 300000 samples [1: 79.2%, 2: 20.8%, 3: 0.0%]
DFA state visits in window   : 1: 17554, 2: 16432, 3: 0
DFA state visits cumulative  : 1: 435030, 2: 65028, 3: 1
DFA state entries in window  : 1: 100, 2: 99, 3: 0
DFA state entries cumulative : 1: 1900, 2: 680, 3: 1
transitions cumulative       : 1->2: 680, 2->3: 1
accepted directly from s0    : 0
Gym endings cumulative       : terminated=1835, truncated=64

[Episode 2000/8000 | last 100]
success rate                : 0.0% (cumulative 0.1%)
synthetic task reward       : 0.000
shaping reward              : -1740.491
learning reward             : -1740.491
episode length              : 368.2
abstract changes / episode  : 24.2
DFA transitions / episode   : 0.98
DFA transitions in window   : 1->2: 98
epsilons (next episode)      : 1: 0.13520, 2: 0.45914, 3: 1.00000
replay buffer                : 300000 samples [1: 72.2%, 2: 27.8%, 3: 0.0%]
DFA state visits in window   : 1: 14827, 2: 22095, 3: 0
DFA state visits cumulative  : 1: 449857, 2: 87123, 3: 1
DFA state entries in window  : 1: 100, 2: 98, 3: 0
DFA state entries cumulative : 1: 2000, 2: 778, 3: 1
transitions cumulative       : 1->2: 778, 2->3: 1
accepted directly from s0    : 0
Gym endings cumulative       : terminated=1933, truncated=66

[Episode 2100/8000 | last 100]
success rate                : 2.0% (cumulative 0.1%)
synthetic task reward       : 200.000
shaping reward              : -1910.467
learning reward             : -1710.467
episode length              : 524.8
abstract changes / episode  : 26.1
DFA transitions / episode   : 0.88
DFA transitions in window   : 1->2: 86, 2->3: 2
epsilons (next episode)      : 1: 0.12233, 2: 0.42129, 3: 1.00000
replay buffer                : 300000 samples [1: 64.4%, 2: 35.6%, 3: 0.0%]
DFA state visits in window   : 1: 24948, 2: 27627, 3: 2
DFA state visits cumulative  : 1: 474805, 2: 114750, 3: 3
DFA state entries in window  : 1: 100, 2: 86, 3: 2
DFA state entries cumulative : 1: 2100, 2: 864, 3: 3
transitions cumulative       : 1->2: 864, 2->3: 3
accepted directly from s0    : 0
Gym endings cumulative       : terminated=2021, truncated=76

[Episode 2200/8000 | last 100]
success rate                : 9.0% (cumulative 0.5%)
synthetic task reward       : 900.000
shaping reward              : -1732.334
learning reward             : -832.334
episode length              : 445.1
abstract changes / episode  : 24.4
DFA transitions / episode   : 0.78
DFA transitions in window   : 1->2: 69, 2->3: 9
epsilons (next episode)      : 1: 0.11068, 2: 0.39319, 3: 1.00000
replay buffer                : 300000 samples [1: 61.0%, 2: 39.0%, 3: 0.0%]
DFA state visits in window   : 1: 28376, 2: 16230, 3: 9
DFA state visits cumulative  : 1: 503181, 2: 130980, 3: 12
DFA state entries in window  : 1: 100, 2: 69, 3: 9
DFA state entries cumulative : 1: 2200, 2: 933, 3: 12
transitions cumulative       : 1->2: 933, 2->3: 12
accepted directly from s0    : 0
Gym endings cumulative       : terminated=2109, truncated=79
Best policy updated at episode 2200: mean learning reward=-832.334

[Episode 2300/8000 | last 100]
success rate                : 12.0% (cumulative 1.0%)
synthetic task reward       : 1200.000
shaping reward              : -1333.161
learning reward             : -133.161
episode length              : 338.1
abstract changes / episode  : 23.0
DFA transitions / episode   : 0.95
DFA transitions in window   : 1->2: 83, 2->3: 12
epsilons (next episode)      : 1: 0.10014, 2: 0.36186, 3: 1.00000
replay buffer                : 300000 samples [1: 58.7%, 2: 41.3%, 3: 0.0%]
DFA state visits in window   : 1: 22319, 2: 11583, 3: 12
DFA state visits cumulative  : 1: 525500, 2: 142563, 3: 24
DFA state entries in window  : 1: 100, 2: 83, 3: 12
DFA state entries cumulative : 1: 2300, 2: 1016, 3: 24
transitions cumulative       : 1->2: 1016, 2->3: 24
accepted directly from s0    : 0
Gym endings cumulative       : terminated=2193, truncated=83
Best policy updated at episode 2300: mean learning reward=-133.161

[Episode 2400/8000 | last 100]
success rate                : 12.0% (cumulative 1.5%)
synthetic task reward       : 1200.000
shaping reward              : -1496.121
learning reward             : -296.121
episode length              : 357.4
abstract changes / episode  : 26.6
DFA transitions / episode   : 1.09
DFA transitions in window   : 1->2: 97, 2->3: 12
epsilons (next episode)      : 1: 0.09061, 2: 0.32839, 3: 1.00000
replay buffer                : 300000 samples [1: 55.4%, 2: 44.6%, 3: 0.0%]
DFA state visits in window   : 1: 17103, 2: 18720, 3: 12
DFA state visits cumulative  : 1: 542603, 2: 161283, 3: 36
DFA state entries in window  : 1: 100, 2: 97, 3: 12
DFA state entries cumulative : 1: 2400, 2: 1113, 3: 36
transitions cumulative       : 1->2: 1113, 2->3: 36
accepted directly from s0    : 0
Gym endings cumulative       : terminated=2280, truncated=84

[Episode 2500/8000 | last 100]
success rate                : 16.0% (cumulative 2.1%)
synthetic task reward       : 1600.000
shaping reward              : -1077.564
learning reward             : 522.436
episode length              : 296.2
abstract changes / episode  : 23.0
DFA transitions / episode   : 1.14
DFA transitions in window   : 1->2: 98, 2->3: 16
epsilons (next episode)      : 1: 0.08198, 2: 0.29772, 3: 1.00000
replay buffer                : 300000 samples [1: 53.6%, 2: 46.4%, 3: 0.0%]
DFA state visits in window   : 1: 14246, 2: 15457, 3: 16
DFA state visits cumulative  : 1: 556849, 2: 176740, 3: 52
DFA state entries in window  : 1: 100, 2: 98, 3: 16
DFA state entries cumulative : 1: 2500, 2: 1211, 3: 52
transitions cumulative       : 1->2: 1211, 2->3: 52
accepted directly from s0    : 0
Gym endings cumulative       : terminated=2364, truncated=84
Best policy updated at episode 2500: mean learning reward=522.436

[Episode 2600/8000 | last 100]
success rate                : 21.0% (cumulative 2.8%)
synthetic task reward       : 2100.000
shaping reward              : -957.529
learning reward             : 1142.471
episode length              : 283.7
abstract changes / episode  : 21.9
DFA transitions / episode   : 1.18
DFA transitions in window   : 1->2: 97, 2->3: 21
epsilons (next episode)      : 1: 0.08000, 2: 0.27018, 3: 1.00000
replay buffer                : 300000 samples [1: 52.0%, 2: 48.0%, 3: 0.0%]
DFA state visits in window   : 1: 13858, 2: 14588, 3: 21
DFA state visits cumulative  : 1: 570707, 2: 191328, 3: 73
DFA state entries in window  : 1: 100, 2: 97, 3: 21
DFA state entries cumulative : 1: 2600, 2: 1308, 3: 73
transitions cumulative       : 1->2: 1308, 2->3: 73
accepted directly from s0    : 0
Gym endings cumulative       : terminated=2443, truncated=84
Best policy updated at episode 2600: mean learning reward=1142.471

[Episode 2700/8000 | last 100]
success rate                : 26.0% (cumulative 3.7%)
synthetic task reward       : 2600.000
shaping reward              : -883.240
learning reward             : 1716.760
episode length              : 286.5
abstract changes / episode  : 21.8
DFA transitions / episode   : 1.25
DFA transitions in window   : 1->2: 99, 2->3: 26
epsilons (next episode)      : 1: 0.08000, 2: 0.24470, 3: 1.00000
replay buffer                : 300000 samples [1: 51.8%, 2: 48.2%, 3: 0.0%]
DFA state visits in window   : 1: 14397, 2: 14329, 3: 26
DFA state visits cumulative  : 1: 585104, 2: 205657, 3: 99
DFA state entries in window  : 1: 100, 2: 99, 3: 26
DFA state entries cumulative : 1: 2700, 2: 1407, 3: 99
transitions cumulative       : 1->2: 1407, 2->3: 99
accepted directly from s0    : 0
Gym endings cumulative       : terminated=2517, truncated=84
Best policy updated at episode 2700: mean learning reward=1716.760

[Episode 2800/8000 | last 100]
success rate                : 23.0% (cumulative 4.4%)
synthetic task reward       : 2300.000
shaping reward              : -995.969
learning reward             : 1304.031
episode length              : 283.2
abstract changes / episode  : 22.2
DFA transitions / episode   : 1.19
DFA transitions in window   : 1->2: 96, 2->3: 23
epsilons (next episode)      : 1: 0.08000, 2: 0.22229, 3: 1.00000
replay buffer                : 300000 samples [1: 52.1%, 2: 47.9%, 3: 0.0%]
DFA state visits in window   : 1: 14083, 2: 14310, 3: 23
DFA state visits cumulative  : 1: 599187, 2: 219967, 3: 122
DFA state entries in window  : 1: 100, 2: 96, 3: 23
DFA state entries cumulative : 1: 2800, 2: 1503, 3: 122
transitions cumulative       : 1->2: 1503, 2->3: 122
accepted directly from s0    : 0
Gym endings cumulative       : terminated=2594, truncated=84

[Episode 2900/8000 | last 100]
success rate                : 32.0% (cumulative 5.3%)
synthetic task reward       : 3200.000
shaping reward              : -1043.945
learning reward             : 2156.055
episode length              : 292.7
abstract changes / episode  : 22.9
DFA transitions / episode   : 1.25
DFA transitions in window   : 1->2: 93, 2->3: 32
epsilons (next episode)      : 1: 0.08000, 2: 0.20254, 3: 1.00000
replay buffer                : 300000 samples [1: 53.8%, 2: 46.2%, 3: 0.0%]
DFA state visits in window   : 1: 16081, 2: 13253, 3: 32
DFA state visits cumulative  : 1: 615268, 2: 233220, 3: 154
DFA state entries in window  : 1: 100, 2: 93, 3: 32
DFA state entries cumulative : 1: 2900, 2: 1596, 3: 154
transitions cumulative       : 1->2: 1596, 2->3: 154
accepted directly from s0    : 0
Gym endings cumulative       : terminated=2662, truncated=84
Best policy updated at episode 2900: mean learning reward=2156.055

[Episode 3000/8000 | last 100]
success rate                : 41.0% (cumulative 6.5%)
synthetic task reward       : 4100.000
shaping reward              : -770.978
learning reward             : 3329.022
episode length              : 276.6
abstract changes / episode  : 21.3
DFA transitions / episode   : 1.37
DFA transitions in window   : 1->2: 96, 2->3: 41
epsilons (next episode)      : 1: 0.08000, 2: 0.18400, 3: 1.00000
replay buffer                : 300000 samples [1: 54.7%, 2: 45.3%, 3: 0.0%]
DFA state visits in window   : 1: 15173, 2: 12541, 3: 41
DFA state visits cumulative  : 1: 630441, 2: 245761, 3: 195
DFA state entries in window  : 1: 100, 2: 96, 3: 41
DFA state entries cumulative : 1: 3000, 2: 1692, 3: 195
transitions cumulative       : 1->2: 1692, 2->3: 195
accepted directly from s0    : 0
Gym endings cumulative       : terminated=2721, truncated=84
Best policy updated at episode 3000: mean learning reward=3329.022

[Episode 3100/8000 | last 100]
success rate                : 70.0% (cumulative 8.5%)
synthetic task reward       : 7000.000
shaping reward              : -545.462
learning reward             : 6454.538
episode length              : 277.4
abstract changes / episode  : 20.3
DFA transitions / episode   : 1.65
DFA transitions in window   : 1->2: 95, 2->3: 70
epsilons (next episode)      : 1: 0.08000, 2: 0.16731, 3: 1.00000
replay buffer                : 300000 samples [1: 55.0%, 2: 45.0%, 3: 0.0%]
DFA state visits in window   : 1: 15887, 2: 11880, 3: 70
DFA state visits cumulative  : 1: 646328, 2: 257641, 3: 265
DFA state entries in window  : 1: 100, 2: 95, 3: 70
DFA state entries cumulative : 1: 3100, 2: 1787, 3: 265
transitions cumulative       : 1->2: 1787, 2->3: 265
accepted directly from s0    : 0
Gym endings cumulative       : terminated=2750, truncated=85
Best policy updated at episode 3100: mean learning reward=6454.538

[Episode 3200/8000 | last 100]
success rate                : 66.0% (cumulative 10.3%)
synthetic task reward       : 6600.000
shaping reward              : -578.200
learning reward             : 6021.800
episode length              : 274.3
abstract changes / episode  : 20.2
DFA transitions / episode   : 1.61
DFA transitions in window   : 1->2: 95, 2->3: 66
epsilons (next episode)      : 1: 0.08000, 2: 0.15214, 3: 1.00000
replay buffer                : 300000 samples [1: 53.8%, 2: 46.2%, 3: 0.0%]
DFA state visits in window   : 1: 15235, 2: 12230, 3: 66
DFA state visits cumulative  : 1: 661563, 2: 269871, 3: 331
DFA state entries in window  : 1: 100, 2: 95, 3: 66
DFA state entries cumulative : 1: 3200, 2: 1882, 3: 331
transitions cumulative       : 1->2: 1882, 2->3: 331
accepted directly from s0    : 0
Gym endings cumulative       : terminated=2784, truncated=85

[Episode 3300/8000 | last 100]
success rate                : 78.0% (cumulative 12.4%)
synthetic task reward       : 7800.000
shaping reward              : -478.214
learning reward             : 7321.786
episode length              : 279.1
abstract changes / episode  : 20.8
DFA transitions / episode   : 1.76
DFA transitions in window   : 1->2: 98, 2->3: 78
epsilons (next episode)      : 1: 0.08000, 2: 0.13793, 3: 1.00000
replay buffer                : 300000 samples [1: 53.0%, 2: 47.0%, 3: 0.0%]
DFA state visits in window   : 1: 15752, 2: 12184, 3: 78
DFA state visits cumulative  : 1: 677315, 2: 282055, 3: 409
DFA state entries in window  : 1: 100, 2: 98, 3: 78
DFA state entries cumulative : 1: 3300, 2: 1980, 3: 409
transitions cumulative       : 1->2: 1980, 2->3: 409
accepted directly from s0    : 0
Gym endings cumulative       : terminated=2806, truncated=85
Best policy updated at episode 3300: mean learning reward=7321.786

[Episode 3400/8000 | last 100]
success rate                : 78.0% (cumulative 14.3%)
synthetic task reward       : 7800.000
shaping reward              : -438.874
learning reward             : 7361.126
episode length              : 255.2
abstract changes / episode  : 19.7
DFA transitions / episode   : 1.72
DFA transitions in window   : 1->2: 94, 2->3: 78
epsilons (next episode)      : 1: 0.08000, 2: 0.12555, 3: 1.00000
replay buffer                : 300000 samples [1: 52.2%, 2: 47.8%, 3: 0.0%]
DFA state visits in window   : 1: 13903, 2: 11635, 3: 78
DFA state visits cumulative  : 1: 691218, 2: 293690, 3: 487
DFA state entries in window  : 1: 100, 2: 94, 3: 78
DFA state entries cumulative : 1: 3400, 2: 2074, 3: 487
transitions cumulative       : 1->2: 2074, 2->3: 487
accepted directly from s0    : 0
Gym endings cumulative       : terminated=2828, truncated=85
Best policy updated at episode 3400: mean learning reward=7361.126

[Episode 3500/8000 | last 100]
success rate                : 67.0% (cumulative 15.8%)
synthetic task reward       : 6700.000
shaping reward              : -503.976
learning reward             : 6196.024
episode length              : 234.1
abstract changes / episode  : 17.2
DFA transitions / episode   : 1.45
DFA transitions in window   : 1->2: 78, 2->3: 67
epsilons (next episode)      : 1: 0.08000, 2: 0.11613, 3: 1.00000
replay buffer                : 300000 samples [1: 54.0%, 2: 46.0%, 3: 0.0%]
DFA state visits in window   : 1: 15108, 2: 8338, 3: 67
DFA state visits cumulative  : 1: 706326, 2: 302028, 3: 554
DFA state entries in window  : 1: 100, 2: 78, 3: 67
DFA state entries cumulative : 1: 3500, 2: 2152, 3: 554
transitions cumulative       : 1->2: 2152, 2->3: 554
accepted directly from s0    : 0
Gym endings cumulative       : terminated=2861, truncated=85

[Episode 3600/8000 | last 100]
success rate                : 70.0% (cumulative 17.3%)
synthetic task reward       : 7000.000
shaping reward              : -479.379
learning reward             : 6520.621
episode length              : 252.3
abstract changes / episode  : 19.1
DFA transitions / episode   : 1.61
DFA transitions in window   : 1->2: 91, 2->3: 70
epsilons (next episode)      : 1: 0.08000, 2: 0.10602, 3: 1.00000
replay buffer                : 300000 samples [1: 54.9%, 2: 45.1%, 3: 0.0%]
DFA state visits in window   : 1: 15129, 2: 10132, 3: 70
DFA state visits cumulative  : 1: 721455, 2: 312160, 3: 624
DFA state entries in window  : 1: 100, 2: 91, 3: 70
DFA state entries cumulative : 1: 3600, 2: 2243, 3: 624
transitions cumulative       : 1->2: 2243, 2->3: 624
accepted directly from s0    : 0
Gym endings cumulative       : terminated=2891, truncated=85

[Episode 3700/8000 | last 100]
success rate                : 75.0% (cumulative 18.9%)
synthetic task reward       : 7500.000
shaping reward              : -312.183
learning reward             : 7187.817
episode length              : 234.1
abstract changes / episode  : 17.8
DFA transitions / episode   : 1.65
DFA transitions in window   : 1->2: 90, 2->3: 75
epsilons (next episode)      : 1: 0.08000, 2: 0.09689, 3: 1.00000
replay buffer                : 300000 samples [1: 55.8%, 2: 44.2%, 3: 0.0%]
DFA state visits in window   : 1: 13966, 2: 9473, 3: 75
DFA state visits cumulative  : 1: 735421, 2: 321633, 3: 699
DFA state entries in window  : 1: 100, 2: 90, 3: 75
DFA state entries cumulative : 1: 3700, 2: 2333, 3: 699
transitions cumulative       : 1->2: 2333, 2->3: 699
accepted directly from s0    : 0
Gym endings cumulative       : terminated=2916, truncated=85

[Episode 3800/8000 | last 100]
success rate                : 79.0% (cumulative 20.5%)
synthetic task reward       : 7900.000
shaping reward              : -450.202
learning reward             : 7449.798
episode length              : 269.1
abstract changes / episode  : 20.1
DFA transitions / episode   : 1.76
DFA transitions in window   : 1->2: 97, 2->3: 79
epsilons (next episode)      : 1: 0.08000, 2: 0.08793, 3: 1.00000
replay buffer                : 300000 samples [1: 56.9%, 2: 43.1%, 3: 0.0%]
DFA state visits in window   : 1: 17146, 2: 9785, 3: 79
DFA state visits cumulative  : 1: 752567, 2: 331418, 3: 778
DFA state entries in window  : 1: 100, 2: 97, 3: 79
DFA state entries cumulative : 1: 3800, 2: 2430, 3: 778
transitions cumulative       : 1->2: 2430, 2->3: 778
accepted directly from s0    : 0
Gym endings cumulative       : terminated=2935, truncated=87
Best policy updated at episode 3800: mean learning reward=7449.798

[Episode 3900/8000 | last 100]
success rate                : 81.0% (cumulative 22.0%)
synthetic task reward       : 8100.000
shaping reward              : -380.778
learning reward             : 7719.222
episode length              : 258.4
abstract changes / episode  : 19.1
DFA transitions / episode   : 1.73
DFA transitions in window   : 1->2: 92, 2->3: 81
epsilons (next episode)      : 1: 0.08000, 2: 0.08020, 3: 1.00000
replay buffer                : 300000 samples [1: 58.3%, 2: 41.7%, 3: 0.0%]
DFA state visits in window   : 1: 16384, 2: 9472, 3: 81
DFA state visits cumulative  : 1: 768951, 2: 340890, 3: 859
DFA state entries in window  : 1: 100, 2: 92, 3: 81
DFA state entries cumulative : 1: 3900, 2: 2522, 3: 859
transitions cumulative       : 1->2: 2522, 2->3: 859
accepted directly from s0    : 0
Gym endings cumulative       : terminated=2953, truncated=88
Best policy updated at episode 3900: mean learning reward=7719.222

[Episode 4000/8000 | last 100]
success rate                : 77.0% (cumulative 23.4%)
synthetic task reward       : 7700.000
shaping reward              : -310.487
learning reward             : 7389.513
episode length              : 230.7
abstract changes / episode  : 17.4
DFA transitions / episode   : 1.67
DFA transitions in window   : 1->2: 90, 2->3: 77
epsilons (next episode)      : 1: 0.08000, 2: 0.08000, 3: 1.00000
replay buffer                : 300000 samples [1: 59.0%, 2: 41.0%, 3: 0.0%]
DFA state visits in window   : 1: 14322, 2: 8774, 3: 77
DFA state visits cumulative  : 1: 783273, 2: 349664, 3: 936
DFA state entries in window  : 1: 100, 2: 90, 3: 77
DFA state entries cumulative : 1: 4000, 2: 2612, 3: 936
transitions cumulative       : 1->2: 2612, 2->3: 936
accepted directly from s0    : 0
Gym endings cumulative       : terminated=2976, truncated=88

[Episode 4100/8000 | last 100]
success rate                : 79.0% (cumulative 24.8%)
synthetic task reward       : 7900.000
shaping reward              : -312.689
learning reward             : 7587.311
episode length              : 245.3
abstract changes / episode  : 17.1
DFA transitions / episode   : 1.65
DFA transitions in window   : 1->2: 86, 2->3: 79
epsilons (next episode)      : 1: 0.08000, 2: 0.08000, 3: 1.00000
replay buffer                : 300000 samples [1: 59.9%, 2: 40.1%, 3: 0.0%]
DFA state visits in window   : 1: 16276, 2: 8274, 3: 79
DFA state visits cumulative  : 1: 799549, 2: 357938, 3: 1015
DFA state entries in window  : 1: 100, 2: 86, 3: 79
DFA state entries cumulative : 1: 4100, 2: 2698, 3: 1015
transitions cumulative       : 1->2: 2698, 2->3: 1015
accepted directly from s0    : 0
Gym endings cumulative       : terminated=2996, truncated=89

[Episode 4200/8000 | last 100]
success rate                : 65.0% (cumulative 25.7%)
synthetic task reward       : 6500.000
shaping reward              : -545.366
learning reward             : 5954.634
episode length              : 271.0
abstract changes / episode  : 17.9
DFA transitions / episode   : 1.44
DFA transitions in window   : 1->2: 79, 2->3: 65
epsilons (next episode)      : 1: 0.08000, 2: 0.08000, 3: 1.00000
replay buffer                : 300000 samples [1: 60.9%, 2: 39.1%, 3: 0.0%]
DFA state visits in window   : 1: 18437, 2: 8702, 3: 65
DFA state visits cumulative  : 1: 817986, 2: 366640, 3: 1080
DFA state entries in window  : 1: 100, 2: 79, 3: 65
DFA state entries cumulative : 1: 4200, 2: 2777, 3: 1080
transitions cumulative       : 1->2: 2777, 2->3: 1080
accepted directly from s0    : 0
Gym endings cumulative       : terminated=3029, truncated=91

[Episode 4300/8000 | last 100]
success rate                : 81.0% (cumulative 27.0%)
synthetic task reward       : 8100.000
shaping reward              : -465.569
learning reward             : 7634.431
episode length              : 257.9
abstract changes / episode  : 19.4
DFA transitions / episode   : 1.70
DFA transitions in window   : 1->2: 89, 2->3: 81
epsilons (next episode)      : 1: 0.08000, 2: 0.08000, 3: 1.00000
replay buffer                : 300000 samples [1: 61.6%, 2: 38.4%, 3: 0.0%]
DFA state visits in window   : 1: 16971, 2: 8843, 3: 81
DFA state visits cumulative  : 1: 834957, 2: 375483, 3: 1161
DFA state entries in window  : 1: 100, 2: 89, 3: 81
DFA state entries cumulative : 1: 4300, 2: 2866, 3: 1161
transitions cumulative       : 1->2: 2866, 2->3: 1161
accepted directly from s0    : 0
Gym endings cumulative       : terminated=3048, truncated=91

[Episode 4400/8000 | last 100]
success rate                : 67.0% (cumulative 27.9%)
synthetic task reward       : 6700.000
shaping reward              : -644.022
learning reward             : 6055.978
episode length              : 242.1
abstract changes / episode  : 18.0
DFA transitions / episode   : 1.45
DFA transitions in window   : 1->2: 78, 2->3: 67
epsilons (next episode)      : 1: 0.08000, 2: 0.08000, 3: 1.00000
replay buffer                : 300000 samples [1: 62.3%, 2: 37.7%, 3: 0.0%]
DFA state visits in window   : 1: 15639, 2: 8606, 3: 67
DFA state visits cumulative  : 1: 850596, 2: 384089, 3: 1228
DFA state entries in window  : 1: 100, 2: 78, 3: 67
DFA state entries cumulative : 1: 4400, 2: 2944, 3: 1228
transitions cumulative       : 1->2: 2944, 2->3: 1228
accepted directly from s0    : 0
Gym endings cumulative       : terminated=3081, truncated=91

[Episode 4500/8000 | last 100]
success rate                : 58.0% (cumulative 28.6%)
synthetic task reward       : 5800.000
shaping reward              : -749.169
learning reward             : 5050.831
episode length              : 226.6
abstract changes / episode  : 17.0
DFA transitions / episode   : 1.26
DFA transitions in window   : 1->2: 68, 2->3: 58
epsilons (next episode)      : 1: 0.08000, 2: 0.08000, 3: 1.00000
replay buffer                : 300000 samples [1: 63.1%, 2: 36.9%, 3: 0.0%]
DFA state visits in window   : 1: 14953, 2: 7752, 3: 58
DFA state visits cumulative  : 1: 865549, 2: 391841, 3: 1286
DFA state entries in window  : 1: 100, 2: 68, 3: 58
DFA state entries cumulative : 1: 4500, 2: 3012, 3: 1286
transitions cumulative       : 1->2: 3012, 2->3: 1286
accepted directly from s0    : 0
Gym endings cumulative       : terminated=3123, truncated=91

[Episode 4600/8000 | last 100]
success rate                : 25.0% (cumulative 28.5%)
synthetic task reward       : 2500.000
shaping reward              : -1243.634
learning reward             : 1256.366
episode length              : 271.8
abstract changes / episode  : 15.4
DFA transitions / episode   : 0.53
DFA transitions in window   : 1->2: 28, 2->3: 25
epsilons (next episode)      : 1: 0.08000, 2: 0.08000, 3: 1.00000
replay buffer                : 300000 samples [1: 66.3%, 2: 33.7%, 3: 0.0%]
DFA state visits in window   : 1: 24383, 2: 2868, 3: 25
DFA state visits cumulative  : 1: 889932, 2: 394709, 3: 1311
DFA state entries in window  : 1: 100, 2: 28, 3: 25
DFA state entries cumulative : 1: 4600, 2: 3040, 3: 1311
transitions cumulative       : 1->2: 3040, 2->3: 1311
accepted directly from s0    : 0
Gym endings cumulative       : terminated=3196, truncated=93

[Episode 4700/8000 | last 100]
success rate                : 33.0% (cumulative 28.6%)
synthetic task reward       : 3300.000
shaping reward              : -957.082
learning reward             : 2342.918
episode length              : 297.8
abstract changes / episode  : 15.4
DFA transitions / episode   : 0.74
DFA transitions in window   : 1->2: 41, 2->3: 33
epsilons (next episode)      : 1: 0.08000, 2: 0.08000, 3: 1.00000
replay buffer                : 300000 samples [1: 68.4%, 2: 31.6%, 3: 0.0%]
DFA state visits in window   : 1: 26033, 2: 3815, 3: 33
DFA state visits cumulative  : 1: 915965, 2: 398524, 3: 1344
DFA state entries in window  : 1: 100, 2: 41, 3: 33
DFA state entries cumulative : 1: 4700, 2: 3081, 3: 1344
transitions cumulative       : 1->2: 3081, 2->3: 1344
accepted directly from s0    : 0
Gym endings cumulative       : terminated=3263, truncated=93

[Episode 4800/8000 | last 100]
success rate                : 72.0% (cumulative 29.5%)
synthetic task reward       : 7200.000
shaping reward              : -482.386
learning reward             : 6717.614
episode length              : 246.5
abstract changes / episode  : 18.0
DFA transitions / episode   : 1.51
DFA transitions in window   : 1->2: 79, 2->3: 72
epsilons (next episode)      : 1: 0.08000, 2: 0.08000, 3: 1.00000
replay buffer                : 300000 samples [1: 69.2%, 2: 30.8%, 3: 0.0%]
DFA state visits in window   : 1: 16562, 2: 8116, 3: 72
DFA state visits cumulative  : 1: 932527, 2: 406640, 3: 1416
DFA state entries in window  : 1: 100, 2: 79, 3: 72
DFA state entries cumulative : 1: 4800, 2: 3160, 3: 1416
transitions cumulative       : 1->2: 3160, 2->3: 1416
accepted directly from s0    : 0
Gym endings cumulative       : terminated=3290, truncated=94

[Episode 4900/8000 | last 100]
success rate                : 82.0% (cumulative 30.6%)
synthetic task reward       : 8200.000
shaping reward              : -332.623
learning reward             : 7867.377
episode length              : 257.6
abstract changes / episode  : 18.5
DFA transitions / episode   : 1.71
DFA transitions in window   : 1->2: 89, 2->3: 82
epsilons (next episode)      : 1: 0.08000, 2: 0.08000, 3: 1.00000
replay buffer                : 300000 samples [1: 69.6%, 2: 30.4%, 3: 0.0%]
DFA state visits in window   : 1: 16165, 2: 9612, 3: 82
DFA state visits cumulative  : 1: 948692, 2: 416252, 3: 1498
DFA state entries in window  : 1: 100, 2: 89, 3: 82
DFA state entries cumulative : 1: 4900, 2: 3249, 3: 1498
transitions cumulative       : 1->2: 3249, 2->3: 1498
accepted directly from s0    : 0
Gym endings cumulative       : terminated=3308, truncated=94
Best policy updated at episode 4900: mean learning reward=7867.377

[Episode 5000/8000 | last 100]
success rate                : 74.0% (cumulative 31.4%)
synthetic task reward       : 7400.000
shaping reward              : -399.377
learning reward             : 7000.623
episode length              : 256.1
abstract changes / episode  : 18.6
DFA transitions / episode   : 1.66
DFA transitions in window   : 1->2: 92, 2->3: 74
epsilons (next episode)      : 1: 0.08000, 2: 0.08000, 3: 1.00000
replay buffer                : 300000 samples [1: 69.1%, 2: 30.9%, 3: 0.0%]
DFA state visits in window   : 1: 15291, 2: 10350, 3: 74
DFA state visits cumulative  : 1: 963983, 2: 426602, 3: 1572
DFA state entries in window  : 1: 100, 2: 92, 3: 74
DFA state entries cumulative : 1: 5000, 2: 3341, 3: 1572
transitions cumulative       : 1->2: 3341, 2->3: 1572
accepted directly from s0    : 0
Gym endings cumulative       : terminated=3334, truncated=94

[Episode 5100/8000 | last 100]
success rate                : 69.0% (cumulative 32.2%)
synthetic task reward       : 6900.000
shaping reward              : -485.485
learning reward             : 6414.515
episode length              : 263.2
abstract changes / episode  : 19.0
DFA transitions / episode   : 1.60
DFA transitions in window   : 1->2: 91, 2->3: 69
epsilons (next episode)      : 1: 0.08000, 2: 0.08000, 3: 1.00000
replay buffer                : 300000 samples [1: 68.8%, 2: 31.2%, 3: 0.0%]
DFA state visits in window   : 1: 15577, 2: 10777, 3: 69
DFA state visits cumulative  : 1: 979560, 2: 437379, 3: 1641
DFA state entries in window  : 1: 100, 2: 91, 3: 69
DFA state entries cumulative : 1: 5100, 2: 3432, 3: 1641
transitions cumulative       : 1->2: 3432, 2->3: 1641
accepted directly from s0    : 0
Gym endings cumulative       : terminated=3365, truncated=94

[Episode 5200/8000 | last 100]
success rate                : 80.0% (cumulative 33.1%)
synthetic task reward       : 8000.000
shaping reward              : -472.136
learning reward             : 7527.864
episode length              : 253.8
abstract changes / episode  : 19.3
DFA transitions / episode   : 1.69
DFA transitions in window   : 1->2: 89, 2->3: 80
epsilons (next episode)      : 1: 0.08000, 2: 0.08000, 3: 1.00000
replay buffer                : 300000 samples [1: 68.5%, 2: 31.5%, 3: 0.0%]
DFA state visits in window   : 1: 15417, 2: 9985, 3: 80
DFA state visits cumulative  : 1: 994977, 2: 447364, 3: 1721
DFA state entries in window  : 1: 100, 2: 89, 3: 80
DFA state entries cumulative : 1: 5200, 2: 3521, 3: 1721
transitions cumulative       : 1->2: 3521, 2->3: 1721
accepted directly from s0    : 0
Gym endings cumulative       : terminated=3384, truncated=95

[Episode 5300/8000 | last 100]
success rate                : 59.0% (cumulative 33.6%)
synthetic task reward       : 5900.000
shaping reward              : -1179.771
learning reward             : 4720.229
episode length              : 280.4
abstract changes / episode  : 22.1
DFA transitions / episode   : 1.28
DFA transitions in window   : 1->2: 69, 2->3: 59
epsilons (next episode)      : 1: 0.08000, 2: 0.08000, 3: 1.00000
replay buffer                : 300000 samples [1: 68.7%, 2: 31.3%, 3: 0.0%]
DFA state visits in window   : 1: 19980, 2: 8099, 3: 59
DFA state visits cumulative  : 1: 1014957, 2: 455463, 3: 1780
DFA state entries in window  : 1: 100, 2: 69, 3: 59
DFA state entries cumulative : 1: 5300, 2: 3590, 3: 1780
transitions cumulative       : 1->2: 3590, 2->3: 1780
accepted directly from s0    : 0
Gym endings cumulative       : terminated=3425, truncated=95

[Episode 5400/8000 | last 100]
success rate                : 63.0% (cumulative 34.1%)
synthetic task reward       : 6300.000
shaping reward              : -524.575
learning reward             : 5775.425
episode length              : 273.2
abstract changes / episode  : 16.8
DFA transitions / episode   : 1.32
DFA transitions in window   : 1->2: 69, 2->3: 63
epsilons (next episode)      : 1: 0.08000, 2: 0.08000, 3: 1.00000
replay buffer                : 300000 samples [1: 69.4%, 2: 30.6%, 3: 0.0%]
DFA state visits in window   : 1: 20215, 2: 7147, 3: 63
DFA state visits cumulative  : 1: 1035172, 2: 462610, 3: 1843
DFA state entries in window  : 1: 100, 2: 69, 3: 63
DFA state entries cumulative : 1: 5400, 2: 3659, 3: 1843
transitions cumulative       : 1->2: 3659, 2->3: 1843
accepted directly from s0    : 0
Gym endings cumulative       : terminated=3461, truncated=96

[Episode 5500/8000 | last 100]
success rate                : 80.0% (cumulative 35.0%)
synthetic task reward       : 8000.000
shaping reward              : -142.119
learning reward             : 7857.881
episode length              : 235.3
abstract changes / episode  : 16.3
DFA transitions / episode   : 1.69
DFA transitions in window   : 1->2: 89, 2->3: 80
epsilons (next episode)      : 1: 0.08000, 2: 0.08000, 3: 1.00000
replay buffer                : 300000 samples [1: 69.3%, 2: 30.7%, 3: 0.0%]
DFA state visits in window   : 1: 14881, 2: 8671, 3: 80
DFA state visits cumulative  : 1: 1050053, 2: 471281, 3: 1923
DFA state entries in window  : 1: 100, 2: 89, 3: 80
DFA state entries cumulative : 1: 5500, 2: 3748, 3: 1923
transitions cumulative       : 1->2: 3748, 2->3: 1923
accepted directly from s0    : 0
Gym endings cumulative       : terminated=3481, truncated=96

[Episode 5600/8000 | last 100]
success rate                : 56.0% (cumulative 35.3%)
synthetic task reward       : 5600.000
shaping reward              : -580.115
learning reward             : 5019.885
episode length              : 261.3
abstract changes / episode  : 20.0
DFA transitions / episode   : 1.48
DFA transitions in window   : 1->2: 92, 2->3: 56
epsilons (next episode)      : 1: 0.08000, 2: 0.08000, 3: 1.00000
replay buffer                : 300000 samples [1: 69.5%, 2: 30.5%, 3: 0.0%]
DFA state visits in window   : 1: 16727, 2: 9443, 3: 56
DFA state visits cumulative  : 1: 1066780, 2: 480724, 3: 1979
DFA state entries in window  : 1: 100, 2: 92, 3: 56
DFA state entries cumulative : 1: 5600, 2: 3840, 3: 1979
transitions cumulative       : 1->2: 3840, 2->3: 1979
accepted directly from s0    : 0
Gym endings cumulative       : terminated=3525, truncated=96

[Episode 5700/8000 | last 100]
success rate                : 78.0% (cumulative 36.1%)
synthetic task reward       : 7800.000
shaping reward              : -388.367
learning reward             : 7411.633
episode length              : 256.8
abstract changes / episode  : 18.9
DFA transitions / episode   : 1.72
DFA transitions in window   : 1->2: 94, 2->3: 78
epsilons (next episode)      : 1: 0.08000, 2: 0.08000, 3: 1.00000
replay buffer                : 300000 samples [1: 68.0%, 2: 32.0%, 3: 0.0%]
DFA state visits in window   : 1: 16281, 2: 9418, 3: 78
DFA state visits cumulative  : 1: 1083061, 2: 490142, 3: 2057
DFA state entries in window  : 1: 100, 2: 94, 3: 78
DFA state entries cumulative : 1: 5700, 2: 3934, 3: 2057
transitions cumulative       : 1->2: 3934, 2->3: 2057
accepted directly from s0    : 0
Gym endings cumulative       : terminated=3547, truncated=96

[Episode 5800/8000 | last 100]
success rate                : 86.0% (cumulative 36.9%)
synthetic task reward       : 8600.000
shaping reward              : -142.609
learning reward             : 8457.391
episode length              : 243.1
abstract changes / episode  : 17.4
DFA transitions / episode   : 1.82
DFA transitions in window   : 1->2: 96, 2->3: 86
epsilons (next episode)      : 1: 0.08000, 2: 0.08000, 3: 1.00000
replay buffer                : 300000 samples [1: 65.4%, 2: 34.6%, 3: 0.0%]
DFA state visits in window   : 1: 14530, 2: 9798, 3: 86
DFA state visits cumulative  : 1: 1097591, 2: 499940, 3: 2143
DFA state entries in window  : 1: 100, 2: 96, 3: 86
DFA state entries cumulative : 1: 5800, 2: 4030, 3: 2143
transitions cumulative       : 1->2: 4030, 2->3: 2143
accepted directly from s0    : 0
Gym endings cumulative       : terminated=3561, truncated=96
Best policy updated at episode 5800: mean learning reward=8457.391

[Episode 5900/8000 | last 100]
success rate                : 84.0% (cumulative 37.7%)
synthetic task reward       : 8400.000
shaping reward              : -214.760
learning reward             : 8185.240
episode length              : 242.5
abstract changes / episode  : 17.9
DFA transitions / episode   : 1.81
DFA transitions in window   : 1->2: 97, 2->3: 84
epsilons (next episode)      : 1: 0.08000, 2: 0.08000, 3: 1.00000
replay buffer                : 300000 samples [1: 63.8%, 2: 36.2%, 3: 0.0%]
DFA state visits in window   : 1: 14702, 2: 9564, 3: 84
DFA state visits cumulative  : 1: 1112293, 2: 509504, 3: 2227
DFA state entries in window  : 1: 100, 2: 97, 3: 84
DFA state entries cumulative : 1: 5900, 2: 4127, 3: 2227
transitions cumulative       : 1->2: 4127, 2->3: 2227
accepted directly from s0    : 0
Gym endings cumulative       : terminated=3577, truncated=96

[Episode 6000/8000 | last 100]
success rate                : 72.0% (cumulative 38.3%)
synthetic task reward       : 7200.000
shaping reward              : -400.355
learning reward             : 6799.645
episode length              : 242.8
abstract changes / episode  : 18.1
DFA transitions / episode   : 1.62
DFA transitions in window   : 1->2: 90, 2->3: 72
epsilons (next episode)      : 1: 0.08000, 2: 0.08000, 3: 1.00000
replay buffer                : 300000 samples [1: 63.5%, 2: 36.5%, 3: 0.0%]
DFA state visits in window   : 1: 15198, 2: 9106, 3: 72
DFA state visits cumulative  : 1: 1127491, 2: 518610, 3: 2299
DFA state entries in window  : 1: 100, 2: 90, 3: 72
DFA state entries cumulative : 1: 6000, 2: 4217, 3: 2299
transitions cumulative       : 1->2: 4217, 2->3: 2299
accepted directly from s0    : 0
Gym endings cumulative       : terminated=3605, truncated=96

[Episode 6100/8000 | last 100]
success rate                : 74.0% (cumulative 38.9%)
synthetic task reward       : 7400.000
shaping reward              : -628.592
learning reward             : 6771.408
episode length              : 279.3
abstract changes / episode  : 19.5
DFA transitions / episode   : 1.55
DFA transitions in window   : 1->2: 81, 2->3: 74
epsilons (next episode)      : 1: 0.08000, 2: 0.08000, 3: 1.00000
replay buffer                : 300000 samples [1: 64.6%, 2: 35.4%, 3: 0.0%]
DFA state visits in window   : 1: 20266, 2: 7692, 3: 74
DFA state visits cumulative  : 1: 1147757, 2: 526302, 3: 2373
DFA state entries in window  : 1: 100, 2: 81, 3: 74
DFA state entries cumulative : 1: 6100, 2: 4298, 3: 2373
transitions cumulative       : 1->2: 4298, 2->3: 2373
accepted directly from s0    : 0
Gym endings cumulative       : terminated=3631, truncated=96

[Episode 6200/8000 | last 100]
success rate                : 82.0% (cumulative 39.6%)
synthetic task reward       : 8200.000
shaping reward              : -270.591
learning reward             : 7929.409
episode length              : 245.7
abstract changes / episode  : 18.0
DFA transitions / episode   : 1.76
DFA transitions in window   : 1->2: 94, 2->3: 82
epsilons (next episode)      : 1: 0.08000, 2: 0.08000, 3: 1.00000
replay buffer                : 300000 samples [1: 64.9%, 2: 35.1%, 3: 0.0%]
DFA state visits in window   : 1: 15340, 2: 9250, 3: 82
DFA state visits cumulative  : 1: 1163097, 2: 535552, 3: 2455
DFA state entries in window  : 1: 100, 2: 94, 3: 82
DFA state entries cumulative : 1: 6200, 2: 4392, 3: 2455
transitions cumulative       : 1->2: 4392, 2->3: 2455
accepted directly from s0    : 0
Gym endings cumulative       : terminated=3649, truncated=96

[Episode 6300/8000 | last 100]
success rate                : 58.0% (cumulative 39.9%)
synthetic task reward       : 5800.000
shaping reward              : -726.547
learning reward             : 5073.453
episode length              : 250.2
abstract changes / episode  : 19.4
DFA transitions / episode   : 1.40
DFA transitions in window   : 1->2: 82, 2->3: 58
epsilons (next episode)      : 1: 0.08000, 2: 0.08000, 3: 1.00000
replay buffer                : 300000 samples [1: 65.6%, 2: 34.4%, 3: 0.0%]
DFA state visits in window   : 1: 17379, 2: 7678, 3: 58
DFA state visits cumulative  : 1: 1180476, 2: 543230, 3: 2513
DFA state entries in window  : 1: 100, 2: 82, 3: 58
DFA state entries cumulative : 1: 6300, 2: 4474, 3: 2513
transitions cumulative       : 1->2: 4474, 2->3: 2513
accepted directly from s0    : 0
Gym endings cumulative       : terminated=3691, truncated=96

[Episode 6400/8000 | last 100]
success rate                : 78.0% (cumulative 40.5%)
synthetic task reward       : 7800.000
shaping reward              : -377.719
learning reward             : 7422.281
episode length              : 260.1
abstract changes / episode  : 19.0
DFA transitions / episode   : 1.70
DFA transitions in window   : 1->2: 92, 2->3: 78
epsilons (next episode)      : 1: 0.08000, 2: 0.08000, 3: 1.00000
replay buffer                : 300000 samples [1: 66.1%, 2: 33.9%, 3: 0.0%]
DFA state visits in window   : 1: 17611, 2: 8425, 3: 78
DFA state visits cumulative  : 1: 1198087, 2: 551655, 3: 2591
DFA state entries in window  : 1: 100, 2: 92, 3: 78
DFA state entries cumulative : 1: 6400, 2: 4566, 3: 2591
transitions cumulative       : 1->2: 4566, 2->3: 2591
accepted directly from s0    : 0
Gym endings cumulative       : terminated=3713, truncated=96

[Episode 6500/8000 | last 100]
success rate                : 70.0% (cumulative 40.9%)
synthetic task reward       : 7000.000
shaping reward              : -405.529
learning reward             : 6594.471
episode length              : 253.7
abstract changes / episode  : 19.0
DFA transitions / episode   : 1.65
DFA transitions in window   : 1->2: 95, 2->3: 70
epsilons (next episode)      : 1: 0.08000, 2: 0.08000, 3: 1.00000
replay buffer                : 300000 samples [1: 65.4%, 2: 34.6%, 3: 0.0%]
DFA state visits in window   : 1: 16362, 2: 9033, 3: 70
DFA state visits cumulative  : 1: 1214449, 2: 560688, 3: 2661
DFA state entries in window  : 1: 100, 2: 95, 3: 70
DFA state entries cumulative : 1: 6500, 2: 4661, 3: 2661
transitions cumulative       : 1->2: 4661, 2->3: 2661
accepted directly from s0    : 0
Gym endings cumulative       : terminated=3743, truncated=96

[Episode 6600/8000 | last 100]
success rate                : 77.0% (cumulative 41.5%)
synthetic task reward       : 7700.000
shaping reward              : -398.547
learning reward             : 7301.453
episode length              : 250.7
abstract changes / episode  : 19.4
DFA transitions / episode   : 1.74
DFA transitions in window   : 1->2: 97, 2->3: 77
epsilons (next episode)      : 1: 0.08000, 2: 0.08000, 3: 1.00000
replay buffer                : 300000 samples [1: 64.5%, 2: 35.5%, 3: 0.0%]
DFA state visits in window   : 1: 15729, 2: 9359, 3: 77
DFA state visits cumulative  : 1: 1230178, 2: 570047, 3: 2738
DFA state entries in window  : 1: 100, 2: 97, 3: 77
DFA state entries cumulative : 1: 6600, 2: 4758, 3: 2738
transitions cumulative       : 1->2: 4758, 2->3: 2738
accepted directly from s0    : 0
Gym endings cumulative       : terminated=3766, truncated=96

[Episode 6700/8000 | last 100]
success rate                : 89.0% (cumulative 42.2%)
synthetic task reward       : 8900.000
shaping reward              : -177.841
learning reward             : 8722.159
episode length              : 240.1
abstract changes / episode  : 17.9
DFA transitions / episode   : 1.88
DFA transitions in window   : 1->2: 99, 2->3: 89
epsilons (next episode)      : 1: 0.08000, 2: 0.08000, 3: 1.00000
replay buffer                : 300000 samples [1: 64.1%, 2: 35.9%, 3: 0.0%]
DFA state visits in window   : 1: 13800, 2: 10218, 3: 89
DFA state visits cumulative  : 1: 1243978, 2: 580265, 3: 2827
DFA state entries in window  : 1: 100, 2: 99, 3: 89
DFA state entries cumulative : 1: 6700, 2: 4857, 3: 2827
transitions cumulative       : 1->2: 4857, 2->3: 2827
accepted directly from s0    : 0
Gym endings cumulative       : terminated=3777, truncated=96
Best policy updated at episode 6700: mean learning reward=8722.159

[Episode 6800/8000 | last 100]
success rate                : 74.0% (cumulative 42.7%)
synthetic task reward       : 7400.000
shaping reward              : -484.365
learning reward             : 6915.635
episode length              : 246.0
abstract changes / episode  : 18.6
DFA transitions / episode   : 1.60
DFA transitions in window   : 1->2: 86, 2->3: 74
epsilons (next episode)      : 1: 0.08000, 2: 0.08000, 3: 1.00000
replay buffer                : 300000 samples [1: 64.1%, 2: 35.9%, 3: 0.0%]
DFA state visits in window   : 1: 15971, 2: 8655, 3: 74
DFA state visits cumulative  : 1: 1259949, 2: 588920, 3: 2901
DFA state entries in window  : 1: 100, 2: 86, 3: 74
DFA state entries cumulative : 1: 6800, 2: 4943, 3: 2901
transitions cumulative       : 1->2: 4943, 2->3: 2901
accepted directly from s0    : 0
Gym endings cumulative       : terminated=3803, truncated=96

[Episode 6900/8000 | last 100]
success rate                : 40.0% (cumulative 42.6%)
synthetic task reward       : 4000.000
shaping reward              : -1181.018
learning reward             : 2818.982
episode length              : 238.0
abstract changes / episode  : 19.9
DFA transitions / episode   : 0.94
DFA transitions in window   : 1->2: 54, 2->3: 40
epsilons (next episode)      : 1: 0.08000, 2: 0.08000, 3: 1.00000
replay buffer                : 300000 samples [1: 65.0%, 2: 35.0%, 3: 0.0%]
DFA state visits in window   : 1: 17911, 2: 5948, 3: 40
DFA state visits cumulative  : 1: 1277860, 2: 594868, 3: 2941
DFA state entries in window  : 1: 100, 2: 54, 3: 40
DFA state entries cumulative : 1: 6900, 2: 4997, 3: 2941
transitions cumulative       : 1->2: 4997, 2->3: 2941
accepted directly from s0    : 0
Gym endings cumulative       : terminated=3863, truncated=96

[Episode 7000/8000 | last 100]
success rate                : 51.0% (cumulative 42.7%)
synthetic task reward       : 5100.000
shaping reward              : -857.453
learning reward             : 4242.547
episode length              : 286.3
abstract changes / episode  : 21.3
DFA transitions / episode   : 1.35
DFA transitions in window   : 1->2: 84, 2->3: 51
epsilons (next episode)      : 1: 0.08000, 2: 0.08000, 3: 1.00000
replay buffer                : 300000 samples [1: 66.4%, 2: 33.6%, 3: 0.0%]
DFA state visits in window   : 1: 21072, 2: 7607, 3: 51
DFA state visits cumulative  : 1: 1298932, 2: 602475, 3: 2992
DFA state entries in window  : 1: 100, 2: 84, 3: 51
DFA state entries cumulative : 1: 7000, 2: 5081, 3: 2992
transitions cumulative       : 1->2: 5081, 2->3: 2992
accepted directly from s0    : 0
Gym endings cumulative       : terminated=3910, truncated=98

[Episode 7100/8000 | last 100]
success rate                : 48.0% (cumulative 42.8%)
synthetic task reward       : 4800.000
shaping reward              : -761.683
learning reward             : 4038.317
episode length              : 240.4
abstract changes / episode  : 19.0
DFA transitions / episode   : 1.28
DFA transitions in window   : 1->2: 80, 2->3: 48
epsilons (next episode)      : 1: 0.08000, 2: 0.08000, 3: 1.00000
replay buffer                : 300000 samples [1: 66.8%, 2: 33.2%, 3: 0.0%]
DFA state visits in window   : 1: 16069, 2: 8024, 3: 48
DFA state visits cumulative  : 1: 1315001, 2: 610499, 3: 3040
DFA state entries in window  : 1: 100, 2: 80, 3: 48
DFA state entries cumulative : 1: 7100, 2: 5161, 3: 3040
transitions cumulative       : 1->2: 5161, 2->3: 3040
accepted directly from s0    : 0
Gym endings cumulative       : terminated=3962, truncated=98

[Episode 7200/8000 | last 100]
success rate                : 54.0% (cumulative 43.0%)
synthetic task reward       : 5400.000
shaping reward              : -818.251
learning reward             : 4581.749
episode length              : 265.4
abstract changes / episode  : 19.8
DFA transitions / episode   : 1.33
DFA transitions in window   : 1->2: 79, 2->3: 54
epsilons (next episode)      : 1: 0.08000, 2: 0.08000, 3: 1.00000
replay buffer                : 300000 samples [1: 67.2%, 2: 32.8%, 3: 0.0%]
DFA state visits in window   : 1: 18088, 2: 8494, 3: 54
DFA state visits cumulative  : 1: 1333089, 2: 618993, 3: 3094
DFA state entries in window  : 1: 100, 2: 79, 3: 54
DFA state entries cumulative : 1: 7200, 2: 5240, 3: 3094
transitions cumulative       : 1->2: 5240, 2->3: 3094
accepted directly from s0    : 0
Gym endings cumulative       : terminated=4008, truncated=98

[Episode 7300/8000 | last 100]
success rate                : 75.0% (cumulative 43.4%)
synthetic task reward       : 7500.000
shaping reward              : -489.414
learning reward             : 7010.586
episode length              : 274.9
abstract changes / episode  : 19.9
DFA transitions / episode   : 1.68
DFA transitions in window   : 1->2: 93, 2->3: 75
epsilons (next episode)      : 1: 0.08000, 2: 0.08000, 3: 1.00000
replay buffer                : 300000 samples [1: 66.5%, 2: 33.5%, 3: 0.0%]
DFA state visits in window   : 1: 17662, 2: 9850, 3: 75
DFA state visits cumulative  : 1: 1350751, 2: 628843, 3: 3169
DFA state entries in window  : 1: 100, 2: 93, 3: 75
DFA state entries cumulative : 1: 7300, 2: 5333, 3: 3169
transitions cumulative       : 1->2: 5333, 2->3: 3169
accepted directly from s0    : 0
Gym endings cumulative       : terminated=4033, truncated=98

[Episode 7400/8000 | last 100]
success rate                : 75.0% (cumulative 43.8%)
synthetic task reward       : 7500.000
shaping reward              : -487.228
learning reward             : 7012.772
episode length              : 266.4
abstract changes / episode  : 19.7
DFA transitions / episode   : 1.66
DFA transitions in window   : 1->2: 91, 2->3: 75
epsilons (next episode)      : 1: 0.08000, 2: 0.08000, 3: 1.00000
replay buffer                : 300000 samples [1: 66.9%, 2: 33.1%, 3: 0.0%]
DFA state visits in window   : 1: 18200, 2: 8466, 3: 75
DFA state visits cumulative  : 1: 1368951, 2: 637309, 3: 3244
DFA state entries in window  : 1: 100, 2: 91, 3: 75
DFA state entries cumulative : 1: 7400, 2: 5424, 3: 3244
transitions cumulative       : 1->2: 5424, 2->3: 3244
accepted directly from s0    : 0
Gym endings cumulative       : terminated=4058, truncated=98

[Episode 7500/8000 | last 100]
success rate                : 74.0% (cumulative 44.2%)
synthetic task reward       : 7400.000
shaping reward              : -365.230
learning reward             : 7034.770
episode length              : 239.0
abstract changes / episode  : 18.2
DFA transitions / episode   : 1.67
DFA transitions in window   : 1->2: 93, 2->3: 74
epsilons (next episode)      : 1: 0.08000, 2: 0.08000, 3: 1.00000
replay buffer                : 300000 samples [1: 66.4%, 2: 33.6%, 3: 0.0%]
DFA state visits in window   : 1: 15262, 2: 8668, 3: 74
DFA state visits cumulative  : 1: 1384213, 2: 645977, 3: 3318
DFA state entries in window  : 1: 100, 2: 93, 3: 74
DFA state entries cumulative : 1: 7500, 2: 5517, 3: 3318
transitions cumulative       : 1->2: 5517, 2->3: 3318
accepted directly from s0    : 0
Gym endings cumulative       : terminated=4084, truncated=98

[Episode 7600/8000 | last 100]
success rate                : 66.0% (cumulative 44.5%)
synthetic task reward       : 6600.000
shaping reward              : -455.006
learning reward             : 6144.994
episode length              : 228.6
abstract changes / episode  : 18.2
DFA transitions / episode   : 1.55
DFA transitions in window   : 1->2: 89, 2->3: 66
epsilons (next episode)      : 1: 0.08000, 2: 0.08000, 3: 1.00000
replay buffer                : 300000 samples [1: 66.1%, 2: 33.9%, 3: 0.0%]
DFA state visits in window   : 1: 14421, 2: 8476, 3: 66
DFA state visits cumulative  : 1: 1398634, 2: 654453, 3: 3384
DFA state entries in window  : 1: 100, 2: 89, 3: 66
DFA state entries cumulative : 1: 7600, 2: 5606, 3: 3384
transitions cumulative       : 1->2: 5606, 2->3: 3384
accepted directly from s0    : 0
Gym endings cumulative       : terminated=4118, truncated=98

[Episode 7700/8000 | last 100]
success rate                : 39.0% (cumulative 44.5%)
synthetic task reward       : 3900.000
shaping reward              : -1205.998
learning reward             : 2694.002
episode length              : 277.4
abstract changes / episode  : 20.0
DFA transitions / episode   : 0.88
DFA transitions in window   : 1->2: 49, 2->3: 39
epsilons (next episode)      : 1: 0.08000, 2: 0.08000, 3: 1.00000
replay buffer                : 300000 samples [1: 67.9%, 2: 32.1%, 3: 0.0%]
DFA state visits in window   : 1: 22947, 2: 4857, 3: 39
DFA state visits cumulative  : 1: 1421581, 2: 659310, 3: 3423
DFA state entries in window  : 1: 100, 2: 49, 3: 39
DFA state entries cumulative : 1: 7700, 2: 5655, 3: 3423
transitions cumulative       : 1->2: 5655, 2->3: 3423
accepted directly from s0    : 0
Gym endings cumulative       : terminated=4179, truncated=98

[Episode 7800/8000 | last 100]
success rate                : 72.0% (cumulative 44.8%)
synthetic task reward       : 7200.000
shaping reward              : -593.191
learning reward             : 6606.809
episode length              : 281.5
abstract changes / episode  : 19.9
DFA transitions / episode   : 1.59
DFA transitions in window   : 1->2: 87, 2->3: 72
epsilons (next episode)      : 1: 0.08000, 2: 0.08000, 3: 1.00000
replay buffer                : 300000 samples [1: 68.3%, 2: 31.7%, 3: 0.0%]
DFA state visits in window   : 1: 18857, 2: 9320, 3: 72
DFA state visits cumulative  : 1: 1440438, 2: 668630, 3: 3495
DFA state entries in window  : 1: 100, 2: 87, 3: 72
DFA state entries cumulative : 1: 7800, 2: 5742, 3: 3495
transitions cumulative       : 1->2: 5742, 2->3: 3495
accepted directly from s0    : 0
Gym endings cumulative       : terminated=4207, truncated=98

[Episode 7900/8000 | last 100]
success rate                : 77.0% (cumulative 45.2%)
synthetic task reward       : 7700.000
shaping reward              : -331.558
learning reward             : 7368.442
episode length              : 238.4
abstract changes / episode  : 17.3
DFA transitions / episode   : 1.65
DFA transitions in window   : 1->2: 88, 2->3: 77
epsilons (next episode)      : 1: 0.08000, 2: 0.08000, 3: 1.00000
replay buffer                : 300000 samples [1: 68.5%, 2: 31.5%, 3: 0.0%]
DFA state visits in window   : 1: 14246, 2: 9619, 3: 77
DFA state visits cumulative  : 1: 1454684, 2: 678249, 3: 3572
DFA state entries in window  : 1: 100, 2: 88, 3: 77
DFA state entries cumulative : 1: 7900, 2: 5830, 3: 3572
transitions cumulative       : 1->2: 5830, 2->3: 3572
accepted directly from s0    : 0
Gym endings cumulative       : terminated=4230, truncated=98

[Episode 8000/8000 | last 100]
success rate                : 52.0% (cumulative 45.3%)
synthetic task reward       : 5200.000
shaping reward              : -725.399
learning reward             : 4474.601
episode length              : 208.4
abstract changes / episode  : 16.0
DFA transitions / episode   : 1.13
DFA transitions in window   : 1->2: 61, 2->3: 52
epsilons (next episode)      : 1: 0.08000, 2: 0.08000, 3: 1.00000
replay buffer                : 300000 samples [1: 68.7%, 2: 31.3%, 3: 0.0%]
DFA state visits in window   : 1: 14838, 2: 6052, 3: 52
DFA state visits cumulative  : 1: 1469522, 2: 684301, 3: 3624
DFA state entries in window  : 1: 100, 2: 61, 3: 52
DFA state entries cumulative : 1: 8000, 2: 5891, 3: 3624
transitions cumulative       : 1->2: 5891, 2->3: 3624
accepted directly from s0    : 0
Gym endings cumulative       : terminated=4278, truncated=98
Last policy saved after episode 8000. Best policy: episode 6700, mean learning reward=8722.159
