
=== NEW MULTI-EPSILON RUN ===
episodes=8000, shaping=True, K=1.0, goal_reward=10000.0, gamma=0.99
training_shaping_gamma=True, shaping_formula=K*(gamma*Phi(next)-Phi(state))
network=Classic DDQN, output_heads=1
epsilon_strategy=visited
epsilon_min=0.08, epsilon_unlock_threshold=0.081
inter_level_shaping=True, inter_level_K=1.0
formula=F(wp1 & X(F(g1)))
waypoints={'wp1': (1, 8), 'g1': (8, 8)}
dfa_states=[1, 2, 3], pre_trace=1, accepting=[3]

[Episode 1/8000 | last 1]
success rate                : 0.0% (cumulative 0.0%)
synthetic task reward       : 0.000
shaping reward              : -1632.104
learning reward             : -1632.104
episode length              : 101.0
abstract changes / episode  : 12.0
DFA transitions / episode   : 0.00
DFA transitions in window   : none
epsilons (next episode)      : 1: 0.99900, 2: 1.00000, 3: 1.00000
replay buffer                : 101 samples [1: 100.0%, 2: 0.0%, 3: 0.0%]
DFA state visits in window   : 1: 102, 2: 0, 3: 0
DFA state visits cumulative  : 1: 102, 2: 0, 3: 0
DFA state entries in window  : 1: 1, 2: 0, 3: 0
DFA state entries cumulative : 1: 1, 2: 0, 3: 0
transitions cumulative       : none
accepted directly from s0    : 0
Gym endings cumulative       : terminated=1, truncated=0
Best policy updated at episode 1: mean learning reward=-1632.104

[Episode 100/8000 | last 100]
success rate                : 0.0% (cumulative 0.0%)
synthetic task reward       : 0.000
shaping reward              : -1490.089
learning reward             : -1490.089
episode length              : 103.2
abstract changes / episode  : 12.5
DFA transitions / episode   : 0.04
DFA transitions in window   : 1->2: 4
epsilons (next episode)      : 1: 0.90479, 2: 0.99601, 3: 1.00000
replay buffer                : 10317 samples [1: 99.2%, 2: 0.8%, 3: 0.0%]
DFA state visits in window   : 1: 10330, 2: 87, 3: 0
DFA state visits cumulative  : 1: 10330, 2: 87, 3: 0
DFA state entries in window  : 1: 100, 2: 4, 3: 0
DFA state entries cumulative : 1: 100, 2: 4, 3: 0
transitions cumulative       : 1->2: 4
accepted directly from s0    : 0
Gym endings cumulative       : terminated=99, truncated=1
Best policy updated at episode 100: mean learning reward=-1490.089

[Episode 200/8000 | last 100]
success rate                : 0.0% (cumulative 0.0%)
synthetic task reward       : 0.000
shaping reward              : -1531.550
learning reward             : -1531.550
episode length              : 106.6
abstract changes / episode  : 13.1
DFA transitions / episode   : 0.02
DFA transitions in window   : 1->2: 2
epsilons (next episode)      : 1: 0.81865, 2: 0.99401, 3: 1.00000
replay buffer                : 20977 samples [1: 99.3%, 2: 0.7%, 3: 0.0%]
DFA state visits in window   : 1: 10704, 2: 56, 3: 0
DFA state visits cumulative  : 1: 21034, 2: 143, 3: 0
DFA state entries in window  : 1: 100, 2: 2, 3: 0
DFA state entries cumulative : 1: 200, 2: 6, 3: 0
transitions cumulative       : 1->2: 6
accepted directly from s0    : 0
Gym endings cumulative       : terminated=199, truncated=1

[Episode 300/8000 | last 100]
success rate                : 0.0% (cumulative 0.0%)
synthetic task reward       : 0.000
shaping reward              : -1444.309
learning reward             : -1444.309
episode length              : 108.3
abstract changes / episode  : 12.9
DFA transitions / episode   : 0.08
DFA transitions in window   : 1->2: 8
epsilons (next episode)      : 1: 0.74071, 2: 0.98609, 3: 1.00000
replay buffer                : 31809 samples [1: 99.0%, 2: 1.0%, 3: 0.0%]
DFA state visits in window   : 1: 10731, 2: 201, 3: 0
DFA state visits cumulative  : 1: 31765, 2: 344, 3: 0
DFA state entries in window  : 1: 100, 2: 8, 3: 0
DFA state entries cumulative : 1: 300, 2: 14, 3: 0
transitions cumulative       : 1->2: 14
accepted directly from s0    : 0
Gym endings cumulative       : terminated=299, truncated=1
Best policy updated at episode 300: mean learning reward=-1444.309

[Episode 400/8000 | last 100]
success rate                : 0.0% (cumulative 0.0%)
synthetic task reward       : 0.000
shaping reward              : -1542.519
learning reward             : -1542.519
episode length              : 125.3
abstract changes / episode  : 13.6
DFA transitions / episode   : 0.03
DFA transitions in window   : 1->2: 3
epsilons (next episode)      : 1: 0.67019, 2: 0.98314, 3: 1.00000
replay buffer                : 44337 samples [1: 99.0%, 2: 1.0%, 3: 0.0%]
DFA state visits in window   : 1: 12502, 2: 126, 3: 0
DFA state visits cumulative  : 1: 44267, 2: 470, 3: 0
DFA state entries in window  : 1: 100, 2: 3, 3: 0
DFA state entries cumulative : 1: 400, 2: 17, 3: 0
transitions cumulative       : 1->2: 17
accepted directly from s0    : 0
Gym endings cumulative       : terminated=399, truncated=1

[Episode 500/8000 | last 100]
success rate                : 0.0% (cumulative 0.0%)
synthetic task reward       : 0.000
shaping reward              : -1610.466
learning reward             : -1610.466
episode length              : 145.8
abstract changes / episode  : 13.7
DFA transitions / episode   : 0.01
DFA transitions in window   : 1->2: 1
epsilons (next episode)      : 1: 0.60638, 2: 0.98215, 3: 1.00000
replay buffer                : 58912 samples [1: 99.2%, 2: 0.8%, 3: 0.0%]
DFA state visits in window   : 1: 14645, 2: 30, 3: 0
DFA state visits cumulative  : 1: 58912, 2: 500, 3: 0
DFA state entries in window  : 1: 100, 2: 1, 3: 0
DFA state entries cumulative : 1: 500, 2: 18, 3: 0
transitions cumulative       : 1->2: 18
accepted directly from s0    : 0
Gym endings cumulative       : terminated=499, truncated=1

[Episode 600/8000 | last 100]
success rate                : 0.0% (cumulative 0.0%)
synthetic task reward       : 0.000
shaping reward              : -1519.537
learning reward             : -1519.537
episode length              : 168.3
abstract changes / episode  : 13.6
DFA transitions / episode   : 0.08
DFA transitions in window   : 1->2: 8
epsilons (next episode)      : 1: 0.54865, 2: 0.97432, 3: 1.00000
replay buffer                : 75746 samples [1: 99.0%, 2: 1.0%, 3: 0.0%]
DFA state visits in window   : 1: 16678, 2: 256, 3: 0
DFA state visits cumulative  : 1: 75590, 2: 756, 3: 0
DFA state entries in window  : 1: 100, 2: 8, 3: 0
DFA state entries cumulative : 1: 600, 2: 26, 3: 0
transitions cumulative       : 1->2: 26
accepted directly from s0    : 0
Gym endings cumulative       : terminated=599, truncated=1

[Episode 700/8000 | last 100]
success rate                : 0.0% (cumulative 0.0%)
synthetic task reward       : 0.000
shaping reward              : -1241.147
learning reward             : -1241.147
episode length              : 187.0
abstract changes / episode  : 12.5
DFA transitions / episode   : 0.05
DFA transitions in window   : 1->2: 5
epsilons (next episode)      : 1: 0.49641, 2: 0.96946, 3: 1.00000
replay buffer                : 94442 samples [1: 99.0%, 2: 1.0%, 3: 0.0%]
DFA state visits in window   : 1: 18619, 2: 177, 3: 0
DFA state visits cumulative  : 1: 94209, 2: 933, 3: 0
DFA state entries in window  : 1: 100, 2: 5, 3: 0
DFA state entries cumulative : 1: 700, 2: 31, 3: 0
transitions cumulative       : 1->2: 31
accepted directly from s0    : 0
Gym endings cumulative       : terminated=698, truncated=2
Best policy updated at episode 700: mean learning reward=-1241.147

[Episode 800/8000 | last 100]
success rate                : 0.0% (cumulative 0.0%)
synthetic task reward       : 0.000
shaping reward              : -1530.181
learning reward             : -1530.181
episode length              : 254.8
abstract changes / episode  : 15.8
DFA transitions / episode   : 0.09
DFA transitions in window   : 1->2: 9
epsilons (next episode)      : 1: 0.44915, 2: 0.96077, 3: 1.00000
replay buffer                : 119922 samples [1: 98.9%, 2: 1.1%, 3: 0.0%]
DFA state visits in window   : 1: 25101, 2: 479, 3: 0
DFA state visits cumulative  : 1: 119310, 2: 1412, 3: 0
DFA state entries in window  : 1: 100, 2: 9, 3: 0
DFA state entries cumulative : 1: 800, 2: 40, 3: 0
transitions cumulative       : 1->2: 40
accepted directly from s0    : 0
Gym endings cumulative       : terminated=796, truncated=4

[Episode 900/8000 | last 100]
success rate                : 0.0% (cumulative 0.0%)
synthetic task reward       : 0.000
shaping reward              : -2249.860
learning reward             : -2249.860
episode length              : 487.3
abstract changes / episode  : 23.3
DFA transitions / episode   : 0.08
DFA transitions in window   : 1->2: 8
epsilons (next episode)      : 1: 0.40639, 2: 0.95311, 3: 1.00000
replay buffer                : 168656 samples [1: 98.8%, 2: 1.2%, 3: 0.0%]
DFA state visits in window   : 1: 48240, 2: 594, 3: 0
DFA state visits cumulative  : 1: 167550, 2: 2006, 3: 0
DFA state entries in window  : 1: 100, 2: 8, 3: 0
DFA state entries cumulative : 1: 900, 2: 48, 3: 0
transitions cumulative       : 1->2: 48
accepted directly from s0    : 0
Gym endings cumulative       : terminated=877, truncated=23

[Episode 1000/8000 | last 100]
success rate                : 0.0% (cumulative 0.0%)
synthetic task reward       : 0.000
shaping reward              : -1667.246
learning reward             : -1667.246
episode length              : 366.4
abstract changes / episode  : 19.6
DFA transitions / episode   : 0.23
DFA transitions in window   : 1->2: 23
epsilons (next episode)      : 1: 0.36770, 2: 0.93143, 3: 1.00000
replay buffer                : 205298 samples [1: 98.3%, 2: 1.7%, 3: 0.0%]
DFA state visits in window   : 1: 35192, 2: 1550, 3: 0
DFA state visits cumulative  : 1: 202742, 2: 3556, 3: 0
DFA state entries in window  : 1: 100, 2: 23, 3: 0
DFA state entries cumulative : 1: 1000, 2: 71, 3: 0
transitions cumulative       : 1->2: 71
accepted directly from s0    : 0
Gym endings cumulative       : terminated=972, truncated=28

[Episode 1100/8000 | last 100]
success rate                : 0.0% (cumulative 0.0%)
synthetic task reward       : 0.000
shaping reward              : -1427.687
learning reward             : -1427.687
episode length              : 372.3
abstract changes / episode  : 18.1
DFA transitions / episode   : 0.35
DFA transitions in window   : 1->2: 35
epsilons (next episode)      : 1: 0.33269, 2: 0.89938, 3: 1.00000
replay buffer                : 242529 samples [1: 97.8%, 2: 2.2%, 3: 0.0%]
DFA state visits in window   : 1: 35402, 2: 1929, 3: 0
DFA state visits cumulative  : 1: 238144, 2: 5485, 3: 0
DFA state entries in window  : 1: 100, 2: 35, 3: 0
DFA state entries cumulative : 1: 1100, 2: 106, 3: 0
transitions cumulative       : 1->2: 106
accepted directly from s0    : 0
Gym endings cumulative       : terminated=1063, truncated=37

[Episode 1200/8000 | last 100]
success rate                : 0.0% (cumulative 0.0%)
synthetic task reward       : 0.000
shaping reward              : -1062.514
learning reward             : -1062.514
episode length              : 269.7
abstract changes / episode  : 15.4
DFA transitions / episode   : 0.59
DFA transitions in window   : 1->2: 59
epsilons (next episode)      : 1: 0.30101, 2: 0.84782, 3: 1.00000
replay buffer                : 269498 samples [1: 96.7%, 2: 3.3%, 3: 0.0%]
DFA state visits in window   : 1: 23629, 2: 3440, 3: 0
DFA state visits cumulative  : 1: 261773, 2: 8925, 3: 0
DFA state entries in window  : 1: 100, 2: 59, 3: 0
DFA state entries cumulative : 1: 1200, 2: 165, 3: 0
transitions cumulative       : 1->2: 165
accepted directly from s0    : 0
Gym endings cumulative       : terminated=1159, truncated=41
Best policy updated at episode 1200: mean learning reward=-1062.514

[Episode 1300/8000 | last 100]
success rate                : 0.0% (cumulative 0.0%)
synthetic task reward       : 0.000
shaping reward              : -1034.652
learning reward             : -1034.652
episode length              : 272.4
abstract changes / episode  : 15.8
DFA transitions / episode   : 0.74
DFA transitions in window   : 1->2: 74
epsilons (next episode)      : 1: 0.27235, 2: 0.78732, 3: 1.00000
replay buffer                : 296736 samples [1: 95.4%, 2: 4.6%, 3: 0.0%]
DFA state visits in window   : 1: 22382, 2: 4956, 3: 0
DFA state visits cumulative  : 1: 284155, 2: 13881, 3: 0
DFA state entries in window  : 1: 100, 2: 74, 3: 0
DFA state entries cumulative : 1: 1300, 2: 239, 3: 0
transitions cumulative       : 1->2: 239
accepted directly from s0    : 0
Gym endings cumulative       : terminated=1259, truncated=41
Best policy updated at episode 1300: mean learning reward=-1034.652

[Episode 1400/8000 | last 100]
success rate                : 0.0% (cumulative 0.0%)
synthetic task reward       : 0.000
shaping reward              : -1105.662
learning reward             : -1105.662
episode length              : 308.6
abstract changes / episode  : 17.0
DFA transitions / episode   : 0.84
DFA transitions in window   : 1->2: 84
epsilons (next episode)      : 1: 0.24642, 2: 0.72386, 3: 1.00000
replay buffer                : 300000 samples [1: 93.0%, 2: 7.0%, 3: 0.0%]
DFA state visits in window   : 1: 23257, 2: 7700, 3: 0
DFA state visits cumulative  : 1: 307412, 2: 21581, 3: 0
DFA state entries in window  : 1: 100, 2: 84, 3: 0
DFA state entries cumulative : 1: 1400, 2: 323, 3: 0
transitions cumulative       : 1->2: 323
accepted directly from s0    : 0
Gym endings cumulative       : terminated=1358, truncated=42

[Episode 1500/8000 | last 100]
success rate                : 0.0% (cumulative 0.0%)
synthetic task reward       : 0.000
shaping reward              : -1220.579
learning reward             : -1220.579
episode length              : 391.4
abstract changes / episode  : 18.2
DFA transitions / episode   : 0.87
DFA transitions in window   : 1->2: 87
epsilons (next episode)      : 1: 0.22296, 2: 0.66351, 3: 1.00000
replay buffer                : 300000 samples [1: 90.1%, 2: 9.9%, 3: 0.0%]
DFA state visits in window   : 1: 29993, 2: 9244, 3: 0
DFA state visits cumulative  : 1: 337405, 2: 30825, 3: 0
DFA state entries in window  : 1: 100, 2: 87, 3: 0
DFA state entries cumulative : 1: 1500, 2: 410, 3: 0
transitions cumulative       : 1->2: 410
accepted directly from s0    : 0
Gym endings cumulative       : terminated=1454, truncated=46

[Episode 1600/8000 | last 100]
success rate                : 0.0% (cumulative 0.0%)
synthetic task reward       : 0.000
shaping reward              : -1336.101
learning reward             : -1336.101
episode length              : 428.7
abstract changes / episode  : 19.9
DFA transitions / episode   : 0.94
DFA transitions in window   : 1->2: 94
epsilons (next episode)      : 1: 0.20173, 2: 0.60396, 3: 1.00000
replay buffer                : 300000 samples [1: 85.6%, 2: 14.4%, 3: 0.0%]
DFA state visits in window   : 1: 28907, 2: 14059, 3: 0
DFA state visits cumulative  : 1: 366312, 2: 44884, 3: 0
DFA state entries in window  : 1: 100, 2: 94, 3: 0
DFA state entries cumulative : 1: 1600, 2: 504, 3: 0
transitions cumulative       : 1->2: 504
accepted directly from s0    : 0
Gym endings cumulative       : terminated=1550, truncated=50

[Episode 1700/8000 | last 100]
success rate                : 0.0% (cumulative 0.0%)
synthetic task reward       : 0.000
shaping reward              : -1434.951
learning reward             : -1434.951
episode length              : 387.4
abstract changes / episode  : 21.0
DFA transitions / episode   : 0.96
DFA transitions in window   : 1->2: 96
epsilons (next episode)      : 1: 0.18253, 2: 0.54865, 3: 1.00000
replay buffer                : 300000 samples [1: 80.0%, 2: 20.0%, 3: 0.0%]
DFA state visits in window   : 1: 21708, 2: 17127, 3: 0
DFA state visits cumulative  : 1: 388020, 2: 62011, 3: 0
DFA state entries in window  : 1: 100, 2: 96, 3: 0
DFA state entries cumulative : 1: 1700, 2: 600, 3: 0
transitions cumulative       : 1->2: 600
accepted directly from s0    : 0
Gym endings cumulative       : terminated=1647, truncated=53

[Episode 1800/8000 | last 100]
success rate                : 0.0% (cumulative 0.0%)
synthetic task reward       : 0.000
shaping reward              : -1503.831
learning reward             : -1503.831
episode length              : 406.0
abstract changes / episode  : 21.3
DFA transitions / episode   : 0.92
DFA transitions in window   : 1->2: 92
epsilons (next episode)      : 1: 0.16515, 2: 0.50040, 3: 1.00000
replay buffer                : 300000 samples [1: 74.6%, 2: 25.4%, 3: 0.0%]
DFA state visits in window   : 1: 22781, 2: 17917, 3: 0
DFA state visits cumulative  : 1: 410801, 2: 79928, 3: 0
DFA state entries in window  : 1: 100, 2: 92, 3: 0
DFA state entries cumulative : 1: 1800, 2: 692, 3: 0
transitions cumulative       : 1->2: 692
accepted directly from s0    : 0
Gym endings cumulative       : terminated=1743, truncated=57

[Episode 1900/8000 | last 100]
success rate                : 0.0% (cumulative 0.0%)
synthetic task reward       : 0.000
shaping reward              : -1576.427
learning reward             : -1576.427
episode length              : 438.3
abstract changes / episode  : 21.9
DFA transitions / episode   : 0.95
DFA transitions in window   : 1->2: 95
epsilons (next episode)      : 1: 0.14943, 2: 0.45503, 3: 1.00000
replay buffer                : 300000 samples [1: 67.8%, 2: 32.2%, 3: 0.0%]
DFA state visits in window   : 1: 21561, 2: 22366, 3: 0
DFA state visits cumulative  : 1: 432362, 2: 102294, 3: 0
DFA state entries in window  : 1: 100, 2: 95, 3: 0
DFA state entries cumulative : 1: 1900, 2: 787, 3: 0
transitions cumulative       : 1->2: 787
accepted directly from s0    : 0
Gym endings cumulative       : terminated=1839, truncated=61

[Episode 2000/8000 | last 100]
success rate                : 6.0% (cumulative 0.3%)
synthetic task reward       : 600.000
shaping reward              : -2036.295
learning reward             : -1436.295
episode length              : 596.6
abstract changes / episode  : 28.6
DFA transitions / episode   : 1.03
DFA transitions in window   : 1->2: 97, 2->3: 6
epsilons (next episode)      : 1: 0.13520, 2: 0.41294, 3: 1.00000
replay buffer                : 300000 samples [1: 60.5%, 2: 39.5%, 3: 0.0%]
DFA state visits in window   : 1: 29708, 2: 30042, 3: 6
DFA state visits cumulative  : 1: 462070, 2: 132336, 3: 6
DFA state entries in window  : 1: 100, 2: 97, 3: 6
DFA state entries cumulative : 1: 2000, 2: 884, 3: 6
transitions cumulative       : 1->2: 884, 2->3: 6
accepted directly from s0    : 0
Gym endings cumulative       : terminated=1923, truncated=71

[Episode 2100/8000 | last 100]
success rate                : 5.0% (cumulative 0.5%)
synthetic task reward       : 500.000
shaping reward              : -1905.970
learning reward             : -1405.970
episode length              : 493.6
abstract changes / episode  : 26.8
DFA transitions / episode   : 0.77
DFA transitions in window   : 1->2: 72, 2->3: 5
epsilons (next episode)      : 1: 0.12233, 2: 0.38424, 3: 1.00000
replay buffer                : 300000 samples [1: 57.1%, 2: 42.9%, 3: 0.0%]
DFA state visits in window   : 1: 27422, 2: 22038, 3: 5
DFA state visits cumulative  : 1: 489492, 2: 154374, 3: 11
DFA state entries in window  : 1: 100, 2: 72, 3: 5
DFA state entries cumulative : 1: 2100, 2: 956, 3: 11
transitions cumulative       : 1->2: 956, 2->3: 11
accepted directly from s0    : 0
Gym endings cumulative       : terminated=2006, truncated=83

[Episode 2200/8000 | last 100]
success rate                : 25.0% (cumulative 1.6%)
synthetic task reward       : 2500.000
shaping reward              : -1992.397
learning reward             : 507.603
episode length              : 522.9
abstract changes / episode  : 30.9
DFA transitions / episode   : 1.16
DFA transitions in window   : 1->2: 91, 2->3: 25
epsilons (next episode)      : 1: 0.11068, 2: 0.35081, 3: 1.00000
replay buffer                : 300000 samples [1: 50.2%, 2: 49.8%, 3: 0.0%]
DFA state visits in window   : 1: 17134, 2: 35233, 3: 25
DFA state visits cumulative  : 1: 506626, 2: 189607, 3: 36
DFA state entries in window  : 1: 100, 2: 91, 3: 25
DFA state entries cumulative : 1: 2200, 2: 1047, 3: 36
transitions cumulative       : 1->2: 1047, 2->3: 36
accepted directly from s0    : 0
Gym endings cumulative       : terminated=2068, truncated=96
Best policy updated at episode 2200: mean learning reward=507.603

[Episode 2300/8000 | last 100]
success rate                : 40.0% (cumulative 3.3%)
synthetic task reward       : 4000.000
shaping reward              : -1511.725
learning reward             : 2488.275
episode length              : 457.1
abstract changes / episode  : 26.8
DFA transitions / episode   : 1.16
DFA transitions in window   : 1->2: 76, 2->3: 40
epsilons (next episode)      : 1: 0.10014, 2: 0.32512, 3: 1.00000
replay buffer                : 300000 samples [1: 46.9%, 2: 53.1%, 3: 0.0%]
DFA state visits in window   : 1: 18917, 2: 26856, 3: 40
DFA state visits cumulative  : 1: 525543, 2: 216463, 3: 76
DFA state entries in window  : 1: 100, 2: 76, 3: 40
DFA state entries cumulative : 1: 2300, 2: 1123, 3: 76
transitions cumulative       : 1->2: 1123, 2->3: 76
accepted directly from s0    : 0
Gym endings cumulative       : terminated=2123, truncated=101
Best policy updated at episode 2300: mean learning reward=2488.275

[Episode 2400/8000 | last 100]
success rate                : 44.0% (cumulative 5.0%)
synthetic task reward       : 4400.000
shaping reward              : -1596.901
learning reward             : 2803.099
episode length              : 441.4
abstract changes / episode  : 29.5
DFA transitions / episode   : 1.39
DFA transitions in window   : 1->2: 95, 2->3: 44
epsilons (next episode)      : 1: 0.09061, 2: 0.29564, 3: 1.00000
replay buffer                : 300000 samples [1: 45.0%, 2: 55.0%, 3: 0.0%]
DFA state visits in window   : 1: 18043, 2: 26150, 3: 44
DFA state visits cumulative  : 1: 543586, 2: 242613, 3: 120
DFA state entries in window  : 1: 100, 2: 95, 3: 44
DFA state entries cumulative : 1: 2400, 2: 1218, 3: 120
transitions cumulative       : 1->2: 1218, 2->3: 120
accepted directly from s0    : 0
Gym endings cumulative       : terminated=2178, truncated=102
Best policy updated at episode 2400: mean learning reward=2803.099

[Episode 2500/8000 | last 100]
success rate                : 71.0% (cumulative 7.6%)
synthetic task reward       : 7100.000
shaping reward              : -1088.545
learning reward             : 6011.455
episode length              : 389.3
abstract changes / episode  : 26.4
DFA transitions / episode   : 1.70
DFA transitions in window   : 1->2: 99, 2->3: 71
epsilons (next episode)      : 1: 0.08198, 2: 0.26776, 3: 1.00000
replay buffer                : 300000 samples [1: 43.8%, 2: 56.2%, 3: 0.0%]
DFA state visits in window   : 1: 15874, 2: 23082, 3: 71
DFA state visits cumulative  : 1: 559460, 2: 265695, 3: 191
DFA state entries in window  : 1: 100, 2: 99, 3: 71
DFA state entries cumulative : 1: 2500, 2: 1317, 3: 191
transitions cumulative       : 1->2: 1317, 2->3: 191
accepted directly from s0    : 0
Gym endings cumulative       : terminated=2207, truncated=102
Best policy updated at episode 2500: mean learning reward=6011.455

[Episode 2600/8000 | last 100]
success rate                : 81.0% (cumulative 10.5%)
synthetic task reward       : 8100.000
shaping reward              : -928.757
learning reward             : 7171.243
episode length              : 373.2
abstract changes / episode  : 25.6
DFA transitions / episode   : 1.81
DFA transitions in window   : 1->2: 100, 2->3: 81
epsilons (next episode)      : 1: 0.08000, 2: 0.24227, 3: 1.00000
replay buffer                : 300000 samples [1: 43.7%, 2: 56.3%, 3: 0.0%]
DFA state visits in window   : 1: 16889, 2: 20454, 3: 81
DFA state visits cumulative  : 1: 576349, 2: 286149, 3: 272
DFA state entries in window  : 1: 100, 2: 100, 3: 81
DFA state entries cumulative : 1: 2600, 2: 1417, 3: 272
transitions cumulative       : 1->2: 1417, 2->3: 272
accepted directly from s0    : 0
Gym endings cumulative       : terminated=2225, truncated=103
Best policy updated at episode 2600: mean learning reward=7171.243

[Episode 2700/8000 | last 100]
success rate                : 77.0% (cumulative 12.9%)
synthetic task reward       : 7700.000
shaping reward              : -565.451
learning reward             : 7134.549
episode length              : 313.7
abstract changes / episode  : 19.8
DFA transitions / episode   : 1.64
DFA transitions in window   : 1->2: 87, 2->3: 77
epsilons (next episode)      : 1: 0.08000, 2: 0.22207, 3: 1.00000
replay buffer                : 300000 samples [1: 44.3%, 2: 55.7%, 3: 0.0%]
DFA state visits in window   : 1: 18085, 2: 13310, 3: 77
DFA state visits cumulative  : 1: 594434, 2: 299459, 3: 349
DFA state entries in window  : 1: 100, 2: 87, 3: 77
DFA state entries cumulative : 1: 2700, 2: 1504, 3: 349
transitions cumulative       : 1->2: 1504, 2->3: 349
accepted directly from s0    : 0
Gym endings cumulative       : terminated=2247, truncated=104

[Episode 2800/8000 | last 100]
success rate                : 88.0% (cumulative 15.6%)
synthetic task reward       : 8800.000
shaping reward              : -452.056
learning reward             : 8347.944
episode length              : 298.7
abstract changes / episode  : 20.4
DFA transitions / episode   : 1.84
DFA transitions in window   : 1->2: 96, 2->3: 88
epsilons (next episode)      : 1: 0.08000, 2: 0.20173, 3: 1.00000
replay buffer                : 300000 samples [1: 42.7%, 2: 57.3%, 3: 0.0%]
DFA state visits in window   : 1: 15897, 2: 13987, 3: 88
DFA state visits cumulative  : 1: 610331, 2: 313446, 3: 437
DFA state entries in window  : 1: 100, 2: 96, 3: 88
DFA state entries cumulative : 1: 2800, 2: 1600, 3: 437
transitions cumulative       : 1->2: 1600, 2->3: 437
accepted directly from s0    : 0
Gym endings cumulative       : terminated=2259, truncated=104
Best policy updated at episode 2800: mean learning reward=8347.944

[Episode 2900/8000 | last 100]
success rate                : 92.0% (cumulative 18.2%)
synthetic task reward       : 9200.000
shaping reward              : -371.597
learning reward             : 8828.403
episode length              : 322.0
abstract changes / episode  : 20.3
DFA transitions / episode   : 1.89
DFA transitions in window   : 1->2: 97, 2->3: 92
epsilons (next episode)      : 1: 0.08000, 2: 0.18308, 3: 1.00000
replay buffer                : 300000 samples [1: 45.4%, 2: 54.6%, 3: 0.0%]
DFA state visits in window   : 1: 19415, 2: 12795, 3: 92
DFA state visits cumulative  : 1: 629746, 2: 326241, 3: 529
DFA state entries in window  : 1: 100, 2: 97, 3: 92
DFA state entries cumulative : 1: 2900, 2: 1697, 3: 529
transitions cumulative       : 1->2: 1697, 2->3: 529
accepted directly from s0    : 0
Gym endings cumulative       : terminated=2265, truncated=106
Best policy updated at episode 2900: mean learning reward=8828.403

[Episode 3000/8000 | last 100]
success rate                : 94.0% (cumulative 20.8%)
synthetic task reward       : 9400.000
shaping reward              : -379.781
learning reward             : 9020.219
episode length              : 313.9
abstract changes / episode  : 20.7
DFA transitions / episode   : 1.92
DFA transitions in window   : 1->2: 98, 2->3: 94
epsilons (next episode)      : 1: 0.08000, 2: 0.16598, 3: 1.00000
replay buffer                : 300000 samples [1: 48.3%, 2: 51.7%, 3: 0.0%]
DFA state visits in window   : 1: 18813, 2: 12588, 3: 94
DFA state visits cumulative  : 1: 648559, 2: 338829, 3: 623
DFA state entries in window  : 1: 100, 2: 98, 3: 94
DFA state entries cumulative : 1: 3000, 2: 1795, 3: 623
transitions cumulative       : 1->2: 1795, 2->3: 623
accepted directly from s0    : 0
Gym endings cumulative       : terminated=2270, truncated=107
Best policy updated at episode 3000: mean learning reward=9020.219

[Episode 3100/8000 | last 100]
success rate                : 91.0% (cumulative 23.0%)
synthetic task reward       : 9100.000
shaping reward              : -353.019
learning reward             : 8746.981
episode length              : 279.2
abstract changes / episode  : 19.7
DFA transitions / episode   : 1.87
DFA transitions in window   : 1->2: 96, 2->3: 91
epsilons (next episode)      : 1: 0.08000, 2: 0.15078, 3: 1.00000
replay buffer                : 300000 samples [1: 50.8%, 2: 49.2%, 3: 0.0%]
DFA state visits in window   : 1: 16345, 2: 11584, 3: 91
DFA state visits cumulative  : 1: 664904, 2: 350413, 3: 714
DFA state entries in window  : 1: 100, 2: 96, 3: 91
DFA state entries cumulative : 1: 3100, 2: 1891, 3: 714
transitions cumulative       : 1->2: 1891, 2->3: 714
accepted directly from s0    : 0
Gym endings cumulative       : terminated=2279, truncated=107

[Episode 3200/8000 | last 100]
success rate                : 93.0% (cumulative 25.2%)
synthetic task reward       : 9300.000
shaping reward              : -323.370
learning reward             : 8976.630
episode length              : 267.6
abstract changes / episode  : 19.7
DFA transitions / episode   : 1.91
DFA transitions in window   : 1->2: 98, 2->3: 93
epsilons (next episode)      : 1: 0.08000, 2: 0.13670, 3: 1.00000
replay buffer                : 300000 samples [1: 51.3%, 2: 48.7%, 3: 0.0%]
DFA state visits in window   : 1: 14527, 2: 12244, 3: 93
DFA state visits cumulative  : 1: 679431, 2: 362657, 3: 807
DFA state entries in window  : 1: 100, 2: 98, 3: 93
DFA state entries cumulative : 1: 3200, 2: 1989, 3: 807
transitions cumulative       : 1->2: 1989, 2->3: 807
accepted directly from s0    : 0
Gym endings cumulative       : terminated=2286, truncated=107

[Episode 3300/8000 | last 100]
success rate                : 97.0% (cumulative 27.4%)
synthetic task reward       : 9700.000
shaping reward              : -322.637
learning reward             : 9377.363
episode length              : 284.1
abstract changes / episode  : 20.1
DFA transitions / episode   : 1.95
DFA transitions in window   : 1->2: 98, 2->3: 97
epsilons (next episode)      : 1: 0.08000, 2: 0.12393, 3: 1.00000
replay buffer                : 300000 samples [1: 52.4%, 2: 47.6%, 3: 0.0%]
DFA state visits in window   : 1: 15331, 2: 13086, 3: 97
DFA state visits cumulative  : 1: 694762, 2: 375743, 3: 904
DFA state entries in window  : 1: 100, 2: 98, 3: 97
DFA state entries cumulative : 1: 3300, 2: 2087, 3: 904
transitions cumulative       : 1->2: 2087, 2->3: 904
accepted directly from s0    : 0
Gym endings cumulative       : terminated=2288, truncated=108
Best policy updated at episode 3300: mean learning reward=9377.363

[Episode 3400/8000 | last 100]
success rate                : 87.0% (cumulative 29.1%)
synthetic task reward       : 8700.000
shaping reward              : -602.447
learning reward             : 8097.553
episode length              : 339.7
abstract changes / episode  : 21.7
DFA transitions / episode   : 1.77
DFA transitions in window   : 1->2: 90, 2->3: 87
epsilons (next episode)      : 1: 0.08000, 2: 0.11326, 3: 1.00000
replay buffer                : 300000 samples [1: 55.8%, 2: 44.2%, 3: 0.0%]
DFA state visits in window   : 1: 23666, 2: 10320, 3: 87
DFA state visits cumulative  : 1: 718428, 2: 386063, 3: 991
DFA state entries in window  : 1: 100, 2: 90, 3: 87
DFA state entries cumulative : 1: 3400, 2: 2177, 3: 991
transitions cumulative       : 1->2: 2177, 2->3: 991
accepted directly from s0    : 0
Gym endings cumulative       : terminated=2296, truncated=113

[Episode 3500/8000 | last 100]
success rate                : 86.0% (cumulative 30.8%)
synthetic task reward       : 8600.000
shaping reward              : -694.924
learning reward             : 7905.076
episode length              : 308.0
abstract changes / episode  : 23.2
DFA transitions / episode   : 1.84
DFA transitions in window   : 1->2: 98, 2->3: 86
epsilons (next episode)      : 1: 0.08000, 2: 0.10268, 3: 1.00000
replay buffer                : 300000 samples [1: 57.3%, 2: 42.7%, 3: 0.0%]
DFA state visits in window   : 1: 17088, 2: 13728, 3: 86
DFA state visits cumulative  : 1: 735516, 2: 399791, 3: 1077
DFA state entries in window  : 1: 100, 2: 98, 3: 86
DFA state entries cumulative : 1: 3500, 2: 2275, 3: 1077
transitions cumulative       : 1->2: 2275, 2->3: 1077
accepted directly from s0    : 0
Gym endings cumulative       : terminated=2309, truncated=114

[Episode 3600/8000 | last 100]
success rate                : 74.0% (cumulative 32.0%)
synthetic task reward       : 7400.000
shaping reward              : -735.184
learning reward             : 6664.816
episode length              : 293.8
abstract changes / episode  : 21.7
DFA transitions / episode   : 1.65
DFA transitions in window   : 1->2: 91, 2->3: 74
epsilons (next episode)      : 1: 0.08000, 2: 0.09374, 3: 1.00000
replay buffer                : 300000 samples [1: 58.2%, 2: 41.8%, 3: 0.0%]
DFA state visits in window   : 1: 16517, 2: 12890, 3: 74
DFA state visits cumulative  : 1: 752033, 2: 412681, 3: 1151
DFA state entries in window  : 1: 100, 2: 91, 3: 74
DFA state entries cumulative : 1: 3600, 2: 2366, 3: 1151
transitions cumulative       : 1->2: 2366, 2->3: 1151
accepted directly from s0    : 0
Gym endings cumulative       : terminated=2334, truncated=115

[Episode 3700/8000 | last 100]
success rate                : 86.0% (cumulative 33.4%)
synthetic task reward       : 8600.000
shaping reward              : -530.931
learning reward             : 8069.069
episode length              : 286.6
abstract changes / episode  : 20.7
DFA transitions / episode   : 1.77
DFA transitions in window   : 1->2: 91, 2->3: 86
epsilons (next episode)      : 1: 0.08000, 2: 0.08559, 3: 1.00000
replay buffer                : 300000 samples [1: 58.6%, 2: 41.4%, 3: 0.0%]
DFA state visits in window   : 1: 18118, 2: 10553, 3: 86
DFA state visits cumulative  : 1: 770151, 2: 423234, 3: 1237
DFA state entries in window  : 1: 100, 2: 91, 3: 86
DFA state entries cumulative : 1: 3700, 2: 2457, 3: 1237
transitions cumulative       : 1->2: 2457, 2->3: 1237
accepted directly from s0    : 0
Gym endings cumulative       : terminated=2348, truncated=115

[Episode 3800/8000 | last 100]
success rate                : 81.0% (cumulative 34.7%)
synthetic task reward       : 8100.000
shaping reward              : -391.324
learning reward             : 7708.676
episode length              : 268.9
abstract changes / episode  : 18.9
DFA transitions / episode   : 1.69
DFA transitions in window   : 1->2: 88, 2->3: 81
epsilons (next episode)      : 1: 0.08000, 2: 0.08000, 3: 1.00000
replay buffer                : 300000 samples [1: 59.7%, 2: 40.3%, 3: 0.0%]
DFA state visits in window   : 1: 17382, 2: 9532, 3: 81
DFA state visits cumulative  : 1: 787533, 2: 432766, 3: 1318
DFA state entries in window  : 1: 100, 2: 88, 3: 81
DFA state entries cumulative : 1: 3800, 2: 2545, 3: 1318
transitions cumulative       : 1->2: 2545, 2->3: 1318
accepted directly from s0    : 0
Gym endings cumulative       : terminated=2367, truncated=115

[Episode 3900/8000 | last 100]
success rate                : 92.0% (cumulative 36.2%)
synthetic task reward       : 9200.000
shaping reward              : -322.821
learning reward             : 8877.179
episode length              : 259.3
abstract changes / episode  : 19.1
DFA transitions / episode   : 1.85
DFA transitions in window   : 1->2: 93, 2->3: 92
epsilons (next episode)      : 1: 0.08000, 2: 0.08000, 3: 1.00000
replay buffer                : 300000 samples [1: 59.5%, 2: 40.5%, 3: 0.0%]
DFA state visits in window   : 1: 15293, 2: 10643, 3: 92
DFA state visits cumulative  : 1: 802826, 2: 443409, 3: 1410
DFA state entries in window  : 1: 100, 2: 93, 3: 92
DFA state entries cumulative : 1: 3900, 2: 2638, 3: 1410
transitions cumulative       : 1->2: 2638, 2->3: 1410
accepted directly from s0    : 0
Gym endings cumulative       : terminated=2375, truncated=115

[Episode 4000/8000 | last 100]
success rate                : 63.0% (cumulative 36.8%)
synthetic task reward       : 6300.000
shaping reward              : -658.351
learning reward             : 5641.649
episode length              : 243.8
abstract changes / episode  : 17.5
DFA transitions / episode   : 1.31
DFA transitions in window   : 1->2: 68, 2->3: 63
epsilons (next episode)      : 1: 0.08000, 2: 0.08000, 3: 1.00000
replay buffer                : 300000 samples [1: 60.1%, 2: 39.9%, 3: 0.0%]
DFA state visits in window   : 1: 16078, 2: 8340, 3: 63
DFA state visits cumulative  : 1: 818904, 2: 451749, 3: 1473
DFA state entries in window  : 1: 100, 2: 68, 3: 63
DFA state entries cumulative : 1: 4000, 2: 2706, 3: 1473
transitions cumulative       : 1->2: 2706, 2->3: 1473
accepted directly from s0    : 0
Gym endings cumulative       : terminated=2412, truncated=115

[Episode 4100/8000 | last 100]
success rate                : 84.0% (cumulative 38.0%)
synthetic task reward       : 8400.000
shaping reward              : -547.518
learning reward             : 7852.482
episode length              : 301.7
abstract changes / episode  : 20.4
DFA transitions / episode   : 1.71
DFA transitions in window   : 1->2: 87, 2->3: 84
epsilons (next episode)      : 1: 0.08000, 2: 0.08000, 3: 1.00000
replay buffer                : 300000 samples [1: 61.0%, 2: 39.0%, 3: 0.0%]
DFA state visits in window   : 1: 20561, 2: 9624, 3: 84
DFA state visits cumulative  : 1: 839465, 2: 461373, 3: 1557
DFA state entries in window  : 1: 100, 2: 87, 3: 84
DFA state entries cumulative : 1: 4100, 2: 2793, 3: 1557
transitions cumulative       : 1->2: 2793, 2->3: 1557
accepted directly from s0    : 0
Gym endings cumulative       : terminated=2427, truncated=116

[Episode 4200/8000 | last 100]
success rate                : 84.0% (cumulative 39.1%)
synthetic task reward       : 8400.000
shaping reward              : -562.040
learning reward             : 7837.960
episode length              : 294.8
abstract changes / episode  : 20.5
DFA transitions / episode   : 1.74
DFA transitions in window   : 1->2: 90, 2->3: 84
epsilons (next episode)      : 1: 0.08000, 2: 0.08000, 3: 1.00000
replay buffer                : 300000 samples [1: 61.7%, 2: 38.3%, 3: 0.0%]
DFA state visits in window   : 1: 18799, 2: 10699, 3: 84
DFA state visits cumulative  : 1: 858264, 2: 472072, 3: 1641
DFA state entries in window  : 1: 100, 2: 90, 3: 84
DFA state entries cumulative : 1: 4200, 2: 2883, 3: 1641
transitions cumulative       : 1->2: 2883, 2->3: 1641
accepted directly from s0    : 0
Gym endings cumulative       : terminated=2443, truncated=116

[Episode 4300/8000 | last 100]
success rate                : 68.0% (cumulative 39.7%)
synthetic task reward       : 6800.000
shaping reward              : -552.405
learning reward             : 6247.595
episode length              : 233.2
abstract changes / episode  : 17.1
DFA transitions / episode   : 1.39
DFA transitions in window   : 1->2: 71, 2->3: 68
epsilons (next episode)      : 1: 0.08000, 2: 0.08000, 3: 1.00000
replay buffer                : 300000 samples [1: 62.4%, 2: 37.6%, 3: 0.0%]
DFA state visits in window   : 1: 15201, 2: 8154, 3: 68
DFA state visits cumulative  : 1: 873465, 2: 480226, 3: 1709
DFA state entries in window  : 1: 100, 2: 71, 3: 68
DFA state entries cumulative : 1: 4300, 2: 2954, 3: 1709
transitions cumulative       : 1->2: 2954, 2->3: 1709
accepted directly from s0    : 0
Gym endings cumulative       : terminated=2475, truncated=116

[Episode 4400/8000 | last 100]
success rate                : 64.0% (cumulative 40.3%)
synthetic task reward       : 6400.000
shaping reward              : -914.347
learning reward             : 5485.653
episode length              : 269.6
abstract changes / episode  : 21.0
DFA transitions / episode   : 1.34
DFA transitions in window   : 1->2: 70, 2->3: 64
epsilons (next episode)      : 1: 0.08000, 2: 0.08000, 3: 1.00000
replay buffer                : 300000 samples [1: 64.2%, 2: 35.8%, 3: 0.0%]
DFA state visits in window   : 1: 19486, 2: 7509, 3: 64
DFA state visits cumulative  : 1: 892951, 2: 487735, 3: 1773
DFA state entries in window  : 1: 100, 2: 70, 3: 64
DFA state entries cumulative : 1: 4400, 2: 3024, 3: 1773
transitions cumulative       : 1->2: 3024, 2->3: 1773
accepted directly from s0    : 0
Gym endings cumulative       : terminated=2510, truncated=117

[Episode 4500/8000 | last 100]
success rate                : 48.0% (cumulative 40.5%)
synthetic task reward       : 4800.000
shaping reward              : -949.007
learning reward             : 3850.993
episode length              : 205.9
abstract changes / episode  : 16.9
DFA transitions / episode   : 1.00
DFA transitions in window   : 1->2: 52, 2->3: 48
epsilons (next episode)      : 1: 0.08000, 2: 0.08000, 3: 1.00000
replay buffer                : 300000 samples [1: 64.0%, 2: 36.0%, 3: 0.0%]
DFA state visits in window   : 1: 15046, 2: 5598, 3: 48
DFA state visits cumulative  : 1: 907997, 2: 493333, 3: 1821
DFA state entries in window  : 1: 100, 2: 52, 3: 48
DFA state entries cumulative : 1: 4500, 2: 3076, 3: 1821
transitions cumulative       : 1->2: 3076, 2->3: 1821
accepted directly from s0    : 0
Gym endings cumulative       : terminated=2562, truncated=117

[Episode 4600/8000 | last 100]
success rate                : 5.0% (cumulative 39.7%)
synthetic task reward       : 500.000
shaping reward              : -1654.404
learning reward             : -1154.404
episode length              : 166.7
abstract changes / episode  : 14.8
DFA transitions / episode   : 0.12
DFA transitions in window   : 1->2: 7, 2->3: 5
epsilons (next episode)      : 1: 0.08000, 2: 0.08000, 3: 1.00000
replay buffer                : 300000 samples [1: 65.8%, 2: 34.2%, 3: 0.0%]
DFA state visits in window   : 1: 16119, 2: 650, 3: 5
DFA state visits cumulative  : 1: 924116, 2: 493983, 3: 1826
DFA state entries in window  : 1: 100, 2: 7, 3: 5
DFA state entries cumulative : 1: 4600, 2: 3083, 3: 1826
transitions cumulative       : 1->2: 3083, 2->3: 1826
accepted directly from s0    : 0
Gym endings cumulative       : terminated=2657, truncated=117

[Episode 4700/8000 | last 100]
success rate                : 4.0% (cumulative 38.9%)
synthetic task reward       : 400.000
shaping reward              : -1172.994
learning reward             : -772.994
episode length              : 214.4
abstract changes / episode  : 11.7
DFA transitions / episode   : 0.11
DFA transitions in window   : 1->2: 7, 2->3: 4
epsilons (next episode)      : 1: 0.08000, 2: 0.08000, 3: 1.00000
replay buffer                : 300000 samples [1: 69.3%, 2: 30.7%, 3: 0.0%]
DFA state visits in window   : 1: 21100, 2: 436, 3: 4
DFA state visits cumulative  : 1: 945216, 2: 494419, 3: 1830
DFA state entries in window  : 1: 100, 2: 7, 3: 4
DFA state entries cumulative : 1: 4700, 2: 3090, 3: 1830
transitions cumulative       : 1->2: 3090, 2->3: 1830
accepted directly from s0    : 0
Gym endings cumulative       : terminated=2753, truncated=117

[Episode 4800/8000 | last 100]
success rate                : 39.0% (cumulative 38.9%)
synthetic task reward       : 3900.000
shaping reward              : -1436.108
learning reward             : 2463.892
episode length              : 344.3
abstract changes / episode  : 22.2
DFA transitions / episode   : 0.86
DFA transitions in window   : 1->2: 47, 2->3: 39
epsilons (next episode)      : 1: 0.08000, 2: 0.08000, 3: 1.00000
replay buffer                : 300000 samples [1: 72.5%, 2: 27.5%, 3: 0.0%]
DFA state visits in window   : 1: 29919, 2: 4572, 3: 39
DFA state visits cumulative  : 1: 975135, 2: 498991, 3: 1869
DFA state entries in window  : 1: 100, 2: 47, 3: 39
DFA state entries cumulative : 1: 4800, 2: 3137, 3: 1869
transitions cumulative       : 1->2: 3137, 2->3: 1869
accepted directly from s0    : 0
Gym endings cumulative       : terminated=2812, truncated=119

[Episode 4900/8000 | last 100]
success rate                : 43.0% (cumulative 39.0%)
synthetic task reward       : 4300.000
shaping reward              : -1476.676
learning reward             : 2823.324
episode length              : 384.8
abstract changes / episode  : 26.1
DFA transitions / episode   : 1.14
DFA transitions in window   : 1->2: 71, 2->3: 43
epsilons (next episode)      : 1: 0.08000, 2: 0.08000, 3: 1.00000
replay buffer                : 300000 samples [1: 73.8%, 2: 26.2%, 3: 0.0%]
DFA state visits in window   : 1: 29574, 2: 8962, 3: 43
DFA state visits cumulative  : 1: 1004709, 2: 507953, 3: 1912
DFA state entries in window  : 1: 100, 2: 71, 3: 43
DFA state entries cumulative : 1: 4900, 2: 3208, 3: 1912
transitions cumulative       : 1->2: 3208, 2->3: 1912
accepted directly from s0    : 0
Gym endings cumulative       : terminated=2866, truncated=122

[Episode 5000/8000 | last 100]
success rate                : 54.0% (cumulative 39.3%)
synthetic task reward       : 5400.000
shaping reward              : -1044.894
learning reward             : 4355.106
episode length              : 303.7
abstract changes / episode  : 22.9
DFA transitions / episode   : 1.34
DFA transitions in window   : 1->2: 80, 2->3: 54
epsilons (next episode)      : 1: 0.08000, 2: 0.08000, 3: 1.00000
replay buffer                : 300000 samples [1: 74.5%, 2: 25.5%, 3: 0.0%]
DFA state visits in window   : 1: 19721, 2: 10693, 3: 54
DFA state visits cumulative  : 1: 1024430, 2: 518646, 3: 1966
DFA state entries in window  : 1: 100, 2: 80, 3: 54
DFA state entries cumulative : 1: 5000, 2: 3288, 3: 1966
transitions cumulative       : 1->2: 3288, 2->3: 1966
accepted directly from s0    : 0
Gym endings cumulative       : terminated=2911, truncated=123

[Episode 5100/8000 | last 100]
success rate                : 76.0% (cumulative 40.0%)
synthetic task reward       : 7600.000
shaping reward              : -373.314
learning reward             : 7226.686
episode length              : 255.0
abstract changes / episode  : 19.1
DFA transitions / episode   : 1.71
DFA transitions in window   : 1->2: 95, 2->3: 76
epsilons (next episode)      : 1: 0.08000, 2: 0.08000, 3: 1.00000
replay buffer                : 300000 samples [1: 73.8%, 2: 26.2%, 3: 0.0%]
DFA state visits in window   : 1: 15141, 2: 10383, 3: 76
DFA state visits cumulative  : 1: 1039571, 2: 529029, 3: 2042
DFA state entries in window  : 1: 100, 2: 95, 3: 76
DFA state entries cumulative : 1: 5100, 2: 3383, 3: 2042
transitions cumulative       : 1->2: 3383, 2->3: 2042
accepted directly from s0    : 0
Gym endings cumulative       : terminated=2935, truncated=123

[Episode 5200/8000 | last 100]
success rate                : 71.0% (cumulative 40.6%)
synthetic task reward       : 7100.000
shaping reward              : -718.484
learning reward             : 6381.516
episode length              : 304.3
abstract changes / episode  : 22.7
DFA transitions / episode   : 1.69
DFA transitions in window   : 1->2: 98, 2->3: 71
epsilons (next episode)      : 1: 0.08000, 2: 0.08000, 3: 1.00000
replay buffer                : 300000 samples [1: 73.0%, 2: 27.0%, 3: 0.0%]
DFA state visits in window   : 1: 17825, 2: 12632, 3: 71
DFA state visits cumulative  : 1: 1057396, 2: 541661, 3: 2113
DFA state entries in window  : 1: 100, 2: 98, 3: 71
DFA state entries cumulative : 1: 5200, 2: 3481, 3: 2113
transitions cumulative       : 1->2: 3481, 2->3: 2113
accepted directly from s0    : 0
Gym endings cumulative       : terminated=2963, truncated=124

[Episode 5300/8000 | last 100]
success rate                : 80.0% (cumulative 41.4%)
synthetic task reward       : 8000.000
shaping reward              : -638.502
learning reward             : 7361.498
episode length              : 314.4
abstract changes / episode  : 21.6
DFA transitions / episode   : 1.65
DFA transitions in window   : 1->2: 85, 2->3: 80
epsilons (next episode)      : 1: 0.08000, 2: 0.08000, 3: 1.00000
replay buffer                : 300000 samples [1: 73.2%, 2: 26.8%, 3: 0.0%]
DFA state visits in window   : 1: 20727, 2: 10729, 3: 80
DFA state visits cumulative  : 1: 1078123, 2: 552390, 3: 2193
DFA state entries in window  : 1: 100, 2: 85, 3: 80
DFA state entries cumulative : 1: 5300, 2: 3566, 3: 2193
transitions cumulative       : 1->2: 3566, 2->3: 2193
accepted directly from s0    : 0
Gym endings cumulative       : terminated=2982, truncated=125

[Episode 5400/8000 | last 100]
success rate                : 81.0% (cumulative 42.1%)
synthetic task reward       : 8100.000
shaping reward              : -402.931
learning reward             : 7697.069
episode length              : 267.2
abstract changes / episode  : 18.9
DFA transitions / episode   : 1.70
DFA transitions in window   : 1->2: 89, 2->3: 81
epsilons (next episode)      : 1: 0.08000, 2: 0.08000, 3: 1.00000
replay buffer                : 300000 samples [1: 73.2%, 2: 26.8%, 3: 0.0%]
DFA state visits in window   : 1: 17334, 2: 9401, 3: 81
DFA state visits cumulative  : 1: 1095457, 2: 561791, 3: 2274
DFA state entries in window  : 1: 100, 2: 89, 3: 81
DFA state entries cumulative : 1: 5400, 2: 3655, 3: 2274
transitions cumulative       : 1->2: 3655, 2->3: 2274
accepted directly from s0    : 0
Gym endings cumulative       : terminated=3001, truncated=125

[Episode 5500/8000 | last 100]
success rate                : 67.0% (cumulative 42.6%)
synthetic task reward       : 6700.000
shaping reward              : -547.940
learning reward             : 6152.060
episode length              : 256.6
abstract changes / episode  : 17.9
DFA transitions / episode   : 1.41
DFA transitions in window   : 1->2: 74, 2->3: 67
epsilons (next episode)      : 1: 0.08000, 2: 0.08000, 3: 1.00000
replay buffer                : 300000 samples [1: 72.9%, 2: 27.1%, 3: 0.0%]
DFA state visits in window   : 1: 17924, 2: 7764, 3: 67
DFA state visits cumulative  : 1: 1113381, 2: 569555, 3: 2341
DFA state entries in window  : 1: 100, 2: 74, 3: 67
DFA state entries cumulative : 1: 5500, 2: 3729, 3: 2341
transitions cumulative       : 1->2: 3729, 2->3: 2341
accepted directly from s0    : 0
Gym endings cumulative       : terminated=3034, truncated=125

[Episode 5600/8000 | last 100]
success rate                : 55.0% (cumulative 42.8%)
synthetic task reward       : 5500.000
shaping reward              : -884.383
learning reward             : 4615.617
episode length              : 309.4
abstract changes / episode  : 18.9
DFA transitions / episode   : 1.13
DFA transitions in window   : 1->2: 58, 2->3: 55
epsilons (next episode)      : 1: 0.08000, 2: 0.08000, 3: 1.00000
replay buffer                : 300000 samples [1: 72.5%, 2: 27.5%, 3: 0.0%]
DFA state visits in window   : 1: 23894, 2: 7091, 3: 55
DFA state visits cumulative  : 1: 1137275, 2: 576646, 3: 2396
DFA state entries in window  : 1: 100, 2: 58, 3: 55
DFA state entries cumulative : 1: 5600, 2: 3787, 3: 2396
transitions cumulative       : 1->2: 3787, 2->3: 2396
accepted directly from s0    : 0
Gym endings cumulative       : terminated=3078, truncated=126

[Episode 5700/8000 | last 100]
success rate                : 54.0% (cumulative 43.0%)
synthetic task reward       : 5400.000
shaping reward              : -1108.178
learning reward             : 4291.822
episode length              : 297.6
abstract changes / episode  : 22.0
DFA transitions / episode   : 1.19
DFA transitions in window   : 1->2: 65, 2->3: 54
epsilons (next episode)      : 1: 0.08000, 2: 0.08000, 3: 1.00000
replay buffer                : 300000 samples [1: 70.3%, 2: 29.7%, 3: 0.0%]
DFA state visits in window   : 1: 22460, 2: 7342, 3: 54
DFA state visits cumulative  : 1: 1159735, 2: 583988, 3: 2450
DFA state entries in window  : 1: 100, 2: 65, 3: 54
DFA state entries cumulative : 1: 5700, 2: 3852, 3: 2450
transitions cumulative       : 1->2: 3852, 2->3: 2450
accepted directly from s0    : 0
Gym endings cumulative       : terminated=3124, truncated=126

[Episode 5800/8000 | last 100]
success rate                : 81.0% (cumulative 43.6%)
synthetic task reward       : 8100.000
shaping reward              : -602.395
learning reward             : 7497.605
episode length              : 293.2
abstract changes / episode  : 20.9
DFA transitions / episode   : 1.68
DFA transitions in window   : 1->2: 87, 2->3: 81
epsilons (next episode)      : 1: 0.08000, 2: 0.08000, 3: 1.00000
replay buffer                : 300000 samples [1: 68.1%, 2: 31.9%, 3: 0.0%]
DFA state visits in window   : 1: 18834, 2: 10504, 3: 81
DFA state visits cumulative  : 1: 1178569, 2: 594492, 3: 2531
DFA state entries in window  : 1: 100, 2: 87, 3: 81
DFA state entries cumulative : 1: 5800, 2: 3939, 3: 2531
transitions cumulative       : 1->2: 3939, 2->3: 2531
accepted directly from s0    : 0
Gym endings cumulative       : terminated=3143, truncated=126

[Episode 5900/8000 | last 100]
success rate                : 94.0% (cumulative 44.5%)
synthetic task reward       : 9400.000
shaping reward              : -292.490
learning reward             : 9107.510
episode length              : 268.5
abstract changes / episode  : 19.5
DFA transitions / episode   : 1.93
DFA transitions in window   : 1->2: 99, 2->3: 94
epsilons (next episode)      : 1: 0.08000, 2: 0.08000, 3: 1.00000
replay buffer                : 300000 samples [1: 66.7%, 2: 33.3%, 3: 0.0%]
DFA state visits in window   : 1: 16308, 2: 10549, 3: 94
DFA state visits cumulative  : 1: 1194877, 2: 605041, 3: 2625
DFA state entries in window  : 1: 100, 2: 99, 3: 94
DFA state entries cumulative : 1: 5900, 2: 4038, 3: 2625
transitions cumulative       : 1->2: 4038, 2->3: 2625
accepted directly from s0    : 0
Gym endings cumulative       : terminated=3149, truncated=126

[Episode 6000/8000 | last 100]
success rate                : 84.0% (cumulative 45.1%)
synthetic task reward       : 8400.000
shaping reward              : -602.805
learning reward             : 7797.195
episode length              : 298.6
abstract changes / episode  : 22.5
DFA transitions / episode   : 1.83
DFA transitions in window   : 1->2: 99, 2->3: 84
epsilons (next episode)      : 1: 0.08000, 2: 0.08000, 3: 1.00000
replay buffer                : 300000 samples [1: 65.7%, 2: 34.3%, 3: 0.0%]
DFA state visits in window   : 1: 18244, 2: 11629, 3: 84
DFA state visits cumulative  : 1: 1213121, 2: 616670, 3: 2709
DFA state entries in window  : 1: 100, 2: 99, 3: 84
DFA state entries cumulative : 1: 6000, 2: 4137, 3: 2709
transitions cumulative       : 1->2: 4137, 2->3: 2709
accepted directly from s0    : 0
Gym endings cumulative       : terminated=3165, truncated=126

[Episode 6100/8000 | last 100]
success rate                : 87.0% (cumulative 45.8%)
synthetic task reward       : 8700.000
shaping reward              : -479.596
learning reward             : 8220.404
episode length              : 265.4
abstract changes / episode  : 20.3
DFA transitions / episode   : 1.81
DFA transitions in window   : 1->2: 94, 2->3: 87
epsilons (next episode)      : 1: 0.08000, 2: 0.08000, 3: 1.00000
replay buffer                : 300000 samples [1: 65.5%, 2: 34.5%, 3: 0.0%]
DFA state visits in window   : 1: 16133, 2: 10423, 3: 87
DFA state visits cumulative  : 1: 1229254, 2: 627093, 3: 2796
DFA state entries in window  : 1: 100, 2: 94, 3: 87
DFA state entries cumulative : 1: 6100, 2: 4231, 3: 2796
transitions cumulative       : 1->2: 4231, 2->3: 2796
accepted directly from s0    : 0
Gym endings cumulative       : terminated=3178, truncated=126

[Episode 6200/8000 | last 100]
success rate                : 74.0% (cumulative 46.3%)
synthetic task reward       : 7400.000
shaping reward              : -752.362
learning reward             : 6647.638
episode length              : 277.2
abstract changes / episode  : 20.8
DFA transitions / episode   : 1.55
DFA transitions in window   : 1->2: 81, 2->3: 74
epsilons (next episode)      : 1: 0.08000, 2: 0.08000, 3: 1.00000
replay buffer                : 300000 samples [1: 66.7%, 2: 33.3%, 3: 0.0%]
DFA state visits in window   : 1: 19000, 2: 8744, 3: 74
DFA state visits cumulative  : 1: 1248254, 2: 635837, 3: 2870
DFA state entries in window  : 1: 100, 2: 81, 3: 74
DFA state entries cumulative : 1: 6200, 2: 4312, 3: 2870
transitions cumulative       : 1->2: 4312, 2->3: 2870
accepted directly from s0    : 0
Gym endings cumulative       : terminated=3204, truncated=126

[Episode 6300/8000 | last 100]
success rate                : 60.0% (cumulative 46.5%)
synthetic task reward       : 6000.000
shaping reward              : -838.159
learning reward             : 5161.841
episode length              : 261.8
abstract changes / episode  : 19.6
DFA transitions / episode   : 1.31
DFA transitions in window   : 1->2: 71, 2->3: 60
epsilons (next episode)      : 1: 0.08000, 2: 0.08000, 3: 1.00000
replay buffer                : 300000 samples [1: 67.1%, 2: 32.9%, 3: 0.0%]
DFA state visits in window   : 1: 17066, 2: 9157, 3: 60
DFA state visits cumulative  : 1: 1265320, 2: 644994, 3: 2930
DFA state entries in window  : 1: 100, 2: 71, 3: 60
DFA state entries cumulative : 1: 6300, 2: 4383, 3: 2930
transitions cumulative       : 1->2: 4383, 2->3: 2930
accepted directly from s0    : 0
Gym endings cumulative       : terminated=3244, truncated=126

[Episode 6400/8000 | last 100]
success rate                : 63.0% (cumulative 46.8%)
synthetic task reward       : 6300.000
shaping reward              : -819.196
learning reward             : 5480.804
episode length              : 279.5
abstract changes / episode  : 20.6
DFA transitions / episode   : 1.39
DFA transitions in window   : 1->2: 76, 2->3: 63
epsilons (next episode)      : 1: 0.08000, 2: 0.08000, 3: 1.00000
replay buffer                : 300000 samples [1: 66.9%, 2: 33.1%, 3: 0.0%]
DFA state visits in window   : 1: 19128, 2: 8858, 3: 63
DFA state visits cumulative  : 1: 1284448, 2: 653852, 3: 2993
DFA state entries in window  : 1: 100, 2: 76, 3: 63
DFA state entries cumulative : 1: 6400, 2: 4459, 3: 2993
transitions cumulative       : 1->2: 4459, 2->3: 2993
accepted directly from s0    : 0
Gym endings cumulative       : terminated=3280, truncated=127

[Episode 6500/8000 | last 100]
success rate                : 56.0% (cumulative 46.9%)
synthetic task reward       : 5600.000
shaping reward              : -1129.592
learning reward             : 4470.408
episode length              : 334.0
abstract changes / episode  : 23.0
DFA transitions / episode   : 1.30
DFA transitions in window   : 1->2: 74, 2->3: 56
epsilons (next episode)      : 1: 0.08000, 2: 0.08000, 3: 1.00000
replay buffer                : 300000 samples [1: 67.5%, 2: 32.5%, 3: 0.0%]
DFA state visits in window   : 1: 23456, 2: 9984, 3: 56
DFA state visits cumulative  : 1: 1307904, 2: 663836, 3: 3049
DFA state entries in window  : 1: 100, 2: 74, 3: 56
DFA state entries cumulative : 1: 6500, 2: 4533, 3: 3049
transitions cumulative       : 1->2: 4533, 2->3: 3049
accepted directly from s0    : 0
Gym endings cumulative       : terminated=3322, truncated=129

[Episode 6600/8000 | last 100]
success rate                : 61.0% (cumulative 47.1%)
synthetic task reward       : 6100.000
shaping reward              : -1088.828
learning reward             : 5011.172
episode length              : 352.6
abstract changes / episode  : 23.3
DFA transitions / episode   : 1.34
DFA transitions in window   : 1->2: 73, 2->3: 61
epsilons (next episode)      : 1: 0.08000, 2: 0.08000, 3: 1.00000
replay buffer                : 300000 samples [1: 67.2%, 2: 32.8%, 3: 0.0%]
DFA state visits in window   : 1: 26700, 2: 8602, 3: 61
DFA state visits cumulative  : 1: 1334604, 2: 672438, 3: 3110
DFA state entries in window  : 1: 100, 2: 73, 3: 61
DFA state entries cumulative : 1: 6600, 2: 4606, 3: 3110
transitions cumulative       : 1->2: 4606, 2->3: 3110
accepted directly from s0    : 0
Gym endings cumulative       : terminated=3361, truncated=129

[Episode 6700/8000 | last 100]
success rate                : 73.0% (cumulative 47.5%)
synthetic task reward       : 7300.000
shaping reward              : -676.878
learning reward             : 6623.122
episode length              : 301.2
abstract changes / episode  : 20.9
DFA transitions / episode   : 1.57
DFA transitions in window   : 1->2: 84, 2->3: 73
epsilons (next episode)      : 1: 0.08000, 2: 0.08000, 3: 1.00000
replay buffer                : 300000 samples [1: 66.9%, 2: 33.1%, 3: 0.0%]
DFA state visits in window   : 1: 21493, 2: 8653, 3: 73
DFA state visits cumulative  : 1: 1356097, 2: 681091, 3: 3183
DFA state entries in window  : 1: 100, 2: 84, 3: 73
DFA state entries cumulative : 1: 6700, 2: 4690, 3: 3183
transitions cumulative       : 1->2: 4690, 2->3: 3183
accepted directly from s0    : 0
Gym endings cumulative       : terminated=3388, truncated=129

[Episode 6800/8000 | last 100]
success rate                : 76.0% (cumulative 47.9%)
synthetic task reward       : 7600.000
shaping reward              : -508.515
learning reward             : 7091.485
episode length              : 268.9
abstract changes / episode  : 20.3
DFA transitions / episode   : 1.68
DFA transitions in window   : 1->2: 92, 2->3: 76
epsilons (next episode)      : 1: 0.08000, 2: 0.08000, 3: 1.00000
replay buffer                : 300000 samples [1: 66.9%, 2: 33.1%, 3: 0.0%]
DFA state visits in window   : 1: 18304, 2: 8613, 3: 76
DFA state visits cumulative  : 1: 1374401, 2: 689704, 3: 3259
DFA state entries in window  : 1: 100, 2: 92, 3: 76
DFA state entries cumulative : 1: 6800, 2: 4782, 3: 3259
transitions cumulative       : 1->2: 4782, 2->3: 3259
accepted directly from s0    : 0
Gym endings cumulative       : terminated=3412, truncated=129

[Episode 6900/8000 | last 100]
success rate                : 75.0% (cumulative 48.3%)
synthetic task reward       : 7500.000
shaping reward              : -445.244
learning reward             : 7054.756
episode length              : 268.3
abstract changes / episode  : 19.7
DFA transitions / episode   : 1.68
DFA transitions in window   : 1->2: 93, 2->3: 75
epsilons (next episode)      : 1: 0.08000, 2: 0.08000, 3: 1.00000
replay buffer                : 300000 samples [1: 67.3%, 2: 32.7%, 3: 0.0%]
DFA state visits in window   : 1: 17166, 2: 9687, 3: 75
DFA state visits cumulative  : 1: 1391567, 2: 699391, 3: 3334
DFA state entries in window  : 1: 100, 2: 93, 3: 75
DFA state entries cumulative : 1: 6900, 2: 4875, 3: 3334
transitions cumulative       : 1->2: 4875, 2->3: 3334
accepted directly from s0    : 0
Gym endings cumulative       : terminated=3437, truncated=129

[Episode 7000/8000 | last 100]
success rate                : 76.0% (cumulative 48.7%)
synthetic task reward       : 7600.000
shaping reward              : -466.168
learning reward             : 7133.832
episode length              : 249.9
abstract changes / episode  : 19.4
DFA transitions / episode   : 1.69
DFA transitions in window   : 1->2: 93, 2->3: 76
epsilons (next episode)      : 1: 0.08000, 2: 0.08000, 3: 1.00000
replay buffer                : 300000 samples [1: 67.1%, 2: 32.9%, 3: 0.0%]
DFA state visits in window   : 1: 14833, 2: 10178, 3: 76
DFA state visits cumulative  : 1: 1406400, 2: 709569, 3: 3410
DFA state entries in window  : 1: 100, 2: 93, 3: 76
DFA state entries cumulative : 1: 7000, 2: 4968, 3: 3410
transitions cumulative       : 1->2: 4968, 2->3: 3410
accepted directly from s0    : 0
Gym endings cumulative       : terminated=3461, truncated=129

[Episode 7100/8000 | last 100]
success rate                : 76.0% (cumulative 49.1%)
synthetic task reward       : 7600.000
shaping reward              : -361.834
learning reward             : 7238.166
episode length              : 256.9
abstract changes / episode  : 18.6
DFA transitions / episode   : 1.67
DFA transitions in window   : 1->2: 91, 2->3: 76
epsilons (next episode)      : 1: 0.08000, 2: 0.08000, 3: 1.00000
replay buffer                : 300000 samples [1: 67.4%, 2: 32.6%, 3: 0.0%]
DFA state visits in window   : 1: 16504, 2: 9205, 3: 76
DFA state visits cumulative  : 1: 1422904, 2: 718774, 3: 3486
DFA state entries in window  : 1: 100, 2: 91, 3: 76
DFA state entries cumulative : 1: 7100, 2: 5059, 3: 3486
transitions cumulative       : 1->2: 5059, 2->3: 3486
accepted directly from s0    : 0
Gym endings cumulative       : terminated=3485, truncated=129

[Episode 7200/8000 | last 100]
success rate                : 63.0% (cumulative 49.3%)
synthetic task reward       : 6300.000
shaping reward              : -548.019
learning reward             : 5751.981
episode length              : 238.8
abstract changes / episode  : 17.9
DFA transitions / episode   : 1.44
DFA transitions in window   : 1->2: 81, 2->3: 63
epsilons (next episode)      : 1: 0.08000, 2: 0.08000, 3: 1.00000
replay buffer                : 300000 samples [1: 67.6%, 2: 32.4%, 3: 0.0%]
DFA state visits in window   : 1: 15696, 2: 8217, 3: 63
DFA state visits cumulative  : 1: 1438600, 2: 726991, 3: 3549
DFA state entries in window  : 1: 100, 2: 81, 3: 63
DFA state entries cumulative : 1: 7200, 2: 5140, 3: 3549
transitions cumulative       : 1->2: 5140, 2->3: 3549
accepted directly from s0    : 0
Gym endings cumulative       : terminated=3522, truncated=129

[Episode 7300/8000 | last 100]
success rate                : 70.0% (cumulative 49.6%)
synthetic task reward       : 7000.000
shaping reward              : -488.866
learning reward             : 6511.134
episode length              : 239.9
abstract changes / episode  : 17.8
DFA transitions / episode   : 1.53
DFA transitions in window   : 1->2: 83, 2->3: 70
epsilons (next episode)      : 1: 0.08000, 2: 0.08000, 3: 1.00000
replay buffer                : 300000 samples [1: 67.5%, 2: 32.5%, 3: 0.0%]
DFA state visits in window   : 1: 15352, 2: 8667, 3: 70
DFA state visits cumulative  : 1: 1453952, 2: 735658, 3: 3619
DFA state entries in window  : 1: 100, 2: 83, 3: 70
DFA state entries cumulative : 1: 7300, 2: 5223, 3: 3619
transitions cumulative       : 1->2: 5223, 2->3: 3619
accepted directly from s0    : 0
Gym endings cumulative       : terminated=3551, truncated=130

[Episode 7400/8000 | last 100]
success rate                : 64.0% (cumulative 49.8%)
synthetic task reward       : 6400.000
shaping reward              : -691.858
learning reward             : 5708.142
episode length              : 269.9
abstract changes / episode  : 20.9
DFA transitions / episode   : 1.50
DFA transitions in window   : 1->2: 86, 2->3: 64
epsilons (next episode)      : 1: 0.08000, 2: 0.08000, 3: 1.00000
replay buffer                : 300000 samples [1: 67.9%, 2: 32.1%, 3: 0.0%]
DFA state visits in window   : 1: 19286, 2: 7738, 3: 64
DFA state visits cumulative  : 1: 1473238, 2: 743396, 3: 3683
DFA state entries in window  : 1: 100, 2: 86, 3: 64
DFA state entries cumulative : 1: 7400, 2: 5309, 3: 3683
transitions cumulative       : 1->2: 5309, 2->3: 3683
accepted directly from s0    : 0
Gym endings cumulative       : terminated=3587, truncated=130

[Episode 7500/8000 | last 100]
success rate                : 54.0% (cumulative 49.8%)
synthetic task reward       : 5400.000
shaping reward              : -777.413
learning reward             : 4622.587
episode length              : 271.1
abstract changes / episode  : 20.5
DFA transitions / episode   : 1.38
DFA transitions in window   : 1->2: 84, 2->3: 54
epsilons (next episode)      : 1: 0.08000, 2: 0.08000, 3: 1.00000
replay buffer                : 300000 samples [1: 68.0%, 2: 32.0%, 3: 0.0%]
DFA state visits in window   : 1: 18947, 2: 8211, 3: 54
DFA state visits cumulative  : 1: 1492185, 2: 751607, 3: 3737
DFA state entries in window  : 1: 100, 2: 84, 3: 54
DFA state entries cumulative : 1: 7500, 2: 5393, 3: 3737
transitions cumulative       : 1->2: 5393, 2->3: 3737
accepted directly from s0    : 0
Gym endings cumulative       : terminated=3633, truncated=130

[Episode 7600/8000 | last 100]
success rate                : 72.0% (cumulative 50.1%)
synthetic task reward       : 7200.000
shaping reward              : -584.723
learning reward             : 6615.277
episode length              : 273.4
abstract changes / episode  : 20.2
DFA transitions / episode   : 1.62
DFA transitions in window   : 1->2: 90, 2->3: 72
epsilons (next episode)      : 1: 0.08000, 2: 0.08000, 3: 1.00000
replay buffer                : 300000 samples [1: 67.5%, 2: 32.5%, 3: 0.0%]
DFA state visits in window   : 1: 17582, 2: 9782, 3: 72
DFA state visits cumulative  : 1: 1509767, 2: 761389, 3: 3809
DFA state entries in window  : 1: 100, 2: 90, 3: 72
DFA state entries cumulative : 1: 7600, 2: 5483, 3: 3809
transitions cumulative       : 1->2: 5483, 2->3: 3809
accepted directly from s0    : 0
Gym endings cumulative       : terminated=3661, truncated=130

[Episode 7700/8000 | last 100]
success rate                : 60.0% (cumulative 50.2%)
synthetic task reward       : 6000.000
shaping reward              : -914.154
learning reward             : 5085.846
episode length              : 300.3
abstract changes / episode  : 22.4
DFA transitions / episode   : 1.42
DFA transitions in window   : 1->2: 82, 2->3: 60
epsilons (next episode)      : 1: 0.08000, 2: 0.08000, 3: 1.00000
replay buffer                : 300000 samples [1: 66.3%, 2: 33.7%, 3: 0.0%]
DFA state visits in window   : 1: 19660, 2: 10407, 3: 60
DFA state visits cumulative  : 1: 1529427, 2: 771796, 3: 3869
DFA state entries in window  : 1: 100, 2: 82, 3: 60
DFA state entries cumulative : 1: 7700, 2: 5565, 3: 3869
transitions cumulative       : 1->2: 5565, 2->3: 3869
accepted directly from s0    : 0
Gym endings cumulative       : terminated=3698, truncated=133

[Episode 7800/8000 | last 100]
success rate                : 62.0% (cumulative 50.4%)
synthetic task reward       : 6200.000
shaping reward              : -673.103
learning reward             : 5526.897
episode length              : 257.9
abstract changes / episode  : 19.3
DFA transitions / episode   : 1.42
DFA transitions in window   : 1->2: 80, 2->3: 62
epsilons (next episode)      : 1: 0.08000, 2: 0.08000, 3: 1.00000
replay buffer                : 300000 samples [1: 65.3%, 2: 34.7%, 3: 0.0%]
DFA state visits in window   : 1: 15563, 2: 10263, 3: 62
DFA state visits cumulative  : 1: 1544990, 2: 782059, 3: 3931
DFA state entries in window  : 1: 100, 2: 80, 3: 62
DFA state entries cumulative : 1: 7800, 2: 5645, 3: 3931
transitions cumulative       : 1->2: 5645, 2->3: 3931
accepted directly from s0    : 0
Gym endings cumulative       : terminated=3735, truncated=134

[Episode 7900/8000 | last 100]
success rate                : 69.0% (cumulative 50.6%)
synthetic task reward       : 6900.000
shaping reward              : -719.523
learning reward             : 6180.477
episode length              : 277.4
abstract changes / episode  : 21.2
DFA transitions / episode   : 1.57
DFA transitions in window   : 1->2: 88, 2->3: 69
epsilons (next episode)      : 1: 0.08000, 2: 0.08000, 3: 1.00000
replay buffer                : 300000 samples [1: 65.3%, 2: 34.7%, 3: 0.0%]
DFA state visits in window   : 1: 18695, 2: 9080, 3: 69
DFA state visits cumulative  : 1: 1563685, 2: 791139, 3: 4000
DFA state entries in window  : 1: 100, 2: 88, 3: 69
DFA state entries cumulative : 1: 7900, 2: 5733, 3: 4000
transitions cumulative       : 1->2: 5733, 2->3: 4000
accepted directly from s0    : 0
Gym endings cumulative       : terminated=3766, truncated=134

[Episode 8000/8000 | last 100]
success rate                : 80.0% (cumulative 51.0%)
synthetic task reward       : 8000.000
shaping reward              : -382.475
learning reward             : 7617.525
episode length              : 260.4
abstract changes / episode  : 19.4
DFA transitions / episode   : 1.74
DFA transitions in window   : 1->2: 94, 2->3: 80
epsilons (next episode)      : 1: 0.08000, 2: 0.08000, 3: 1.00000
replay buffer                : 300000 samples [1: 65.3%, 2: 34.7%, 3: 0.0%]
DFA state visits in window   : 1: 17221, 2: 8835, 3: 80
DFA state visits cumulative  : 1: 1580906, 2: 799974, 3: 4080
DFA state entries in window  : 1: 100, 2: 94, 3: 80
DFA state entries cumulative : 1: 8000, 2: 5827, 3: 4080
transitions cumulative       : 1->2: 5827, 2->3: 4080
accepted directly from s0    : 0
Gym endings cumulative       : terminated=3786, truncated=134
Last policy saved after episode 8000. Best policy: episode 3300, mean learning reward=9377.363
