
=== NEW MULTI-EPSILON RUN ===
episodes=8000, shaping=True, K=1.0, goal_reward=10000.0, gamma=0.99
training_shaping_gamma=True, shaping_formula=K*(gamma*Phi(next)-Phi(state))
network=Classic DDQN, output_heads=1
epsilon_strategy=visited
epsilon_min=0.08, epsilon_unlock_threshold=0.081
inter_level_shaping=True, inter_level_K=1.0
formula=F(wp1 & X(F(g1)))
waypoints={'wp1': (1, 8), 'g1': (8, 8)}
dfa_states=[1, 2, 3], pre_trace=1, accepting=[3]

[Episode 1/8000 | last 1]
success rate                : 0.0% (cumulative 0.0%)
synthetic task reward       : 0.000
shaping reward              : -1644.953
learning reward             : -1644.953
episode length              : 103.0
abstract changes / episode  : 14.0
DFA transitions / episode   : 0.00
DFA transitions in window   : none
epsilons (next episode)      : 1: 0.99900, 2: 1.00000, 3: 1.00000
replay buffer                : 103 samples [1: 100.0%, 2: 0.0%, 3: 0.0%]
DFA state visits in window   : 1: 104, 2: 0, 3: 0
DFA state visits cumulative  : 1: 104, 2: 0, 3: 0
DFA state entries in window  : 1: 1, 2: 0, 3: 0
DFA state entries cumulative : 1: 1, 2: 0, 3: 0
transitions cumulative       : none
accepted directly from s0    : 0
Gym endings cumulative       : terminated=1, truncated=0
Best policy updated at episode 1: mean learning reward=-1644.953

[Episode 100/8000 | last 100]
success rate                : 0.0% (cumulative 0.0%)
synthetic task reward       : 0.000
shaping reward              : -1532.039
learning reward             : -1532.039
episode length              : 99.4
abstract changes / episode  : 12.8
DFA transitions / episode   : 0.03
DFA transitions in window   : 1->2: 3
epsilons (next episode)      : 1: 0.90479, 2: 0.99700, 3: 1.00000
replay buffer                : 9942 samples [1: 99.2%, 2: 0.8%, 3: 0.0%]
DFA state visits in window   : 1: 9963, 2: 79, 3: 0
DFA state visits cumulative  : 1: 9963, 2: 79, 3: 0
DFA state entries in window  : 1: 100, 2: 3, 3: 0
DFA state entries cumulative : 1: 100, 2: 3, 3: 0
transitions cumulative       : 1->2: 3
accepted directly from s0    : 0
Gym endings cumulative       : terminated=100, truncated=0
Best policy updated at episode 100: mean learning reward=-1532.039

[Episode 200/8000 | last 100]
success rate                : 0.0% (cumulative 0.0%)
synthetic task reward       : 0.000
shaping reward              : -1470.729
learning reward             : -1470.729
episode length              : 101.0
abstract changes / episode  : 12.5
DFA transitions / episode   : 0.03
DFA transitions in window   : 1->2: 3
epsilons (next episode)      : 1: 0.81865, 2: 0.99401, 3: 1.00000
replay buffer                : 20042 samples [1: 99.1%, 2: 0.9%, 3: 0.0%]
DFA state visits in window   : 1: 10102, 2: 98, 3: 0
DFA state visits cumulative  : 1: 20065, 2: 177, 3: 0
DFA state entries in window  : 1: 100, 2: 3, 3: 0
DFA state entries cumulative : 1: 200, 2: 6, 3: 0
transitions cumulative       : 1->2: 6
accepted directly from s0    : 0
Gym endings cumulative       : terminated=200, truncated=0
Best policy updated at episode 200: mean learning reward=-1470.729

[Episode 300/8000 | last 100]
success rate                : 0.0% (cumulative 0.0%)
synthetic task reward       : 0.000
shaping reward              : -1481.599
learning reward             : -1481.599
episode length              : 109.7
abstract changes / episode  : 12.9
DFA transitions / episode   : 0.08
DFA transitions in window   : 1->2: 8
epsilons (next episode)      : 1: 0.74071, 2: 0.98609, 3: 1.00000
replay buffer                : 31007 samples [1: 98.8%, 2: 1.2%, 3: 0.0%]
DFA state visits in window   : 1: 10847, 2: 218, 3: 0
DFA state visits cumulative  : 1: 30912, 2: 395, 3: 0
DFA state entries in window  : 1: 100, 2: 8, 3: 0
DFA state entries cumulative : 1: 300, 2: 14, 3: 0
transitions cumulative       : 1->2: 14
accepted directly from s0    : 0
Gym endings cumulative       : terminated=300, truncated=0

[Episode 400/8000 | last 100]
success rate                : 0.0% (cumulative 0.0%)
synthetic task reward       : 0.000
shaping reward              : -1436.849
learning reward             : -1436.849
episode length              : 129.7
abstract changes / episode  : 13.1
DFA transitions / episode   : 0.10
DFA transitions in window   : 1->2: 10
epsilons (next episode)      : 1: 0.67019, 2: 0.97627, 3: 1.00000
replay buffer                : 43980 samples [1: 98.5%, 2: 1.5%, 3: 0.0%]
DFA state visits in window   : 1: 12776, 2: 297, 3: 0
DFA state visits cumulative  : 1: 43688, 2: 692, 3: 0
DFA state entries in window  : 1: 100, 2: 10, 3: 0
DFA state entries cumulative : 1: 400, 2: 24, 3: 0
transitions cumulative       : 1->2: 24
accepted directly from s0    : 0
Gym endings cumulative       : terminated=400, truncated=0
Best policy updated at episode 400: mean learning reward=-1436.849

[Episode 500/8000 | last 100]
success rate                : 0.0% (cumulative 0.0%)
synthetic task reward       : 0.000
shaping reward              : -1381.229
learning reward             : -1381.229
episode length              : 140.2
abstract changes / episode  : 12.4
DFA transitions / episode   : 0.04
DFA transitions in window   : 1->2: 4
epsilons (next episode)      : 1: 0.60638, 2: 0.97237, 3: 1.00000
replay buffer                : 58001 samples [1: 98.6%, 2: 1.4%, 3: 0.0%]
DFA state visits in window   : 1: 13988, 2: 133, 3: 0
DFA state visits cumulative  : 1: 57676, 2: 825, 3: 0
DFA state entries in window  : 1: 100, 2: 4, 3: 0
DFA state entries cumulative : 1: 500, 2: 28, 3: 0
transitions cumulative       : 1->2: 28
accepted directly from s0    : 0
Gym endings cumulative       : terminated=500, truncated=0
Best policy updated at episode 500: mean learning reward=-1381.229

[Episode 600/8000 | last 100]
success rate                : 0.0% (cumulative 0.0%)
synthetic task reward       : 0.000
shaping reward              : -1361.654
learning reward             : -1361.654
episode length              : 167.8
abstract changes / episode  : 12.6
DFA transitions / episode   : 0.08
DFA transitions in window   : 1->2: 8
epsilons (next episode)      : 1: 0.54865, 2: 0.96462, 3: 1.00000
replay buffer                : 74785 samples [1: 98.5%, 2: 1.5%, 3: 0.0%]
DFA state visits in window   : 1: 16542, 2: 342, 3: 0
DFA state visits cumulative  : 1: 74218, 2: 1167, 3: 0
DFA state entries in window  : 1: 100, 2: 8, 3: 0
DFA state entries cumulative : 1: 600, 2: 36, 3: 0
transitions cumulative       : 1->2: 36
accepted directly from s0    : 0
Gym endings cumulative       : terminated=600, truncated=0
Best policy updated at episode 600: mean learning reward=-1361.654

[Episode 700/8000 | last 100]
success rate                : 0.0% (cumulative 0.0%)
synthetic task reward       : 0.000
shaping reward              : -1181.777
learning reward             : -1181.777
episode length              : 182.8
abstract changes / episode  : 12.1
DFA transitions / episode   : 0.10
DFA transitions in window   : 1->2: 10
epsilons (next episode)      : 1: 0.49641, 2: 0.95502, 3: 1.00000
replay buffer                : 93064 samples [1: 98.3%, 2: 1.7%, 3: 0.0%]
DFA state visits in window   : 1: 17944, 2: 435, 3: 0
DFA state visits cumulative  : 1: 92162, 2: 1602, 3: 0
DFA state entries in window  : 1: 100, 2: 10, 3: 0
DFA state entries cumulative : 1: 700, 2: 46, 3: 0
transitions cumulative       : 1->2: 46
accepted directly from s0    : 0
Gym endings cumulative       : terminated=700, truncated=0
Best policy updated at episode 700: mean learning reward=-1181.777

[Episode 800/8000 | last 100]
success rate                : 0.0% (cumulative 0.0%)
synthetic task reward       : 0.000
shaping reward              : -1768.083
learning reward             : -1768.083
episode length              : 317.6
abstract changes / episode  : 17.9
DFA transitions / episode   : 0.10
DFA transitions in window   : 1->2: 10
epsilons (next episode)      : 1: 0.44915, 2: 0.94551, 3: 1.00000
replay buffer                : 124822 samples [1: 98.3%, 2: 1.7%, 3: 0.0%]
DFA state visits in window   : 1: 31282, 2: 576, 3: 0
DFA state visits cumulative  : 1: 123444, 2: 2178, 3: 0
DFA state entries in window  : 1: 100, 2: 10, 3: 0
DFA state entries cumulative : 1: 800, 2: 56, 3: 0
transitions cumulative       : 1->2: 56
accepted directly from s0    : 0
Gym endings cumulative       : terminated=797, truncated=3

[Episode 900/8000 | last 100]
success rate                : 0.0% (cumulative 0.0%)
synthetic task reward       : 0.000
shaping reward              : -2214.458
learning reward             : -2214.458
episode length              : 443.5
abstract changes / episode  : 21.7
DFA transitions / episode   : 0.01
DFA transitions in window   : 1->2: 1
epsilons (next episode)      : 1: 0.40639, 2: 0.94457, 3: 1.00000
replay buffer                : 169173 samples [1: 98.7%, 2: 1.3%, 3: 0.0%]
DFA state visits in window   : 1: 44410, 2: 41, 3: 0
DFA state visits cumulative  : 1: 167854, 2: 2219, 3: 0
DFA state entries in window  : 1: 100, 2: 1, 3: 0
DFA state entries cumulative : 1: 900, 2: 57, 3: 0
transitions cumulative       : 1->2: 57
accepted directly from s0    : 0
Gym endings cumulative       : terminated=887, truncated=13

[Episode 1000/8000 | last 100]
success rate                : 0.0% (cumulative 0.0%)
synthetic task reward       : 0.000
shaping reward              : -1519.249
learning reward             : -1519.249
episode length              : 410.1
abstract changes / episode  : 17.1
DFA transitions / episode   : 0.17
DFA transitions in window   : 1->2: 17
epsilons (next episode)      : 1: 0.36770, 2: 0.92864, 3: 1.00000
replay buffer                : 210181 samples [1: 98.5%, 2: 1.5%, 3: 0.0%]
DFA state visits in window   : 1: 40186, 2: 922, 3: 0
DFA state visits cumulative  : 1: 208040, 2: 3141, 3: 0
DFA state entries in window  : 1: 100, 2: 17, 3: 0
DFA state entries cumulative : 1: 1000, 2: 74, 3: 0
transitions cumulative       : 1->2: 74
accepted directly from s0    : 0
Gym endings cumulative       : terminated=974, truncated=26

[Episode 1100/8000 | last 100]
success rate                : 0.0% (cumulative 0.0%)
synthetic task reward       : 0.000
shaping reward              : -1616.272
learning reward             : -1616.272
episode length              : 459.7
abstract changes / episode  : 18.7
DFA transitions / episode   : 0.13
DFA transitions in window   : 1->2: 13
epsilons (next episode)      : 1: 0.33269, 2: 0.91664, 3: 1.00000
replay buffer                : 256155 samples [1: 98.5%, 2: 1.5%, 3: 0.0%]
DFA state visits in window   : 1: 45185, 2: 889, 3: 0
DFA state visits cumulative  : 1: 253225, 2: 4030, 3: 0
DFA state entries in window  : 1: 100, 2: 13, 3: 0
DFA state entries cumulative : 1: 1100, 2: 87, 3: 0
transitions cumulative       : 1->2: 87
accepted directly from s0    : 0
Gym endings cumulative       : terminated=1059, truncated=41

[Episode 1200/8000 | last 100]
success rate                : 0.0% (cumulative 0.0%)
synthetic task reward       : 0.000
shaping reward              : -1286.853
learning reward             : -1286.853
episode length              : 339.6
abstract changes / episode  : 17.4
DFA transitions / episode   : 0.40
DFA transitions in window   : 1->2: 40
epsilons (next episode)      : 1: 0.30101, 2: 0.88068, 3: 1.00000
replay buffer                : 290117 samples [1: 97.6%, 2: 2.4%, 3: 0.0%]
DFA state visits in window   : 1: 31093, 2: 2969, 3: 0
DFA state visits cumulative  : 1: 284318, 2: 6999, 3: 0
DFA state entries in window  : 1: 100, 2: 40, 3: 0
DFA state entries cumulative : 1: 1200, 2: 127, 3: 0
transitions cumulative       : 1->2: 127
accepted directly from s0    : 0
Gym endings cumulative       : terminated=1153, truncated=47

[Episode 1300/8000 | last 100]
success rate                : 0.0% (cumulative 0.0%)
synthetic task reward       : 0.000
shaping reward              : -1125.864
learning reward             : -1125.864
episode length              : 380.8
abstract changes / episode  : 17.2
DFA transitions / episode   : 0.54
DFA transitions in window   : 1->2: 54
epsilons (next episode)      : 1: 0.27235, 2: 0.83436, 3: 1.00000
replay buffer                : 300000 samples [1: 96.4%, 2: 3.6%, 3: 0.0%]
DFA state visits in window   : 1: 33902, 2: 4278, 3: 0
DFA state visits cumulative  : 1: 318220, 2: 11277, 3: 0
DFA state entries in window  : 1: 100, 2: 54, 3: 0
DFA state entries cumulative : 1: 1300, 2: 181, 3: 0
transitions cumulative       : 1->2: 181
accepted directly from s0    : 0
Gym endings cumulative       : terminated=1252, truncated=48
Best policy updated at episode 1300: mean learning reward=-1125.864

[Episode 1400/8000 | last 100]
success rate                : 0.0% (cumulative 0.0%)
synthetic task reward       : 0.000
shaping reward              : -1330.554
learning reward             : -1330.554
episode length              : 485.0
abstract changes / episode  : 19.3
DFA transitions / episode   : 0.69
DFA transitions in window   : 1->2: 69
epsilons (next episode)      : 1: 0.24642, 2: 0.77870, 3: 1.00000
replay buffer                : 300000 samples [1: 94.6%, 2: 5.4%, 3: 0.0%]
DFA state visits in window   : 1: 42211, 2: 6389, 3: 0
DFA state visits cumulative  : 1: 360431, 2: 17666, 3: 0
DFA state entries in window  : 1: 100, 2: 69, 3: 0
DFA state entries cumulative : 1: 1400, 2: 250, 3: 0
transitions cumulative       : 1->2: 250
accepted directly from s0    : 0
Gym endings cumulative       : terminated=1344, truncated=56

[Episode 1500/8000 | last 100]
success rate                : 0.0% (cumulative 0.0%)
synthetic task reward       : 0.000
shaping reward              : -1247.533
learning reward             : -1247.533
episode length              : 463.3
abstract changes / episode  : 18.3
DFA transitions / episode   : 0.73
DFA transitions in window   : 1->2: 73
epsilons (next episode)      : 1: 0.22296, 2: 0.72386, 3: 1.00000
replay buffer                : 300000 samples [1: 92.2%, 2: 7.8%, 3: 0.0%]
DFA state visits in window   : 1: 38391, 2: 8043, 3: 0
DFA state visits cumulative  : 1: 398822, 2: 25709, 3: 0
DFA state entries in window  : 1: 100, 2: 73, 3: 0
DFA state entries cumulative : 1: 1500, 2: 323, 3: 0
transitions cumulative       : 1->2: 323
accepted directly from s0    : 0
Gym endings cumulative       : terminated=1440, truncated=60

[Episode 1600/8000 | last 100]
success rate                : 0.0% (cumulative 0.0%)
synthetic task reward       : 0.000
shaping reward              : -1350.122
learning reward             : -1350.122
episode length              : 461.0
abstract changes / episode  : 19.3
DFA transitions / episode   : 0.74
DFA transitions in window   : 1->2: 74
epsilons (next episode)      : 1: 0.20173, 2: 0.67220, 3: 1.00000
replay buffer                : 300000 samples [1: 89.7%, 2: 10.3%, 3: 0.0%]
DFA state visits in window   : 1: 38317, 2: 7879, 3: 0
DFA state visits cumulative  : 1: 437139, 2: 33588, 3: 0
DFA state entries in window  : 1: 100, 2: 74, 3: 0
DFA state entries cumulative : 1: 1600, 2: 397, 3: 0
transitions cumulative       : 1->2: 397
accepted directly from s0    : 0
Gym endings cumulative       : terminated=1534, truncated=67

[Episode 1700/8000 | last 100]
success rate                : 0.0% (cumulative 0.0%)
synthetic task reward       : 0.000
shaping reward              : -1351.137
learning reward             : -1351.137
episode length              : 385.2
abstract changes / episode  : 19.7
DFA transitions / episode   : 0.87
DFA transitions in window   : 1->2: 87
epsilons (next episode)      : 1: 0.18253, 2: 0.61616, 3: 1.00000
replay buffer                : 300000 samples [1: 86.4%, 2: 13.6%, 3: 0.0%]
DFA state visits in window   : 1: 27878, 2: 10741, 3: 0
DFA state visits cumulative  : 1: 465017, 2: 44329, 3: 0
DFA state entries in window  : 1: 100, 2: 87, 3: 0
DFA state entries cumulative : 1: 1700, 2: 484, 3: 0
transitions cumulative       : 1->2: 484
accepted directly from s0    : 0
Gym endings cumulative       : terminated=1633, truncated=68

[Episode 1800/8000 | last 100]
success rate                : 0.0% (cumulative 0.0%)
synthetic task reward       : 0.000
shaping reward              : -1217.461
learning reward             : -1217.461
episode length              : 295.9
abstract changes / episode  : 18.1
DFA transitions / episode   : 0.80
DFA transitions in window   : 1->2: 80
epsilons (next episode)      : 1: 0.16515, 2: 0.56877, 3: 1.00000
replay buffer                : 300000 samples [1: 82.5%, 2: 17.5%, 3: 0.0%]
DFA state visits in window   : 1: 17678, 2: 12008, 3: 0
DFA state visits cumulative  : 1: 482695, 2: 56337, 3: 0
DFA state entries in window  : 1: 100, 2: 80, 3: 0
DFA state entries cumulative : 1: 1800, 2: 564, 3: 0
transitions cumulative       : 1->2: 564
accepted directly from s0    : 0
Gym endings cumulative       : terminated=1733, truncated=68

[Episode 1900/8000 | last 100]
success rate                : 0.0% (cumulative 0.0%)
synthetic task reward       : 0.000
shaping reward              : -1277.898
learning reward             : -1277.898
episode length              : 349.6
abstract changes / episode  : 19.0
DFA transitions / episode   : 0.89
DFA transitions in window   : 1->2: 89
epsilons (next episode)      : 1: 0.14943, 2: 0.52031, 3: 1.00000
replay buffer                : 300000 samples [1: 78.9%, 2: 21.1%, 3: 0.0%]
DFA state visits in window   : 1: 22089, 2: 12971, 3: 0
DFA state visits cumulative  : 1: 504784, 2: 69308, 3: 0
DFA state entries in window  : 1: 100, 2: 89, 3: 0
DFA state entries cumulative : 1: 1900, 2: 653, 3: 0
transitions cumulative       : 1->2: 653
accepted directly from s0    : 0
Gym endings cumulative       : terminated=1833, truncated=68

[Episode 2000/8000 | last 100]
success rate                : 0.0% (cumulative 0.0%)
synthetic task reward       : 0.000
shaping reward              : -1432.305
learning reward             : -1432.305
episode length              : 410.4
abstract changes / episode  : 20.8
DFA transitions / episode   : 0.97
DFA transitions in window   : 1->2: 97
epsilons (next episode)      : 1: 0.13520, 2: 0.47219, 3: 1.00000
replay buffer                : 300000 samples [1: 74.7%, 2: 25.3%, 3: 0.0%]
DFA state visits in window   : 1: 24083, 2: 17060, 3: 0
DFA state visits cumulative  : 1: 528867, 2: 86368, 3: 0
DFA state entries in window  : 1: 100, 2: 97, 3: 0
DFA state entries cumulative : 1: 2000, 2: 750, 3: 0
transitions cumulative       : 1->2: 750
accepted directly from s0    : 0
Gym endings cumulative       : terminated=1931, truncated=70

[Episode 2100/8000 | last 100]
success rate                : 3.0% (cumulative 0.1%)
synthetic task reward       : 300.000
shaping reward              : -1663.461
learning reward             : -1363.461
episode length              : 578.7
abstract changes / episode  : 24.2
DFA transitions / episode   : 0.95
DFA transitions in window   : 1->2: 92, 2->3: 3
epsilons (next episode)      : 1: 0.12233, 2: 0.43067, 3: 1.00000
replay buffer                : 300000 samples [1: 67.2%, 2: 32.8%, 3: 0.0%]
DFA state visits in window   : 1: 28828, 2: 29142, 3: 3
DFA state visits cumulative  : 1: 557695, 2: 115510, 3: 3
DFA state entries in window  : 1: 100, 2: 92, 3: 3
DFA state entries cumulative : 1: 2100, 2: 842, 3: 3
transitions cumulative       : 1->2: 842, 2->3: 3
accepted directly from s0    : 0
Gym endings cumulative       : terminated=2015, truncated=83

[Episode 2200/8000 | last 100]
success rate                : 14.0% (cumulative 0.8%)
synthetic task reward       : 1400.000
shaping reward              : -1632.623
learning reward             : -232.623
episode length              : 451.1
abstract changes / episode  : 26.4
DFA transitions / episode   : 1.12
DFA transitions in window   : 1->2: 98, 2->3: 14
epsilons (next episode)      : 1: 0.11068, 2: 0.39044, 3: 1.00000
replay buffer                : 300000 samples [1: 61.2%, 2: 38.8%, 3: 0.0%]
DFA state visits in window   : 1: 19542, 2: 25655, 3: 14
DFA state visits cumulative  : 1: 577237, 2: 141165, 3: 17
DFA state entries in window  : 1: 100, 2: 98, 3: 14
DFA state entries cumulative : 1: 2200, 2: 940, 3: 17
transitions cumulative       : 1->2: 940, 2->3: 17
accepted directly from s0    : 0
Gym endings cumulative       : terminated=2098, truncated=86
Best policy updated at episode 2200: mean learning reward=-232.623

[Episode 2300/8000 | last 100]
success rate                : 20.0% (cumulative 1.6%)
synthetic task reward       : 2000.000
shaping reward              : -1225.008
learning reward             : 774.992
episode length              : 399.2
abstract changes / episode  : 23.9
DFA transitions / episode   : 1.20
DFA transitions in window   : 1->2: 100, 2->3: 20
epsilons (next episode)      : 1: 0.10014, 2: 0.35327, 3: 1.00000
replay buffer                : 300000 samples [1: 56.0%, 2: 44.0%, 3: 0.0%]
DFA state visits in window   : 1: 18093, 2: 21909, 3: 20
DFA state visits cumulative  : 1: 595330, 2: 163074, 3: 37
DFA state entries in window  : 1: 100, 2: 100, 3: 20
DFA state entries cumulative : 1: 2300, 2: 1040, 3: 37
transitions cumulative       : 1->2: 1040, 2->3: 37
accepted directly from s0    : 0
Gym endings cumulative       : terminated=2178, truncated=86
Best policy updated at episode 2300: mean learning reward=774.992

[Episode 2400/8000 | last 100]
success rate                : 34.0% (cumulative 3.0%)
synthetic task reward       : 3400.000
shaping reward              : -1279.301
learning reward             : 2120.699
episode length              : 406.5
abstract changes / episode  : 25.3
DFA transitions / episode   : 1.30
DFA transitions in window   : 1->2: 96, 2->3: 34
epsilons (next episode)      : 1: 0.09061, 2: 0.32092, 3: 1.00000
replay buffer                : 300000 samples [1: 51.3%, 2: 48.7%, 3: 0.0%]
DFA state visits in window   : 1: 16064, 2: 24649, 3: 34
DFA state visits cumulative  : 1: 611394, 2: 187723, 3: 71
DFA state entries in window  : 1: 100, 2: 96, 3: 34
DFA state entries cumulative : 1: 2400, 2: 1136, 3: 71
transitions cumulative       : 1->2: 1136, 2->3: 71
accepted directly from s0    : 0
Gym endings cumulative       : terminated=2242, truncated=88
Best policy updated at episode 2400: mean learning reward=2120.699

[Episode 2500/8000 | last 100]
success rate                : 32.0% (cumulative 4.1%)
synthetic task reward       : 3200.000
shaping reward              : -1878.201
learning reward             : 1321.799
episode length              : 465.3
abstract changes / episode  : 30.9
DFA transitions / episode   : 1.28
DFA transitions in window   : 1->2: 96, 2->3: 32
epsilons (next episode)      : 1: 0.08198, 2: 0.29153, 3: 1.00000
replay buffer                : 300000 samples [1: 46.9%, 2: 53.1%, 3: 0.0%]
DFA state visits in window   : 1: 15901, 2: 30693, 3: 32
DFA state visits cumulative  : 1: 627295, 2: 218416, 3: 103
DFA state entries in window  : 1: 100, 2: 96, 3: 32
DFA state entries cumulative : 1: 2500, 2: 1232, 3: 103
transitions cumulative       : 1->2: 1232, 2->3: 103
accepted directly from s0    : 0
Gym endings cumulative       : terminated=2299, truncated=99

[Episode 2600/8000 | last 100]
success rate                : 29.0% (cumulative 5.1%)
synthetic task reward       : 2900.000
shaping reward              : -1683.824
learning reward             : 1216.176
episode length              : 326.0
abstract changes / episode  : 24.4
DFA transitions / episode   : 0.93
DFA transitions in window   : 1->2: 64, 2->3: 29
epsilons (next episode)      : 1: 0.08000, 2: 0.27345, 3: 1.00000
replay buffer                : 300000 samples [1: 45.1%, 2: 54.9%, 3: 0.0%]
DFA state visits in window   : 1: 15101, 2: 17572, 3: 29
DFA state visits cumulative  : 1: 642396, 2: 235988, 3: 132
DFA state entries in window  : 1: 100, 2: 64, 3: 29
DFA state entries cumulative : 1: 2600, 2: 1296, 3: 132
transitions cumulative       : 1->2: 1296, 2->3: 132
accepted directly from s0    : 0
Gym endings cumulative       : terminated=2367, truncated=102

[Episode 2700/8000 | last 100]
success rate                : 52.0% (cumulative 6.8%)
synthetic task reward       : 5200.000
shaping reward              : -1502.735
learning reward             : 3697.265
episode length              : 412.0
abstract changes / episode  : 26.9
DFA transitions / episode   : 1.37
DFA transitions in window   : 1->2: 85, 2->3: 52
epsilons (next episode)      : 1: 0.08000, 2: 0.25115, 3: 1.00000
replay buffer                : 300000 samples [1: 43.6%, 2: 56.4%, 3: 0.0%]
DFA state visits in window   : 1: 19492, 2: 21760, 3: 52
DFA state visits cumulative  : 1: 661888, 2: 257748, 3: 184
DFA state entries in window  : 1: 100, 2: 85, 3: 52
DFA state entries cumulative : 1: 2700, 2: 1381, 3: 184
transitions cumulative       : 1->2: 1381, 2->3: 184
accepted directly from s0    : 0
Gym endings cumulative       : terminated=2412, truncated=105
Best policy updated at episode 2700: mean learning reward=3697.265

[Episode 2800/8000 | last 100]
success rate                : 52.0% (cumulative 8.4%)
synthetic task reward       : 5200.000
shaping reward              : -1227.412
learning reward             : 3972.588
episode length              : 327.1
abstract changes / episode  : 23.3
DFA transitions / episode   : 1.36
DFA transitions in window   : 1->2: 84, 2->3: 52
epsilons (next episode)      : 1: 0.08000, 2: 0.23091, 3: 1.00000
replay buffer                : 300000 samples [1: 43.7%, 2: 56.3%, 3: 0.0%]
DFA state visits in window   : 1: 16164, 2: 16589, 3: 52
DFA state visits cumulative  : 1: 678052, 2: 274337, 3: 236
DFA state entries in window  : 1: 100, 2: 84, 3: 52
DFA state entries cumulative : 1: 2800, 2: 1465, 3: 236
transitions cumulative       : 1->2: 1465, 2->3: 236
accepted directly from s0    : 0
Gym endings cumulative       : terminated=2460, truncated=105
Best policy updated at episode 2800: mean learning reward=3972.588

[Episode 2900/8000 | last 100]
success rate                : 57.0% (cumulative 10.1%)
synthetic task reward       : 5700.000
shaping reward              : -1378.700
learning reward             : 4321.300
episode length              : 359.3
abstract changes / episode  : 24.9
DFA transitions / episode   : 1.32
DFA transitions in window   : 1->2: 75, 2->3: 57
epsilons (next episode)      : 1: 0.08000, 2: 0.21422, 3: 1.00000
replay buffer                : 300000 samples [1: 45.5%, 2: 54.5%, 3: 0.0%]
DFA state visits in window   : 1: 22250, 2: 13722, 3: 57
DFA state visits cumulative  : 1: 700302, 2: 288059, 3: 293
DFA state entries in window  : 1: 100, 2: 75, 3: 57
DFA state entries cumulative : 1: 2900, 2: 1540, 3: 293
transitions cumulative       : 1->2: 1540, 2->3: 293
accepted directly from s0    : 0
Gym endings cumulative       : terminated=2502, truncated=106
Best policy updated at episode 2900: mean learning reward=4321.300

[Episode 3000/8000 | last 100]
success rate                : 72.0% (cumulative 12.2%)
synthetic task reward       : 7200.000
shaping reward              : -1099.016
learning reward             : 6100.984
episode length              : 364.0
abstract changes / episode  : 24.7
DFA transitions / episode   : 1.59
DFA transitions in window   : 1->2: 87, 2->3: 72
epsilons (next episode)      : 1: 0.08000, 2: 0.19636, 3: 1.00000
replay buffer                : 300000 samples [1: 46.7%, 2: 53.3%, 3: 0.0%]
DFA state visits in window   : 1: 19908, 2: 16521, 3: 72
DFA state visits cumulative  : 1: 720210, 2: 304580, 3: 365
DFA state entries in window  : 1: 100, 2: 87, 3: 72
DFA state entries cumulative : 1: 3000, 2: 1627, 3: 365
transitions cumulative       : 1->2: 1627, 2->3: 365
accepted directly from s0    : 0
Gym endings cumulative       : terminated=2530, truncated=106
Best policy updated at episode 3000: mean learning reward=6100.984

[Episode 3100/8000 | last 100]
success rate                : 78.0% (cumulative 14.3%)
synthetic task reward       : 7800.000
shaping reward              : -751.962
learning reward             : 7048.038
episode length              : 315.2
abstract changes / episode  : 21.5
DFA transitions / episode   : 1.62
DFA transitions in window   : 1->2: 84, 2->3: 78
epsilons (next episode)      : 1: 0.08000, 2: 0.18053, 3: 1.00000
replay buffer                : 300000 samples [1: 47.6%, 2: 52.4%, 3: 0.0%]
DFA state visits in window   : 1: 16813, 2: 14731, 3: 78
DFA state visits cumulative  : 1: 737023, 2: 319311, 3: 443
DFA state entries in window  : 1: 100, 2: 84, 3: 78
DFA state entries cumulative : 1: 3100, 2: 1711, 3: 443
transitions cumulative       : 1->2: 1711, 2->3: 443
accepted directly from s0    : 0
Gym endings cumulative       : terminated=2552, truncated=106
Best policy updated at episode 3100: mean learning reward=7048.038

[Episode 3200/8000 | last 100]
success rate                : 85.0% (cumulative 16.5%)
synthetic task reward       : 8500.000
shaping reward              : -632.996
learning reward             : 7867.004
episode length              : 334.9
abstract changes / episode  : 21.6
DFA transitions / episode   : 1.74
DFA transitions in window   : 1->2: 89, 2->3: 85
epsilons (next episode)      : 1: 0.08000, 2: 0.16515, 3: 1.00000
replay buffer                : 300000 samples [1: 49.3%, 2: 50.7%, 3: 0.0%]
DFA state visits in window   : 1: 18973, 2: 14537, 3: 85
DFA state visits cumulative  : 1: 755996, 2: 333848, 3: 528
DFA state entries in window  : 1: 100, 2: 89, 3: 85
DFA state entries cumulative : 1: 3200, 2: 1800, 3: 528
transitions cumulative       : 1->2: 1800, 2->3: 528
accepted directly from s0    : 0
Gym endings cumulative       : terminated=2565, truncated=108
Best policy updated at episode 3200: mean learning reward=7867.004

[Episode 3300/8000 | last 100]
success rate                : 89.0% (cumulative 18.7%)
synthetic task reward       : 8900.000
shaping reward              : -620.728
learning reward             : 8279.272
episode length              : 344.8
abstract changes / episode  : 22.7
DFA transitions / episode   : 1.86
DFA transitions in window   : 1->2: 97, 2->3: 89
epsilons (next episode)      : 1: 0.08000, 2: 0.14988, 3: 1.00000
replay buffer                : 300000 samples [1: 51.8%, 2: 48.2%, 3: 0.0%]
DFA state visits in window   : 1: 19314, 2: 15179, 3: 89
DFA state visits cumulative  : 1: 775310, 2: 349027, 3: 617
DFA state entries in window  : 1: 100, 2: 97, 3: 89
DFA state entries cumulative : 1: 3300, 2: 1897, 3: 617
transitions cumulative       : 1->2: 1897, 2->3: 617
accepted directly from s0    : 0
Gym endings cumulative       : terminated=2575, truncated=109
Best policy updated at episode 3300: mean learning reward=8279.272

[Episode 3400/8000 | last 100]
success rate                : 89.0% (cumulative 20.8%)
synthetic task reward       : 8900.000
shaping reward              : -588.104
learning reward             : 8311.896
episode length              : 286.1
abstract changes / episode  : 21.4
DFA transitions / episode   : 1.80
DFA transitions in window   : 1->2: 91, 2->3: 89
epsilons (next episode)      : 1: 0.08000, 2: 0.13683, 3: 1.00000
replay buffer                : 300000 samples [1: 53.4%, 2: 46.6%, 3: 0.0%]
DFA state visits in window   : 1: 15473, 2: 13147, 3: 89
DFA state visits cumulative  : 1: 790783, 2: 362174, 3: 706
DFA state entries in window  : 1: 100, 2: 91, 3: 89
DFA state entries cumulative : 1: 3400, 2: 1988, 3: 706
transitions cumulative       : 1->2: 1988, 2->3: 706
accepted directly from s0    : 0
Gym endings cumulative       : terminated=2586, truncated=109
Best policy updated at episode 3400: mean learning reward=8311.896

[Episode 3500/8000 | last 100]
success rate                : 66.0% (cumulative 22.1%)
synthetic task reward       : 6600.000
shaping reward              : -721.288
learning reward             : 5878.712
episode length              : 237.6
abstract changes / episode  : 17.3
DFA transitions / episode   : 1.36
DFA transitions in window   : 1->2: 70, 2->3: 66
epsilons (next episode)      : 1: 0.08000, 2: 0.12758, 3: 1.00000
replay buffer                : 300000 samples [1: 54.6%, 2: 45.4%, 3: 0.0%]
DFA state visits in window   : 1: 14560, 2: 9238, 3: 66
DFA state visits cumulative  : 1: 805343, 2: 371412, 3: 772
DFA state entries in window  : 1: 100, 2: 70, 3: 66
DFA state entries cumulative : 1: 3500, 2: 2058, 3: 772
transitions cumulative       : 1->2: 2058, 2->3: 772
accepted directly from s0    : 0
Gym endings cumulative       : terminated=2620, truncated=109

[Episode 3600/8000 | last 100]
success rate                : 93.0% (cumulative 24.0%)
synthetic task reward       : 9300.000
shaping reward              : -363.129
learning reward             : 8936.871
episode length              : 265.8
abstract changes / episode  : 19.9
DFA transitions / episode   : 1.88
DFA transitions in window   : 1->2: 95, 2->3: 93
epsilons (next episode)      : 1: 0.08000, 2: 0.11601, 3: 1.00000
replay buffer                : 300000 samples [1: 55.1%, 2: 44.9%, 3: 0.0%]
DFA state visits in window   : 1: 14383, 2: 12200, 3: 93
DFA state visits cumulative  : 1: 819726, 2: 383612, 3: 865
DFA state entries in window  : 1: 100, 2: 95, 3: 93
DFA state entries cumulative : 1: 3600, 2: 2153, 3: 865
transitions cumulative       : 1->2: 2153, 2->3: 865
accepted directly from s0    : 0
Gym endings cumulative       : terminated=2627, truncated=109
Best policy updated at episode 3600: mean learning reward=8936.871

[Episode 3700/8000 | last 100]
success rate                : 86.0% (cumulative 25.7%)
synthetic task reward       : 8600.000
shaping reward              : -442.263
learning reward             : 8157.737
episode length              : 269.8
abstract changes / episode  : 20.0
DFA transitions / episode   : 1.80
DFA transitions in window   : 1->2: 94, 2->3: 86
epsilons (next episode)      : 1: 0.08000, 2: 0.10560, 3: 1.00000
replay buffer                : 300000 samples [1: 55.7%, 2: 44.3%, 3: 0.0%]
DFA state visits in window   : 1: 15189, 2: 11807, 3: 86
DFA state visits cumulative  : 1: 834915, 2: 395419, 3: 951
DFA state entries in window  : 1: 100, 2: 94, 3: 86
DFA state entries cumulative : 1: 3700, 2: 2247, 3: 951
transitions cumulative       : 1->2: 2247, 2->3: 951
accepted directly from s0    : 0
Gym endings cumulative       : terminated=2641, truncated=109

[Episode 3800/8000 | last 100]
success rate                : 75.0% (cumulative 27.0%)
synthetic task reward       : 7500.000
shaping reward              : -566.860
learning reward             : 6933.140
episode length              : 264.7
abstract changes / episode  : 20.4
DFA transitions / episode   : 1.65
DFA transitions in window   : 1->2: 90, 2->3: 75
epsilons (next episode)      : 1: 0.08000, 2: 0.09650, 3: 1.00000
replay buffer                : 300000 samples [1: 56.9%, 2: 43.1%, 3: 0.0%]
DFA state visits in window   : 1: 15927, 2: 10569, 3: 75
DFA state visits cumulative  : 1: 850842, 2: 405988, 3: 1026
DFA state entries in window  : 1: 100, 2: 90, 3: 75
DFA state entries cumulative : 1: 3800, 2: 2337, 3: 1026
transitions cumulative       : 1->2: 2337, 2->3: 1026
accepted directly from s0    : 0
Gym endings cumulative       : terminated=2666, truncated=109

[Episode 3900/8000 | last 100]
success rate                : 75.0% (cumulative 28.2%)
synthetic task reward       : 7500.000
shaping reward              : -661.598
learning reward             : 6838.402
episode length              : 266.5
abstract changes / episode  : 19.8
DFA transitions / episode   : 1.52
DFA transitions in window   : 1->2: 77, 2->3: 75
epsilons (next episode)      : 1: 0.08000, 2: 0.08935, 3: 1.00000
replay buffer                : 300000 samples [1: 57.0%, 2: 43.0%, 3: 0.0%]
DFA state visits in window   : 1: 17381, 2: 9290, 3: 75
DFA state visits cumulative  : 1: 868223, 2: 415278, 3: 1101
DFA state entries in window  : 1: 100, 2: 77, 3: 75
DFA state entries cumulative : 1: 3900, 2: 2414, 3: 1101
transitions cumulative       : 1->2: 2414, 2->3: 1101
accepted directly from s0    : 0
Gym endings cumulative       : terminated=2691, truncated=109

[Episode 4000/8000 | last 100]
success rate                : 58.0% (cumulative 29.0%)
synthetic task reward       : 5800.000
shaping reward              : -1012.177
learning reward             : 4787.823
episode length              : 295.6
abstract changes / episode  : 21.8
DFA transitions / episode   : 1.33
DFA transitions in window   : 1->2: 75, 2->3: 58
epsilons (next episode)      : 1: 0.08000, 2: 0.08289, 3: 1.00000
replay buffer                : 300000 samples [1: 58.1%, 2: 41.9%, 3: 0.0%]
DFA state visits in window   : 1: 19942, 2: 9660, 3: 58
DFA state visits cumulative  : 1: 888165, 2: 424938, 3: 1159
DFA state entries in window  : 1: 100, 2: 75, 3: 58
DFA state entries cumulative : 1: 4000, 2: 2489, 3: 1159
transitions cumulative       : 1->2: 2489, 2->3: 1159
accepted directly from s0    : 0
Gym endings cumulative       : terminated=2733, truncated=109

[Episode 4100/8000 | last 100]
success rate                : 72.0% (cumulative 30.0%)
synthetic task reward       : 7200.000
shaping reward              : -480.523
learning reward             : 6719.477
episode length              : 243.3
abstract changes / episode  : 18.1
DFA transitions / episode   : 1.56
DFA transitions in window   : 1->2: 84, 2->3: 72
epsilons (next episode)      : 1: 0.08000, 2: 0.08000, 3: 1.00000
replay buffer                : 300000 samples [1: 58.1%, 2: 41.9%, 3: 0.0%]
DFA state visits in window   : 1: 14257, 2: 10099, 3: 72
DFA state visits cumulative  : 1: 902422, 2: 435037, 3: 1231
DFA state entries in window  : 1: 100, 2: 84, 3: 72
DFA state entries cumulative : 1: 4100, 2: 2573, 3: 1231
transitions cumulative       : 1->2: 2573, 2->3: 1231
accepted directly from s0    : 0
Gym endings cumulative       : terminated=2761, truncated=109

[Episode 4200/8000 | last 100]
success rate                : 70.0% (cumulative 31.0%)
synthetic task reward       : 7000.000
shaping reward              : -433.874
learning reward             : 6566.126
episode length              : 240.5
abstract changes / episode  : 17.7
DFA transitions / episode   : 1.53
DFA transitions in window   : 1->2: 83, 2->3: 70
epsilons (next episode)      : 1: 0.08000, 2: 0.08000, 3: 1.00000
replay buffer                : 300000 samples [1: 58.9%, 2: 41.1%, 3: 0.0%]
DFA state visits in window   : 1: 14329, 2: 9754, 3: 70
DFA state visits cumulative  : 1: 916751, 2: 444791, 3: 1301
DFA state entries in window  : 1: 100, 2: 83, 3: 70
DFA state entries cumulative : 1: 4200, 2: 2656, 3: 1301
transitions cumulative       : 1->2: 2656, 2->3: 1301
accepted directly from s0    : 0
Gym endings cumulative       : terminated=2790, truncated=110

[Episode 4300/8000 | last 100]
success rate                : 69.0% (cumulative 31.9%)
synthetic task reward       : 6900.000
shaping reward              : -545.097
learning reward             : 6354.903
episode length              : 246.0
abstract changes / episode  : 17.8
DFA transitions / episode   : 1.49
DFA transitions in window   : 1->2: 80, 2->3: 69
epsilons (next episode)      : 1: 0.08000, 2: 0.08000, 3: 1.00000
replay buffer                : 300000 samples [1: 59.1%, 2: 40.9%, 3: 0.0%]
DFA state visits in window   : 1: 14836, 2: 9799, 3: 69
DFA state visits cumulative  : 1: 931587, 2: 454590, 3: 1370
DFA state entries in window  : 1: 100, 2: 80, 3: 69
DFA state entries cumulative : 1: 4300, 2: 2736, 3: 1370
transitions cumulative       : 1->2: 2736, 2->3: 1370
accepted directly from s0    : 0
Gym endings cumulative       : terminated=2821, truncated=110

[Episode 4400/8000 | last 100]
success rate                : 64.0% (cumulative 32.6%)
synthetic task reward       : 6400.000
shaping reward              : -485.593
learning reward             : 5914.407
episode length              : 221.8
abstract changes / episode  : 16.0
DFA transitions / episode   : 1.36
DFA transitions in window   : 1->2: 72, 2->3: 64
epsilons (next episode)      : 1: 0.08000, 2: 0.08000, 3: 1.00000
replay buffer                : 300000 samples [1: 60.2%, 2: 39.8%, 3: 0.0%]
DFA state visits in window   : 1: 14243, 2: 7972, 3: 64
DFA state visits cumulative  : 1: 945830, 2: 462562, 3: 1434
DFA state entries in window  : 1: 100, 2: 72, 3: 64
DFA state entries cumulative : 1: 4400, 2: 2808, 3: 1434
transitions cumulative       : 1->2: 2808, 2->3: 1434
accepted directly from s0    : 0
Gym endings cumulative       : terminated=2857, truncated=110

[Episode 4500/8000 | last 100]
success rate                : 66.0% (cumulative 33.3%)
synthetic task reward       : 6600.000
shaping reward              : -589.286
learning reward             : 6010.714
episode length              : 251.9
abstract changes / episode  : 18.1
DFA transitions / episode   : 1.39
DFA transitions in window   : 1->2: 73, 2->3: 66
epsilons (next episode)      : 1: 0.08000, 2: 0.08000, 3: 1.00000
replay buffer                : 300000 samples [1: 60.7%, 2: 39.3%, 3: 0.0%]
DFA state visits in window   : 1: 16691, 2: 8531, 3: 66
DFA state visits cumulative  : 1: 962521, 2: 471093, 3: 1500
DFA state entries in window  : 1: 100, 2: 73, 3: 66
DFA state entries cumulative : 1: 4500, 2: 2881, 3: 1500
transitions cumulative       : 1->2: 2881, 2->3: 1500
accepted directly from s0    : 0
Gym endings cumulative       : terminated=2891, truncated=110

[Episode 4600/8000 | last 100]
success rate                : 78.0% (cumulative 34.3%)
synthetic task reward       : 7800.000
shaping reward              : -442.924
learning reward             : 7357.076
episode length              : 267.5
abstract changes / episode  : 18.7
DFA transitions / episode   : 1.64
DFA transitions in window   : 1->2: 86, 2->3: 78
epsilons (next episode)      : 1: 0.08000, 2: 0.08000, 3: 1.00000
replay buffer                : 300000 samples [1: 61.0%, 2: 39.0%, 3: 0.0%]
DFA state visits in window   : 1: 15657, 2: 11117, 3: 78
DFA state visits cumulative  : 1: 978178, 2: 482210, 3: 1578
DFA state entries in window  : 1: 100, 2: 86, 3: 78
DFA state entries cumulative : 1: 4600, 2: 2967, 3: 1578
transitions cumulative       : 1->2: 2967, 2->3: 1578
accepted directly from s0    : 0
Gym endings cumulative       : terminated=2913, truncated=110

[Episode 4700/8000 | last 100]
success rate                : 83.0% (cumulative 35.3%)
synthetic task reward       : 8300.000
shaping reward              : -534.019
learning reward             : 7765.981
episode length              : 306.8
abstract changes / episode  : 20.6
DFA transitions / episode   : 1.72
DFA transitions in window   : 1->2: 89, 2->3: 83
epsilons (next episode)      : 1: 0.08000, 2: 0.08000, 3: 1.00000
replay buffer                : 300000 samples [1: 62.4%, 2: 37.6%, 3: 0.0%]
DFA state visits in window   : 1: 21536, 2: 9157, 3: 83
DFA state visits cumulative  : 1: 999714, 2: 491367, 3: 1661
DFA state entries in window  : 1: 100, 2: 89, 3: 83
DFA state entries cumulative : 1: 4700, 2: 3056, 3: 1661
transitions cumulative       : 1->2: 3056, 2->3: 1661
accepted directly from s0    : 0
Gym endings cumulative       : terminated=2928, truncated=112

[Episode 4800/8000 | last 100]
success rate                : 62.0% (cumulative 35.9%)
synthetic task reward       : 6200.000
shaping reward              : -1039.134
learning reward             : 5160.866
episode length              : 359.3
abstract changes / episode  : 23.1
DFA transitions / episode   : 1.43
DFA transitions in window   : 1->2: 81, 2->3: 62
epsilons (next episode)      : 1: 0.08000, 2: 0.08000, 3: 1.00000
replay buffer                : 300000 samples [1: 64.7%, 2: 35.3%, 3: 0.0%]
DFA state visits in window   : 1: 27184, 2: 8783, 3: 62
DFA state visits cumulative  : 1: 1026898, 2: 500150, 3: 1723
DFA state entries in window  : 1: 100, 2: 81, 3: 62
DFA state entries cumulative : 1: 4800, 2: 3137, 3: 1723
transitions cumulative       : 1->2: 3137, 2->3: 1723
accepted directly from s0    : 0
Gym endings cumulative       : terminated=2960, truncated=118

[Episode 4900/8000 | last 100]
success rate                : 55.0% (cumulative 36.3%)
synthetic task reward       : 5500.000
shaping reward              : -822.962
learning reward             : 4677.038
episode length              : 360.3
abstract changes / episode  : 21.1
DFA transitions / episode   : 1.45
DFA transitions in window   : 1->2: 90, 2->3: 55
epsilons (next episode)      : 1: 0.08000, 2: 0.08000, 3: 1.00000
replay buffer                : 300000 samples [1: 62.0%, 2: 38.0%, 3: 0.0%]
DFA state visits in window   : 1: 14415, 2: 21663, 3: 55
DFA state visits cumulative  : 1: 1041313, 2: 521813, 3: 1778
DFA state entries in window  : 1: 100, 2: 90, 3: 55
DFA state entries cumulative : 1: 4900, 2: 3227, 3: 1778
transitions cumulative       : 1->2: 3227, 2->3: 1778
accepted directly from s0    : 0
Gym endings cumulative       : terminated=2993, truncated=130

[Episode 5000/8000 | last 100]
success rate                : 83.0% (cumulative 37.2%)
synthetic task reward       : 8300.000
shaping reward              : -496.414
learning reward             : 7803.586
episode length              : 295.8
abstract changes / episode  : 20.4
DFA transitions / episode   : 1.74
DFA transitions in window   : 1->2: 91, 2->3: 83
epsilons (next episode)      : 1: 0.08000, 2: 0.08000, 3: 1.00000
replay buffer                : 300000 samples [1: 61.3%, 2: 38.7%, 3: 0.0%]
DFA state visits in window   : 1: 16436, 2: 13161, 3: 83
DFA state visits cumulative  : 1: 1057749, 2: 534974, 3: 1861
DFA state entries in window  : 1: 100, 2: 91, 3: 83
DFA state entries cumulative : 1: 5000, 2: 3318, 3: 1861
transitions cumulative       : 1->2: 3318, 2->3: 1861
accepted directly from s0    : 0
Gym endings cumulative       : terminated=3008, truncated=132

[Episode 5100/8000 | last 100]
success rate                : 77.0% (cumulative 38.0%)
synthetic task reward       : 7700.000
shaping reward              : -740.550
learning reward             : 6959.450
episode length              : 279.7
abstract changes / episode  : 21.2
DFA transitions / episode   : 1.57
DFA transitions in window   : 1->2: 80, 2->3: 77
epsilons (next episode)      : 1: 0.08000, 2: 0.08000, 3: 1.00000
replay buffer                : 300000 samples [1: 61.0%, 2: 39.0%, 3: 0.0%]
DFA state visits in window   : 1: 18566, 2: 9425, 3: 77
DFA state visits cumulative  : 1: 1076315, 2: 544399, 3: 1938
DFA state entries in window  : 1: 100, 2: 80, 3: 77
DFA state entries cumulative : 1: 5100, 2: 3398, 3: 1938
transitions cumulative       : 1->2: 3398, 2->3: 1938
accepted directly from s0    : 0
Gym endings cumulative       : terminated=3031, truncated=132

[Episode 5200/8000 | last 100]
success rate                : 66.0% (cumulative 38.5%)
synthetic task reward       : 6600.000
shaping reward              : -899.648
learning reward             : 5700.352
episode length              : 309.6
abstract changes / episode  : 23.3
DFA transitions / episode   : 1.63
DFA transitions in window   : 1->2: 97, 2->3: 66
epsilons (next episode)      : 1: 0.08000, 2: 0.08000, 3: 1.00000
replay buffer                : 300000 samples [1: 59.7%, 2: 40.3%, 3: 0.0%]
DFA state visits in window   : 1: 14081, 2: 16910, 3: 66
DFA state visits cumulative  : 1: 1090396, 2: 561309, 3: 2004
DFA state entries in window  : 1: 100, 2: 97, 3: 66
DFA state entries cumulative : 1: 5200, 2: 3495, 3: 2004
transitions cumulative       : 1->2: 3495, 2->3: 2004
accepted directly from s0    : 0
Gym endings cumulative       : terminated=3063, truncated=134

[Episode 5300/8000 | last 100]
success rate                : 67.0% (cumulative 39.1%)
synthetic task reward       : 6700.000
shaping reward              : -926.823
learning reward             : 5773.177
episode length              : 312.6
abstract changes / episode  : 22.7
DFA transitions / episode   : 1.57
DFA transitions in window   : 1->2: 90, 2->3: 67
epsilons (next episode)      : 1: 0.08000, 2: 0.08000, 3: 1.00000
replay buffer                : 300000 samples [1: 58.6%, 2: 41.4%, 3: 0.0%]
DFA state visits in window   : 1: 15067, 2: 16222, 3: 67
DFA state visits cumulative  : 1: 1105463, 2: 577531, 3: 2071
DFA state entries in window  : 1: 100, 2: 90, 3: 67
DFA state entries cumulative : 1: 5300, 2: 3585, 3: 2071
transitions cumulative       : 1->2: 3585, 2->3: 2071
accepted directly from s0    : 0
Gym endings cumulative       : terminated=3096, truncated=134

[Episode 5400/8000 | last 100]
success rate                : 74.0% (cumulative 39.7%)
synthetic task reward       : 7400.000
shaping reward              : -675.618
learning reward             : 6724.382
episode length              : 277.0
abstract changes / episode  : 19.8
DFA transitions / episode   : 1.54
DFA transitions in window   : 1->2: 80, 2->3: 74
epsilons (next episode)      : 1: 0.08000, 2: 0.08000, 3: 1.00000
replay buffer                : 300000 samples [1: 58.9%, 2: 41.1%, 3: 0.0%]
DFA state visits in window   : 1: 18171, 2: 9555, 3: 74
DFA state visits cumulative  : 1: 1123634, 2: 587086, 3: 2145
DFA state entries in window  : 1: 100, 2: 80, 3: 74
DFA state entries cumulative : 1: 5400, 2: 3665, 3: 2145
transitions cumulative       : 1->2: 3665, 2->3: 2145
accepted directly from s0    : 0
Gym endings cumulative       : terminated=3122, truncated=134

[Episode 5500/8000 | last 100]
success rate                : 43.0% (cumulative 39.8%)
synthetic task reward       : 4300.000
shaping reward              : -632.644
learning reward             : 3667.356
episode length              : 220.7
abstract changes / episode  : 16.0
DFA transitions / episode   : 1.05
DFA transitions in window   : 1->2: 62, 2->3: 43
epsilons (next episode)      : 1: 0.08000, 2: 0.08000, 3: 1.00000
replay buffer                : 300000 samples [1: 59.2%, 2: 40.8%, 3: 0.0%]
DFA state visits in window   : 1: 15919, 2: 6211, 3: 43
DFA state visits cumulative  : 1: 1139553, 2: 593297, 3: 2188
DFA state entries in window  : 1: 100, 2: 62, 3: 43
DFA state entries cumulative : 1: 5500, 2: 3727, 3: 2188
transitions cumulative       : 1->2: 3727, 2->3: 2188
accepted directly from s0    : 0
Gym endings cumulative       : terminated=3179, truncated=134

[Episode 5600/8000 | last 100]
success rate                : 56.0% (cumulative 40.1%)
synthetic task reward       : 5600.000
shaping reward              : -822.113
learning reward             : 4777.887
episode length              : 319.6
abstract changes / episode  : 19.4
DFA transitions / episode   : 1.24
DFA transitions in window   : 1->2: 68, 2->3: 56
epsilons (next episode)      : 1: 0.08000, 2: 0.08000, 3: 1.00000
replay buffer                : 300000 samples [1: 60.6%, 2: 39.4%, 3: 0.0%]
DFA state visits in window   : 1: 23429, 2: 8579, 3: 56
DFA state visits cumulative  : 1: 1162982, 2: 601876, 3: 2244
DFA state entries in window  : 1: 100, 2: 68, 3: 56
DFA state entries cumulative : 1: 5600, 2: 3795, 3: 2244
transitions cumulative       : 1->2: 3795, 2->3: 2244
accepted directly from s0    : 0
Gym endings cumulative       : terminated=3221, truncated=136

[Episode 5700/8000 | last 100]
success rate                : 78.0% (cumulative 40.7%)
synthetic task reward       : 7800.000
shaping reward              : -357.649
learning reward             : 7442.351
episode length              : 301.8
abstract changes / episode  : 17.8
DFA transitions / episode   : 1.62
DFA transitions in window   : 1->2: 84, 2->3: 78
epsilons (next episode)      : 1: 0.08000, 2: 0.08000, 3: 1.00000
replay buffer                : 300000 samples [1: 60.2%, 2: 39.8%, 3: 0.0%]
DFA state visits in window   : 1: 19909, 2: 10295, 3: 78
DFA state visits cumulative  : 1: 1182891, 2: 612171, 3: 2322
DFA state entries in window  : 1: 100, 2: 84, 3: 78
DFA state entries cumulative : 1: 5700, 2: 3879, 3: 2322
transitions cumulative       : 1->2: 3879, 2->3: 2322
accepted directly from s0    : 0
Gym endings cumulative       : terminated=3241, truncated=138

[Episode 5800/8000 | last 100]
success rate                : 73.0% (cumulative 41.3%)
synthetic task reward       : 7300.000
shaping reward              : -635.839
learning reward             : 6664.161
episode length              : 351.3
abstract changes / episode  : 21.4
DFA transitions / episode   : 1.64
DFA transitions in window   : 1->2: 91, 2->3: 73
epsilons (next episode)      : 1: 0.08000, 2: 0.08000, 3: 1.00000
replay buffer                : 300000 samples [1: 59.8%, 2: 40.2%, 3: 0.0%]
DFA state visits in window   : 1: 24949, 2: 10210, 3: 73
DFA state visits cumulative  : 1: 1207840, 2: 622381, 3: 2395
DFA state entries in window  : 1: 100, 2: 91, 3: 73
DFA state entries cumulative : 1: 5800, 2: 3970, 3: 2395
transitions cumulative       : 1->2: 3970, 2->3: 2395
accepted directly from s0    : 0
Gym endings cumulative       : terminated=3265, truncated=141

[Episode 5900/8000 | last 100]
success rate                : 77.0% (cumulative 41.9%)
synthetic task reward       : 7700.000
shaping reward              : -542.589
learning reward             : 7157.411
episode length              : 288.4
abstract changes / episode  : 20.4
DFA transitions / episode   : 1.67
DFA transitions in window   : 1->2: 90, 2->3: 77
epsilons (next episode)      : 1: 0.08000, 2: 0.08000, 3: 1.00000
replay buffer                : 300000 samples [1: 62.8%, 2: 37.2%, 3: 0.0%]
DFA state visits in window   : 1: 19369, 2: 9494, 3: 77
DFA state visits cumulative  : 1: 1227209, 2: 631875, 3: 2472
DFA state entries in window  : 1: 100, 2: 90, 3: 77
DFA state entries cumulative : 1: 5900, 2: 4060, 3: 2472
transitions cumulative       : 1->2: 4060, 2->3: 2472
accepted directly from s0    : 0
Gym endings cumulative       : terminated=3288, truncated=141

[Episode 6000/8000 | last 100]
success rate                : 74.0% (cumulative 42.4%)
synthetic task reward       : 7400.000
shaping reward              : -689.717
learning reward             : 6710.283
episode length              : 285.8
abstract changes / episode  : 19.9
DFA transitions / episode   : 1.55
DFA transitions in window   : 1->2: 81, 2->3: 74
epsilons (next episode)      : 1: 0.08000, 2: 0.08000, 3: 1.00000
replay buffer                : 300000 samples [1: 63.8%, 2: 36.2%, 3: 0.0%]
DFA state visits in window   : 1: 19286, 2: 9318, 3: 74
DFA state visits cumulative  : 1: 1246495, 2: 641193, 3: 2546
DFA state entries in window  : 1: 100, 2: 81, 3: 74
DFA state entries cumulative : 1: 6000, 2: 4141, 3: 2546
transitions cumulative       : 1->2: 4141, 2->3: 2546
accepted directly from s0    : 0
Gym endings cumulative       : terminated=3314, truncated=141

[Episode 6100/8000 | last 100]
success rate                : 87.0% (cumulative 43.2%)
synthetic task reward       : 8700.000
shaping reward              : -310.109
learning reward             : 8389.891
episode length              : 270.5
abstract changes / episode  : 18.6
DFA transitions / episode   : 1.83
DFA transitions in window   : 1->2: 96, 2->3: 87
epsilons (next episode)      : 1: 0.08000, 2: 0.08000, 3: 1.00000
replay buffer                : 300000 samples [1: 63.0%, 2: 37.0%, 3: 0.0%]
DFA state visits in window   : 1: 15035, 2: 12030, 3: 87
DFA state visits cumulative  : 1: 1261530, 2: 653223, 3: 2633
DFA state entries in window  : 1: 100, 2: 96, 3: 87
DFA state entries cumulative : 1: 6100, 2: 4237, 3: 2633
transitions cumulative       : 1->2: 4237, 2->3: 2633
accepted directly from s0    : 0
Gym endings cumulative       : terminated=3327, truncated=141

[Episode 6200/8000 | last 100]
success rate                : 91.0% (cumulative 43.9%)
synthetic task reward       : 9100.000
shaping reward              : -123.071
learning reward             : 8976.929
episode length              : 262.9
abstract changes / episode  : 17.5
DFA transitions / episode   : 1.89
DFA transitions in window   : 1->2: 98, 2->3: 91
epsilons (next episode)      : 1: 0.08000, 2: 0.08000, 3: 1.00000
replay buffer                : 300000 samples [1: 63.7%, 2: 36.3%, 3: 0.0%]
DFA state visits in window   : 1: 15089, 2: 11208, 3: 91
DFA state visits cumulative  : 1: 1276619, 2: 664431, 3: 2724
DFA state entries in window  : 1: 100, 2: 98, 3: 91
DFA state entries cumulative : 1: 6200, 2: 4335, 3: 2724
transitions cumulative       : 1->2: 4335, 2->3: 2724
accepted directly from s0    : 0
Gym endings cumulative       : terminated=3336, truncated=141
Best policy updated at episode 6200: mean learning reward=8976.929

[Episode 6300/8000 | last 100]
success rate                : 85.0% (cumulative 44.6%)
synthetic task reward       : 8500.000
shaping reward              : -462.629
learning reward             : 8037.371
episode length              : 303.2
abstract changes / episode  : 19.6
DFA transitions / episode   : 1.75
DFA transitions in window   : 1->2: 90, 2->3: 85
epsilons (next episode)      : 1: 0.08000, 2: 0.08000, 3: 1.00000
replay buffer                : 300000 samples [1: 65.7%, 2: 34.3%, 3: 0.0%]
DFA state visits in window   : 1: 19813, 2: 10525, 3: 85
DFA state visits cumulative  : 1: 1296432, 2: 674956, 3: 2809
DFA state entries in window  : 1: 100, 2: 90, 3: 85
DFA state entries cumulative : 1: 6300, 2: 4425, 3: 2809
transitions cumulative       : 1->2: 4425, 2->3: 2809
accepted directly from s0    : 0
Gym endings cumulative       : terminated=3351, truncated=141

[Episode 6400/8000 | last 100]
success rate                : 92.0% (cumulative 45.3%)
synthetic task reward       : 9200.000
shaping reward              : -168.146
learning reward             : 9031.854
episode length              : 266.9
abstract changes / episode  : 17.9
DFA transitions / episode   : 1.88
DFA transitions in window   : 1->2: 96, 2->3: 92
epsilons (next episode)      : 1: 0.08000, 2: 0.08000, 3: 1.00000
replay buffer                : 300000 samples [1: 66.1%, 2: 33.9%, 3: 0.0%]
DFA state visits in window   : 1: 16780, 2: 9917, 3: 92
DFA state visits cumulative  : 1: 1313212, 2: 684873, 3: 2901
DFA state entries in window  : 1: 100, 2: 96, 3: 92
DFA state entries cumulative : 1: 6400, 2: 4521, 3: 2901
transitions cumulative       : 1->2: 4521, 2->3: 2901
accepted directly from s0    : 0
Gym endings cumulative       : terminated=3359, truncated=141
Best policy updated at episode 6400: mean learning reward=9031.854

[Episode 6500/8000 | last 100]
success rate                : 83.0% (cumulative 45.9%)
synthetic task reward       : 8300.000
shaping reward              : -243.791
learning reward             : 8056.209
episode length              : 257.2
abstract changes / episode  : 17.6
DFA transitions / episode   : 1.76
DFA transitions in window   : 1->2: 93, 2->3: 83
epsilons (next episode)      : 1: 0.08000, 2: 0.08000, 3: 1.00000
replay buffer                : 300000 samples [1: 65.4%, 2: 34.6%, 3: 0.0%]
DFA state visits in window   : 1: 15504, 2: 10238, 3: 83
DFA state visits cumulative  : 1: 1328716, 2: 695111, 3: 2984
DFA state entries in window  : 1: 100, 2: 93, 3: 83
DFA state entries cumulative : 1: 6500, 2: 4614, 3: 2984
transitions cumulative       : 1->2: 4614, 2->3: 2984
accepted directly from s0    : 0
Gym endings cumulative       : terminated=3376, truncated=141

[Episode 6600/8000 | last 100]
success rate                : 83.0% (cumulative 46.5%)
synthetic task reward       : 8300.000
shaping reward              : -247.560
learning reward             : 8052.440
episode length              : 291.1
abstract changes / episode  : 17.4
DFA transitions / episode   : 1.74
DFA transitions in window   : 1->2: 91, 2->3: 83
epsilons (next episode)      : 1: 0.08000, 2: 0.08000, 3: 1.00000
replay buffer                : 300000 samples [1: 64.6%, 2: 35.4%, 3: 0.0%]
DFA state visits in window   : 1: 18938, 2: 10185, 3: 83
DFA state visits cumulative  : 1: 1347654, 2: 705296, 3: 3067
DFA state entries in window  : 1: 100, 2: 91, 3: 83
DFA state entries cumulative : 1: 6600, 2: 4705, 3: 3067
transitions cumulative       : 1->2: 4705, 2->3: 3067
accepted directly from s0    : 0
Gym endings cumulative       : terminated=3391, truncated=143

[Episode 6700/8000 | last 100]
success rate                : 67.0% (cumulative 46.8%)
synthetic task reward       : 6700.000
shaping reward              : -592.480
learning reward             : 6107.520
episode length              : 273.5
abstract changes / episode  : 18.1
DFA transitions / episode   : 1.45
DFA transitions in window   : 1->2: 78, 2->3: 67
epsilons (next episode)      : 1: 0.08000, 2: 0.08000, 3: 1.00000
replay buffer                : 300000 samples [1: 64.2%, 2: 35.8%, 3: 0.0%]
DFA state visits in window   : 1: 17769, 2: 9614, 3: 67
DFA state visits cumulative  : 1: 1365423, 2: 714910, 3: 3134
DFA state entries in window  : 1: 100, 2: 78, 3: 67
DFA state entries cumulative : 1: 6700, 2: 4783, 3: 3134
transitions cumulative       : 1->2: 4783, 2->3: 3134
accepted directly from s0    : 0
Gym endings cumulative       : terminated=3424, truncated=143

[Episode 6800/8000 | last 100]
success rate                : 47.0% (cumulative 46.8%)
synthetic task reward       : 4700.000
shaping reward              : -891.957
learning reward             : 3808.043
episode length              : 227.8
abstract changes / episode  : 17.2
DFA transitions / episode   : 1.01
DFA transitions in window   : 1->2: 54, 2->3: 47
epsilons (next episode)      : 1: 0.08000, 2: 0.08000, 3: 1.00000
replay buffer                : 300000 samples [1: 64.4%, 2: 35.6%, 3: 0.0%]
DFA state visits in window   : 1: 16859, 2: 5972, 3: 47
DFA state visits cumulative  : 1: 1382282, 2: 720882, 3: 3181
DFA state entries in window  : 1: 100, 2: 54, 3: 47
DFA state entries cumulative : 1: 6800, 2: 4837, 3: 3181
transitions cumulative       : 1->2: 4837, 2->3: 3181
accepted directly from s0    : 0
Gym endings cumulative       : terminated=3477, truncated=143

[Episode 6900/8000 | last 100]
success rate                : 56.0% (cumulative 46.9%)
synthetic task reward       : 5600.000
shaping reward              : -1016.833
learning reward             : 4583.167
episode length              : 308.6
abstract changes / episode  : 21.3
DFA transitions / episode   : 1.19
DFA transitions in window   : 1->2: 63, 2->3: 56
epsilons (next episode)      : 1: 0.08000, 2: 0.08000, 3: 1.00000
replay buffer                : 300000 samples [1: 65.3%, 2: 34.7%, 3: 0.0%]
DFA state visits in window   : 1: 24284, 2: 6617, 3: 56
DFA state visits cumulative  : 1: 1406566, 2: 727499, 3: 3237
DFA state entries in window  : 1: 100, 2: 63, 3: 56
DFA state entries cumulative : 1: 6900, 2: 4900, 3: 3237
transitions cumulative       : 1->2: 4900, 2->3: 3237
accepted directly from s0    : 0
Gym endings cumulative       : terminated=3518, truncated=146

[Episode 7000/8000 | last 100]
success rate                : 89.0% (cumulative 47.5%)
synthetic task reward       : 8900.000
shaping reward              : -355.574
learning reward             : 8544.426
episode length              : 287.9
abstract changes / episode  : 19.6
DFA transitions / episode   : 1.82
DFA transitions in window   : 1->2: 93, 2->3: 89
epsilons (next episode)      : 1: 0.08000, 2: 0.08000, 3: 1.00000
replay buffer                : 300000 samples [1: 65.4%, 2: 34.6%, 3: 0.0%]
DFA state visits in window   : 1: 19667, 2: 9131, 3: 89
DFA state visits cumulative  : 1: 1426233, 2: 736630, 3: 3326
DFA state entries in window  : 1: 100, 2: 93, 3: 89
DFA state entries cumulative : 1: 7000, 2: 4993, 3: 3326
transitions cumulative       : 1->2: 4993, 2->3: 3326
accepted directly from s0    : 0
Gym endings cumulative       : terminated=3528, truncated=147

[Episode 7100/8000 | last 100]
success rate                : 87.0% (cumulative 48.1%)
synthetic task reward       : 8700.000
shaping reward              : -316.748
learning reward             : 8383.252
episode length              : 317.4
abstract changes / episode  : 19.0
DFA transitions / episode   : 1.77
DFA transitions in window   : 1->2: 90, 2->3: 87
epsilons (next episode)      : 1: 0.08000, 2: 0.08000, 3: 1.00000
replay buffer                : 300000 samples [1: 66.3%, 2: 33.7%, 3: 0.0%]
DFA state visits in window   : 1: 22844, 2: 8905, 3: 87
DFA state visits cumulative  : 1: 1449077, 2: 745535, 3: 3413
DFA state entries in window  : 1: 100, 2: 90, 3: 87
DFA state entries cumulative : 1: 7100, 2: 5083, 3: 3413
transitions cumulative       : 1->2: 5083, 2->3: 3413
accepted directly from s0    : 0
Gym endings cumulative       : terminated=3534, truncated=154

[Episode 7200/8000 | last 100]
success rate                : 95.0% (cumulative 48.7%)
synthetic task reward       : 9500.000
shaping reward              : -4.567
learning reward             : 9495.433
episode length              : 239.2
abstract changes / episode  : 16.6
DFA transitions / episode   : 1.94
DFA transitions in window   : 1->2: 99, 2->3: 95
epsilons (next episode)      : 1: 0.08000, 2: 0.08000, 3: 1.00000
replay buffer                : 300000 samples [1: 66.7%, 2: 33.3%, 3: 0.0%]
DFA state visits in window   : 1: 14568, 2: 9359, 3: 95
DFA state visits cumulative  : 1: 1463645, 2: 754894, 3: 3508
DFA state entries in window  : 1: 100, 2: 99, 3: 95
DFA state entries cumulative : 1: 7200, 2: 5182, 3: 3508
transitions cumulative       : 1->2: 5182, 2->3: 3508
accepted directly from s0    : 0
Gym endings cumulative       : terminated=3539, truncated=154
Best policy updated at episode 7200: mean learning reward=9495.433

[Episode 7300/8000 | last 100]
success rate                : 84.0% (cumulative 49.2%)
synthetic task reward       : 8400.000
shaping reward              : -280.585
learning reward             : 8119.415
episode length              : 240.8
abstract changes / episode  : 17.6
DFA transitions / episode   : 1.72
DFA transitions in window   : 1->2: 88, 2->3: 84
epsilons (next episode)      : 1: 0.08000, 2: 0.08000, 3: 1.00000
replay buffer                : 300000 samples [1: 67.4%, 2: 32.6%, 3: 0.0%]
DFA state visits in window   : 1: 16303, 2: 7788, 3: 84
DFA state visits cumulative  : 1: 1479948, 2: 762682, 3: 3592
DFA state entries in window  : 1: 100, 2: 88, 3: 84
DFA state entries cumulative : 1: 7300, 2: 5270, 3: 3592
transitions cumulative       : 1->2: 5270, 2->3: 3592
accepted directly from s0    : 0
Gym endings cumulative       : terminated=3555, truncated=154

[Episode 7400/8000 | last 100]
success rate                : 75.0% (cumulative 49.6%)
synthetic task reward       : 7500.000
shaping reward              : -553.996
learning reward             : 6946.004
episode length              : 261.2
abstract changes / episode  : 19.4
DFA transitions / episode   : 1.55
DFA transitions in window   : 1->2: 80, 2->3: 75
epsilons (next episode)      : 1: 0.08000, 2: 0.08000, 3: 1.00000
replay buffer                : 300000 samples [1: 68.2%, 2: 31.8%, 3: 0.0%]
DFA state visits in window   : 1: 19512, 2: 6632, 3: 75
DFA state visits cumulative  : 1: 1499460, 2: 769314, 3: 3667
DFA state entries in window  : 1: 100, 2: 80, 3: 75
DFA state entries cumulative : 1: 7400, 2: 5350, 3: 3667
transitions cumulative       : 1->2: 5350, 2->3: 3667
accepted directly from s0    : 0
Gym endings cumulative       : terminated=3580, truncated=154

[Episode 7500/8000 | last 100]
success rate                : 72.0% (cumulative 49.9%)
synthetic task reward       : 7200.000
shaping reward              : -346.007
learning reward             : 6853.993
episode length              : 255.9
abstract changes / episode  : 18.1
DFA transitions / episode   : 1.61
DFA transitions in window   : 1->2: 89, 2->3: 72
epsilons (next episode)      : 1: 0.08000, 2: 0.08000, 3: 1.00000
replay buffer                : 300000 samples [1: 68.7%, 2: 31.3%, 3: 0.0%]
DFA state visits in window   : 1: 17514, 2: 8108, 3: 72
DFA state visits cumulative  : 1: 1516974, 2: 777422, 3: 3739
DFA state entries in window  : 1: 100, 2: 89, 3: 72
DFA state entries cumulative : 1: 7500, 2: 5439, 3: 3739
transitions cumulative       : 1->2: 5439, 2->3: 3739
accepted directly from s0    : 0
Gym endings cumulative       : terminated=3608, truncated=154

[Episode 7600/8000 | last 100]
success rate                : 69.0% (cumulative 50.1%)
synthetic task reward       : 6900.000
shaping reward              : -460.932
learning reward             : 6439.068
episode length              : 253.4
abstract changes / episode  : 17.8
DFA transitions / episode   : 1.52
DFA transitions in window   : 1->2: 83, 2->3: 69
epsilons (next episode)      : 1: 0.08000, 2: 0.08000, 3: 1.00000
replay buffer                : 300000 samples [1: 69.2%, 2: 30.8%, 3: 0.0%]
DFA state visits in window   : 1: 17238, 2: 8134, 3: 69
DFA state visits cumulative  : 1: 1534212, 2: 785556, 3: 3808
DFA state entries in window  : 1: 100, 2: 83, 3: 69
DFA state entries cumulative : 1: 7600, 2: 5522, 3: 3808
transitions cumulative       : 1->2: 5522, 2->3: 3808
accepted directly from s0    : 0
Gym endings cumulative       : terminated=3639, truncated=154

[Episode 7700/8000 | last 100]
success rate                : 76.0% (cumulative 50.4%)
synthetic task reward       : 7600.000
shaping reward              : -340.271
learning reward             : 7259.729
episode length              : 241.0
abstract changes / episode  : 16.2
DFA transitions / episode   : 1.57
DFA transitions in window   : 1->2: 81, 2->3: 76
epsilons (next episode)      : 1: 0.08000, 2: 0.08000, 3: 1.00000
replay buffer                : 300000 samples [1: 69.3%, 2: 30.7%, 3: 0.0%]
DFA state visits in window   : 1: 15945, 2: 8175, 3: 76
DFA state visits cumulative  : 1: 1550157, 2: 793731, 3: 3884
DFA state entries in window  : 1: 100, 2: 81, 3: 76
DFA state entries cumulative : 1: 7700, 2: 5603, 3: 3884
transitions cumulative       : 1->2: 5603, 2->3: 3884
accepted directly from s0    : 0
Gym endings cumulative       : terminated=3663, truncated=154

[Episode 7800/8000 | last 100]
success rate                : 61.0% (cumulative 50.6%)
synthetic task reward       : 6100.000
shaping reward              : -483.823
learning reward             : 5616.177
episode length              : 270.1
abstract changes / episode  : 18.3
DFA transitions / episode   : 1.56
DFA transitions in window   : 1->2: 95, 2->3: 61
epsilons (next episode)      : 1: 0.08000, 2: 0.08000, 3: 1.00000
replay buffer                : 300000 samples [1: 68.9%, 2: 31.1%, 3: 0.0%]
DFA state visits in window   : 1: 15618, 2: 11432, 3: 61
DFA state visits cumulative  : 1: 1565775, 2: 805163, 3: 3945
DFA state entries in window  : 1: 100, 2: 95, 3: 61
DFA state entries cumulative : 1: 7800, 2: 5698, 3: 3945
transitions cumulative       : 1->2: 5698, 2->3: 3945
accepted directly from s0    : 0
Gym endings cumulative       : terminated=3702, truncated=154

[Episode 7900/8000 | last 100]
success rate                : 74.0% (cumulative 50.9%)
synthetic task reward       : 7400.000
shaping reward              : -733.520
learning reward             : 6666.480
episode length              : 295.5
abstract changes / episode  : 21.8
DFA transitions / episode   : 1.63
DFA transitions in window   : 1->2: 89, 2->3: 74
epsilons (next episode)      : 1: 0.08000, 2: 0.08000, 3: 1.00000
replay buffer                : 300000 samples [1: 68.5%, 2: 31.5%, 3: 0.0%]
DFA state visits in window   : 1: 19800, 2: 9776, 3: 74
DFA state visits cumulative  : 1: 1585575, 2: 814939, 3: 4019
DFA state entries in window  : 1: 100, 2: 89, 3: 74
DFA state entries cumulative : 1: 7900, 2: 5787, 3: 4019
transitions cumulative       : 1->2: 5787, 2->3: 4019
accepted directly from s0    : 0
Gym endings cumulative       : terminated=3728, truncated=154

[Episode 8000/8000 | last 100]
success rate                : 63.0% (cumulative 51.0%)
synthetic task reward       : 6300.000
shaping reward              : -936.202
learning reward             : 5363.798
episode length              : 295.9
abstract changes / episode  : 22.5
DFA transitions / episode   : 1.37
DFA transitions in window   : 1->2: 74, 2->3: 63
epsilons (next episode)      : 1: 0.08000, 2: 0.08000, 3: 1.00000
replay buffer                : 300000 samples [1: 68.2%, 2: 31.8%, 3: 0.0%]
DFA state visits in window   : 1: 22226, 2: 7403, 3: 63
DFA state visits cumulative  : 1: 1607801, 2: 822342, 3: 4082
DFA state entries in window  : 1: 100, 2: 74, 3: 63
DFA state entries cumulative : 1: 8000, 2: 5861, 3: 4082
transitions cumulative       : 1->2: 5861, 2->3: 4082
accepted directly from s0    : 0
Gym endings cumulative       : terminated=3765, truncated=154
Last policy saved after episode 8000. Best policy: episode 7200, mean learning reward=9495.433
