
=== NEW MULTI-EPSILON RUN ===
episodes=8000, shaping=False, K=1.0, goal_reward=10000.0, gamma=0.99
training_shaping_gamma=True, shaping_formula=K*(gamma*Phi(next)-Phi(state))
network=Classic DDQN, output_heads=1
epsilon_strategy=visited
epsilon_min=0.08, epsilon_unlock_threshold=0.081
inter_level_shaping=False, inter_level_K=0.0
formula=F(wp1 & X(F(g1)))
waypoints={'wp1': (1, 8), 'g1': (8, 8)}
dfa_states=[1, 2, 3], pre_trace=1, accepting=[3]

[Episode 1/8000 | last 1]
success rate                : 0.0% (cumulative 0.0%)
synthetic task reward       : 0.000
shaping reward              : 0.000
learning reward             : 0.000
episode length              : 103.0
abstract changes / episode  : 14.0
DFA transitions / episode   : 0.00
DFA transitions in window   : none
epsilons (next episode)      : 1: 0.99900, 2: 1.00000, 3: 1.00000
replay buffer                : 103 samples [1: 100.0%, 2: 0.0%, 3: 0.0%]
DFA state visits in window   : 1: 104, 2: 0, 3: 0
DFA state visits cumulative  : 1: 104, 2: 0, 3: 0
DFA state entries in window  : 1: 1, 2: 0, 3: 0
DFA state entries cumulative : 1: 1, 2: 0, 3: 0
transitions cumulative       : none
accepted directly from s0    : 0
Gym endings cumulative       : terminated=1, truncated=0
Best policy updated at episode 1: mean learning reward=0.000

[Episode 100/8000 | last 100]
success rate                : 0.0% (cumulative 0.0%)
synthetic task reward       : 0.000
shaping reward              : 0.000
learning reward             : 0.000
episode length              : 92.8
abstract changes / episode  : 12.7
DFA transitions / episode   : 0.01
DFA transitions in window   : 1->2: 1
epsilons (next episode)      : 1: 0.90479, 2: 0.99900, 3: 1.00000
replay buffer                : 9276 samples [1: 99.7%, 2: 0.3%, 3: 0.0%]
DFA state visits in window   : 1: 9350, 2: 26, 3: 0
DFA state visits cumulative  : 1: 9350, 2: 26, 3: 0
DFA state entries in window  : 1: 100, 2: 1, 3: 0
DFA state entries cumulative : 1: 100, 2: 1, 3: 0
transitions cumulative       : 1->2: 1
accepted directly from s0    : 0
Gym endings cumulative       : terminated=100, truncated=0

[Episode 200/8000 | last 100]
success rate                : 0.0% (cumulative 0.0%)
synthetic task reward       : 0.000
shaping reward              : 0.000
learning reward             : 0.000
episode length              : 94.8
abstract changes / episode  : 12.8
DFA transitions / episode   : 0.00
DFA transitions in window   : none
epsilons (next episode)      : 1: 0.81865, 2: 0.99900, 3: 1.00000
replay buffer                : 18756 samples [1: 99.9%, 2: 0.1%, 3: 0.0%]
DFA state visits in window   : 1: 9580, 2: 0, 3: 0
DFA state visits cumulative  : 1: 18930, 2: 26, 3: 0
DFA state entries in window  : 1: 100, 2: 0, 3: 0
DFA state entries cumulative : 1: 200, 2: 1, 3: 0
transitions cumulative       : 1->2: 1
accepted directly from s0    : 0
Gym endings cumulative       : terminated=200, truncated=0

[Episode 300/8000 | last 100]
success rate                : 0.0% (cumulative 0.0%)
synthetic task reward       : 0.000
shaping reward              : 0.000
learning reward             : 0.000
episode length              : 88.0
abstract changes / episode  : 12.5
DFA transitions / episode   : 0.01
DFA transitions in window   : 1->2: 1
epsilons (next episode)      : 1: 0.74071, 2: 0.99800, 3: 1.00000
replay buffer                : 27555 samples [1: 99.8%, 2: 0.2%, 3: 0.0%]
DFA state visits in window   : 1: 8875, 2: 24, 3: 0
DFA state visits cumulative  : 1: 27805, 2: 50, 3: 0
DFA state entries in window  : 1: 100, 2: 1, 3: 0
DFA state entries cumulative : 1: 300, 2: 2, 3: 0
transitions cumulative       : 1->2: 2
accepted directly from s0    : 0
Gym endings cumulative       : terminated=300, truncated=0

[Episode 400/8000 | last 100]
success rate                : 0.0% (cumulative 0.0%)
synthetic task reward       : 0.000
shaping reward              : 0.000
learning reward             : 0.000
episode length              : 108.6
abstract changes / episode  : 13.3
DFA transitions / episode   : 0.02
DFA transitions in window   : 1->2: 2
epsilons (next episode)      : 1: 0.67019, 2: 0.99601, 3: 1.00000
replay buffer                : 38418 samples [1: 99.7%, 2: 0.3%, 3: 0.0%]
DFA state visits in window   : 1: 10885, 2: 78, 3: 0
DFA state visits cumulative  : 1: 38690, 2: 128, 3: 0
DFA state entries in window  : 1: 100, 2: 2, 3: 0
DFA state entries cumulative : 1: 400, 2: 4, 3: 0
transitions cumulative       : 1->2: 4
accepted directly from s0    : 0
Gym endings cumulative       : terminated=400, truncated=0

[Episode 500/8000 | last 100]
success rate                : 0.0% (cumulative 0.0%)
synthetic task reward       : 0.000
shaping reward              : 0.000
learning reward             : 0.000
episode length              : 117.6
abstract changes / episode  : 12.8
DFA transitions / episode   : 0.02
DFA transitions in window   : 1->2: 2
epsilons (next episode)      : 1: 0.60638, 2: 0.99401, 3: 1.00000
replay buffer                : 50176 samples [1: 99.6%, 2: 0.4%, 3: 0.0%]
DFA state visits in window   : 1: 11789, 2: 69, 3: 0
DFA state visits cumulative  : 1: 50479, 2: 197, 3: 0
DFA state entries in window  : 1: 100, 2: 2, 3: 0
DFA state entries cumulative : 1: 500, 2: 6, 3: 0
transitions cumulative       : 1->2: 6
accepted directly from s0    : 0
Gym endings cumulative       : terminated=500, truncated=0

[Episode 600/8000 | last 100]
success rate                : 0.0% (cumulative 0.0%)
synthetic task reward       : 0.000
shaping reward              : 0.000
learning reward             : 0.000
episode length              : 103.5
abstract changes / episode  : 11.4
DFA transitions / episode   : 0.03
DFA transitions in window   : 1->2: 3
epsilons (next episode)      : 1: 0.54865, 2: 0.99104, 3: 1.00000
replay buffer                : 60525 samples [1: 99.5%, 2: 0.5%, 3: 0.0%]
DFA state visits in window   : 1: 10317, 2: 132, 3: 0
DFA state visits cumulative  : 1: 60796, 2: 329, 3: 0
DFA state entries in window  : 1: 100, 2: 3, 3: 0
DFA state entries cumulative : 1: 600, 2: 9, 3: 0
transitions cumulative       : 1->2: 9
accepted directly from s0    : 0
Gym endings cumulative       : terminated=600, truncated=0

[Episode 700/8000 | last 100]
success rate                : 0.0% (cumulative 0.0%)
synthetic task reward       : 0.000
shaping reward              : 0.000
learning reward             : 0.000
episode length              : 123.5
abstract changes / episode  : 11.4
DFA transitions / episode   : 0.04
DFA transitions in window   : 1->2: 4
epsilons (next episode)      : 1: 0.49641, 2: 0.98708, 3: 1.00000
replay buffer                : 72879 samples [1: 99.3%, 2: 0.7%, 3: 0.0%]
DFA state visits in window   : 1: 12271, 2: 183, 3: 0
DFA state visits cumulative  : 1: 73067, 2: 512, 3: 0
DFA state entries in window  : 1: 100, 2: 4, 3: 0
DFA state entries cumulative : 1: 700, 2: 13, 3: 0
transitions cumulative       : 1->2: 13
accepted directly from s0    : 0
Gym endings cumulative       : terminated=700, truncated=0

[Episode 800/8000 | last 100]
success rate                : 0.0% (cumulative 0.0%)
synthetic task reward       : 0.000
shaping reward              : 0.000
learning reward             : 0.000
episode length              : 158.6
abstract changes / episode  : 11.1
DFA transitions / episode   : 0.05
DFA transitions in window   : 1->2: 5
epsilons (next episode)      : 1: 0.44915, 2: 0.98215, 3: 1.00000
replay buffer                : 88735 samples [1: 99.2%, 2: 0.8%, 3: 0.0%]
DFA state visits in window   : 1: 15761, 2: 195, 3: 0
DFA state visits cumulative  : 1: 88828, 2: 707, 3: 0
DFA state entries in window  : 1: 100, 2: 5, 3: 0
DFA state entries cumulative : 1: 800, 2: 18, 3: 0
transitions cumulative       : 1->2: 18
accepted directly from s0    : 0
Gym endings cumulative       : terminated=800, truncated=0

[Episode 900/8000 | last 100]
success rate                : 0.0% (cumulative 0.0%)
synthetic task reward       : 0.000
shaping reward              : 0.000
learning reward             : 0.000
episode length              : 210.2
abstract changes / episode  : 13.8
DFA transitions / episode   : 0.05
DFA transitions in window   : 1->2: 5
epsilons (next episode)      : 1: 0.40639, 2: 0.97725, 3: 1.00000
replay buffer                : 109751 samples [1: 99.1%, 2: 0.9%, 3: 0.0%]
DFA state visits in window   : 1: 20849, 2: 267, 3: 0
DFA state visits cumulative  : 1: 109677, 2: 974, 3: 0
DFA state entries in window  : 1: 100, 2: 5, 3: 0
DFA state entries cumulative : 1: 900, 2: 23, 3: 0
transitions cumulative       : 1->2: 23
accepted directly from s0    : 0
Gym endings cumulative       : terminated=900, truncated=0

[Episode 1000/8000 | last 100]
success rate                : 0.0% (cumulative 0.0%)
synthetic task reward       : 0.000
shaping reward              : 0.000
learning reward             : 0.000
episode length              : 243.4
abstract changes / episode  : 14.8
DFA transitions / episode   : 0.03
DFA transitions in window   : 1->2: 3
epsilons (next episode)      : 1: 0.36770, 2: 0.97432, 3: 1.00000
replay buffer                : 134091 samples [1: 99.2%, 2: 0.8%, 3: 0.0%]
DFA state visits in window   : 1: 24359, 2: 81, 3: 0
DFA state visits cumulative  : 1: 134036, 2: 1055, 3: 0
DFA state entries in window  : 1: 100, 2: 3, 3: 0
DFA state entries cumulative : 1: 1000, 2: 26, 3: 0
transitions cumulative       : 1->2: 26
accepted directly from s0    : 0
Gym endings cumulative       : terminated=1000, truncated=0

[Episode 1100/8000 | last 100]
success rate                : 0.0% (cumulative 0.0%)
synthetic task reward       : 0.000
shaping reward              : 0.000
learning reward             : 0.000
episode length              : 234.0
abstract changes / episode  : 15.8
DFA transitions / episode   : 0.11
DFA transitions in window   : 1->2: 11
epsilons (next episode)      : 1: 0.33269, 2: 0.96366, 3: 1.00000
replay buffer                : 157491 samples [1: 99.0%, 2: 1.0%, 3: 0.0%]
DFA state visits in window   : 1: 23000, 2: 500, 3: 0
DFA state visits cumulative  : 1: 157036, 2: 1555, 3: 0
DFA state entries in window  : 1: 100, 2: 11, 3: 0
DFA state entries cumulative : 1: 1100, 2: 37, 3: 0
transitions cumulative       : 1->2: 37
accepted directly from s0    : 0
Gym endings cumulative       : terminated=1100, truncated=0

[Episode 1200/8000 | last 100]
success rate                : 0.0% (cumulative 0.0%)
synthetic task reward       : 0.000
shaping reward              : 0.000
learning reward             : 0.000
episode length              : 372.1
abstract changes / episode  : 21.2
DFA transitions / episode   : 0.07
DFA transitions in window   : 1->2: 7
epsilons (next episode)      : 1: 0.30101, 2: 0.95693, 3: 1.00000
replay buffer                : 194696 samples [1: 99.1%, 2: 0.9%, 3: 0.0%]
DFA state visits in window   : 1: 36981, 2: 324, 3: 0
DFA state visits cumulative  : 1: 194017, 2: 1879, 3: 0
DFA state entries in window  : 1: 100, 2: 7, 3: 0
DFA state entries cumulative : 1: 1200, 2: 44, 3: 0
transitions cumulative       : 1->2: 44
accepted directly from s0    : 0
Gym endings cumulative       : terminated=1191, truncated=9

[Episode 1300/8000 | last 100]
success rate                : 0.0% (cumulative 0.0%)
synthetic task reward       : 0.000
shaping reward              : 0.000
learning reward             : 0.000
episode length              : 350.9
abstract changes / episode  : 15.6
DFA transitions / episode   : 0.05
DFA transitions in window   : 1->2: 5
epsilons (next episode)      : 1: 0.27235, 2: 0.95216, 3: 1.00000
replay buffer                : 229782 samples [1: 99.1%, 2: 0.9%, 3: 0.0%]
DFA state visits in window   : 1: 34893, 2: 293, 3: 0
DFA state visits cumulative  : 1: 228910, 2: 2172, 3: 0
DFA state entries in window  : 1: 100, 2: 5, 3: 0
DFA state entries cumulative : 1: 1300, 2: 49, 3: 0
transitions cumulative       : 1->2: 49
accepted directly from s0    : 0
Gym endings cumulative       : terminated=1286, truncated=14

[Episode 1400/8000 | last 100]
success rate                : 0.0% (cumulative 0.0%)
synthetic task reward       : 0.000
shaping reward              : 0.000
learning reward             : 0.000
episode length              : 537.6
abstract changes / episode  : 20.5
DFA transitions / episode   : 0.04
DFA transitions in window   : 1->2: 4
epsilons (next episode)      : 1: 0.24642, 2: 0.94835, 3: 1.00000
replay buffer                : 283545 samples [1: 99.2%, 2: 0.8%, 3: 0.0%]
DFA state visits in window   : 1: 53591, 2: 272, 3: 0
DFA state visits cumulative  : 1: 282501, 2: 2444, 3: 0
DFA state entries in window  : 1: 100, 2: 4, 3: 0
DFA state entries cumulative : 1: 1400, 2: 53, 3: 0
transitions cumulative       : 1->2: 53
accepted directly from s0    : 0
Gym endings cumulative       : terminated=1371, truncated=29

[Episode 1500/8000 | last 100]
success rate                : 0.0% (cumulative 0.0%)
synthetic task reward       : 0.000
shaping reward              : 0.000
learning reward             : 0.000
episode length              : 672.5
abstract changes / episode  : 22.2
DFA transitions / episode   : 0.04
DFA transitions in window   : 1->2: 4
epsilons (next episode)      : 1: 0.22296, 2: 0.94457, 3: 1.00000
replay buffer                : 300000 samples [1: 99.2%, 2: 0.8%, 3: 0.0%]
DFA state visits in window   : 1: 67022, 2: 330, 3: 0
DFA state visits cumulative  : 1: 349523, 2: 2774, 3: 0
DFA state entries in window  : 1: 100, 2: 4, 3: 0
DFA state entries cumulative : 1: 1500, 2: 57, 3: 0
transitions cumulative       : 1->2: 57
accepted directly from s0    : 0
Gym endings cumulative       : terminated=1435, truncated=65

[Episode 1600/8000 | last 100]
success rate                : 0.0% (cumulative 0.0%)
synthetic task reward       : 0.000
shaping reward              : 0.000
learning reward             : 0.000
episode length              : 677.5
abstract changes / episode  : 19.6
DFA transitions / episode   : 0.03
DFA transitions in window   : 1->2: 3
epsilons (next episode)      : 1: 0.20173, 2: 0.94174, 3: 1.00000
replay buffer                : 300000 samples [1: 99.4%, 2: 0.6%, 3: 0.0%]
DFA state visits in window   : 1: 67632, 2: 221, 3: 0
DFA state visits cumulative  : 1: 417155, 2: 2995, 3: 0
DFA state entries in window  : 1: 100, 2: 3, 3: 0
DFA state entries cumulative : 1: 1600, 2: 60, 3: 0
transitions cumulative       : 1->2: 60
accepted directly from s0    : 0
Gym endings cumulative       : terminated=1486, truncated=114

[Episode 1700/8000 | last 100]
success rate                : 0.0% (cumulative 0.0%)
synthetic task reward       : 0.000
shaping reward              : 0.000
learning reward             : 0.000
episode length              : 270.5
abstract changes / episode  : 14.7
DFA transitions / episode   : 0.04
DFA transitions in window   : 1->2: 4
epsilons (next episode)      : 1: 0.18253, 2: 0.93797, 3: 1.00000
replay buffer                : 300000 samples [1: 99.3%, 2: 0.7%, 3: 0.0%]
DFA state visits in window   : 1: 27030, 2: 118, 3: 0
DFA state visits cumulative  : 1: 444185, 2: 3113, 3: 0
DFA state entries in window  : 1: 100, 2: 4, 3: 0
DFA state entries cumulative : 1: 1700, 2: 64, 3: 0
transitions cumulative       : 1->2: 64
accepted directly from s0    : 0
Gym endings cumulative       : terminated=1582, truncated=118

[Episode 1800/8000 | last 100]
success rate                : 0.0% (cumulative 0.0%)
synthetic task reward       : 0.000
shaping reward              : 0.000
learning reward             : 0.000
episode length              : 310.0
abstract changes / episode  : 14.7
DFA transitions / episode   : 0.03
DFA transitions in window   : 1->2: 3
epsilons (next episode)      : 1: 0.16515, 2: 0.93516, 3: 1.00000
replay buffer                : 300000 samples [1: 99.5%, 2: 0.5%, 3: 0.0%]
DFA state visits in window   : 1: 31065, 2: 36, 3: 0
DFA state visits cumulative  : 1: 475250, 2: 3149, 3: 0
DFA state entries in window  : 1: 100, 2: 3, 3: 0
DFA state entries cumulative : 1: 1800, 2: 67, 3: 0
transitions cumulative       : 1->2: 67
accepted directly from s0    : 0
Gym endings cumulative       : terminated=1681, truncated=119

[Episode 1900/8000 | last 100]
success rate                : 0.0% (cumulative 0.0%)
synthetic task reward       : 0.000
shaping reward              : 0.000
learning reward             : 0.000
episode length              : 447.2
abstract changes / episode  : 15.6
DFA transitions / episode   : 0.25
DFA transitions in window   : 1->2: 25
epsilons (next episode)      : 1: 0.14943, 2: 0.91206, 3: 1.00000
replay buffer                : 300000 samples [1: 99.1%, 2: 0.9%, 3: 0.0%]
DFA state visits in window   : 1: 43001, 2: 1815, 3: 0
DFA state visits cumulative  : 1: 518251, 2: 4964, 3: 0
DFA state entries in window  : 1: 100, 2: 25, 3: 0
DFA state entries cumulative : 1: 1900, 2: 92, 3: 0
transitions cumulative       : 1->2: 92
accepted directly from s0    : 0
Gym endings cumulative       : terminated=1763, truncated=137

[Episode 2000/8000 | last 100]
success rate                : 0.0% (cumulative 0.0%)
synthetic task reward       : 0.000
shaping reward              : 0.000
learning reward             : 0.000
episode length              : 394.1
abstract changes / episode  : 18.7
DFA transitions / episode   : 0.12
DFA transitions in window   : 1->2: 12
epsilons (next episode)      : 1: 0.13520, 2: 0.90118, 3: 1.00000
replay buffer                : 300000 samples [1: 98.9%, 2: 1.1%, 3: 0.0%]
DFA state visits in window   : 1: 38690, 2: 819, 3: 0
DFA state visits cumulative  : 1: 556941, 2: 5783, 3: 0
DFA state entries in window  : 1: 100, 2: 12, 3: 0
DFA state entries cumulative : 1: 2000, 2: 104, 3: 0
transitions cumulative       : 1->2: 104
accepted directly from s0    : 0
Gym endings cumulative       : terminated=1856, truncated=144

[Episode 2100/8000 | last 100]
success rate                : 0.0% (cumulative 0.0%)
synthetic task reward       : 0.000
shaping reward              : 0.000
learning reward             : 0.000
episode length              : 560.3
abstract changes / episode  : 19.9
DFA transitions / episode   : 0.05
DFA transitions in window   : 1->2: 5
epsilons (next episode)      : 1: 0.12233, 2: 0.89668, 3: 1.00000
replay buffer                : 300000 samples [1: 98.9%, 2: 1.1%, 3: 0.0%]
DFA state visits in window   : 1: 55995, 2: 139, 3: 0
DFA state visits cumulative  : 1: 612936, 2: 5922, 3: 0
DFA state entries in window  : 1: 100, 2: 5, 3: 0
DFA state entries cumulative : 1: 2100, 2: 109, 3: 0
transitions cumulative       : 1->2: 109
accepted directly from s0    : 0
Gym endings cumulative       : terminated=1933, truncated=167

[Episode 2200/8000 | last 100]
success rate                : 0.0% (cumulative 0.0%)
synthetic task reward       : 0.000
shaping reward              : 0.000
learning reward             : 0.000
episode length              : 194.9
abstract changes / episode  : 11.5
DFA transitions / episode   : 0.04
DFA transitions in window   : 1->2: 4
epsilons (next episode)      : 1: 0.11068, 2: 0.89310, 3: 1.00000
replay buffer                : 300000 samples [1: 98.9%, 2: 1.1%, 3: 0.0%]
DFA state visits in window   : 1: 19523, 2: 68, 3: 0
DFA state visits cumulative  : 1: 632459, 2: 5990, 3: 0
DFA state entries in window  : 1: 100, 2: 4, 3: 0
DFA state entries cumulative : 1: 2200, 2: 113, 3: 0
transitions cumulative       : 1->2: 113
accepted directly from s0    : 0
Gym endings cumulative       : terminated=2031, truncated=169

[Episode 2300/8000 | last 100]
success rate                : 0.0% (cumulative 0.0%)
synthetic task reward       : 0.000
shaping reward              : 0.000
learning reward             : 0.000
episode length              : 217.1
abstract changes / episode  : 11.5
DFA transitions / episode   : 0.03
DFA transitions in window   : 1->2: 3
epsilons (next episode)      : 1: 0.10014, 2: 0.89042, 3: 1.00000
replay buffer                : 300000 samples [1: 98.9%, 2: 1.1%, 3: 0.0%]
DFA state visits in window   : 1: 21723, 2: 89, 3: 0
DFA state visits cumulative  : 1: 654182, 2: 6079, 3: 0
DFA state entries in window  : 1: 100, 2: 3, 3: 0
DFA state entries cumulative : 1: 2300, 2: 116, 3: 0
transitions cumulative       : 1->2: 116
accepted directly from s0    : 0
Gym endings cumulative       : terminated=2131, truncated=169

[Episode 2400/8000 | last 100]
success rate                : 0.0% (cumulative 0.0%)
synthetic task reward       : 0.000
shaping reward              : 0.000
learning reward             : 0.000
episode length              : 227.3
abstract changes / episode  : 13.7
DFA transitions / episode   : 0.05
DFA transitions in window   : 1->2: 5
epsilons (next episode)      : 1: 0.09061, 2: 0.88598, 3: 1.00000
replay buffer                : 300000 samples [1: 98.9%, 2: 1.1%, 3: 0.0%]
DFA state visits in window   : 1: 22706, 2: 126, 3: 0
DFA state visits cumulative  : 1: 676888, 2: 6205, 3: 0
DFA state entries in window  : 1: 100, 2: 5, 3: 0
DFA state entries cumulative : 1: 2400, 2: 121, 3: 0
transitions cumulative       : 1->2: 121
accepted directly from s0    : 0
Gym endings cumulative       : terminated=2231, truncated=169

[Episode 2500/8000 | last 100]
success rate                : 0.0% (cumulative 0.0%)
synthetic task reward       : 0.000
shaping reward              : 0.000
learning reward             : 0.000
episode length              : 174.2
abstract changes / episode  : 14.3
DFA transitions / episode   : 0.14
DFA transitions in window   : 1->2: 14
epsilons (next episode)      : 1: 0.08198, 2: 0.87366, 3: 1.00000
replay buffer                : 300000 samples [1: 98.9%, 2: 1.1%, 3: 0.0%]
DFA state visits in window   : 1: 17345, 2: 177, 3: 0
DFA state visits cumulative  : 1: 694233, 2: 6382, 3: 0
DFA state entries in window  : 1: 100, 2: 14, 3: 0
DFA state entries cumulative : 1: 2500, 2: 135, 3: 0
transitions cumulative       : 1->2: 135
accepted directly from s0    : 0
Gym endings cumulative       : terminated=2331, truncated=169

[Episode 2600/8000 | last 100]
success rate                : 0.0% (cumulative 0.0%)
synthetic task reward       : 0.000
shaping reward              : 0.000
learning reward             : 0.000
episode length              : 156.5
abstract changes / episode  : 13.4
DFA transitions / episode   : 0.10
DFA transitions in window   : 1->2: 10
epsilons (next episode)      : 1: 0.08000, 2: 0.86496, 3: 1.00000
replay buffer                : 300000 samples [1: 98.6%, 2: 1.4%, 3: 0.0%]
DFA state visits in window   : 1: 15083, 2: 668, 3: 0
DFA state visits cumulative  : 1: 709316, 2: 7050, 3: 0
DFA state entries in window  : 1: 100, 2: 10, 3: 0
DFA state entries cumulative : 1: 2600, 2: 145, 3: 0
transitions cumulative       : 1->2: 145
accepted directly from s0    : 0
Gym endings cumulative       : terminated=2430, truncated=170

[Episode 2700/8000 | last 100]
success rate                : 0.0% (cumulative 0.0%)
synthetic task reward       : 0.000
shaping reward              : 0.000
learning reward             : 0.000
episode length              : 241.9
abstract changes / episode  : 10.8
DFA transitions / episode   : 0.03
DFA transitions in window   : 1->2: 3
epsilons (next episode)      : 1: 0.08000, 2: 0.86237, 3: 1.00000
replay buffer                : 300000 samples [1: 98.6%, 2: 1.4%, 3: 0.0%]
DFA state visits in window   : 1: 23961, 2: 326, 3: 0
DFA state visits cumulative  : 1: 733277, 2: 7376, 3: 0
DFA state entries in window  : 1: 100, 2: 3, 3: 0
DFA state entries cumulative : 1: 2700, 2: 148, 3: 0
transitions cumulative       : 1->2: 148
accepted directly from s0    : 0
Gym endings cumulative       : terminated=2530, truncated=170

[Episode 2800/8000 | last 100]
success rate                : 0.0% (cumulative 0.0%)
synthetic task reward       : 0.000
shaping reward              : 0.000
learning reward             : 0.000
episode length              : 211.8
abstract changes / episode  : 11.5
DFA transitions / episode   : 0.02
DFA transitions in window   : 1->2: 2
epsilons (next episode)      : 1: 0.08000, 2: 0.86064, 3: 1.00000
replay buffer                : 300000 samples [1: 98.6%, 2: 1.4%, 3: 0.0%]
DFA state visits in window   : 1: 21248, 2: 33, 3: 0
DFA state visits cumulative  : 1: 754525, 2: 7409, 3: 0
DFA state entries in window  : 1: 100, 2: 2, 3: 0
DFA state entries cumulative : 1: 2800, 2: 150, 3: 0
transitions cumulative       : 1->2: 150
accepted directly from s0    : 0
Gym endings cumulative       : terminated=2630, truncated=170

[Episode 2900/8000 | last 100]
success rate                : 0.0% (cumulative 0.0%)
synthetic task reward       : 0.000
shaping reward              : 0.000
learning reward             : 0.000
episode length              : 100.8
abstract changes / episode  : 11.2
DFA transitions / episode   : 0.00
DFA transitions in window   : none
epsilons (next episode)      : 1: 0.08000, 2: 0.86064, 3: 1.00000
replay buffer                : 300000 samples [1: 98.6%, 2: 1.4%, 3: 0.0%]
DFA state visits in window   : 1: 10177, 2: 0, 3: 0
DFA state visits cumulative  : 1: 764702, 2: 7409, 3: 0
DFA state entries in window  : 1: 100, 2: 0, 3: 0
DFA state entries cumulative : 1: 2900, 2: 150, 3: 0
transitions cumulative       : 1->2: 150
accepted directly from s0    : 0
Gym endings cumulative       : terminated=2730, truncated=170

[Episode 3000/8000 | last 100]
success rate                : 0.0% (cumulative 0.0%)
synthetic task reward       : 0.000
shaping reward              : 0.000
learning reward             : 0.000
episode length              : 135.4
abstract changes / episode  : 12.3
DFA transitions / episode   : 0.00
DFA transitions in window   : none
epsilons (next episode)      : 1: 0.08000, 2: 0.86064, 3: 1.00000
replay buffer                : 300000 samples [1: 98.6%, 2: 1.4%, 3: 0.0%]
DFA state visits in window   : 1: 13641, 2: 0, 3: 0
DFA state visits cumulative  : 1: 778343, 2: 7409, 3: 0
DFA state entries in window  : 1: 100, 2: 0, 3: 0
DFA state entries cumulative : 1: 3000, 2: 150, 3: 0
transitions cumulative       : 1->2: 150
accepted directly from s0    : 0
Gym endings cumulative       : terminated=2830, truncated=170

[Episode 3100/8000 | last 100]
success rate                : 0.0% (cumulative 0.0%)
synthetic task reward       : 0.000
shaping reward              : 0.000
learning reward             : 0.000
episode length              : 152.2
abstract changes / episode  : 13.8
DFA transitions / episode   : 0.00
DFA transitions in window   : none
epsilons (next episode)      : 1: 0.08000, 2: 0.86064, 3: 1.00000
replay buffer                : 300000 samples [1: 98.9%, 2: 1.1%, 3: 0.0%]
DFA state visits in window   : 1: 15317, 2: 0, 3: 0
DFA state visits cumulative  : 1: 793660, 2: 7409, 3: 0
DFA state entries in window  : 1: 100, 2: 0, 3: 0
DFA state entries cumulative : 1: 3100, 2: 150, 3: 0
transitions cumulative       : 1->2: 150
accepted directly from s0    : 0
Gym endings cumulative       : terminated=2930, truncated=170

[Episode 3200/8000 | last 100]
success rate                : 0.0% (cumulative 0.0%)
synthetic task reward       : 0.000
shaping reward              : 0.000
learning reward             : 0.000
episode length              : 115.5
abstract changes / episode  : 12.0
DFA transitions / episode   : 0.00
DFA transitions in window   : none
epsilons (next episode)      : 1: 0.08000, 2: 0.86064, 3: 1.00000
replay buffer                : 300000 samples [1: 98.9%, 2: 1.1%, 3: 0.0%]
DFA state visits in window   : 1: 11655, 2: 0, 3: 0
DFA state visits cumulative  : 1: 805315, 2: 7409, 3: 0
DFA state entries in window  : 1: 100, 2: 0, 3: 0
DFA state entries cumulative : 1: 3200, 2: 150, 3: 0
transitions cumulative       : 1->2: 150
accepted directly from s0    : 0
Gym endings cumulative       : terminated=3030, truncated=170

[Episode 3300/8000 | last 100]
success rate                : 0.0% (cumulative 0.0%)
synthetic task reward       : 0.000
shaping reward              : 0.000
learning reward             : 0.000
episode length              : 101.6
abstract changes / episode  : 10.2
DFA transitions / episode   : 0.00
DFA transitions in window   : none
epsilons (next episode)      : 1: 0.08000, 2: 0.86064, 3: 1.00000
replay buffer                : 300000 samples [1: 99.2%, 2: 0.8%, 3: 0.0%]
DFA state visits in window   : 1: 10258, 2: 0, 3: 0
DFA state visits cumulative  : 1: 815573, 2: 7409, 3: 0
DFA state entries in window  : 1: 100, 2: 0, 3: 0
DFA state entries cumulative : 1: 3300, 2: 150, 3: 0
transitions cumulative       : 1->2: 150
accepted directly from s0    : 0
Gym endings cumulative       : terminated=3130, truncated=170

[Episode 3400/8000 | last 100]
success rate                : 0.0% (cumulative 0.0%)
synthetic task reward       : 0.000
shaping reward              : 0.000
learning reward             : 0.000
episode length              : 277.9
abstract changes / episode  : 11.1
DFA transitions / episode   : 0.01
DFA transitions in window   : 1->2: 1
epsilons (next episode)      : 1: 0.08000, 2: 0.85978, 3: 1.00000
replay buffer                : 300000 samples [1: 99.5%, 2: 0.5%, 3: 0.0%]
DFA state visits in window   : 1: 27861, 2: 28, 3: 0
DFA state visits cumulative  : 1: 843434, 2: 7437, 3: 0
DFA state entries in window  : 1: 100, 2: 1, 3: 0
DFA state entries cumulative : 1: 3400, 2: 151, 3: 0
transitions cumulative       : 1->2: 151
accepted directly from s0    : 0
Gym endings cumulative       : terminated=3224, truncated=176

[Episode 3500/8000 | last 100]
success rate                : 0.0% (cumulative 0.0%)
synthetic task reward       : 0.000
shaping reward              : 0.000
learning reward             : 0.000
episode length              : 363.4
abstract changes / episode  : 16.6
DFA transitions / episode   : 0.04
DFA transitions in window   : 1->2: 4
epsilons (next episode)      : 1: 0.08000, 2: 0.85635, 3: 1.00000
replay buffer                : 300000 samples [1: 99.4%, 2: 0.6%, 3: 0.0%]
DFA state visits in window   : 1: 36380, 2: 60, 3: 0
DFA state visits cumulative  : 1: 879814, 2: 7497, 3: 0
DFA state entries in window  : 1: 100, 2: 4, 3: 0
DFA state entries cumulative : 1: 3500, 2: 155, 3: 0
transitions cumulative       : 1->2: 155
accepted directly from s0    : 0
Gym endings cumulative       : terminated=3323, truncated=177

[Episode 3600/8000 | last 100]
success rate                : 0.0% (cumulative 0.0%)
synthetic task reward       : 0.000
shaping reward              : 0.000
learning reward             : 0.000
episode length              : 418.4
abstract changes / episode  : 14.1
DFA transitions / episode   : 0.03
DFA transitions in window   : 1->2: 3
epsilons (next episode)      : 1: 0.08000, 2: 0.85378, 3: 1.00000
replay buffer                : 300000 samples [1: 99.5%, 2: 0.5%, 3: 0.0%]
DFA state visits in window   : 1: 41870, 2: 72, 3: 0
DFA state visits cumulative  : 1: 921684, 2: 7569, 3: 0
DFA state entries in window  : 1: 100, 2: 3, 3: 0
DFA state entries cumulative : 1: 3600, 2: 158, 3: 0
transitions cumulative       : 1->2: 158
accepted directly from s0    : 0
Gym endings cumulative       : terminated=3420, truncated=180

[Episode 3700/8000 | last 100]
success rate                : 0.0% (cumulative 0.0%)
synthetic task reward       : 0.000
shaping reward              : 0.000
learning reward             : 0.000
episode length              : 423.6
abstract changes / episode  : 15.1
DFA transitions / episode   : 0.05
DFA transitions in window   : 1->2: 5
epsilons (next episode)      : 1: 0.08000, 2: 0.84952, 3: 1.00000
replay buffer                : 300000 samples [1: 99.4%, 2: 0.6%, 3: 0.0%]
DFA state visits in window   : 1: 42138, 2: 319, 3: 0
DFA state visits cumulative  : 1: 963822, 2: 7888, 3: 0
DFA state entries in window  : 1: 100, 2: 5, 3: 0
DFA state entries cumulative : 1: 3700, 2: 163, 3: 0
transitions cumulative       : 1->2: 163
accepted directly from s0    : 0
Gym endings cumulative       : terminated=3507, truncated=193

[Episode 3800/8000 | last 100]
success rate                : 0.0% (cumulative 0.0%)
synthetic task reward       : 0.000
shaping reward              : 0.000
learning reward             : 0.000
episode length              : 337.6
abstract changes / episode  : 13.2
DFA transitions / episode   : 0.01
DFA transitions in window   : 1->2: 1
epsilons (next episode)      : 1: 0.08000, 2: 0.84867, 3: 1.00000
replay buffer                : 300000 samples [1: 99.5%, 2: 0.5%, 3: 0.0%]
DFA state visits in window   : 1: 33845, 2: 11, 3: 0
DFA state visits cumulative  : 1: 997667, 2: 7899, 3: 0
DFA state entries in window  : 1: 100, 2: 1, 3: 0
DFA state entries cumulative : 1: 3800, 2: 164, 3: 0
transitions cumulative       : 1->2: 164
accepted directly from s0    : 0
Gym endings cumulative       : terminated=3607, truncated=193

[Episode 3900/8000 | last 100]
success rate                : 0.0% (cumulative 0.0%)
synthetic task reward       : 0.000
shaping reward              : 0.000
learning reward             : 0.000
episode length              : 405.1
abstract changes / episode  : 15.3
DFA transitions / episode   : 0.02
DFA transitions in window   : 1->2: 2
epsilons (next episode)      : 1: 0.08000, 2: 0.84698, 3: 1.00000
replay buffer                : 300000 samples [1: 99.8%, 2: 0.2%, 3: 0.0%]
DFA state visits in window   : 1: 40395, 2: 218, 3: 0
DFA state visits cumulative  : 1: 1038062, 2: 8117, 3: 0
DFA state entries in window  : 1: 100, 2: 2, 3: 0
DFA state entries cumulative : 1: 3900, 2: 166, 3: 0
transitions cumulative       : 1->2: 166
accepted directly from s0    : 0
Gym endings cumulative       : terminated=3706, truncated=194

[Episode 4000/8000 | last 100]
success rate                : 0.0% (cumulative 0.0%)
synthetic task reward       : 0.000
shaping reward              : 0.000
learning reward             : 0.000
episode length              : 257.8
abstract changes / episode  : 14.0
DFA transitions / episode   : 0.06
DFA transitions in window   : 1->2: 6
epsilons (next episode)      : 1: 0.08000, 2: 0.84191, 3: 1.00000
replay buffer                : 300000 samples [1: 99.6%, 2: 0.4%, 3: 0.0%]
DFA state visits in window   : 1: 25325, 2: 558, 3: 0
DFA state visits cumulative  : 1: 1063387, 2: 8675, 3: 0
DFA state entries in window  : 1: 100, 2: 6, 3: 0
DFA state entries cumulative : 1: 4000, 2: 172, 3: 0
transitions cumulative       : 1->2: 172
accepted directly from s0    : 0
Gym endings cumulative       : terminated=3806, truncated=194

[Episode 4100/8000 | last 100]
success rate                : 0.0% (cumulative 0.0%)
synthetic task reward       : 0.000
shaping reward              : 0.000
learning reward             : 0.000
episode length              : 258.7
abstract changes / episode  : 16.9
DFA transitions / episode   : 0.07
DFA transitions in window   : 1->2: 7
epsilons (next episode)      : 1: 0.08000, 2: 0.83603, 3: 1.00000
replay buffer                : 300000 samples [1: 99.4%, 2: 0.6%, 3: 0.0%]
DFA state visits in window   : 1: 25418, 2: 548, 3: 0
DFA state visits cumulative  : 1: 1088805, 2: 9223, 3: 0
DFA state entries in window  : 1: 100, 2: 7, 3: 0
DFA state entries cumulative : 1: 4100, 2: 179, 3: 0
transitions cumulative       : 1->2: 179
accepted directly from s0    : 0
Gym endings cumulative       : terminated=3906, truncated=194

[Episode 4200/8000 | last 100]
success rate                : 0.0% (cumulative 0.0%)
synthetic task reward       : 0.000
shaping reward              : 0.000
learning reward             : 0.000
episode length              : 391.8
abstract changes / episode  : 15.1
DFA transitions / episode   : 0.02
DFA transitions in window   : 1->2: 2
epsilons (next episode)      : 1: 0.08000, 2: 0.83436, 3: 1.00000
replay buffer                : 300000 samples [1: 99.3%, 2: 0.7%, 3: 0.0%]
DFA state visits in window   : 1: 39055, 2: 227, 3: 0
DFA state visits cumulative  : 1: 1127860, 2: 9450, 3: 0
DFA state entries in window  : 1: 100, 2: 2, 3: 0
DFA state entries cumulative : 1: 4200, 2: 181, 3: 0
transitions cumulative       : 1->2: 181
accepted directly from s0    : 0
Gym endings cumulative       : terminated=4002, truncated=198

[Episode 4300/8000 | last 100]
success rate                : 0.0% (cumulative 0.0%)
synthetic task reward       : 0.000
shaping reward              : 0.000
learning reward             : 0.000
episode length              : 273.1
abstract changes / episode  : 12.1
DFA transitions / episode   : 0.01
DFA transitions in window   : 1->2: 1
epsilons (next episode)      : 1: 0.08000, 2: 0.83353, 3: 1.00000
replay buffer                : 300000 samples [1: 99.3%, 2: 0.7%, 3: 0.0%]
DFA state visits in window   : 1: 27395, 2: 12, 3: 0
DFA state visits cumulative  : 1: 1155255, 2: 9462, 3: 0
DFA state entries in window  : 1: 100, 2: 1, 3: 0
DFA state entries cumulative : 1: 4300, 2: 182, 3: 0
transitions cumulative       : 1->2: 182
accepted directly from s0    : 0
Gym endings cumulative       : terminated=4102, truncated=198

[Episode 4400/8000 | last 100]
success rate                : 0.0% (cumulative 0.0%)
synthetic task reward       : 0.000
shaping reward              : 0.000
learning reward             : 0.000
episode length              : 91.7
abstract changes / episode  : 10.2
DFA transitions / episode   : 0.00
DFA transitions in window   : none
epsilons (next episode)      : 1: 0.08000, 2: 0.83353, 3: 1.00000
replay buffer                : 300000 samples [1: 99.3%, 2: 0.7%, 3: 0.0%]
DFA state visits in window   : 1: 9266, 2: 0, 3: 0
DFA state visits cumulative  : 1: 1164521, 2: 9462, 3: 0
DFA state entries in window  : 1: 100, 2: 0, 3: 0
DFA state entries cumulative : 1: 4400, 2: 182, 3: 0
transitions cumulative       : 1->2: 182
accepted directly from s0    : 0
Gym endings cumulative       : terminated=4202, truncated=198

[Episode 4500/8000 | last 100]
success rate                : 0.0% (cumulative 0.0%)
synthetic task reward       : 0.000
shaping reward              : 0.000
learning reward             : 0.000
episode length              : 111.7
abstract changes / episode  : 13.6
DFA transitions / episode   : 0.06
DFA transitions in window   : 1->2: 6
epsilons (next episode)      : 1: 0.08000, 2: 0.82854, 3: 1.00000
replay buffer                : 300000 samples [1: 99.3%, 2: 0.7%, 3: 0.0%]
DFA state visits in window   : 1: 11114, 2: 159, 3: 0
DFA state visits cumulative  : 1: 1175635, 2: 9621, 3: 0
DFA state entries in window  : 1: 100, 2: 6, 3: 0
DFA state entries cumulative : 1: 4500, 2: 188, 3: 0
transitions cumulative       : 1->2: 188
accepted directly from s0    : 0
Gym endings cumulative       : terminated=4302, truncated=198

[Episode 4600/8000 | last 100]
success rate                : 0.0% (cumulative 0.0%)
synthetic task reward       : 0.000
shaping reward              : 0.000
learning reward             : 0.000
episode length              : 125.8
abstract changes / episode  : 13.3
DFA transitions / episode   : 0.05
DFA transitions in window   : 1->2: 5
epsilons (next episode)      : 1: 0.08000, 2: 0.82440, 3: 1.00000
replay buffer                : 300000 samples [1: 99.3%, 2: 0.7%, 3: 0.0%]
DFA state visits in window   : 1: 12544, 2: 137, 3: 0
DFA state visits cumulative  : 1: 1188179, 2: 9758, 3: 0
DFA state entries in window  : 1: 100, 2: 5, 3: 0
DFA state entries cumulative : 1: 4600, 2: 193, 3: 0
transitions cumulative       : 1->2: 193
accepted directly from s0    : 0
Gym endings cumulative       : terminated=4402, truncated=198

[Episode 4700/8000 | last 100]
success rate                : 0.0% (cumulative 0.0%)
synthetic task reward       : 0.000
shaping reward              : 0.000
learning reward             : 0.000
episode length              : 181.2
abstract changes / episode  : 12.8
DFA transitions / episode   : 0.10
DFA transitions in window   : 1->2: 10
epsilons (next episode)      : 1: 0.08000, 2: 0.81620, 3: 1.00000
replay buffer                : 300000 samples [1: 99.2%, 2: 0.8%, 3: 0.0%]
DFA state visits in window   : 1: 17929, 2: 294, 3: 0
DFA state visits cumulative  : 1: 1206108, 2: 10052, 3: 0
DFA state entries in window  : 1: 100, 2: 10, 3: 0
DFA state entries cumulative : 1: 4700, 2: 203, 3: 0
transitions cumulative       : 1->2: 203
accepted directly from s0    : 0
Gym endings cumulative       : terminated=4502, truncated=198

[Episode 4800/8000 | last 100]
success rate                : 0.0% (cumulative 0.0%)
synthetic task reward       : 0.000
shaping reward              : 0.000
learning reward             : 0.000
episode length              : 237.1
abstract changes / episode  : 12.1
DFA transitions / episode   : 0.00
DFA transitions in window   : none
epsilons (next episode)      : 1: 0.08000, 2: 0.81620, 3: 1.00000
replay buffer                : 300000 samples [1: 99.2%, 2: 0.8%, 3: 0.0%]
DFA state visits in window   : 1: 23810, 2: 0, 3: 0
DFA state visits cumulative  : 1: 1229918, 2: 10052, 3: 0
DFA state entries in window  : 1: 100, 2: 0, 3: 0
DFA state entries cumulative : 1: 4800, 2: 203, 3: 0
transitions cumulative       : 1->2: 203
accepted directly from s0    : 0
Gym endings cumulative       : terminated=4602, truncated=198

[Episode 4900/8000 | last 100]
success rate                : 0.0% (cumulative 0.0%)
synthetic task reward       : 0.000
shaping reward              : 0.000
learning reward             : 0.000
episode length              : 304.7
abstract changes / episode  : 11.0
DFA transitions / episode   : 0.00
DFA transitions in window   : none
epsilons (next episode)      : 1: 0.08000, 2: 0.81620, 3: 1.00000
replay buffer                : 300000 samples [1: 99.3%, 2: 0.7%, 3: 0.0%]
DFA state visits in window   : 1: 30566, 2: 0, 3: 0
DFA state visits cumulative  : 1: 1260484, 2: 10052, 3: 0
DFA state entries in window  : 1: 100, 2: 0, 3: 0
DFA state entries cumulative : 1: 4900, 2: 203, 3: 0
transitions cumulative       : 1->2: 203
accepted directly from s0    : 0
Gym endings cumulative       : terminated=4702, truncated=198

[Episode 5000/8000 | last 100]
success rate                : 0.0% (cumulative 0.0%)
synthetic task reward       : 0.000
shaping reward              : 0.000
learning reward             : 0.000
episode length              : 503.9
abstract changes / episode  : 14.3
DFA transitions / episode   : 0.00
DFA transitions in window   : none
epsilons (next episode)      : 1: 0.08000, 2: 0.81620, 3: 1.00000
replay buffer                : 300000 samples [1: 99.3%, 2: 0.7%, 3: 0.0%]
DFA state visits in window   : 1: 50486, 2: 0, 3: 0
DFA state visits cumulative  : 1: 1310970, 2: 10052, 3: 0
DFA state entries in window  : 1: 100, 2: 0, 3: 0
DFA state entries cumulative : 1: 5000, 2: 203, 3: 0
transitions cumulative       : 1->2: 203
accepted directly from s0    : 0
Gym endings cumulative       : terminated=4801, truncated=199

[Episode 5100/8000 | last 100]
success rate                : 0.0% (cumulative 0.0%)
synthetic task reward       : 0.000
shaping reward              : 0.000
learning reward             : 0.000
episode length              : 389.5
abstract changes / episode  : 13.0
DFA transitions / episode   : 0.01
DFA transitions in window   : 1->2: 1
epsilons (next episode)      : 1: 0.08000, 2: 0.81538, 3: 1.00000
replay buffer                : 300000 samples [1: 99.4%, 2: 0.6%, 3: 0.0%]
DFA state visits in window   : 1: 39030, 2: 16, 3: 0
DFA state visits cumulative  : 1: 1350000, 2: 10068, 3: 0
DFA state entries in window  : 1: 100, 2: 1, 3: 0
DFA state entries cumulative : 1: 5100, 2: 204, 3: 0
transitions cumulative       : 1->2: 204
accepted directly from s0    : 0
Gym endings cumulative       : terminated=4899, truncated=201

[Episode 5200/8000 | last 100]
success rate                : 0.0% (cumulative 0.0%)
synthetic task reward       : 0.000
shaping reward              : 0.000
learning reward             : 0.000
episode length              : 299.1
abstract changes / episode  : 15.3
DFA transitions / episode   : 0.15
DFA transitions in window   : 1->2: 15
epsilons (next episode)      : 1: 0.08000, 2: 0.80323, 3: 1.00000
replay buffer                : 300000 samples [1: 99.4%, 2: 0.6%, 3: 0.0%]
DFA state visits in window   : 1: 29374, 2: 641, 3: 0
DFA state visits cumulative  : 1: 1379374, 2: 10709, 3: 0
DFA state entries in window  : 1: 100, 2: 15, 3: 0
DFA state entries cumulative : 1: 5200, 2: 219, 3: 0
transitions cumulative       : 1->2: 219
accepted directly from s0    : 0
Gym endings cumulative       : terminated=4999, truncated=201

[Episode 5300/8000 | last 100]
success rate                : 0.0% (cumulative 0.0%)
synthetic task reward       : 0.000
shaping reward              : 0.000
learning reward             : 0.000
episode length              : 228.3
abstract changes / episode  : 16.1
DFA transitions / episode   : 0.04
DFA transitions in window   : 1->2: 4
epsilons (next episode)      : 1: 0.08000, 2: 0.80003, 3: 1.00000
replay buffer                : 300000 samples [1: 99.5%, 2: 0.5%, 3: 0.0%]
DFA state visits in window   : 1: 22582, 2: 348, 3: 0
DFA state visits cumulative  : 1: 1401956, 2: 11057, 3: 0
DFA state entries in window  : 1: 100, 2: 4, 3: 0
DFA state entries cumulative : 1: 5300, 2: 223, 3: 0
transitions cumulative       : 1->2: 223
accepted directly from s0    : 0
Gym endings cumulative       : terminated=5099, truncated=201

[Episode 5400/8000 | last 100]
success rate                : 0.0% (cumulative 0.0%)
synthetic task reward       : 0.000
shaping reward              : 0.000
learning reward             : 0.000
episode length              : 179.0
abstract changes / episode  : 10.2
DFA transitions / episode   : 0.07
DFA transitions in window   : 1->2: 7
epsilons (next episode)      : 1: 0.08000, 2: 0.79444, 3: 1.00000
replay buffer                : 300000 samples [1: 99.4%, 2: 0.6%, 3: 0.0%]
DFA state visits in window   : 1: 17722, 2: 278, 3: 0
DFA state visits cumulative  : 1: 1419678, 2: 11335, 3: 0
DFA state entries in window  : 1: 100, 2: 7, 3: 0
DFA state entries cumulative : 1: 5400, 2: 230, 3: 0
transitions cumulative       : 1->2: 230
accepted directly from s0    : 0
Gym endings cumulative       : terminated=5199, truncated=201

[Episode 5500/8000 | last 100]
success rate                : 0.0% (cumulative 0.0%)
synthetic task reward       : 0.000
shaping reward              : 0.000
learning reward             : 0.000
episode length              : 195.7
abstract changes / episode  : 11.1
DFA transitions / episode   : 0.04
DFA transitions in window   : 1->2: 4
epsilons (next episode)      : 1: 0.08000, 2: 0.79127, 3: 1.00000
replay buffer                : 300000 samples [1: 99.4%, 2: 0.6%, 3: 0.0%]
DFA state visits in window   : 1: 19583, 2: 91, 3: 0
DFA state visits cumulative  : 1: 1439261, 2: 11426, 3: 0
DFA state entries in window  : 1: 100, 2: 4, 3: 0
DFA state entries cumulative : 1: 5500, 2: 234, 3: 0
transitions cumulative       : 1->2: 234
accepted directly from s0    : 0
Gym endings cumulative       : terminated=5299, truncated=201

[Episode 5600/8000 | last 100]
success rate                : 0.0% (cumulative 0.0%)
synthetic task reward       : 0.000
shaping reward              : 0.000
learning reward             : 0.000
episode length              : 100.0
abstract changes / episode  : 11.2
DFA transitions / episode   : 0.00
DFA transitions in window   : none
epsilons (next episode)      : 1: 0.08000, 2: 0.79127, 3: 1.00000
replay buffer                : 300000 samples [1: 99.4%, 2: 0.6%, 3: 0.0%]
DFA state visits in window   : 1: 10098, 2: 0, 3: 0
DFA state visits cumulative  : 1: 1449359, 2: 11426, 3: 0
DFA state entries in window  : 1: 100, 2: 0, 3: 0
DFA state entries cumulative : 1: 5600, 2: 234, 3: 0
transitions cumulative       : 1->2: 234
accepted directly from s0    : 0
Gym endings cumulative       : terminated=5399, truncated=201

[Episode 5700/8000 | last 100]
success rate                : 0.0% (cumulative 0.0%)
synthetic task reward       : 0.000
shaping reward              : 0.000
learning reward             : 0.000
episode length              : 80.2
abstract changes / episode  : 11.6
DFA transitions / episode   : 0.00
DFA transitions in window   : none
epsilons (next episode)      : 1: 0.08000, 2: 0.79127, 3: 1.00000
replay buffer                : 300000 samples [1: 99.4%, 2: 0.6%, 3: 0.0%]
DFA state visits in window   : 1: 8121, 2: 0, 3: 0
DFA state visits cumulative  : 1: 1457480, 2: 11426, 3: 0
DFA state entries in window  : 1: 100, 2: 0, 3: 0
DFA state entries cumulative : 1: 5700, 2: 234, 3: 0
transitions cumulative       : 1->2: 234
accepted directly from s0    : 0
Gym endings cumulative       : terminated=5499, truncated=201

[Episode 5800/8000 | last 100]
success rate                : 0.0% (cumulative 0.0%)
synthetic task reward       : 0.000
shaping reward              : 0.000
learning reward             : 0.000
episode length              : 72.2
abstract changes / episode  : 11.9
DFA transitions / episode   : 0.00
DFA transitions in window   : none
epsilons (next episode)      : 1: 0.08000, 2: 0.79127, 3: 1.00000
replay buffer                : 300000 samples [1: 99.4%, 2: 0.6%, 3: 0.0%]
DFA state visits in window   : 1: 7324, 2: 0, 3: 0
DFA state visits cumulative  : 1: 1464804, 2: 11426, 3: 0
DFA state entries in window  : 1: 100, 2: 0, 3: 0
DFA state entries cumulative : 1: 5800, 2: 234, 3: 0
transitions cumulative       : 1->2: 234
accepted directly from s0    : 0
Gym endings cumulative       : terminated=5599, truncated=201

[Episode 5900/8000 | last 100]
success rate                : 0.0% (cumulative 0.0%)
synthetic task reward       : 0.000
shaping reward              : 0.000
learning reward             : 0.000
episode length              : 67.1
abstract changes / episode  : 11.9
DFA transitions / episode   : 0.00
DFA transitions in window   : none
epsilons (next episode)      : 1: 0.08000, 2: 0.79127, 3: 1.00000
replay buffer                : 300000 samples [1: 99.4%, 2: 0.6%, 3: 0.0%]
DFA state visits in window   : 1: 6812, 2: 0, 3: 0
DFA state visits cumulative  : 1: 1471616, 2: 11426, 3: 0
DFA state entries in window  : 1: 100, 2: 0, 3: 0
DFA state entries cumulative : 1: 5900, 2: 234, 3: 0
transitions cumulative       : 1->2: 234
accepted directly from s0    : 0
Gym endings cumulative       : terminated=5699, truncated=201

[Episode 6000/8000 | last 100]
success rate                : 0.0% (cumulative 0.0%)
synthetic task reward       : 0.000
shaping reward              : 0.000
learning reward             : 0.000
episode length              : 73.9
abstract changes / episode  : 12.0
DFA transitions / episode   : 0.00
DFA transitions in window   : none
epsilons (next episode)      : 1: 0.08000, 2: 0.79127, 3: 1.00000
replay buffer                : 300000 samples [1: 99.4%, 2: 0.6%, 3: 0.0%]
DFA state visits in window   : 1: 7486, 2: 0, 3: 0
DFA state visits cumulative  : 1: 1479102, 2: 11426, 3: 0
DFA state entries in window  : 1: 100, 2: 0, 3: 0
DFA state entries cumulative : 1: 6000, 2: 234, 3: 0
transitions cumulative       : 1->2: 234
accepted directly from s0    : 0
Gym endings cumulative       : terminated=5799, truncated=201

[Episode 6100/8000 | last 100]
success rate                : 0.0% (cumulative 0.0%)
synthetic task reward       : 0.000
shaping reward              : 0.000
learning reward             : 0.000
episode length              : 79.2
abstract changes / episode  : 12.1
DFA transitions / episode   : 0.00
DFA transitions in window   : none
epsilons (next episode)      : 1: 0.08000, 2: 0.79127, 3: 1.00000
replay buffer                : 300000 samples [1: 99.5%, 2: 0.5%, 3: 0.0%]
DFA state visits in window   : 1: 8019, 2: 0, 3: 0
DFA state visits cumulative  : 1: 1487121, 2: 11426, 3: 0
DFA state entries in window  : 1: 100, 2: 0, 3: 0
DFA state entries cumulative : 1: 6100, 2: 234, 3: 0
transitions cumulative       : 1->2: 234
accepted directly from s0    : 0
Gym endings cumulative       : terminated=5899, truncated=201

[Episode 6200/8000 | last 100]
success rate                : 0.0% (cumulative 0.0%)
synthetic task reward       : 0.000
shaping reward              : 0.000
learning reward             : 0.000
episode length              : 102.8
abstract changes / episode  : 12.2
DFA transitions / episode   : 0.00
DFA transitions in window   : none
epsilons (next episode)      : 1: 0.08000, 2: 0.79127, 3: 1.00000
replay buffer                : 300000 samples [1: 99.5%, 2: 0.5%, 3: 0.0%]
DFA state visits in window   : 1: 10385, 2: 0, 3: 0
DFA state visits cumulative  : 1: 1497506, 2: 11426, 3: 0
DFA state entries in window  : 1: 100, 2: 0, 3: 0
DFA state entries cumulative : 1: 6200, 2: 234, 3: 0
transitions cumulative       : 1->2: 234
accepted directly from s0    : 0
Gym endings cumulative       : terminated=5999, truncated=201

[Episode 6300/8000 | last 100]
success rate                : 0.0% (cumulative 0.0%)
synthetic task reward       : 0.000
shaping reward              : 0.000
learning reward             : 0.000
episode length              : 112.8
abstract changes / episode  : 13.1
DFA transitions / episode   : 0.00
DFA transitions in window   : none
epsilons (next episode)      : 1: 0.08000, 2: 0.79127, 3: 1.00000
replay buffer                : 300000 samples [1: 99.6%, 2: 0.4%, 3: 0.0%]
DFA state visits in window   : 1: 11384, 2: 0, 3: 0
DFA state visits cumulative  : 1: 1508890, 2: 11426, 3: 0
DFA state entries in window  : 1: 100, 2: 0, 3: 0
DFA state entries cumulative : 1: 6300, 2: 234, 3: 0
transitions cumulative       : 1->2: 234
accepted directly from s0    : 0
Gym endings cumulative       : terminated=6099, truncated=201

[Episode 6400/8000 | last 100]
success rate                : 0.0% (cumulative 0.0%)
synthetic task reward       : 0.000
shaping reward              : 0.000
learning reward             : 0.000
episode length              : 87.8
abstract changes / episode  : 12.6
DFA transitions / episode   : 0.00
DFA transitions in window   : none
epsilons (next episode)      : 1: 0.08000, 2: 0.79127, 3: 1.00000
replay buffer                : 300000 samples [1: 99.6%, 2: 0.4%, 3: 0.0%]
DFA state visits in window   : 1: 8885, 2: 0, 3: 0
DFA state visits cumulative  : 1: 1517775, 2: 11426, 3: 0
DFA state entries in window  : 1: 100, 2: 0, 3: 0
DFA state entries cumulative : 1: 6400, 2: 234, 3: 0
transitions cumulative       : 1->2: 234
accepted directly from s0    : 0
Gym endings cumulative       : terminated=6199, truncated=201

[Episode 6500/8000 | last 100]
success rate                : 0.0% (cumulative 0.0%)
synthetic task reward       : 0.000
shaping reward              : 0.000
learning reward             : 0.000
episode length              : 81.3
abstract changes / episode  : 12.4
DFA transitions / episode   : 0.00
DFA transitions in window   : none
epsilons (next episode)      : 1: 0.08000, 2: 0.79127, 3: 1.00000
replay buffer                : 300000 samples [1: 99.6%, 2: 0.4%, 3: 0.0%]
DFA state visits in window   : 1: 8227, 2: 0, 3: 0
DFA state visits cumulative  : 1: 1526002, 2: 11426, 3: 0
DFA state entries in window  : 1: 100, 2: 0, 3: 0
DFA state entries cumulative : 1: 6500, 2: 234, 3: 0
transitions cumulative       : 1->2: 234
accepted directly from s0    : 0
Gym endings cumulative       : terminated=6299, truncated=201

[Episode 6600/8000 | last 100]
success rate                : 0.0% (cumulative 0.0%)
synthetic task reward       : 0.000
shaping reward              : 0.000
learning reward             : 0.000
episode length              : 98.3
abstract changes / episode  : 9.7
DFA transitions / episode   : 0.01
DFA transitions in window   : 1->2: 1
epsilons (next episode)      : 1: 0.08000, 2: 0.79048, 3: 1.00000
replay buffer                : 300000 samples [1: 99.5%, 2: 0.5%, 3: 0.0%]
DFA state visits in window   : 1: 9893, 2: 33, 3: 0
DFA state visits cumulative  : 1: 1535895, 2: 11459, 3: 0
DFA state entries in window  : 1: 100, 2: 1, 3: 0
DFA state entries cumulative : 1: 6600, 2: 235, 3: 0
transitions cumulative       : 1->2: 235
accepted directly from s0    : 0
Gym endings cumulative       : terminated=6399, truncated=201

[Episode 6700/8000 | last 100]
success rate                : 0.0% (cumulative 0.0%)
synthetic task reward       : 0.000
shaping reward              : 0.000
learning reward             : 0.000
episode length              : 111.2
abstract changes / episode  : 9.9
DFA transitions / episode   : 0.05
DFA transitions in window   : 1->2: 5
epsilons (next episode)      : 1: 0.08000, 2: 0.78653, 3: 1.00000
replay buffer                : 300000 samples [1: 99.5%, 2: 0.5%, 3: 0.0%]
DFA state visits in window   : 1: 11139, 2: 82, 3: 0
DFA state visits cumulative  : 1: 1547034, 2: 11541, 3: 0
DFA state entries in window  : 1: 100, 2: 5, 3: 0
DFA state entries cumulative : 1: 6700, 2: 240, 3: 0
transitions cumulative       : 1->2: 240
accepted directly from s0    : 0
Gym endings cumulative       : terminated=6499, truncated=201

[Episode 6800/8000 | last 100]
success rate                : 0.0% (cumulative 0.0%)
synthetic task reward       : 0.000
shaping reward              : 0.000
learning reward             : 0.000
episode length              : 92.3
abstract changes / episode  : 10.6
DFA transitions / episode   : 0.12
DFA transitions in window   : 1->2: 12
epsilons (next episode)      : 1: 0.08000, 2: 0.77715, 3: 1.00000
replay buffer                : 300000 samples [1: 99.5%, 2: 0.5%, 3: 0.0%]
DFA state visits in window   : 1: 9175, 2: 151, 3: 0
DFA state visits cumulative  : 1: 1556209, 2: 11692, 3: 0
DFA state entries in window  : 1: 100, 2: 12, 3: 0
DFA state entries cumulative : 1: 6800, 2: 252, 3: 0
transitions cumulative       : 1->2: 252
accepted directly from s0    : 0
Gym endings cumulative       : terminated=6599, truncated=201

[Episode 6900/8000 | last 100]
success rate                : 0.0% (cumulative 0.0%)
synthetic task reward       : 0.000
shaping reward              : 0.000
learning reward             : 0.000
episode length              : 105.0
abstract changes / episode  : 9.6
DFA transitions / episode   : 0.05
DFA transitions in window   : 1->2: 5
epsilons (next episode)      : 1: 0.08000, 2: 0.77327, 3: 1.00000
replay buffer                : 300000 samples [1: 99.5%, 2: 0.5%, 3: 0.0%]
DFA state visits in window   : 1: 10547, 2: 56, 3: 0
DFA state visits cumulative  : 1: 1566756, 2: 11748, 3: 0
DFA state entries in window  : 1: 100, 2: 5, 3: 0
DFA state entries cumulative : 1: 6900, 2: 257, 3: 0
transitions cumulative       : 1->2: 257
accepted directly from s0    : 0
Gym endings cumulative       : terminated=6699, truncated=201

[Episode 7000/8000 | last 100]
success rate                : 0.0% (cumulative 0.0%)
synthetic task reward       : 0.000
shaping reward              : 0.000
learning reward             : 0.000
episode length              : 180.0
abstract changes / episode  : 9.5
DFA transitions / episode   : 0.00
DFA transitions in window   : none
epsilons (next episode)      : 1: 0.08000, 2: 0.77327, 3: 1.00000
replay buffer                : 300000 samples [1: 99.5%, 2: 0.5%, 3: 0.0%]
DFA state visits in window   : 1: 18096, 2: 0, 3: 0
DFA state visits cumulative  : 1: 1584852, 2: 11748, 3: 0
DFA state entries in window  : 1: 100, 2: 0, 3: 0
DFA state entries cumulative : 1: 7000, 2: 257, 3: 0
transitions cumulative       : 1->2: 257
accepted directly from s0    : 0
Gym endings cumulative       : terminated=6799, truncated=201

[Episode 7100/8000 | last 100]
success rate                : 0.0% (cumulative 0.0%)
synthetic task reward       : 0.000
shaping reward              : 0.000
learning reward             : 0.000
episode length              : 179.0
abstract changes / episode  : 9.3
DFA transitions / episode   : 0.01
DFA transitions in window   : 1->2: 1
epsilons (next episode)      : 1: 0.08000, 2: 0.77250, 3: 1.00000
replay buffer                : 300000 samples [1: 99.4%, 2: 0.6%, 3: 0.0%]
DFA state visits in window   : 1: 17994, 2: 10, 3: 0
DFA state visits cumulative  : 1: 1602846, 2: 11758, 3: 0
DFA state entries in window  : 1: 100, 2: 1, 3: 0
DFA state entries cumulative : 1: 7100, 2: 258, 3: 0
transitions cumulative       : 1->2: 258
accepted directly from s0    : 0
Gym endings cumulative       : terminated=6899, truncated=201

[Episode 7200/8000 | last 100]
success rate                : 0.0% (cumulative 0.0%)
synthetic task reward       : 0.000
shaping reward              : 0.000
learning reward             : 0.000
episode length              : 120.0
abstract changes / episode  : 7.2
DFA transitions / episode   : 0.01
DFA transitions in window   : 1->2: 1
epsilons (next episode)      : 1: 0.08000, 2: 0.77172, 3: 1.00000
replay buffer                : 300000 samples [1: 99.4%, 2: 0.6%, 3: 0.0%]
DFA state visits in window   : 1: 12085, 2: 16, 3: 0
DFA state visits cumulative  : 1: 1614931, 2: 11774, 3: 0
DFA state entries in window  : 1: 100, 2: 1, 3: 0
DFA state entries cumulative : 1: 7200, 2: 259, 3: 0
transitions cumulative       : 1->2: 259
accepted directly from s0    : 0
Gym endings cumulative       : terminated=6999, truncated=201

[Episode 7300/8000 | last 100]
success rate                : 0.0% (cumulative 0.0%)
synthetic task reward       : 0.000
shaping reward              : 0.000
learning reward             : 0.000
episode length              : 158.1
abstract changes / episode  : 9.4
DFA transitions / episode   : 0.02
DFA transitions in window   : 1->2: 2
epsilons (next episode)      : 1: 0.08000, 2: 0.77018, 3: 1.00000
replay buffer                : 300000 samples [1: 99.4%, 2: 0.6%, 3: 0.0%]
DFA state visits in window   : 1: 15889, 2: 22, 3: 0
DFA state visits cumulative  : 1: 1630820, 2: 11796, 3: 0
DFA state entries in window  : 1: 100, 2: 2, 3: 0
DFA state entries cumulative : 1: 7300, 2: 261, 3: 0
transitions cumulative       : 1->2: 261
accepted directly from s0    : 0
Gym endings cumulative       : terminated=7099, truncated=201

[Episode 7400/8000 | last 100]
success rate                : 0.0% (cumulative 0.0%)
synthetic task reward       : 0.000
shaping reward              : 0.000
learning reward             : 0.000
episode length              : 126.0
abstract changes / episode  : 7.5
DFA transitions / episode   : 0.01
DFA transitions in window   : 1->2: 1
epsilons (next episode)      : 1: 0.08000, 2: 0.76941, 3: 1.00000
replay buffer                : 300000 samples [1: 99.4%, 2: 0.6%, 3: 0.0%]
DFA state visits in window   : 1: 12683, 2: 21, 3: 0
DFA state visits cumulative  : 1: 1643503, 2: 11817, 3: 0
DFA state entries in window  : 1: 100, 2: 1, 3: 0
DFA state entries cumulative : 1: 7400, 2: 262, 3: 0
transitions cumulative       : 1->2: 262
accepted directly from s0    : 0
Gym endings cumulative       : terminated=7199, truncated=201

[Episode 7500/8000 | last 100]
success rate                : 0.0% (cumulative 0.0%)
synthetic task reward       : 0.000
shaping reward              : 0.000
learning reward             : 0.000
episode length              : 122.3
abstract changes / episode  : 6.9
DFA transitions / episode   : 0.00
DFA transitions in window   : none
epsilons (next episode)      : 1: 0.08000, 2: 0.76941, 3: 1.00000
replay buffer                : 300000 samples [1: 99.4%, 2: 0.6%, 3: 0.0%]
DFA state visits in window   : 1: 12328, 2: 0, 3: 0
DFA state visits cumulative  : 1: 1655831, 2: 11817, 3: 0
DFA state entries in window  : 1: 100, 2: 0, 3: 0
DFA state entries cumulative : 1: 7500, 2: 262, 3: 0
transitions cumulative       : 1->2: 262
accepted directly from s0    : 0
Gym endings cumulative       : terminated=7299, truncated=201

[Episode 7600/8000 | last 100]
success rate                : 0.0% (cumulative 0.0%)
synthetic task reward       : 0.000
shaping reward              : 0.000
learning reward             : 0.000
episode length              : 126.6
abstract changes / episode  : 7.5
DFA transitions / episode   : 0.00
DFA transitions in window   : none
epsilons (next episode)      : 1: 0.08000, 2: 0.76941, 3: 1.00000
replay buffer                : 300000 samples [1: 99.5%, 2: 0.5%, 3: 0.0%]
DFA state visits in window   : 1: 12760, 2: 0, 3: 0
DFA state visits cumulative  : 1: 1668591, 2: 11817, 3: 0
DFA state entries in window  : 1: 100, 2: 0, 3: 0
DFA state entries cumulative : 1: 7600, 2: 262, 3: 0
transitions cumulative       : 1->2: 262
accepted directly from s0    : 0
Gym endings cumulative       : terminated=7399, truncated=201

[Episode 7700/8000 | last 100]
success rate                : 0.0% (cumulative 0.0%)
synthetic task reward       : 0.000
shaping reward              : 0.000
learning reward             : 0.000
episode length              : 141.1
abstract changes / episode  : 8.2
DFA transitions / episode   : 0.00
DFA transitions in window   : none
epsilons (next episode)      : 1: 0.08000, 2: 0.76941, 3: 1.00000
replay buffer                : 300000 samples [1: 99.6%, 2: 0.4%, 3: 0.0%]
DFA state visits in window   : 1: 14213, 2: 0, 3: 0
DFA state visits cumulative  : 1: 1682804, 2: 11817, 3: 0
DFA state entries in window  : 1: 100, 2: 0, 3: 0
DFA state entries cumulative : 1: 7700, 2: 262, 3: 0
transitions cumulative       : 1->2: 262
accepted directly from s0    : 0
Gym endings cumulative       : terminated=7499, truncated=201

[Episode 7800/8000 | last 100]
success rate                : 0.0% (cumulative 0.0%)
synthetic task reward       : 0.000
shaping reward              : 0.000
learning reward             : 0.000
episode length              : 128.3
abstract changes / episode  : 7.8
DFA transitions / episode   : 0.02
DFA transitions in window   : 1->2: 2
epsilons (next episode)      : 1: 0.08000, 2: 0.76787, 3: 1.00000
replay buffer                : 300000 samples [1: 99.5%, 2: 0.5%, 3: 0.0%]
DFA state visits in window   : 1: 12632, 2: 301, 3: 0
DFA state visits cumulative  : 1: 1695436, 2: 12118, 3: 0
DFA state entries in window  : 1: 100, 2: 2, 3: 0
DFA state entries cumulative : 1: 7800, 2: 264, 3: 0
transitions cumulative       : 1->2: 264
accepted directly from s0    : 0
Gym endings cumulative       : terminated=7599, truncated=201

[Episode 7900/8000 | last 100]
success rate                : 0.0% (cumulative 0.0%)
synthetic task reward       : 0.000
shaping reward              : 0.000
learning reward             : 0.000
episode length              : 139.8
abstract changes / episode  : 10.4
DFA transitions / episode   : 0.03
DFA transitions in window   : 1->2: 3
epsilons (next episode)      : 1: 0.08000, 2: 0.76557, 3: 1.00000
replay buffer                : 300000 samples [1: 99.7%, 2: 0.3%, 3: 0.0%]
DFA state visits in window   : 1: 14026, 2: 52, 3: 0
DFA state visits cumulative  : 1: 1709462, 2: 12170, 3: 0
DFA state entries in window  : 1: 100, 2: 3, 3: 0
DFA state entries cumulative : 1: 7900, 2: 267, 3: 0
transitions cumulative       : 1->2: 267
accepted directly from s0    : 0
Gym endings cumulative       : terminated=7699, truncated=201

[Episode 8000/8000 | last 100]
success rate                : 0.0% (cumulative 0.0%)
synthetic task reward       : 0.000
shaping reward              : 0.000
learning reward             : 0.000
episode length              : 116.0
abstract changes / episode  : 12.3
DFA transitions / episode   : 0.04
DFA transitions in window   : 1->2: 4
epsilons (next episode)      : 1: 0.08000, 2: 0.76251, 3: 1.00000
replay buffer                : 300000 samples [1: 99.6%, 2: 0.4%, 3: 0.0%]
DFA state visits in window   : 1: 11368, 2: 329, 3: 0
DFA state visits cumulative  : 1: 1720830, 2: 12499, 3: 0
DFA state entries in window  : 1: 100, 2: 4, 3: 0
DFA state entries cumulative : 1: 8000, 2: 271, 3: 0
transitions cumulative       : 1->2: 271
accepted directly from s0    : 0
Gym endings cumulative       : terminated=7799, truncated=201
Last policy saved after episode 8000. Best policy: episode 1, mean learning reward=0.000
