
=== NEW MULTI-EPSILON RUN ===
episodes=8000, shaping=False, K=1.0, goal_reward=10000.0, gamma=0.99
training_shaping_gamma=True, shaping_formula=K*(gamma*Phi(next)-Phi(state))
network=Classic DDQN, output_heads=1
epsilon_strategy=visited
epsilon_min=0.08, epsilon_unlock_threshold=0.081
inter_level_shaping=False, inter_level_K=0.0
formula=F(wp1 & X(F(g1)))
waypoints={'wp1': (1, 8), 'g1': (8, 8)}
dfa_states=[1, 2, 3], pre_trace=1, accepting=[3]

[Episode 1/8000 | last 1]
success rate                : 0.0% (cumulative 0.0%)
synthetic task reward       : 0.000
shaping reward              : 0.000
learning reward             : 0.000
episode length              : 123.0
abstract changes / episode  : 14.0
DFA transitions / episode   : 0.00
DFA transitions in window   : none
epsilons (next episode)      : 1: 0.99900, 2: 1.00000, 3: 1.00000
replay buffer                : 123 samples [1: 100.0%, 2: 0.0%, 3: 0.0%]
DFA state visits in window   : 1: 124, 2: 0, 3: 0
DFA state visits cumulative  : 1: 124, 2: 0, 3: 0
DFA state entries in window  : 1: 1, 2: 0, 3: 0
DFA state entries cumulative : 1: 1, 2: 0, 3: 0
transitions cumulative       : none
accepted directly from s0    : 0
Gym endings cumulative       : terminated=1, truncated=0
Best policy updated at episode 1: mean learning reward=0.000

[Episode 100/8000 | last 100]
success rate                : 0.0% (cumulative 0.0%)
synthetic task reward       : 0.000
shaping reward              : 0.000
learning reward             : 0.000
episode length              : 93.1
abstract changes / episode  : 12.8
DFA transitions / episode   : 0.02
DFA transitions in window   : 1->2: 2
epsilons (next episode)      : 1: 0.90479, 2: 0.99800, 3: 1.00000
replay buffer                : 9314 samples [1: 99.5%, 2: 0.5%, 3: 0.0%]
DFA state visits in window   : 1: 9365, 2: 49, 3: 0
DFA state visits cumulative  : 1: 9365, 2: 49, 3: 0
DFA state entries in window  : 1: 100, 2: 2, 3: 0
DFA state entries cumulative : 1: 100, 2: 2, 3: 0
transitions cumulative       : 1->2: 2
accepted directly from s0    : 0
Gym endings cumulative       : terminated=100, truncated=0

[Episode 200/8000 | last 100]
success rate                : 0.0% (cumulative 0.0%)
synthetic task reward       : 0.000
shaping reward              : 0.000
learning reward             : 0.000
episode length              : 92.0
abstract changes / episode  : 12.9
DFA transitions / episode   : 0.00
DFA transitions in window   : none
epsilons (next episode)      : 1: 0.81865, 2: 0.99800, 3: 1.00000
replay buffer                : 18509 samples [1: 99.7%, 2: 0.3%, 3: 0.0%]
DFA state visits in window   : 1: 9295, 2: 0, 3: 0
DFA state visits cumulative  : 1: 18660, 2: 49, 3: 0
DFA state entries in window  : 1: 100, 2: 0, 3: 0
DFA state entries cumulative : 1: 200, 2: 2, 3: 0
transitions cumulative       : 1->2: 2
accepted directly from s0    : 0
Gym endings cumulative       : terminated=200, truncated=0

[Episode 300/8000 | last 100]
success rate                : 0.0% (cumulative 0.0%)
synthetic task reward       : 0.000
shaping reward              : 0.000
learning reward             : 0.000
episode length              : 104.1
abstract changes / episode  : 13.5
DFA transitions / episode   : 0.01
DFA transitions in window   : 1->2: 1
epsilons (next episode)      : 1: 0.74071, 2: 0.99700, 3: 1.00000
replay buffer                : 28916 samples [1: 99.7%, 2: 0.3%, 3: 0.0%]
DFA state visits in window   : 1: 10460, 2: 47, 3: 0
DFA state visits cumulative  : 1: 29120, 2: 96, 3: 0
DFA state entries in window  : 1: 100, 2: 1, 3: 0
DFA state entries cumulative : 1: 300, 2: 3, 3: 0
transitions cumulative       : 1->2: 3
accepted directly from s0    : 0
Gym endings cumulative       : terminated=300, truncated=0

[Episode 400/8000 | last 100]
success rate                : 0.0% (cumulative 0.0%)
synthetic task reward       : 0.000
shaping reward              : 0.000
learning reward             : 0.000
episode length              : 126.0
abstract changes / episode  : 13.2
DFA transitions / episode   : 0.03
DFA transitions in window   : 1->2: 3
epsilons (next episode)      : 1: 0.67019, 2: 0.99401, 3: 1.00000
replay buffer                : 41521 samples [1: 99.5%, 2: 0.5%, 3: 0.0%]
DFA state visits in window   : 1: 12592, 2: 113, 3: 0
DFA state visits cumulative  : 1: 41712, 2: 209, 3: 0
DFA state entries in window  : 1: 100, 2: 3, 3: 0
DFA state entries cumulative : 1: 400, 2: 6, 3: 0
transitions cumulative       : 1->2: 6
accepted directly from s0    : 0
Gym endings cumulative       : terminated=400, truncated=0

[Episode 500/8000 | last 100]
success rate                : 0.0% (cumulative 0.0%)
synthetic task reward       : 0.000
shaping reward              : 0.000
learning reward             : 0.000
episode length              : 143.7
abstract changes / episode  : 13.5
DFA transitions / episode   : 0.03
DFA transitions in window   : 1->2: 3
epsilons (next episode)      : 1: 0.60638, 2: 0.99104, 3: 1.00000
replay buffer                : 55892 samples [1: 99.4%, 2: 0.6%, 3: 0.0%]
DFA state visits in window   : 1: 14359, 2: 112, 3: 0
DFA state visits cumulative  : 1: 56071, 2: 321, 3: 0
DFA state entries in window  : 1: 100, 2: 3, 3: 0
DFA state entries cumulative : 1: 500, 2: 9, 3: 0
transitions cumulative       : 1->2: 9
accepted directly from s0    : 0
Gym endings cumulative       : terminated=500, truncated=0

[Episode 600/8000 | last 100]
success rate                : 0.0% (cumulative 0.0%)
synthetic task reward       : 0.000
shaping reward              : 0.000
learning reward             : 0.000
episode length              : 143.0
abstract changes / episode  : 12.7
DFA transitions / episode   : 0.01
DFA transitions in window   : 1->2: 1
epsilons (next episode)      : 1: 0.54865, 2: 0.99004, 3: 1.00000
replay buffer                : 70190 samples [1: 99.5%, 2: 0.5%, 3: 0.0%]
DFA state visits in window   : 1: 14346, 2: 52, 3: 0
DFA state visits cumulative  : 1: 70417, 2: 373, 3: 0
DFA state entries in window  : 1: 100, 2: 1, 3: 0
DFA state entries cumulative : 1: 600, 2: 10, 3: 0
transitions cumulative       : 1->2: 10
accepted directly from s0    : 0
Gym endings cumulative       : terminated=600, truncated=0

[Episode 700/8000 | last 100]
success rate                : 0.0% (cumulative 0.0%)
synthetic task reward       : 0.000
shaping reward              : 0.000
learning reward             : 0.000
episode length              : 203.9
abstract changes / episode  : 13.4
DFA transitions / episode   : 0.04
DFA transitions in window   : 1->2: 4
epsilons (next episode)      : 1: 0.49641, 2: 0.98609, 3: 1.00000
replay buffer                : 90578 samples [1: 99.4%, 2: 0.6%, 3: 0.0%]
DFA state visits in window   : 1: 20336, 2: 152, 3: 0
DFA state visits cumulative  : 1: 90753, 2: 525, 3: 0
DFA state entries in window  : 1: 100, 2: 4, 3: 0
DFA state entries cumulative : 1: 700, 2: 14, 3: 0
transitions cumulative       : 1->2: 14
accepted directly from s0    : 0
Gym endings cumulative       : terminated=699, truncated=1

[Episode 800/8000 | last 100]
success rate                : 0.0% (cumulative 0.0%)
synthetic task reward       : 0.000
shaping reward              : 0.000
learning reward             : 0.000
episode length              : 257.1
abstract changes / episode  : 16.2
DFA transitions / episode   : 0.02
DFA transitions in window   : 1->2: 2
epsilons (next episode)      : 1: 0.44915, 2: 0.98412, 3: 1.00000
replay buffer                : 116283 samples [1: 99.5%, 2: 0.5%, 3: 0.0%]
DFA state visits in window   : 1: 25688, 2: 117, 3: 0
DFA state visits cumulative  : 1: 116441, 2: 642, 3: 0
DFA state entries in window  : 1: 100, 2: 2, 3: 0
DFA state entries cumulative : 1: 800, 2: 16, 3: 0
transitions cumulative       : 1->2: 16
accepted directly from s0    : 0
Gym endings cumulative       : terminated=798, truncated=2

[Episode 900/8000 | last 100]
success rate                : 0.0% (cumulative 0.0%)
synthetic task reward       : 0.000
shaping reward              : 0.000
learning reward             : 0.000
episode length              : 208.9
abstract changes / episode  : 16.0
DFA transitions / episode   : 0.00
DFA transitions in window   : none
epsilons (next episode)      : 1: 0.40639, 2: 0.98412, 3: 1.00000
replay buffer                : 137177 samples [1: 99.5%, 2: 0.5%, 3: 0.0%]
DFA state visits in window   : 1: 20994, 2: 0, 3: 0
DFA state visits cumulative  : 1: 137435, 2: 642, 3: 0
DFA state entries in window  : 1: 100, 2: 0, 3: 0
DFA state entries cumulative : 1: 900, 2: 16, 3: 0
transitions cumulative       : 1->2: 16
accepted directly from s0    : 0
Gym endings cumulative       : terminated=897, truncated=3

[Episode 1000/8000 | last 100]
success rate                : 0.0% (cumulative 0.0%)
synthetic task reward       : 0.000
shaping reward              : 0.000
learning reward             : 0.000
episode length              : 230.8
abstract changes / episode  : 15.6
DFA transitions / episode   : 0.00
DFA transitions in window   : none
epsilons (next episode)      : 1: 0.36770, 2: 0.98412, 3: 1.00000
replay buffer                : 160256 samples [1: 99.6%, 2: 0.4%, 3: 0.0%]
DFA state visits in window   : 1: 23179, 2: 0, 3: 0
DFA state visits cumulative  : 1: 160614, 2: 642, 3: 0
DFA state entries in window  : 1: 100, 2: 0, 3: 0
DFA state entries cumulative : 1: 1000, 2: 16, 3: 0
transitions cumulative       : 1->2: 16
accepted directly from s0    : 0
Gym endings cumulative       : terminated=996, truncated=4

[Episode 1100/8000 | last 100]
success rate                : 0.0% (cumulative 0.0%)
synthetic task reward       : 0.000
shaping reward              : 0.000
learning reward             : 0.000
episode length              : 357.0
abstract changes / episode  : 19.1
DFA transitions / episode   : 0.04
DFA transitions in window   : 1->2: 4
epsilons (next episode)      : 1: 0.33269, 2: 0.98019, 3: 1.00000
replay buffer                : 195958 samples [1: 99.6%, 2: 0.4%, 3: 0.0%]
DFA state visits in window   : 1: 35618, 2: 184, 3: 0
DFA state visits cumulative  : 1: 196232, 2: 826, 3: 0
DFA state entries in window  : 1: 100, 2: 4, 3: 0
DFA state entries cumulative : 1: 1100, 2: 20, 3: 0
transitions cumulative       : 1->2: 20
accepted directly from s0    : 0
Gym endings cumulative       : terminated=1090, truncated=10

[Episode 1200/8000 | last 100]
success rate                : 0.0% (cumulative 0.0%)
synthetic task reward       : 0.000
shaping reward              : 0.000
learning reward             : 0.000
episode length              : 375.3
abstract changes / episode  : 19.8
DFA transitions / episode   : 0.03
DFA transitions in window   : 1->2: 3
epsilons (next episode)      : 1: 0.30101, 2: 0.97725, 3: 1.00000
replay buffer                : 233489 samples [1: 99.6%, 2: 0.4%, 3: 0.0%]
DFA state visits in window   : 1: 37524, 2: 107, 3: 0
DFA state visits cumulative  : 1: 233756, 2: 933, 3: 0
DFA state entries in window  : 1: 100, 2: 3, 3: 0
DFA state entries cumulative : 1: 1200, 2: 23, 3: 0
transitions cumulative       : 1->2: 23
accepted directly from s0    : 0
Gym endings cumulative       : terminated=1176, truncated=24

[Episode 1300/8000 | last 100]
success rate                : 0.0% (cumulative 0.0%)
synthetic task reward       : 0.000
shaping reward              : 0.000
learning reward             : 0.000
episode length              : 430.8
abstract changes / episode  : 17.4
DFA transitions / episode   : 0.05
DFA transitions in window   : 1->2: 5
epsilons (next episode)      : 1: 0.27235, 2: 0.97237, 3: 1.00000
replay buffer                : 276567 samples [1: 99.6%, 2: 0.4%, 3: 0.0%]
DFA state visits in window   : 1: 42859, 2: 319, 3: 0
DFA state visits cumulative  : 1: 276615, 2: 1252, 3: 0
DFA state entries in window  : 1: 100, 2: 5, 3: 0
DFA state entries cumulative : 1: 1300, 2: 28, 3: 0
transitions cumulative       : 1->2: 28
accepted directly from s0    : 0
Gym endings cumulative       : terminated=1261, truncated=39

[Episode 1400/8000 | last 100]
success rate                : 0.0% (cumulative 0.0%)
synthetic task reward       : 0.000
shaping reward              : 0.000
learning reward             : 0.000
episode length              : 231.2
abstract changes / episode  : 16.5
DFA transitions / episode   : 0.01
DFA transitions in window   : 1->2: 1
epsilons (next episode)      : 1: 0.24642, 2: 0.97140, 3: 1.00000
replay buffer                : 299684 samples [1: 99.6%, 2: 0.4%, 3: 0.0%]
DFA state visits in window   : 1: 23162, 2: 55, 3: 0
DFA state visits cumulative  : 1: 299777, 2: 1307, 3: 0
DFA state entries in window  : 1: 100, 2: 1, 3: 0
DFA state entries cumulative : 1: 1400, 2: 29, 3: 0
transitions cumulative       : 1->2: 29
accepted directly from s0    : 0
Gym endings cumulative       : terminated=1361, truncated=39

[Episode 1500/8000 | last 100]
success rate                : 0.0% (cumulative 0.0%)
synthetic task reward       : 0.000
shaping reward              : 0.000
learning reward             : 0.000
episode length              : 207.9
abstract changes / episode  : 14.7
DFA transitions / episode   : 0.03
DFA transitions in window   : 1->2: 3
epsilons (next episode)      : 1: 0.22296, 2: 0.96849, 3: 1.00000
replay buffer                : 300000 samples [1: 99.5%, 2: 0.5%, 3: 0.0%]
DFA state visits in window   : 1: 20756, 2: 137, 3: 0
DFA state visits cumulative  : 1: 320533, 2: 1444, 3: 0
DFA state entries in window  : 1: 100, 2: 3, 3: 0
DFA state entries cumulative : 1: 1500, 2: 32, 3: 0
transitions cumulative       : 1->2: 32
accepted directly from s0    : 0
Gym endings cumulative       : terminated=1457, truncated=43

[Episode 1600/8000 | last 100]
success rate                : 0.0% (cumulative 0.0%)
synthetic task reward       : 0.000
shaping reward              : 0.000
learning reward             : 0.000
episode length              : 303.1
abstract changes / episode  : 13.7
DFA transitions / episode   : 0.03
DFA transitions in window   : 1->2: 3
epsilons (next episode)      : 1: 0.20173, 2: 0.96559, 3: 1.00000
replay buffer                : 300000 samples [1: 99.6%, 2: 0.4%, 3: 0.0%]
DFA state visits in window   : 1: 30337, 2: 70, 3: 0
DFA state visits cumulative  : 1: 350870, 2: 1514, 3: 0
DFA state entries in window  : 1: 100, 2: 3, 3: 0
DFA state entries cumulative : 1: 1600, 2: 35, 3: 0
transitions cumulative       : 1->2: 35
accepted directly from s0    : 0
Gym endings cumulative       : terminated=1552, truncated=48

[Episode 1700/8000 | last 100]
success rate                : 0.0% (cumulative 0.0%)
synthetic task reward       : 0.000
shaping reward              : 0.000
learning reward             : 0.000
episode length              : 263.8
abstract changes / episode  : 15.0
DFA transitions / episode   : 0.00
DFA transitions in window   : none
epsilons (next episode)      : 1: 0.18253, 2: 0.96559, 3: 1.00000
replay buffer                : 300000 samples [1: 99.6%, 2: 0.4%, 3: 0.0%]
DFA state visits in window   : 1: 26478, 2: 0, 3: 0
DFA state visits cumulative  : 1: 377348, 2: 1514, 3: 0
DFA state entries in window  : 1: 100, 2: 0, 3: 0
DFA state entries cumulative : 1: 1700, 2: 35, 3: 0
transitions cumulative       : 1->2: 35
accepted directly from s0    : 0
Gym endings cumulative       : terminated=1645, truncated=55

[Episode 1800/8000 | last 100]
success rate                : 0.0% (cumulative 0.0%)
synthetic task reward       : 0.000
shaping reward              : 0.000
learning reward             : 0.000
episode length              : 279.6
abstract changes / episode  : 12.5
DFA transitions / episode   : 0.04
DFA transitions in window   : 1->2: 4
epsilons (next episode)      : 1: 0.16515, 2: 0.96173, 3: 1.00000
replay buffer                : 300000 samples [1: 99.7%, 2: 0.3%, 3: 0.0%]
DFA state visits in window   : 1: 27981, 2: 83, 3: 0
DFA state visits cumulative  : 1: 405329, 2: 1597, 3: 0
DFA state entries in window  : 1: 100, 2: 4, 3: 0
DFA state entries cumulative : 1: 1800, 2: 39, 3: 0
transitions cumulative       : 1->2: 39
accepted directly from s0    : 0
Gym endings cumulative       : terminated=1738, truncated=62

[Episode 1900/8000 | last 100]
success rate                : 0.0% (cumulative 0.0%)
synthetic task reward       : 0.000
shaping reward              : 0.000
learning reward             : 0.000
episode length              : 257.2
abstract changes / episode  : 10.8
DFA transitions / episode   : 0.03
DFA transitions in window   : 1->2: 3
epsilons (next episode)      : 1: 0.14943, 2: 0.95885, 3: 1.00000
replay buffer                : 300000 samples [1: 99.7%, 2: 0.3%, 3: 0.0%]
DFA state visits in window   : 1: 25769, 2: 55, 3: 0
DFA state visits cumulative  : 1: 431098, 2: 1652, 3: 0
DFA state entries in window  : 1: 100, 2: 3, 3: 0
DFA state entries cumulative : 1: 1900, 2: 42, 3: 0
transitions cumulative       : 1->2: 42
accepted directly from s0    : 0
Gym endings cumulative       : terminated=1838, truncated=62

[Episode 2000/8000 | last 100]
success rate                : 0.0% (cumulative 0.0%)
synthetic task reward       : 0.000
shaping reward              : 0.000
learning reward             : 0.000
episode length              : 140.9
abstract changes / episode  : 10.9
DFA transitions / episode   : 0.06
DFA transitions in window   : 1->2: 6
epsilons (next episode)      : 1: 0.13520, 2: 0.95311, 3: 1.00000
replay buffer                : 300000 samples [1: 99.6%, 2: 0.4%, 3: 0.0%]
DFA state visits in window   : 1: 14059, 2: 136, 3: 0
DFA state visits cumulative  : 1: 445157, 2: 1788, 3: 0
DFA state entries in window  : 1: 100, 2: 6, 3: 0
DFA state entries cumulative : 1: 2000, 2: 48, 3: 0
transitions cumulative       : 1->2: 48
accepted directly from s0    : 0
Gym endings cumulative       : terminated=1938, truncated=62

[Episode 2100/8000 | last 100]
success rate                : 0.0% (cumulative 0.0%)
synthetic task reward       : 0.000
shaping reward              : 0.000
learning reward             : 0.000
episode length              : 178.0
abstract changes / episode  : 11.9
DFA transitions / episode   : 0.12
DFA transitions in window   : 1->2: 12
epsilons (next episode)      : 1: 0.12233, 2: 0.94174, 3: 1.00000
replay buffer                : 300000 samples [1: 99.6%, 2: 0.4%, 3: 0.0%]
DFA state visits in window   : 1: 17668, 2: 235, 3: 0
DFA state visits cumulative  : 1: 462825, 2: 2023, 3: 0
DFA state entries in window  : 1: 100, 2: 12, 3: 0
DFA state entries cumulative : 1: 2100, 2: 60, 3: 0
transitions cumulative       : 1->2: 60
accepted directly from s0    : 0
Gym endings cumulative       : terminated=2033, truncated=67

[Episode 2200/8000 | last 100]
success rate                : 0.0% (cumulative 0.0%)
synthetic task reward       : 0.000
shaping reward              : 0.000
learning reward             : 0.000
episode length              : 486.5
abstract changes / episode  : 14.1
DFA transitions / episode   : 0.00
DFA transitions in window   : none
epsilons (next episode)      : 1: 0.11068, 2: 0.94174, 3: 1.00000
replay buffer                : 300000 samples [1: 99.6%, 2: 0.4%, 3: 0.0%]
DFA state visits in window   : 1: 48748, 2: 0, 3: 0
DFA state visits cumulative  : 1: 511573, 2: 2023, 3: 0
DFA state entries in window  : 1: 100, 2: 0, 3: 0
DFA state entries cumulative : 1: 2200, 2: 60, 3: 0
transitions cumulative       : 1->2: 60
accepted directly from s0    : 0
Gym endings cumulative       : terminated=2111, truncated=89

[Episode 2300/8000 | last 100]
success rate                : 0.0% (cumulative 0.0%)
synthetic task reward       : 0.000
shaping reward              : 0.000
learning reward             : 0.000
episode length              : 315.3
abstract changes / episode  : 15.3
DFA transitions / episode   : 0.09
DFA transitions in window   : 1->2: 9
epsilons (next episode)      : 1: 0.10014, 2: 0.93329, 3: 1.00000
replay buffer                : 300000 samples [1: 99.5%, 2: 0.5%, 3: 0.0%]
DFA state visits in window   : 1: 31180, 2: 453, 3: 0
DFA state visits cumulative  : 1: 542753, 2: 2476, 3: 0
DFA state entries in window  : 1: 100, 2: 9, 3: 0
DFA state entries cumulative : 1: 2300, 2: 69, 3: 0
transitions cumulative       : 1->2: 69
accepted directly from s0    : 0
Gym endings cumulative       : terminated=2210, truncated=90

[Episode 2400/8000 | last 100]
success rate                : 0.0% (cumulative 0.0%)
synthetic task reward       : 0.000
shaping reward              : 0.000
learning reward             : 0.000
episode length              : 529.0
abstract changes / episode  : 20.3
DFA transitions / episode   : 0.03
DFA transitions in window   : 1->2: 3
epsilons (next episode)      : 1: 0.09061, 2: 0.93050, 3: 1.00000
replay buffer                : 300000 samples [1: 99.6%, 2: 0.4%, 3: 0.0%]
DFA state visits in window   : 1: 52799, 2: 197, 3: 0
DFA state visits cumulative  : 1: 595552, 2: 2673, 3: 0
DFA state entries in window  : 1: 100, 2: 3, 3: 0
DFA state entries cumulative : 1: 2400, 2: 72, 3: 0
transitions cumulative       : 1->2: 72
accepted directly from s0    : 0
Gym endings cumulative       : terminated=2277, truncated=123

[Episode 2500/8000 | last 100]
success rate                : 0.0% (cumulative 0.0%)
synthetic task reward       : 0.000
shaping reward              : 0.000
learning reward             : 0.000
episode length              : 504.5
abstract changes / episode  : 17.2
DFA transitions / episode   : 0.01
DFA transitions in window   : 1->2: 1
epsilons (next episode)      : 1: 0.08198, 2: 0.92957, 3: 1.00000
replay buffer                : 300000 samples [1: 99.6%, 2: 0.4%, 3: 0.0%]
DFA state visits in window   : 1: 50489, 2: 57, 3: 0
DFA state visits cumulative  : 1: 646041, 2: 2730, 3: 0
DFA state entries in window  : 1: 100, 2: 1, 3: 0
DFA state entries cumulative : 1: 2500, 2: 73, 3: 0
transitions cumulative       : 1->2: 73
accepted directly from s0    : 0
Gym endings cumulative       : terminated=2355, truncated=145

[Episode 2600/8000 | last 100]
success rate                : 0.0% (cumulative 0.0%)
synthetic task reward       : 0.000
shaping reward              : 0.000
learning reward             : 0.000
episode length              : 404.4
abstract changes / episode  : 21.8
DFA transitions / episode   : 0.02
DFA transitions in window   : 1->2: 2
epsilons (next episode)      : 1: 0.08000, 2: 0.92771, 3: 1.00000
replay buffer                : 300000 samples [1: 99.6%, 2: 0.4%, 3: 0.0%]
DFA state visits in window   : 1: 40428, 2: 115, 3: 0
DFA state visits cumulative  : 1: 686469, 2: 2845, 3: 0
DFA state entries in window  : 1: 100, 2: 2, 3: 0
DFA state entries cumulative : 1: 2600, 2: 75, 3: 0
transitions cumulative       : 1->2: 75
accepted directly from s0    : 0
Gym endings cumulative       : terminated=2446, truncated=154

[Episode 2700/8000 | last 100]
success rate                : 0.0% (cumulative 0.0%)
synthetic task reward       : 0.000
shaping reward              : 0.000
learning reward             : 0.000
episode length              : 531.1
abstract changes / episode  : 13.9
DFA transitions / episode   : 0.00
DFA transitions in window   : none
epsilons (next episode)      : 1: 0.08000, 2: 0.92771, 3: 1.00000
replay buffer                : 300000 samples [1: 99.6%, 2: 0.4%, 3: 0.0%]
DFA state visits in window   : 1: 53212, 2: 0, 3: 0
DFA state visits cumulative  : 1: 739681, 2: 2845, 3: 0
DFA state entries in window  : 1: 100, 2: 0, 3: 0
DFA state entries cumulative : 1: 2700, 2: 75, 3: 0
transitions cumulative       : 1->2: 75
accepted directly from s0    : 0
Gym endings cumulative       : terminated=2534, truncated=166

[Episode 2800/8000 | last 100]
success rate                : 0.0% (cumulative 0.0%)
synthetic task reward       : 0.000
shaping reward              : 0.000
learning reward             : 0.000
episode length              : 692.4
abstract changes / episode  : 22.9
DFA transitions / episode   : 0.03
DFA transitions in window   : 1->2: 3
epsilons (next episode)      : 1: 0.08000, 2: 0.92493, 3: 1.00000
replay buffer                : 300000 samples [1: 99.7%, 2: 0.3%, 3: 0.0%]
DFA state visits in window   : 1: 69130, 2: 213, 3: 0
DFA state visits cumulative  : 1: 808811, 2: 3058, 3: 0
DFA state entries in window  : 1: 100, 2: 3, 3: 0
DFA state entries cumulative : 1: 2800, 2: 78, 3: 0
transitions cumulative       : 1->2: 78
accepted directly from s0    : 0
Gym endings cumulative       : terminated=2590, truncated=210

[Episode 2900/8000 | last 100]
success rate                : 0.0% (cumulative 0.0%)
synthetic task reward       : 0.000
shaping reward              : 0.000
learning reward             : 0.000
episode length              : 328.1
abstract changes / episode  : 17.3
DFA transitions / episode   : 0.05
DFA transitions in window   : 1->2: 5
epsilons (next episode)      : 1: 0.08000, 2: 0.92031, 3: 1.00000
replay buffer                : 300000 samples [1: 99.8%, 2: 0.2%, 3: 0.0%]
DFA state visits in window   : 1: 32852, 2: 63, 3: 0
DFA state visits cumulative  : 1: 841663, 2: 3121, 3: 0
DFA state entries in window  : 1: 100, 2: 5, 3: 0
DFA state entries cumulative : 1: 2900, 2: 83, 3: 0
transitions cumulative       : 1->2: 83
accepted directly from s0    : 0
Gym endings cumulative       : terminated=2680, truncated=220

[Episode 3000/8000 | last 100]
success rate                : 0.0% (cumulative 0.0%)
synthetic task reward       : 0.000
shaping reward              : 0.000
learning reward             : 0.000
episode length              : 118.7
abstract changes / episode  : 12.4
DFA transitions / episode   : 0.06
DFA transitions in window   : 1->2: 6
epsilons (next episode)      : 1: 0.08000, 2: 0.91480, 3: 1.00000
replay buffer                : 300000 samples [1: 99.8%, 2: 0.2%, 3: 0.0%]
DFA state visits in window   : 1: 11842, 2: 129, 3: 0
DFA state visits cumulative  : 1: 853505, 2: 3250, 3: 0
DFA state entries in window  : 1: 100, 2: 6, 3: 0
DFA state entries cumulative : 1: 3000, 2: 89, 3: 0
transitions cumulative       : 1->2: 89
accepted directly from s0    : 0
Gym endings cumulative       : terminated=2780, truncated=220

[Episode 3100/8000 | last 100]
success rate                : 0.0% (cumulative 0.0%)
synthetic task reward       : 0.000
shaping reward              : 0.000
learning reward             : 0.000
episode length              : 148.9
abstract changes / episode  : 12.7
DFA transitions / episode   : 0.10
DFA transitions in window   : 1->2: 10
epsilons (next episode)      : 1: 0.08000, 2: 0.90570, 3: 1.00000
replay buffer                : 300000 samples [1: 99.7%, 2: 0.3%, 3: 0.0%]
DFA state visits in window   : 1: 14761, 2: 234, 3: 0
DFA state visits cumulative  : 1: 868266, 2: 3484, 3: 0
DFA state entries in window  : 1: 100, 2: 10, 3: 0
DFA state entries cumulative : 1: 3100, 2: 99, 3: 0
transitions cumulative       : 1->2: 99
accepted directly from s0    : 0
Gym endings cumulative       : terminated=2880, truncated=220

[Episode 3200/8000 | last 100]
success rate                : 0.0% (cumulative 0.0%)
synthetic task reward       : 0.000
shaping reward              : 0.000
learning reward             : 0.000
episode length              : 185.7
abstract changes / episode  : 13.3
DFA transitions / episode   : 0.06
DFA transitions in window   : 1->2: 6
epsilons (next episode)      : 1: 0.08000, 2: 0.90028, 3: 1.00000
replay buffer                : 300000 samples [1: 99.7%, 2: 0.3%, 3: 0.0%]
DFA state visits in window   : 1: 18562, 2: 107, 3: 0
DFA state visits cumulative  : 1: 886828, 2: 3591, 3: 0
DFA state entries in window  : 1: 100, 2: 6, 3: 0
DFA state entries cumulative : 1: 3200, 2: 105, 3: 0
transitions cumulative       : 1->2: 105
accepted directly from s0    : 0
Gym endings cumulative       : terminated=2980, truncated=220

[Episode 3300/8000 | last 100]
success rate                : 0.0% (cumulative 0.0%)
synthetic task reward       : 0.000
shaping reward              : 0.000
learning reward             : 0.000
episode length              : 214.1
abstract changes / episode  : 8.9
DFA transitions / episode   : 0.00
DFA transitions in window   : none
epsilons (next episode)      : 1: 0.08000, 2: 0.90028, 3: 1.00000
replay buffer                : 300000 samples [1: 99.7%, 2: 0.3%, 3: 0.0%]
DFA state visits in window   : 1: 21506, 2: 0, 3: 0
DFA state visits cumulative  : 1: 908334, 2: 3591, 3: 0
DFA state entries in window  : 1: 100, 2: 0, 3: 0
DFA state entries cumulative : 1: 3300, 2: 105, 3: 0
transitions cumulative       : 1->2: 105
accepted directly from s0    : 0
Gym endings cumulative       : terminated=3079, truncated=221

[Episode 3400/8000 | last 100]
success rate                : 0.0% (cumulative 0.0%)
synthetic task reward       : 0.000
shaping reward              : 0.000
learning reward             : 0.000
episode length              : 253.9
abstract changes / episode  : 9.6
DFA transitions / episode   : 0.03
DFA transitions in window   : 1->2: 3
epsilons (next episode)      : 1: 0.08000, 2: 0.89758, 3: 1.00000
replay buffer                : 300000 samples [1: 99.7%, 2: 0.3%, 3: 0.0%]
DFA state visits in window   : 1: 25413, 2: 73, 3: 0
DFA state visits cumulative  : 1: 933747, 2: 3664, 3: 0
DFA state entries in window  : 1: 100, 2: 3, 3: 0
DFA state entries cumulative : 1: 3400, 2: 108, 3: 0
transitions cumulative       : 1->2: 108
accepted directly from s0    : 0
Gym endings cumulative       : terminated=3178, truncated=222

[Episode 3500/8000 | last 100]
success rate                : 0.0% (cumulative 0.0%)
synthetic task reward       : 0.000
shaping reward              : 0.000
learning reward             : 0.000
episode length              : 168.6
abstract changes / episode  : 10.8
DFA transitions / episode   : 0.02
DFA transitions in window   : 1->2: 2
epsilons (next episode)      : 1: 0.08000, 2: 0.89578, 3: 1.00000
replay buffer                : 300000 samples [1: 99.7%, 2: 0.3%, 3: 0.0%]
DFA state visits in window   : 1: 16928, 2: 34, 3: 0
DFA state visits cumulative  : 1: 950675, 2: 3698, 3: 0
DFA state entries in window  : 1: 100, 2: 2, 3: 0
DFA state entries cumulative : 1: 3500, 2: 110, 3: 0
transitions cumulative       : 1->2: 110
accepted directly from s0    : 0
Gym endings cumulative       : terminated=3278, truncated=222

[Episode 3600/8000 | last 100]
success rate                : 0.0% (cumulative 0.0%)
synthetic task reward       : 0.000
shaping reward              : 0.000
learning reward             : 0.000
episode length              : 130.3
abstract changes / episode  : 11.9
DFA transitions / episode   : 0.00
DFA transitions in window   : none
epsilons (next episode)      : 1: 0.08000, 2: 0.89578, 3: 1.00000
replay buffer                : 300000 samples [1: 99.7%, 2: 0.3%, 3: 0.0%]
DFA state visits in window   : 1: 13129, 2: 0, 3: 0
DFA state visits cumulative  : 1: 963804, 2: 3698, 3: 0
DFA state entries in window  : 1: 100, 2: 0, 3: 0
DFA state entries cumulative : 1: 3600, 2: 110, 3: 0
transitions cumulative       : 1->2: 110
accepted directly from s0    : 0
Gym endings cumulative       : terminated=3378, truncated=222

[Episode 3700/8000 | last 100]
success rate                : 0.0% (cumulative 0.0%)
synthetic task reward       : 0.000
shaping reward              : 0.000
learning reward             : 0.000
episode length              : 76.6
abstract changes / episode  : 12.0
DFA transitions / episode   : 0.00
DFA transitions in window   : none
epsilons (next episode)      : 1: 0.08000, 2: 0.89578, 3: 1.00000
replay buffer                : 300000 samples [1: 99.7%, 2: 0.3%, 3: 0.0%]
DFA state visits in window   : 1: 7761, 2: 0, 3: 0
DFA state visits cumulative  : 1: 971565, 2: 3698, 3: 0
DFA state entries in window  : 1: 100, 2: 0, 3: 0
DFA state entries cumulative : 1: 3700, 2: 110, 3: 0
transitions cumulative       : 1->2: 110
accepted directly from s0    : 0
Gym endings cumulative       : terminated=3478, truncated=222

[Episode 3800/8000 | last 100]
success rate                : 0.0% (cumulative 0.0%)
synthetic task reward       : 0.000
shaping reward              : 0.000
learning reward             : 0.000
episode length              : 285.1
abstract changes / episode  : 11.9
DFA transitions / episode   : 0.00
DFA transitions in window   : none
epsilons (next episode)      : 1: 0.08000, 2: 0.89578, 3: 1.00000
replay buffer                : 300000 samples [1: 99.7%, 2: 0.3%, 3: 0.0%]
DFA state visits in window   : 1: 28608, 2: 0, 3: 0
DFA state visits cumulative  : 1: 1000173, 2: 3698, 3: 0
DFA state entries in window  : 1: 100, 2: 0, 3: 0
DFA state entries cumulative : 1: 3800, 2: 110, 3: 0
transitions cumulative       : 1->2: 110
accepted directly from s0    : 0
Gym endings cumulative       : terminated=3568, truncated=232

[Episode 3900/8000 | last 100]
success rate                : 0.0% (cumulative 0.0%)
synthetic task reward       : 0.000
shaping reward              : 0.000
learning reward             : 0.000
episode length              : 392.6
abstract changes / episode  : 15.6
DFA transitions / episode   : 0.03
DFA transitions in window   : 1->2: 3
epsilons (next episode)      : 1: 0.08000, 2: 0.89310, 3: 1.00000
replay buffer                : 300000 samples [1: 99.7%, 2: 0.3%, 3: 0.0%]
DFA state visits in window   : 1: 39300, 2: 59, 3: 0
DFA state visits cumulative  : 1: 1039473, 2: 3757, 3: 0
DFA state entries in window  : 1: 100, 2: 3, 3: 0
DFA state entries cumulative : 1: 3900, 2: 113, 3: 0
transitions cumulative       : 1->2: 113
accepted directly from s0    : 0
Gym endings cumulative       : terminated=3666, truncated=234

[Episode 4000/8000 | last 100]
success rate                : 0.0% (cumulative 0.0%)
synthetic task reward       : 0.000
shaping reward              : 0.000
learning reward             : 0.000
episode length              : 462.4
abstract changes / episode  : 15.4
DFA transitions / episode   : 0.08
DFA transitions in window   : 1->2: 8
epsilons (next episode)      : 1: 0.08000, 2: 0.88598, 3: 1.00000
replay buffer                : 300000 samples [1: 99.7%, 2: 0.3%, 3: 0.0%]
DFA state visits in window   : 1: 46126, 2: 216, 3: 0
DFA state visits cumulative  : 1: 1085599, 2: 3973, 3: 0
DFA state entries in window  : 1: 100, 2: 8, 3: 0
DFA state entries cumulative : 1: 4000, 2: 121, 3: 0
transitions cumulative       : 1->2: 121
accepted directly from s0    : 0
Gym endings cumulative       : terminated=3759, truncated=241

[Episode 4100/8000 | last 100]
success rate                : 0.0% (cumulative 0.0%)
synthetic task reward       : 0.000
shaping reward              : 0.000
learning reward             : 0.000
episode length              : 333.1
abstract changes / episode  : 13.8
DFA transitions / episode   : 0.00
DFA transitions in window   : none
epsilons (next episode)      : 1: 0.08000, 2: 0.88598, 3: 1.00000
replay buffer                : 300000 samples [1: 99.7%, 2: 0.3%, 3: 0.0%]
DFA state visits in window   : 1: 33411, 2: 0, 3: 0
DFA state visits cumulative  : 1: 1119010, 2: 3973, 3: 0
DFA state entries in window  : 1: 100, 2: 0, 3: 0
DFA state entries cumulative : 1: 4100, 2: 121, 3: 0
transitions cumulative       : 1->2: 121
accepted directly from s0    : 0
Gym endings cumulative       : terminated=3856, truncated=244

[Episode 4200/8000 | last 100]
success rate                : 0.0% (cumulative 0.0%)
synthetic task reward       : 0.000
shaping reward              : 0.000
learning reward             : 0.000
episode length              : 117.0
abstract changes / episode  : 13.0
DFA transitions / episode   : 0.00
DFA transitions in window   : none
epsilons (next episode)      : 1: 0.08000, 2: 0.88598, 3: 1.00000
replay buffer                : 300000 samples [1: 99.7%, 2: 0.3%, 3: 0.0%]
DFA state visits in window   : 1: 11799, 2: 0, 3: 0
DFA state visits cumulative  : 1: 1130809, 2: 3973, 3: 0
DFA state entries in window  : 1: 100, 2: 0, 3: 0
DFA state entries cumulative : 1: 4200, 2: 121, 3: 0
transitions cumulative       : 1->2: 121
accepted directly from s0    : 0
Gym endings cumulative       : terminated=3956, truncated=244

[Episode 4300/8000 | last 100]
success rate                : 0.0% (cumulative 0.0%)
synthetic task reward       : 0.000
shaping reward              : 0.000
learning reward             : 0.000
episode length              : 184.6
abstract changes / episode  : 13.2
DFA transitions / episode   : 0.03
DFA transitions in window   : 1->2: 3
epsilons (next episode)      : 1: 0.08000, 2: 0.88333, 3: 1.00000
replay buffer                : 300000 samples [1: 99.7%, 2: 0.3%, 3: 0.0%]
DFA state visits in window   : 1: 18505, 2: 57, 3: 0
DFA state visits cumulative  : 1: 1149314, 2: 4030, 3: 0
DFA state entries in window  : 1: 100, 2: 3, 3: 0
DFA state entries cumulative : 1: 4300, 2: 124, 3: 0
transitions cumulative       : 1->2: 124
accepted directly from s0    : 0
Gym endings cumulative       : terminated=4056, truncated=244

[Episode 4400/8000 | last 100]
success rate                : 0.0% (cumulative 0.0%)
synthetic task reward       : 0.000
shaping reward              : 0.000
learning reward             : 0.000
episode length              : 272.6
abstract changes / episode  : 18.6
DFA transitions / episode   : 0.03
DFA transitions in window   : 1->2: 3
epsilons (next episode)      : 1: 0.08000, 2: 0.88068, 3: 1.00000
replay buffer                : 300000 samples [1: 99.8%, 2: 0.2%, 3: 0.0%]
DFA state visits in window   : 1: 27331, 2: 31, 3: 0
DFA state visits cumulative  : 1: 1176645, 2: 4061, 3: 0
DFA state entries in window  : 1: 100, 2: 3, 3: 0
DFA state entries cumulative : 1: 4400, 2: 127, 3: 0
transitions cumulative       : 1->2: 127
accepted directly from s0    : 0
Gym endings cumulative       : terminated=4156, truncated=244

[Episode 4500/8000 | last 100]
success rate                : 0.0% (cumulative 0.0%)
synthetic task reward       : 0.000
shaping reward              : 0.000
learning reward             : 0.000
episode length              : 263.7
abstract changes / episode  : 13.6
DFA transitions / episode   : 0.01
DFA transitions in window   : 1->2: 1
epsilons (next episode)      : 1: 0.08000, 2: 0.87980, 3: 1.00000
replay buffer                : 300000 samples [1: 99.8%, 2: 0.2%, 3: 0.0%]
DFA state visits in window   : 1: 26459, 2: 10, 3: 0
DFA state visits cumulative  : 1: 1203104, 2: 4071, 3: 0
DFA state entries in window  : 1: 100, 2: 1, 3: 0
DFA state entries cumulative : 1: 4500, 2: 128, 3: 0
transitions cumulative       : 1->2: 128
accepted directly from s0    : 0
Gym endings cumulative       : terminated=4255, truncated=245

[Episode 4600/8000 | last 100]
success rate                : 0.0% (cumulative 0.0%)
synthetic task reward       : 0.000
shaping reward              : 0.000
learning reward             : 0.000
episode length              : 149.3
abstract changes / episode  : 12.4
DFA transitions / episode   : 0.00
DFA transitions in window   : none
epsilons (next episode)      : 1: 0.08000, 2: 0.87980, 3: 1.00000
replay buffer                : 300000 samples [1: 99.8%, 2: 0.2%, 3: 0.0%]
DFA state visits in window   : 1: 15026, 2: 0, 3: 0
DFA state visits cumulative  : 1: 1218130, 2: 4071, 3: 0
DFA state entries in window  : 1: 100, 2: 0, 3: 0
DFA state entries cumulative : 1: 4600, 2: 128, 3: 0
transitions cumulative       : 1->2: 128
accepted directly from s0    : 0
Gym endings cumulative       : terminated=4355, truncated=245

[Episode 4700/8000 | last 100]
success rate                : 0.0% (cumulative 0.0%)
synthetic task reward       : 0.000
shaping reward              : 0.000
learning reward             : 0.000
episode length              : 175.6
abstract changes / episode  : 10.8
DFA transitions / episode   : 0.00
DFA transitions in window   : none
epsilons (next episode)      : 1: 0.08000, 2: 0.87980, 3: 1.00000
replay buffer                : 300000 samples [1: 99.9%, 2: 0.1%, 3: 0.0%]
DFA state visits in window   : 1: 17659, 2: 0, 3: 0
DFA state visits cumulative  : 1: 1235789, 2: 4071, 3: 0
DFA state entries in window  : 1: 100, 2: 0, 3: 0
DFA state entries cumulative : 1: 4700, 2: 128, 3: 0
transitions cumulative       : 1->2: 128
accepted directly from s0    : 0
Gym endings cumulative       : terminated=4455, truncated=245

[Episode 4800/8000 | last 100]
success rate                : 0.0% (cumulative 0.0%)
synthetic task reward       : 0.000
shaping reward              : 0.000
learning reward             : 0.000
episode length              : 105.0
abstract changes / episode  : 11.7
DFA transitions / episode   : 0.00
DFA transitions in window   : none
epsilons (next episode)      : 1: 0.08000, 2: 0.87980, 3: 1.00000
replay buffer                : 300000 samples [1: 99.9%, 2: 0.1%, 3: 0.0%]
DFA state visits in window   : 1: 10605, 2: 0, 3: 0
DFA state visits cumulative  : 1: 1246394, 2: 4071, 3: 0
DFA state entries in window  : 1: 100, 2: 0, 3: 0
DFA state entries cumulative : 1: 4800, 2: 128, 3: 0
transitions cumulative       : 1->2: 128
accepted directly from s0    : 0
Gym endings cumulative       : terminated=4555, truncated=245

[Episode 4900/8000 | last 100]
success rate                : 0.0% (cumulative 0.0%)
synthetic task reward       : 0.000
shaping reward              : 0.000
learning reward             : 0.000
episode length              : 76.5
abstract changes / episode  : 11.7
DFA transitions / episode   : 0.01
DFA transitions in window   : 1->2: 1
epsilons (next episode)      : 1: 0.08000, 2: 0.87892, 3: 1.00000
replay buffer                : 300000 samples [1: 99.9%, 2: 0.1%, 3: 0.0%]
DFA state visits in window   : 1: 7719, 2: 27, 3: 0
DFA state visits cumulative  : 1: 1254113, 2: 4098, 3: 0
DFA state entries in window  : 1: 100, 2: 1, 3: 0
DFA state entries cumulative : 1: 4900, 2: 129, 3: 0
transitions cumulative       : 1->2: 129
accepted directly from s0    : 0
Gym endings cumulative       : terminated=4655, truncated=245

[Episode 5000/8000 | last 100]
success rate                : 0.0% (cumulative 0.0%)
synthetic task reward       : 0.000
shaping reward              : 0.000
learning reward             : 0.000
episode length              : 78.2
abstract changes / episode  : 12.3
DFA transitions / episode   : 0.00
DFA transitions in window   : none
epsilons (next episode)      : 1: 0.08000, 2: 0.87892, 3: 1.00000
replay buffer                : 300000 samples [1: 99.9%, 2: 0.1%, 3: 0.0%]
DFA state visits in window   : 1: 7922, 2: 0, 3: 0
DFA state visits cumulative  : 1: 1262035, 2: 4098, 3: 0
DFA state entries in window  : 1: 100, 2: 0, 3: 0
DFA state entries cumulative : 1: 5000, 2: 129, 3: 0
transitions cumulative       : 1->2: 129
accepted directly from s0    : 0
Gym endings cumulative       : terminated=4755, truncated=245

[Episode 5100/8000 | last 100]
success rate                : 0.0% (cumulative 0.0%)
synthetic task reward       : 0.000
shaping reward              : 0.000
learning reward             : 0.000
episode length              : 70.9
abstract changes / episode  : 12.2
DFA transitions / episode   : 0.00
DFA transitions in window   : none
epsilons (next episode)      : 1: 0.08000, 2: 0.87892, 3: 1.00000
replay buffer                : 300000 samples [1: 99.9%, 2: 0.1%, 3: 0.0%]
DFA state visits in window   : 1: 7188, 2: 0, 3: 0
DFA state visits cumulative  : 1: 1269223, 2: 4098, 3: 0
DFA state entries in window  : 1: 100, 2: 0, 3: 0
DFA state entries cumulative : 1: 5100, 2: 129, 3: 0
transitions cumulative       : 1->2: 129
accepted directly from s0    : 0
Gym endings cumulative       : terminated=4855, truncated=245

[Episode 5200/8000 | last 100]
success rate                : 0.0% (cumulative 0.0%)
synthetic task reward       : 0.000
shaping reward              : 0.000
learning reward             : 0.000
episode length              : 80.5
abstract changes / episode  : 11.5
DFA transitions / episode   : 0.00
DFA transitions in window   : none
epsilons (next episode)      : 1: 0.08000, 2: 0.87892, 3: 1.00000
replay buffer                : 300000 samples [1: 99.9%, 2: 0.1%, 3: 0.0%]
DFA state visits in window   : 1: 8149, 2: 0, 3: 0
DFA state visits cumulative  : 1: 1277372, 2: 4098, 3: 0
DFA state entries in window  : 1: 100, 2: 0, 3: 0
DFA state entries cumulative : 1: 5200, 2: 129, 3: 0
transitions cumulative       : 1->2: 129
accepted directly from s0    : 0
Gym endings cumulative       : terminated=4955, truncated=245

[Episode 5300/8000 | last 100]
success rate                : 0.0% (cumulative 0.0%)
synthetic task reward       : 0.000
shaping reward              : 0.000
learning reward             : 0.000
episode length              : 81.8
abstract changes / episode  : 10.3
DFA transitions / episode   : 0.00
DFA transitions in window   : none
epsilons (next episode)      : 1: 0.08000, 2: 0.87892, 3: 1.00000
replay buffer                : 300000 samples [1: 99.9%, 2: 0.1%, 3: 0.0%]
DFA state visits in window   : 1: 8280, 2: 0, 3: 0
DFA state visits cumulative  : 1: 1285652, 2: 4098, 3: 0
DFA state entries in window  : 1: 100, 2: 0, 3: 0
DFA state entries cumulative : 1: 5300, 2: 129, 3: 0
transitions cumulative       : 1->2: 129
accepted directly from s0    : 0
Gym endings cumulative       : terminated=5055, truncated=245

[Episode 5400/8000 | last 100]
success rate                : 0.0% (cumulative 0.0%)
synthetic task reward       : 0.000
shaping reward              : 0.000
learning reward             : 0.000
episode length              : 81.5
abstract changes / episode  : 11.6
DFA transitions / episode   : 0.00
DFA transitions in window   : none
epsilons (next episode)      : 1: 0.08000, 2: 0.87892, 3: 1.00000
replay buffer                : 300000 samples [1: 99.9%, 2: 0.1%, 3: 0.0%]
DFA state visits in window   : 1: 8252, 2: 0, 3: 0
DFA state visits cumulative  : 1: 1293904, 2: 4098, 3: 0
DFA state entries in window  : 1: 100, 2: 0, 3: 0
DFA state entries cumulative : 1: 5400, 2: 129, 3: 0
transitions cumulative       : 1->2: 129
accepted directly from s0    : 0
Gym endings cumulative       : terminated=5155, truncated=245

[Episode 5500/8000 | last 100]
success rate                : 0.0% (cumulative 0.0%)
synthetic task reward       : 0.000
shaping reward              : 0.000
learning reward             : 0.000
episode length              : 106.5
abstract changes / episode  : 13.0
DFA transitions / episode   : 0.01
DFA transitions in window   : 1->2: 1
epsilons (next episode)      : 1: 0.08000, 2: 0.87804, 3: 1.00000
replay buffer                : 300000 samples [1: 99.9%, 2: 0.1%, 3: 0.0%]
DFA state visits in window   : 1: 10721, 2: 28, 3: 0
DFA state visits cumulative  : 1: 1304625, 2: 4126, 3: 0
DFA state entries in window  : 1: 100, 2: 1, 3: 0
DFA state entries cumulative : 1: 5500, 2: 130, 3: 0
transitions cumulative       : 1->2: 130
accepted directly from s0    : 0
Gym endings cumulative       : terminated=5255, truncated=245

[Episode 5600/8000 | last 100]
success rate                : 0.0% (cumulative 0.0%)
synthetic task reward       : 0.000
shaping reward              : 0.000
learning reward             : 0.000
episode length              : 125.3
abstract changes / episode  : 13.5
DFA transitions / episode   : 0.01
DFA transitions in window   : 1->2: 1
epsilons (next episode)      : 1: 0.08000, 2: 0.87716, 3: 1.00000
replay buffer                : 300000 samples [1: 99.9%, 2: 0.1%, 3: 0.0%]
DFA state visits in window   : 1: 12612, 2: 17, 3: 0
DFA state visits cumulative  : 1: 1317237, 2: 4143, 3: 0
DFA state entries in window  : 1: 100, 2: 1, 3: 0
DFA state entries cumulative : 1: 5600, 2: 131, 3: 0
transitions cumulative       : 1->2: 131
accepted directly from s0    : 0
Gym endings cumulative       : terminated=5355, truncated=245

[Episode 5700/8000 | last 100]
success rate                : 0.0% (cumulative 0.0%)
synthetic task reward       : 0.000
shaping reward              : 0.000
learning reward             : 0.000
episode length              : 126.6
abstract changes / episode  : 10.9
DFA transitions / episode   : 0.00
DFA transitions in window   : none
epsilons (next episode)      : 1: 0.08000, 2: 0.87716, 3: 1.00000
replay buffer                : 300000 samples [1: 99.9%, 2: 0.1%, 3: 0.0%]
DFA state visits in window   : 1: 12758, 2: 0, 3: 0
DFA state visits cumulative  : 1: 1329995, 2: 4143, 3: 0
DFA state entries in window  : 1: 100, 2: 0, 3: 0
DFA state entries cumulative : 1: 5700, 2: 131, 3: 0
transitions cumulative       : 1->2: 131
accepted directly from s0    : 0
Gym endings cumulative       : terminated=5455, truncated=245

[Episode 5800/8000 | last 100]
success rate                : 0.0% (cumulative 0.0%)
synthetic task reward       : 0.000
shaping reward              : 0.000
learning reward             : 0.000
episode length              : 158.0
abstract changes / episode  : 8.5
DFA transitions / episode   : 0.00
DFA transitions in window   : none
epsilons (next episode)      : 1: 0.08000, 2: 0.87716, 3: 1.00000
replay buffer                : 300000 samples [1: 99.9%, 2: 0.1%, 3: 0.0%]
DFA state visits in window   : 1: 15903, 2: 0, 3: 0
DFA state visits cumulative  : 1: 1345898, 2: 4143, 3: 0
DFA state entries in window  : 1: 100, 2: 0, 3: 0
DFA state entries cumulative : 1: 5800, 2: 131, 3: 0
transitions cumulative       : 1->2: 131
accepted directly from s0    : 0
Gym endings cumulative       : terminated=5555, truncated=245

[Episode 5900/8000 | last 100]
success rate                : 0.0% (cumulative 0.0%)
synthetic task reward       : 0.000
shaping reward              : 0.000
learning reward             : 0.000
episode length              : 303.0
abstract changes / episode  : 13.6
DFA transitions / episode   : 0.00
DFA transitions in window   : none
epsilons (next episode)      : 1: 0.08000, 2: 0.87716, 3: 1.00000
replay buffer                : 300000 samples [1: 99.9%, 2: 0.1%, 3: 0.0%]
DFA state visits in window   : 1: 30404, 2: 0, 3: 0
DFA state visits cumulative  : 1: 1376302, 2: 4143, 3: 0
DFA state entries in window  : 1: 100, 2: 0, 3: 0
DFA state entries cumulative : 1: 5900, 2: 131, 3: 0
transitions cumulative       : 1->2: 131
accepted directly from s0    : 0
Gym endings cumulative       : terminated=5655, truncated=245

[Episode 6000/8000 | last 100]
success rate                : 0.0% (cumulative 0.0%)
synthetic task reward       : 0.000
shaping reward              : 0.000
learning reward             : 0.000
episode length              : 232.4
abstract changes / episode  : 12.1
DFA transitions / episode   : 0.00
DFA transitions in window   : none
epsilons (next episode)      : 1: 0.08000, 2: 0.87716, 3: 1.00000
replay buffer                : 300000 samples [1: 99.9%, 2: 0.1%, 3: 0.0%]
DFA state visits in window   : 1: 23344, 2: 0, 3: 0
DFA state visits cumulative  : 1: 1399646, 2: 4143, 3: 0
DFA state entries in window  : 1: 100, 2: 0, 3: 0
DFA state entries cumulative : 1: 6000, 2: 131, 3: 0
transitions cumulative       : 1->2: 131
accepted directly from s0    : 0
Gym endings cumulative       : terminated=5755, truncated=245

[Episode 6100/8000 | last 100]
success rate                : 0.0% (cumulative 0.0%)
synthetic task reward       : 0.000
shaping reward              : 0.000
learning reward             : 0.000
episode length              : 110.6
abstract changes / episode  : 13.5
DFA transitions / episode   : 0.00
DFA transitions in window   : none
epsilons (next episode)      : 1: 0.08000, 2: 0.87716, 3: 1.00000
replay buffer                : 300000 samples [1: 99.9%, 2: 0.1%, 3: 0.0%]
DFA state visits in window   : 1: 11156, 2: 0, 3: 0
DFA state visits cumulative  : 1: 1410802, 2: 4143, 3: 0
DFA state entries in window  : 1: 100, 2: 0, 3: 0
DFA state entries cumulative : 1: 6100, 2: 131, 3: 0
transitions cumulative       : 1->2: 131
accepted directly from s0    : 0
Gym endings cumulative       : terminated=5855, truncated=245

[Episode 6200/8000 | last 100]
success rate                : 0.0% (cumulative 0.0%)
synthetic task reward       : 0.000
shaping reward              : 0.000
learning reward             : 0.000
episode length              : 103.4
abstract changes / episode  : 10.7
DFA transitions / episode   : 0.00
DFA transitions in window   : none
epsilons (next episode)      : 1: 0.08000, 2: 0.87716, 3: 1.00000
replay buffer                : 300000 samples [1: 99.9%, 2: 0.1%, 3: 0.0%]
DFA state visits in window   : 1: 10442, 2: 0, 3: 0
DFA state visits cumulative  : 1: 1421244, 2: 4143, 3: 0
DFA state entries in window  : 1: 100, 2: 0, 3: 0
DFA state entries cumulative : 1: 6200, 2: 131, 3: 0
transitions cumulative       : 1->2: 131
accepted directly from s0    : 0
Gym endings cumulative       : terminated=5955, truncated=245

[Episode 6300/8000 | last 100]
success rate                : 0.0% (cumulative 0.0%)
synthetic task reward       : 0.000
shaping reward              : 0.000
learning reward             : 0.000
episode length              : 236.2
abstract changes / episode  : 10.7
DFA transitions / episode   : 0.03
DFA transitions in window   : 1->2: 3
epsilons (next episode)      : 1: 0.08000, 2: 0.87453, 3: 1.00000
replay buffer                : 300000 samples [1: 99.9%, 2: 0.1%, 3: 0.0%]
DFA state visits in window   : 1: 23513, 2: 210, 3: 0
DFA state visits cumulative  : 1: 1444757, 2: 4353, 3: 0
DFA state entries in window  : 1: 100, 2: 3, 3: 0
DFA state entries cumulative : 1: 6300, 2: 134, 3: 0
transitions cumulative       : 1->2: 134
accepted directly from s0    : 0
Gym endings cumulative       : terminated=6055, truncated=245

[Episode 6400/8000 | last 100]
success rate                : 0.0% (cumulative 0.0%)
synthetic task reward       : 0.000
shaping reward              : 0.000
learning reward             : 0.000
episode length              : 185.8
abstract changes / episode  : 12.8
DFA transitions / episode   : 0.02
DFA transitions in window   : 1->2: 2
epsilons (next episode)      : 1: 0.08000, 2: 0.87278, 3: 1.00000
replay buffer                : 300000 samples [1: 99.9%, 2: 0.1%, 3: 0.0%]
DFA state visits in window   : 1: 18588, 2: 91, 3: 0
DFA state visits cumulative  : 1: 1463345, 2: 4444, 3: 0
DFA state entries in window  : 1: 100, 2: 2, 3: 0
DFA state entries cumulative : 1: 6400, 2: 136, 3: 0
transitions cumulative       : 1->2: 136
accepted directly from s0    : 0
Gym endings cumulative       : terminated=6155, truncated=245

[Episode 6500/8000 | last 100]
success rate                : 0.0% (cumulative 0.0%)
synthetic task reward       : 0.000
shaping reward              : 0.000
learning reward             : 0.000
episode length              : 137.6
abstract changes / episode  : 10.1
DFA transitions / episode   : 0.00
DFA transitions in window   : none
epsilons (next episode)      : 1: 0.08000, 2: 0.87278, 3: 1.00000
replay buffer                : 300000 samples [1: 99.9%, 2: 0.1%, 3: 0.0%]
DFA state visits in window   : 1: 13861, 2: 0, 3: 0
DFA state visits cumulative  : 1: 1477206, 2: 4444, 3: 0
DFA state entries in window  : 1: 100, 2: 0, 3: 0
DFA state entries cumulative : 1: 6500, 2: 136, 3: 0
transitions cumulative       : 1->2: 136
accepted directly from s0    : 0
Gym endings cumulative       : terminated=6255, truncated=245

[Episode 6600/8000 | last 100]
success rate                : 0.0% (cumulative 0.0%)
synthetic task reward       : 0.000
shaping reward              : 0.000
learning reward             : 0.000
episode length              : 217.3
abstract changes / episode  : 14.2
DFA transitions / episode   : 0.00
DFA transitions in window   : none
epsilons (next episode)      : 1: 0.08000, 2: 0.87278, 3: 1.00000
replay buffer                : 300000 samples [1: 99.9%, 2: 0.1%, 3: 0.0%]
DFA state visits in window   : 1: 21835, 2: 0, 3: 0
DFA state visits cumulative  : 1: 1499041, 2: 4444, 3: 0
DFA state entries in window  : 1: 100, 2: 0, 3: 0
DFA state entries cumulative : 1: 6600, 2: 136, 3: 0
transitions cumulative       : 1->2: 136
accepted directly from s0    : 0
Gym endings cumulative       : terminated=6355, truncated=245

[Episode 6700/8000 | last 100]
success rate                : 0.0% (cumulative 0.0%)
synthetic task reward       : 0.000
shaping reward              : 0.000
learning reward             : 0.000
episode length              : 288.9
abstract changes / episode  : 13.6
DFA transitions / episode   : 0.16
DFA transitions in window   : 1->2: 16
epsilons (next episode)      : 1: 0.08000, 2: 0.85892, 3: 1.00000
replay buffer                : 300000 samples [1: 99.7%, 2: 0.3%, 3: 0.0%]
DFA state visits in window   : 1: 28495, 2: 499, 3: 0
DFA state visits cumulative  : 1: 1527536, 2: 4943, 3: 0
DFA state entries in window  : 1: 100, 2: 16, 3: 0
DFA state entries cumulative : 1: 6700, 2: 152, 3: 0
transitions cumulative       : 1->2: 152
accepted directly from s0    : 0
Gym endings cumulative       : terminated=6455, truncated=245

[Episode 6800/8000 | last 100]
success rate                : 0.0% (cumulative 0.0%)
synthetic task reward       : 0.000
shaping reward              : 0.000
learning reward             : 0.000
episode length              : 317.6
abstract changes / episode  : 14.1
DFA transitions / episode   : 0.19
DFA transitions in window   : 1->2: 19
epsilons (next episode)      : 1: 0.08000, 2: 0.84275, 3: 1.00000
replay buffer                : 300000 samples [1: 99.5%, 2: 0.5%, 3: 0.0%]
DFA state visits in window   : 1: 31053, 2: 802, 3: 0
DFA state visits cumulative  : 1: 1558589, 2: 5745, 3: 0
DFA state entries in window  : 1: 100, 2: 19, 3: 0
DFA state entries cumulative : 1: 6800, 2: 171, 3: 0
transitions cumulative       : 1->2: 171
accepted directly from s0    : 0
Gym endings cumulative       : terminated=6553, truncated=247

[Episode 6900/8000 | last 100]
success rate                : 0.0% (cumulative 0.0%)
synthetic task reward       : 0.000
shaping reward              : 0.000
learning reward             : 0.000
episode length              : 99.2
abstract changes / episode  : 12.3
DFA transitions / episode   : 0.00
DFA transitions in window   : none
epsilons (next episode)      : 1: 0.08000, 2: 0.84275, 3: 1.00000
replay buffer                : 300000 samples [1: 99.5%, 2: 0.5%, 3: 0.0%]
DFA state visits in window   : 1: 10020, 2: 0, 3: 0
DFA state visits cumulative  : 1: 1568609, 2: 5745, 3: 0
DFA state entries in window  : 1: 100, 2: 0, 3: 0
DFA state entries cumulative : 1: 6900, 2: 171, 3: 0
transitions cumulative       : 1->2: 171
accepted directly from s0    : 0
Gym endings cumulative       : terminated=6653, truncated=247

[Episode 7000/8000 | last 100]
success rate                : 0.0% (cumulative 0.0%)
synthetic task reward       : 0.000
shaping reward              : 0.000
learning reward             : 0.000
episode length              : 123.7
abstract changes / episode  : 12.5
DFA transitions / episode   : 0.02
DFA transitions in window   : 1->2: 2
epsilons (next episode)      : 1: 0.08000, 2: 0.84106, 3: 1.00000
replay buffer                : 300000 samples [1: 99.5%, 2: 0.5%, 3: 0.0%]
DFA state visits in window   : 1: 12435, 2: 39, 3: 0
DFA state visits cumulative  : 1: 1581044, 2: 5784, 3: 0
DFA state entries in window  : 1: 100, 2: 2, 3: 0
DFA state entries cumulative : 1: 7000, 2: 173, 3: 0
transitions cumulative       : 1->2: 173
accepted directly from s0    : 0
Gym endings cumulative       : terminated=6753, truncated=247

[Episode 7100/8000 | last 100]
success rate                : 0.0% (cumulative 0.0%)
synthetic task reward       : 0.000
shaping reward              : 0.000
learning reward             : 0.000
episode length              : 235.1
abstract changes / episode  : 14.1
DFA transitions / episode   : 0.20
DFA transitions in window   : 1->2: 20
epsilons (next episode)      : 1: 0.08000, 2: 0.82440, 3: 1.00000
replay buffer                : 300000 samples [1: 99.3%, 2: 0.7%, 3: 0.0%]
DFA state visits in window   : 1: 23141, 2: 468, 3: 0
DFA state visits cumulative  : 1: 1604185, 2: 6252, 3: 0
DFA state entries in window  : 1: 100, 2: 20, 3: 0
DFA state entries cumulative : 1: 7100, 2: 193, 3: 0
transitions cumulative       : 1->2: 193
accepted directly from s0    : 0
Gym endings cumulative       : terminated=6853, truncated=247

[Episode 7200/8000 | last 100]
success rate                : 0.0% (cumulative 0.0%)
synthetic task reward       : 0.000
shaping reward              : 0.000
learning reward             : 0.000
episode length              : 423.9
abstract changes / episode  : 13.9
DFA transitions / episode   : 0.04
DFA transitions in window   : 1->2: 4
epsilons (next episode)      : 1: 0.08000, 2: 0.82111, 3: 1.00000
replay buffer                : 300000 samples [1: 99.3%, 2: 0.7%, 3: 0.0%]
DFA state visits in window   : 1: 42368, 2: 123, 3: 0
DFA state visits cumulative  : 1: 1646553, 2: 6375, 3: 0
DFA state entries in window  : 1: 100, 2: 4, 3: 0
DFA state entries cumulative : 1: 7200, 2: 197, 3: 0
transitions cumulative       : 1->2: 197
accepted directly from s0    : 0
Gym endings cumulative       : terminated=6936, truncated=264

[Episode 7300/8000 | last 100]
success rate                : 0.0% (cumulative 0.0%)
synthetic task reward       : 0.000
shaping reward              : 0.000
learning reward             : 0.000
episode length              : 268.7
abstract changes / episode  : 14.2
DFA transitions / episode   : 0.07
DFA transitions in window   : 1->2: 7
epsilons (next episode)      : 1: 0.08000, 2: 0.81538, 3: 1.00000
replay buffer                : 300000 samples [1: 99.2%, 2: 0.8%, 3: 0.0%]
DFA state visits in window   : 1: 26834, 2: 134, 3: 0
DFA state visits cumulative  : 1: 1673387, 2: 6509, 3: 0
DFA state entries in window  : 1: 100, 2: 7, 3: 0
DFA state entries cumulative : 1: 7300, 2: 204, 3: 0
transitions cumulative       : 1->2: 204
accepted directly from s0    : 0
Gym endings cumulative       : terminated=7036, truncated=264

[Episode 7400/8000 | last 100]
success rate                : 0.0% (cumulative 0.0%)
synthetic task reward       : 0.000
shaping reward              : 0.000
learning reward             : 0.000
episode length              : 141.4
abstract changes / episode  : 12.0
DFA transitions / episode   : 0.00
DFA transitions in window   : none
epsilons (next episode)      : 1: 0.08000, 2: 0.81538, 3: 1.00000
replay buffer                : 300000 samples [1: 99.2%, 2: 0.8%, 3: 0.0%]
DFA state visits in window   : 1: 14241, 2: 0, 3: 0
DFA state visits cumulative  : 1: 1687628, 2: 6509, 3: 0
DFA state entries in window  : 1: 100, 2: 0, 3: 0
DFA state entries cumulative : 1: 7400, 2: 204, 3: 0
transitions cumulative       : 1->2: 204
accepted directly from s0    : 0
Gym endings cumulative       : terminated=7136, truncated=264

[Episode 7500/8000 | last 100]
success rate                : 0.0% (cumulative 0.0%)
synthetic task reward       : 0.000
shaping reward              : 0.000
learning reward             : 0.000
episode length              : 195.8
abstract changes / episode  : 13.8
DFA transitions / episode   : 0.02
DFA transitions in window   : 1->2: 2
epsilons (next episode)      : 1: 0.08000, 2: 0.81375, 3: 1.00000
replay buffer                : 300000 samples [1: 99.2%, 2: 0.8%, 3: 0.0%]
DFA state visits in window   : 1: 19597, 2: 81, 3: 0
DFA state visits cumulative  : 1: 1707225, 2: 6590, 3: 0
DFA state entries in window  : 1: 100, 2: 2, 3: 0
DFA state entries cumulative : 1: 7500, 2: 206, 3: 0
transitions cumulative       : 1->2: 206
accepted directly from s0    : 0
Gym endings cumulative       : terminated=7235, truncated=265

[Episode 7600/8000 | last 100]
success rate                : 0.0% (cumulative 0.0%)
synthetic task reward       : 0.000
shaping reward              : 0.000
learning reward             : 0.000
episode length              : 295.2
abstract changes / episode  : 13.0
DFA transitions / episode   : 0.00
DFA transitions in window   : none
epsilons (next episode)      : 1: 0.08000, 2: 0.81375, 3: 1.00000
replay buffer                : 300000 samples [1: 99.3%, 2: 0.7%, 3: 0.0%]
DFA state visits in window   : 1: 29619, 2: 0, 3: 0
DFA state visits cumulative  : 1: 1736844, 2: 6590, 3: 0
DFA state entries in window  : 1: 100, 2: 0, 3: 0
DFA state entries cumulative : 1: 7600, 2: 206, 3: 0
transitions cumulative       : 1->2: 206
accepted directly from s0    : 0
Gym endings cumulative       : terminated=7333, truncated=267

[Episode 7700/8000 | last 100]
success rate                : 0.0% (cumulative 0.0%)
synthetic task reward       : 0.000
shaping reward              : 0.000
learning reward             : 0.000
episode length              : 238.4
abstract changes / episode  : 11.4
DFA transitions / episode   : 0.00
DFA transitions in window   : none
epsilons (next episode)      : 1: 0.08000, 2: 0.81375, 3: 1.00000
replay buffer                : 300000 samples [1: 99.3%, 2: 0.7%, 3: 0.0%]
DFA state visits in window   : 1: 23944, 2: 0, 3: 0
DFA state visits cumulative  : 1: 1760788, 2: 6590, 3: 0
DFA state entries in window  : 1: 100, 2: 0, 3: 0
DFA state entries cumulative : 1: 7700, 2: 206, 3: 0
transitions cumulative       : 1->2: 206
accepted directly from s0    : 0
Gym endings cumulative       : terminated=7433, truncated=267

[Episode 7800/8000 | last 100]
success rate                : 0.0% (cumulative 0.0%)
synthetic task reward       : 0.000
shaping reward              : 0.000
learning reward             : 0.000
episode length              : 302.5
abstract changes / episode  : 11.9
DFA transitions / episode   : 0.03
DFA transitions in window   : 1->2: 3
epsilons (next episode)      : 1: 0.08000, 2: 0.81131, 3: 1.00000
replay buffer                : 300000 samples [1: 99.3%, 2: 0.7%, 3: 0.0%]
DFA state visits in window   : 1: 30206, 2: 140, 3: 0
DFA state visits cumulative  : 1: 1790994, 2: 6730, 3: 0
DFA state entries in window  : 1: 100, 2: 3, 3: 0
DFA state entries cumulative : 1: 7800, 2: 209, 3: 0
transitions cumulative       : 1->2: 209
accepted directly from s0    : 0
Gym endings cumulative       : terminated=7533, truncated=267

[Episode 7900/8000 | last 100]
success rate                : 0.0% (cumulative 0.0%)
synthetic task reward       : 0.000
shaping reward              : 0.000
learning reward             : 0.000
episode length              : 156.0
abstract changes / episode  : 12.3
DFA transitions / episode   : 0.02
DFA transitions in window   : 1->2: 2
epsilons (next episode)      : 1: 0.08000, 2: 0.80969, 3: 1.00000
replay buffer                : 300000 samples [1: 99.3%, 2: 0.7%, 3: 0.0%]
DFA state visits in window   : 1: 15637, 2: 60, 3: 0
DFA state visits cumulative  : 1: 1806631, 2: 6790, 3: 0
DFA state entries in window  : 1: 100, 2: 2, 3: 0
DFA state entries cumulative : 1: 7900, 2: 211, 3: 0
transitions cumulative       : 1->2: 211
accepted directly from s0    : 0
Gym endings cumulative       : terminated=7633, truncated=267

[Episode 8000/8000 | last 100]
success rate                : 0.0% (cumulative 0.0%)
synthetic task reward       : 0.000
shaping reward              : 0.000
learning reward             : 0.000
episode length              : 79.4
abstract changes / episode  : 12.0
DFA transitions / episode   : 0.00
DFA transitions in window   : none
epsilons (next episode)      : 1: 0.08000, 2: 0.80969, 3: 1.00000
replay buffer                : 300000 samples [1: 99.3%, 2: 0.7%, 3: 0.0%]
DFA state visits in window   : 1: 8041, 2: 0, 3: 0
DFA state visits cumulative  : 1: 1814672, 2: 6790, 3: 0
DFA state entries in window  : 1: 100, 2: 0, 3: 0
DFA state entries cumulative : 1: 8000, 2: 211, 3: 0
transitions cumulative       : 1->2: 211
accepted directly from s0    : 0
Gym endings cumulative       : terminated=7733, truncated=267
Last policy saved after episode 8000. Best policy: episode 1, mean learning reward=0.000
