
=== NEW RUN ===
episodes=8000, shaping=True, K=1.0, goal_reward=10000.0, gamma=0.99
waypoints={'g1': (5, 10), 'g2': (6, 0)}
automaton_states=['q1', 'q2'], initial=q1, accepting=['q3']

[Episode 1/8000 | last 1]
success rate                : 0.0% (cumulative 0.0%)
synthetic task reward       : 0.000
shaping reward              : -4295.246
learning reward             : -4295.246
episode length              : 98.0
abstract changes / episode  : 11.0
completed cycles / episode   : 0.00
automaton changes / episode  : 0.00
automaton changes in window  : none
epsilon (next episode)       : 0.99960
replay buffer                : 98 samples [q1: 100.0%, q2: 0.0%]
state visits in window        : q1: 99, q2: 0
state visits cumulative       : q1: 99, q2: 0
state entries in window       : q1: 1, q2: 0
state entries cumulative      : q1: 1, q2: 0
transitions cumulative       : none
Gym endings cumulative       : terminated=1, truncated=0
Best policy updated at episode 1: mean learning reward=-4295.246

[Episode 100/8000 | last 100]
success rate                : 3.0% (cumulative 3.0%)
synthetic task reward       : 300.000
shaping reward              : -1313.328
learning reward             : -1013.328
episode length              : 90.4
abstract changes / episode  : 12.7
completed cycles / episode   : 0.03
automaton changes / episode  : 0.40
automaton changes in window  : q1->q2: 37, q2->q1: 3
epsilon (next episode)       : 0.96078
replay buffer                : 9036 samples [q1: 71.8%, q2: 28.2%]
state visits in window        : q1: 6553, q2: 2583
state visits cumulative       : q1: 6553, q2: 2583
state entries in window       : q1: 103, q2: 37
state entries cumulative      : q1: 103, q2: 37
transitions cumulative       : q1->q2: 37, q2->q1: 3
Gym endings cumulative       : terminated=100, truncated=0
Best policy updated at episode 100: mean learning reward=-1013.328

[Episode 200/8000 | last 100]
success rate                : 4.0% (cumulative 3.5%)
synthetic task reward       : 400.000
shaping reward              : -277.885
learning reward             : 122.115
episode length              : 91.3
abstract changes / episode  : 13.0
completed cycles / episode   : 0.04
automaton changes / episode  : 0.55
automaton changes in window  : q1->q2: 51, q2->q1: 4
epsilon (next episode)       : 0.92310
replay buffer                : 18162 samples [q1: 65.6%, q2: 34.4%]
state visits in window        : q1: 5486, q2: 3740
state visits cumulative       : q1: 12039, q2: 6323
state entries in window       : q1: 104, q2: 51
state entries cumulative      : q1: 207, q2: 88
transitions cumulative       : q1->q2: 88, q2->q1: 7
Gym endings cumulative       : terminated=200, truncated=0
Best policy updated at episode 200: mean learning reward=122.115

[Episode 300/8000 | last 100]
success rate                : 3.0% (cumulative 3.3%)
synthetic task reward       : 300.000
shaping reward              : -477.002
learning reward             : -177.002
episode length              : 92.9
abstract changes / episode  : 12.8
completed cycles / episode   : 0.03
automaton changes / episode  : 0.49
automaton changes in window  : q1->q2: 46, q2->q1: 3
epsilon (next episode)       : 0.88690
replay buffer                : 27453 samples [q1: 65.5%, q2: 34.5%]
state visits in window        : q1: 6121, q2: 3270
state visits cumulative       : q1: 18160, q2: 9593
state entries in window       : q1: 103, q2: 46
state entries cumulative      : q1: 310, q2: 134
transitions cumulative       : q1->q2: 134, q2->q1: 10
Gym endings cumulative       : terminated=300, truncated=0

[Episode 400/8000 | last 100]
success rate                : 3.0% (cumulative 3.2%)
synthetic task reward       : 300.000
shaping reward              : -1206.908
learning reward             : -906.908
episode length              : 97.3
abstract changes / episode  : 13.0
completed cycles / episode   : 0.03
automaton changes / episode  : 0.40
automaton changes in window  : q1->q2: 37, q2->q1: 3
epsilon (next episode)       : 0.85212
replay buffer                : 37184 samples [q1: 67.7%, q2: 32.3%]
state visits in window        : q1: 7256, q2: 2575
state visits cumulative       : q1: 25416, q2: 12168
state entries in window       : q1: 103, q2: 37
state entries cumulative      : q1: 413, q2: 171
transitions cumulative       : q1->q2: 171, q2->q1: 13
Gym endings cumulative       : terminated=400, truncated=0

[Episode 500/8000 | last 100]
success rate                : 3.0% (cumulative 3.2%)
synthetic task reward       : 300.000
shaping reward              : -772.777
learning reward             : -472.777
episode length              : 94.3
abstract changes / episode  : 12.7
completed cycles / episode   : 0.03
automaton changes / episode  : 0.46
automaton changes in window  : q1->q2: 43, q2->q1: 3
epsilon (next episode)       : 0.81870
replay buffer                : 46611 samples [q1: 68.0%, q2: 32.0%]
state visits in window        : q1: 6582, q2: 2945
state visits cumulative       : q1: 31998, q2: 15113
state entries in window       : q1: 103, q2: 43
state entries cumulative      : q1: 516, q2: 214
transitions cumulative       : q1->q2: 214, q2->q1: 16
Gym endings cumulative       : terminated=500, truncated=0

[Episode 600/8000 | last 100]
success rate                : 6.0% (cumulative 3.7%)
synthetic task reward       : 600.000
shaping reward              : -794.286
learning reward             : -194.286
episode length              : 100.8
abstract changes / episode  : 12.9
completed cycles / episode   : 0.06
automaton changes / episode  : 0.51
automaton changes in window  : q1->q2: 45, q2->q1: 6
epsilon (next episode)       : 0.78659
replay buffer                : 56696 samples [q1: 68.3%, q2: 31.7%]
state visits in window        : q1: 7100, q2: 3085
state visits cumulative       : q1: 39098, q2: 18198
state entries in window       : q1: 106, q2: 45
state entries cumulative      : q1: 622, q2: 259
transitions cumulative       : q1->q2: 259, q2->q1: 22
Gym endings cumulative       : terminated=600, truncated=0

[Episode 700/8000 | last 100]
success rate                : 5.0% (cumulative 3.9%)
synthetic task reward       : 500.000
shaping reward              : -999.138
learning reward             : -499.138
episode length              : 109.3
abstract changes / episode  : 12.9
completed cycles / episode   : 0.05
automaton changes / episode  : 0.46
automaton changes in window  : q1->q2: 41, q2->q1: 5
epsilon (next episode)       : 0.75574
replay buffer                : 67624 samples [q1: 69.3%, q2: 30.7%]
state visits in window        : q1: 8184, q2: 2844
state visits cumulative       : q1: 47282, q2: 21042
state entries in window       : q1: 105, q2: 41
state entries cumulative      : q1: 727, q2: 300
transitions cumulative       : q1->q2: 300, q2->q1: 27
Gym endings cumulative       : terminated=700, truncated=0

[Episode 800/8000 | last 100]
success rate                : 17.0% (cumulative 5.5%)
synthetic task reward       : 1700.000
shaping reward              : -987.168
learning reward             : 712.832
episode length              : 103.8
abstract changes / episode  : 12.8
completed cycles / episode   : 0.17
automaton changes / episode  : 0.70
automaton changes in window  : q1->q2: 53, q2->q1: 17
epsilon (next episode)       : 0.72610
replay buffer                : 78000 samples [q1: 68.5%, q2: 31.5%]
state visits in window        : q1: 6650, q2: 3826
state visits cumulative       : q1: 53932, q2: 24868
state entries in window       : q1: 117, q2: 53
state entries cumulative      : q1: 844, q2: 353
transitions cumulative       : q1->q2: 353, q2->q1: 44
Gym endings cumulative       : terminated=800, truncated=0
Best policy updated at episode 800: mean learning reward=712.832

[Episode 900/8000 | last 100]
success rate                : 13.0% (cumulative 6.3%)
synthetic task reward       : 1300.000
shaping reward              : -1434.882
learning reward             : -134.882
episode length              : 117.9
abstract changes / episode  : 12.5
completed cycles / episode   : 0.13
automaton changes / episode  : 0.54
automaton changes in window  : q1->q2: 41, q2->q1: 13
epsilon (next episode)       : 0.69763
replay buffer                : 89793 samples [q1: 69.4%, q2: 30.6%]
state visits in window        : q1: 8925, q2: 2968
state visits cumulative       : q1: 62857, q2: 27836
state entries in window       : q1: 113, q2: 41
state entries cumulative      : q1: 957, q2: 394
transitions cumulative       : q1->q2: 394, q2->q1: 57
Gym endings cumulative       : terminated=900, truncated=0

[Episode 1000/8000 | last 100]
success rate                : 14.0% (cumulative 7.1%)
synthetic task reward       : 1400.000
shaping reward              : -1456.830
learning reward             : -56.830
episode length              : 112.0
abstract changes / episode  : 12.8
completed cycles / episode   : 0.14
automaton changes / episode  : 0.56
automaton changes in window  : q1->q2: 42, q2->q1: 14
epsilon (next episode)       : 0.67027
replay buffer                : 100998 samples [q1: 69.8%, q2: 30.2%]
state visits in window        : q1: 8263, q2: 3042
state visits cumulative       : q1: 71120, q2: 30878
state entries in window       : q1: 114, q2: 42
state entries cumulative      : q1: 1071, q2: 436
transitions cumulative       : q1->q2: 436, q2->q1: 71
Gym endings cumulative       : terminated=1000, truncated=0

[Episode 1100/8000 | last 100]
success rate                : 11.0% (cumulative 7.5%)
synthetic task reward       : 1100.000
shaping reward              : -1239.159
learning reward             : -139.159
episode length              : 110.8
abstract changes / episode  : 12.7
completed cycles / episode   : 0.11
automaton changes / episode  : 0.53
automaton changes in window  : q1->q2: 42, q2->q1: 11
epsilon (next episode)       : 0.64398
replay buffer                : 112078 samples [q1: 70.1%, q2: 29.9%]
state visits in window        : q1: 8171, q2: 3009
state visits cumulative       : q1: 79291, q2: 33887
state entries in window       : q1: 111, q2: 42
state entries cumulative      : q1: 1182, q2: 478
transitions cumulative       : q1->q2: 478, q2->q1: 82
Gym endings cumulative       : terminated=1100, truncated=0

[Episode 1200/8000 | last 100]
success rate                : 24.0% (cumulative 8.8%)
synthetic task reward       : 2400.000
shaping reward              : -1175.538
learning reward             : 1224.462
episode length              : 114.8
abstract changes / episode  : 13.0
completed cycles / episode   : 0.24
automaton changes / episode  : 0.80
automaton changes in window  : q1->q2: 56, q2->q1: 24
epsilon (next episode)       : 0.61872
replay buffer                : 123556 samples [q1: 69.5%, q2: 30.5%]
state visits in window        : q1: 7343, q2: 4235
state visits cumulative       : q1: 86634, q2: 38122
state entries in window       : q1: 124, q2: 56
state entries cumulative      : q1: 1306, q2: 534
transitions cumulative       : q1->q2: 534, q2->q1: 106
Gym endings cumulative       : terminated=1200, truncated=0
Best policy updated at episode 1200: mean learning reward=1224.462

[Episode 1300/8000 | last 100]
success rate                : 12.0% (cumulative 9.1%)
synthetic task reward       : 1200.000
shaping reward              : -948.292
learning reward             : 251.708
episode length              : 119.7
abstract changes / episode  : 13.2
completed cycles / episode   : 0.12
automaton changes / episode  : 0.57
automaton changes in window  : q1->q2: 45, q2->q1: 12
epsilon (next episode)       : 0.59446
replay buffer                : 135522 samples [q1: 69.8%, q2: 30.2%]
state visits in window        : q1: 8830, q2: 3236
state visits cumulative       : q1: 95464, q2: 41358
state entries in window       : q1: 112, q2: 45
state entries cumulative      : q1: 1418, q2: 579
transitions cumulative       : q1->q2: 579, q2->q1: 118
Gym endings cumulative       : terminated=1300, truncated=0

[Episode 1400/8000 | last 100]
success rate                : 25.0% (cumulative 10.2%)
synthetic task reward       : 2500.000
shaping reward              : -1558.989
learning reward             : 941.011
episode length              : 125.7
abstract changes / episode  : 13.3
completed cycles / episode   : 0.25
automaton changes / episode  : 0.78
automaton changes in window  : q1->q2: 53, q2->q1: 25
epsilon (next episode)       : 0.57115
replay buffer                : 148090 samples [q1: 69.8%, q2: 30.2%]
state visits in window        : q1: 8825, q2: 3843
state visits cumulative       : q1: 104289, q2: 45201
state entries in window       : q1: 125, q2: 53
state entries cumulative      : q1: 1543, q2: 632
transitions cumulative       : q1->q2: 632, q2->q1: 143
Gym endings cumulative       : terminated=1400, truncated=0

[Episode 1500/8000 | last 100]
success rate                : 17.0% (cumulative 10.7%)
synthetic task reward       : 1700.000
shaping reward              : -1285.373
learning reward             : 414.627
episode length              : 127.9
abstract changes / episode  : 13.6
completed cycles / episode   : 0.17
automaton changes / episode  : 0.63
automaton changes in window  : q1->q2: 46, q2->q1: 17
epsilon (next episode)       : 0.54875
replay buffer                : 160877 samples [q1: 70.2%, q2: 29.8%]
state visits in window        : q1: 9551, q2: 3336
state visits cumulative       : q1: 113840, q2: 48537
state entries in window       : q1: 117, q2: 46
state entries cumulative      : q1: 1660, q2: 678
transitions cumulative       : q1->q2: 678, q2->q1: 160
Gym endings cumulative       : terminated=1500, truncated=0

[Episode 1600/8000 | last 100]
success rate                : 17.0% (cumulative 11.1%)
synthetic task reward       : 1700.000
shaping reward              : -1634.299
learning reward             : 65.701
episode length              : 141.7
abstract changes / episode  : 13.7
completed cycles / episode   : 0.17
automaton changes / episode  : 0.58
automaton changes in window  : q1->q2: 41, q2->q1: 17
epsilon (next episode)       : 0.52722
replay buffer                : 175044 samples [q1: 71.0%, q2: 29.0%]
state visits in window        : q1: 11427, q2: 2840
state visits cumulative       : q1: 125267, q2: 51377
state entries in window       : q1: 117, q2: 41
state entries cumulative      : q1: 1777, q2: 719
transitions cumulative       : q1->q2: 719, q2->q1: 177
Gym endings cumulative       : terminated=1600, truncated=0

[Episode 1700/8000 | last 100]
success rate                : 22.0% (cumulative 11.7%)
synthetic task reward       : 2200.000
shaping reward              : -1121.397
learning reward             : 1078.603
episode length              : 143.5
abstract changes / episode  : 13.8
completed cycles / episode   : 0.22
automaton changes / episode  : 0.75
automaton changes in window  : q1->q2: 53, q2->q1: 22
epsilon (next episode)       : 0.50655
replay buffer                : 189391 samples [q1: 71.1%, q2: 28.9%]
state visits in window        : q1: 10605, q2: 3842
state visits cumulative       : q1: 135872, q2: 55219
state entries in window       : q1: 122, q2: 53
state entries cumulative      : q1: 1899, q2: 772
transitions cumulative       : q1->q2: 772, q2->q1: 199
Gym endings cumulative       : terminated=1700, truncated=0

[Episode 1800/8000 | last 100]
success rate                : 22.0% (cumulative 12.3%)
synthetic task reward       : 2200.000
shaping reward              : -1159.048
learning reward             : 1040.952
episode length              : 140.7
abstract changes / episode  : 14.1
completed cycles / episode   : 0.22
automaton changes / episode  : 0.74
automaton changes in window  : q1->q2: 52, q2->q1: 22
epsilon (next episode)       : 0.48668
replay buffer                : 203460 samples [q1: 71.3%, q2: 28.7%]
state visits in window        : q1: 10444, q2: 3725
state visits cumulative       : q1: 146316, q2: 58944
state entries in window       : q1: 122, q2: 52
state entries cumulative      : q1: 2021, q2: 824
transitions cumulative       : q1->q2: 824, q2->q1: 221
Gym endings cumulative       : terminated=1800, truncated=0

[Episode 1900/8000 | last 100]
success rate                : 26.0% (cumulative 13.0%)
synthetic task reward       : 2600.000
shaping reward              : -1397.265
learning reward             : 1202.735
episode length              : 137.1
abstract changes / episode  : 13.6
completed cycles / episode   : 0.26
automaton changes / episode  : 0.79
automaton changes in window  : q1->q2: 53, q2->q1: 26
epsilon (next episode)       : 0.46760
replay buffer                : 217166 samples [q1: 71.3%, q2: 28.7%]
state visits in window        : q1: 9881, q2: 3925
state visits cumulative       : q1: 156197, q2: 62869
state entries in window       : q1: 126, q2: 53
state entries cumulative      : q1: 2147, q2: 877
transitions cumulative       : q1->q2: 877, q2->q1: 247
Gym endings cumulative       : terminated=1900, truncated=0

[Episode 2000/8000 | last 100]
success rate                : 22.0% (cumulative 13.5%)
synthetic task reward       : 2200.000
shaping reward              : -575.224
learning reward             : 1624.776
episode length              : 147.7
abstract changes / episode  : 14.2
completed cycles / episode   : 0.22
automaton changes / episode  : 0.80
automaton changes in window  : q1->q2: 58, q2->q1: 22
epsilon (next episode)       : 0.44926
replay buffer                : 231931 samples [q1: 71.3%, q2: 28.7%]
state visits in window        : q1: 10601, q2: 4264
state visits cumulative       : q1: 166798, q2: 67133
state entries in window       : q1: 122, q2: 58
state entries cumulative      : q1: 2269, q2: 935
transitions cumulative       : q1->q2: 935, q2->q1: 269
Gym endings cumulative       : terminated=2000, truncated=0
Best policy updated at episode 2000: mean learning reward=1624.776

[Episode 2100/8000 | last 100]
success rate                : 32.0% (cumulative 14.3%)
synthetic task reward       : 3200.000
shaping reward              : -1228.154
learning reward             : 1971.846
episode length              : 152.1
abstract changes / episode  : 14.1
completed cycles / episode   : 0.32
automaton changes / episode  : 0.93
automaton changes in window  : q1->q2: 61, q2->q1: 32
epsilon (next episode)       : 0.43164
replay buffer                : 247139 samples [q1: 71.4%, q2: 28.6%]
state visits in window        : q1: 10970, q2: 4338
state visits cumulative       : q1: 177768, q2: 71471
state entries in window       : q1: 132, q2: 61
state entries cumulative      : q1: 2401, q2: 996
transitions cumulative       : q1->q2: 996, q2->q1: 301
Gym endings cumulative       : terminated=2100, truncated=0
Best policy updated at episode 2100: mean learning reward=1971.846

[Episode 2200/8000 | last 100]
success rate                : 28.0% (cumulative 15.0%)
synthetic task reward       : 2800.000
shaping reward              : -618.497
learning reward             : 2181.503
episode length              : 153.8
abstract changes / episode  : 13.9
completed cycles / episode   : 0.28
automaton changes / episode  : 0.89
automaton changes in window  : q1->q2: 61, q2->q1: 28
epsilon (next episode)       : 0.41471
replay buffer                : 262523 samples [q1: 71.4%, q2: 28.6%]
state visits in window        : q1: 11138, q2: 4346
state visits cumulative       : q1: 188906, q2: 75817
state entries in window       : q1: 128, q2: 61
state entries cumulative      : q1: 2529, q2: 1057
transitions cumulative       : q1->q2: 1057, q2->q1: 329
Gym endings cumulative       : terminated=2200, truncated=0
Best policy updated at episode 2200: mean learning reward=2181.503

[Episode 2300/8000 | last 100]
success rate                : 23.0% (cumulative 15.3%)
synthetic task reward       : 2300.000
shaping reward              : 520.783
learning reward             : 2820.783
episode length              : 160.7
abstract changes / episode  : 13.8
completed cycles / episode   : 0.23
automaton changes / episode  : 0.94
automaton changes in window  : q1->q2: 71, q2->q1: 23
epsilon (next episode)       : 0.39845
replay buffer                : 278588 samples [q1: 71.3%, q2: 28.7%]
state visits in window        : q1: 11149, q2: 5016
state visits cumulative       : q1: 200055, q2: 80833
state entries in window       : q1: 123, q2: 71
state entries cumulative      : q1: 2652, q2: 1128
transitions cumulative       : q1->q2: 1128, q2->q1: 352
Gym endings cumulative       : terminated=2300, truncated=0
Best policy updated at episode 2300: mean learning reward=2820.783

[Episode 2400/8000 | last 100]
success rate                : 27.0% (cumulative 15.8%)
synthetic task reward       : 2700.000
shaping reward              : -615.600
learning reward             : 2084.400
episode length              : 175.1
abstract changes / episode  : 15.1
completed cycles / episode   : 0.27
automaton changes / episode  : 0.90
automaton changes in window  : q1->q2: 63, q2->q1: 27
epsilon (next episode)       : 0.38282
replay buffer                : 296094 samples [q1: 71.5%, q2: 28.5%]
state visits in window        : q1: 13137, q2: 4469
state visits cumulative       : q1: 213192, q2: 85302
state entries in window       : q1: 127, q2: 63
state entries cumulative      : q1: 2779, q2: 1191
transitions cumulative       : q1->q2: 1191, q2->q1: 379
Gym endings cumulative       : terminated=2400, truncated=0

[Episode 2500/8000 | last 100]
success rate                : 33.0% (cumulative 16.5%)
synthetic task reward       : 3300.000
shaping reward              : 299.321
learning reward             : 3599.321
episode length              : 178.3
abstract changes / episode  : 14.7
completed cycles / episode   : 0.33
automaton changes / episode  : 1.12
automaton changes in window  : q1->q2: 79, q2->q1: 33
epsilon (next episode)       : 0.36781
replay buffer                : 300000 samples [q1: 71.6%, q2: 28.4%]
state visits in window        : q1: 12267, q2: 5659
state visits cumulative       : q1: 225459, q2: 90961
state entries in window       : q1: 133, q2: 79
state entries cumulative      : q1: 2912, q2: 1270
transitions cumulative       : q1->q2: 1270, q2->q1: 412
Gym endings cumulative       : terminated=2500, truncated=0
Best policy updated at episode 2500: mean learning reward=3599.321

[Episode 2600/8000 | last 100]
success rate                : 28.0% (cumulative 16.9%)
synthetic task reward       : 2800.000
shaping reward              : 458.748
learning reward             : 3258.748
episode length              : 177.4
abstract changes / episode  : 15.0
completed cycles / episode   : 0.28
automaton changes / episode  : 1.03
automaton changes in window  : q1->q2: 75, q2->q1: 28
epsilon (next episode)       : 0.35338
replay buffer                : 300000 samples [q1: 71.6%, q2: 28.4%]
state visits in window        : q1: 12331, q2: 5513
state visits cumulative       : q1: 237790, q2: 96474
state entries in window       : q1: 128, q2: 75
state entries cumulative      : q1: 3040, q2: 1345
transitions cumulative       : q1->q2: 1345, q2->q1: 440
Gym endings cumulative       : terminated=2600, truncated=0

[Episode 2700/8000 | last 100]
success rate                : 24.0% (cumulative 17.2%)
synthetic task reward       : 2400.000
shaping reward              : -6.081
learning reward             : 2393.919
episode length              : 195.5
abstract changes / episode  : 16.6
completed cycles / episode   : 0.24
automaton changes / episode  : 0.90
automaton changes in window  : q1->q2: 66, q2->q1: 24
epsilon (next episode)       : 0.33952
replay buffer                : 300000 samples [q1: 71.8%, q2: 28.2%]
state visits in window        : q1: 14832, q2: 4822
state visits cumulative       : q1: 252622, q2: 101296
state entries in window       : q1: 124, q2: 66
state entries cumulative      : q1: 3164, q2: 1411
transitions cumulative       : q1->q2: 1411, q2->q1: 464
Gym endings cumulative       : terminated=2700, truncated=0

[Episode 2800/8000 | last 100]
success rate                : 36.0% (cumulative 17.9%)
synthetic task reward       : 3700.000
shaping reward              : -730.107
learning reward             : 2969.893
episode length              : 228.9
abstract changes / episode  : 17.6
completed cycles / episode   : 0.37
automaton changes / episode  : 1.08
automaton changes in window  : q1->q2: 71, q2->q1: 37
epsilon (next episode)       : 0.32621
replay buffer                : 300000 samples [q1: 72.6%, q2: 27.4%]
state visits in window        : q1: 17766, q2: 5223
state visits cumulative       : q1: 270388, q2: 106519
state entries in window       : q1: 137, q2: 71
state entries cumulative      : q1: 3301, q2: 1482
transitions cumulative       : q1->q2: 1482, q2->q1: 501
Gym endings cumulative       : terminated=2800, truncated=0

[Episode 2900/8000 | last 100]
success rate                : 46.0% (cumulative 18.8%)
synthetic task reward       : 4600.000
shaping reward              : 50.264
learning reward             : 4650.264
episode length              : 210.3
abstract changes / episode  : 16.8
completed cycles / episode   : 0.46
automaton changes / episode  : 1.38
automaton changes in window  : q1->q2: 92, q2->q1: 46
epsilon (next episode)       : 0.31341
replay buffer                : 300000 samples [q1: 72.5%, q2: 27.5%]
state visits in window        : q1: 14856, q2: 6278
state visits cumulative       : q1: 285244, q2: 112797
state entries in window       : q1: 146, q2: 92
state entries cumulative      : q1: 3447, q2: 1574
transitions cumulative       : q1->q2: 1574, q2->q1: 547
Gym endings cumulative       : terminated=2900, truncated=0
Best policy updated at episode 2900: mean learning reward=4650.264

[Episode 3000/8000 | last 100]
success rate                : 43.0% (cumulative 19.6%)
synthetic task reward       : 4300.000
shaping reward              : -117.218
learning reward             : 4182.782
episode length              : 192.1
abstract changes / episode  : 17.0
completed cycles / episode   : 0.43
automaton changes / episode  : 1.29
automaton changes in window  : q1->q2: 86, q2->q1: 43
epsilon (next episode)       : 0.30112
replay buffer                : 300000 samples [q1: 72.0%, q2: 28.0%]
state visits in window        : q1: 12831, q2: 6477
state visits cumulative       : q1: 298075, q2: 119274
state entries in window       : q1: 143, q2: 86
state entries cumulative      : q1: 3590, q2: 1660
transitions cumulative       : q1->q2: 1660, q2->q1: 590
Gym endings cumulative       : terminated=3000, truncated=0

[Episode 3100/8000 | last 100]
success rate                : 38.0% (cumulative 20.2%)
synthetic task reward       : 3800.000
shaping reward              : 132.680
learning reward             : 3932.680
episode length              : 200.2
abstract changes / episode  : 18.2
completed cycles / episode   : 0.38
automaton changes / episode  : 1.23
automaton changes in window  : q1->q2: 85, q2->q1: 38
epsilon (next episode)       : 0.28931
replay buffer                : 300000 samples [q1: 72.0%, q2: 28.0%]
state visits in window        : q1: 13672, q2: 6451
state visits cumulative       : q1: 311747, q2: 125725
state entries in window       : q1: 138, q2: 85
state entries cumulative      : q1: 3728, q2: 1745
transitions cumulative       : q1->q2: 1745, q2->q1: 628
Gym endings cumulative       : terminated=3100, truncated=0

[Episode 3200/8000 | last 100]
success rate                : 24.0% (cumulative 20.3%)
synthetic task reward       : 2400.000
shaping reward              : 1156.694
learning reward             : 3556.694
episode length              : 210.8
abstract changes / episode  : 18.8
completed cycles / episode   : 0.24
automaton changes / episode  : 1.07
automaton changes in window  : q1->q2: 83, q2->q1: 24
epsilon (next episode)       : 0.27797
replay buffer                : 300000 samples [q1: 71.7%, q2: 28.3%]
state visits in window        : q1: 14331, q2: 6844
state visits cumulative       : q1: 326078, q2: 132569
state entries in window       : q1: 124, q2: 83
state entries cumulative      : q1: 3852, q2: 1828
transitions cumulative       : q1->q2: 1828, q2->q1: 652
Gym endings cumulative       : terminated=3200, truncated=0

[Episode 3300/8000 | last 100]
success rate                : 43.0% (cumulative 21.0%)
synthetic task reward       : 4300.000
shaping reward              : -123.037
learning reward             : 4176.963
episode length              : 233.0
abstract changes / episode  : 20.2
completed cycles / episode   : 0.43
automaton changes / episode  : 1.31
automaton changes in window  : q1->q2: 88, q2->q1: 43
epsilon (next episode)       : 0.26706
replay buffer                : 300000 samples [q1: 70.8%, q2: 29.2%]
state visits in window        : q1: 15616, q2: 7784
state visits cumulative       : q1: 341694, q2: 140353
state entries in window       : q1: 143, q2: 88
state entries cumulative      : q1: 3995, q2: 1916
transitions cumulative       : q1->q2: 1916, q2->q1: 695
Gym endings cumulative       : terminated=3300, truncated=0

[Episode 3400/8000 | last 100]
success rate                : 51.0% (cumulative 21.9%)
synthetic task reward       : 5200.000
shaping reward              : -923.930
learning reward             : 4276.070
episode length              : 307.7
abstract changes / episode  : 24.9
completed cycles / episode   : 0.52
automaton changes / episode  : 1.41
automaton changes in window  : q1->q2: 89, q2->q1: 52
epsilon (next episode)       : 0.25659
replay buffer                : 300000 samples [q1: 70.8%, q2: 29.2%]
state visits in window        : q1: 22305, q2: 8561
state visits cumulative       : q1: 363999, q2: 148914
state entries in window       : q1: 152, q2: 89
state entries cumulative      : q1: 4147, q2: 2005
transitions cumulative       : q1->q2: 2005, q2->q1: 747
Gym endings cumulative       : terminated=3400, truncated=0

[Episode 3500/8000 | last 100]
success rate                : 41.0% (cumulative 22.5%)
synthetic task reward       : 4600.000
shaping reward              : 206.347
learning reward             : 4806.347
episode length              : 244.0
abstract changes / episode  : 21.4
completed cycles / episode   : 0.46
automaton changes / episode  : 1.42
automaton changes in window  : q1->q2: 96, q2->q1: 46
epsilon (next episode)       : 0.24653
replay buffer                : 300000 samples [q1: 69.9%, q2: 30.1%]
state visits in window        : q1: 14850, q2: 9650
state visits cumulative       : q1: 378849, q2: 158564
state entries in window       : q1: 146, q2: 96
state entries cumulative      : q1: 4293, q2: 2101
transitions cumulative       : q1->q2: 2101, q2->q1: 793
Gym endings cumulative       : terminated=3500, truncated=0
Best policy updated at episode 3500: mean learning reward=4806.347

[Episode 3600/8000 | last 100]
success rate                : 45.0% (cumulative 23.1%)
synthetic task reward       : 4600.000
shaping reward              : 888.427
learning reward             : 5488.427
episode length              : 197.3
abstract changes / episode  : 17.9
completed cycles / episode   : 0.46
automaton changes / episode  : 1.48
automaton changes in window  : q1->q2: 102, q2->q1: 46
epsilon (next episode)       : 0.23686
replay buffer                : 300000 samples [q1: 68.9%, q2: 31.1%]
state visits in window        : q1: 11422, q2: 8408
state visits cumulative       : q1: 390271, q2: 166972
state entries in window       : q1: 146, q2: 102
state entries cumulative      : q1: 4439, q2: 2203
transitions cumulative       : q1->q2: 2203, q2->q1: 839
Gym endings cumulative       : terminated=3600, truncated=0
Best policy updated at episode 3600: mean learning reward=5488.427

[Episode 3700/8000 | last 100]
success rate                : 37.0% (cumulative 23.5%)
synthetic task reward       : 3700.000
shaping reward              : 1955.668
learning reward             : 5655.668
episode length              : 182.1
abstract changes / episode  : 17.3
completed cycles / episode   : 0.37
automaton changes / episode  : 1.41
automaton changes in window  : q1->q2: 104, q2->q1: 37
epsilon (next episode)       : 0.22757
replay buffer                : 300000 samples [q1: 68.2%, q2: 31.8%]
state visits in window        : q1: 10151, q2: 8155
state visits cumulative       : q1: 400422, q2: 175127
state entries in window       : q1: 137, q2: 104
state entries cumulative      : q1: 4576, q2: 2307
transitions cumulative       : q1->q2: 2307, q2->q1: 876
Gym endings cumulative       : terminated=3700, truncated=0
Best policy updated at episode 3700: mean learning reward=5655.668

[Episode 3800/8000 | last 100]
success rate                : 51.0% (cumulative 24.2%)
synthetic task reward       : 5200.000
shaping reward              : 75.636
learning reward             : 5275.636
episode length              : 176.9
abstract changes / episode  : 17.2
completed cycles / episode   : 0.52
automaton changes / episode  : 1.50
automaton changes in window  : q1->q2: 98, q2->q1: 52
epsilon (next episode)       : 0.21865
replay buffer                : 300000 samples [q1: 67.3%, q2: 32.7%]
state visits in window        : q1: 10800, q2: 6990
state visits cumulative       : q1: 411222, q2: 182117
state entries in window       : q1: 152, q2: 98
state entries cumulative      : q1: 4728, q2: 2405
transitions cumulative       : q1->q2: 2405, q2->q1: 928
Gym endings cumulative       : terminated=3800, truncated=0

[Episode 3900/8000 | last 100]
success rate                : 41.0% (cumulative 24.6%)
synthetic task reward       : 4300.000
shaping reward              : 1256.248
learning reward             : 5556.248
episode length              : 176.0
abstract changes / episode  : 16.6
completed cycles / episode   : 0.43
automaton changes / episode  : 1.45
automaton changes in window  : q1->q2: 102, q2->q1: 43
epsilon (next episode)       : 0.21007
replay buffer                : 300000 samples [q1: 66.5%, q2: 33.5%]
state visits in window        : q1: 10158, q2: 7541
state visits cumulative       : q1: 421380, q2: 189658
state entries in window       : q1: 143, q2: 102
state entries cumulative      : q1: 4871, q2: 2507
transitions cumulative       : q1->q2: 2507, q2->q1: 971
Gym endings cumulative       : terminated=3900, truncated=0

[Episode 4000/8000 | last 100]
success rate                : 50.0% (cumulative 25.2%)
synthetic task reward       : 5200.000
shaping reward              : 707.005
learning reward             : 5907.005
episode length              : 202.5
abstract changes / episode  : 18.0
completed cycles / episode   : 0.52
automaton changes / episode  : 1.57
automaton changes in window  : q1->q2: 105, q2->q1: 52
epsilon (next episode)       : 0.20183
replay buffer                : 300000 samples [q1: 66.2%, q2: 33.8%]
state visits in window        : q1: 12462, q2: 7887
state visits cumulative       : q1: 433842, q2: 197545
state entries in window       : q1: 152, q2: 105
state entries cumulative      : q1: 5023, q2: 2612
transitions cumulative       : q1->q2: 2612, q2->q1: 1023
Gym endings cumulative       : terminated=4000, truncated=0
Best policy updated at episode 4000: mean learning reward=5907.005

[Episode 4100/8000 | last 100]
success rate                : 52.0% (cumulative 25.9%)
synthetic task reward       : 5400.000
shaping reward              : 768.411
learning reward             : 6168.411
episode length              : 192.7
abstract changes / episode  : 18.5
completed cycles / episode   : 0.54
automaton changes / episode  : 1.63
automaton changes in window  : q1->q2: 109, q2->q1: 54
epsilon (next episode)       : 0.19392
replay buffer                : 300000 samples [q1: 64.8%, q2: 35.2%]
state visits in window        : q1: 10515, q2: 8859
state visits cumulative       : q1: 444357, q2: 206404
state entries in window       : q1: 154, q2: 109
state entries cumulative      : q1: 5177, q2: 2721
transitions cumulative       : q1->q2: 2721, q2->q1: 1077
Gym endings cumulative       : terminated=4100, truncated=0
Best policy updated at episode 4100: mean learning reward=6168.411

[Episode 4200/8000 | last 100]
success rate                : 53.0% (cumulative 26.5%)
synthetic task reward       : 5900.000
shaping reward              : 218.987
learning reward             : 6118.987
episode length              : 199.7
abstract changes / episode  : 18.8
completed cycles / episode   : 0.59
automaton changes / episode  : 1.67
automaton changes in window  : q1->q2: 108, q2->q1: 59
epsilon (next episode)       : 0.18631
replay buffer                : 300000 samples [q1: 63.8%, q2: 36.2%]
state visits in window        : q1: 11761, q2: 8306
state visits cumulative       : q1: 456118, q2: 214710
state entries in window       : q1: 159, q2: 108
state entries cumulative      : q1: 5336, q2: 2829
transitions cumulative       : q1->q2: 2829, q2->q1: 1136
Gym endings cumulative       : terminated=4200, truncated=0

[Episode 4300/8000 | last 100]
success rate                : 60.0% (cumulative 27.3%)
synthetic task reward       : 6700.000
shaping reward              : 16.597
learning reward             : 6716.597
episode length              : 228.0
abstract changes / episode  : 21.3
completed cycles / episode   : 0.67
automaton changes / episode  : 1.81
automaton changes in window  : q1->q2: 114, q2->q1: 67
epsilon (next episode)       : 0.17900
replay buffer                : 300000 samples [q1: 62.3%, q2: 37.7%]
state visits in window        : q1: 13210, q2: 9686
state visits cumulative       : q1: 469328, q2: 224396
state entries in window       : q1: 167, q2: 114
state entries cumulative      : q1: 5503, q2: 2943
transitions cumulative       : q1->q2: 2943, q2->q1: 1203
Gym endings cumulative       : terminated=4300, truncated=0
Best policy updated at episode 4300: mean learning reward=6716.597

[Episode 4400/8000 | last 100]
success rate                : 62.0% (cumulative 28.1%)
synthetic task reward       : 7000.000
shaping reward              : -16.104
learning reward             : 6983.896
episode length              : 223.0
abstract changes / episode  : 20.9
completed cycles / episode   : 0.70
automaton changes / episode  : 1.85
automaton changes in window  : q1->q2: 115, q2->q1: 70
epsilon (next episode)       : 0.17198
replay buffer                : 300000 samples [q1: 61.3%, q2: 38.7%]
state visits in window        : q1: 11677, q2: 10720
state visits cumulative       : q1: 481005, q2: 235116
state entries in window       : q1: 170, q2: 115
state entries cumulative      : q1: 5673, q2: 3058
transitions cumulative       : q1->q2: 3058, q2->q1: 1273
Gym endings cumulative       : terminated=4400, truncated=0
Best policy updated at episode 4400: mean learning reward=6983.896

[Episode 4500/8000 | last 100]
success rate                : 57.0% (cumulative 28.8%)
synthetic task reward       : 6600.000
shaping reward              : 613.646
learning reward             : 7213.646
episode length              : 301.7
abstract changes / episode  : 23.1
completed cycles / episode   : 0.66
automaton changes / episode  : 1.85
automaton changes in window  : q1->q2: 119, q2->q1: 66
epsilon (next episode)       : 0.16524
replay buffer                : 300000 samples [q1: 59.2%, q2: 40.8%]
state visits in window        : q1: 13907, q2: 16361
state visits cumulative       : q1: 494912, q2: 251477
state entries in window       : q1: 166, q2: 119
state entries cumulative      : q1: 5839, q2: 3177
transitions cumulative       : q1->q2: 3177, q2->q1: 1339
Gym endings cumulative       : terminated=4499, truncated=1
Best policy updated at episode 4500: mean learning reward=7213.646

[Episode 4600/8000 | last 100]
success rate                : 43.0% (cumulative 29.1%)
synthetic task reward       : 5400.000
shaping reward              : 2251.953
learning reward             : 7651.953
episode length              : 257.0
abstract changes / episode  : 24.0
completed cycles / episode   : 0.54
automaton changes / episode  : 1.79
automaton changes in window  : q1->q2: 125, q2->q1: 54
epsilon (next episode)       : 0.15876
replay buffer                : 300000 samples [q1: 58.0%, q2: 42.0%]
state visits in window        : q1: 14053, q2: 11750
state visits cumulative       : q1: 508965, q2: 263227
state entries in window       : q1: 154, q2: 125
state entries cumulative      : q1: 5993, q2: 3302
transitions cumulative       : q1->q2: 3302, q2->q1: 1393
Gym endings cumulative       : terminated=4599, truncated=1
Best policy updated at episode 4600: mean learning reward=7651.953

[Episode 4700/8000 | last 100]
success rate                : 59.0% (cumulative 29.7%)
synthetic task reward       : 7000.000
shaping reward              : 428.747
learning reward             : 7428.747
episode length              : 311.4
abstract changes / episode  : 23.7
completed cycles / episode   : 0.70
automaton changes / episode  : 1.90
automaton changes in window  : q1->q2: 120, q2->q1: 70
epsilon (next episode)       : 0.15253
replay buffer                : 300000 samples [q1: 55.0%, q2: 45.0%]
state visits in window        : q1: 13178, q2: 18066
state visits cumulative       : q1: 522143, q2: 281293
state entries in window       : q1: 170, q2: 120
state entries cumulative      : q1: 6163, q2: 3422
transitions cumulative       : q1->q2: 3422, q2->q1: 1463
Gym endings cumulative       : terminated=4698, truncated=2

[Episode 4800/8000 | last 100]
success rate                : 71.0% (cumulative 30.6%)
synthetic task reward       : 10500.000
shaping reward              : 483.790
learning reward             : 10983.790
episode length              : 444.0
abstract changes / episode  : 34.1
completed cycles / episode   : 1.05
automaton changes / episode  : 2.62
automaton changes in window  : q1->q2: 157, q2->q1: 105
epsilon (next episode)       : 0.14655
replay buffer                : 300000 samples [q1: 52.4%, q2: 47.6%]
state visits in window        : q1: 19485, q2: 25016
state visits cumulative       : q1: 541628, q2: 306309
state entries in window       : q1: 205, q2: 157
state entries cumulative      : q1: 6368, q2: 3579
transitions cumulative       : q1->q2: 3579, q2->q1: 1568
Gym endings cumulative       : terminated=4798, truncated=2
Best policy updated at episode 4800: mean learning reward=10983.790

[Episode 4900/8000 | last 100]
success rate                : 80.0% (cumulative 31.6%)
synthetic task reward       : 13200.000
shaping reward              : -251.310
learning reward             : 12948.690
episode length              : 592.1
abstract changes / episode  : 44.6
completed cycles / episode   : 1.32
automaton changes / episode  : 3.06
automaton changes in window  : q1->q2: 174, q2->q1: 132
epsilon (next episode)       : 0.14080
replay buffer                : 300000 samples [q1: 51.5%, q2: 48.5%]
state visits in window        : q1: 32334, q2: 26976
state visits cumulative       : q1: 573962, q2: 333285
state entries in window       : q1: 232, q2: 174
state entries cumulative      : q1: 6600, q2: 3753
transitions cumulative       : q1->q2: 3753, q2->q1: 1700
Gym endings cumulative       : terminated=4898, truncated=2
Best policy updated at episode 4900: mean learning reward=12948.690

[Episode 5000/8000 | last 100]
success rate                : 81.0% (cumulative 32.6%)
synthetic task reward       : 11100.000
shaping reward              : -467.480
learning reward             : 10632.520
episode length              : 540.9
abstract changes / episode  : 40.8
completed cycles / episode   : 1.11
automaton changes / episode  : 2.63
automaton changes in window  : q1->q2: 152, q2->q1: 111
epsilon (next episode)       : 0.13528
replay buffer                : 300000 samples [q1: 49.9%, q2: 50.1%]
state visits in window        : q1: 25901, q2: 28292
state visits cumulative       : q1: 599863, q2: 361577
state entries in window       : q1: 211, q2: 152
state entries cumulative      : q1: 6811, q2: 3905
transitions cumulative       : q1->q2: 3905, q2->q1: 1811
Gym endings cumulative       : terminated=4997, truncated=3

[Episode 5100/8000 | last 100]
success rate                : 72.0% (cumulative 33.3%)
synthetic task reward       : 9400.000
shaping reward              : -1170.502
learning reward             : 8229.498
episode length              : 364.4
abstract changes / episode  : 32.0
completed cycles / episode   : 0.94
automaton changes / episode  : 2.19
automaton changes in window  : q1->q2: 125, q2->q1: 94
epsilon (next episode)       : 0.12998
replay buffer                : 300000 samples [q1: 50.6%, q2: 49.4%]
state visits in window        : q1: 23929, q2: 12613
state visits cumulative       : q1: 623792, q2: 374190
state entries in window       : q1: 194, q2: 125
state entries cumulative      : q1: 7005, q2: 4030
transitions cumulative       : q1->q2: 4030, q2->q1: 1905
Gym endings cumulative       : terminated=5097, truncated=3

[Episode 5200/8000 | last 100]
success rate                : 83.0% (cumulative 34.3%)
synthetic task reward       : 10700.000
shaping reward              : -1792.511
learning reward             : 8907.489
episode length              : 320.1
abstract changes / episode  : 29.1
completed cycles / episode   : 1.07
automaton changes / episode  : 2.39
automaton changes in window  : q1->q2: 132, q2->q1: 107
epsilon (next episode)       : 0.12488
replay buffer                : 300000 samples [q1: 52.1%, q2: 47.9%]
state visits in window        : q1: 18906, q2: 13206
state visits cumulative       : q1: 642698, q2: 387396
state entries in window       : q1: 207, q2: 132
state entries cumulative      : q1: 7212, q2: 4162
transitions cumulative       : q1->q2: 4162, q2->q1: 2012
Gym endings cumulative       : terminated=5197, truncated=3

[Episode 5300/8000 | last 100]
success rate                : 86.0% (cumulative 35.3%)
synthetic task reward       : 20400.000
shaping reward              : -2018.593
learning reward             : 18381.407
episode length              : 691.7
abstract changes / episode  : 57.5
completed cycles / episode   : 2.04
automaton changes / episode  : 4.32
automaton changes in window  : q1->q2: 228, q2->q1: 204
epsilon (next episode)       : 0.11998
replay buffer                : 300000 samples [q1: 56.4%, q2: 43.6%]
state visits in window        : q1: 46471, q2: 22799
state visits cumulative       : q1: 689169, q2: 410195
state entries in window       : q1: 304, q2: 228
state entries cumulative      : q1: 7516, q2: 4390
transitions cumulative       : q1->q2: 4390, q2->q1: 2216
Gym endings cumulative       : terminated=5297, truncated=3
Best policy updated at episode 5300: mean learning reward=18381.407

[Episode 5400/8000 | last 100]
success rate                : 85.0% (cumulative 36.2%)
synthetic task reward       : 22900.000
shaping reward              : 399.098
learning reward             : 23299.098
episode length              : 839.9
abstract changes / episode  : 70.8
completed cycles / episode   : 2.29
automaton changes / episode  : 5.07
automaton changes in window  : q1->q2: 278, q2->q1: 229
epsilon (next episode)       : 0.11528
replay buffer                : 300000 samples [q1: 60.4%, q2: 39.6%]
state visits in window        : q1: 52550, q2: 31536
state visits cumulative       : q1: 741719, q2: 441731
state entries in window       : q1: 329, q2: 278
state entries cumulative      : q1: 7845, q2: 4668
transitions cumulative       : q1->q2: 4668, q2->q1: 2445
Gym endings cumulative       : terminated=5397, truncated=3
Best policy updated at episode 5400: mean learning reward=23299.098

[Episode 5500/8000 | last 100]
success rate                : 71.0% (cumulative 36.8%)
synthetic task reward       : 24800.000
shaping reward              : 106.524
learning reward             : 24906.524
episode length              : 1301.5
abstract changes / episode  : 87.7
completed cycles / episode   : 2.48
automaton changes / episode  : 5.39
automaton changes in window  : q1->q2: 291, q2->q1: 248
epsilon (next episode)       : 0.11075
replay buffer                : 300000 samples [q1: 64.3%, q2: 35.7%]
state visits in window        : q1: 84598, q2: 45653
state visits cumulative       : q1: 826317, q2: 487384
state entries in window       : q1: 348, q2: 291
state entries cumulative      : q1: 8193, q2: 4959
transitions cumulative       : q1->q2: 4959, q2->q1: 2693
Gym endings cumulative       : terminated=5492, truncated=8
Best policy updated at episode 5500: mean learning reward=24906.524

[Episode 5600/8000 | last 100]
success rate                : 93.0% (cumulative 37.8%)
synthetic task reward       : 26200.000
shaping reward              : -1375.892
learning reward             : 24824.108
episode length              : 1258.0
abstract changes / episode  : 89.1
completed cycles / episode   : 2.62
automaton changes / episode  : 5.48
automaton changes in window  : q1->q2: 286, q2->q1: 262
epsilon (next episode)       : 0.10641
replay buffer                : 300000 samples [q1: 66.0%, q2: 34.0%]
state visits in window        : q1: 85759, q2: 40138
state visits cumulative       : q1: 912076, q2: 527522
state entries in window       : q1: 362, q2: 286
state entries cumulative      : q1: 8555, q2: 5245
transitions cumulative       : q1->q2: 5245, q2->q1: 2955
Gym endings cumulative       : terminated=5588, truncated=12

[Episode 5700/8000 | last 100]
success rate                : 93.0% (cumulative 38.8%)
synthetic task reward       : 42200.000
shaping reward              : -2606.439
learning reward             : 39593.561
episode length              : 1463.7
abstract changes / episode  : 117.2
completed cycles / episode   : 4.22
automaton changes / episode  : 8.58
automaton changes in window  : q1->q2: 436, q2->q1: 422
epsilon (next episode)       : 0.10224
replay buffer                : 300000 samples [q1: 67.6%, q2: 32.4%]
state visits in window        : q1: 94745, q2: 51727
state visits cumulative       : q1: 1006821, q2: 579249
state entries in window       : q1: 522, q2: 436
state entries cumulative      : q1: 9077, q2: 5681
transitions cumulative       : q1->q2: 5681, q2->q1: 3377
Gym endings cumulative       : terminated=5683, truncated=17
Best policy updated at episode 5700: mean learning reward=39593.561

[Episode 5800/8000 | last 100]
success rate                : 98.0% (cumulative 39.8%)
synthetic task reward       : 49400.000
shaping reward              : -1737.622
learning reward             : 47662.378
episode length              : 1648.2
abstract changes / episode  : 140.2
completed cycles / episode   : 4.94
automaton changes / episode  : 10.12
automaton changes in window  : q1->q2: 518, q2->q1: 494
epsilon (next episode)       : 0.09823
replay buffer                : 300000 samples [q1: 65.5%, q2: 34.5%]
state visits in window        : q1: 108763, q2: 56159
state visits cumulative       : q1: 1115584, q2: 635408
state entries in window       : q1: 594, q2: 518
state entries cumulative      : q1: 9671, q2: 6199
transitions cumulative       : q1->q2: 6199, q2->q1: 3871
Gym endings cumulative       : terminated=5776, truncated=24
Best policy updated at episode 5800: mean learning reward=47662.378

[Episode 5900/8000 | last 100]
success rate                : 96.0% (cumulative 40.8%)
synthetic task reward       : 60900.000
shaping reward              : -1115.034
learning reward             : 59784.966
episode length              : 2016.0
abstract changes / episode  : 167.9
completed cycles / episode   : 6.09
automaton changes / episode  : 12.49
automaton changes in window  : q1->q2: 640, q2->q1: 609
epsilon (next episode)       : 0.09438
replay buffer                : 300000 samples [q1: 62.6%, q2: 37.4%]
state visits in window        : q1: 123499, q2: 78205
state visits cumulative       : q1: 1239083, q2: 713613
state entries in window       : q1: 709, q2: 640
state entries cumulative      : q1: 10380, q2: 6839
transitions cumulative       : q1->q2: 6839, q2->q1: 4480
Gym endings cumulative       : terminated=5863, truncated=37
Best policy updated at episode 5900: mean learning reward=59784.966

[Episode 6000/8000 | last 100]
success rate                : 96.0% (cumulative 41.7%)
synthetic task reward       : 46000.000
shaping reward              : -1382.865
learning reward             : 44617.135
episode length              : 1589.6
abstract changes / episode  : 134.1
completed cycles / episode   : 4.60
automaton changes / episode  : 9.47
automaton changes in window  : q1->q2: 487, q2->q1: 460
epsilon (next episode)       : 0.09067
replay buffer                : 300000 samples [q1: 60.0%, q2: 40.0%]
state visits in window        : q1: 95394, q2: 63664
state visits cumulative       : q1: 1334477, q2: 777277
state entries in window       : q1: 560, q2: 487
state entries cumulative      : q1: 10940, q2: 7326
transitions cumulative       : q1->q2: 7326, q2->q1: 4940
Gym endings cumulative       : terminated=5958, truncated=42

[Episode 6100/8000 | last 100]
success rate                : 89.0% (cumulative 42.5%)
synthetic task reward       : 47100.000
shaping reward              : -1697.701
learning reward             : 45402.299
episode length              : 1621.8
abstract changes / episode  : 139.2
completed cycles / episode   : 4.71
automaton changes / episode  : 9.67
automaton changes in window  : q1->q2: 496, q2->q1: 471
epsilon (next episode)       : 0.08712
replay buffer                : 300000 samples [q1: 58.6%, q2: 41.4%]
state visits in window        : q1: 93246, q2: 69034
state visits cumulative       : q1: 1427723, q2: 846311
state entries in window       : q1: 571, q2: 496
state entries cumulative      : q1: 11511, q2: 7822
transitions cumulative       : q1->q2: 7822, q2->q1: 5411
Gym endings cumulative       : terminated=6050, truncated=50

[Episode 6200/8000 | last 100]
success rate                : 89.0% (cumulative 43.2%)
synthetic task reward       : 47300.000
shaping reward              : 40.961
learning reward             : 47340.961
episode length              : 1611.4
abstract changes / episode  : 145.0
completed cycles / episode   : 4.73
automaton changes / episode  : 9.91
automaton changes in window  : q1->q2: 518, q2->q1: 473
epsilon (next episode)       : 0.08370
replay buffer                : 300000 samples [q1: 59.0%, q2: 41.0%]
state visits in window        : q1: 97741, q2: 63497
state visits cumulative       : q1: 1525464, q2: 909808
state entries in window       : q1: 573, q2: 518
state entries cumulative      : q1: 12084, q2: 8340
transitions cumulative       : q1->q2: 8340, q2->q1: 5884
Gym endings cumulative       : terminated=6145, truncated=55

[Episode 6300/8000 | last 100]
success rate                : 95.0% (cumulative 44.0%)
synthetic task reward       : 48800.000
shaping reward              : -1818.330
learning reward             : 46981.670
episode length              : 1531.7
abstract changes / episode  : 141.1
completed cycles / episode   : 4.88
automaton changes / episode  : 10.02
automaton changes in window  : q1->q2: 514, q2->q1: 488
epsilon (next episode)       : 0.08042
replay buffer                : 300000 samples [q1: 61.7%, q2: 38.3%]
state visits in window        : q1: 94721, q2: 58550
state visits cumulative       : q1: 1620185, q2: 968358
state entries in window       : q1: 588, q2: 514
state entries cumulative      : q1: 12672, q2: 8854
transitions cumulative       : q1->q2: 8854, q2->q1: 6372
Gym endings cumulative       : terminated=6239, truncated=61

[Episode 6400/8000 | last 100]
success rate                : 98.0% (cumulative 44.9%)
synthetic task reward       : 51100.000
shaping reward              : -2195.634
learning reward             : 48904.366
episode length              : 1716.2
abstract changes / episode  : 150.8
completed cycles / episode   : 5.11
automaton changes / episode  : 10.43
automaton changes in window  : q1->q2: 532, q2->q1: 511
epsilon (next episode)       : 0.07727
replay buffer                : 300000 samples [q1: 62.2%, q2: 37.8%]
state visits in window        : q1: 107512, q2: 64210
state visits cumulative       : q1: 1727697, q2: 1032568
state entries in window       : q1: 611, q2: 532
state entries cumulative      : q1: 13283, q2: 9386
transitions cumulative       : q1->q2: 9386, q2->q1: 6883
Gym endings cumulative       : terminated=6331, truncated=69

[Episode 6500/8000 | last 100]
success rate                : 96.0% (cumulative 45.7%)
synthetic task reward       : 43700.000
shaping reward              : -1026.262
learning reward             : 42673.738
episode length              : 1604.3
abstract changes / episode  : 144.8
completed cycles / episode   : 4.37
automaton changes / episode  : 9.06
automaton changes in window  : q1->q2: 469, q2->q1: 437
epsilon (next episode)       : 0.07423
replay buffer                : 300000 samples [q1: 64.5%, q2: 35.5%]
state visits in window        : q1: 106501, q2: 54028
state visits cumulative       : q1: 1834198, q2: 1086596
state entries in window       : q1: 537, q2: 469
state entries cumulative      : q1: 13820, q2: 9855
transitions cumulative       : q1->q2: 9855, q2->q1: 7320
Gym endings cumulative       : terminated=6427, truncated=73

[Episode 6600/8000 | last 100]
success rate                : 79.0% (cumulative 46.2%)
synthetic task reward       : 21300.000
shaping reward              : 641.594
learning reward             : 21941.594
episode length              : 784.6
abstract changes / episode  : 70.7
completed cycles / episode   : 2.13
automaton changes / episode  : 4.78
automaton changes in window  : q1->q2: 265, q2->q1: 213
epsilon (next episode)       : 0.07132
replay buffer                : 300000 samples [q1: 63.9%, q2: 36.1%]
state visits in window        : q1: 46304, q2: 32260
state visits cumulative       : q1: 1880502, q2: 1118856
state entries in window       : q1: 313, q2: 265
state entries cumulative      : q1: 14133, q2: 10120
transitions cumulative       : q1->q2: 10120, q2->q1: 7533
Gym endings cumulative       : terminated=6526, truncated=74

[Episode 6700/8000 | last 100]
success rate                : 87.0% (cumulative 46.8%)
synthetic task reward       : 26500.000
shaping reward              : 31.382
learning reward             : 26531.382
episode length              : 1038.5
abstract changes / episode  : 89.0
completed cycles / episode   : 2.65
automaton changes / episode  : 5.75
automaton changes in window  : q1->q2: 310, q2->q1: 265
epsilon (next episode)       : 0.06853
replay buffer                : 300000 samples [q1: 63.4%, q2: 36.6%]
state visits in window        : q1: 65692, q2: 38254
state visits cumulative       : q1: 1946194, q2: 1157110
state entries in window       : q1: 365, q2: 310
state entries cumulative      : q1: 14498, q2: 10430
transitions cumulative       : q1->q2: 10430, q2->q1: 7798
Gym endings cumulative       : terminated=6624, truncated=76

[Episode 6800/8000 | last 100]
success rate                : 96.0% (cumulative 47.5%)
synthetic task reward       : 27500.000
shaping reward              : -1853.231
learning reward             : 25646.769
episode length              : 961.2
abstract changes / episode  : 89.3
completed cycles / episode   : 2.75
automaton changes / episode  : 5.73
automaton changes in window  : q1->q2: 298, q2->q1: 275
epsilon (next episode)       : 0.06584
replay buffer                : 300000 samples [q1: 62.0%, q2: 38.0%]
state visits in window        : q1: 60627, q2: 35592
state visits cumulative       : q1: 2006821, q2: 1192702
state entries in window       : q1: 375, q2: 298
state entries cumulative      : q1: 14873, q2: 10728
transitions cumulative       : q1->q2: 10728, q2->q1: 8073
Gym endings cumulative       : terminated=6724, truncated=76

[Episode 6900/8000 | last 100]
success rate                : 100.0% (cumulative 48.3%)
synthetic task reward       : 20700.000
shaping reward              : -2727.399
learning reward             : 17972.601
episode length              : 663.6
abstract changes / episode  : 63.1
completed cycles / episode   : 2.07
automaton changes / episode  : 4.22
automaton changes in window  : q1->q2: 215, q2->q1: 207
epsilon (next episode)       : 0.06326
replay buffer                : 300000 samples [q1: 62.2%, q2: 37.8%]
state visits in window        : q1: 41697, q2: 24767
state visits cumulative       : q1: 2048518, q2: 1217469
state entries in window       : q1: 307, q2: 215
state entries cumulative      : q1: 15180, q2: 10943
transitions cumulative       : q1->q2: 10943, q2->q1: 8280
Gym endings cumulative       : terminated=6824, truncated=76

[Episode 7000/8000 | last 100]
success rate                : 93.0% (cumulative 48.9%)
synthetic task reward       : 31500.000
shaping reward              : -1246.364
learning reward             : 30253.636
episode length              : 1127.8
abstract changes / episode  : 100.7
completed cycles / episode   : 3.15
automaton changes / episode  : 6.64
automaton changes in window  : q1->q2: 349, q2->q1: 315
epsilon (next episode)       : 0.06078
replay buffer                : 300000 samples [q1: 62.8%, q2: 37.2%]
state visits in window        : q1: 71083, q2: 41796
state visits cumulative       : q1: 2119601, q2: 1259265
state entries in window       : q1: 415, q2: 349
state entries cumulative      : q1: 15595, q2: 11292
transitions cumulative       : q1->q2: 11292, q2->q1: 8595
Gym endings cumulative       : terminated=6922, truncated=78

[Episode 7100/8000 | last 100]
success rate                : 95.0% (cumulative 49.5%)
synthetic task reward       : 26200.000
shaping reward              : -2293.175
learning reward             : 23906.825
episode length              : 901.3
abstract changes / episode  : 76.5
completed cycles / episode   : 2.62
automaton changes / episode  : 5.45
automaton changes in window  : q1->q2: 283, q2->q1: 262
epsilon (next episode)       : 0.05839
replay buffer                : 300000 samples [q1: 61.6%, q2: 38.4%]
state visits in window        : q1: 51920, q2: 38314
state visits cumulative       : q1: 2171521, q2: 1297579
state entries in window       : q1: 362, q2: 283
state entries cumulative      : q1: 15957, q2: 11575
transitions cumulative       : q1->q2: 11575, q2->q1: 8857
Gym endings cumulative       : terminated=7021, truncated=79

[Episode 7200/8000 | last 100]
success rate                : 82.0% (cumulative 50.0%)
synthetic task reward       : 15800.000
shaping reward              : -711.213
learning reward             : 15088.787
episode length              : 735.6
abstract changes / episode  : 55.7
completed cycles / episode   : 1.58
automaton changes / episode  : 3.54
automaton changes in window  : q1->q2: 196, q2->q1: 158
epsilon (next episode)       : 0.05610
replay buffer                : 300000 samples [q1: 60.5%, q2: 39.5%]
state visits in window        : q1: 44750, q2: 28908
state visits cumulative       : q1: 2216271, q2: 1326487
state entries in window       : q1: 258, q2: 196
state entries cumulative      : q1: 16215, q2: 11771
transitions cumulative       : q1->q2: 11771, q2->q1: 9015
Gym endings cumulative       : terminated=7119, truncated=81

[Episode 7300/8000 | last 100]
success rate                : 83.0% (cumulative 50.5%)
synthetic task reward       : 16500.000
shaping reward              : 142.260
learning reward             : 16642.260
episode length              : 808.5
abstract changes / episode  : 59.8
completed cycles / episode   : 1.65
automaton changes / episode  : 3.78
automaton changes in window  : q1->q2: 213, q2->q1: 165
epsilon (next episode)       : 0.05390
replay buffer                : 300000 samples [q1: 59.7%, q2: 40.3%]
state visits in window        : q1: 46793, q2: 34153
state visits cumulative       : q1: 2263064, q2: 1360640
state entries in window       : q1: 265, q2: 213
state entries cumulative      : q1: 16480, q2: 11984
transitions cumulative       : q1->q2: 11984, q2->q1: 9180
Gym endings cumulative       : terminated=7217, truncated=83

[Episode 7400/8000 | last 100]
success rate                : 78.0% (cumulative 50.8%)
synthetic task reward       : 14700.000
shaping reward              : 539.995
learning reward             : 15239.995
episode length              : 600.9
abstract changes / episode  : 51.8
completed cycles / episode   : 1.47
automaton changes / episode  : 3.46
automaton changes in window  : q1->q2: 199, q2->q1: 147
epsilon (next episode)       : 0.05179
replay buffer                : 300000 samples [q1: 59.4%, q2: 40.6%]
state visits in window        : q1: 37759, q2: 22429
state visits cumulative       : q1: 2300823, q2: 1383069
state entries in window       : q1: 247, q2: 199
state entries cumulative      : q1: 16727, q2: 12183
transitions cumulative       : q1->q2: 12183, q2->q1: 9327
Gym endings cumulative       : terminated=7317, truncated=83

[Episode 7500/8000 | last 100]
success rate                : 81.0% (cumulative 51.2%)
synthetic task reward       : 14700.000
shaping reward              : 39.333
learning reward             : 14739.333
episode length              : 529.2
abstract changes / episode  : 47.8
completed cycles / episode   : 1.47
automaton changes / episode  : 3.39
automaton changes in window  : q1->q2: 192, q2->q1: 147
epsilon (next episode)       : 0.04976
replay buffer                : 300000 samples [q1: 58.9%, q2: 41.1%]
state visits in window        : q1: 31701, q2: 21315
state visits cumulative       : q1: 2332524, q2: 1404384
state entries in window       : q1: 247, q2: 192
state entries cumulative      : q1: 16974, q2: 12375
transitions cumulative       : q1->q2: 12375, q2->q1: 9474
Gym endings cumulative       : terminated=7417, truncated=83

[Episode 7600/8000 | last 100]
success rate                : 87.0% (cumulative 51.7%)
synthetic task reward       : 26800.000
shaping reward              : 563.367
learning reward             : 27363.367
episode length              : 980.2
abstract changes / episode  : 85.9
completed cycles / episode   : 2.68
automaton changes / episode  : 5.88
automaton changes in window  : q1->q2: 320, q2->q1: 268
epsilon (next episode)       : 0.04781
replay buffer                : 300000 samples [q1: 58.9%, q2: 41.1%]
state visits in window        : q1: 55466, q2: 42656
state visits cumulative       : q1: 2387990, q2: 1447040
state entries in window       : q1: 368, q2: 320
state entries cumulative      : q1: 17342, q2: 12695
transitions cumulative       : q1->q2: 12695, q2->q1: 9742
Gym endings cumulative       : terminated=7516, truncated=84

[Episode 7700/8000 | last 100]
success rate                : 85.0% (cumulative 52.1%)
synthetic task reward       : 37600.000
shaping reward              : -1343.898
learning reward             : 36256.102
episode length              : 1354.1
abstract changes / episode  : 115.7
completed cycles / episode   : 3.76
automaton changes / episode  : 7.82
automaton changes in window  : q1->q2: 406, q2->q1: 376
epsilon (next episode)       : 0.04593
replay buffer                : 300000 samples [q1: 60.0%, q2: 40.0%]
state visits in window        : q1: 84779, q2: 50731
state visits cumulative       : q1: 2472769, q2: 1497771
state entries in window       : q1: 476, q2: 406
state entries cumulative      : q1: 17818, q2: 13101
transitions cumulative       : q1->q2: 13101, q2->q1: 10118
Gym endings cumulative       : terminated=7610, truncated=90

[Episode 7800/8000 | last 100]
success rate                : 84.0% (cumulative 52.5%)
synthetic task reward       : 30400.000
shaping reward              : -633.768
learning reward             : 29766.232
episode length              : 1197.7
abstract changes / episode  : 95.7
completed cycles / episode   : 3.04
automaton changes / episode  : 6.45
automaton changes in window  : q1->q2: 341, q2->q1: 304
epsilon (next episode)       : 0.04413
replay buffer                : 300000 samples [q1: 62.7%, q2: 37.3%]
state visits in window        : q1: 77362, q2: 42505
state visits cumulative       : q1: 2550131, q2: 1540276
state entries in window       : q1: 404, q2: 341
state entries cumulative      : q1: 18222, q2: 13442
transitions cumulative       : q1->q2: 13442, q2->q1: 10422
Gym endings cumulative       : terminated=7710, truncated=90

[Episode 7900/8000 | last 100]
success rate                : 91.0% (cumulative 53.0%)
synthetic task reward       : 26400.000
shaping reward              : -428.599
learning reward             : 25971.401
episode length              : 971.5
abstract changes / episode  : 83.8
completed cycles / episode   : 2.64
automaton changes / episode  : 5.69
automaton changes in window  : q1->q2: 305, q2->q1: 264
epsilon (next episode)       : 0.04240
replay buffer                : 300000 samples [q1: 62.6%, q2: 37.4%]
state visits in window        : q1: 58315, q2: 38939
state visits cumulative       : q1: 2608446, q2: 1579215
state entries in window       : q1: 364, q2: 305
state entries cumulative      : q1: 18586, q2: 13747
transitions cumulative       : q1->q2: 13747, q2->q1: 10686
Gym endings cumulative       : terminated=7810, truncated=90

[Episode 8000/8000 | last 100]
success rate                : 81.0% (cumulative 53.4%)
synthetic task reward       : 21800.000
shaping reward              : 32.473
learning reward             : 21832.473
episode length              : 765.6
abstract changes / episode  : 66.9
completed cycles / episode   : 2.18
automaton changes / episode  : 4.83
automaton changes in window  : q1->q2: 265, q2->q1: 218
epsilon (next episode)       : 0.04074
replay buffer                : 300000 samples [q1: 61.4%, q2: 38.6%]
state visits in window        : q1: 44352, q2: 32306
state visits cumulative       : q1: 2652798, q2: 1611521
state entries in window       : q1: 318, q2: 265
state entries cumulative      : q1: 18904, q2: 14012
transitions cumulative       : q1->q2: 14012, q2->q1: 10904
Gym endings cumulative       : terminated=7910, truncated=90
Last policy saved after episode 8000. Best policy: episode 5900, mean learning reward=59784.966
