
=== NEW RUN ===
episodes=8000, shaping=True, K=1.0, goal_reward=10000.0, gamma=0.99
training_shaping_gamma=True, shaping_formula=K*(gamma*Phi(next)-Phi(state))
inter_level_shaping=False, inter_level_K=0.0
formula=F(wp1 & X(F(g1)))
waypoints={'wp1': (1, 8), 'g1': (8, 8)}
dfa_states=[1, 2, 3], pre_trace=1, accepting=[3]

[Episode 1/8000 | last 1]
success rate                : 0.0% (cumulative 0.0%)
synthetic task reward       : 0.000
shaping reward              : -1507.060
learning reward             : -1507.060
episode length              : 78.0
abstract changes / episode  : 13.0
DFA transitions / episode   : 0.00
DFA transitions in window   : none
epsilon (next episode)       : 0.99960
replay buffer                : 78 samples [1: 100.0%, 2: 0.0%, 3: 0.0%]
DFA state visits in window   : 1: 79, 2: 0, 3: 0
DFA state visits cumulative  : 1: 79, 2: 0, 3: 0
DFA state entries in window  : 1: 1, 2: 0, 3: 0
DFA state entries cumulative : 1: 1, 2: 0, 3: 0
transitions cumulative       : none
accepted directly from s0    : 0
Gym endings cumulative       : terminated=1, truncated=0
Best policy updated at episode 1: mean learning reward=-1507.060

[Episode 100/8000 | last 100]
success rate                : 0.0% (cumulative 0.0%)
synthetic task reward       : 0.000
shaping reward              : -1412.058
learning reward             : -1412.058
episode length              : 98.3
abstract changes / episode  : 12.7
DFA transitions / episode   : 0.02
DFA transitions in window   : 1->2: 2
epsilon (next episode)       : 0.96078
replay buffer                : 9834 samples [1: 99.6%, 2: 0.4%, 3: 0.0%]
DFA state visits in window   : 1: 9896, 2: 38, 3: 0
DFA state visits cumulative  : 1: 9896, 2: 38, 3: 0
DFA state entries in window  : 1: 100, 2: 2, 3: 0
DFA state entries cumulative : 1: 100, 2: 2, 3: 0
transitions cumulative       : 1->2: 2
accepted directly from s0    : 0
Gym endings cumulative       : terminated=100, truncated=0
Best policy updated at episode 100: mean learning reward=-1412.058

[Episode 200/8000 | last 100]
success rate                : 0.0% (cumulative 0.0%)
synthetic task reward       : 0.000
shaping reward              : -1429.849
learning reward             : -1429.849
episode length              : 95.7
abstract changes / episode  : 12.8
DFA transitions / episode   : 0.02
DFA transitions in window   : 1->2: 2
epsilon (next episode)       : 0.92310
replay buffer                : 19403 samples [1: 99.6%, 2: 0.4%, 3: 0.0%]
DFA state visits in window   : 1: 9619, 2: 50, 3: 0
DFA state visits cumulative  : 1: 19515, 2: 88, 3: 0
DFA state entries in window  : 1: 100, 2: 2, 3: 0
DFA state entries cumulative : 1: 200, 2: 4, 3: 0
transitions cumulative       : 1->2: 4
accepted directly from s0    : 0
Gym endings cumulative       : terminated=200, truncated=0

[Episode 300/8000 | last 100]
success rate                : 0.0% (cumulative 0.0%)
synthetic task reward       : 0.000
shaping reward              : -1453.129
learning reward             : -1453.129
episode length              : 94.6
abstract changes / episode  : 13.0
DFA transitions / episode   : 0.01
DFA transitions in window   : 1->2: 1
epsilon (next episode)       : 0.88690
replay buffer                : 28867 samples [1: 99.6%, 2: 0.4%, 3: 0.0%]
DFA state visits in window   : 1: 9542, 2: 22, 3: 0
DFA state visits cumulative  : 1: 29057, 2: 110, 3: 0
DFA state entries in window  : 1: 100, 2: 1, 3: 0
DFA state entries cumulative : 1: 300, 2: 5, 3: 0
transitions cumulative       : 1->2: 5
accepted directly from s0    : 0
Gym endings cumulative       : terminated=300, truncated=0

[Episode 400/8000 | last 100]
success rate                : 0.0% (cumulative 0.0%)
synthetic task reward       : 0.000
shaping reward              : -1460.006
learning reward             : -1460.006
episode length              : 112.1
abstract changes / episode  : 13.2
DFA transitions / episode   : 0.01
DFA transitions in window   : 1->2: 1
epsilon (next episode)       : 0.85212
replay buffer                : 40077 samples [1: 99.7%, 2: 0.3%, 3: 0.0%]
DFA state visits in window   : 1: 11285, 2: 25, 3: 0
DFA state visits cumulative  : 1: 40342, 2: 135, 3: 0
DFA state entries in window  : 1: 100, 2: 1, 3: 0
DFA state entries cumulative : 1: 400, 2: 6, 3: 0
transitions cumulative       : 1->2: 6
accepted directly from s0    : 0
Gym endings cumulative       : terminated=399, truncated=1

[Episode 500/8000 | last 100]
success rate                : 0.0% (cumulative 0.0%)
synthetic task reward       : 0.000
shaping reward              : -1363.294
learning reward             : -1363.294
episode length              : 113.1
abstract changes / episode  : 12.6
DFA transitions / episode   : 0.07
DFA transitions in window   : 1->2: 7
epsilon (next episode)       : 0.81870
replay buffer                : 51389 samples [1: 99.5%, 2: 0.5%, 3: 0.0%]
DFA state visits in window   : 1: 11268, 2: 144, 3: 0
DFA state visits cumulative  : 1: 51610, 2: 279, 3: 0
DFA state entries in window  : 1: 100, 2: 7, 3: 0
DFA state entries cumulative : 1: 500, 2: 13, 3: 0
transitions cumulative       : 1->2: 13
accepted directly from s0    : 0
Gym endings cumulative       : terminated=498, truncated=2
Best policy updated at episode 500: mean learning reward=-1363.294

[Episode 600/8000 | last 100]
success rate                : 0.0% (cumulative 0.0%)
synthetic task reward       : 0.000
shaping reward              : -1384.342
learning reward             : -1384.342
episode length              : 112.5
abstract changes / episode  : 12.6
DFA transitions / episode   : 0.03
DFA transitions in window   : 1->2: 3
epsilon (next episode)       : 0.78659
replay buffer                : 62642 samples [1: 99.5%, 2: 0.5%, 3: 0.0%]
DFA state visits in window   : 1: 11288, 2: 65, 3: 0
DFA state visits cumulative  : 1: 62898, 2: 344, 3: 0
DFA state entries in window  : 1: 100, 2: 3, 3: 0
DFA state entries cumulative : 1: 600, 2: 16, 3: 0
transitions cumulative       : 1->2: 16
accepted directly from s0    : 0
Gym endings cumulative       : terminated=598, truncated=2

[Episode 700/8000 | last 100]
success rate                : 0.0% (cumulative 0.0%)
synthetic task reward       : 0.000
shaping reward              : -1374.684
learning reward             : -1374.684
episode length              : 117.6
abstract changes / episode  : 12.4
DFA transitions / episode   : 0.02
DFA transitions in window   : 1->2: 2
epsilon (next episode)       : 0.75574
replay buffer                : 74401 samples [1: 99.5%, 2: 0.5%, 3: 0.0%]
DFA state visits in window   : 1: 11809, 2: 50, 3: 0
DFA state visits cumulative  : 1: 74707, 2: 394, 3: 0
DFA state entries in window  : 1: 100, 2: 2, 3: 0
DFA state entries cumulative : 1: 700, 2: 18, 3: 0
transitions cumulative       : 1->2: 18
accepted directly from s0    : 0
Gym endings cumulative       : terminated=698, truncated=2

[Episode 800/8000 | last 100]
success rate                : 0.0% (cumulative 0.0%)
synthetic task reward       : 0.000
shaping reward              : -1365.931
learning reward             : -1365.931
episode length              : 124.4
abstract changes / episode  : 12.5
DFA transitions / episode   : 0.03
DFA transitions in window   : 1->2: 3
epsilon (next episode)       : 0.72610
replay buffer                : 86843 samples [1: 99.5%, 2: 0.5%, 3: 0.0%]
DFA state visits in window   : 1: 12478, 2: 64, 3: 0
DFA state visits cumulative  : 1: 87185, 2: 458, 3: 0
DFA state entries in window  : 1: 100, 2: 3, 3: 0
DFA state entries cumulative : 1: 800, 2: 21, 3: 0
transitions cumulative       : 1->2: 21
accepted directly from s0    : 0
Gym endings cumulative       : terminated=797, truncated=3

[Episode 900/8000 | last 100]
success rate                : 0.0% (cumulative 0.0%)
synthetic task reward       : 0.000
shaping reward              : -1249.006
learning reward             : -1249.006
episode length              : 121.7
abstract changes / episode  : 11.5
DFA transitions / episode   : 0.06
DFA transitions in window   : 1->2: 6
epsilon (next episode)       : 0.69763
replay buffer                : 99016 samples [1: 99.4%, 2: 0.6%, 3: 0.0%]
DFA state visits in window   : 1: 12147, 2: 126, 3: 0
DFA state visits cumulative  : 1: 99332, 2: 584, 3: 0
DFA state entries in window  : 1: 100, 2: 6, 3: 0
DFA state entries cumulative : 1: 900, 2: 27, 3: 0
transitions cumulative       : 1->2: 27
accepted directly from s0    : 0
Gym endings cumulative       : terminated=897, truncated=3
Best policy updated at episode 900: mean learning reward=-1249.006

[Episode 1000/8000 | last 100]
success rate                : 0.0% (cumulative 0.0%)
synthetic task reward       : 0.000
shaping reward              : -1369.852
learning reward             : -1369.852
episode length              : 132.5
abstract changes / episode  : 12.6
DFA transitions / episode   : 0.04
DFA transitions in window   : 1->2: 4
epsilon (next episode)       : 0.67027
replay buffer                : 112262 samples [1: 99.4%, 2: 0.6%, 3: 0.0%]
DFA state visits in window   : 1: 13221, 2: 125, 3: 0
DFA state visits cumulative  : 1: 112553, 2: 709, 3: 0
DFA state entries in window  : 1: 100, 2: 4, 3: 0
DFA state entries cumulative : 1: 1000, 2: 31, 3: 0
transitions cumulative       : 1->2: 31
accepted directly from s0    : 0
Gym endings cumulative       : terminated=997, truncated=3

[Episode 1100/8000 | last 100]
success rate                : 0.0% (cumulative 0.0%)
synthetic task reward       : 0.000
shaping reward              : -1370.198
learning reward             : -1370.198
episode length              : 139.2
abstract changes / episode  : 12.7
DFA transitions / episode   : 0.06
DFA transitions in window   : 1->2: 6
epsilon (next episode)       : 0.64398
replay buffer                : 126183 samples [1: 99.2%, 2: 0.8%, 3: 0.0%]
DFA state visits in window   : 1: 13682, 2: 339, 3: 0
DFA state visits cumulative  : 1: 126235, 2: 1048, 3: 0
DFA state entries in window  : 1: 100, 2: 6, 3: 0
DFA state entries cumulative : 1: 1100, 2: 37, 3: 0
transitions cumulative       : 1->2: 37
accepted directly from s0    : 0
Gym endings cumulative       : terminated=1097, truncated=3

[Episode 1200/8000 | last 100]
success rate                : 0.0% (cumulative 0.0%)
synthetic task reward       : 0.000
shaping reward              : -1514.050
learning reward             : -1514.050
episode length              : 170.6
abstract changes / episode  : 13.9
DFA transitions / episode   : 0.03
DFA transitions in window   : 1->2: 3
epsilon (next episode)       : 0.61872
replay buffer                : 143239 samples [1: 99.2%, 2: 0.8%, 3: 0.0%]
DFA state visits in window   : 1: 17006, 2: 150, 3: 0
DFA state visits cumulative  : 1: 143241, 2: 1198, 3: 0
DFA state entries in window  : 1: 100, 2: 3, 3: 0
DFA state entries cumulative : 1: 1200, 2: 40, 3: 0
transitions cumulative       : 1->2: 40
accepted directly from s0    : 0
Gym endings cumulative       : terminated=1197, truncated=3

[Episode 1300/8000 | last 100]
success rate                : 0.0% (cumulative 0.0%)
synthetic task reward       : 0.000
shaping reward              : -1528.321
learning reward             : -1528.321
episode length              : 161.3
abstract changes / episode  : 14.0
DFA transitions / episode   : 0.01
DFA transitions in window   : 1->2: 1
epsilon (next episode)       : 0.59446
replay buffer                : 159366 samples [1: 99.2%, 2: 0.8%, 3: 0.0%]
DFA state visits in window   : 1: 16184, 2: 43, 3: 0
DFA state visits cumulative  : 1: 159425, 2: 1241, 3: 0
DFA state entries in window  : 1: 100, 2: 1, 3: 0
DFA state entries cumulative : 1: 1300, 2: 41, 3: 0
transitions cumulative       : 1->2: 41
accepted directly from s0    : 0
Gym endings cumulative       : terminated=1297, truncated=3

[Episode 1400/8000 | last 100]
success rate                : 0.0% (cumulative 0.0%)
synthetic task reward       : 0.000
shaping reward              : -1472.146
learning reward             : -1472.146
episode length              : 144.6
abstract changes / episode  : 13.3
DFA transitions / episode   : 0.01
DFA transitions in window   : 1->2: 1
epsilon (next episode)       : 0.57115
replay buffer                : 173823 samples [1: 99.3%, 2: 0.7%, 3: 0.0%]
DFA state visits in window   : 1: 14496, 2: 61, 3: 0
DFA state visits cumulative  : 1: 173921, 2: 1302, 3: 0
DFA state entries in window  : 1: 100, 2: 1, 3: 0
DFA state entries cumulative : 1: 1400, 2: 42, 3: 0
transitions cumulative       : 1->2: 42
accepted directly from s0    : 0
Gym endings cumulative       : terminated=1396, truncated=4

[Episode 1500/8000 | last 100]
success rate                : 0.0% (cumulative 0.0%)
synthetic task reward       : 0.000
shaping reward              : -1424.362
learning reward             : -1424.362
episode length              : 164.4
abstract changes / episode  : 12.7
DFA transitions / episode   : 0.00
DFA transitions in window   : none
epsilon (next episode)       : 0.54875
replay buffer                : 190267 samples [1: 99.3%, 2: 0.7%, 3: 0.0%]
DFA state visits in window   : 1: 16544, 2: 0, 3: 0
DFA state visits cumulative  : 1: 190465, 2: 1302, 3: 0
DFA state entries in window  : 1: 100, 2: 0, 3: 0
DFA state entries cumulative : 1: 1500, 2: 42, 3: 0
transitions cumulative       : 1->2: 42
accepted directly from s0    : 0
Gym endings cumulative       : terminated=1490, truncated=10

[Episode 1600/8000 | last 100]
success rate                : 0.0% (cumulative 0.0%)
synthetic task reward       : 0.000
shaping reward              : -1454.766
learning reward             : -1454.766
episode length              : 163.9
abstract changes / episode  : 13.0
DFA transitions / episode   : 0.00
DFA transitions in window   : none
epsilon (next episode)       : 0.52722
replay buffer                : 206654 samples [1: 99.4%, 2: 0.6%, 3: 0.0%]
DFA state visits in window   : 1: 16487, 2: 0, 3: 0
DFA state visits cumulative  : 1: 206952, 2: 1302, 3: 0
DFA state entries in window  : 1: 100, 2: 0, 3: 0
DFA state entries cumulative : 1: 1600, 2: 42, 3: 0
transitions cumulative       : 1->2: 42
accepted directly from s0    : 0
Gym endings cumulative       : terminated=1585, truncated=15

[Episode 1700/8000 | last 100]
success rate                : 0.0% (cumulative 0.0%)
synthetic task reward       : 0.000
shaping reward              : -1495.586
learning reward             : -1495.586
episode length              : 173.1
abstract changes / episode  : 13.3
DFA transitions / episode   : 0.01
DFA transitions in window   : 1->2: 1
epsilon (next episode)       : 0.50655
replay buffer                : 223965 samples [1: 99.4%, 2: 0.6%, 3: 0.0%]
DFA state visits in window   : 1: 17375, 2: 36, 3: 0
DFA state visits cumulative  : 1: 224327, 2: 1338, 3: 0
DFA state entries in window  : 1: 100, 2: 1, 3: 0
DFA state entries cumulative : 1: 1700, 2: 43, 3: 0
transitions cumulative       : 1->2: 43
accepted directly from s0    : 0
Gym endings cumulative       : terminated=1679, truncated=21

[Episode 1800/8000 | last 100]
success rate                : 0.0% (cumulative 0.0%)
synthetic task reward       : 0.000
shaping reward              : -1631.009
learning reward             : -1631.009
episode length              : 262.4
abstract changes / episode  : 15.2
DFA transitions / episode   : 0.04
DFA transitions in window   : 1->2: 4
epsilon (next episode)       : 0.48668
replay buffer                : 250200 samples [1: 99.4%, 2: 0.6%, 3: 0.0%]
DFA state visits in window   : 1: 26098, 2: 237, 3: 0
DFA state visits cumulative  : 1: 250425, 2: 1575, 3: 0
DFA state entries in window  : 1: 100, 2: 4, 3: 0
DFA state entries cumulative : 1: 1800, 2: 47, 3: 0
transitions cumulative       : 1->2: 47
accepted directly from s0    : 0
Gym endings cumulative       : terminated=1772, truncated=28

[Episode 1900/8000 | last 100]
success rate                : 0.0% (cumulative 0.0%)
synthetic task reward       : 0.000
shaping reward              : -1698.009
learning reward             : -1698.009
episode length              : 315.5
abstract changes / episode  : 16.3
DFA transitions / episode   : 0.06
DFA transitions in window   : 1->2: 6
epsilon (next episode)       : 0.46760
replay buffer                : 281751 samples [1: 99.4%, 2: 0.6%, 3: 0.0%]
DFA state visits in window   : 1: 31401, 2: 250, 3: 0
DFA state visits cumulative  : 1: 281826, 2: 1825, 3: 0
DFA state entries in window  : 1: 100, 2: 6, 3: 0
DFA state entries cumulative : 1: 1900, 2: 53, 3: 0
transitions cumulative       : 1->2: 53
accepted directly from s0    : 0
Gym endings cumulative       : terminated=1872, truncated=28

[Episode 2000/8000 | last 100]
success rate                : 0.0% (cumulative 0.0%)
synthetic task reward       : 0.000
shaping reward              : -1936.028
learning reward             : -1936.028
episode length              : 396.4
abstract changes / episode  : 19.2
DFA transitions / episode   : 0.05
DFA transitions in window   : 1->2: 5
epsilon (next episode)       : 0.44926
replay buffer                : 300000 samples [1: 99.3%, 2: 0.7%, 3: 0.0%]
DFA state visits in window   : 1: 39419, 2: 326, 3: 0
DFA state visits cumulative  : 1: 321245, 2: 2151, 3: 0
DFA state entries in window  : 1: 100, 2: 5, 3: 0
DFA state entries cumulative : 1: 2000, 2: 58, 3: 0
transitions cumulative       : 1->2: 58
accepted directly from s0    : 0
Gym endings cumulative       : terminated=1962, truncated=38

[Episode 2100/8000 | last 100]
success rate                : 1.0% (cumulative 0.0%)
synthetic task reward       : 100.000
shaping reward              : -1655.483
learning reward             : -1555.483
episode length              : 336.9
abstract changes / episode  : 17.1
DFA transitions / episode   : 0.20
DFA transitions in window   : 1->2: 19, 2->3: 1
epsilon (next episode)       : 0.43164
replay buffer                : 300000 samples [1: 99.0%, 2: 1.0%, 3: 0.0%]
DFA state visits in window   : 1: 32489, 2: 1297, 3: 1
DFA state visits cumulative  : 1: 353734, 2: 3448, 3: 1
DFA state entries in window  : 1: 100, 2: 19, 3: 1
DFA state entries cumulative : 1: 2100, 2: 77, 3: 1
transitions cumulative       : 1->2: 77, 2->3: 1
accepted directly from s0    : 0
Gym endings cumulative       : terminated=2055, truncated=44

[Episode 2200/8000 | last 100]
success rate                : 1.0% (cumulative 0.1%)
synthetic task reward       : 100.000
shaping reward              : -1604.301
learning reward             : -1504.301
episode length              : 303.4
abstract changes / episode  : 17.1
DFA transitions / episode   : 0.17
DFA transitions in window   : 1->2: 16, 2->3: 1
epsilon (next episode)       : 0.41471
replay buffer                : 300000 samples [1: 98.1%, 2: 1.9%, 3: 0.0%]
DFA state visits in window   : 1: 27620, 2: 2819, 3: 1
DFA state visits cumulative  : 1: 381354, 2: 6267, 3: 2
DFA state entries in window  : 1: 100, 2: 16, 3: 1
DFA state entries cumulative : 1: 2200, 2: 93, 3: 2
transitions cumulative       : 1->2: 93, 2->3: 2
accepted directly from s0    : 0
Gym endings cumulative       : terminated=2148, truncated=50

[Episode 2300/8000 | last 100]
success rate                : 0.0% (cumulative 0.1%)
synthetic task reward       : 0.000
shaping reward              : -1749.834
learning reward             : -1749.834
episode length              : 408.0
abstract changes / episode  : 19.1
DFA transitions / episode   : 0.25
DFA transitions in window   : 1->2: 25
epsilon (next episode)       : 0.39845
replay buffer                : 300000 samples [1: 96.9%, 2: 3.1%, 3: 0.0%]
DFA state visits in window   : 1: 36587, 2: 4309, 3: 0
DFA state visits cumulative  : 1: 417941, 2: 10576, 3: 2
DFA state entries in window  : 1: 100, 2: 25, 3: 0
DFA state entries cumulative : 1: 2300, 2: 118, 3: 2
transitions cumulative       : 1->2: 118, 2->3: 2
accepted directly from s0    : 0
Gym endings cumulative       : terminated=2237, truncated=61

[Episode 2400/8000 | last 100]
success rate                : 1.0% (cumulative 0.1%)
synthetic task reward       : 100.000
shaping reward              : -1842.816
learning reward             : -1742.816
episode length              : 491.0
abstract changes / episode  : 21.6
DFA transitions / episode   : 0.30
DFA transitions in window   : 1->2: 29, 2->3: 1
epsilon (next episode)       : 0.38282
replay buffer                : 300000 samples [1: 94.2%, 2: 5.8%, 3: 0.0%]
DFA state visits in window   : 1: 40828, 2: 8371, 3: 1
DFA state visits cumulative  : 1: 458769, 2: 18947, 3: 3
DFA state entries in window  : 1: 100, 2: 29, 3: 1
DFA state entries cumulative : 1: 2400, 2: 147, 3: 3
transitions cumulative       : 1->2: 147, 2->3: 3
accepted directly from s0    : 0
Gym endings cumulative       : terminated=2320, truncated=77

[Episode 2500/8000 | last 100]
success rate                : 1.0% (cumulative 0.2%)
synthetic task reward       : 100.000
shaping reward              : -1230.000
learning reward             : -1130.000
episode length              : 330.4
abstract changes / episode  : 14.7
DFA transitions / episode   : 0.11
DFA transitions in window   : 1->2: 10, 2->3: 1
epsilon (next episode)       : 0.36781
replay buffer                : 300000 samples [1: 93.2%, 2: 6.8%, 3: 0.0%]
DFA state visits in window   : 1: 30236, 2: 2904, 3: 1
DFA state visits cumulative  : 1: 489005, 2: 21851, 3: 4
DFA state entries in window  : 1: 100, 2: 10, 3: 1
DFA state entries cumulative : 1: 2500, 2: 157, 3: 4
transitions cumulative       : 1->2: 157, 2->3: 4
accepted directly from s0    : 0
Gym endings cumulative       : terminated=2412, truncated=84
Best policy updated at episode 2500: mean learning reward=-1130.000

[Episode 2600/8000 | last 100]
success rate                : 1.0% (cumulative 0.2%)
synthetic task reward       : 100.000
shaping reward              : -1738.757
learning reward             : -1638.757
episode length              : 445.9
abstract changes / episode  : 19.0
DFA transitions / episode   : 0.18
DFA transitions in window   : 1->2: 17, 2->3: 1
epsilon (next episode)       : 0.35338
replay buffer                : 300000 samples [1: 92.9%, 2: 7.1%, 3: 0.0%]
DFA state visits in window   : 1: 43497, 2: 1195, 3: 1
DFA state visits cumulative  : 1: 532502, 2: 23046, 3: 5
DFA state entries in window  : 1: 100, 2: 17, 3: 1
DFA state entries cumulative : 1: 2600, 2: 174, 3: 5
transitions cumulative       : 1->2: 174, 2->3: 5
accepted directly from s0    : 0
Gym endings cumulative       : terminated=2496, truncated=99

[Episode 2700/8000 | last 100]
success rate                : 4.0% (cumulative 0.3%)
synthetic task reward       : 400.000
shaping reward              : -1599.167
learning reward             : -1199.167
episode length              : 426.0
abstract changes / episode  : 19.2
DFA transitions / episode   : 0.32
DFA transitions in window   : 1->2: 28, 2->3: 4
epsilon (next episode)       : 0.33952
replay buffer                : 300000 samples [1: 91.4%, 2: 8.6%, 3: 0.0%]
DFA state visits in window   : 1: 38010, 2: 4682, 3: 4
DFA state visits cumulative  : 1: 570512, 2: 27728, 3: 9
DFA state entries in window  : 1: 100, 2: 28, 3: 4
DFA state entries cumulative : 1: 2700, 2: 202, 3: 9
transitions cumulative       : 1->2: 202, 2->3: 9
accepted directly from s0    : 0
Gym endings cumulative       : terminated=2585, truncated=106

[Episode 2800/8000 | last 100]
success rate                : 4.0% (cumulative 0.5%)
synthetic task reward       : 400.000
shaping reward              : -1684.573
learning reward             : -1284.573
episode length              : 375.7
abstract changes / episode  : 20.1
DFA transitions / episode   : 0.40
DFA transitions in window   : 1->2: 36, 2->3: 4
epsilon (next episode)       : 0.32621
replay buffer                : 300000 samples [1: 88.8%, 2: 11.2%, 3: 0.0%]
DFA state visits in window   : 1: 29182, 2: 8483, 3: 4
DFA state visits cumulative  : 1: 599694, 2: 36211, 3: 13
DFA state entries in window  : 1: 100, 2: 36, 3: 4
DFA state entries cumulative : 1: 2800, 2: 238, 3: 13
transitions cumulative       : 1->2: 238, 2->3: 13
accepted directly from s0    : 0
Gym endings cumulative       : terminated=2678, truncated=109

[Episode 2900/8000 | last 100]
success rate                : 9.0% (cumulative 0.8%)
synthetic task reward       : 900.000
shaping reward              : -1767.971
learning reward             : -867.971
episode length              : 467.4
abstract changes / episode  : 22.7
DFA transitions / episode   : 0.56
DFA transitions in window   : 1->2: 47, 2->3: 9
epsilon (next episode)       : 0.31341
replay buffer                : 300000 samples [1: 86.3%, 2: 13.7%, 3: 0.0%]
DFA state visits in window   : 1: 37186, 2: 9645, 3: 9
DFA state visits cumulative  : 1: 636880, 2: 45856, 3: 22
DFA state entries in window  : 1: 100, 2: 47, 3: 9
DFA state entries cumulative : 1: 2900, 2: 285, 3: 22
transitions cumulative       : 1->2: 285, 2->3: 22
accepted directly from s0    : 0
Gym endings cumulative       : terminated=2761, truncated=117
Best policy updated at episode 2900: mean learning reward=-867.971

[Episode 3000/8000 | last 100]
success rate                : 10.0% (cumulative 1.1%)
synthetic task reward       : 1000.000
shaping reward              : -1717.934
learning reward             : -717.934
episode length              : 464.2
abstract changes / episode  : 22.2
DFA transitions / episode   : 0.59
DFA transitions in window   : 1->2: 49, 2->3: 10
epsilon (next episode)       : 0.30112
replay buffer                : 300000 samples [1: 83.8%, 2: 16.2%, 3: 0.0%]
DFA state visits in window   : 1: 33033, 2: 13482, 3: 10
DFA state visits cumulative  : 1: 669913, 2: 59338, 3: 32
DFA state entries in window  : 1: 100, 2: 49, 3: 10
DFA state entries cumulative : 1: 3000, 2: 334, 3: 32
transitions cumulative       : 1->2: 334, 2->3: 32
accepted directly from s0    : 0
Gym endings cumulative       : terminated=2838, truncated=130
Best policy updated at episode 3000: mean learning reward=-717.934

[Episode 3100/8000 | last 100]
success rate                : 19.0% (cumulative 1.6%)
synthetic task reward       : 1900.000
shaping reward              : -1779.149
learning reward             : 120.851
episode length              : 446.7
abstract changes / episode  : 23.7
DFA transitions / episode   : 0.73
DFA transitions in window   : 1->2: 54, 2->3: 19
epsilon (next episode)       : 0.28931
replay buffer                : 300000 samples [1: 82.2%, 2: 17.8%, 3: 0.0%]
DFA state visits in window   : 1: 31492, 2: 13258, 3: 19
DFA state visits cumulative  : 1: 701405, 2: 72596, 3: 51
DFA state entries in window  : 1: 100, 2: 54, 3: 19
DFA state entries cumulative : 1: 3100, 2: 388, 3: 51
transitions cumulative       : 1->2: 388, 2->3: 51
accepted directly from s0    : 0
Gym endings cumulative       : terminated=2908, truncated=141
Best policy updated at episode 3100: mean learning reward=120.851

[Episode 3200/8000 | last 100]
success rate                : 18.0% (cumulative 2.2%)
synthetic task reward       : 1800.000
shaping reward              : -1549.862
learning reward             : 250.138
episode length              : 381.2
abstract changes / episode  : 21.4
DFA transitions / episode   : 0.76
DFA transitions in window   : 1->2: 58, 2->3: 18
epsilon (next episode)       : 0.27797
replay buffer                : 300000 samples [1: 79.5%, 2: 20.5%, 3: 0.0%]
DFA state visits in window   : 1: 27169, 2: 11031, 3: 18
DFA state visits cumulative  : 1: 728574, 2: 83627, 3: 69
DFA state entries in window  : 1: 100, 2: 58, 3: 18
DFA state entries cumulative : 1: 3200, 2: 446, 3: 69
transitions cumulative       : 1->2: 446, 2->3: 69
accepted directly from s0    : 0
Gym endings cumulative       : terminated=2982, truncated=149
Best policy updated at episode 3200: mean learning reward=250.138

[Episode 3300/8000 | last 100]
success rate                : 29.0% (cumulative 3.0%)
synthetic task reward       : 2900.000
shaping reward              : -1678.840
learning reward             : 1221.160
episode length              : 389.0
abstract changes / episode  : 23.5
DFA transitions / episode   : 0.90
DFA transitions in window   : 1->2: 61, 2->3: 29
epsilon (next episode)       : 0.26706
replay buffer                : 300000 samples [1: 75.5%, 2: 24.5%, 3: 0.0%]
DFA state visits in window   : 1: 25737, 2: 13234, 3: 29
DFA state visits cumulative  : 1: 754311, 2: 96861, 3: 98
DFA state entries in window  : 1: 100, 2: 61, 3: 29
DFA state entries cumulative : 1: 3300, 2: 507, 3: 98
transitions cumulative       : 1->2: 507, 2->3: 98
accepted directly from s0    : 0
Gym endings cumulative       : terminated=3048, truncated=154
Best policy updated at episode 3300: mean learning reward=1221.160

[Episode 3400/8000 | last 100]
success rate                : 39.0% (cumulative 4.0%)
synthetic task reward       : 3900.000
shaping reward              : -1594.003
learning reward             : 2305.997
episode length              : 365.8
abstract changes / episode  : 24.0
DFA transitions / episode   : 1.11
DFA transitions in window   : 1->2: 72, 2->3: 39
epsilon (next episode)       : 0.25659
replay buffer                : 300000 samples [1: 71.5%, 2: 28.5%, 3: 0.0%]
DFA state visits in window   : 1: 21406, 2: 15231, 3: 39
DFA state visits cumulative  : 1: 775717, 2: 112092, 3: 137
DFA state entries in window  : 1: 100, 2: 72, 3: 39
DFA state entries cumulative : 1: 3400, 2: 579, 3: 137
transitions cumulative       : 1->2: 579, 2->3: 137
accepted directly from s0    : 0
Gym endings cumulative       : terminated=3105, truncated=158
Best policy updated at episode 3400: mean learning reward=2305.997

[Episode 3500/8000 | last 100]
success rate                : 38.0% (cumulative 5.0%)
synthetic task reward       : 3800.000
shaping reward              : -1573.075
learning reward             : 2226.925
episode length              : 341.9
abstract changes / episode  : 23.0
DFA transitions / episode   : 1.00
DFA transitions in window   : 1->2: 62, 2->3: 38
epsilon (next episode)       : 0.24653
replay buffer                : 300000 samples [1: 69.2%, 2: 30.8%, 3: 0.0%]
DFA state visits in window   : 1: 20340, 2: 13916, 3: 38
DFA state visits cumulative  : 1: 796057, 2: 126008, 3: 175
DFA state entries in window  : 1: 100, 2: 62, 3: 38
DFA state entries cumulative : 1: 3500, 2: 641, 3: 175
transitions cumulative       : 1->2: 641, 2->3: 175
accepted directly from s0    : 0
Gym endings cumulative       : terminated=3167, truncated=158

[Episode 3600/8000 | last 100]
success rate                : 47.0% (cumulative 6.2%)
synthetic task reward       : 4700.000
shaping reward              : -1691.770
learning reward             : 3008.230
episode length              : 393.0
abstract changes / episode  : 25.3
DFA transitions / episode   : 1.26
DFA transitions in window   : 1->2: 79, 2->3: 47
epsilon (next episode)       : 0.23686
replay buffer                : 300000 samples [1: 65.8%, 2: 34.2%, 3: 0.0%]
DFA state visits in window   : 1: 22351, 2: 16999, 3: 47
DFA state visits cumulative  : 1: 818408, 2: 143007, 3: 222
DFA state entries in window  : 1: 100, 2: 79, 3: 47
DFA state entries cumulative : 1: 3600, 2: 720, 3: 222
transitions cumulative       : 1->2: 720, 2->3: 222
accepted directly from s0    : 0
Gym endings cumulative       : terminated=3216, truncated=162
Best policy updated at episode 3600: mean learning reward=3008.230

[Episode 3700/8000 | last 100]
success rate                : 66.0% (cumulative 7.8%)
synthetic task reward       : 6600.000
shaping reward              : -1685.737
learning reward             : 4914.263
episode length              : 383.6
abstract changes / episode  : 26.6
DFA transitions / episode   : 1.52
DFA transitions in window   : 1->2: 86, 2->3: 66
epsilon (next episode)       : 0.22757
replay buffer                : 300000 samples [1: 62.5%, 2: 37.5%, 3: 0.0%]
DFA state visits in window   : 1: 19571, 2: 18827, 3: 66
DFA state visits cumulative  : 1: 837979, 2: 161834, 3: 288
DFA state entries in window  : 1: 100, 2: 86, 3: 66
DFA state entries cumulative : 1: 3700, 2: 806, 3: 288
transitions cumulative       : 1->2: 806, 2->3: 288
accepted directly from s0    : 0
Gym endings cumulative       : terminated=3249, truncated=163
Best policy updated at episode 3700: mean learning reward=4914.263

[Episode 3800/8000 | last 100]
success rate                : 72.0% (cumulative 9.5%)
synthetic task reward       : 7200.000
shaping reward              : -1837.900
learning reward             : 5362.100
episode length              : 395.5
abstract changes / episode  : 28.8
DFA transitions / episode   : 1.64
DFA transitions in window   : 1->2: 92, 2->3: 72
epsilon (next episode)       : 0.21865
replay buffer                : 300000 samples [1: 59.1%, 2: 40.9%, 3: 0.0%]
DFA state visits in window   : 1: 16045, 2: 23531, 3: 72
DFA state visits cumulative  : 1: 854024, 2: 185365, 3: 360
DFA state entries in window  : 1: 100, 2: 92, 3: 72
DFA state entries cumulative : 1: 3800, 2: 898, 3: 360
transitions cumulative       : 1->2: 898, 2->3: 360
accepted directly from s0    : 0
Gym endings cumulative       : terminated=3276, truncated=164
Best policy updated at episode 3800: mean learning reward=5362.100

[Episode 3900/8000 | last 100]
success rate                : 83.0% (cumulative 11.4%)
synthetic task reward       : 8300.000
shaping reward              : -1705.943
learning reward             : 6594.057
episode length              : 383.5
abstract changes / episode  : 27.8
DFA transitions / episode   : 1.71
DFA transitions in window   : 1->2: 88, 2->3: 83
epsilon (next episode)       : 0.21007
replay buffer                : 300000 samples [1: 55.5%, 2: 44.5%, 3: 0.0%]
DFA state visits in window   : 1: 16656, 2: 21707, 3: 83
DFA state visits cumulative  : 1: 870680, 2: 207072, 3: 443
DFA state entries in window  : 1: 100, 2: 88, 3: 83
DFA state entries cumulative : 1: 3900, 2: 986, 3: 443
transitions cumulative       : 1->2: 986, 2->3: 443
accepted directly from s0    : 0
Gym endings cumulative       : terminated=3293, truncated=164
Best policy updated at episode 3900: mean learning reward=6594.057

[Episode 4000/8000 | last 100]
success rate                : 85.0% (cumulative 13.2%)
synthetic task reward       : 8500.000
shaping reward              : -1164.909
learning reward             : 7335.091
episode length              : 328.3
abstract changes / episode  : 22.7
DFA transitions / episode   : 1.77
DFA transitions in window   : 1->2: 92, 2->3: 85
epsilon (next episode)       : 0.20183
replay buffer                : 300000 samples [1: 53.1%, 2: 46.9%, 3: 0.0%]
DFA state visits in window   : 1: 15618, 2: 17229, 3: 85
DFA state visits cumulative  : 1: 886298, 2: 224301, 3: 528
DFA state entries in window  : 1: 100, 2: 92, 3: 85
DFA state entries cumulative : 1: 4000, 2: 1078, 3: 528
transitions cumulative       : 1->2: 1078, 2->3: 528
accepted directly from s0    : 0
Gym endings cumulative       : terminated=3308, truncated=164
Best policy updated at episode 4000: mean learning reward=7335.091

[Episode 4100/8000 | last 100]
success rate                : 88.0% (cumulative 15.0%)
synthetic task reward       : 8800.000
shaping reward              : -1201.315
learning reward             : 7598.685
episode length              : 333.4
abstract changes / episode  : 23.3
DFA transitions / episode   : 1.82
DFA transitions in window   : 1->2: 94, 2->3: 88
epsilon (next episode)       : 0.19392
replay buffer                : 300000 samples [1: 50.8%, 2: 49.2%, 3: 0.0%]
DFA state visits in window   : 1: 16196, 2: 17152, 3: 88
DFA state visits cumulative  : 1: 902494, 2: 241453, 3: 616
DFA state entries in window  : 1: 100, 2: 94, 3: 88
DFA state entries cumulative : 1: 4100, 2: 1172, 3: 616
transitions cumulative       : 1->2: 1172, 2->3: 616
accepted directly from s0    : 0
Gym endings cumulative       : terminated=3320, truncated=164
Best policy updated at episode 4100: mean learning reward=7598.685

[Episode 4200/8000 | last 100]
success rate                : 71.0% (cumulative 16.4%)
synthetic task reward       : 7100.000
shaping reward              : -1601.502
learning reward             : 5498.498
episode length              : 367.5
abstract changes / episode  : 25.7
DFA transitions / episode   : 1.46
DFA transitions in window   : 1->2: 75, 2->3: 71
epsilon (next episode)       : 0.18631
replay buffer                : 300000 samples [1: 51.1%, 2: 48.9%, 3: 0.0%]
DFA state visits in window   : 1: 22653, 2: 14128, 3: 71
DFA state visits cumulative  : 1: 925147, 2: 255581, 3: 687
DFA state entries in window  : 1: 100, 2: 75, 3: 71
DFA state entries cumulative : 1: 4200, 2: 1247, 3: 687
transitions cumulative       : 1->2: 1247, 2->3: 687
accepted directly from s0    : 0
Gym endings cumulative       : terminated=3348, truncated=165

[Episode 4300/8000 | last 100]
success rate                : 92.0% (cumulative 18.1%)
synthetic task reward       : 9200.000
shaping reward              : -1208.156
learning reward             : 7991.844
episode length              : 337.7
abstract changes / episode  : 23.8
DFA transitions / episode   : 1.87
DFA transitions in window   : 1->2: 95, 2->3: 92
epsilon (next episode)       : 0.17900
replay buffer                : 300000 samples [1: 50.2%, 2: 49.8%, 3: 0.0%]
DFA state visits in window   : 1: 17559, 2: 16216, 3: 92
DFA state visits cumulative  : 1: 942706, 2: 271797, 3: 779
DFA state entries in window  : 1: 100, 2: 95, 3: 92
DFA state entries cumulative : 1: 4300, 2: 1342, 3: 779
transitions cumulative       : 1->2: 1342, 2->3: 779
accepted directly from s0    : 0
Gym endings cumulative       : terminated=3356, truncated=165
Best policy updated at episode 4300: mean learning reward=7991.844

[Episode 4400/8000 | last 100]
success rate                : 80.0% (cumulative 19.5%)
synthetic task reward       : 8000.000
shaping reward              : -1155.588
learning reward             : 6844.412
episode length              : 305.6
abstract changes / episode  : 21.4
DFA transitions / episode   : 1.65
DFA transitions in window   : 1->2: 85, 2->3: 80
epsilon (next episode)       : 0.17198
replay buffer                : 300000 samples [1: 50.5%, 2: 49.5%, 3: 0.0%]
DFA state visits in window   : 1: 17180, 2: 13404, 3: 80
DFA state visits cumulative  : 1: 959886, 2: 285201, 3: 859
DFA state entries in window  : 1: 100, 2: 85, 3: 80
DFA state entries cumulative : 1: 4400, 2: 1427, 3: 859
transitions cumulative       : 1->2: 1427, 2->3: 859
accepted directly from s0    : 0
Gym endings cumulative       : terminated=3376, truncated=165

[Episode 4500/8000 | last 100]
success rate                : 77.0% (cumulative 20.8%)
synthetic task reward       : 7700.000
shaping reward              : -1281.668
learning reward             : 6418.332
episode length              : 337.7
abstract changes / episode  : 22.5
DFA transitions / episode   : 1.57
DFA transitions in window   : 1->2: 80, 2->3: 77
epsilon (next episode)       : 0.16524
replay buffer                : 300000 samples [1: 50.7%, 2: 49.3%, 3: 0.0%]
DFA state visits in window   : 1: 20395, 2: 13402, 3: 77
DFA state visits cumulative  : 1: 980281, 2: 298603, 3: 936
DFA state entries in window  : 1: 100, 2: 80, 3: 77
DFA state entries cumulative : 1: 4500, 2: 1507, 3: 936
transitions cumulative       : 1->2: 1507, 2->3: 936
accepted directly from s0    : 0
Gym endings cumulative       : terminated=3399, truncated=165

[Episode 4600/8000 | last 100]
success rate                : 79.0% (cumulative 22.1%)
synthetic task reward       : 7900.000
shaping reward              : -1278.235
learning reward             : 6621.765
episode length              : 325.6
abstract changes / episode  : 22.7
DFA transitions / episode   : 1.62
DFA transitions in window   : 1->2: 83, 2->3: 79
epsilon (next episode)       : 0.15876
replay buffer                : 300000 samples [1: 52.1%, 2: 47.9%, 3: 0.0%]
DFA state visits in window   : 1: 18914, 2: 13662, 3: 79
DFA state visits cumulative  : 1: 999195, 2: 312265, 3: 1015
DFA state entries in window  : 1: 100, 2: 83, 3: 79
DFA state entries cumulative : 1: 4600, 2: 1590, 3: 1015
transitions cumulative       : 1->2: 1590, 2->3: 1015
accepted directly from s0    : 0
Gym endings cumulative       : terminated=3419, truncated=166

[Episode 4700/8000 | last 100]
success rate                : 68.0% (cumulative 23.0%)
synthetic task reward       : 6800.000
shaping reward              : -1313.832
learning reward             : 5486.168
episode length              : 305.2
abstract changes / episode  : 22.3
DFA transitions / episode   : 1.47
DFA transitions in window   : 1->2: 79, 2->3: 68
epsilon (next episode)       : 0.15253
replay buffer                : 300000 samples [1: 54.3%, 2: 45.7%, 3: 0.0%]
DFA state visits in window   : 1: 18974, 2: 11575, 3: 68
DFA state visits cumulative  : 1: 1018169, 2: 323840, 3: 1083
DFA state entries in window  : 1: 100, 2: 79, 3: 68
DFA state entries cumulative : 1: 4700, 2: 1669, 3: 1083
transitions cumulative       : 1->2: 1669, 2->3: 1083
accepted directly from s0    : 0
Gym endings cumulative       : terminated=3451, truncated=166

[Episode 4800/8000 | last 100]
success rate                : 74.0% (cumulative 24.1%)
synthetic task reward       : 7400.000
shaping reward              : -1396.158
learning reward             : 6003.842
episode length              : 355.2
abstract changes / episode  : 23.8
DFA transitions / episode   : 1.54
DFA transitions in window   : 1->2: 80, 2->3: 74
epsilon (next episode)       : 0.14655
replay buffer                : 300000 samples [1: 56.3%, 2: 43.7%, 3: 0.0%]
DFA state visits in window   : 1: 21228, 2: 14318, 3: 74
DFA state visits cumulative  : 1: 1039397, 2: 338158, 3: 1157
DFA state entries in window  : 1: 100, 2: 80, 3: 74
DFA state entries cumulative : 1: 4800, 2: 1749, 3: 1157
transitions cumulative       : 1->2: 1749, 2->3: 1157
accepted directly from s0    : 0
Gym endings cumulative       : terminated=3475, truncated=168

[Episode 4900/8000 | last 100]
success rate                : 65.0% (cumulative 24.9%)
synthetic task reward       : 6500.000
shaping reward              : -1243.581
learning reward             : 5256.419
episode length              : 321.1
abstract changes / episode  : 21.2
DFA transitions / episode   : 1.41
DFA transitions in window   : 1->2: 76, 2->3: 65
epsilon (next episode)       : 0.14080
replay buffer                : 300000 samples [1: 57.2%, 2: 42.8%, 3: 0.0%]
DFA state visits in window   : 1: 18351, 2: 13789, 3: 65
DFA state visits cumulative  : 1: 1057748, 2: 351947, 3: 1222
DFA state entries in window  : 1: 100, 2: 76, 3: 65
DFA state entries cumulative : 1: 4900, 2: 1825, 3: 1222
transitions cumulative       : 1->2: 1825, 2->3: 1222
accepted directly from s0    : 0
Gym endings cumulative       : terminated=3508, truncated=170

[Episode 5000/8000 | last 100]
success rate                : 72.0% (cumulative 25.9%)
synthetic task reward       : 7200.000
shaping reward              : -1165.730
learning reward             : 6034.270
episode length              : 313.7
abstract changes / episode  : 20.6
DFA transitions / episode   : 1.48
DFA transitions in window   : 1->2: 76, 2->3: 72
epsilon (next episode)       : 0.13528
replay buffer                : 300000 samples [1: 58.2%, 2: 41.8%, 3: 0.0%]
DFA state visits in window   : 1: 17840, 2: 13558, 3: 72
DFA state visits cumulative  : 1: 1075588, 2: 365505, 3: 1294
DFA state entries in window  : 1: 100, 2: 76, 3: 72
DFA state entries cumulative : 1: 5000, 2: 1901, 3: 1294
transitions cumulative       : 1->2: 1901, 2->3: 1294
accepted directly from s0    : 0
Gym endings cumulative       : terminated=3534, truncated=172

[Episode 5100/8000 | last 100]
success rate                : 79.0% (cumulative 26.9%)
synthetic task reward       : 7900.000
shaping reward              : -886.078
learning reward             : 7013.922
episode length              : 273.2
abstract changes / episode  : 18.5
DFA transitions / episode   : 1.61
DFA transitions in window   : 1->2: 82, 2->3: 79
epsilon (next episode)       : 0.12998
replay buffer                : 300000 samples [1: 57.7%, 2: 42.3%, 3: 0.0%]
DFA state visits in window   : 1: 15118, 2: 12227, 3: 79
DFA state visits cumulative  : 1: 1090706, 2: 377732, 3: 1373
DFA state entries in window  : 1: 100, 2: 82, 3: 79
DFA state entries cumulative : 1: 5100, 2: 1983, 3: 1373
transitions cumulative       : 1->2: 1983, 2->3: 1373
accepted directly from s0    : 0
Gym endings cumulative       : terminated=3555, truncated=172

[Episode 5200/8000 | last 100]
success rate                : 86.0% (cumulative 28.1%)
synthetic task reward       : 8600.000
shaping reward              : -990.036
learning reward             : 7609.964
episode length              : 282.9
abstract changes / episode  : 20.5
DFA transitions / episode   : 1.76
DFA transitions in window   : 1->2: 90, 2->3: 86
epsilon (next episode)       : 0.12488
replay buffer                : 300000 samples [1: 57.2%, 2: 42.8%, 3: 0.0%]
DFA state visits in window   : 1: 14684, 2: 13617, 3: 86
DFA state visits cumulative  : 1: 1105390, 2: 391349, 3: 1459
DFA state entries in window  : 1: 100, 2: 90, 3: 86
DFA state entries cumulative : 1: 5200, 2: 2073, 3: 1459
transitions cumulative       : 1->2: 2073, 2->3: 1459
accepted directly from s0    : 0
Gym endings cumulative       : terminated=3569, truncated=172

[Episode 5300/8000 | last 100]
success rate                : 76.0% (cumulative 29.0%)
synthetic task reward       : 7600.000
shaping reward              : -1319.241
learning reward             : 6280.759
episode length              : 319.9
abstract changes / episode  : 23.3
DFA transitions / episode   : 1.60
DFA transitions in window   : 1->2: 84, 2->3: 76
epsilon (next episode)       : 0.11998
replay buffer                : 300000 samples [1: 57.7%, 2: 42.3%, 3: 0.0%]
DFA state visits in window   : 1: 18270, 2: 13746, 3: 76
DFA state visits cumulative  : 1: 1123660, 2: 405095, 3: 1535
DFA state entries in window  : 1: 100, 2: 84, 3: 76
DFA state entries cumulative : 1: 5300, 2: 2157, 3: 1535
transitions cumulative       : 1->2: 2157, 2->3: 1535
accepted directly from s0    : 0
Gym endings cumulative       : terminated=3592, truncated=173

[Episode 5400/8000 | last 100]
success rate                : 84.0% (cumulative 30.0%)
synthetic task reward       : 8400.000
shaping reward              : -964.863
learning reward             : 7435.137
episode length              : 311.8
abstract changes / episode  : 20.1
DFA transitions / episode   : 1.73
DFA transitions in window   : 1->2: 89, 2->3: 84
epsilon (next episode)       : 0.11528
replay buffer                : 300000 samples [1: 57.7%, 2: 42.3%, 3: 0.0%]
DFA state visits in window   : 1: 18507, 2: 12690, 3: 84
DFA state visits cumulative  : 1: 1142167, 2: 417785, 3: 1619
DFA state entries in window  : 1: 100, 2: 89, 3: 84
DFA state entries cumulative : 1: 5400, 2: 2246, 3: 1619
transitions cumulative       : 1->2: 2246, 2->3: 1619
accepted directly from s0    : 0
Gym endings cumulative       : terminated=3607, truncated=174

[Episode 5500/8000 | last 100]
success rate                : 94.0% (cumulative 31.1%)
synthetic task reward       : 9400.000
shaping reward              : -808.495
learning reward             : 8591.505
episode length              : 303.1
abstract changes / episode  : 19.4
DFA transitions / episode   : 1.89
DFA transitions in window   : 1->2: 95, 2->3: 94
epsilon (next episode)       : 0.11075
replay buffer                : 300000 samples [1: 57.0%, 2: 43.0%, 3: 0.0%]
DFA state visits in window   : 1: 15471, 2: 14847, 3: 94
DFA state visits cumulative  : 1: 1157638, 2: 432632, 3: 1713
DFA state entries in window  : 1: 100, 2: 95, 3: 94
DFA state entries cumulative : 1: 5500, 2: 2341, 3: 1713
transitions cumulative       : 1->2: 2341, 2->3: 1713
accepted directly from s0    : 0
Gym endings cumulative       : terminated=3612, truncated=175
Best policy updated at episode 5500: mean learning reward=8591.505

[Episode 5600/8000 | last 100]
success rate                : 97.0% (cumulative 32.3%)
synthetic task reward       : 9700.000
shaping reward              : -692.028
learning reward             : 9007.972
episode length              : 278.9
abstract changes / episode  : 18.8
DFA transitions / episode   : 1.95
DFA transitions in window   : 1->2: 98, 2->3: 97
epsilon (next episode)       : 0.10641
replay buffer                : 300000 samples [1: 55.8%, 2: 44.2%, 3: 0.0%]
DFA state visits in window   : 1: 13709, 2: 14181, 3: 97
DFA state visits cumulative  : 1: 1171347, 2: 446813, 3: 1810
DFA state entries in window  : 1: 100, 2: 98, 3: 97
DFA state entries cumulative : 1: 5600, 2: 2439, 3: 1810
transitions cumulative       : 1->2: 2439, 2->3: 1810
accepted directly from s0    : 0
Gym endings cumulative       : terminated=3615, truncated=175
Best policy updated at episode 5600: mean learning reward=9007.972

[Episode 5700/8000 | last 100]
success rate                : 94.0% (cumulative 33.4%)
synthetic task reward       : 9400.000
shaping reward              : -613.253
learning reward             : 8786.747
episode length              : 258.3
abstract changes / episode  : 17.5
DFA transitions / episode   : 1.90
DFA transitions in window   : 1->2: 96, 2->3: 94
epsilon (next episode)       : 0.10224
replay buffer                : 300000 samples [1: 55.1%, 2: 44.9%, 3: 0.0%]
DFA state visits in window   : 1: 13139, 2: 12698, 3: 94
DFA state visits cumulative  : 1: 1184486, 2: 459511, 3: 1904
DFA state entries in window  : 1: 100, 2: 96, 3: 94
DFA state entries cumulative : 1: 5700, 2: 2535, 3: 1904
transitions cumulative       : 1->2: 2535, 2->3: 1904
accepted directly from s0    : 0
Gym endings cumulative       : terminated=3621, truncated=175

[Episode 5800/8000 | last 100]
success rate                : 89.0% (cumulative 34.4%)
synthetic task reward       : 8900.000
shaping reward              : -717.684
learning reward             : 8182.316
episode length              : 271.5
abstract changes / episode  : 18.3
DFA transitions / episode   : 1.85
DFA transitions in window   : 1->2: 96, 2->3: 89
epsilon (next episode)       : 0.09823
replay buffer                : 300000 samples [1: 54.7%, 2: 45.3%, 3: 0.0%]
DFA state visits in window   : 1: 14005, 2: 13152, 3: 89
DFA state visits cumulative  : 1: 1198491, 2: 472663, 3: 1993
DFA state entries in window  : 1: 100, 2: 96, 3: 89
DFA state entries cumulative : 1: 5800, 2: 2631, 3: 1993
transitions cumulative       : 1->2: 2631, 2->3: 1993
accepted directly from s0    : 0
Gym endings cumulative       : terminated=3632, truncated=175

[Episode 5900/8000 | last 100]
success rate                : 82.0% (cumulative 35.2%)
synthetic task reward       : 8200.000
shaping reward              : -865.952
learning reward             : 7334.048
episode length              : 272.6
abstract changes / episode  : 18.9
DFA transitions / episode   : 1.71
DFA transitions in window   : 1->2: 89, 2->3: 82
epsilon (next episode)       : 0.09438
replay buffer                : 300000 samples [1: 53.9%, 2: 46.1%, 3: 0.0%]
DFA state visits in window   : 1: 14810, 2: 12465, 3: 82
DFA state visits cumulative  : 1: 1213301, 2: 485128, 3: 2075
DFA state entries in window  : 1: 100, 2: 89, 3: 82
DFA state entries cumulative : 1: 5900, 2: 2720, 3: 2075
transitions cumulative       : 1->2: 2720, 2->3: 2075
accepted directly from s0    : 0
Gym endings cumulative       : terminated=3650, truncated=175

[Episode 6000/8000 | last 100]
success rate                : 65.0% (cumulative 35.7%)
synthetic task reward       : 6500.000
shaping reward              : -838.202
learning reward             : 5661.798
episode length              : 267.6
abstract changes / episode  : 17.3
DFA transitions / episode   : 1.39
DFA transitions in window   : 1->2: 74, 2->3: 65
epsilon (next episode)       : 0.09067
replay buffer                : 300000 samples [1: 55.0%, 2: 45.0%, 3: 0.0%]
DFA state visits in window   : 1: 17411, 2: 9382, 3: 65
DFA state visits cumulative  : 1: 1230712, 2: 494510, 3: 2140
DFA state entries in window  : 1: 100, 2: 74, 3: 65
DFA state entries cumulative : 1: 6000, 2: 2794, 3: 2140
transitions cumulative       : 1->2: 2794, 2->3: 2140
accepted directly from s0    : 0
Gym endings cumulative       : terminated=3685, truncated=175

[Episode 6100/8000 | last 100]
success rate                : 71.0% (cumulative 36.2%)
synthetic task reward       : 7100.000
shaping reward              : -772.729
learning reward             : 6327.271
episode length              : 303.1
abstract changes / episode  : 17.3
DFA transitions / episode   : 1.50
DFA transitions in window   : 1->2: 79, 2->3: 71
epsilon (next episode)       : 0.08712
replay buffer                : 300000 samples [1: 55.8%, 2: 44.2%, 3: 0.0%]
DFA state visits in window   : 1: 20296, 2: 10041, 3: 71
DFA state visits cumulative  : 1: 1251008, 2: 504551, 3: 2211
DFA state entries in window  : 1: 100, 2: 79, 3: 71
DFA state entries cumulative : 1: 6100, 2: 2873, 3: 2211
transitions cumulative       : 1->2: 2873, 2->3: 2211
accepted directly from s0    : 0
Gym endings cumulative       : terminated=3712, truncated=177

[Episode 6200/8000 | last 100]
success rate                : 89.0% (cumulative 37.1%)
synthetic task reward       : 8900.000
shaping reward              : -701.049
learning reward             : 8198.951
episode length              : 286.7
abstract changes / episode  : 18.2
DFA transitions / episode   : 1.85
DFA transitions in window   : 1->2: 96, 2->3: 89
epsilon (next episode)       : 0.08370
replay buffer                : 300000 samples [1: 56.3%, 2: 43.7%, 3: 0.0%]
DFA state visits in window   : 1: 17074, 2: 11610, 3: 89
DFA state visits cumulative  : 1: 1268082, 2: 516161, 3: 2300
DFA state entries in window  : 1: 100, 2: 96, 3: 89
DFA state entries cumulative : 1: 6200, 2: 2969, 3: 2300
transitions cumulative       : 1->2: 2969, 2->3: 2300
accepted directly from s0    : 0
Gym endings cumulative       : terminated=3722, truncated=178

[Episode 6300/8000 | last 100]
success rate                : 83.0% (cumulative 37.8%)
synthetic task reward       : 8300.000
shaping reward              : -941.799
learning reward             : 7358.201
episode length              : 308.7
abstract changes / episode  : 19.5
DFA transitions / episode   : 1.66
DFA transitions in window   : 1->2: 83, 2->3: 83
epsilon (next episode)       : 0.08042
replay buffer                : 300000 samples [1: 57.4%, 2: 42.6%, 3: 0.0%]
DFA state visits in window   : 1: 19793, 2: 11095, 3: 83
DFA state visits cumulative  : 1: 1287875, 2: 527256, 3: 2383
DFA state entries in window  : 1: 100, 2: 83, 3: 83
DFA state entries cumulative : 1: 6300, 2: 3052, 3: 2383
transitions cumulative       : 1->2: 3052, 2->3: 2383
accepted directly from s0    : 0
Gym endings cumulative       : terminated=3738, truncated=179

[Episode 6400/8000 | last 100]
success rate                : 84.0% (cumulative 38.5%)
synthetic task reward       : 8400.000
shaping reward              : -959.335
learning reward             : 7440.665
episode length              : 317.1
abstract changes / episode  : 20.5
DFA transitions / episode   : 1.76
DFA transitions in window   : 1->2: 92, 2->3: 84
epsilon (next episode)       : 0.07727
replay buffer                : 300000 samples [1: 56.2%, 2: 43.8%, 3: 0.0%]
DFA state visits in window   : 1: 15812, 2: 15912, 3: 84
DFA state visits cumulative  : 1: 1303687, 2: 543168, 3: 2467
DFA state entries in window  : 1: 100, 2: 92, 3: 84
DFA state entries cumulative : 1: 6400, 2: 3144, 3: 2467
transitions cumulative       : 1->2: 3144, 2->3: 2467
accepted directly from s0    : 0
Gym endings cumulative       : terminated=3751, truncated=182

[Episode 6500/8000 | last 100]
success rate                : 83.0% (cumulative 39.2%)
synthetic task reward       : 8300.000
shaping reward              : -951.196
learning reward             : 7348.804
episode length              : 270.3
abstract changes / episode  : 20.0
DFA transitions / episode   : 1.73
DFA transitions in window   : 1->2: 90, 2->3: 83
epsilon (next episode)       : 0.07423
replay buffer                : 300000 samples [1: 55.5%, 2: 44.5%, 3: 0.0%]
DFA state visits in window   : 1: 13208, 2: 13843, 3: 83
DFA state visits cumulative  : 1: 1316895, 2: 557011, 3: 2550
DFA state entries in window  : 1: 100, 2: 90, 3: 83
DFA state entries cumulative : 1: 6500, 2: 3234, 3: 2550
transitions cumulative       : 1->2: 3234, 2->3: 2550
accepted directly from s0    : 0
Gym endings cumulative       : terminated=3768, truncated=182

[Episode 6600/8000 | last 100]
success rate                : 66.0% (cumulative 39.6%)
synthetic task reward       : 6600.000
shaping reward              : -963.800
learning reward             : 5636.200
episode length              : 266.2
abstract changes / episode  : 19.3
DFA transitions / episode   : 1.50
DFA transitions in window   : 1->2: 84, 2->3: 66
epsilon (next episode)       : 0.07132
replay buffer                : 300000 samples [1: 56.1%, 2: 43.9%, 3: 0.0%]
DFA state visits in window   : 1: 14272, 2: 12379, 3: 66
DFA state visits cumulative  : 1: 1331167, 2: 569390, 3: 2616
DFA state entries in window  : 1: 100, 2: 84, 3: 66
DFA state entries cumulative : 1: 6600, 2: 3318, 3: 2616
transitions cumulative       : 1->2: 3318, 2->3: 2616
accepted directly from s0    : 0
Gym endings cumulative       : terminated=3801, truncated=183

[Episode 6700/8000 | last 100]
success rate                : 78.0% (cumulative 40.2%)
synthetic task reward       : 7800.000
shaping reward              : -864.064
learning reward             : 6935.936
episode length              : 263.0
abstract changes / episode  : 19.1
DFA transitions / episode   : 1.68
DFA transitions in window   : 1->2: 90, 2->3: 78
epsilon (next episode)       : 0.06853
replay buffer                : 300000 samples [1: 57.2%, 2: 42.8%, 3: 0.0%]
DFA state visits in window   : 1: 16071, 2: 10247, 3: 78
DFA state visits cumulative  : 1: 1347238, 2: 579637, 3: 2694
DFA state entries in window  : 1: 100, 2: 90, 3: 78
DFA state entries cumulative : 1: 6700, 2: 3408, 3: 2694
transitions cumulative       : 1->2: 3408, 2->3: 2694
accepted directly from s0    : 0
Gym endings cumulative       : terminated=3823, truncated=183

[Episode 6800/8000 | last 100]
success rate                : 71.0% (cumulative 40.7%)
synthetic task reward       : 7100.000
shaping reward              : -798.171
learning reward             : 6301.829
episode length              : 246.7
abstract changes / episode  : 16.6
DFA transitions / episode   : 1.47
DFA transitions in window   : 1->2: 76, 2->3: 71
epsilon (next episode)       : 0.06584
replay buffer                : 300000 samples [1: 58.2%, 2: 41.8%, 3: 0.0%]
DFA state visits in window   : 1: 16035, 2: 8668, 3: 71
DFA state visits cumulative  : 1: 1363273, 2: 588305, 3: 2765
DFA state entries in window  : 1: 100, 2: 76, 3: 71
DFA state entries cumulative : 1: 6800, 2: 3484, 3: 2765
transitions cumulative       : 1->2: 3484, 2->3: 2765
accepted directly from s0    : 0
Gym endings cumulative       : terminated=3851, truncated=184

[Episode 6900/8000 | last 100]
success rate                : 54.0% (cumulative 40.9%)
synthetic task reward       : 5400.000
shaping reward              : -1171.831
learning reward             : 4228.169
episode length              : 288.6
abstract changes / episode  : 18.8
DFA transitions / episode   : 1.10
DFA transitions in window   : 1->2: 56, 2->3: 54
epsilon (next episode)       : 0.06326
replay buffer                : 300000 samples [1: 60.5%, 2: 39.5%, 3: 0.0%]
DFA state visits in window   : 1: 22034, 2: 6869, 3: 54
DFA state visits cumulative  : 1: 1385307, 2: 595174, 3: 2819
DFA state entries in window  : 1: 100, 2: 56, 3: 54
DFA state entries cumulative : 1: 6900, 2: 3540, 3: 2819
transitions cumulative       : 1->2: 3540, 2->3: 2819
accepted directly from s0    : 0
Gym endings cumulative       : terminated=3896, truncated=185

[Episode 7000/8000 | last 100]
success rate                : 71.0% (cumulative 41.3%)
synthetic task reward       : 7100.000
shaping reward              : -1152.576
learning reward             : 5947.424
episode length              : 327.9
abstract changes / episode  : 21.1
DFA transitions / episode   : 1.49
DFA transitions in window   : 1->2: 78, 2->3: 71
epsilon (next episode)       : 0.06078
replay buffer                : 300000 samples [1: 61.5%, 2: 38.5%, 3: 0.0%]
DFA state visits in window   : 1: 21259, 2: 11555, 3: 71
DFA state visits cumulative  : 1: 1406566, 2: 606729, 3: 2890
DFA state entries in window  : 1: 100, 2: 78, 3: 71
DFA state entries cumulative : 1: 7000, 2: 3618, 3: 2890
transitions cumulative       : 1->2: 3618, 2->3: 2890
accepted directly from s0    : 0
Gym endings cumulative       : terminated=3922, truncated=188

[Episode 7100/8000 | last 100]
success rate                : 79.0% (cumulative 41.8%)
synthetic task reward       : 7900.000
shaping reward              : -899.672
learning reward             : 7000.328
episode length              : 286.0
abstract changes / episode  : 18.9
DFA transitions / episode   : 1.61
DFA transitions in window   : 1->2: 82, 2->3: 79
epsilon (next episode)       : 0.05839
replay buffer                : 300000 samples [1: 61.1%, 2: 38.9%, 3: 0.0%]
DFA state visits in window   : 1: 18223, 2: 10399, 3: 79
DFA state visits cumulative  : 1: 1424789, 2: 617128, 3: 2969
DFA state entries in window  : 1: 100, 2: 82, 3: 79
DFA state entries cumulative : 1: 7100, 2: 3700, 3: 2969
transitions cumulative       : 1->2: 3700, 2->3: 2969
accepted directly from s0    : 0
Gym endings cumulative       : terminated=3943, truncated=188

[Episode 7200/8000 | last 100]
success rate                : 68.0% (cumulative 42.2%)
synthetic task reward       : 6800.000
shaping reward              : -938.201
learning reward             : 5861.799
episode length              : 250.8
abstract changes / episode  : 18.2
DFA transitions / episode   : 1.43
DFA transitions in window   : 1->2: 75, 2->3: 68
epsilon (next episode)       : 0.05610
replay buffer                : 300000 samples [1: 60.6%, 2: 39.4%, 3: 0.0%]
DFA state visits in window   : 1: 15589, 2: 9526, 3: 68
DFA state visits cumulative  : 1: 1440378, 2: 626654, 3: 3037
DFA state entries in window  : 1: 100, 2: 75, 3: 68
DFA state entries cumulative : 1: 7200, 2: 3775, 3: 3037
transitions cumulative       : 1->2: 3775, 2->3: 3037
accepted directly from s0    : 0
Gym endings cumulative       : terminated=3975, truncated=188

[Episode 7300/8000 | last 100]
success rate                : 69.0% (cumulative 42.5%)
synthetic task reward       : 6900.000
shaping reward              : -1014.103
learning reward             : 5885.897
episode length              : 278.7
abstract changes / episode  : 19.2
DFA transitions / episode   : 1.45
DFA transitions in window   : 1->2: 76, 2->3: 69
epsilon (next episode)       : 0.05390
replay buffer                : 300000 samples [1: 61.3%, 2: 38.7%, 3: 0.0%]
DFA state visits in window   : 1: 17923, 2: 9977, 3: 69
DFA state visits cumulative  : 1: 1458301, 2: 636631, 3: 3106
DFA state entries in window  : 1: 100, 2: 76, 3: 69
DFA state entries cumulative : 1: 7300, 2: 3851, 3: 3106
transitions cumulative       : 1->2: 3851, 2->3: 3106
accepted directly from s0    : 0
Gym endings cumulative       : terminated=4005, truncated=189

[Episode 7400/8000 | last 100]
success rate                : 74.0% (cumulative 43.0%)
synthetic task reward       : 7400.000
shaping reward              : -832.051
learning reward             : 6567.949
episode length              : 302.8
abstract changes / episode  : 18.6
DFA transitions / episode   : 1.64
DFA transitions in window   : 1->2: 90, 2->3: 74
epsilon (next episode)       : 0.05179
replay buffer                : 300000 samples [1: 59.9%, 2: 40.1%, 3: 0.0%]
DFA state visits in window   : 1: 14673, 2: 15634, 3: 74
DFA state visits cumulative  : 1: 1472974, 2: 652265, 3: 3180
DFA state entries in window  : 1: 100, 2: 90, 3: 74
DFA state entries cumulative : 1: 7400, 2: 3941, 3: 3180
transitions cumulative       : 1->2: 3941, 2->3: 3180
accepted directly from s0    : 0
Gym endings cumulative       : terminated=4026, truncated=194

[Episode 7500/8000 | last 100]
success rate                : 86.0% (cumulative 43.5%)
synthetic task reward       : 8600.000
shaping reward              : -688.476
learning reward             : 7911.524
episode length              : 250.9
abstract changes / episode  : 17.7
DFA transitions / episode   : 1.78
DFA transitions in window   : 1->2: 92, 2->3: 86
epsilon (next episode)       : 0.04976
replay buffer                : 300000 samples [1: 60.9%, 2: 39.1%, 3: 0.0%]
DFA state visits in window   : 1: 15226, 2: 9881, 3: 86
DFA state visits cumulative  : 1: 1488200, 2: 662146, 3: 3266
DFA state entries in window  : 1: 100, 2: 92, 3: 86
DFA state entries cumulative : 1: 7500, 2: 4033, 3: 3266
transitions cumulative       : 1->2: 4033, 2->3: 3266
accepted directly from s0    : 0
Gym endings cumulative       : terminated=4040, truncated=194

[Episode 7600/8000 | last 100]
success rate                : 82.0% (cumulative 44.1%)
synthetic task reward       : 8200.000
shaping reward              : -622.193
learning reward             : 7577.807
episode length              : 230.6
abstract changes / episode  : 16.9
DFA transitions / episode   : 1.74
DFA transitions in window   : 1->2: 92, 2->3: 82
epsilon (next episode)       : 0.04781
replay buffer                : 300000 samples [1: 61.5%, 2: 38.5%, 3: 0.0%]
DFA state visits in window   : 1: 12994, 2: 10086, 3: 82
DFA state visits cumulative  : 1: 1501194, 2: 672232, 3: 3348
DFA state entries in window  : 1: 100, 2: 92, 3: 82
DFA state entries cumulative : 1: 7600, 2: 4125, 3: 3348
transitions cumulative       : 1->2: 4125, 2->3: 3348
accepted directly from s0    : 0
Gym endings cumulative       : terminated=4058, truncated=194

[Episode 7700/8000 | last 100]
success rate                : 76.0% (cumulative 44.5%)
synthetic task reward       : 7600.000
shaping reward              : -793.355
learning reward             : 6806.645
episode length              : 247.3
abstract changes / episode  : 17.5
DFA transitions / episode   : 1.61
DFA transitions in window   : 1->2: 85, 2->3: 76
epsilon (next episode)       : 0.04593
replay buffer                : 300000 samples [1: 62.4%, 2: 37.6%, 3: 0.0%]
DFA state visits in window   : 1: 15807, 2: 8947, 3: 76
DFA state visits cumulative  : 1: 1517001, 2: 681179, 3: 3424
DFA state entries in window  : 1: 100, 2: 85, 3: 76
DFA state entries cumulative : 1: 7700, 2: 4210, 3: 3424
transitions cumulative       : 1->2: 4210, 2->3: 3424
accepted directly from s0    : 0
Gym endings cumulative       : terminated=4082, truncated=194

[Episode 7800/8000 | last 100]
success rate                : 83.0% (cumulative 45.0%)
synthetic task reward       : 8300.000
shaping reward              : -881.832
learning reward             : 7418.168
episode length              : 297.1
abstract changes / episode  : 19.8
DFA transitions / episode   : 1.77
DFA transitions in window   : 1->2: 94, 2->3: 83
epsilon (next episode)       : 0.04413
replay buffer                : 300000 samples [1: 62.2%, 2: 37.8%, 3: 0.0%]
DFA state visits in window   : 1: 17475, 2: 12252, 3: 83
DFA state visits cumulative  : 1: 1534476, 2: 693431, 3: 3507
DFA state entries in window  : 1: 100, 2: 94, 3: 83
DFA state entries cumulative : 1: 7800, 2: 4304, 3: 3507
transitions cumulative       : 1->2: 4304, 2->3: 3507
accepted directly from s0    : 0
Gym endings cumulative       : terminated=4097, truncated=196

[Episode 7900/8000 | last 100]
success rate                : 78.0% (cumulative 45.4%)
synthetic task reward       : 7800.000
shaping reward              : -878.241
learning reward             : 6921.759
episode length              : 270.9
abstract changes / episode  : 19.5
DFA transitions / episode   : 1.72
DFA transitions in window   : 1->2: 94, 2->3: 78
epsilon (next episode)       : 0.04240
replay buffer                : 300000 samples [1: 61.8%, 2: 38.2%, 3: 0.0%]
DFA state visits in window   : 1: 16784, 2: 10328, 3: 78
DFA state visits cumulative  : 1: 1551260, 2: 703759, 3: 3585
DFA state entries in window  : 1: 100, 2: 94, 3: 78
DFA state entries cumulative : 1: 7900, 2: 4398, 3: 3585
transitions cumulative       : 1->2: 4398, 2->3: 3585
accepted directly from s0    : 0
Gym endings cumulative       : terminated=4119, truncated=196

[Episode 8000/8000 | last 100]
success rate                : 86.0% (cumulative 45.9%)
synthetic task reward       : 8600.000
shaping reward              : -655.515
learning reward             : 7944.485
episode length              : 247.4
abstract changes / episode  : 17.5
DFA transitions / episode   : 1.81
DFA transitions in window   : 1->2: 95, 2->3: 86
epsilon (next episode)       : 0.04074
replay buffer                : 300000 samples [1: 60.7%, 2: 39.3%, 3: 0.0%]
DFA state visits in window   : 1: 15389, 2: 9364, 3: 86
DFA state visits cumulative  : 1: 1566649, 2: 713123, 3: 3671
DFA state entries in window  : 1: 100, 2: 95, 3: 86
DFA state entries cumulative : 1: 8000, 2: 4493, 3: 3671
transitions cumulative       : 1->2: 4493, 2->3: 3671
accepted directly from s0    : 0
Gym endings cumulative       : terminated=4133, truncated=196
Last policy saved after episode 8000. Best policy: episode 5600, mean learning reward=9007.972
