
=== NEW RUN ===
episodes=8000, shaping=False, K=1.0, goal_reward=10000.0, gamma=0.99
inter_level_shaping=False, inter_level_K=0.0
formula=F(wp1 & X(F(wp2 & X(F(goal)))))
waypoints={'wp1': (1, 8), 'wp2': (5, 6), 'goal': (8, 8)}
dfa_states=[1, 2, 3, 4], pre_trace=1, accepting=[4]

[Episode 1/8000 | last 1]
success rate                : 0.0% (cumulative 0.0%)
synthetic task reward       : 0.000
shaping reward              : 0.000
learning reward             : 0.000
episode length              : 66.0
abstract changes / episode  : 13.0
DFA transitions / episode   : 0.00
DFA transitions in window   : none
epsilon (next episode)       : 0.99960
replay buffer                : 66 samples [1: 100.0%, 2: 0.0%, 3: 0.0%, 4: 0.0%]
DFA state visits in window   : 1: 67, 2: 0, 3: 0, 4: 0
DFA state visits cumulative  : 1: 67, 2: 0, 3: 0, 4: 0
DFA state entries in window  : 1: 1, 2: 0, 3: 0, 4: 0
DFA state entries cumulative : 1: 1, 2: 0, 3: 0, 4: 0
transitions cumulative       : none
accepted directly from s0    : 0
Gym endings cumulative       : terminated=1, truncated=0
Best policy updated at episode 1: mean learning reward=0.000

[Episode 100/8000 | last 100]
success rate                : 0.0% (cumulative 0.0%)
synthetic task reward       : 0.000
shaping reward              : 0.000
learning reward             : 0.000
episode length              : 95.1
abstract changes / episode  : 13.0
DFA transitions / episode   : 0.00
DFA transitions in window   : none
epsilon (next episode)       : 0.96078
replay buffer                : 9510 samples [1: 100.0%, 2: 0.0%, 3: 0.0%, 4: 0.0%]
DFA state visits in window   : 1: 9610, 2: 0, 3: 0, 4: 0
DFA state visits cumulative  : 1: 9610, 2: 0, 3: 0, 4: 0
DFA state entries in window  : 1: 100, 2: 0, 3: 0, 4: 0
DFA state entries cumulative : 1: 100, 2: 0, 3: 0, 4: 0
transitions cumulative       : none
accepted directly from s0    : 0
Gym endings cumulative       : terminated=100, truncated=0

[Episode 200/8000 | last 100]
success rate                : 0.0% (cumulative 0.0%)
synthetic task reward       : 0.000
shaping reward              : 0.000
learning reward             : 0.000
episode length              : 90.4
abstract changes / episode  : 12.8
DFA transitions / episode   : 0.01
DFA transitions in window   : 1->2: 1
epsilon (next episode)       : 0.92310
replay buffer                : 18552 samples [1: 99.9%, 2: 0.1%, 3: 0.0%, 4: 0.0%]
DFA state visits in window   : 1: 9131, 2: 11, 3: 0, 4: 0
DFA state visits cumulative  : 1: 18741, 2: 11, 3: 0, 4: 0
DFA state entries in window  : 1: 100, 2: 1, 3: 0, 4: 0
DFA state entries cumulative : 1: 200, 2: 1, 3: 0, 4: 0
transitions cumulative       : 1->2: 1
accepted directly from s0    : 0
Gym endings cumulative       : terminated=200, truncated=0

[Episode 300/8000 | last 100]
success rate                : 0.0% (cumulative 0.0%)
synthetic task reward       : 0.000
shaping reward              : 0.000
learning reward             : 0.000
episode length              : 85.2
abstract changes / episode  : 12.7
DFA transitions / episode   : 0.00
DFA transitions in window   : none
epsilon (next episode)       : 0.88690
replay buffer                : 27074 samples [1: 100.0%, 2: 0.0%, 3: 0.0%, 4: 0.0%]
DFA state visits in window   : 1: 8622, 2: 0, 3: 0, 4: 0
DFA state visits cumulative  : 1: 27363, 2: 11, 3: 0, 4: 0
DFA state entries in window  : 1: 100, 2: 0, 3: 0, 4: 0
DFA state entries cumulative : 1: 300, 2: 1, 3: 0, 4: 0
transitions cumulative       : 1->2: 1
accepted directly from s0    : 0
Gym endings cumulative       : terminated=300, truncated=0

[Episode 400/8000 | last 100]
success rate                : 0.0% (cumulative 0.0%)
synthetic task reward       : 0.000
shaping reward              : 0.000
learning reward             : 0.000
episode length              : 98.2
abstract changes / episode  : 13.2
DFA transitions / episode   : 0.01
DFA transitions in window   : 1->2: 1
epsilon (next episode)       : 0.85212
replay buffer                : 36889 samples [1: 99.9%, 2: 0.1%, 3: 0.0%, 4: 0.0%]
DFA state visits in window   : 1: 9892, 2: 23, 3: 0, 4: 0
DFA state visits cumulative  : 1: 37255, 2: 34, 3: 0, 4: 0
DFA state entries in window  : 1: 100, 2: 1, 3: 0, 4: 0
DFA state entries cumulative : 1: 400, 2: 2, 3: 0, 4: 0
transitions cumulative       : 1->2: 2
accepted directly from s0    : 0
Gym endings cumulative       : terminated=400, truncated=0

[Episode 500/8000 | last 100]
success rate                : 0.0% (cumulative 0.0%)
synthetic task reward       : 0.000
shaping reward              : 0.000
learning reward             : 0.000
episode length              : 100.3
abstract changes / episode  : 12.9
DFA transitions / episode   : 0.05
DFA transitions in window   : 1->2: 5
epsilon (next episode)       : 0.81870
replay buffer                : 46922 samples [1: 99.7%, 2: 0.3%, 3: 0.0%, 4: 0.0%]
DFA state visits in window   : 1: 10009, 2: 124, 3: 0, 4: 0
DFA state visits cumulative  : 1: 47264, 2: 158, 3: 0, 4: 0
DFA state entries in window  : 1: 100, 2: 5, 3: 0, 4: 0
DFA state entries cumulative : 1: 500, 2: 7, 3: 0, 4: 0
transitions cumulative       : 1->2: 7
accepted directly from s0    : 0
Gym endings cumulative       : terminated=500, truncated=0

[Episode 600/8000 | last 100]
success rate                : 0.0% (cumulative 0.0%)
synthetic task reward       : 0.000
shaping reward              : 0.000
learning reward             : 0.000
episode length              : 113.3
abstract changes / episode  : 12.9
DFA transitions / episode   : 0.08
DFA transitions in window   : 1->2: 8
epsilon (next episode)       : 0.78659
replay buffer                : 58251 samples [1: 99.3%, 2: 0.7%, 3: 0.0%, 4: 0.0%]
DFA state visits in window   : 1: 11180, 2: 249, 3: 0, 4: 0
DFA state visits cumulative  : 1: 58444, 2: 407, 3: 0, 4: 0
DFA state entries in window  : 1: 100, 2: 8, 3: 0, 4: 0
DFA state entries cumulative : 1: 600, 2: 15, 3: 0, 4: 0
transitions cumulative       : 1->2: 15
accepted directly from s0    : 0
Gym endings cumulative       : terminated=600, truncated=0

[Episode 700/8000 | last 100]
success rate                : 0.0% (cumulative 0.0%)
synthetic task reward       : 0.000
shaping reward              : 0.000
learning reward             : 0.000
episode length              : 115.0
abstract changes / episode  : 12.7
DFA transitions / episode   : 0.07
DFA transitions in window   : 1->2: 7
epsilon (next episode)       : 0.75574
replay buffer                : 69756 samples [1: 99.3%, 2: 0.7%, 3: 0.0%, 4: 0.0%]
DFA state visits in window   : 1: 11469, 2: 136, 3: 0, 4: 0
DFA state visits cumulative  : 1: 69913, 2: 543, 3: 0, 4: 0
DFA state entries in window  : 1: 100, 2: 7, 3: 0, 4: 0
DFA state entries cumulative : 1: 700, 2: 22, 3: 0, 4: 0
transitions cumulative       : 1->2: 22
accepted directly from s0    : 0
Gym endings cumulative       : terminated=699, truncated=1

[Episode 800/8000 | last 100]
success rate                : 0.0% (cumulative 0.0%)
synthetic task reward       : 0.000
shaping reward              : 0.000
learning reward             : 0.000
episode length              : 111.5
abstract changes / episode  : 12.9
DFA transitions / episode   : 0.02
DFA transitions in window   : 1->2: 2
epsilon (next episode)       : 0.72610
replay buffer                : 80905 samples [1: 99.3%, 2: 0.7%, 3: 0.0%, 4: 0.0%]
DFA state visits in window   : 1: 11203, 2: 46, 3: 0, 4: 0
DFA state visits cumulative  : 1: 81116, 2: 589, 3: 0, 4: 0
DFA state entries in window  : 1: 100, 2: 2, 3: 0, 4: 0
DFA state entries cumulative : 1: 800, 2: 24, 3: 0, 4: 0
transitions cumulative       : 1->2: 24
accepted directly from s0    : 0
Gym endings cumulative       : terminated=799, truncated=1

[Episode 900/8000 | last 100]
success rate                : 0.0% (cumulative 0.0%)
synthetic task reward       : 0.000
shaping reward              : 0.000
learning reward             : 0.000
episode length              : 126.2
abstract changes / episode  : 13.3
DFA transitions / episode   : 0.02
DFA transitions in window   : 1->2: 2
epsilon (next episode)       : 0.69763
replay buffer                : 93522 samples [1: 99.3%, 2: 0.7%, 3: 0.0%, 4: 0.0%]
DFA state visits in window   : 1: 12598, 2: 119, 3: 0, 4: 0
DFA state visits cumulative  : 1: 93714, 2: 708, 3: 0, 4: 0
DFA state entries in window  : 1: 100, 2: 2, 3: 0, 4: 0
DFA state entries cumulative : 1: 900, 2: 26, 3: 0, 4: 0
transitions cumulative       : 1->2: 26
accepted directly from s0    : 0
Gym endings cumulative       : terminated=899, truncated=1

[Episode 1000/8000 | last 100]
success rate                : 0.0% (cumulative 0.0%)
synthetic task reward       : 0.000
shaping reward              : 0.000
learning reward             : 0.000
episode length              : 138.7
abstract changes / episode  : 13.4
DFA transitions / episode   : 0.01
DFA transitions in window   : 1->2: 1
epsilon (next episode)       : 0.67027
replay buffer                : 107395 samples [1: 99.3%, 2: 0.7%, 3: 0.0%, 4: 0.0%]
DFA state visits in window   : 1: 13918, 2: 55, 3: 0, 4: 0
DFA state visits cumulative  : 1: 107632, 2: 763, 3: 0, 4: 0
DFA state entries in window  : 1: 100, 2: 1, 3: 0, 4: 0
DFA state entries cumulative : 1: 1000, 2: 27, 3: 0, 4: 0
transitions cumulative       : 1->2: 27
accepted directly from s0    : 0
Gym endings cumulative       : terminated=999, truncated=1

[Episode 1100/8000 | last 100]
success rate                : 0.0% (cumulative 0.0%)
synthetic task reward       : 0.000
shaping reward              : 0.000
learning reward             : 0.000
episode length              : 122.7
abstract changes / episode  : 12.7
DFA transitions / episode   : 0.00
DFA transitions in window   : none
epsilon (next episode)       : 0.64398
replay buffer                : 119665 samples [1: 99.4%, 2: 0.6%, 3: 0.0%, 4: 0.0%]
DFA state visits in window   : 1: 12370, 2: 0, 3: 0, 4: 0
DFA state visits cumulative  : 1: 120002, 2: 763, 3: 0, 4: 0
DFA state entries in window  : 1: 100, 2: 0, 3: 0, 4: 0
DFA state entries cumulative : 1: 1100, 2: 27, 3: 0, 4: 0
transitions cumulative       : 1->2: 27
accepted directly from s0    : 0
Gym endings cumulative       : terminated=1099, truncated=1

[Episode 1200/8000 | last 100]
success rate                : 0.0% (cumulative 0.0%)
synthetic task reward       : 0.000
shaping reward              : 0.000
learning reward             : 0.000
episode length              : 113.4
abstract changes / episode  : 12.0
DFA transitions / episode   : 0.06
DFA transitions in window   : 1->2: 6
epsilon (next episode)       : 0.61872
replay buffer                : 131005 samples [1: 99.2%, 2: 0.8%, 3: 0.0%, 4: 0.0%]
DFA state visits in window   : 1: 11180, 2: 260, 3: 0, 4: 0
DFA state visits cumulative  : 1: 131182, 2: 1023, 3: 0, 4: 0
DFA state entries in window  : 1: 100, 2: 6, 3: 0, 4: 0
DFA state entries cumulative : 1: 1200, 2: 33, 3: 0, 4: 0
transitions cumulative       : 1->2: 33
accepted directly from s0    : 0
Gym endings cumulative       : terminated=1199, truncated=1

[Episode 1300/8000 | last 100]
success rate                : 0.0% (cumulative 0.0%)
synthetic task reward       : 0.000
shaping reward              : 0.000
learning reward             : 0.000
episode length              : 119.4
abstract changes / episode  : 12.6
DFA transitions / episode   : 0.03
DFA transitions in window   : 1->2: 3
epsilon (next episode)       : 0.59446
replay buffer                : 142948 samples [1: 99.1%, 2: 0.9%, 3: 0.0%, 4: 0.0%]
DFA state visits in window   : 1: 11789, 2: 254, 3: 0, 4: 0
DFA state visits cumulative  : 1: 142971, 2: 1277, 3: 0, 4: 0
DFA state entries in window  : 1: 100, 2: 3, 3: 0, 4: 0
DFA state entries cumulative : 1: 1300, 2: 36, 3: 0, 4: 0
transitions cumulative       : 1->2: 36
accepted directly from s0    : 0
Gym endings cumulative       : terminated=1299, truncated=1

[Episode 1400/8000 | last 100]
success rate                : 0.0% (cumulative 0.0%)
synthetic task reward       : 0.000
shaping reward              : 0.000
learning reward             : 0.000
episode length              : 131.0
abstract changes / episode  : 12.4
DFA transitions / episode   : 0.00
DFA transitions in window   : none
epsilon (next episode)       : 0.57115
replay buffer                : 156044 samples [1: 99.2%, 2: 0.8%, 3: 0.0%, 4: 0.0%]
DFA state visits in window   : 1: 13196, 2: 0, 3: 0, 4: 0
DFA state visits cumulative  : 1: 156167, 2: 1277, 3: 0, 4: 0
DFA state entries in window  : 1: 100, 2: 0, 3: 0, 4: 0
DFA state entries cumulative : 1: 1400, 2: 36, 3: 0, 4: 0
transitions cumulative       : 1->2: 36
accepted directly from s0    : 0
Gym endings cumulative       : terminated=1399, truncated=1

[Episode 1500/8000 | last 100]
success rate                : 0.0% (cumulative 0.0%)
synthetic task reward       : 0.000
shaping reward              : 0.000
learning reward             : 0.000
episode length              : 170.3
abstract changes / episode  : 13.3
DFA transitions / episode   : 0.00
DFA transitions in window   : none
epsilon (next episode)       : 0.54875
replay buffer                : 173078 samples [1: 99.3%, 2: 0.7%, 3: 0.0%, 4: 0.0%]
DFA state visits in window   : 1: 17134, 2: 0, 3: 0, 4: 0
DFA state visits cumulative  : 1: 173301, 2: 1277, 3: 0, 4: 0
DFA state entries in window  : 1: 100, 2: 0, 3: 0, 4: 0
DFA state entries cumulative : 1: 1500, 2: 36, 3: 0, 4: 0
transitions cumulative       : 1->2: 36
accepted directly from s0    : 0
Gym endings cumulative       : terminated=1498, truncated=2

[Episode 1600/8000 | last 100]
success rate                : 0.0% (cumulative 0.0%)
synthetic task reward       : 0.000
shaping reward              : 0.000
learning reward             : 0.000
episode length              : 222.2
abstract changes / episode  : 14.7
DFA transitions / episode   : 0.02
DFA transitions in window   : 1->2: 2
epsilon (next episode)       : 0.52722
replay buffer                : 195298 samples [1: 99.2%, 2: 0.8%, 3: 0.0%, 4: 0.0%]
DFA state visits in window   : 1: 22046, 2: 274, 3: 0, 4: 0
DFA state visits cumulative  : 1: 195347, 2: 1551, 3: 0, 4: 0
DFA state entries in window  : 1: 100, 2: 2, 3: 0, 4: 0
DFA state entries cumulative : 1: 1600, 2: 38, 3: 0, 4: 0
transitions cumulative       : 1->2: 38
accepted directly from s0    : 0
Gym endings cumulative       : terminated=1594, truncated=6

[Episode 1700/8000 | last 100]
success rate                : 0.0% (cumulative 0.0%)
synthetic task reward       : 0.000
shaping reward              : 0.000
learning reward             : 0.000
episode length              : 201.6
abstract changes / episode  : 13.8
DFA transitions / episode   : 0.07
DFA transitions in window   : 1->2: 7
epsilon (next episode)       : 0.50655
replay buffer                : 215455 samples [1: 99.2%, 2: 0.8%, 3: 0.0%, 4: 0.0%]
DFA state visits in window   : 1: 20102, 2: 155, 3: 0, 4: 0
DFA state visits cumulative  : 1: 215449, 2: 1706, 3: 0, 4: 0
DFA state entries in window  : 1: 100, 2: 7, 3: 0, 4: 0
DFA state entries cumulative : 1: 1700, 2: 45, 3: 0, 4: 0
transitions cumulative       : 1->2: 45
accepted directly from s0    : 0
Gym endings cumulative       : terminated=1693, truncated=7

[Episode 1800/8000 | last 100]
success rate                : 0.0% (cumulative 0.0%)
synthetic task reward       : 0.000
shaping reward              : 0.000
learning reward             : 0.000
episode length              : 233.7
abstract changes / episode  : 16.5
DFA transitions / episode   : 0.05
DFA transitions in window   : 1->2: 5
epsilon (next episode)       : 0.48668
replay buffer                : 238824 samples [1: 99.2%, 2: 0.8%, 3: 0.0%, 4: 0.0%]
DFA state visits in window   : 1: 23200, 2: 269, 3: 0, 4: 0
DFA state visits cumulative  : 1: 238649, 2: 1975, 3: 0, 4: 0
DFA state entries in window  : 1: 100, 2: 5, 3: 0, 4: 0
DFA state entries cumulative : 1: 1800, 2: 50, 3: 0, 4: 0
transitions cumulative       : 1->2: 50
accepted directly from s0    : 0
Gym endings cumulative       : terminated=1793, truncated=7

[Episode 1900/8000 | last 100]
success rate                : 0.0% (cumulative 0.0%)
synthetic task reward       : 0.000
shaping reward              : 0.000
learning reward             : 0.000
episode length              : 254.0
abstract changes / episode  : 14.4
DFA transitions / episode   : 0.06
DFA transitions in window   : 1->2: 6
epsilon (next episode)       : 0.46760
replay buffer                : 264226 samples [1: 99.1%, 2: 0.9%, 3: 0.0%, 4: 0.0%]
DFA state visits in window   : 1: 25138, 2: 364, 3: 0, 4: 0
DFA state visits cumulative  : 1: 263787, 2: 2339, 3: 0, 4: 0
DFA state entries in window  : 1: 100, 2: 6, 3: 0, 4: 0
DFA state entries cumulative : 1: 1900, 2: 56, 3: 0, 4: 0
transitions cumulative       : 1->2: 56
accepted directly from s0    : 0
Gym endings cumulative       : terminated=1890, truncated=10

[Episode 2000/8000 | last 100]
success rate                : 0.0% (cumulative 0.0%)
synthetic task reward       : 0.000
shaping reward              : 0.000
learning reward             : 0.000
episode length              : 266.5
abstract changes / episode  : 17.3
DFA transitions / episode   : 0.08
DFA transitions in window   : 1->2: 6, 2->3: 2
epsilon (next episode)       : 0.44926
replay buffer                : 290879 samples [1: 99.0%, 2: 1.0%, 3: 0.0%, 4: 0.0%]
DFA state visits in window   : 1: 26176, 2: 530, 3: 47, 4: 0
DFA state visits cumulative  : 1: 289963, 2: 2869, 3: 47, 4: 0
DFA state entries in window  : 1: 100, 2: 6, 3: 2, 4: 0
DFA state entries cumulative : 1: 2000, 2: 62, 3: 2, 4: 0
transitions cumulative       : 1->2: 62, 2->3: 2
accepted directly from s0    : 0
Gym endings cumulative       : terminated=1989, truncated=11

[Episode 2100/8000 | last 100]
success rate                : 0.0% (cumulative 0.0%)
synthetic task reward       : 0.000
shaping reward              : 0.000
learning reward             : 0.000
episode length              : 335.3
abstract changes / episode  : 16.9
DFA transitions / episode   : 0.06
DFA transitions in window   : 1->2: 6
epsilon (next episode)       : 0.43164
replay buffer                : 300000 samples [1: 98.9%, 2: 1.1%, 3: 0.0%, 4: 0.0%]
DFA state visits in window   : 1: 33036, 2: 591, 3: 0, 4: 0
DFA state visits cumulative  : 1: 322999, 2: 3460, 3: 47, 4: 0
DFA state entries in window  : 1: 100, 2: 6, 3: 0, 4: 0
DFA state entries cumulative : 1: 2100, 2: 68, 3: 2, 4: 0
transitions cumulative       : 1->2: 68, 2->3: 2
accepted directly from s0    : 0
Gym endings cumulative       : terminated=2080, truncated=20

[Episode 2200/8000 | last 100]
success rate                : 0.0% (cumulative 0.0%)
synthetic task reward       : 0.000
shaping reward              : 0.000
learning reward             : 0.000
episode length              : 234.7
abstract changes / episode  : 17.1
DFA transitions / episode   : 0.00
DFA transitions in window   : none
epsilon (next episode)       : 0.41471
replay buffer                : 300000 samples [1: 98.9%, 2: 1.1%, 3: 0.0%, 4: 0.0%]
DFA state visits in window   : 1: 23571, 2: 0, 3: 0, 4: 0
DFA state visits cumulative  : 1: 346570, 2: 3460, 3: 47, 4: 0
DFA state entries in window  : 1: 100, 2: 0, 3: 0, 4: 0
DFA state entries cumulative : 1: 2200, 2: 68, 3: 2, 4: 0
transitions cumulative       : 1->2: 68, 2->3: 2
accepted directly from s0    : 0
Gym endings cumulative       : terminated=2179, truncated=21

[Episode 2300/8000 | last 100]
success rate                : 0.0% (cumulative 0.0%)
synthetic task reward       : 0.000
shaping reward              : 0.000
learning reward             : 0.000
episode length              : 272.6
abstract changes / episode  : 19.2
DFA transitions / episode   : 0.02
DFA transitions in window   : 1->2: 2
epsilon (next episode)       : 0.39845
replay buffer                : 300000 samples [1: 99.0%, 2: 1.0%, 3: 0.0%, 4: 0.0%]
DFA state visits in window   : 1: 27273, 2: 85, 3: 0, 4: 0
DFA state visits cumulative  : 1: 373843, 2: 3545, 3: 47, 4: 0
DFA state entries in window  : 1: 100, 2: 2, 3: 0, 4: 0
DFA state entries cumulative : 1: 2300, 2: 70, 3: 2, 4: 0
transitions cumulative       : 1->2: 70, 2->3: 2
accepted directly from s0    : 0
Gym endings cumulative       : terminated=2278, truncated=22

[Episode 2400/8000 | last 100]
success rate                : 0.0% (cumulative 0.0%)
synthetic task reward       : 0.000
shaping reward              : 0.000
learning reward             : 0.000
episode length              : 219.6
abstract changes / episode  : 17.1
DFA transitions / episode   : 0.10
DFA transitions in window   : 1->2: 10
epsilon (next episode)       : 0.38282
replay buffer                : 300000 samples [1: 98.7%, 2: 1.3%, 3: 0.0%, 4: 0.0%]
DFA state visits in window   : 1: 21043, 2: 1020, 3: 0, 4: 0
DFA state visits cumulative  : 1: 394886, 2: 4565, 3: 47, 4: 0
DFA state entries in window  : 1: 100, 2: 10, 3: 0, 4: 0
DFA state entries cumulative : 1: 2400, 2: 80, 3: 2, 4: 0
transitions cumulative       : 1->2: 80, 2->3: 2
accepted directly from s0    : 0
Gym endings cumulative       : terminated=2377, truncated=23

[Episode 2500/8000 | last 100]
success rate                : 0.0% (cumulative 0.0%)
synthetic task reward       : 0.000
shaping reward              : 0.000
learning reward             : 0.000
episode length              : 642.0
abstract changes / episode  : 25.4
DFA transitions / episode   : 0.10
DFA transitions in window   : 1->2: 7, 2->3: 3
epsilon (next episode)       : 0.36781
replay buffer                : 300000 samples [1: 98.4%, 2: 1.5%, 3: 0.1%, 4: 0.0%]
DFA state visits in window   : 1: 62684, 2: 1331, 3: 290, 4: 0
DFA state visits cumulative  : 1: 457570, 2: 5896, 3: 337, 4: 0
DFA state entries in window  : 1: 100, 2: 7, 3: 3, 4: 0
DFA state entries cumulative : 1: 2500, 2: 87, 3: 5, 4: 0
transitions cumulative       : 1->2: 87, 2->3: 5
accepted directly from s0    : 0
Gym endings cumulative       : terminated=2436, truncated=64

[Episode 2600/8000 | last 100]
success rate                : 0.0% (cumulative 0.0%)
synthetic task reward       : 0.000
shaping reward              : 0.000
learning reward             : 0.000
episode length              : 434.6
abstract changes / episode  : 19.8
DFA transitions / episode   : 0.05
DFA transitions in window   : 1->2: 4, 2->3: 1
epsilon (next episode)       : 0.35338
replay buffer                : 300000 samples [1: 98.3%, 2: 1.6%, 3: 0.1%, 4: 0.0%]
DFA state visits in window   : 1: 43004, 2: 491, 3: 70, 4: 0
DFA state visits cumulative  : 1: 500574, 2: 6387, 3: 407, 4: 0
DFA state entries in window  : 1: 100, 2: 4, 3: 1, 4: 0
DFA state entries cumulative : 1: 2600, 2: 91, 3: 6, 4: 0
transitions cumulative       : 1->2: 91, 2->3: 6
accepted directly from s0    : 0
Gym endings cumulative       : terminated=2514, truncated=86

[Episode 2700/8000 | last 100]
success rate                : 0.0% (cumulative 0.0%)
synthetic task reward       : 0.000
shaping reward              : 0.000
learning reward             : 0.000
episode length              : 402.3
abstract changes / episode  : 18.7
DFA transitions / episode   : 0.02
DFA transitions in window   : 1->2: 2
epsilon (next episode)       : 0.33952
replay buffer                : 300000 samples [1: 98.4%, 2: 1.5%, 3: 0.1%, 4: 0.0%]
DFA state visits in window   : 1: 40050, 2: 284, 3: 0, 4: 0
DFA state visits cumulative  : 1: 540624, 2: 6671, 3: 407, 4: 0
DFA state entries in window  : 1: 100, 2: 2, 3: 0, 4: 0
DFA state entries cumulative : 1: 2700, 2: 93, 3: 6, 4: 0
transitions cumulative       : 1->2: 93, 2->3: 6
accepted directly from s0    : 0
Gym endings cumulative       : terminated=2608, truncated=92

[Episode 2800/8000 | last 100]
success rate                : 0.0% (cumulative 0.0%)
synthetic task reward       : 0.000
shaping reward              : 0.000
learning reward             : 0.000
episode length              : 445.6
abstract changes / episode  : 17.7
DFA transitions / episode   : 0.03
DFA transitions in window   : 1->2: 3
epsilon (next episode)       : 0.32621
replay buffer                : 300000 samples [1: 98.3%, 2: 1.6%, 3: 0.1%, 4: 0.0%]
DFA state visits in window   : 1: 43760, 2: 899, 3: 0, 4: 0
DFA state visits cumulative  : 1: 584384, 2: 7570, 3: 407, 4: 0
DFA state entries in window  : 1: 100, 2: 3, 3: 0, 4: 0
DFA state entries cumulative : 1: 2800, 2: 96, 3: 6, 4: 0
transitions cumulative       : 1->2: 96, 2->3: 6
accepted directly from s0    : 0
Gym endings cumulative       : terminated=2696, truncated=104

[Episode 2900/8000 | last 100]
success rate                : 0.0% (cumulative 0.0%)
synthetic task reward       : 0.000
shaping reward              : 0.000
learning reward             : 0.000
episode length              : 204.0
abstract changes / episode  : 14.0
DFA transitions / episode   : 0.00
DFA transitions in window   : none
epsilon (next episode)       : 0.31341
replay buffer                : 300000 samples [1: 98.5%, 2: 1.4%, 3: 0.1%, 4: 0.0%]
DFA state visits in window   : 1: 20504, 2: 0, 3: 0, 4: 0
DFA state visits cumulative  : 1: 604888, 2: 7570, 3: 407, 4: 0
DFA state entries in window  : 1: 100, 2: 0, 3: 0, 4: 0
DFA state entries cumulative : 1: 2900, 2: 96, 3: 6, 4: 0
transitions cumulative       : 1->2: 96, 2->3: 6
accepted directly from s0    : 0
Gym endings cumulative       : terminated=2794, truncated=106

[Episode 3000/8000 | last 100]
success rate                : 0.0% (cumulative 0.0%)
synthetic task reward       : 0.000
shaping reward              : 0.000
learning reward             : 0.000
episode length              : 155.6
abstract changes / episode  : 13.3
DFA transitions / episode   : 0.00
DFA transitions in window   : none
epsilon (next episode)       : 0.30112
replay buffer                : 300000 samples [1: 98.5%, 2: 1.4%, 3: 0.1%, 4: 0.0%]
DFA state visits in window   : 1: 15656, 2: 0, 3: 0, 4: 0
DFA state visits cumulative  : 1: 620544, 2: 7570, 3: 407, 4: 0
DFA state entries in window  : 1: 100, 2: 0, 3: 0, 4: 0
DFA state entries cumulative : 1: 3000, 2: 96, 3: 6, 4: 0
transitions cumulative       : 1->2: 96, 2->3: 6
accepted directly from s0    : 0
Gym endings cumulative       : terminated=2893, truncated=107

[Episode 3100/8000 | last 100]
success rate                : 0.0% (cumulative 0.0%)
synthetic task reward       : 0.000
shaping reward              : 0.000
learning reward             : 0.000
episode length              : 118.9
abstract changes / episode  : 12.9
DFA transitions / episode   : 0.02
DFA transitions in window   : 1->2: 2
epsilon (next episode)       : 0.28931
replay buffer                : 300000 samples [1: 98.5%, 2: 1.4%, 3: 0.1%, 4: 0.0%]
DFA state visits in window   : 1: 11892, 2: 102, 3: 0, 4: 0
DFA state visits cumulative  : 1: 632436, 2: 7672, 3: 407, 4: 0
DFA state entries in window  : 1: 100, 2: 2, 3: 0, 4: 0
DFA state entries cumulative : 1: 3100, 2: 98, 3: 6, 4: 0
transitions cumulative       : 1->2: 98, 2->3: 6
accepted directly from s0    : 0
Gym endings cumulative       : terminated=2992, truncated=108

[Episode 3200/8000 | last 100]
success rate                : 0.0% (cumulative 0.0%)
synthetic task reward       : 0.000
shaping reward              : 0.000
learning reward             : 0.000
episode length              : 95.5
abstract changes / episode  : 12.9
DFA transitions / episode   : 0.03
DFA transitions in window   : 1->2: 3
epsilon (next episode)       : 0.27797
replay buffer                : 300000 samples [1: 98.5%, 2: 1.4%, 3: 0.1%, 4: 0.0%]
DFA state visits in window   : 1: 9561, 2: 93, 3: 0, 4: 0
DFA state visits cumulative  : 1: 641997, 2: 7765, 3: 407, 4: 0
DFA state entries in window  : 1: 100, 2: 3, 3: 0, 4: 0
DFA state entries cumulative : 1: 3200, 2: 101, 3: 6, 4: 0
transitions cumulative       : 1->2: 101, 2->3: 6
accepted directly from s0    : 0
Gym endings cumulative       : terminated=3092, truncated=108

[Episode 3300/8000 | last 100]
success rate                : 0.0% (cumulative 0.0%)
synthetic task reward       : 0.000
shaping reward              : 0.000
learning reward             : 0.000
episode length              : 92.2
abstract changes / episode  : 12.9
DFA transitions / episode   : 0.02
DFA transitions in window   : 1->2: 2
epsilon (next episode)       : 0.26706
replay buffer                : 300000 samples [1: 98.4%, 2: 1.4%, 3: 0.1%, 4: 0.0%]
DFA state visits in window   : 1: 9270, 2: 46, 3: 0, 4: 0
DFA state visits cumulative  : 1: 651267, 2: 7811, 3: 407, 4: 0
DFA state entries in window  : 1: 100, 2: 2, 3: 0, 4: 0
DFA state entries cumulative : 1: 3300, 2: 103, 3: 6, 4: 0
transitions cumulative       : 1->2: 103, 2->3: 6
accepted directly from s0    : 0
Gym endings cumulative       : terminated=3192, truncated=108

[Episode 3400/8000 | last 100]
success rate                : 0.0% (cumulative 0.0%)
synthetic task reward       : 0.000
shaping reward              : 0.000
learning reward             : 0.000
episode length              : 97.0
abstract changes / episode  : 12.8
DFA transitions / episode   : 0.02
DFA transitions in window   : 1->2: 2
epsilon (next episode)       : 0.25659
replay buffer                : 300000 samples [1: 98.4%, 2: 1.5%, 3: 0.1%, 4: 0.0%]
DFA state visits in window   : 1: 9730, 2: 71, 3: 0, 4: 0
DFA state visits cumulative  : 1: 660997, 2: 7882, 3: 407, 4: 0
DFA state entries in window  : 1: 100, 2: 2, 3: 0, 4: 0
DFA state entries cumulative : 1: 3400, 2: 105, 3: 6, 4: 0
transitions cumulative       : 1->2: 105, 2->3: 6
accepted directly from s0    : 0
Gym endings cumulative       : terminated=3291, truncated=109

[Episode 3500/8000 | last 100]
success rate                : 0.0% (cumulative 0.0%)
synthetic task reward       : 0.000
shaping reward              : 0.000
learning reward             : 0.000
episode length              : 86.2
abstract changes / episode  : 12.7
DFA transitions / episode   : 0.01
DFA transitions in window   : 1->2: 1
epsilon (next episode)       : 0.24653
replay buffer                : 300000 samples [1: 98.4%, 2: 1.5%, 3: 0.1%, 4: 0.0%]
DFA state visits in window   : 1: 8679, 2: 37, 3: 0, 4: 0
DFA state visits cumulative  : 1: 669676, 2: 7919, 3: 407, 4: 0
DFA state entries in window  : 1: 100, 2: 1, 3: 0, 4: 0
DFA state entries cumulative : 1: 3500, 2: 106, 3: 6, 4: 0
transitions cumulative       : 1->2: 106, 2->3: 6
accepted directly from s0    : 0
Gym endings cumulative       : terminated=3391, truncated=109

[Episode 3600/8000 | last 100]
success rate                : 0.0% (cumulative 0.0%)
synthetic task reward       : 0.000
shaping reward              : 0.000
learning reward             : 0.000
episode length              : 90.8
abstract changes / episode  : 12.9
DFA transitions / episode   : 0.00
DFA transitions in window   : none
epsilon (next episode)       : 0.23686
replay buffer                : 300000 samples [1: 98.6%, 2: 1.3%, 3: 0.1%, 4: 0.0%]
DFA state visits in window   : 1: 9185, 2: 0, 3: 0, 4: 0
DFA state visits cumulative  : 1: 678861, 2: 7919, 3: 407, 4: 0
DFA state entries in window  : 1: 100, 2: 0, 3: 0, 4: 0
DFA state entries cumulative : 1: 3600, 2: 106, 3: 6, 4: 0
transitions cumulative       : 1->2: 106, 2->3: 6
accepted directly from s0    : 0
Gym endings cumulative       : terminated=3491, truncated=109

[Episode 3700/8000 | last 100]
success rate                : 0.0% (cumulative 0.0%)
synthetic task reward       : 0.000
shaping reward              : 0.000
learning reward             : 0.000
episode length              : 86.8
abstract changes / episode  : 12.7
DFA transitions / episode   : 0.01
DFA transitions in window   : 1->2: 1
epsilon (next episode)       : 0.22757
replay buffer                : 300000 samples [1: 98.6%, 2: 1.2%, 3: 0.1%, 4: 0.0%]
DFA state visits in window   : 1: 8751, 2: 26, 3: 0, 4: 0
DFA state visits cumulative  : 1: 687612, 2: 7945, 3: 407, 4: 0
DFA state entries in window  : 1: 100, 2: 1, 3: 0, 4: 0
DFA state entries cumulative : 1: 3700, 2: 107, 3: 6, 4: 0
transitions cumulative       : 1->2: 107, 2->3: 6
accepted directly from s0    : 0
Gym endings cumulative       : terminated=3591, truncated=109

[Episode 3800/8000 | last 100]
success rate                : 0.0% (cumulative 0.0%)
synthetic task reward       : 0.000
shaping reward              : 0.000
learning reward             : 0.000
episode length              : 88.8
abstract changes / episode  : 12.6
DFA transitions / episode   : 0.03
DFA transitions in window   : 1->2: 3
epsilon (next episode)       : 0.21865
replay buffer                : 300000 samples [1: 99.1%, 2: 0.8%, 3: 0.1%, 4: 0.0%]
DFA state visits in window   : 1: 8903, 2: 75, 3: 0, 4: 0
DFA state visits cumulative  : 1: 696515, 2: 8020, 3: 407, 4: 0
DFA state entries in window  : 1: 100, 2: 3, 3: 0, 4: 0
DFA state entries cumulative : 1: 3800, 2: 110, 3: 6, 4: 0
transitions cumulative       : 1->2: 110, 2->3: 6
accepted directly from s0    : 0
Gym endings cumulative       : terminated=3691, truncated=109

[Episode 3900/8000 | last 100]
success rate                : 0.0% (cumulative 0.0%)
synthetic task reward       : 0.000
shaping reward              : 0.000
learning reward             : 0.000
episode length              : 88.8
abstract changes / episode  : 12.7
DFA transitions / episode   : 0.03
DFA transitions in window   : 1->2: 3
epsilon (next episode)       : 0.21007
replay buffer                : 300000 samples [1: 99.3%, 2: 0.7%, 3: 0.0%, 4: 0.0%]
DFA state visits in window   : 1: 8926, 2: 56, 3: 0, 4: 0
DFA state visits cumulative  : 1: 705441, 2: 8076, 3: 407, 4: 0
DFA state entries in window  : 1: 100, 2: 3, 3: 0, 4: 0
DFA state entries cumulative : 1: 3900, 2: 113, 3: 6, 4: 0
transitions cumulative       : 1->2: 113, 2->3: 6
accepted directly from s0    : 0
Gym endings cumulative       : terminated=3791, truncated=109

[Episode 4000/8000 | last 100]
success rate                : 0.0% (cumulative 0.0%)
synthetic task reward       : 0.000
shaping reward              : 0.000
learning reward             : 0.000
episode length              : 90.4
abstract changes / episode  : 12.7
DFA transitions / episode   : 0.00
DFA transitions in window   : none
epsilon (next episode)       : 0.20183
replay buffer                : 300000 samples [1: 99.3%, 2: 0.7%, 3: 0.0%, 4: 0.0%]
DFA state visits in window   : 1: 9144, 2: 0, 3: 0, 4: 0
DFA state visits cumulative  : 1: 714585, 2: 8076, 3: 407, 4: 0
DFA state entries in window  : 1: 100, 2: 0, 3: 0, 4: 0
DFA state entries cumulative : 1: 4000, 2: 113, 3: 6, 4: 0
transitions cumulative       : 1->2: 113, 2->3: 6
accepted directly from s0    : 0
Gym endings cumulative       : terminated=3891, truncated=109

[Episode 4100/8000 | last 100]
success rate                : 0.0% (cumulative 0.0%)
synthetic task reward       : 0.000
shaping reward              : 0.000
learning reward             : 0.000
episode length              : 88.7
abstract changes / episode  : 12.7
DFA transitions / episode   : 0.01
DFA transitions in window   : 1->2: 1
epsilon (next episode)       : 0.19392
replay buffer                : 300000 samples [1: 99.3%, 2: 0.7%, 3: 0.0%, 4: 0.0%]
DFA state visits in window   : 1: 8944, 2: 26, 3: 0, 4: 0
DFA state visits cumulative  : 1: 723529, 2: 8102, 3: 407, 4: 0
DFA state entries in window  : 1: 100, 2: 1, 3: 0, 4: 0
DFA state entries cumulative : 1: 4100, 2: 114, 3: 6, 4: 0
transitions cumulative       : 1->2: 114, 2->3: 6
accepted directly from s0    : 0
Gym endings cumulative       : terminated=3991, truncated=109

[Episode 4200/8000 | last 100]
success rate                : 0.0% (cumulative 0.0%)
synthetic task reward       : 0.000
shaping reward              : 0.000
learning reward             : 0.000
episode length              : 94.4
abstract changes / episode  : 12.6
DFA transitions / episode   : 0.03
DFA transitions in window   : 1->2: 3
epsilon (next episode)       : 0.18631
replay buffer                : 300000 samples [1: 99.2%, 2: 0.8%, 3: 0.0%, 4: 0.0%]
DFA state visits in window   : 1: 9459, 2: 85, 3: 0, 4: 0
DFA state visits cumulative  : 1: 732988, 2: 8187, 3: 407, 4: 0
DFA state entries in window  : 1: 100, 2: 3, 3: 0, 4: 0
DFA state entries cumulative : 1: 4200, 2: 117, 3: 6, 4: 0
transitions cumulative       : 1->2: 117, 2->3: 6
accepted directly from s0    : 0
Gym endings cumulative       : terminated=4091, truncated=109

[Episode 4300/8000 | last 100]
success rate                : 0.0% (cumulative 0.0%)
synthetic task reward       : 0.000
shaping reward              : 0.000
learning reward             : 0.000
episode length              : 106.2
abstract changes / episode  : 11.7
DFA transitions / episode   : 0.02
DFA transitions in window   : 1->2: 2
epsilon (next episode)       : 0.17900
replay buffer                : 300000 samples [1: 99.2%, 2: 0.8%, 3: 0.0%, 4: 0.0%]
DFA state visits in window   : 1: 10686, 2: 37, 3: 0, 4: 0
DFA state visits cumulative  : 1: 743674, 2: 8224, 3: 407, 4: 0
DFA state entries in window  : 1: 100, 2: 2, 3: 0, 4: 0
DFA state entries cumulative : 1: 4300, 2: 119, 3: 6, 4: 0
transitions cumulative       : 1->2: 119, 2->3: 6
accepted directly from s0    : 0
Gym endings cumulative       : terminated=4191, truncated=109

[Episode 4400/8000 | last 100]
success rate                : 0.0% (cumulative 0.0%)
synthetic task reward       : 0.000
shaping reward              : 0.000
learning reward             : 0.000
episode length              : 161.1
abstract changes / episode  : 10.2
DFA transitions / episode   : 0.01
DFA transitions in window   : 1->2: 1
epsilon (next episode)       : 0.17198
replay buffer                : 300000 samples [1: 99.2%, 2: 0.8%, 3: 0.0%, 4: 0.0%]
DFA state visits in window   : 1: 16196, 2: 18, 3: 0, 4: 0
DFA state visits cumulative  : 1: 759870, 2: 8242, 3: 407, 4: 0
DFA state entries in window  : 1: 100, 2: 1, 3: 0, 4: 0
DFA state entries cumulative : 1: 4400, 2: 120, 3: 6, 4: 0
transitions cumulative       : 1->2: 120, 2->3: 6
accepted directly from s0    : 0
Gym endings cumulative       : terminated=4291, truncated=109

[Episode 4500/8000 | last 100]
success rate                : 0.0% (cumulative 0.0%)
synthetic task reward       : 0.000
shaping reward              : 0.000
learning reward             : 0.000
episode length              : 143.7
abstract changes / episode  : 8.6
DFA transitions / episode   : 0.00
DFA transitions in window   : none
epsilon (next episode)       : 0.16524
replay buffer                : 300000 samples [1: 99.2%, 2: 0.8%, 3: 0.0%, 4: 0.0%]
DFA state visits in window   : 1: 14467, 2: 0, 3: 0, 4: 0
DFA state visits cumulative  : 1: 774337, 2: 8242, 3: 407, 4: 0
DFA state entries in window  : 1: 100, 2: 0, 3: 0, 4: 0
DFA state entries cumulative : 1: 4500, 2: 120, 3: 6, 4: 0
transitions cumulative       : 1->2: 120, 2->3: 6
accepted directly from s0    : 0
Gym endings cumulative       : terminated=4391, truncated=109

[Episode 4600/8000 | last 100]
success rate                : 0.0% (cumulative 0.0%)
synthetic task reward       : 0.000
shaping reward              : 0.000
learning reward             : 0.000
episode length              : 291.8
abstract changes / episode  : 13.8
DFA transitions / episode   : 0.07
DFA transitions in window   : 1->2: 7
epsilon (next episode)       : 0.15876
replay buffer                : 300000 samples [1: 99.3%, 2: 0.7%, 3: 0.0%, 4: 0.0%]
DFA state visits in window   : 1: 29010, 2: 268, 3: 0, 4: 0
DFA state visits cumulative  : 1: 803347, 2: 8510, 3: 407, 4: 0
DFA state entries in window  : 1: 100, 2: 7, 3: 0, 4: 0
DFA state entries cumulative : 1: 4600, 2: 127, 3: 6, 4: 0
transitions cumulative       : 1->2: 127, 2->3: 6
accepted directly from s0    : 0
Gym endings cumulative       : terminated=4482, truncated=118

[Episode 4700/8000 | last 100]
success rate                : 0.0% (cumulative 0.0%)
synthetic task reward       : 0.000
shaping reward              : 0.000
learning reward             : 0.000
episode length              : 275.3
abstract changes / episode  : 15.1
DFA transitions / episode   : 0.06
DFA transitions in window   : 1->2: 6
epsilon (next episode)       : 0.15253
replay buffer                : 300000 samples [1: 99.4%, 2: 0.6%, 3: 0.0%, 4: 0.0%]
DFA state visits in window   : 1: 27500, 2: 134, 3: 0, 4: 0
DFA state visits cumulative  : 1: 830847, 2: 8644, 3: 407, 4: 0
DFA state entries in window  : 1: 100, 2: 6, 3: 0, 4: 0
DFA state entries cumulative : 1: 4700, 2: 133, 3: 6, 4: 0
transitions cumulative       : 1->2: 133, 2->3: 6
accepted directly from s0    : 0
Gym endings cumulative       : terminated=4581, truncated=119

[Episode 4800/8000 | last 100]
success rate                : 0.0% (cumulative 0.0%)
synthetic task reward       : 0.000
shaping reward              : 0.000
learning reward             : 0.000
episode length              : 186.1
abstract changes / episode  : 9.0
DFA transitions / episode   : 0.01
DFA transitions in window   : 1->2: 1
epsilon (next episode)       : 0.14655
replay buffer                : 300000 samples [1: 99.5%, 2: 0.5%, 3: 0.0%, 4: 0.0%]
DFA state visits in window   : 1: 18681, 2: 31, 3: 0, 4: 0
DFA state visits cumulative  : 1: 849528, 2: 8675, 3: 407, 4: 0
DFA state entries in window  : 1: 100, 2: 1, 3: 0, 4: 0
DFA state entries cumulative : 1: 4800, 2: 134, 3: 6, 4: 0
transitions cumulative       : 1->2: 134, 2->3: 6
accepted directly from s0    : 0
Gym endings cumulative       : terminated=4681, truncated=119

[Episode 4900/8000 | last 100]
success rate                : 0.0% (cumulative 0.0%)
synthetic task reward       : 0.000
shaping reward              : 0.000
learning reward             : 0.000
episode length              : 283.2
abstract changes / episode  : 10.3
DFA transitions / episode   : 0.10
DFA transitions in window   : 1->2: 10
epsilon (next episode)       : 0.14080
replay buffer                : 300000 samples [1: 99.6%, 2: 0.4%, 3: 0.0%, 4: 0.0%]
DFA state visits in window   : 1: 28219, 2: 199, 3: 0, 4: 0
DFA state visits cumulative  : 1: 877747, 2: 8874, 3: 407, 4: 0
DFA state entries in window  : 1: 100, 2: 10, 3: 0, 4: 0
DFA state entries cumulative : 1: 4900, 2: 144, 3: 6, 4: 0
transitions cumulative       : 1->2: 144, 2->3: 6
accepted directly from s0    : 0
Gym endings cumulative       : terminated=4781, truncated=119

[Episode 5000/8000 | last 100]
success rate                : 0.0% (cumulative 0.0%)
synthetic task reward       : 0.000
shaping reward              : 0.000
learning reward             : 0.000
episode length              : 232.1
abstract changes / episode  : 9.6
DFA transitions / episode   : 0.03
DFA transitions in window   : 1->2: 3
epsilon (next episode)       : 0.13528
replay buffer                : 300000 samples [1: 99.6%, 2: 0.4%, 3: 0.0%, 4: 0.0%]
DFA state visits in window   : 1: 23252, 2: 57, 3: 0, 4: 0
DFA state visits cumulative  : 1: 900999, 2: 8931, 3: 407, 4: 0
DFA state entries in window  : 1: 100, 2: 3, 3: 0, 4: 0
DFA state entries cumulative : 1: 5000, 2: 147, 3: 6, 4: 0
transitions cumulative       : 1->2: 147, 2->3: 6
accepted directly from s0    : 0
Gym endings cumulative       : terminated=4881, truncated=119

[Episode 5100/8000 | last 100]
success rate                : 0.0% (cumulative 0.0%)
synthetic task reward       : 0.000
shaping reward              : 0.000
learning reward             : 0.000
episode length              : 239.7
abstract changes / episode  : 12.2
DFA transitions / episode   : 0.02
DFA transitions in window   : 1->2: 2
epsilon (next episode)       : 0.12998
replay buffer                : 300000 samples [1: 99.6%, 2: 0.4%, 3: 0.0%, 4: 0.0%]
DFA state visits in window   : 1: 24015, 2: 57, 3: 0, 4: 0
DFA state visits cumulative  : 1: 925014, 2: 8988, 3: 407, 4: 0
DFA state entries in window  : 1: 100, 2: 2, 3: 0, 4: 0
DFA state entries cumulative : 1: 5100, 2: 149, 3: 6, 4: 0
transitions cumulative       : 1->2: 149, 2->3: 6
accepted directly from s0    : 0
Gym endings cumulative       : terminated=4981, truncated=119

[Episode 5200/8000 | last 100]
success rate                : 0.0% (cumulative 0.0%)
synthetic task reward       : 0.000
shaping reward              : 0.000
learning reward             : 0.000
episode length              : 128.8
abstract changes / episode  : 12.2
DFA transitions / episode   : 0.00
DFA transitions in window   : none
epsilon (next episode)       : 0.12488
replay buffer                : 300000 samples [1: 99.6%, 2: 0.4%, 3: 0.0%, 4: 0.0%]
DFA state visits in window   : 1: 12978, 2: 0, 3: 0, 4: 0
DFA state visits cumulative  : 1: 937992, 2: 8988, 3: 407, 4: 0
DFA state entries in window  : 1: 100, 2: 0, 3: 0, 4: 0
DFA state entries cumulative : 1: 5200, 2: 149, 3: 6, 4: 0
transitions cumulative       : 1->2: 149, 2->3: 6
accepted directly from s0    : 0
Gym endings cumulative       : terminated=5081, truncated=119

[Episode 5300/8000 | last 100]
success rate                : 0.0% (cumulative 0.0%)
synthetic task reward       : 0.000
shaping reward              : 0.000
learning reward             : 0.000
episode length              : 90.7
abstract changes / episode  : 12.6
DFA transitions / episode   : 0.01
DFA transitions in window   : 1->2: 1
epsilon (next episode)       : 0.11998
replay buffer                : 300000 samples [1: 99.6%, 2: 0.4%, 3: 0.0%, 4: 0.0%]
DFA state visits in window   : 1: 9152, 2: 15, 3: 0, 4: 0
DFA state visits cumulative  : 1: 947144, 2: 9003, 3: 407, 4: 0
DFA state entries in window  : 1: 100, 2: 1, 3: 0, 4: 0
DFA state entries cumulative : 1: 5300, 2: 150, 3: 6, 4: 0
transitions cumulative       : 1->2: 150, 2->3: 6
accepted directly from s0    : 0
Gym endings cumulative       : terminated=5181, truncated=119

[Episode 5400/8000 | last 100]
success rate                : 0.0% (cumulative 0.0%)
synthetic task reward       : 0.000
shaping reward              : 0.000
learning reward             : 0.000
episode length              : 85.2
abstract changes / episode  : 12.9
DFA transitions / episode   : 0.02
DFA transitions in window   : 1->2: 2
epsilon (next episode)       : 0.11528
replay buffer                : 300000 samples [1: 99.6%, 2: 0.4%, 3: 0.0%, 4: 0.0%]
DFA state visits in window   : 1: 8580, 2: 35, 3: 0, 4: 0
DFA state visits cumulative  : 1: 955724, 2: 9038, 3: 407, 4: 0
DFA state entries in window  : 1: 100, 2: 2, 3: 0, 4: 0
DFA state entries cumulative : 1: 5400, 2: 152, 3: 6, 4: 0
transitions cumulative       : 1->2: 152, 2->3: 6
accepted directly from s0    : 0
Gym endings cumulative       : terminated=5281, truncated=119

[Episode 5500/8000 | last 100]
success rate                : 0.0% (cumulative 0.0%)
synthetic task reward       : 0.000
shaping reward              : 0.000
learning reward             : 0.000
episode length              : 128.4
abstract changes / episode  : 12.5
DFA transitions / episode   : 0.01
DFA transitions in window   : 1->2: 1
epsilon (next episode)       : 0.11075
replay buffer                : 300000 samples [1: 99.6%, 2: 0.4%, 3: 0.0%, 4: 0.0%]
DFA state visits in window   : 1: 12897, 2: 39, 3: 0, 4: 0
DFA state visits cumulative  : 1: 968621, 2: 9077, 3: 407, 4: 0
DFA state entries in window  : 1: 100, 2: 1, 3: 0, 4: 0
DFA state entries cumulative : 1: 5500, 2: 153, 3: 6, 4: 0
transitions cumulative       : 1->2: 153, 2->3: 6
accepted directly from s0    : 0
Gym endings cumulative       : terminated=5381, truncated=119

[Episode 5600/8000 | last 100]
success rate                : 0.0% (cumulative 0.0%)
synthetic task reward       : 0.000
shaping reward              : 0.000
learning reward             : 0.000
episode length              : 152.2
abstract changes / episode  : 12.7
DFA transitions / episode   : 0.02
DFA transitions in window   : 1->2: 2
epsilon (next episode)       : 0.10641
replay buffer                : 300000 samples [1: 99.6%, 2: 0.4%, 3: 0.0%, 4: 0.0%]
DFA state visits in window   : 1: 15249, 2: 71, 3: 0, 4: 0
DFA state visits cumulative  : 1: 983870, 2: 9148, 3: 407, 4: 0
DFA state entries in window  : 1: 100, 2: 2, 3: 0, 4: 0
DFA state entries cumulative : 1: 5600, 2: 155, 3: 6, 4: 0
transitions cumulative       : 1->2: 155, 2->3: 6
accepted directly from s0    : 0
Gym endings cumulative       : terminated=5481, truncated=119

[Episode 5700/8000 | last 100]
success rate                : 0.0% (cumulative 0.0%)
synthetic task reward       : 0.000
shaping reward              : 0.000
learning reward             : 0.000
episode length              : 320.9
abstract changes / episode  : 16.7
DFA transitions / episode   : 0.05
DFA transitions in window   : 1->2: 5
epsilon (next episode)       : 0.10224
replay buffer                : 300000 samples [1: 99.6%, 2: 0.4%, 3: 0.0%, 4: 0.0%]
DFA state visits in window   : 1: 32004, 2: 182, 3: 0, 4: 0
DFA state visits cumulative  : 1: 1015874, 2: 9330, 3: 407, 4: 0
DFA state entries in window  : 1: 100, 2: 5, 3: 0, 4: 0
DFA state entries cumulative : 1: 5700, 2: 160, 3: 6, 4: 0
transitions cumulative       : 1->2: 160, 2->3: 6
accepted directly from s0    : 0
Gym endings cumulative       : terminated=5573, truncated=127

[Episode 5800/8000 | last 100]
success rate                : 0.0% (cumulative 0.0%)
synthetic task reward       : 0.000
shaping reward              : 0.000
learning reward             : 0.000
episode length              : 285.8
abstract changes / episode  : 17.5
DFA transitions / episode   : 0.10
DFA transitions in window   : 1->2: 10
epsilon (next episode)       : 0.09823
replay buffer                : 300000 samples [1: 99.4%, 2: 0.6%, 3: 0.0%, 4: 0.0%]
DFA state visits in window   : 1: 27795, 2: 889, 3: 0, 4: 0
DFA state visits cumulative  : 1: 1043669, 2: 10219, 3: 407, 4: 0
DFA state entries in window  : 1: 100, 2: 10, 3: 0, 4: 0
DFA state entries cumulative : 1: 5800, 2: 170, 3: 6, 4: 0
transitions cumulative       : 1->2: 170, 2->3: 6
accepted directly from s0    : 0
Gym endings cumulative       : terminated=5671, truncated=129

[Episode 5900/8000 | last 100]
success rate                : 0.0% (cumulative 0.0%)
synthetic task reward       : 0.000
shaping reward              : 0.000
learning reward             : 0.000
episode length              : 329.4
abstract changes / episode  : 18.3
DFA transitions / episode   : 0.12
DFA transitions in window   : 1->2: 12
epsilon (next episode)       : 0.09438
replay buffer                : 300000 samples [1: 98.9%, 2: 1.1%, 3: 0.0%, 4: 0.0%]
DFA state visits in window   : 1: 31794, 2: 1244, 3: 0, 4: 0
DFA state visits cumulative  : 1: 1075463, 2: 11463, 3: 407, 4: 0
DFA state entries in window  : 1: 100, 2: 12, 3: 0, 4: 0
DFA state entries cumulative : 1: 5900, 2: 182, 3: 6, 4: 0
transitions cumulative       : 1->2: 182, 2->3: 6
accepted directly from s0    : 0
Gym endings cumulative       : terminated=5767, truncated=133

[Episode 6000/8000 | last 100]
success rate                : 0.0% (cumulative 0.0%)
synthetic task reward       : 0.000
shaping reward              : 0.000
learning reward             : 0.000
episode length              : 139.0
abstract changes / episode  : 14.1
DFA transitions / episode   : 0.01
DFA transitions in window   : 1->2: 1
epsilon (next episode)       : 0.09067
replay buffer                : 300000 samples [1: 99.0%, 2: 1.0%, 3: 0.0%, 4: 0.0%]
DFA state visits in window   : 1: 13965, 2: 37, 3: 0, 4: 0
DFA state visits cumulative  : 1: 1089428, 2: 11500, 3: 407, 4: 0
DFA state entries in window  : 1: 100, 2: 1, 3: 0, 4: 0
DFA state entries cumulative : 1: 6000, 2: 183, 3: 6, 4: 0
transitions cumulative       : 1->2: 183, 2->3: 6
accepted directly from s0    : 0
Gym endings cumulative       : terminated=5867, truncated=133

[Episode 6100/8000 | last 100]
success rate                : 0.0% (cumulative 0.0%)
synthetic task reward       : 0.000
shaping reward              : 0.000
learning reward             : 0.000
episode length              : 120.2
abstract changes / episode  : 11.9
DFA transitions / episode   : 0.00
DFA transitions in window   : none
epsilon (next episode)       : 0.08712
replay buffer                : 300000 samples [1: 99.0%, 2: 1.0%, 3: 0.0%, 4: 0.0%]
DFA state visits in window   : 1: 12115, 2: 0, 3: 0, 4: 0
DFA state visits cumulative  : 1: 1101543, 2: 11500, 3: 407, 4: 0
DFA state entries in window  : 1: 100, 2: 0, 3: 0, 4: 0
DFA state entries cumulative : 1: 6100, 2: 183, 3: 6, 4: 0
transitions cumulative       : 1->2: 183, 2->3: 6
accepted directly from s0    : 0
Gym endings cumulative       : terminated=5967, truncated=133

[Episode 6200/8000 | last 100]
success rate                : 0.0% (cumulative 0.0%)
synthetic task reward       : 0.000
shaping reward              : 0.000
learning reward             : 0.000
episode length              : 381.2
abstract changes / episode  : 16.0
DFA transitions / episode   : 0.04
DFA transitions in window   : 1->2: 4
epsilon (next episode)       : 0.08370
replay buffer                : 300000 samples [1: 99.0%, 2: 1.0%, 3: 0.0%, 4: 0.0%]
DFA state visits in window   : 1: 38002, 2: 221, 3: 0, 4: 0
DFA state visits cumulative  : 1: 1139545, 2: 11721, 3: 407, 4: 0
DFA state entries in window  : 1: 100, 2: 4, 3: 0, 4: 0
DFA state entries cumulative : 1: 6200, 2: 187, 3: 6, 4: 0
transitions cumulative       : 1->2: 187, 2->3: 6
accepted directly from s0    : 0
Gym endings cumulative       : terminated=6050, truncated=150

[Episode 6300/8000 | last 100]
success rate                : 0.0% (cumulative 0.0%)
synthetic task reward       : 0.000
shaping reward              : 0.000
learning reward             : 0.000
episode length              : 321.6
abstract changes / episode  : 14.9
DFA transitions / episode   : 0.04
DFA transitions in window   : 1->2: 4
epsilon (next episode)       : 0.08042
replay buffer                : 300000 samples [1: 99.0%, 2: 1.0%, 3: 0.0%, 4: 0.0%]
DFA state visits in window   : 1: 31963, 2: 295, 3: 0, 4: 0
DFA state visits cumulative  : 1: 1171508, 2: 12016, 3: 407, 4: 0
DFA state entries in window  : 1: 100, 2: 4, 3: 0, 4: 0
DFA state entries cumulative : 1: 6300, 2: 191, 3: 6, 4: 0
transitions cumulative       : 1->2: 191, 2->3: 6
accepted directly from s0    : 0
Gym endings cumulative       : terminated=6142, truncated=159

[Episode 6400/8000 | last 100]
success rate                : 0.0% (cumulative 0.0%)
synthetic task reward       : 0.000
shaping reward              : 0.000
learning reward             : 0.000
episode length              : 286.4
abstract changes / episode  : 12.0
DFA transitions / episode   : 0.00
DFA transitions in window   : none
epsilon (next episode)       : 0.07727
replay buffer                : 300000 samples [1: 99.0%, 2: 1.0%, 3: 0.0%, 4: 0.0%]
DFA state visits in window   : 1: 28737, 2: 0, 3: 0, 4: 0
DFA state visits cumulative  : 1: 1200245, 2: 12016, 3: 407, 4: 0
DFA state entries in window  : 1: 100, 2: 0, 3: 0, 4: 0
DFA state entries cumulative : 1: 6400, 2: 191, 3: 6, 4: 0
transitions cumulative       : 1->2: 191, 2->3: 6
accepted directly from s0    : 0
Gym endings cumulative       : terminated=6242, truncated=159

[Episode 6500/8000 | last 100]
success rate                : 0.0% (cumulative 0.0%)
synthetic task reward       : 0.000
shaping reward              : 0.000
learning reward             : 0.000
episode length              : 453.2
abstract changes / episode  : 15.5
DFA transitions / episode   : 0.00
DFA transitions in window   : none
epsilon (next episode)       : 0.07423
replay buffer                : 300000 samples [1: 99.0%, 2: 1.0%, 3: 0.0%, 4: 0.0%]
DFA state visits in window   : 1: 45424, 2: 0, 3: 0, 4: 0
DFA state visits cumulative  : 1: 1245669, 2: 12016, 3: 407, 4: 0
DFA state entries in window  : 1: 100, 2: 0, 3: 0, 4: 0
DFA state entries cumulative : 1: 6500, 2: 191, 3: 6, 4: 0
transitions cumulative       : 1->2: 191, 2->3: 6
accepted directly from s0    : 0
Gym endings cumulative       : terminated=6339, truncated=162

[Episode 6600/8000 | last 100]
success rate                : 0.0% (cumulative 0.0%)
synthetic task reward       : 0.000
shaping reward              : 0.000
learning reward             : 0.000
episode length              : 294.8
abstract changes / episode  : 14.9
DFA transitions / episode   : 0.03
DFA transitions in window   : 1->2: 3
epsilon (next episode)       : 0.07132
replay buffer                : 300000 samples [1: 99.0%, 2: 1.0%, 3: 0.0%, 4: 0.0%]
DFA state visits in window   : 1: 29427, 2: 155, 3: 0, 4: 0
DFA state visits cumulative  : 1: 1275096, 2: 12171, 3: 407, 4: 0
DFA state entries in window  : 1: 100, 2: 3, 3: 0, 4: 0
DFA state entries cumulative : 1: 6600, 2: 194, 3: 6, 4: 0
transitions cumulative       : 1->2: 194, 2->3: 6
accepted directly from s0    : 0
Gym endings cumulative       : terminated=6436, truncated=165

[Episode 6700/8000 | last 100]
success rate                : 0.0% (cumulative 0.0%)
synthetic task reward       : 0.000
shaping reward              : 0.000
learning reward             : 0.000
episode length              : 134.4
abstract changes / episode  : 13.0
DFA transitions / episode   : 0.00
DFA transitions in window   : none
epsilon (next episode)       : 0.06853
replay buffer                : 300000 samples [1: 99.0%, 2: 1.0%, 3: 0.0%, 4: 0.0%]
DFA state visits in window   : 1: 13542, 2: 0, 3: 0, 4: 0
DFA state visits cumulative  : 1: 1288638, 2: 12171, 3: 407, 4: 0
DFA state entries in window  : 1: 100, 2: 0, 3: 0, 4: 0
DFA state entries cumulative : 1: 6700, 2: 194, 3: 6, 4: 0
transitions cumulative       : 1->2: 194, 2->3: 6
accepted directly from s0    : 0
Gym endings cumulative       : terminated=6536, truncated=165

[Episode 6800/8000 | last 100]
success rate                : 0.0% (cumulative 0.0%)
synthetic task reward       : 0.000
shaping reward              : 0.000
learning reward             : 0.000
episode length              : 311.1
abstract changes / episode  : 13.0
DFA transitions / episode   : 0.03
DFA transitions in window   : 1->2: 3
epsilon (next episode)       : 0.06584
replay buffer                : 300000 samples [1: 99.0%, 2: 1.0%, 3: 0.0%, 4: 0.0%]
DFA state visits in window   : 1: 31103, 2: 110, 3: 0, 4: 0
DFA state visits cumulative  : 1: 1319741, 2: 12281, 3: 407, 4: 0
DFA state entries in window  : 1: 100, 2: 3, 3: 0, 4: 0
DFA state entries cumulative : 1: 6800, 2: 197, 3: 6, 4: 0
transitions cumulative       : 1->2: 197, 2->3: 6
accepted directly from s0    : 0
Gym endings cumulative       : terminated=6634, truncated=167

[Episode 6900/8000 | last 100]
success rate                : 0.0% (cumulative 0.0%)
synthetic task reward       : 0.000
shaping reward              : 0.000
learning reward             : 0.000
episode length              : 312.6
abstract changes / episode  : 15.5
DFA transitions / episode   : 0.04
DFA transitions in window   : 1->2: 3, 2->3: 1
epsilon (next episode)       : 0.06326
replay buffer                : 300000 samples [1: 99.5%, 2: 0.5%, 3: 0.0%, 4: 0.0%]
DFA state visits in window   : 1: 31116, 2: 217, 3: 22, 4: 0
DFA state visits cumulative  : 1: 1350857, 2: 12498, 3: 429, 4: 0
DFA state entries in window  : 1: 100, 2: 3, 3: 1, 4: 0
DFA state entries cumulative : 1: 6900, 2: 200, 3: 7, 4: 0
transitions cumulative       : 1->2: 200, 2->3: 7
accepted directly from s0    : 0
Gym endings cumulative       : terminated=6728, truncated=173

[Episode 7000/8000 | last 100]
success rate                : 0.0% (cumulative 0.0%)
synthetic task reward       : 0.000
shaping reward              : 0.000
learning reward             : 0.000
episode length              : 150.7
abstract changes / episode  : 11.9
DFA transitions / episode   : 0.35
DFA transitions in window   : 1->2: 35
epsilon (next episode)       : 0.06078
replay buffer                : 300000 samples [1: 99.3%, 2: 0.7%, 3: 0.0%, 4: 0.0%]
DFA state visits in window   : 1: 14222, 2: 950, 3: 0, 4: 0
DFA state visits cumulative  : 1: 1365079, 2: 13448, 3: 429, 4: 0
DFA state entries in window  : 1: 100, 2: 35, 3: 0, 4: 0
DFA state entries cumulative : 1: 7000, 2: 235, 3: 7, 4: 0
transitions cumulative       : 1->2: 235, 2->3: 7
accepted directly from s0    : 0
Gym endings cumulative       : terminated=6828, truncated=173

[Episode 7100/8000 | last 100]
success rate                : 0.0% (cumulative 0.0%)
synthetic task reward       : 0.000
shaping reward              : 0.000
learning reward             : 0.000
episode length              : 129.6
abstract changes / episode  : 12.2
DFA transitions / episode   : 0.20
DFA transitions in window   : 1->2: 20
epsilon (next episode)       : 0.05839
replay buffer                : 300000 samples [1: 99.2%, 2: 0.8%, 3: 0.0%, 4: 0.0%]
DFA state visits in window   : 1: 12499, 2: 563, 3: 0, 4: 0
DFA state visits cumulative  : 1: 1377578, 2: 14011, 3: 429, 4: 0
DFA state entries in window  : 1: 100, 2: 20, 3: 0, 4: 0
DFA state entries cumulative : 1: 7100, 2: 255, 3: 7, 4: 0
transitions cumulative       : 1->2: 255, 2->3: 7
accepted directly from s0    : 0
Gym endings cumulative       : terminated=6928, truncated=173

[Episode 7200/8000 | last 100]
success rate                : 0.0% (cumulative 0.0%)
synthetic task reward       : 0.000
shaping reward              : 0.000
learning reward             : 0.000
episode length              : 510.6
abstract changes / episode  : 13.8
DFA transitions / episode   : 0.00
DFA transitions in window   : none
epsilon (next episode)       : 0.05610
replay buffer                : 300000 samples [1: 99.2%, 2: 0.8%, 3: 0.0%, 4: 0.0%]
DFA state visits in window   : 1: 51164, 2: 0, 3: 0, 4: 0
DFA state visits cumulative  : 1: 1428742, 2: 14011, 3: 429, 4: 0
DFA state entries in window  : 1: 100, 2: 0, 3: 0, 4: 0
DFA state entries cumulative : 1: 7200, 2: 255, 3: 7, 4: 0
transitions cumulative       : 1->2: 255, 2->3: 7
accepted directly from s0    : 0
Gym endings cumulative       : terminated=7028, truncated=173

[Episode 7300/8000 | last 100]
success rate                : 0.0% (cumulative 0.0%)
synthetic task reward       : 0.000
shaping reward              : 0.000
learning reward             : 0.000
episode length              : 639.6
abstract changes / episode  : 18.9
DFA transitions / episode   : 0.00
DFA transitions in window   : none
epsilon (next episode)       : 0.05390
replay buffer                : 300000 samples [1: 99.3%, 2: 0.6%, 3: 0.0%, 4: 0.0%]
DFA state visits in window   : 1: 64065, 2: 0, 3: 0, 4: 0
DFA state visits cumulative  : 1: 1492807, 2: 14011, 3: 429, 4: 0
DFA state entries in window  : 1: 100, 2: 0, 3: 0, 4: 0
DFA state entries cumulative : 1: 7300, 2: 255, 3: 7, 4: 0
transitions cumulative       : 1->2: 255, 2->3: 7
accepted directly from s0    : 0
Gym endings cumulative       : terminated=7106, truncated=195

[Episode 7400/8000 | last 100]
success rate                : 0.0% (cumulative 0.0%)
synthetic task reward       : 0.000
shaping reward              : 0.000
learning reward             : 0.000
episode length              : 429.2
abstract changes / episode  : 12.8
DFA transitions / episode   : 0.01
DFA transitions in window   : 1->2: 1
epsilon (next episode)       : 0.05179
replay buffer                : 300000 samples [1: 99.3%, 2: 0.7%, 3: 0.0%, 4: 0.0%]
DFA state visits in window   : 1: 42982, 2: 42, 3: 0, 4: 0
DFA state visits cumulative  : 1: 1535789, 2: 14053, 3: 429, 4: 0
DFA state entries in window  : 1: 100, 2: 1, 3: 0, 4: 0
DFA state entries cumulative : 1: 7400, 2: 256, 3: 7, 4: 0
transitions cumulative       : 1->2: 256, 2->3: 7
accepted directly from s0    : 0
Gym endings cumulative       : terminated=7206, truncated=195

[Episode 7500/8000 | last 100]
success rate                : 0.0% (cumulative 0.0%)
synthetic task reward       : 0.000
shaping reward              : 0.000
learning reward             : 0.000
episode length              : 215.3
abstract changes / episode  : 13.4
DFA transitions / episode   : 0.00
DFA transitions in window   : none
epsilon (next episode)       : 0.04976
replay buffer                : 300000 samples [1: 99.3%, 2: 0.7%, 3: 0.0%, 4: 0.0%]
DFA state visits in window   : 1: 21633, 2: 0, 3: 0, 4: 0
DFA state visits cumulative  : 1: 1557422, 2: 14053, 3: 429, 4: 0
DFA state entries in window  : 1: 100, 2: 0, 3: 0, 4: 0
DFA state entries cumulative : 1: 7500, 2: 256, 3: 7, 4: 0
transitions cumulative       : 1->2: 256, 2->3: 7
accepted directly from s0    : 0
Gym endings cumulative       : terminated=7304, truncated=197

[Episode 7600/8000 | last 100]
success rate                : 0.0% (cumulative 0.0%)
synthetic task reward       : 0.000
shaping reward              : 0.000
learning reward             : 0.000
episode length              : 261.3
abstract changes / episode  : 13.2
DFA transitions / episode   : 0.06
DFA transitions in window   : 1->2: 6
epsilon (next episode)       : 0.04781
replay buffer                : 300000 samples [1: 99.3%, 2: 0.7%, 3: 0.0%, 4: 0.0%]
DFA state visits in window   : 1: 25998, 2: 229, 3: 0, 4: 0
DFA state visits cumulative  : 1: 1583420, 2: 14282, 3: 429, 4: 0
DFA state entries in window  : 1: 100, 2: 6, 3: 0, 4: 0
DFA state entries cumulative : 1: 7600, 2: 262, 3: 7, 4: 0
transitions cumulative       : 1->2: 262, 2->3: 7
accepted directly from s0    : 0
Gym endings cumulative       : terminated=7404, truncated=197

[Episode 7700/8000 | last 100]
success rate                : 0.0% (cumulative 0.0%)
synthetic task reward       : 0.000
shaping reward              : 0.000
learning reward             : 0.000
episode length              : 213.5
abstract changes / episode  : 14.1
DFA transitions / episode   : 0.06
DFA transitions in window   : 1->2: 6
epsilon (next episode)       : 0.04593
replay buffer                : 300000 samples [1: 99.3%, 2: 0.7%, 3: 0.0%, 4: 0.0%]
DFA state visits in window   : 1: 21293, 2: 155, 3: 0, 4: 0
DFA state visits cumulative  : 1: 1604713, 2: 14437, 3: 429, 4: 0
DFA state entries in window  : 1: 100, 2: 6, 3: 0, 4: 0
DFA state entries cumulative : 1: 7700, 2: 268, 3: 7, 4: 0
transitions cumulative       : 1->2: 268, 2->3: 7
accepted directly from s0    : 0
Gym endings cumulative       : terminated=7501, truncated=200

[Episode 7800/8000 | last 100]
success rate                : 0.0% (cumulative 0.0%)
synthetic task reward       : 0.000
shaping reward              : 0.000
learning reward             : 0.000
episode length              : 176.9
abstract changes / episode  : 14.2
DFA transitions / episode   : 0.03
DFA transitions in window   : 1->2: 3
epsilon (next episode)       : 0.04413
replay buffer                : 300000 samples [1: 99.3%, 2: 0.7%, 3: 0.0%, 4: 0.0%]
DFA state visits in window   : 1: 17687, 2: 99, 3: 0, 4: 0
DFA state visits cumulative  : 1: 1622400, 2: 14536, 3: 429, 4: 0
DFA state entries in window  : 1: 100, 2: 3, 3: 0, 4: 0
DFA state entries cumulative : 1: 7800, 2: 271, 3: 7, 4: 0
transitions cumulative       : 1->2: 271, 2->3: 7
accepted directly from s0    : 0
Gym endings cumulative       : terminated=7598, truncated=203

[Episode 7900/8000 | last 100]
success rate                : 1.0% (cumulative 0.0%)
synthetic task reward       : 100.000
shaping reward              : 0.000
learning reward             : 100.000
episode length              : 238.6
abstract changes / episode  : 12.3
DFA transitions / episode   : 0.07
DFA transitions in window   : 1->2: 5, 2->3: 1, 3->4: 1
epsilon (next episode)       : 0.04240
replay buffer                : 300000 samples [1: 99.2%, 2: 0.7%, 3: 0.0%, 4: 0.0%]
DFA state visits in window   : 1: 23658, 2: 182, 3: 115, 4: 1
DFA state visits cumulative  : 1: 1646058, 2: 14718, 3: 544, 4: 1
DFA state entries in window  : 1: 100, 2: 5, 3: 1, 4: 1
DFA state entries cumulative : 1: 7900, 2: 276, 3: 8, 4: 1
transitions cumulative       : 1->2: 276, 2->3: 8, 3->4: 1
accepted directly from s0    : 0
Gym endings cumulative       : terminated=7697, truncated=203
Best policy updated at episode 7900: mean learning reward=100.000

[Episode 8000/8000 | last 100]
success rate                : 0.0% (cumulative 0.0%)
synthetic task reward       : 0.000
shaping reward              : 0.000
learning reward             : 0.000
episode length              : 211.8
abstract changes / episode  : 11.4
DFA transitions / episode   : 0.00
DFA transitions in window   : none
epsilon (next episode)       : 0.04074
replay buffer                : 300000 samples [1: 99.6%, 2: 0.3%, 3: 0.0%, 4: 0.0%]
DFA state visits in window   : 1: 21277, 2: 0, 3: 0, 4: 0
DFA state visits cumulative  : 1: 1667335, 2: 14718, 3: 544, 4: 1
DFA state entries in window  : 1: 100, 2: 0, 3: 0, 4: 0
DFA state entries cumulative : 1: 8000, 2: 276, 3: 8, 4: 1
transitions cumulative       : 1->2: 276, 2->3: 8, 3->4: 1
accepted directly from s0    : 0
Gym endings cumulative       : terminated=7797, truncated=203
Last policy saved after episode 8000. Best policy: episode 7900, mean learning reward=100.000
