
=== NEW RUN ===
episodes=8000, shaping=False, K=1.0, goal_reward=10000.0, gamma=0.99
inter_level_shaping=False, inter_level_K=0.0
formula=F(wp1 & X(F(wp2 & X(F(goal)))))
waypoints={'wp1': (1, 8), 'wp2': (5, 6), 'goal': (8, 8)}
dfa_states=[1, 2, 3, 4], pre_trace=1, accepting=[4]

[Episode 1/8000 | last 1]
success rate                : 0.0% (cumulative 0.0%)
synthetic task reward       : 0.000
shaping reward              : 0.000
learning reward             : 0.000
episode length              : 78.0
abstract changes / episode  : 13.0
DFA transitions / episode   : 0.00
DFA transitions in window   : none
epsilon (next episode)       : 0.99960
replay buffer                : 78 samples [1: 100.0%, 2: 0.0%, 3: 0.0%, 4: 0.0%]
DFA state visits in window   : 1: 79, 2: 0, 3: 0, 4: 0
DFA state visits cumulative  : 1: 79, 2: 0, 3: 0, 4: 0
DFA state entries in window  : 1: 1, 2: 0, 3: 0, 4: 0
DFA state entries cumulative : 1: 1, 2: 0, 3: 0, 4: 0
transitions cumulative       : none
accepted directly from s0    : 0
Gym endings cumulative       : terminated=1, truncated=0
Best policy updated at episode 1: mean learning reward=0.000

[Episode 100/8000 | last 100]
success rate                : 0.0% (cumulative 0.0%)
synthetic task reward       : 0.000
shaping reward              : 0.000
learning reward             : 0.000
episode length              : 91.0
abstract changes / episode  : 12.9
DFA transitions / episode   : 0.00
DFA transitions in window   : none
epsilon (next episode)       : 0.96078
replay buffer                : 9103 samples [1: 100.0%, 2: 0.0%, 3: 0.0%, 4: 0.0%]
DFA state visits in window   : 1: 9203, 2: 0, 3: 0, 4: 0
DFA state visits cumulative  : 1: 9203, 2: 0, 3: 0, 4: 0
DFA state entries in window  : 1: 100, 2: 0, 3: 0, 4: 0
DFA state entries cumulative : 1: 100, 2: 0, 3: 0, 4: 0
transitions cumulative       : none
accepted directly from s0    : 0
Gym endings cumulative       : terminated=100, truncated=0

[Episode 200/8000 | last 100]
success rate                : 0.0% (cumulative 0.0%)
synthetic task reward       : 0.000
shaping reward              : 0.000
learning reward             : 0.000
episode length              : 91.9
abstract changes / episode  : 12.9
DFA transitions / episode   : 0.01
DFA transitions in window   : 1->2: 1
epsilon (next episode)       : 0.92310
replay buffer                : 18295 samples [1: 99.8%, 2: 0.2%, 3: 0.0%, 4: 0.0%]
DFA state visits in window   : 1: 9260, 2: 32, 3: 0, 4: 0
DFA state visits cumulative  : 1: 18463, 2: 32, 3: 0, 4: 0
DFA state entries in window  : 1: 100, 2: 1, 3: 0, 4: 0
DFA state entries cumulative : 1: 200, 2: 1, 3: 0, 4: 0
transitions cumulative       : 1->2: 1
accepted directly from s0    : 0
Gym endings cumulative       : terminated=200, truncated=0

[Episode 300/8000 | last 100]
success rate                : 0.0% (cumulative 0.0%)
synthetic task reward       : 0.000
shaping reward              : 0.000
learning reward             : 0.000
episode length              : 96.8
abstract changes / episode  : 12.9
DFA transitions / episode   : 0.02
DFA transitions in window   : 1->2: 2
epsilon (next episode)       : 0.88690
replay buffer                : 27979 samples [1: 99.7%, 2: 0.3%, 3: 0.0%, 4: 0.0%]
DFA state visits in window   : 1: 9733, 2: 51, 3: 0, 4: 0
DFA state visits cumulative  : 1: 28196, 2: 83, 3: 0, 4: 0
DFA state entries in window  : 1: 100, 2: 2, 3: 0, 4: 0
DFA state entries cumulative : 1: 300, 2: 3, 3: 0, 4: 0
transitions cumulative       : 1->2: 3
accepted directly from s0    : 0
Gym endings cumulative       : terminated=300, truncated=0

[Episode 400/8000 | last 100]
success rate                : 0.0% (cumulative 0.0%)
synthetic task reward       : 0.000
shaping reward              : 0.000
learning reward             : 0.000
episode length              : 107.5
abstract changes / episode  : 13.2
DFA transitions / episode   : 0.04
DFA transitions in window   : 1->2: 4
epsilon (next episode)       : 0.85212
replay buffer                : 38732 samples [1: 99.5%, 2: 0.5%, 3: 0.0%, 4: 0.0%]
DFA state visits in window   : 1: 10736, 2: 117, 3: 0, 4: 0
DFA state visits cumulative  : 1: 38932, 2: 200, 3: 0, 4: 0
DFA state entries in window  : 1: 100, 2: 4, 3: 0, 4: 0
DFA state entries cumulative : 1: 400, 2: 7, 3: 0, 4: 0
transitions cumulative       : 1->2: 7
accepted directly from s0    : 0
Gym endings cumulative       : terminated=399, truncated=1

[Episode 500/8000 | last 100]
success rate                : 0.0% (cumulative 0.0%)
synthetic task reward       : 0.000
shaping reward              : 0.000
learning reward             : 0.000
episode length              : 101.1
abstract changes / episode  : 12.9
DFA transitions / episode   : 0.05
DFA transitions in window   : 1->2: 5
epsilon (next episode)       : 0.81870
replay buffer                : 48845 samples [1: 99.3%, 2: 0.7%, 3: 0.0%, 4: 0.0%]
DFA state visits in window   : 1: 10080, 2: 133, 3: 0, 4: 0
DFA state visits cumulative  : 1: 49012, 2: 333, 3: 0, 4: 0
DFA state entries in window  : 1: 100, 2: 5, 3: 0, 4: 0
DFA state entries cumulative : 1: 500, 2: 12, 3: 0, 4: 0
transitions cumulative       : 1->2: 12
accepted directly from s0    : 0
Gym endings cumulative       : terminated=499, truncated=1

[Episode 600/8000 | last 100]
success rate                : 0.0% (cumulative 0.0%)
synthetic task reward       : 0.000
shaping reward              : 0.000
learning reward             : 0.000
episode length              : 103.9
abstract changes / episode  : 12.0
DFA transitions / episode   : 0.08
DFA transitions in window   : 1->2: 8
epsilon (next episode)       : 0.78659
replay buffer                : 59231 samples [1: 99.1%, 2: 0.9%, 3: 0.0%, 4: 0.0%]
DFA state visits in window   : 1: 10293, 2: 193, 3: 0, 4: 0
DFA state visits cumulative  : 1: 59305, 2: 526, 3: 0, 4: 0
DFA state entries in window  : 1: 100, 2: 8, 3: 0, 4: 0
DFA state entries cumulative : 1: 600, 2: 20, 3: 0, 4: 0
transitions cumulative       : 1->2: 20
accepted directly from s0    : 0
Gym endings cumulative       : terminated=599, truncated=1

[Episode 700/8000 | last 100]
success rate                : 0.0% (cumulative 0.0%)
synthetic task reward       : 0.000
shaping reward              : 0.000
learning reward             : 0.000
episode length              : 110.9
abstract changes / episode  : 12.7
DFA transitions / episode   : 0.02
DFA transitions in window   : 1->2: 2
epsilon (next episode)       : 0.75574
replay buffer                : 70317 samples [1: 99.2%, 2: 0.8%, 3: 0.0%, 4: 0.0%]
DFA state visits in window   : 1: 11113, 2: 73, 3: 0, 4: 0
DFA state visits cumulative  : 1: 70418, 2: 599, 3: 0, 4: 0
DFA state entries in window  : 1: 100, 2: 2, 3: 0, 4: 0
DFA state entries cumulative : 1: 700, 2: 22, 3: 0, 4: 0
transitions cumulative       : 1->2: 22
accepted directly from s0    : 0
Gym endings cumulative       : terminated=699, truncated=1

[Episode 800/8000 | last 100]
success rate                : 0.0% (cumulative 0.0%)
synthetic task reward       : 0.000
shaping reward              : 0.000
learning reward             : 0.000
episode length              : 124.2
abstract changes / episode  : 12.9
DFA transitions / episode   : 0.03
DFA transitions in window   : 1->2: 3
epsilon (next episode)       : 0.72610
replay buffer                : 82741 samples [1: 99.2%, 2: 0.8%, 3: 0.0%, 4: 0.0%]
DFA state visits in window   : 1: 12406, 2: 118, 3: 0, 4: 0
DFA state visits cumulative  : 1: 82824, 2: 717, 3: 0, 4: 0
DFA state entries in window  : 1: 100, 2: 3, 3: 0, 4: 0
DFA state entries cumulative : 1: 800, 2: 25, 3: 0, 4: 0
transitions cumulative       : 1->2: 25
accepted directly from s0    : 0
Gym endings cumulative       : terminated=799, truncated=1

[Episode 900/8000 | last 100]
success rate                : 0.0% (cumulative 0.0%)
synthetic task reward       : 0.000
shaping reward              : 0.000
learning reward             : 0.000
episode length              : 126.4
abstract changes / episode  : 13.0
DFA transitions / episode   : 0.04
DFA transitions in window   : 1->2: 4
epsilon (next episode)       : 0.69763
replay buffer                : 95379 samples [1: 99.1%, 2: 0.9%, 3: 0.0%, 4: 0.0%]
DFA state visits in window   : 1: 12576, 2: 162, 3: 0, 4: 0
DFA state visits cumulative  : 1: 95400, 2: 879, 3: 0, 4: 0
DFA state entries in window  : 1: 100, 2: 4, 3: 0, 4: 0
DFA state entries cumulative : 1: 900, 2: 29, 3: 0, 4: 0
transitions cumulative       : 1->2: 29
accepted directly from s0    : 0
Gym endings cumulative       : terminated=899, truncated=1

[Episode 1000/8000 | last 100]
success rate                : 0.0% (cumulative 0.0%)
synthetic task reward       : 0.000
shaping reward              : 0.000
learning reward             : 0.000
episode length              : 136.1
abstract changes / episode  : 13.3
DFA transitions / episode   : 0.01
DFA transitions in window   : 1->2: 1
epsilon (next episode)       : 0.67027
replay buffer                : 108990 samples [1: 99.2%, 2: 0.8%, 3: 0.0%, 4: 0.0%]
DFA state visits in window   : 1: 13646, 2: 65, 3: 0, 4: 0
DFA state visits cumulative  : 1: 109046, 2: 944, 3: 0, 4: 0
DFA state entries in window  : 1: 100, 2: 1, 3: 0, 4: 0
DFA state entries cumulative : 1: 1000, 2: 30, 3: 0, 4: 0
transitions cumulative       : 1->2: 30
accepted directly from s0    : 0
Gym endings cumulative       : terminated=999, truncated=1

[Episode 1100/8000 | last 100]
success rate                : 0.0% (cumulative 0.0%)
synthetic task reward       : 0.000
shaping reward              : 0.000
learning reward             : 0.000
episode length              : 122.1
abstract changes / episode  : 12.8
DFA transitions / episode   : 0.02
DFA transitions in window   : 1->2: 2
epsilon (next episode)       : 0.64398
replay buffer                : 121196 samples [1: 99.2%, 2: 0.8%, 3: 0.0%, 4: 0.0%]
DFA state visits in window   : 1: 12264, 2: 42, 3: 0, 4: 0
DFA state visits cumulative  : 1: 121310, 2: 986, 3: 0, 4: 0
DFA state entries in window  : 1: 100, 2: 2, 3: 0, 4: 0
DFA state entries cumulative : 1: 1100, 2: 32, 3: 0, 4: 0
transitions cumulative       : 1->2: 32
accepted directly from s0    : 0
Gym endings cumulative       : terminated=1099, truncated=1

[Episode 1200/8000 | last 100]
success rate                : 0.0% (cumulative 0.0%)
synthetic task reward       : 0.000
shaping reward              : 0.000
learning reward             : 0.000
episode length              : 121.6
abstract changes / episode  : 12.6
DFA transitions / episode   : 0.00
DFA transitions in window   : none
epsilon (next episode)       : 0.61872
replay buffer                : 133352 samples [1: 99.3%, 2: 0.7%, 3: 0.0%, 4: 0.0%]
DFA state visits in window   : 1: 12256, 2: 0, 3: 0, 4: 0
DFA state visits cumulative  : 1: 133566, 2: 986, 3: 0, 4: 0
DFA state entries in window  : 1: 100, 2: 0, 3: 0, 4: 0
DFA state entries cumulative : 1: 1200, 2: 32, 3: 0, 4: 0
transitions cumulative       : 1->2: 32
accepted directly from s0    : 0
Gym endings cumulative       : terminated=1198, truncated=2

[Episode 1300/8000 | last 100]
success rate                : 0.0% (cumulative 0.0%)
synthetic task reward       : 0.000
shaping reward              : 0.000
learning reward             : 0.000
episode length              : 120.8
abstract changes / episode  : 12.8
DFA transitions / episode   : 0.00
DFA transitions in window   : none
epsilon (next episode)       : 0.59446
replay buffer                : 145430 samples [1: 99.3%, 2: 0.7%, 3: 0.0%, 4: 0.0%]
DFA state visits in window   : 1: 12178, 2: 0, 3: 0, 4: 0
DFA state visits cumulative  : 1: 145744, 2: 986, 3: 0, 4: 0
DFA state entries in window  : 1: 100, 2: 0, 3: 0, 4: 0
DFA state entries cumulative : 1: 1300, 2: 32, 3: 0, 4: 0
transitions cumulative       : 1->2: 32
accepted directly from s0    : 0
Gym endings cumulative       : terminated=1297, truncated=3

[Episode 1400/8000 | last 100]
success rate                : 0.0% (cumulative 0.0%)
synthetic task reward       : 0.000
shaping reward              : 0.000
learning reward             : 0.000
episode length              : 124.2
abstract changes / episode  : 12.8
DFA transitions / episode   : 0.00
DFA transitions in window   : none
epsilon (next episode)       : 0.57115
replay buffer                : 157852 samples [1: 99.4%, 2: 0.6%, 3: 0.0%, 4: 0.0%]
DFA state visits in window   : 1: 12522, 2: 0, 3: 0, 4: 0
DFA state visits cumulative  : 1: 158266, 2: 986, 3: 0, 4: 0
DFA state entries in window  : 1: 100, 2: 0, 3: 0, 4: 0
DFA state entries cumulative : 1: 1400, 2: 32, 3: 0, 4: 0
transitions cumulative       : 1->2: 32
accepted directly from s0    : 0
Gym endings cumulative       : terminated=1396, truncated=4

[Episode 1500/8000 | last 100]
success rate                : 0.0% (cumulative 0.0%)
synthetic task reward       : 0.000
shaping reward              : 0.000
learning reward             : 0.000
episode length              : 132.4
abstract changes / episode  : 13.2
DFA transitions / episode   : 0.01
DFA transitions in window   : 1->2: 1
epsilon (next episode)       : 0.54875
replay buffer                : 171089 samples [1: 99.4%, 2: 0.6%, 3: 0.0%, 4: 0.0%]
DFA state visits in window   : 1: 13303, 2: 34, 3: 0, 4: 0
DFA state visits cumulative  : 1: 171569, 2: 1020, 3: 0, 4: 0
DFA state entries in window  : 1: 100, 2: 1, 3: 0, 4: 0
DFA state entries cumulative : 1: 1500, 2: 33, 3: 0, 4: 0
transitions cumulative       : 1->2: 33
accepted directly from s0    : 0
Gym endings cumulative       : terminated=1495, truncated=5

[Episode 1600/8000 | last 100]
success rate                : 0.0% (cumulative 0.0%)
synthetic task reward       : 0.000
shaping reward              : 0.000
learning reward             : 0.000
episode length              : 152.7
abstract changes / episode  : 13.1
DFA transitions / episode   : 0.03
DFA transitions in window   : 1->2: 3
epsilon (next episode)       : 0.52722
replay buffer                : 186354 samples [1: 99.4%, 2: 0.6%, 3: 0.0%, 4: 0.0%]
DFA state visits in window   : 1: 15204, 2: 161, 3: 0, 4: 0
DFA state visits cumulative  : 1: 186773, 2: 1181, 3: 0, 4: 0
DFA state entries in window  : 1: 100, 2: 3, 3: 0, 4: 0
DFA state entries cumulative : 1: 1600, 2: 36, 3: 0, 4: 0
transitions cumulative       : 1->2: 36
accepted directly from s0    : 0
Gym endings cumulative       : terminated=1592, truncated=8

[Episode 1700/8000 | last 100]
success rate                : 0.0% (cumulative 0.0%)
synthetic task reward       : 0.000
shaping reward              : 0.000
learning reward             : 0.000
episode length              : 131.3
abstract changes / episode  : 13.6
DFA transitions / episode   : 0.08
DFA transitions in window   : 1->2: 8
epsilon (next episode)       : 0.50655
replay buffer                : 199487 samples [1: 99.2%, 2: 0.8%, 3: 0.0%, 4: 0.0%]
DFA state visits in window   : 1: 12770, 2: 463, 3: 0, 4: 0
DFA state visits cumulative  : 1: 199543, 2: 1644, 3: 0, 4: 0
DFA state entries in window  : 1: 100, 2: 8, 3: 0, 4: 0
DFA state entries cumulative : 1: 1700, 2: 44, 3: 0, 4: 0
transitions cumulative       : 1->2: 44
accepted directly from s0    : 0
Gym endings cumulative       : terminated=1692, truncated=8

[Episode 1800/8000 | last 100]
success rate                : 0.0% (cumulative 0.0%)
synthetic task reward       : 0.000
shaping reward              : 0.000
learning reward             : 0.000
episode length              : 127.5
abstract changes / episode  : 14.2
DFA transitions / episode   : 0.04
DFA transitions in window   : 1->2: 4
epsilon (next episode)       : 0.48668
replay buffer                : 212239 samples [1: 99.2%, 2: 0.8%, 3: 0.0%, 4: 0.0%]
DFA state visits in window   : 1: 12686, 2: 166, 3: 0, 4: 0
DFA state visits cumulative  : 1: 212229, 2: 1810, 3: 0, 4: 0
DFA state entries in window  : 1: 100, 2: 4, 3: 0, 4: 0
DFA state entries cumulative : 1: 1800, 2: 48, 3: 0, 4: 0
transitions cumulative       : 1->2: 48
accepted directly from s0    : 0
Gym endings cumulative       : terminated=1792, truncated=8

[Episode 1900/8000 | last 100]
success rate                : 0.0% (cumulative 0.0%)
synthetic task reward       : 0.000
shaping reward              : 0.000
learning reward             : 0.000
episode length              : 144.7
abstract changes / episode  : 13.2
DFA transitions / episode   : 0.02
DFA transitions in window   : 1->2: 2
epsilon (next episode)       : 0.46760
replay buffer                : 226711 samples [1: 99.2%, 2: 0.8%, 3: 0.0%, 4: 0.0%]
DFA state visits in window   : 1: 14529, 2: 43, 3: 0, 4: 0
DFA state visits cumulative  : 1: 226758, 2: 1853, 3: 0, 4: 0
DFA state entries in window  : 1: 100, 2: 2, 3: 0, 4: 0
DFA state entries cumulative : 1: 1900, 2: 50, 3: 0, 4: 0
transitions cumulative       : 1->2: 50
accepted directly from s0    : 0
Gym endings cumulative       : terminated=1892, truncated=8

[Episode 2000/8000 | last 100]
success rate                : 0.0% (cumulative 0.0%)
synthetic task reward       : 0.000
shaping reward              : 0.000
learning reward             : 0.000
episode length              : 176.4
abstract changes / episode  : 14.4
DFA transitions / episode   : 0.00
DFA transitions in window   : none
epsilon (next episode)       : 0.44926
replay buffer                : 244347 samples [1: 99.3%, 2: 0.7%, 3: 0.0%, 4: 0.0%]
DFA state visits in window   : 1: 17736, 2: 0, 3: 0, 4: 0
DFA state visits cumulative  : 1: 244494, 2: 1853, 3: 0, 4: 0
DFA state entries in window  : 1: 100, 2: 0, 3: 0, 4: 0
DFA state entries cumulative : 1: 2000, 2: 50, 3: 0, 4: 0
transitions cumulative       : 1->2: 50
accepted directly from s0    : 0
Gym endings cumulative       : terminated=1989, truncated=11

[Episode 2100/8000 | last 100]
success rate                : 0.0% (cumulative 0.0%)
synthetic task reward       : 0.000
shaping reward              : 0.000
learning reward             : 0.000
episode length              : 158.8
abstract changes / episode  : 14.2
DFA transitions / episode   : 0.00
DFA transitions in window   : none
epsilon (next episode)       : 0.43164
replay buffer                : 260232 samples [1: 99.3%, 2: 0.7%, 3: 0.0%, 4: 0.0%]
DFA state visits in window   : 1: 15985, 2: 0, 3: 0, 4: 0
DFA state visits cumulative  : 1: 260479, 2: 1853, 3: 0, 4: 0
DFA state entries in window  : 1: 100, 2: 0, 3: 0, 4: 0
DFA state entries cumulative : 1: 2100, 2: 50, 3: 0, 4: 0
transitions cumulative       : 1->2: 50
accepted directly from s0    : 0
Gym endings cumulative       : terminated=2089, truncated=11

[Episode 2200/8000 | last 100]
success rate                : 0.0% (cumulative 0.0%)
synthetic task reward       : 0.000
shaping reward              : 0.000
learning reward             : 0.000
episode length              : 149.1
abstract changes / episode  : 13.6
DFA transitions / episode   : 0.00
DFA transitions in window   : none
epsilon (next episode)       : 0.41471
replay buffer                : 275141 samples [1: 99.3%, 2: 0.7%, 3: 0.0%, 4: 0.0%]
DFA state visits in window   : 1: 15009, 2: 0, 3: 0, 4: 0
DFA state visits cumulative  : 1: 275488, 2: 1853, 3: 0, 4: 0
DFA state entries in window  : 1: 100, 2: 0, 3: 0, 4: 0
DFA state entries cumulative : 1: 2200, 2: 50, 3: 0, 4: 0
transitions cumulative       : 1->2: 50
accepted directly from s0    : 0
Gym endings cumulative       : terminated=2189, truncated=11

[Episode 2300/8000 | last 100]
success rate                : 0.0% (cumulative 0.0%)
synthetic task reward       : 0.000
shaping reward              : 0.000
learning reward             : 0.000
episode length              : 195.4
abstract changes / episode  : 14.7
DFA transitions / episode   : 0.05
DFA transitions in window   : 1->2: 4, 2->3: 1
epsilon (next episode)       : 0.39845
replay buffer                : 294684 samples [1: 99.3%, 2: 0.7%, 3: 0.0%, 4: 0.0%]
DFA state visits in window   : 1: 19415, 2: 197, 3: 31, 4: 0
DFA state visits cumulative  : 1: 294903, 2: 2050, 3: 31, 4: 0
DFA state entries in window  : 1: 100, 2: 4, 3: 1, 4: 0
DFA state entries cumulative : 1: 2300, 2: 54, 3: 1, 4: 0
transitions cumulative       : 1->2: 54, 2->3: 1
accepted directly from s0    : 0
Gym endings cumulative       : terminated=2287, truncated=13

[Episode 2400/8000 | last 100]
success rate                : 0.0% (cumulative 0.0%)
synthetic task reward       : 0.000
shaping reward              : 0.000
learning reward             : 0.000
episode length              : 162.8
abstract changes / episode  : 15.1
DFA transitions / episode   : 0.00
DFA transitions in window   : none
epsilon (next episode)       : 0.38282
replay buffer                : 300000 samples [1: 99.3%, 2: 0.7%, 3: 0.0%, 4: 0.0%]
DFA state visits in window   : 1: 16384, 2: 0, 3: 0, 4: 0
DFA state visits cumulative  : 1: 311287, 2: 2050, 3: 31, 4: 0
DFA state entries in window  : 1: 100, 2: 0, 3: 0, 4: 0
DFA state entries cumulative : 1: 2400, 2: 54, 3: 1, 4: 0
transitions cumulative       : 1->2: 54, 2->3: 1
accepted directly from s0    : 0
Gym endings cumulative       : terminated=2387, truncated=13

[Episode 2500/8000 | last 100]
success rate                : 0.0% (cumulative 0.0%)
synthetic task reward       : 0.000
shaping reward              : 0.000
learning reward             : 0.000
episode length              : 219.3
abstract changes / episode  : 17.4
DFA transitions / episode   : 0.02
DFA transitions in window   : 1->2: 1, 2->3: 1
epsilon (next episode)       : 0.36781
replay buffer                : 300000 samples [1: 99.3%, 2: 0.7%, 3: 0.0%, 4: 0.0%]
DFA state visits in window   : 1: 21832, 2: 166, 3: 36, 4: 0
DFA state visits cumulative  : 1: 333119, 2: 2216, 3: 67, 4: 0
DFA state entries in window  : 1: 100, 2: 1, 3: 1, 4: 0
DFA state entries cumulative : 1: 2500, 2: 55, 3: 2, 4: 0
transitions cumulative       : 1->2: 55, 2->3: 2
accepted directly from s0    : 0
Gym endings cumulative       : terminated=2486, truncated=14

[Episode 2600/8000 | last 100]
success rate                : 0.0% (cumulative 0.0%)
synthetic task reward       : 0.000
shaping reward              : 0.000
learning reward             : 0.000
episode length              : 359.9
abstract changes / episode  : 19.9
DFA transitions / episode   : 0.00
DFA transitions in window   : none
epsilon (next episode)       : 0.35338
replay buffer                : 300000 samples [1: 99.4%, 2: 0.5%, 3: 0.0%, 4: 0.0%]
DFA state visits in window   : 1: 36094, 2: 0, 3: 0, 4: 0
DFA state visits cumulative  : 1: 369213, 2: 2216, 3: 67, 4: 0
DFA state entries in window  : 1: 100, 2: 0, 3: 0, 4: 0
DFA state entries cumulative : 1: 2600, 2: 55, 3: 2, 4: 0
transitions cumulative       : 1->2: 55, 2->3: 2
accepted directly from s0    : 0
Gym endings cumulative       : terminated=2573, truncated=27

[Episode 2700/8000 | last 100]
success rate                : 0.0% (cumulative 0.0%)
synthetic task reward       : 0.000
shaping reward              : 0.000
learning reward             : 0.000
episode length              : 346.1
abstract changes / episode  : 17.5
DFA transitions / episode   : 0.01
DFA transitions in window   : 1->2: 1
epsilon (next episode)       : 0.33952
replay buffer                : 300000 samples [1: 99.6%, 2: 0.4%, 3: 0.0%, 4: 0.0%]
DFA state visits in window   : 1: 34692, 2: 21, 3: 0, 4: 0
DFA state visits cumulative  : 1: 403905, 2: 2237, 3: 67, 4: 0
DFA state entries in window  : 1: 100, 2: 1, 3: 0, 4: 0
DFA state entries cumulative : 1: 2700, 2: 56, 3: 2, 4: 0
transitions cumulative       : 1->2: 56, 2->3: 2
accepted directly from s0    : 0
Gym endings cumulative       : terminated=2665, truncated=35

[Episode 2800/8000 | last 100]
success rate                : 0.0% (cumulative 0.0%)
synthetic task reward       : 0.000
shaping reward              : 0.000
learning reward             : 0.000
episode length              : 239.9
abstract changes / episode  : 13.4
DFA transitions / episode   : 0.06
DFA transitions in window   : 1->2: 5, 2->3: 1
epsilon (next episode)       : 0.32621
replay buffer                : 300000 samples [1: 99.4%, 2: 0.5%, 3: 0.0%, 4: 0.0%]
DFA state visits in window   : 1: 23655, 2: 408, 3: 31, 4: 0
DFA state visits cumulative  : 1: 427560, 2: 2645, 3: 98, 4: 0
DFA state entries in window  : 1: 100, 2: 5, 3: 1, 4: 0
DFA state entries cumulative : 1: 2800, 2: 61, 3: 3, 4: 0
transitions cumulative       : 1->2: 61, 2->3: 3
accepted directly from s0    : 0
Gym endings cumulative       : terminated=2765, truncated=35

[Episode 2900/8000 | last 100]
success rate                : 0.0% (cumulative 0.0%)
synthetic task reward       : 0.000
shaping reward              : 0.000
learning reward             : 0.000
episode length              : 656.1
abstract changes / episode  : 24.7
DFA transitions / episode   : 0.00
DFA transitions in window   : none
epsilon (next episode)       : 0.31341
replay buffer                : 300000 samples [1: 99.6%, 2: 0.4%, 3: 0.0%, 4: 0.0%]
DFA state visits in window   : 1: 65708, 2: 0, 3: 0, 4: 0
DFA state visits cumulative  : 1: 493268, 2: 2645, 3: 98, 4: 0
DFA state entries in window  : 1: 100, 2: 0, 3: 0, 4: 0
DFA state entries cumulative : 1: 2900, 2: 61, 3: 3, 4: 0
transitions cumulative       : 1->2: 61, 2->3: 3
accepted directly from s0    : 0
Gym endings cumulative       : terminated=2824, truncated=76

[Episode 3000/8000 | last 100]
success rate                : 0.0% (cumulative 0.0%)
synthetic task reward       : 0.000
shaping reward              : 0.000
learning reward             : 0.000
episode length              : 518.0
abstract changes / episode  : 22.9
DFA transitions / episode   : 0.04
DFA transitions in window   : 1->2: 4
epsilon (next episode)       : 0.30112
replay buffer                : 300000 samples [1: 99.6%, 2: 0.4%, 3: 0.0%, 4: 0.0%]
DFA state visits in window   : 1: 51535, 2: 366, 3: 0, 4: 0
DFA state visits cumulative  : 1: 544803, 2: 3011, 3: 98, 4: 0
DFA state entries in window  : 1: 100, 2: 4, 3: 0, 4: 0
DFA state entries cumulative : 1: 3000, 2: 65, 3: 3, 4: 0
transitions cumulative       : 1->2: 65, 2->3: 3
accepted directly from s0    : 0
Gym endings cumulative       : terminated=2908, truncated=92

[Episode 3100/8000 | last 100]
success rate                : 0.0% (cumulative 0.0%)
synthetic task reward       : 0.000
shaping reward              : 0.000
learning reward             : 0.000
episode length              : 493.7
abstract changes / episode  : 20.7
DFA transitions / episode   : 0.04
DFA transitions in window   : 1->2: 4
epsilon (next episode)       : 0.28931
replay buffer                : 300000 samples [1: 99.6%, 2: 0.3%, 3: 0.0%, 4: 0.0%]
DFA state visits in window   : 1: 49420, 2: 47, 3: 0, 4: 0
DFA state visits cumulative  : 1: 594223, 2: 3058, 3: 98, 4: 0
DFA state entries in window  : 1: 100, 2: 4, 3: 0, 4: 0
DFA state entries cumulative : 1: 3100, 2: 69, 3: 3, 4: 0
transitions cumulative       : 1->2: 69, 2->3: 3
accepted directly from s0    : 0
Gym endings cumulative       : terminated=3005, truncated=95

[Episode 3200/8000 | last 100]
success rate                : 0.0% (cumulative 0.0%)
synthetic task reward       : 0.000
shaping reward              : 0.000
learning reward             : 0.000
episode length              : 371.5
abstract changes / episode  : 17.9
DFA transitions / episode   : 0.10
DFA transitions in window   : 1->2: 10
epsilon (next episode)       : 0.27797
replay buffer                : 300000 samples [1: 99.3%, 2: 0.7%, 3: 0.0%, 4: 0.0%]
DFA state visits in window   : 1: 36054, 2: 1197, 3: 0, 4: 0
DFA state visits cumulative  : 1: 630277, 2: 4255, 3: 98, 4: 0
DFA state entries in window  : 1: 100, 2: 10, 3: 0, 4: 0
DFA state entries cumulative : 1: 3200, 2: 79, 3: 3, 4: 0
transitions cumulative       : 1->2: 79, 2->3: 3
accepted directly from s0    : 0
Gym endings cumulative       : terminated=3098, truncated=102

[Episode 3300/8000 | last 100]
success rate                : 0.0% (cumulative 0.0%)
synthetic task reward       : 0.000
shaping reward              : 0.000
learning reward             : 0.000
episode length              : 471.5
abstract changes / episode  : 22.0
DFA transitions / episode   : 0.02
DFA transitions in window   : 1->2: 2
epsilon (next episode)       : 0.26706
replay buffer                : 300000 samples [1: 99.3%, 2: 0.7%, 3: 0.0%, 4: 0.0%]
DFA state visits in window   : 1: 47183, 2: 67, 3: 0, 4: 0
DFA state visits cumulative  : 1: 677460, 2: 4322, 3: 98, 4: 0
DFA state entries in window  : 1: 100, 2: 2, 3: 0, 4: 0
DFA state entries cumulative : 1: 3300, 2: 81, 3: 3, 4: 0
transitions cumulative       : 1->2: 81, 2->3: 3
accepted directly from s0    : 0
Gym endings cumulative       : terminated=3174, truncated=126

[Episode 3400/8000 | last 100]
success rate                : 0.0% (cumulative 0.0%)
synthetic task reward       : 0.000
shaping reward              : 0.000
learning reward             : 0.000
episode length              : 212.8
abstract changes / episode  : 16.9
DFA transitions / episode   : 0.01
DFA transitions in window   : 1->2: 1
epsilon (next episode)       : 0.25659
replay buffer                : 300000 samples [1: 99.3%, 2: 0.7%, 3: 0.0%, 4: 0.0%]
DFA state visits in window   : 1: 21311, 2: 68, 3: 0, 4: 0
DFA state visits cumulative  : 1: 698771, 2: 4390, 3: 98, 4: 0
DFA state entries in window  : 1: 100, 2: 1, 3: 0, 4: 0
DFA state entries cumulative : 1: 3400, 2: 82, 3: 3, 4: 0
transitions cumulative       : 1->2: 82, 2->3: 3
accepted directly from s0    : 0
Gym endings cumulative       : terminated=3274, truncated=126

[Episode 3500/8000 | last 100]
success rate                : 0.0% (cumulative 0.0%)
synthetic task reward       : 0.000
shaping reward              : 0.000
learning reward             : 0.000
episode length              : 146.6
abstract changes / episode  : 14.3
DFA transitions / episode   : 0.00
DFA transitions in window   : none
epsilon (next episode)       : 0.24653
replay buffer                : 300000 samples [1: 99.3%, 2: 0.6%, 3: 0.0%, 4: 0.0%]
DFA state visits in window   : 1: 14764, 2: 0, 3: 0, 4: 0
DFA state visits cumulative  : 1: 713535, 2: 4390, 3: 98, 4: 0
DFA state entries in window  : 1: 100, 2: 0, 3: 0, 4: 0
DFA state entries cumulative : 1: 3500, 2: 82, 3: 3, 4: 0
transitions cumulative       : 1->2: 82, 2->3: 3
accepted directly from s0    : 0
Gym endings cumulative       : terminated=3374, truncated=126

[Episode 3600/8000 | last 100]
success rate                : 0.0% (cumulative 0.0%)
synthetic task reward       : 0.000
shaping reward              : 0.000
learning reward             : 0.000
episode length              : 129.6
abstract changes / episode  : 13.3
DFA transitions / episode   : 0.02
DFA transitions in window   : 1->2: 2
epsilon (next episode)       : 0.23686
replay buffer                : 300000 samples [1: 99.4%, 2: 0.6%, 3: 0.0%, 4: 0.0%]
DFA state visits in window   : 1: 12950, 2: 112, 3: 0, 4: 0
DFA state visits cumulative  : 1: 726485, 2: 4502, 3: 98, 4: 0
DFA state entries in window  : 1: 100, 2: 2, 3: 0, 4: 0
DFA state entries cumulative : 1: 3600, 2: 84, 3: 3, 4: 0
transitions cumulative       : 1->2: 84, 2->3: 3
accepted directly from s0    : 0
Gym endings cumulative       : terminated=3474, truncated=126

[Episode 3700/8000 | last 100]
success rate                : 0.0% (cumulative 0.0%)
synthetic task reward       : 0.000
shaping reward              : 0.000
learning reward             : 0.000
episode length              : 131.2
abstract changes / episode  : 13.3
DFA transitions / episode   : 0.04
DFA transitions in window   : 1->2: 4
epsilon (next episode)       : 0.22757
replay buffer                : 300000 samples [1: 99.3%, 2: 0.7%, 3: 0.0%, 4: 0.0%]
DFA state visits in window   : 1: 13055, 2: 169, 3: 0, 4: 0
DFA state visits cumulative  : 1: 739540, 2: 4671, 3: 98, 4: 0
DFA state entries in window  : 1: 100, 2: 4, 3: 0, 4: 0
DFA state entries cumulative : 1: 3700, 2: 88, 3: 3, 4: 0
transitions cumulative       : 1->2: 88, 2->3: 3
accepted directly from s0    : 0
Gym endings cumulative       : terminated=3574, truncated=126

[Episode 3800/8000 | last 100]
success rate                : 0.0% (cumulative 0.0%)
synthetic task reward       : 0.000
shaping reward              : 0.000
learning reward             : 0.000
episode length              : 110.2
abstract changes / episode  : 13.1
DFA transitions / episode   : 0.05
DFA transitions in window   : 1->2: 5
epsilon (next episode)       : 0.21865
replay buffer                : 300000 samples [1: 99.3%, 2: 0.7%, 3: 0.0%, 4: 0.0%]
DFA state visits in window   : 1: 10938, 2: 186, 3: 0, 4: 0
DFA state visits cumulative  : 1: 750478, 2: 4857, 3: 98, 4: 0
DFA state entries in window  : 1: 100, 2: 5, 3: 0, 4: 0
DFA state entries cumulative : 1: 3800, 2: 93, 3: 3, 4: 0
transitions cumulative       : 1->2: 93, 2->3: 3
accepted directly from s0    : 0
Gym endings cumulative       : terminated=3674, truncated=126

[Episode 3900/8000 | last 100]
success rate                : 0.0% (cumulative 0.0%)
synthetic task reward       : 0.000
shaping reward              : 0.000
learning reward             : 0.000
episode length              : 100.7
abstract changes / episode  : 13.1
DFA transitions / episode   : 0.01
DFA transitions in window   : 1->2: 1
epsilon (next episode)       : 0.21007
replay buffer                : 300000 samples [1: 99.3%, 2: 0.7%, 3: 0.0%, 4: 0.0%]
DFA state visits in window   : 1: 10149, 2: 18, 3: 0, 4: 0
DFA state visits cumulative  : 1: 760627, 2: 4875, 3: 98, 4: 0
DFA state entries in window  : 1: 100, 2: 1, 3: 0, 4: 0
DFA state entries cumulative : 1: 3900, 2: 94, 3: 3, 4: 0
transitions cumulative       : 1->2: 94, 2->3: 3
accepted directly from s0    : 0
Gym endings cumulative       : terminated=3774, truncated=126

[Episode 4000/8000 | last 100]
success rate                : 0.0% (cumulative 0.0%)
synthetic task reward       : 0.000
shaping reward              : 0.000
learning reward             : 0.000
episode length              : 94.0
abstract changes / episode  : 13.0
DFA transitions / episode   : 0.01
DFA transitions in window   : 1->2: 1
epsilon (next episode)       : 0.20183
replay buffer                : 300000 samples [1: 99.3%, 2: 0.7%, 3: 0.0%, 4: 0.0%]
DFA state visits in window   : 1: 9482, 2: 23, 3: 0, 4: 0
DFA state visits cumulative  : 1: 770109, 2: 4898, 3: 98, 4: 0
DFA state entries in window  : 1: 100, 2: 1, 3: 0, 4: 0
DFA state entries cumulative : 1: 4000, 2: 95, 3: 3, 4: 0
transitions cumulative       : 1->2: 95, 2->3: 3
accepted directly from s0    : 0
Gym endings cumulative       : terminated=3874, truncated=126

[Episode 4100/8000 | last 100]
success rate                : 0.0% (cumulative 0.0%)
synthetic task reward       : 0.000
shaping reward              : 0.000
learning reward             : 0.000
episode length              : 92.4
abstract changes / episode  : 12.9
DFA transitions / episode   : 0.01
DFA transitions in window   : 1->2: 1
epsilon (next episode)       : 0.19392
replay buffer                : 300000 samples [1: 99.3%, 2: 0.7%, 3: 0.0%, 4: 0.0%]
DFA state visits in window   : 1: 9319, 2: 22, 3: 0, 4: 0
DFA state visits cumulative  : 1: 779428, 2: 4920, 3: 98, 4: 0
DFA state entries in window  : 1: 100, 2: 1, 3: 0, 4: 0
DFA state entries cumulative : 1: 4100, 2: 96, 3: 3, 4: 0
transitions cumulative       : 1->2: 96, 2->3: 3
accepted directly from s0    : 0
Gym endings cumulative       : terminated=3974, truncated=126

[Episode 4200/8000 | last 100]
success rate                : 0.0% (cumulative 0.0%)
synthetic task reward       : 0.000
shaping reward              : 0.000
learning reward             : 0.000
episode length              : 87.7
abstract changes / episode  : 12.5
DFA transitions / episode   : 0.00
DFA transitions in window   : none
epsilon (next episode)       : 0.18631
replay buffer                : 300000 samples [1: 99.3%, 2: 0.7%, 3: 0.0%, 4: 0.0%]
DFA state visits in window   : 1: 8866, 2: 0, 3: 0, 4: 0
DFA state visits cumulative  : 1: 788294, 2: 4920, 3: 98, 4: 0
DFA state entries in window  : 1: 100, 2: 0, 3: 0, 4: 0
DFA state entries cumulative : 1: 4200, 2: 96, 3: 3, 4: 0
transitions cumulative       : 1->2: 96, 2->3: 3
accepted directly from s0    : 0
Gym endings cumulative       : terminated=4074, truncated=126

[Episode 4300/8000 | last 100]
success rate                : 0.0% (cumulative 0.0%)
synthetic task reward       : 0.000
shaping reward              : 0.000
learning reward             : 0.000
episode length              : 90.8
abstract changes / episode  : 12.5
DFA transitions / episode   : 0.02
DFA transitions in window   : 1->2: 2
epsilon (next episode)       : 0.17900
replay buffer                : 300000 samples [1: 99.2%, 2: 0.8%, 3: 0.0%, 4: 0.0%]
DFA state visits in window   : 1: 9122, 2: 53, 3: 0, 4: 0
DFA state visits cumulative  : 1: 797416, 2: 4973, 3: 98, 4: 0
DFA state entries in window  : 1: 100, 2: 2, 3: 0, 4: 0
DFA state entries cumulative : 1: 4300, 2: 98, 3: 3, 4: 0
transitions cumulative       : 1->2: 98, 2->3: 3
accepted directly from s0    : 0
Gym endings cumulative       : terminated=4174, truncated=126

[Episode 4400/8000 | last 100]
success rate                : 0.0% (cumulative 0.0%)
synthetic task reward       : 0.000
shaping reward              : 0.000
learning reward             : 0.000
episode length              : 91.7
abstract changes / episode  : 12.6
DFA transitions / episode   : 0.02
DFA transitions in window   : 1->2: 2
epsilon (next episode)       : 0.17198
replay buffer                : 300000 samples [1: 99.3%, 2: 0.7%, 3: 0.0%, 4: 0.0%]
DFA state visits in window   : 1: 9228, 2: 46, 3: 0, 4: 0
DFA state visits cumulative  : 1: 806644, 2: 5019, 3: 98, 4: 0
DFA state entries in window  : 1: 100, 2: 2, 3: 0, 4: 0
DFA state entries cumulative : 1: 4400, 2: 100, 3: 3, 4: 0
transitions cumulative       : 1->2: 100, 2->3: 3
accepted directly from s0    : 0
Gym endings cumulative       : terminated=4274, truncated=126

[Episode 4500/8000 | last 100]
success rate                : 0.0% (cumulative 0.0%)
synthetic task reward       : 0.000
shaping reward              : 0.000
learning reward             : 0.000
episode length              : 91.4
abstract changes / episode  : 12.8
DFA transitions / episode   : 0.01
DFA transitions in window   : 1->2: 1
epsilon (next episode)       : 0.16524
replay buffer                : 300000 samples [1: 99.2%, 2: 0.8%, 3: 0.0%, 4: 0.0%]
DFA state visits in window   : 1: 9224, 2: 17, 3: 0, 4: 0
DFA state visits cumulative  : 1: 815868, 2: 5036, 3: 98, 4: 0
DFA state entries in window  : 1: 100, 2: 1, 3: 0, 4: 0
DFA state entries cumulative : 1: 4500, 2: 101, 3: 3, 4: 0
transitions cumulative       : 1->2: 101, 2->3: 3
accepted directly from s0    : 0
Gym endings cumulative       : terminated=4374, truncated=126

[Episode 4600/8000 | last 100]
success rate                : 0.0% (cumulative 0.0%)
synthetic task reward       : 0.000
shaping reward              : 0.000
learning reward             : 0.000
episode length              : 88.9
abstract changes / episode  : 13.0
DFA transitions / episode   : 0.04
DFA transitions in window   : 1->2: 4
epsilon (next episode)       : 0.15876
replay buffer                : 300000 samples [1: 99.3%, 2: 0.7%, 3: 0.0%, 4: 0.0%]
DFA state visits in window   : 1: 8895, 2: 95, 3: 0, 4: 0
DFA state visits cumulative  : 1: 824763, 2: 5131, 3: 98, 4: 0
DFA state entries in window  : 1: 100, 2: 4, 3: 0, 4: 0
DFA state entries cumulative : 1: 4600, 2: 105, 3: 3, 4: 0
transitions cumulative       : 1->2: 105, 2->3: 3
accepted directly from s0    : 0
Gym endings cumulative       : terminated=4474, truncated=126

[Episode 4700/8000 | last 100]
success rate                : 0.0% (cumulative 0.0%)
synthetic task reward       : 0.000
shaping reward              : 0.000
learning reward             : 0.000
episode length              : 87.4
abstract changes / episode  : 12.9
DFA transitions / episode   : 0.00
DFA transitions in window   : none
epsilon (next episode)       : 0.15253
replay buffer                : 300000 samples [1: 99.3%, 2: 0.7%, 3: 0.0%, 4: 0.0%]
DFA state visits in window   : 1: 8842, 2: 0, 3: 0, 4: 0
DFA state visits cumulative  : 1: 833605, 2: 5131, 3: 98, 4: 0
DFA state entries in window  : 1: 100, 2: 0, 3: 0, 4: 0
DFA state entries cumulative : 1: 4700, 2: 105, 3: 3, 4: 0
transitions cumulative       : 1->2: 105, 2->3: 3
accepted directly from s0    : 0
Gym endings cumulative       : terminated=4574, truncated=126

[Episode 4800/8000 | last 100]
success rate                : 0.0% (cumulative 0.0%)
synthetic task reward       : 0.000
shaping reward              : 0.000
learning reward             : 0.000
episode length              : 96.0
abstract changes / episode  : 13.0
DFA transitions / episode   : 0.04
DFA transitions in window   : 1->2: 4
epsilon (next episode)       : 0.14655
replay buffer                : 300000 samples [1: 99.3%, 2: 0.7%, 3: 0.0%, 4: 0.0%]
DFA state visits in window   : 1: 9562, 2: 134, 3: 0, 4: 0
DFA state visits cumulative  : 1: 843167, 2: 5265, 3: 98, 4: 0
DFA state entries in window  : 1: 100, 2: 4, 3: 0, 4: 0
DFA state entries cumulative : 1: 4800, 2: 109, 3: 3, 4: 0
transitions cumulative       : 1->2: 109, 2->3: 3
accepted directly from s0    : 0
Gym endings cumulative       : terminated=4674, truncated=126

[Episode 4900/8000 | last 100]
success rate                : 0.0% (cumulative 0.0%)
synthetic task reward       : 0.000
shaping reward              : 0.000
learning reward             : 0.000
episode length              : 93.8
abstract changes / episode  : 12.6
DFA transitions / episode   : 0.02
DFA transitions in window   : 1->2: 2
epsilon (next episode)       : 0.14080
replay buffer                : 300000 samples [1: 99.3%, 2: 0.7%, 3: 0.0%, 4: 0.0%]
DFA state visits in window   : 1: 9450, 2: 27, 3: 0, 4: 0
DFA state visits cumulative  : 1: 852617, 2: 5292, 3: 98, 4: 0
DFA state entries in window  : 1: 100, 2: 2, 3: 0, 4: 0
DFA state entries cumulative : 1: 4900, 2: 111, 3: 3, 4: 0
transitions cumulative       : 1->2: 111, 2->3: 3
accepted directly from s0    : 0
Gym endings cumulative       : terminated=4774, truncated=126

[Episode 5000/8000 | last 100]
success rate                : 0.0% (cumulative 0.0%)
synthetic task reward       : 0.000
shaping reward              : 0.000
learning reward             : 0.000
episode length              : 88.7
abstract changes / episode  : 12.7
DFA transitions / episode   : 0.02
DFA transitions in window   : 1->2: 2
epsilon (next episode)       : 0.13528
replay buffer                : 300000 samples [1: 99.2%, 2: 0.8%, 3: 0.0%, 4: 0.0%]
DFA state visits in window   : 1: 8924, 2: 42, 3: 0, 4: 0
DFA state visits cumulative  : 1: 861541, 2: 5334, 3: 98, 4: 0
DFA state entries in window  : 1: 100, 2: 2, 3: 0, 4: 0
DFA state entries cumulative : 1: 5000, 2: 113, 3: 3, 4: 0
transitions cumulative       : 1->2: 113, 2->3: 3
accepted directly from s0    : 0
Gym endings cumulative       : terminated=4874, truncated=126

[Episode 5100/8000 | last 100]
success rate                : 0.0% (cumulative 0.0%)
synthetic task reward       : 0.000
shaping reward              : 0.000
learning reward             : 0.000
episode length              : 88.6
abstract changes / episode  : 12.6
DFA transitions / episode   : 0.03
DFA transitions in window   : 1->2: 3
epsilon (next episode)       : 0.12998
replay buffer                : 300000 samples [1: 99.2%, 2: 0.8%, 3: 0.0%, 4: 0.0%]
DFA state visits in window   : 1: 8906, 2: 56, 3: 0, 4: 0
DFA state visits cumulative  : 1: 870447, 2: 5390, 3: 98, 4: 0
DFA state entries in window  : 1: 100, 2: 3, 3: 0, 4: 0
DFA state entries cumulative : 1: 5100, 2: 116, 3: 3, 4: 0
transitions cumulative       : 1->2: 116, 2->3: 3
accepted directly from s0    : 0
Gym endings cumulative       : terminated=4974, truncated=126

[Episode 5200/8000 | last 100]
success rate                : 0.0% (cumulative 0.0%)
synthetic task reward       : 0.000
shaping reward              : 0.000
learning reward             : 0.000
episode length              : 89.2
abstract changes / episode  : 12.8
DFA transitions / episode   : 0.01
DFA transitions in window   : 1->2: 1
epsilon (next episode)       : 0.12488
replay buffer                : 300000 samples [1: 99.2%, 2: 0.8%, 3: 0.0%, 4: 0.0%]
DFA state visits in window   : 1: 9004, 2: 17, 3: 0, 4: 0
DFA state visits cumulative  : 1: 879451, 2: 5407, 3: 98, 4: 0
DFA state entries in window  : 1: 100, 2: 1, 3: 0, 4: 0
DFA state entries cumulative : 1: 5200, 2: 117, 3: 3, 4: 0
transitions cumulative       : 1->2: 117, 2->3: 3
accepted directly from s0    : 0
Gym endings cumulative       : terminated=5074, truncated=126

[Episode 5300/8000 | last 100]
success rate                : 0.0% (cumulative 0.0%)
synthetic task reward       : 0.000
shaping reward              : 0.000
learning reward             : 0.000
episode length              : 88.7
abstract changes / episode  : 12.7
DFA transitions / episode   : 0.01
DFA transitions in window   : 1->2: 1
epsilon (next episode)       : 0.11998
replay buffer                : 300000 samples [1: 99.2%, 2: 0.8%, 3: 0.0%, 4: 0.0%]
DFA state visits in window   : 1: 8945, 2: 22, 3: 0, 4: 0
DFA state visits cumulative  : 1: 888396, 2: 5429, 3: 98, 4: 0
DFA state entries in window  : 1: 100, 2: 1, 3: 0, 4: 0
DFA state entries cumulative : 1: 5300, 2: 118, 3: 3, 4: 0
transitions cumulative       : 1->2: 118, 2->3: 3
accepted directly from s0    : 0
Gym endings cumulative       : terminated=5174, truncated=126

[Episode 5400/8000 | last 100]
success rate                : 0.0% (cumulative 0.0%)
synthetic task reward       : 0.000
shaping reward              : 0.000
learning reward             : 0.000
episode length              : 93.3
abstract changes / episode  : 12.9
DFA transitions / episode   : 0.01
DFA transitions in window   : 1->2: 1
epsilon (next episode)       : 0.11528
replay buffer                : 300000 samples [1: 99.2%, 2: 0.8%, 3: 0.0%, 4: 0.0%]
DFA state visits in window   : 1: 9410, 2: 24, 3: 0, 4: 0
DFA state visits cumulative  : 1: 897806, 2: 5453, 3: 98, 4: 0
DFA state entries in window  : 1: 100, 2: 1, 3: 0, 4: 0
DFA state entries cumulative : 1: 5400, 2: 119, 3: 3, 4: 0
transitions cumulative       : 1->2: 119, 2->3: 3
accepted directly from s0    : 0
Gym endings cumulative       : terminated=5274, truncated=126

[Episode 5500/8000 | last 100]
success rate                : 0.0% (cumulative 0.0%)
synthetic task reward       : 0.000
shaping reward              : 0.000
learning reward             : 0.000
episode length              : 91.0
abstract changes / episode  : 12.5
DFA transitions / episode   : 0.03
DFA transitions in window   : 1->2: 3
epsilon (next episode)       : 0.11075
replay buffer                : 300000 samples [1: 99.2%, 2: 0.8%, 3: 0.0%, 4: 0.0%]
DFA state visits in window   : 1: 9141, 2: 61, 3: 0, 4: 0
DFA state visits cumulative  : 1: 906947, 2: 5514, 3: 98, 4: 0
DFA state entries in window  : 1: 100, 2: 3, 3: 0, 4: 0
DFA state entries cumulative : 1: 5500, 2: 122, 3: 3, 4: 0
transitions cumulative       : 1->2: 122, 2->3: 3
accepted directly from s0    : 0
Gym endings cumulative       : terminated=5374, truncated=126

[Episode 5600/8000 | last 100]
success rate                : 0.0% (cumulative 0.0%)
synthetic task reward       : 0.000
shaping reward              : 0.000
learning reward             : 0.000
episode length              : 92.0
abstract changes / episode  : 12.7
DFA transitions / episode   : 0.00
DFA transitions in window   : none
epsilon (next episode)       : 0.10641
replay buffer                : 300000 samples [1: 99.5%, 2: 0.5%, 3: 0.0%, 4: 0.0%]
DFA state visits in window   : 1: 9302, 2: 0, 3: 0, 4: 0
DFA state visits cumulative  : 1: 916249, 2: 5514, 3: 98, 4: 0
DFA state entries in window  : 1: 100, 2: 0, 3: 0, 4: 0
DFA state entries cumulative : 1: 5600, 2: 122, 3: 3, 4: 0
transitions cumulative       : 1->2: 122, 2->3: 3
accepted directly from s0    : 0
Gym endings cumulative       : terminated=5474, truncated=126

[Episode 5700/8000 | last 100]
success rate                : 0.0% (cumulative 0.0%)
synthetic task reward       : 0.000
shaping reward              : 0.000
learning reward             : 0.000
episode length              : 88.5
abstract changes / episode  : 12.7
DFA transitions / episode   : 0.03
DFA transitions in window   : 1->2: 3
epsilon (next episode)       : 0.10224
replay buffer                : 300000 samples [1: 99.6%, 2: 0.4%, 3: 0.0%, 4: 0.0%]
DFA state visits in window   : 1: 8899, 2: 56, 3: 0, 4: 0
DFA state visits cumulative  : 1: 925148, 2: 5570, 3: 98, 4: 0
DFA state entries in window  : 1: 100, 2: 3, 3: 0, 4: 0
DFA state entries cumulative : 1: 5700, 2: 125, 3: 3, 4: 0
transitions cumulative       : 1->2: 125, 2->3: 3
accepted directly from s0    : 0
Gym endings cumulative       : terminated=5574, truncated=126

[Episode 5800/8000 | last 100]
success rate                : 0.0% (cumulative 0.0%)
synthetic task reward       : 0.000
shaping reward              : 0.000
learning reward             : 0.000
episode length              : 89.3
abstract changes / episode  : 12.5
DFA transitions / episode   : 0.02
DFA transitions in window   : 1->2: 2
epsilon (next episode)       : 0.09823
replay buffer                : 300000 samples [1: 99.6%, 2: 0.4%, 3: 0.0%, 4: 0.0%]
DFA state visits in window   : 1: 8975, 2: 55, 3: 0, 4: 0
DFA state visits cumulative  : 1: 934123, 2: 5625, 3: 98, 4: 0
DFA state entries in window  : 1: 100, 2: 2, 3: 0, 4: 0
DFA state entries cumulative : 1: 5800, 2: 127, 3: 3, 4: 0
transitions cumulative       : 1->2: 127, 2->3: 3
accepted directly from s0    : 0
Gym endings cumulative       : terminated=5674, truncated=126

[Episode 5900/8000 | last 100]
success rate                : 0.0% (cumulative 0.0%)
synthetic task reward       : 0.000
shaping reward              : 0.000
learning reward             : 0.000
episode length              : 85.3
abstract changes / episode  : 12.5
DFA transitions / episode   : 0.00
DFA transitions in window   : none
epsilon (next episode)       : 0.09438
replay buffer                : 300000 samples [1: 99.6%, 2: 0.4%, 3: 0.0%, 4: 0.0%]
DFA state visits in window   : 1: 8632, 2: 0, 3: 0, 4: 0
DFA state visits cumulative  : 1: 942755, 2: 5625, 3: 98, 4: 0
DFA state entries in window  : 1: 100, 2: 0, 3: 0, 4: 0
DFA state entries cumulative : 1: 5900, 2: 127, 3: 3, 4: 0
transitions cumulative       : 1->2: 127, 2->3: 3
accepted directly from s0    : 0
Gym endings cumulative       : terminated=5774, truncated=126

[Episode 6000/8000 | last 100]
success rate                : 0.0% (cumulative 0.0%)
synthetic task reward       : 0.000
shaping reward              : 0.000
learning reward             : 0.000
episode length              : 92.1
abstract changes / episode  : 12.6
DFA transitions / episode   : 0.01
DFA transitions in window   : 1->2: 1
epsilon (next episode)       : 0.09067
replay buffer                : 300000 samples [1: 99.6%, 2: 0.4%, 3: 0.0%, 4: 0.0%]
DFA state visits in window   : 1: 9291, 2: 19, 3: 0, 4: 0
DFA state visits cumulative  : 1: 952046, 2: 5644, 3: 98, 4: 0
DFA state entries in window  : 1: 100, 2: 1, 3: 0, 4: 0
DFA state entries cumulative : 1: 6000, 2: 128, 3: 3, 4: 0
transitions cumulative       : 1->2: 128, 2->3: 3
accepted directly from s0    : 0
Gym endings cumulative       : terminated=5874, truncated=126

[Episode 6100/8000 | last 100]
success rate                : 0.0% (cumulative 0.0%)
synthetic task reward       : 0.000
shaping reward              : 0.000
learning reward             : 0.000
episode length              : 90.3
abstract changes / episode  : 12.5
DFA transitions / episode   : 0.00
DFA transitions in window   : none
epsilon (next episode)       : 0.08712
replay buffer                : 300000 samples [1: 99.6%, 2: 0.4%, 3: 0.0%, 4: 0.0%]
DFA state visits in window   : 1: 9133, 2: 0, 3: 0, 4: 0
DFA state visits cumulative  : 1: 961179, 2: 5644, 3: 98, 4: 0
DFA state entries in window  : 1: 100, 2: 0, 3: 0, 4: 0
DFA state entries cumulative : 1: 6100, 2: 128, 3: 3, 4: 0
transitions cumulative       : 1->2: 128, 2->3: 3
accepted directly from s0    : 0
Gym endings cumulative       : terminated=5974, truncated=126

[Episode 6200/8000 | last 100]
success rate                : 0.0% (cumulative 0.0%)
synthetic task reward       : 0.000
shaping reward              : 0.000
learning reward             : 0.000
episode length              : 86.2
abstract changes / episode  : 12.7
DFA transitions / episode   : 0.00
DFA transitions in window   : none
epsilon (next episode)       : 0.08370
replay buffer                : 300000 samples [1: 99.6%, 2: 0.4%, 3: 0.0%, 4: 0.0%]
DFA state visits in window   : 1: 8723, 2: 0, 3: 0, 4: 0
DFA state visits cumulative  : 1: 969902, 2: 5644, 3: 98, 4: 0
DFA state entries in window  : 1: 100, 2: 0, 3: 0, 4: 0
DFA state entries cumulative : 1: 6200, 2: 128, 3: 3, 4: 0
transitions cumulative       : 1->2: 128, 2->3: 3
accepted directly from s0    : 0
Gym endings cumulative       : terminated=6074, truncated=126

[Episode 6300/8000 | last 100]
success rate                : 0.0% (cumulative 0.0%)
synthetic task reward       : 0.000
shaping reward              : 0.000
learning reward             : 0.000
episode length              : 88.9
abstract changes / episode  : 12.5
DFA transitions / episode   : 0.00
DFA transitions in window   : none
epsilon (next episode)       : 0.08042
replay buffer                : 300000 samples [1: 99.6%, 2: 0.4%, 3: 0.0%, 4: 0.0%]
DFA state visits in window   : 1: 8991, 2: 0, 3: 0, 4: 0
DFA state visits cumulative  : 1: 978893, 2: 5644, 3: 98, 4: 0
DFA state entries in window  : 1: 100, 2: 0, 3: 0, 4: 0
DFA state entries cumulative : 1: 6300, 2: 128, 3: 3, 4: 0
transitions cumulative       : 1->2: 128, 2->3: 3
accepted directly from s0    : 0
Gym endings cumulative       : terminated=6174, truncated=126

[Episode 6400/8000 | last 100]
success rate                : 0.0% (cumulative 0.0%)
synthetic task reward       : 0.000
shaping reward              : 0.000
learning reward             : 0.000
episode length              : 88.8
abstract changes / episode  : 12.7
DFA transitions / episode   : 0.01
DFA transitions in window   : 1->2: 1
epsilon (next episode)       : 0.07727
replay buffer                : 300000 samples [1: 99.6%, 2: 0.4%, 3: 0.0%, 4: 0.0%]
DFA state visits in window   : 1: 8964, 2: 18, 3: 0, 4: 0
DFA state visits cumulative  : 1: 987857, 2: 5662, 3: 98, 4: 0
DFA state entries in window  : 1: 100, 2: 1, 3: 0, 4: 0
DFA state entries cumulative : 1: 6400, 2: 129, 3: 3, 4: 0
transitions cumulative       : 1->2: 129, 2->3: 3
accepted directly from s0    : 0
Gym endings cumulative       : terminated=6274, truncated=126

[Episode 6500/8000 | last 100]
success rate                : 0.0% (cumulative 0.0%)
synthetic task reward       : 0.000
shaping reward              : 0.000
learning reward             : 0.000
episode length              : 90.0
abstract changes / episode  : 12.7
DFA transitions / episode   : 0.01
DFA transitions in window   : 1->2: 1
epsilon (next episode)       : 0.07423
replay buffer                : 300000 samples [1: 99.6%, 2: 0.4%, 3: 0.0%, 4: 0.0%]
DFA state visits in window   : 1: 9093, 2: 9, 3: 0, 4: 0
DFA state visits cumulative  : 1: 996950, 2: 5671, 3: 98, 4: 0
DFA state entries in window  : 1: 100, 2: 1, 3: 0, 4: 0
DFA state entries cumulative : 1: 6500, 2: 130, 3: 3, 4: 0
transitions cumulative       : 1->2: 130, 2->3: 3
accepted directly from s0    : 0
Gym endings cumulative       : terminated=6374, truncated=126

[Episode 6600/8000 | last 100]
success rate                : 0.0% (cumulative 0.0%)
synthetic task reward       : 0.000
shaping reward              : 0.000
learning reward             : 0.000
episode length              : 87.5
abstract changes / episode  : 12.5
DFA transitions / episode   : 0.00
DFA transitions in window   : none
epsilon (next episode)       : 0.07132
replay buffer                : 300000 samples [1: 99.6%, 2: 0.4%, 3: 0.0%, 4: 0.0%]
DFA state visits in window   : 1: 8852, 2: 0, 3: 0, 4: 0
DFA state visits cumulative  : 1: 1005802, 2: 5671, 3: 98, 4: 0
DFA state entries in window  : 1: 100, 2: 0, 3: 0, 4: 0
DFA state entries cumulative : 1: 6600, 2: 130, 3: 3, 4: 0
transitions cumulative       : 1->2: 130, 2->3: 3
accepted directly from s0    : 0
Gym endings cumulative       : terminated=6474, truncated=126

[Episode 6700/8000 | last 100]
success rate                : 0.0% (cumulative 0.0%)
synthetic task reward       : 0.000
shaping reward              : 0.000
learning reward             : 0.000
episode length              : 90.4
abstract changes / episode  : 12.5
DFA transitions / episode   : 0.01
DFA transitions in window   : 1->2: 1
epsilon (next episode)       : 0.06853
replay buffer                : 300000 samples [1: 99.6%, 2: 0.4%, 3: 0.0%, 4: 0.0%]
DFA state visits in window   : 1: 9123, 2: 18, 3: 0, 4: 0
DFA state visits cumulative  : 1: 1014925, 2: 5689, 3: 98, 4: 0
DFA state entries in window  : 1: 100, 2: 1, 3: 0, 4: 0
DFA state entries cumulative : 1: 6700, 2: 131, 3: 3, 4: 0
transitions cumulative       : 1->2: 131, 2->3: 3
accepted directly from s0    : 0
Gym endings cumulative       : terminated=6574, truncated=126

[Episode 6800/8000 | last 100]
success rate                : 0.0% (cumulative 0.0%)
synthetic task reward       : 0.000
shaping reward              : 0.000
learning reward             : 0.000
episode length              : 97.8
abstract changes / episode  : 12.7
DFA transitions / episode   : 0.01
DFA transitions in window   : 1->2: 1
epsilon (next episode)       : 0.06584
replay buffer                : 300000 samples [1: 99.6%, 2: 0.4%, 3: 0.0%, 4: 0.0%]
DFA state visits in window   : 1: 9853, 2: 25, 3: 0, 4: 0
DFA state visits cumulative  : 1: 1024778, 2: 5714, 3: 98, 4: 0
DFA state entries in window  : 1: 100, 2: 1, 3: 0, 4: 0
DFA state entries cumulative : 1: 6800, 2: 132, 3: 3, 4: 0
transitions cumulative       : 1->2: 132, 2->3: 3
accepted directly from s0    : 0
Gym endings cumulative       : terminated=6673, truncated=127

[Episode 6900/8000 | last 100]
success rate                : 0.0% (cumulative 0.0%)
synthetic task reward       : 0.000
shaping reward              : 0.000
learning reward             : 0.000
episode length              : 89.6
abstract changes / episode  : 12.6
DFA transitions / episode   : 0.03
DFA transitions in window   : 1->2: 3
epsilon (next episode)       : 0.06326
replay buffer                : 300000 samples [1: 99.6%, 2: 0.4%, 3: 0.0%, 4: 0.0%]
DFA state visits in window   : 1: 8970, 2: 87, 3: 0, 4: 0
DFA state visits cumulative  : 1: 1033748, 2: 5801, 3: 98, 4: 0
DFA state entries in window  : 1: 100, 2: 3, 3: 0, 4: 0
DFA state entries cumulative : 1: 6900, 2: 135, 3: 3, 4: 0
transitions cumulative       : 1->2: 135, 2->3: 3
accepted directly from s0    : 0
Gym endings cumulative       : terminated=6773, truncated=127

[Episode 7000/8000 | last 100]
success rate                : 0.0% (cumulative 0.0%)
synthetic task reward       : 0.000
shaping reward              : 0.000
learning reward             : 0.000
episode length              : 92.4
abstract changes / episode  : 12.5
DFA transitions / episode   : 0.02
DFA transitions in window   : 1->2: 2
epsilon (next episode)       : 0.06078
replay buffer                : 300000 samples [1: 99.6%, 2: 0.4%, 3: 0.0%, 4: 0.0%]
DFA state visits in window   : 1: 9290, 2: 54, 3: 0, 4: 0
DFA state visits cumulative  : 1: 1043038, 2: 5855, 3: 98, 4: 0
DFA state entries in window  : 1: 100, 2: 2, 3: 0, 4: 0
DFA state entries cumulative : 1: 7000, 2: 137, 3: 3, 4: 0
transitions cumulative       : 1->2: 137, 2->3: 3
accepted directly from s0    : 0
Gym endings cumulative       : terminated=6873, truncated=127

[Episode 7100/8000 | last 100]
success rate                : 0.0% (cumulative 0.0%)
synthetic task reward       : 0.000
shaping reward              : 0.000
learning reward             : 0.000
episode length              : 92.2
abstract changes / episode  : 12.7
DFA transitions / episode   : 0.01
DFA transitions in window   : 1->2: 1
epsilon (next episode)       : 0.05839
replay buffer                : 300000 samples [1: 99.7%, 2: 0.3%, 3: 0.0%, 4: 0.0%]
DFA state visits in window   : 1: 9308, 2: 17, 3: 0, 4: 0
DFA state visits cumulative  : 1: 1052346, 2: 5872, 3: 98, 4: 0
DFA state entries in window  : 1: 100, 2: 1, 3: 0, 4: 0
DFA state entries cumulative : 1: 7100, 2: 138, 3: 3, 4: 0
transitions cumulative       : 1->2: 138, 2->3: 3
accepted directly from s0    : 0
Gym endings cumulative       : terminated=6973, truncated=127

[Episode 7200/8000 | last 100]
success rate                : 0.0% (cumulative 0.0%)
synthetic task reward       : 0.000
shaping reward              : 0.000
learning reward             : 0.000
episode length              : 93.8
abstract changes / episode  : 13.2
DFA transitions / episode   : 0.01
DFA transitions in window   : 1->2: 1
epsilon (next episode)       : 0.05610
replay buffer                : 300000 samples [1: 99.7%, 2: 0.3%, 3: 0.0%, 4: 0.0%]
DFA state visits in window   : 1: 9458, 2: 23, 3: 0, 4: 0
DFA state visits cumulative  : 1: 1061804, 2: 5895, 3: 98, 4: 0
DFA state entries in window  : 1: 100, 2: 1, 3: 0, 4: 0
DFA state entries cumulative : 1: 7200, 2: 139, 3: 3, 4: 0
transitions cumulative       : 1->2: 139, 2->3: 3
accepted directly from s0    : 0
Gym endings cumulative       : terminated=7073, truncated=127

[Episode 7300/8000 | last 100]
success rate                : 0.0% (cumulative 0.0%)
synthetic task reward       : 0.000
shaping reward              : 0.000
learning reward             : 0.000
episode length              : 90.5
abstract changes / episode  : 12.4
DFA transitions / episode   : 0.02
DFA transitions in window   : 1->2: 2
epsilon (next episode)       : 0.05390
replay buffer                : 300000 samples [1: 99.7%, 2: 0.3%, 3: 0.0%, 4: 0.0%]
DFA state visits in window   : 1: 9110, 2: 39, 3: 0, 4: 0
DFA state visits cumulative  : 1: 1070914, 2: 5934, 3: 98, 4: 0
DFA state entries in window  : 1: 100, 2: 2, 3: 0, 4: 0
DFA state entries cumulative : 1: 7300, 2: 141, 3: 3, 4: 0
transitions cumulative       : 1->2: 141, 2->3: 3
accepted directly from s0    : 0
Gym endings cumulative       : terminated=7173, truncated=127

[Episode 7400/8000 | last 100]
success rate                : 0.0% (cumulative 0.0%)
synthetic task reward       : 0.000
shaping reward              : 0.000
learning reward             : 0.000
episode length              : 91.7
abstract changes / episode  : 12.8
DFA transitions / episode   : 0.02
DFA transitions in window   : 1->2: 2
epsilon (next episode)       : 0.05179
replay buffer                : 300000 samples [1: 99.7%, 2: 0.3%, 3: 0.0%, 4: 0.0%]
DFA state visits in window   : 1: 9208, 2: 58, 3: 0, 4: 0
DFA state visits cumulative  : 1: 1080122, 2: 5992, 3: 98, 4: 0
DFA state entries in window  : 1: 100, 2: 2, 3: 0, 4: 0
DFA state entries cumulative : 1: 7400, 2: 143, 3: 3, 4: 0
transitions cumulative       : 1->2: 143, 2->3: 3
accepted directly from s0    : 0
Gym endings cumulative       : terminated=7273, truncated=127

[Episode 7500/8000 | last 100]
success rate                : 0.0% (cumulative 0.0%)
synthetic task reward       : 0.000
shaping reward              : 0.000
learning reward             : 0.000
episode length              : 95.6
abstract changes / episode  : 12.7
DFA transitions / episode   : 0.02
DFA transitions in window   : 1->2: 2
epsilon (next episode)       : 0.04976
replay buffer                : 300000 samples [1: 99.6%, 2: 0.4%, 3: 0.0%, 4: 0.0%]
DFA state visits in window   : 1: 9622, 2: 39, 3: 0, 4: 0
DFA state visits cumulative  : 1: 1089744, 2: 6031, 3: 98, 4: 0
DFA state entries in window  : 1: 100, 2: 2, 3: 0, 4: 0
DFA state entries cumulative : 1: 7500, 2: 145, 3: 3, 4: 0
transitions cumulative       : 1->2: 145, 2->3: 3
accepted directly from s0    : 0
Gym endings cumulative       : terminated=7372, truncated=128

[Episode 7600/8000 | last 100]
success rate                : 0.0% (cumulative 0.0%)
synthetic task reward       : 0.000
shaping reward              : 0.000
learning reward             : 0.000
episode length              : 88.2
abstract changes / episode  : 12.9
DFA transitions / episode   : 0.01
DFA transitions in window   : 1->2: 1
epsilon (next episode)       : 0.04781
replay buffer                : 300000 samples [1: 99.7%, 2: 0.3%, 3: 0.0%, 4: 0.0%]
DFA state visits in window   : 1: 8901, 2: 14, 3: 0, 4: 0
DFA state visits cumulative  : 1: 1098645, 2: 6045, 3: 98, 4: 0
DFA state entries in window  : 1: 100, 2: 1, 3: 0, 4: 0
DFA state entries cumulative : 1: 7600, 2: 146, 3: 3, 4: 0
transitions cumulative       : 1->2: 146, 2->3: 3
accepted directly from s0    : 0
Gym endings cumulative       : terminated=7472, truncated=128

[Episode 7700/8000 | last 100]
success rate                : 0.0% (cumulative 0.0%)
synthetic task reward       : 0.000
shaping reward              : 0.000
learning reward             : 0.000
episode length              : 87.5
abstract changes / episode  : 12.8
DFA transitions / episode   : 0.02
DFA transitions in window   : 1->2: 2
epsilon (next episode)       : 0.04593
replay buffer                : 300000 samples [1: 99.7%, 2: 0.3%, 3: 0.0%, 4: 0.0%]
DFA state visits in window   : 1: 8813, 2: 39, 3: 0, 4: 0
DFA state visits cumulative  : 1: 1107458, 2: 6084, 3: 98, 4: 0
DFA state entries in window  : 1: 100, 2: 2, 3: 0, 4: 0
DFA state entries cumulative : 1: 7700, 2: 148, 3: 3, 4: 0
transitions cumulative       : 1->2: 148, 2->3: 3
accepted directly from s0    : 0
Gym endings cumulative       : terminated=7572, truncated=128

[Episode 7800/8000 | last 100]
success rate                : 0.0% (cumulative 0.0%)
synthetic task reward       : 0.000
shaping reward              : 0.000
learning reward             : 0.000
episode length              : 90.3
abstract changes / episode  : 12.5
DFA transitions / episode   : 0.03
DFA transitions in window   : 1->2: 3
epsilon (next episode)       : 0.04413
replay buffer                : 300000 samples [1: 99.6%, 2: 0.4%, 3: 0.0%, 4: 0.0%]
DFA state visits in window   : 1: 9069, 2: 61, 3: 0, 4: 0
DFA state visits cumulative  : 1: 1116527, 2: 6145, 3: 98, 4: 0
DFA state entries in window  : 1: 100, 2: 3, 3: 0, 4: 0
DFA state entries cumulative : 1: 7800, 2: 151, 3: 3, 4: 0
transitions cumulative       : 1->2: 151, 2->3: 3
accepted directly from s0    : 0
Gym endings cumulative       : terminated=7672, truncated=128

[Episode 7900/8000 | last 100]
success rate                : 0.0% (cumulative 0.0%)
synthetic task reward       : 0.000
shaping reward              : 0.000
learning reward             : 0.000
episode length              : 85.8
abstract changes / episode  : 12.4
DFA transitions / episode   : 0.00
DFA transitions in window   : none
epsilon (next episode)       : 0.04240
replay buffer                : 300000 samples [1: 99.7%, 2: 0.3%, 3: 0.0%, 4: 0.0%]
DFA state visits in window   : 1: 8679, 2: 0, 3: 0, 4: 0
DFA state visits cumulative  : 1: 1125206, 2: 6145, 3: 98, 4: 0
DFA state entries in window  : 1: 100, 2: 0, 3: 0, 4: 0
DFA state entries cumulative : 1: 7900, 2: 151, 3: 3, 4: 0
transitions cumulative       : 1->2: 151, 2->3: 3
accepted directly from s0    : 0
Gym endings cumulative       : terminated=7772, truncated=128

[Episode 8000/8000 | last 100]
success rate                : 0.0% (cumulative 0.0%)
synthetic task reward       : 0.000
shaping reward              : 0.000
learning reward             : 0.000
episode length              : 87.5
abstract changes / episode  : 12.3
DFA transitions / episode   : 0.00
DFA transitions in window   : none
epsilon (next episode)       : 0.04074
replay buffer                : 300000 samples [1: 99.7%, 2: 0.3%, 3: 0.0%, 4: 0.0%]
DFA state visits in window   : 1: 8851, 2: 0, 3: 0, 4: 0
DFA state visits cumulative  : 1: 1134057, 2: 6145, 3: 98, 4: 0
DFA state entries in window  : 1: 100, 2: 0, 3: 0, 4: 0
DFA state entries cumulative : 1: 8000, 2: 151, 3: 3, 4: 0
transitions cumulative       : 1->2: 151, 2->3: 3
accepted directly from s0    : 0
Gym endings cumulative       : terminated=7872, truncated=128
Last policy saved after episode 8000. Best policy: episode 1, mean learning reward=0.000
