==================================================
STARTING NEW TRAINING RUN
==================================================
[BASELINE] Episode 100/7000
  Avg Reward              : 0.000000
  Epsilon (q0, q10)       : 1.000000, 1.000000
  Epsilon (single)        : 0.932371
  Exp q0 % and q10 %      : 0.990323, 0.009677
  Natural q=0→10 updates  : 3
  Waypoint hits           : 3
  Goal hits               : 0
  Truncated episodes      : 0

[BASELINE] Episode 200/7000
  Avg Reward              : 0.000000
  Epsilon (q0, q10)       : 1.000000, 1.000000
  Epsilon (single)        : 0.869316
  Exp q0 % and q10 %      : 0.993587, 0.006413
  Natural q=0→10 updates  : 4
  Waypoint hits           : 4
  Goal hits               : 0
  Truncated episodes      : 0

[BASELINE] Episode 300/7000
  Avg Reward              : 0.000000
  Epsilon (q0, q10)       : 1.000000, 1.000000
  Epsilon (single)        : 0.810525
  Exp q0 % and q10 %      : 0.994214, 0.005786
  Natural q=0→10 updates  : 5
  Waypoint hits           : 5
  Goal hits               : 0
  Truncated episodes      : 1

[BASELINE] Episode 400/7000
  Avg Reward              : 0.000000
  Epsilon (q0, q10)       : 1.000000, 1.000000
  Epsilon (single)        : 0.755710
  Exp q0 % and q10 %      : 0.993116, 0.006884
  Natural q=0→10 updates  : 9
  Waypoint hits           : 9
  Goal hits               : 0
  Truncated episodes      : 1

[BASELINE] Episode 500/7000
  Avg Reward              : 0.000000
  Epsilon (q0, q10)       : 1.000000, 1.000000
  Epsilon (single)        : 0.704602
  Exp q0 % and q10 %      : 0.994484, 0.005516
  Natural q=0→10 updates  : 9
  Waypoint hits           : 9
  Goal hits               : 0
  Truncated episodes      : 1

[BASELINE] Episode 600/7000
  Avg Reward              : 0.000000
  Epsilon (q0, q10)       : 1.000000, 1.000000
  Epsilon (single)        : 0.656950
  Exp q0 % and q10 %      : 0.994410, 0.005590
  Natural q=0→10 updates  : 10
  Waypoint hits           : 10
  Goal hits               : 0
  Truncated episodes      : 1

[BASELINE] Episode 700/7000
  Avg Reward              : 0.000000
  Epsilon (q0, q10)       : 1.000000, 1.000000
  Epsilon (single)        : 0.612521
  Exp q0 % and q10 %      : 0.991461, 0.008539
  Natural q=0→10 updates  : 19
  Waypoint hits           : 19
  Goal hits               : 0
  Truncated episodes      : 1

[BASELINE] Episode 800/7000
  Avg Reward              : 0.000000
  Epsilon (q0, q10)       : 1.000000, 1.000000
  Epsilon (single)        : 0.571097
  Exp q0 % and q10 %      : 0.991163, 0.008837
  Natural q=0→10 updates  : 24
  Waypoint hits           : 24
  Goal hits               : 0
  Truncated episodes      : 1

[BASELINE] Episode 900/7000
  Avg Reward              : 0.000000
  Epsilon (q0, q10)       : 1.000000, 1.000000
  Epsilon (single)        : 0.532474
  Exp q0 % and q10 %      : 0.989857, 0.010143
  Natural q=0→10 updates  : 30
  Waypoint hits           : 30
  Goal hits               : 0
  Truncated episodes      : 1

[BASELINE] Episode 1000/7000
  Avg Reward              : 0.000000
  Epsilon (q0, q10)       : 1.000000, 1.000000
  Epsilon (single)        : 0.496464
  Exp q0 % and q10 %      : 0.990044, 0.009956
  Natural q=0→10 updates  : 32
  Waypoint hits           : 32
  Goal hits               : 0
  Truncated episodes      : 1

[BASELINE] Episode 1100/7000
  Avg Reward              : 0.000000
  Epsilon (q0, q10)       : 1.000000, 1.000000
  Epsilon (single)        : 0.462888
  Exp q0 % and q10 %      : 0.991414, 0.008586
  Natural q=0→10 updates  : 32
  Waypoint hits           : 32
  Goal hits               : 0
  Truncated episodes      : 1

[BASELINE] Episode 1200/7000
  Avg Reward              : 0.000000
  Epsilon (q0, q10)       : 1.000000, 1.000000
  Epsilon (single)        : 0.431584
  Exp q0 % and q10 %      : 0.991618, 0.008382
  Natural q=0→10 updates  : 34
  Waypoint hits           : 34
  Goal hits               : 0
  Truncated episodes      : 4

[BASELINE] Episode 1300/7000
  Avg Reward              : 0.000000
  Epsilon (q0, q10)       : 1.000000, 1.000000
  Epsilon (single)        : 0.402396
  Exp q0 % and q10 %      : 0.991798, 0.008202
  Natural q=0→10 updates  : 35
  Waypoint hits           : 35
  Goal hits               : 0
  Truncated episodes      : 5

[BASELINE] Episode 1400/7000
  Avg Reward              : 0.000000
  Epsilon (q0, q10)       : 1.000000, 1.000000
  Epsilon (single)        : 0.375182
  Exp q0 % and q10 %      : 0.992555, 0.007445
  Natural q=0→10 updates  : 36
  Waypoint hits           : 36
  Goal hits               : 0
  Truncated episodes      : 5

[BASELINE] Episode 1500/7000
  Avg Reward              : 0.000000
  Epsilon (q0, q10)       : 1.000000, 1.000000
  Epsilon (single)        : 0.349809
  Exp q0 % and q10 %      : 0.993605, 0.006395
  Natural q=0→10 updates  : 36
  Waypoint hits           : 36
  Goal hits               : 0
  Truncated episodes      : 15

[BASELINE] Episode 1600/7000
  Avg Reward              : 0.000000
  Epsilon (q0, q10)       : 1.000000, 1.000000
  Epsilon (single)        : 0.326152
  Exp q0 % and q10 %      : 0.991225, 0.008775
  Natural q=0→10 updates  : 43
  Waypoint hits           : 43
  Goal hits               : 0
  Truncated episodes      : 19

[BASELINE] Episode 1700/7000
  Avg Reward              : 0.000000
  Epsilon (q0, q10)       : 1.000000, 1.000000
  Epsilon (single)        : 0.304095
  Exp q0 % and q10 %      : 0.993995, 0.006005
  Natural q=0→10 updates  : 47
  Waypoint hits           : 47
  Goal hits               : 0
  Truncated episodes      : 45

[BASELINE] Episode 1800/7000
  Avg Reward              : 0.000000
  Epsilon (q0, q10)       : 1.000000, 1.000000
  Epsilon (single)        : 0.283529
  Exp q0 % and q10 %      : 0.992460, 0.007540
  Natural q=0→10 updates  : 57
  Waypoint hits           : 57
  Goal hits               : 0
  Truncated episodes      : 78

[BASELINE] Episode 1900/7000
  Avg Reward              : 0.000000
  Epsilon (q0, q10)       : 1.000000, 1.000000
  Epsilon (single)        : 0.264354
  Exp q0 % and q10 %      : 0.992455, 0.007545
  Natural q=0→10 updates  : 58
  Waypoint hits           : 58
  Goal hits               : 0
  Truncated episodes      : 86

[BASELINE] Episode 2000/7000
  Avg Reward              : 0.000000
  Epsilon (q0, q10)       : 1.000000, 1.000000
  Epsilon (single)        : 0.246476
  Exp q0 % and q10 %      : 0.993545, 0.006455
  Natural q=0→10 updates  : 58
  Waypoint hits           : 58
  Goal hits               : 0
  Truncated episodes      : 86

[BASELINE] Episode 2100/7000
  Avg Reward              : 0.000000
  Epsilon (q0, q10)       : 1.000000, 1.000000
  Epsilon (single)        : 0.229807
  Exp q0 % and q10 %      : 0.995065, 0.004935
  Natural q=0→10 updates  : 61
  Waypoint hits           : 61
  Goal hits               : 0
  Truncated episodes      : 94

[BASELINE] Episode 2200/7000
  Avg Reward              : 0.000000
  Epsilon (q0, q10)       : 1.000000, 1.000000
  Epsilon (single)        : 0.214266
  Exp q0 % and q10 %      : 0.994225, 0.005775
  Natural q=0→10 updates  : 73
  Waypoint hits           : 73
  Goal hits               : 0
  Truncated episodes      : 94

[BASELINE] Episode 2300/7000
  Avg Reward              : 0.000000
  Epsilon (q0, q10)       : 1.000000, 1.000000
  Epsilon (single)        : 0.199775
  Exp q0 % and q10 %      : 0.992455, 0.007545
  Natural q=0→10 updates  : 83
  Waypoint hits           : 83
  Goal hits               : 0
  Truncated episodes      : 98

[BASELINE] Episode 2400/7000
  Avg Reward              : 0.000000
  Epsilon (q0, q10)       : 1.000000, 1.000000
  Epsilon (single)        : 0.186264
  Exp q0 % and q10 %      : 0.994110, 0.005890
  Natural q=0→10 updates  : 88
  Waypoint hits           : 88
  Goal hits               : 0
  Truncated episodes      : 98

[BASELINE] Episode 2500/7000
  Avg Reward              : 0.000000
  Epsilon (q0, q10)       : 1.000000, 1.000000
  Epsilon (single)        : 0.173667
  Exp q0 % and q10 %      : 0.994300, 0.005700
  Natural q=0→10 updates  : 90
  Waypoint hits           : 90
  Goal hits               : 0
  Truncated episodes      : 103

[BASELINE] Episode 2600/7000
  Avg Reward              : 0.000000
  Epsilon (q0, q10)       : 1.000000, 1.000000
  Epsilon (single)        : 0.161923
  Exp q0 % and q10 %      : 0.994290, 0.005710
  Natural q=0→10 updates  : 91
  Waypoint hits           : 91
  Goal hits               : 0
  Truncated episodes      : 103

[BASELINE] Episode 2700/7000
  Avg Reward              : 0.000000
  Epsilon (q0, q10)       : 1.000000, 1.000000
  Epsilon (single)        : 0.150972
  Exp q0 % and q10 %      : 0.993525, 0.006475
  Natural q=0→10 updates  : 98
  Waypoint hits           : 98
  Goal hits               : 0
  Truncated episodes      : 103

[BASELINE] Episode 2800/7000
  Avg Reward              : 0.000000
  Epsilon (q0, q10)       : 1.000000, 1.000000
  Epsilon (single)        : 0.140762
  Exp q0 % and q10 %      : 0.993290, 0.006710
  Natural q=0→10 updates  : 103
  Waypoint hits           : 103
  Goal hits               : 0
  Truncated episodes      : 104

[BASELINE] Episode 2900/7000
  Avg Reward              : 0.000000
  Epsilon (q0, q10)       : 1.000000, 1.000000
  Epsilon (single)        : 0.131242
  Exp q0 % and q10 %      : 0.993160, 0.006840
  Natural q=0→10 updates  : 104
  Waypoint hits           : 104
  Goal hits               : 0
  Truncated episodes      : 106

[BASELINE] Episode 3000/7000
  Avg Reward              : 0.000000
  Epsilon (q0, q10)       : 1.000000, 1.000000
  Epsilon (single)        : 0.122366
  Exp q0 % and q10 %      : 0.995615, 0.004385
  Natural q=0→10 updates  : 104
  Waypoint hits           : 104
  Goal hits               : 0
  Truncated episodes      : 106

[BASELINE] Episode 3100/7000
  Avg Reward              : 0.000000
  Epsilon (q0, q10)       : 1.000000, 1.000000
  Epsilon (single)        : 0.114091
  Exp q0 % and q10 %      : 0.997315, 0.002685
  Natural q=0→10 updates  : 106
  Waypoint hits           : 106
  Goal hits               : 0
  Truncated episodes      : 106

[BASELINE] Episode 3200/7000
  Avg Reward              : 0.000000
  Epsilon (q0, q10)       : 1.000000, 1.000000
  Epsilon (single)        : 0.106375
  Exp q0 % and q10 %      : 0.997410, 0.002590
  Natural q=0→10 updates  : 107
  Waypoint hits           : 107
  Goal hits               : 0
  Truncated episodes      : 106

[BASELINE] Episode 3300/7000
  Avg Reward              : 0.000000
  Epsilon (q0, q10)       : 1.000000, 1.000000
  Epsilon (single)        : 0.099181
  Exp q0 % and q10 %      : 0.996630, 0.003370
  Natural q=0→10 updates  : 113
  Waypoint hits           : 113
  Goal hits               : 0
  Truncated episodes      : 106

[BASELINE] Episode 3400/7000
  Avg Reward              : 0.000000
  Epsilon (q0, q10)       : 1.000000, 1.000000
  Epsilon (single)        : 0.092473
  Exp q0 % and q10 %      : 0.996225, 0.003775
  Natural q=0→10 updates  : 121
  Waypoint hits           : 121
  Goal hits               : 0
  Truncated episodes      : 106

[BASELINE] Episode 3500/7000
  Avg Reward              : 0.000000
  Epsilon (q0, q10)       : 1.000000, 1.000000
  Epsilon (single)        : 0.086220
  Exp q0 % and q10 %      : 0.996060, 0.003940
  Natural q=0→10 updates  : 122
  Waypoint hits           : 122
  Goal hits               : 0
  Truncated episodes      : 106

[BASELINE] Episode 3600/7000
  Avg Reward              : 0.000000
  Epsilon (q0, q10)       : 1.000000, 1.000000
  Epsilon (single)        : 0.080389
  Exp q0 % and q10 %      : 0.996360, 0.003640
  Natural q=0→10 updates  : 128
  Waypoint hits           : 128
  Goal hits               : 0
  Truncated episodes      : 106

[BASELINE] Episode 3700/7000
  Avg Reward              : 0.000000
  Epsilon (q0, q10)       : 1.000000, 1.000000
  Epsilon (single)        : 0.074952
  Exp q0 % and q10 %      : 0.996800, 0.003200
  Natural q=0→10 updates  : 129
  Waypoint hits           : 129
  Goal hits               : 0
  Truncated episodes      : 112

[BASELINE] Episode 3800/7000
  Avg Reward              : 0.000000
  Epsilon (q0, q10)       : 1.000000, 1.000000
  Epsilon (single)        : 0.069883
  Exp q0 % and q10 %      : 0.996975, 0.003025
  Natural q=0→10 updates  : 131
  Waypoint hits           : 131
  Goal hits               : 0
  Truncated episodes      : 116

[BASELINE] Episode 3900/7000
  Avg Reward              : 0.000000
  Epsilon (q0, q10)       : 1.000000, 1.000000
  Epsilon (single)        : 0.065157
  Exp q0 % and q10 %      : 0.996360, 0.003640
  Natural q=0→10 updates  : 134
  Waypoint hits           : 134
  Goal hits               : 0
  Truncated episodes      : 117

[BASELINE] Episode 4000/7000
  Avg Reward              : 0.000000
  Epsilon (q0, q10)       : 1.000000, 1.000000
  Epsilon (single)        : 0.060750
  Exp q0 % and q10 %      : 0.997130, 0.002870
  Natural q=0→10 updates  : 135
  Waypoint hits           : 135
  Goal hits               : 0
  Truncated episodes      : 119

[BASELINE] Episode 4100/7000
  Avg Reward              : 0.000000
  Epsilon (q0, q10)       : 1.000000, 1.000000
  Epsilon (single)        : 0.056642
  Exp q0 % and q10 %      : 0.997460, 0.002540
  Natural q=0→10 updates  : 137
  Waypoint hits           : 137
  Goal hits               : 0
  Truncated episodes      : 119

[BASELINE] Episode 4200/7000
  Avg Reward              : 0.000000
  Epsilon (q0, q10)       : 1.000000, 1.000000
  Epsilon (single)        : 0.052811
  Exp q0 % and q10 %      : 0.997360, 0.002640
  Natural q=0→10 updates  : 138
  Waypoint hits           : 138
  Goal hits               : 0
  Truncated episodes      : 120

[BASELINE] Episode 4300/7000
  Avg Reward              : 0.000000
  Epsilon (q0, q10)       : 1.000000, 1.000000
  Epsilon (single)        : 0.049240
  Exp q0 % and q10 %      : 0.996885, 0.003115
  Natural q=0→10 updates  : 141
  Waypoint hits           : 141
  Goal hits               : 0
  Truncated episodes      : 120

[BASELINE] Episode 4400/7000
  Avg Reward              : 0.000000
  Epsilon (q0, q10)       : 1.000000, 1.000000
  Epsilon (single)        : 0.045910
  Exp q0 % and q10 %      : 0.996885, 0.003115
  Natural q=0→10 updates  : 141
  Waypoint hits           : 141
  Goal hits               : 0
  Truncated episodes      : 120

[BASELINE] Episode 4500/7000
  Avg Reward              : 0.000000
  Epsilon (q0, q10)       : 1.000000, 1.000000
  Epsilon (single)        : 0.042805
  Exp q0 % and q10 %      : 0.996685, 0.003315
  Natural q=0→10 updates  : 143
  Waypoint hits           : 143
  Goal hits               : 0
  Truncated episodes      : 120

[BASELINE] Episode 4600/7000
  Avg Reward              : 0.000000
  Epsilon (q0, q10)       : 1.000000, 1.000000
  Epsilon (single)        : 0.039910
  Exp q0 % and q10 %      : 0.996715, 0.003285
  Natural q=0→10 updates  : 143
  Waypoint hits           : 143
  Goal hits               : 0
  Truncated episodes      : 120

[BASELINE] Episode 4700/7000
  Avg Reward              : 0.000000
  Epsilon (q0, q10)       : 1.000000, 1.000000
  Epsilon (single)        : 0.037211
  Exp q0 % and q10 %      : 0.996425, 0.003575
  Natural q=0→10 updates  : 145
  Waypoint hits           : 145
  Goal hits               : 0
  Truncated episodes      : 120

[BASELINE] Episode 4800/7000
  Avg Reward              : 0.000000
  Epsilon (q0, q10)       : 1.000000, 1.000000
  Epsilon (single)        : 0.034694
  Exp q0 % and q10 %      : 0.996610, 0.003390
  Natural q=0→10 updates  : 146
  Waypoint hits           : 146
  Goal hits               : 0
  Truncated episodes      : 120

[BASELINE] Episode 4900/7000
  Avg Reward              : 0.000000
  Epsilon (q0, q10)       : 1.000000, 1.000000
  Epsilon (single)        : 0.032348
  Exp q0 % and q10 %      : 0.996610, 0.003390
  Natural q=0→10 updates  : 146
  Waypoint hits           : 146
  Goal hits               : 0
  Truncated episodes      : 120

[BASELINE] Episode 5000/7000
  Avg Reward              : 0.000000
  Epsilon (q0, q10)       : 1.000000, 1.000000
  Epsilon (single)        : 0.030160
  Exp q0 % and q10 %      : 0.996780, 0.003220
  Natural q=0→10 updates  : 147
  Waypoint hits           : 147
  Goal hits               : 0
  Truncated episodes      : 120

[BASELINE] Episode 5100/7000
  Avg Reward              : 0.000000
  Epsilon (q0, q10)       : 1.000000, 1.000000
  Epsilon (single)        : 0.028121
  Exp q0 % and q10 %      : 0.997880, 0.002120
  Natural q=0→10 updates  : 149
  Waypoint hits           : 149
  Goal hits               : 0
  Truncated episodes      : 120

[BASELINE] Episode 5200/7000
  Avg Reward              : 0.000000
  Epsilon (q0, q10)       : 1.000000, 1.000000
  Epsilon (single)        : 0.026219
  Exp q0 % and q10 %      : 0.997625, 0.002375
  Natural q=0→10 updates  : 152
  Waypoint hits           : 152
  Goal hits               : 0
  Truncated episodes      : 120

[BASELINE] Episode 5300/7000
  Avg Reward              : 0.000000
  Epsilon (q0, q10)       : 1.000000, 1.000000
  Epsilon (single)        : 0.024446
  Exp q0 % and q10 %      : 0.997995, 0.002005
  Natural q=0→10 updates  : 153
  Waypoint hits           : 153
  Goal hits               : 0
  Truncated episodes      : 120

[BASELINE] Episode 5400/7000
  Avg Reward              : 0.000000
  Epsilon (q0, q10)       : 1.000000, 1.000000
  Epsilon (single)        : 0.022793
  Exp q0 % and q10 %      : 0.997950, 0.002050
  Natural q=0→10 updates  : 157
  Waypoint hits           : 157
  Goal hits               : 0
  Truncated episodes      : 120

[BASELINE] Episode 5500/7000
  Avg Reward              : 0.000000
  Epsilon (q0, q10)       : 1.000000, 1.000000
  Epsilon (single)        : 0.021251
  Exp q0 % and q10 %      : 0.997620, 0.002380
  Natural q=0→10 updates  : 163
  Waypoint hits           : 163
  Goal hits               : 0
  Truncated episodes      : 120

[BASELINE] Episode 5600/7000
  Avg Reward              : 0.000000
  Epsilon (q0, q10)       : 1.000000, 1.000000
  Epsilon (single)        : 0.019814
  Exp q0 % and q10 %      : 0.996475, 0.003525
  Natural q=0→10 updates  : 167
  Waypoint hits           : 167
  Goal hits               : 0
  Truncated episodes      : 120

[BASELINE] Episode 5700/7000
  Avg Reward              : 0.000000
  Epsilon (q0, q10)       : 1.000000, 1.000000
  Epsilon (single)        : 0.018474
  Exp q0 % and q10 %      : 0.995715, 0.004285
  Natural q=0→10 updates  : 173
  Waypoint hits           : 173
  Goal hits               : 0
  Truncated episodes      : 120

[BASELINE] Episode 5800/7000
  Avg Reward              : 0.000000
  Epsilon (q0, q10)       : 1.000000, 1.000000
  Epsilon (single)        : 0.017225
  Exp q0 % and q10 %      : 0.995715, 0.004285
  Natural q=0→10 updates  : 173
  Waypoint hits           : 173
  Goal hits               : 0
  Truncated episodes      : 120

[BASELINE] Episode 5900/7000
  Avg Reward              : 0.000000
  Epsilon (q0, q10)       : 1.000000, 1.000000
  Epsilon (single)        : 0.016060
  Exp q0 % and q10 %      : 0.996005, 0.003995
  Natural q=0→10 updates  : 173
  Waypoint hits           : 173
  Goal hits               : 0
  Truncated episodes      : 120

[BASELINE] Episode 6000/7000
  Avg Reward              : 0.000000
  Epsilon (q0, q10)       : 1.000000, 1.000000
  Epsilon (single)        : 0.014974
  Exp q0 % and q10 %      : 0.996005, 0.003995
  Natural q=0→10 updates  : 173
  Waypoint hits           : 173
  Goal hits               : 0
  Truncated episodes      : 120

[BASELINE] Episode 6100/7000
  Avg Reward              : 0.000000
  Epsilon (q0, q10)       : 1.000000, 1.000000
  Epsilon (single)        : 0.013961
  Exp q0 % and q10 %      : 0.995680, 0.004320
  Natural q=0→10 updates  : 175
  Waypoint hits           : 175
  Goal hits               : 0
  Truncated episodes      : 120

[BASELINE] Episode 6200/7000
  Avg Reward              : 0.000000
  Epsilon (q0, q10)       : 1.000000, 1.000000
  Epsilon (single)        : 0.013017
  Exp q0 % and q10 %      : 0.995460, 0.004540
  Natural q=0→10 updates  : 176
  Waypoint hits           : 176
  Goal hits               : 0
  Truncated episodes      : 120

[BASELINE] Episode 6300/7000
  Avg Reward              : 0.000000
  Epsilon (q0, q10)       : 1.000000, 1.000000
  Epsilon (single)        : 0.012136
  Exp q0 % and q10 %      : 0.994855, 0.005145
  Natural q=0→10 updates  : 180
  Waypoint hits           : 180
  Goal hits               : 0
  Truncated episodes      : 120

[BASELINE] Episode 6400/7000
  Avg Reward              : 0.000000
  Epsilon (q0, q10)       : 1.000000, 1.000000
  Epsilon (single)        : 0.011316
  Exp q0 % and q10 %      : 0.994485, 0.005515
  Natural q=0→10 updates  : 185
  Waypoint hits           : 185
  Goal hits               : 0
  Truncated episodes      : 120

[BASELINE] Episode 6500/7000
  Avg Reward              : 0.000000
  Epsilon (q0, q10)       : 1.000000, 1.000000
  Epsilon (single)        : 0.010550
  Exp q0 % and q10 %      : 0.994485, 0.005515
  Natural q=0→10 updates  : 185
  Waypoint hits           : 185
  Goal hits               : 0
  Truncated episodes      : 120

[BASELINE] Episode 6600/7000
  Avg Reward              : 0.000000
  Epsilon (q0, q10)       : 1.000000, 1.000000
  Epsilon (single)        : 0.010000
  Exp q0 % and q10 %      : 0.994265, 0.005735
  Natural q=0→10 updates  : 187
  Waypoint hits           : 187
  Goal hits               : 0
  Truncated episodes      : 120

[BASELINE] Episode 6700/7000
  Avg Reward              : 0.000000
  Epsilon (q0, q10)       : 1.000000, 1.000000
  Epsilon (single)        : 0.010000
  Exp q0 % and q10 %      : 0.994520, 0.005480
  Natural q=0→10 updates  : 187
  Waypoint hits           : 187
  Goal hits               : 0
  Truncated episodes      : 120

[BASELINE] Episode 6800/7000
  Avg Reward              : 0.000000
  Epsilon (q0, q10)       : 1.000000, 1.000000
  Epsilon (single)        : 0.010000
  Exp q0 % and q10 %      : 0.994520, 0.005480
  Natural q=0→10 updates  : 187
  Waypoint hits           : 187
  Goal hits               : 0
  Truncated episodes      : 120

[BASELINE] Episode 6900/7000
  Avg Reward              : 0.000000
  Epsilon (q0, q10)       : 1.000000, 1.000000
  Epsilon (single)        : 0.010000
  Exp q0 % and q10 %      : 0.994520, 0.005480
  Natural q=0→10 updates  : 187
  Waypoint hits           : 187
  Goal hits               : 0
  Truncated episodes      : 120

[BASELINE] Episode 7000/7000
  Avg Reward              : 0.000000
  Epsilon (q0, q10)       : 1.000000, 1.000000
  Epsilon (single)        : 0.010000
  Exp q0 % and q10 %      : 0.994715, 0.005285
  Natural q=0→10 updates  : 187
  Waypoint hits           : 187
  Goal hits               : 0
  Truncated episodes      : 120

