==================================================
STARTING NEW TRAINING RUN
==================================================
[SHAPING] Episode 100/7000
  Avg Reward              : 0.000000
 Avg With Shaping Reward : -344.458117
  Epsilon (q0, q10)       : 0.904792, 1.000000
  Epsilon (single)        : 1.000000
  Exp q0 % and q10 %      : 0.995592, 0.004408
  Natural q=0→10 updates  : 2
  Waypoint hits           : 2
  Goal hits               : 0
  Truncated episodes      : 0

[SHAPING] Episode 200/7000
  Avg Reward              : 0.000000
 Avg With Shaping Reward : -327.868435
  Epsilon (q0, q10)       : 0.818649, 1.000000
  Epsilon (single)        : 1.000000
  Exp q0 % and q10 %      : 0.994541, 0.005459
  Natural q=0→10 updates  : 5
  Waypoint hits           : 5
  Goal hits               : 0
  Truncated episodes      : 0

[SHAPING] Episode 300/7000
  Avg Reward              : 0.000000
 Avg With Shaping Reward : -276.286788
  Epsilon (q0, q10)       : 0.740707, 1.000000
  Epsilon (single)        : 1.000000
  Exp q0 % and q10 %      : 0.993077, 0.006923
  Natural q=0→10 updates  : 10
  Waypoint hits           : 10
  Goal hits               : 0
  Truncated episodes      : 0

[SHAPING] Episode 400/7000
  Avg Reward              : 0.000000
 Avg With Shaping Reward : -229.775774
  Epsilon (q0, q10)       : 0.670186, 1.000000
  Epsilon (single)        : 1.000000
  Exp q0 % and q10 %      : 0.991380, 0.008620
  Natural q=0→10 updates  : 16
  Waypoint hits           : 16
  Goal hits               : 0
  Truncated episodes      : 0

[SHAPING] Episode 500/7000
  Avg Reward              : 0.000000
 Avg With Shaping Reward : -196.483608
  Epsilon (q0, q10)       : 0.606379, 1.000000
  Epsilon (single)        : 1.000000
  Exp q0 % and q10 %      : 0.990843, 0.009157
  Natural q=0→10 updates  : 22
  Waypoint hits           : 22
  Goal hits               : 0
  Truncated episodes      : 0

[SHAPING] Episode 600/7000
  Avg Reward              : 0.000000
 Avg With Shaping Reward : -301.301403
  Epsilon (q0, q10)       : 0.548647, 1.000000
  Epsilon (single)        : 1.000000
  Exp q0 % and q10 %      : 0.990786, 0.009214
  Natural q=0→10 updates  : 26
  Waypoint hits           : 26
  Goal hits               : 0
  Truncated episodes      : 0

[SHAPING] Episode 700/7000
  Avg Reward              : 0.000000
 Avg With Shaping Reward : -348.861981
  Epsilon (q0, q10)       : 0.496411, 1.000000
  Epsilon (single)        : 1.000000
  Exp q0 % and q10 %      : 0.993086, 0.006914
  Natural q=0→10 updates  : 26
  Waypoint hits           : 26
  Goal hits               : 0
  Truncated episodes      : 0

[SHAPING] Episode 800/7000
  Avg Reward              : 0.000000
 Avg With Shaping Reward : -196.242057
  Epsilon (q0, q10)       : 0.449149, 1.000000
  Epsilon (single)        : 1.000000
  Exp q0 % and q10 %      : 0.991207, 0.008793
  Natural q=0→10 updates  : 30
  Waypoint hits           : 30
  Goal hits               : 0
  Truncated episodes      : 0

[SHAPING] Episode 900/7000
  Avg Reward              : 0.000000
 Avg With Shaping Reward : -249.443223
  Epsilon (q0, q10)       : 0.406387, 1.000000
  Epsilon (single)        : 1.000000
  Exp q0 % and q10 %      : 0.991677, 0.008323
  Natural q=0→10 updates  : 39
  Waypoint hits           : 39
  Goal hits               : 0
  Truncated episodes      : 2

[SHAPING] Episode 1000/7000
  Avg Reward              : 0.000000
 Avg With Shaping Reward : -258.022595
  Epsilon (q0, q10)       : 0.367695, 1.000000
  Epsilon (single)        : 1.000000
  Exp q0 % and q10 %      : 0.991383, 0.008617
  Natural q=0→10 updates  : 47
  Waypoint hits           : 47
  Goal hits               : 0
  Truncated episodes      : 15

[SHAPING] Episode 1100/7000
  Avg Reward              : 0.000000
 Avg With Shaping Reward : 78.820702
  Epsilon (q0, q10)       : 0.332688, 1.000000
  Epsilon (single)        : 1.000000
  Exp q0 % and q10 %      : 0.989037, 0.010963
  Natural q=0→10 updates  : 73
  Waypoint hits           : 73
  Goal hits               : 0
  Truncated episodes      : 15

[SHAPING] Episode 1200/7000
  Avg Reward              : 0.000000
 Avg With Shaping Reward : 91.114776
  Epsilon (q0, q10)       : 0.301013, 1.000000
  Epsilon (single)        : 1.000000
  Exp q0 % and q10 %      : 0.981535, 0.018465
  Natural q=0→10 updates  : 104
  Waypoint hits           : 104
  Goal hits               : 0
  Truncated episodes      : 15

[SHAPING] Episode 1300/7000
  Avg Reward              : 0.000000
 Avg With Shaping Reward : 100.870344
  Epsilon (q0, q10)       : 0.272355, 1.000000
  Epsilon (single)        : 1.000000
  Exp q0 % and q10 %      : 0.969825, 0.030175
  Natural q=0→10 updates  : 141
  Waypoint hits           : 141
  Goal hits               : 0
  Truncated episodes      : 19

[SHAPING] Episode 1400/7000
  Avg Reward              : 0.000000
 Avg With Shaping Reward : 136.794694
  Epsilon (q0, q10)       : 0.246424, 1.000000
  Epsilon (single)        : 1.000000
  Exp q0 % and q10 %      : 0.955785, 0.044215
  Natural q=0→10 updates  : 185
  Waypoint hits           : 185
  Goal hits               : 0
  Truncated episodes      : 22

[SHAPING] Episode 1500/7000
  Avg Reward              : 0.000000
 Avg With Shaping Reward : 217.142737
  Epsilon (q0, q10)       : 0.222963, 1.000000
  Epsilon (single)        : 1.000000
  Exp q0 % and q10 %      : 0.932710, 0.067290
  Natural q=0→10 updates  : 247
  Waypoint hits           : 247
  Goal hits               : 0
  Truncated episodes      : 22

[SHAPING] Episode 1600/7000
  Avg Reward              : 0.000000
 Avg With Shaping Reward : 246.929874
  Epsilon (q0, q10)       : 0.201735, 1.000000
  Epsilon (single)        : 1.000000
  Exp q0 % and q10 %      : 0.908410, 0.091590
  Natural q=0→10 updates  : 317
  Waypoint hits           : 317
  Goal hits               : 0
  Truncated episodes      : 27

[SHAPING] Episode 1700/7000
  Avg Reward              : 0.000000
 Avg With Shaping Reward : 261.428741
  Epsilon (q0, q10)       : 0.182528, 1.000000
  Epsilon (single)        : 1.000000
  Exp q0 % and q10 %      : 0.874715, 0.125285
  Natural q=0→10 updates  : 406
  Waypoint hits           : 406
  Goal hits               : 0
  Truncated episodes      : 27

[SHAPING] Episode 1800/7000
  Avg Reward              : 0.000000
 Avg With Shaping Reward : 249.496919
  Epsilon (q0, q10)       : 0.165150, 1.000000
  Epsilon (single)        : 1.000000
  Exp q0 % and q10 %      : 0.840810, 0.159190
  Natural q=0→10 updates  : 498
  Waypoint hits           : 498
  Goal hits               : 0
  Truncated episodes      : 27

[SHAPING] Episode 1900/7000
  Avg Reward              : 0.000000
 Avg With Shaping Reward : 284.345082
  Epsilon (q0, q10)       : 0.149427, 1.000000
  Epsilon (single)        : 1.000000
  Exp q0 % and q10 %      : 0.805685, 0.194315
  Natural q=0→10 updates  : 594
  Waypoint hits           : 594
  Goal hits               : 0
  Truncated episodes      : 27

[SHAPING] Episode 2000/7000
  Avg Reward              : 0.000000
 Avg With Shaping Reward : 275.216840
  Epsilon (q0, q10)       : 0.135200, 1.000000
  Epsilon (single)        : 1.000000
  Exp q0 % and q10 %      : 0.775885, 0.224115
  Natural q=0→10 updates  : 692
  Waypoint hits           : 692
  Goal hits               : 0
  Truncated episodes      : 27

[SHAPING] Episode 2100/7000
  Avg Reward              : 0.000000
 Avg With Shaping Reward : 267.139813
  Epsilon (q0, q10)       : 0.122328, 1.000000
  Epsilon (single)        : 1.000000
  Exp q0 % and q10 %      : 0.750590, 0.249410
  Natural q=0→10 updates  : 787
  Waypoint hits           : 787
  Goal hits               : 0
  Truncated episodes      : 27

[SHAPING] Episode 2200/7000
  Avg Reward              : 0.000000
 Avg With Shaping Reward : 244.489170
  Epsilon (q0, q10)       : 0.110681, 1.000000
  Epsilon (single)        : 1.000000
  Exp q0 % and q10 %      : 0.726995, 0.273005
  Natural q=0→10 updates  : 875
  Waypoint hits           : 875
  Goal hits               : 0
  Truncated episodes      : 27

[SHAPING] Episode 2300/7000
  Avg Reward              : 0.000000
 Avg With Shaping Reward : 275.965815
  Epsilon (q0, q10)       : 0.100144, 1.000000
  Epsilon (single)        : 1.000000
  Exp q0 % and q10 %      : 0.714345, 0.285655
  Natural q=0→10 updates  : 965
  Waypoint hits           : 965
  Goal hits               : 0
  Truncated episodes      : 27

[SHAPING] Episode 2400/7000
  Avg Reward              : 0.000000
 Avg With Shaping Reward : 269.678540
  Epsilon (q0, q10)       : 0.090609, 1.000000
  Epsilon (single)        : 1.000000
  Exp q0 % and q10 %      : 0.696865, 0.303135
  Natural q=0→10 updates  : 1056
  Waypoint hits           : 1056
  Goal hits               : 0
  Truncated episodes      : 27

[SHAPING] Episode 2500/7000
  Avg Reward              : 0.000000
 Avg With Shaping Reward : 280.598180
  Epsilon (q0, q10)       : 0.081982, 1.000000
  Epsilon (single)        : 1.000000
  Exp q0 % and q10 %      : 0.695805, 0.304195
  Natural q=0→10 updates  : 1153
  Waypoint hits           : 1153
  Goal hits               : 0
  Truncated episodes      : 27

[SHAPING] Episode 2600/7000
  Avg Reward              : 0.000000
 Avg With Shaping Reward : 270.647794
  Epsilon (q0, q10)       : 0.074177, 1.000000
  Epsilon (single)        : 1.000000
  Exp q0 % and q10 %      : 0.697825, 0.302175
  Natural q=0→10 updates  : 1242
  Waypoint hits           : 1242
  Goal hits               : 0
  Truncated episodes      : 27

[SHAPING] Episode 2700/7000
  Avg Reward              : 0.000000
 Avg With Shaping Reward : 266.812281
  Epsilon (q0, q10)       : 0.067115, 1.000000
  Epsilon (single)        : 1.000000
  Exp q0 % and q10 %      : 0.703260, 0.296740
  Natural q=0→10 updates  : 1331
  Waypoint hits           : 1331
  Goal hits               : 0
  Truncated episodes      : 27

[SHAPING] Episode 2800/7000
  Avg Reward              : 0.000000
 Avg With Shaping Reward : 241.317970
  Epsilon (q0, q10)       : 0.060725, 1.000000
  Epsilon (single)        : 1.000000
  Exp q0 % and q10 %      : 0.714480, 0.285520
  Natural q=0→10 updates  : 1415
  Waypoint hits           : 1415
  Goal hits               : 0
  Truncated episodes      : 27

[SHAPING] Episode 2900/7000
  Avg Reward              : 0.000000
 Avg With Shaping Reward : 225.364284
  Epsilon (q0, q10)       : 0.054943, 1.000000
  Epsilon (single)        : 1.000000
  Exp q0 % and q10 %      : 0.731645, 0.268355
  Natural q=0→10 updates  : 1490
  Waypoint hits           : 1490
  Goal hits               : 0
  Truncated episodes      : 27

[SHAPING] Episode 3000/7000
  Avg Reward              : 0.000000
 Avg With Shaping Reward : 266.765864
  Epsilon (q0, q10)       : 0.049712, 0.996006
  Epsilon (single)        : 1.000000
  Exp q0 % and q10 %      : 0.727915, 0.272085
  Natural q=0→10 updates  : 1581
  Waypoint hits           : 1581
  Goal hits               : 0
  Truncated episodes      : 29

[SHAPING] Episode 3100/7000
  Avg Reward              : 0.000000
 Avg With Shaping Reward : 280.626049
  Epsilon (q0, q10)       : 0.044979, 0.902983
  Epsilon (single)        : 1.000000
  Exp q0 % and q10 %      : 0.727230, 0.272770
  Natural q=0→10 updates  : 1679
  Waypoint hits           : 1679
  Goal hits               : 0
  Truncated episodes      : 29

[SHAPING] Episode 3200/7000
  Avg Reward              : 0.000000
 Avg With Shaping Reward : 254.591579
  Epsilon (q0, q10)       : 0.040697, 0.821110
  Epsilon (single)        : 1.000000
  Exp q0 % and q10 %      : 0.713985, 0.286015
  Natural q=0→10 updates  : 1774
  Waypoint hits           : 1774
  Goal hits               : 0
  Truncated episodes      : 29

[SHAPING] Episode 3300/7000
  Avg Reward              : 0.000000
 Avg With Shaping Reward : 194.830815
  Epsilon (q0, q10)       : 0.036822, 0.752660
  Epsilon (single)        : 1.000000
  Exp q0 % and q10 %      : 0.700320, 0.299680
  Natural q=0→10 updates  : 1861
  Waypoint hits           : 1861
  Goal hits               : 0
  Truncated episodes      : 30

[SHAPING] Episode 3400/7000
  Avg Reward              : 0.000000
 Avg With Shaping Reward : 238.525081
  Epsilon (q0, q10)       : 0.033317, 0.687160
  Epsilon (single)        : 1.000000
  Exp q0 % and q10 %      : 0.690240, 0.309760
  Natural q=0→10 updates  : 1952
  Waypoint hits           : 1952
  Goal hits               : 0
  Truncated episodes      : 30

[SHAPING] Episode 3500/7000
  Avg Reward              : 0.000000
 Avg With Shaping Reward : 273.443897
  Epsilon (q0, q10)       : 0.030145, 0.623606
  Epsilon (single)        : 1.000000
  Exp q0 % and q10 %      : 0.667575, 0.332425
  Natural q=0→10 updates  : 2049
  Waypoint hits           : 2049
  Goal hits               : 0
  Truncated episodes      : 30

[SHAPING] Episode 3600/7000
  Avg Reward              : 0.000000
 Avg With Shaping Reward : 280.598180
  Epsilon (q0, q10)       : 0.027275, 0.564799
  Epsilon (single)        : 1.000000
  Exp q0 % and q10 %      : 0.638945, 0.361055
  Natural q=0→10 updates  : 2148
  Waypoint hits           : 2148
  Goal hits               : 0
  Truncated episodes      : 31

[SHAPING] Episode 3700/7000
  Avg Reward              : 0.000000
 Avg With Shaping Reward : 242.359634
  Epsilon (q0, q10)       : 0.024678, 0.514102
  Epsilon (single)        : 1.000000
  Exp q0 % and q10 %      : 0.600245, 0.399755
  Natural q=0→10 updates  : 2242
  Waypoint hits           : 2242
  Goal hits               : 0
  Truncated episodes      : 36

[SHAPING] Episode 3800/7000
  Avg Reward              : 0.000000
 Avg With Shaping Reward : 150.192374
  Epsilon (q0, q10)       : 0.022328, 0.477415
  Epsilon (single)        : 1.000000
  Exp q0 % and q10 %      : 0.601190, 0.398810
  Natural q=0→10 updates  : 2316
  Waypoint hits           : 2316
  Goal hits               : 0
  Truncated episodes      : 42

[SHAPING] Episode 3900/7000
  Avg Reward              : 100.000000
 Avg With Shaping Reward : 298.572432
  Epsilon (q0, q10)       : 0.020202, 0.444233
  Epsilon (single)        : 1.000000
  Exp q0 % and q10 %      : 0.618845, 0.381155
  Natural q=0→10 updates  : 2388
  Waypoint hits           : 2388
  Goal hits               : 1
  Truncated episodes      : 47

[SHAPING] Episode 4000/7000
  Avg Reward              : 300.000000
 Avg With Shaping Reward : 515.704498
  Epsilon (q0, q10)       : 0.018279, 0.412531
  Epsilon (single)        : 1.000000
  Exp q0 % and q10 %      : 0.598625, 0.401375
  Natural q=0→10 updates  : 2462
  Waypoint hits           : 2462
  Goal hits               : 4
  Truncated episodes      : 48

[SHAPING] Episode 4100/7000
  Avg Reward              : 200.000000
 Avg With Shaping Reward : 623.319192
  Epsilon (q0, q10)       : 0.016539, 0.374003
  Epsilon (single)        : 1.000000
  Exp q0 % and q10 %      : 0.594165, 0.405835
  Natural q=0→10 updates  : 2560
  Waypoint hits           : 2560
  Goal hits               : 6
  Truncated episodes      : 49

[SHAPING] Episode 4200/7000
  Avg Reward              : 1000.000000
 Avg With Shaping Reward : 1528.234647
  Epsilon (q0, q10)       : 0.014964, 0.341114
  Epsilon (single)        : 1.000000
  Exp q0 % and q10 %      : 0.593645, 0.406355
  Natural q=0→10 updates  : 2652
  Waypoint hits           : 2652
  Goal hits               : 16
  Truncated episodes      : 50

[SHAPING] Episode 4300/7000
  Avg Reward              : 1300.000000
 Avg With Shaping Reward : 1893.264228
  Epsilon (q0, q10)       : 0.013539, 0.311429
  Epsilon (single)        : 1.000000
  Exp q0 % and q10 %      : 0.582600, 0.417400
  Natural q=0→10 updates  : 2743
  Waypoint hits           : 2743
  Goal hits               : 29
  Truncated episodes      : 50

[SHAPING] Episode 4400/7000
  Avg Reward              : 2400.000000
 Avg With Shaping Reward : 3059.352217
  Epsilon (q0, q10)       : 0.012250, 0.285468
  Epsilon (single)        : 1.000000
  Exp q0 % and q10 %      : 0.549885, 0.450115
  Natural q=0→10 updates  : 2830
  Waypoint hits           : 2830
  Goal hits               : 53
  Truncated episodes      : 56

[SHAPING] Episode 4500/7000
  Avg Reward              : 3300.000000
 Avg With Shaping Reward : 3887.755629
  Epsilon (q0, q10)       : 0.011084, 0.265627
  Epsilon (single)        : 1.000000
  Exp q0 % and q10 %      : 0.536850, 0.463150
  Natural q=0→10 updates  : 2902
  Waypoint hits           : 2902
  Goal hits               : 86
  Truncated episodes      : 56

[SHAPING] Episode 4600/7000
  Avg Reward              : 3700.000000
 Avg With Shaping Reward : 4216.084798
  Epsilon (q0, q10)       : 0.010029, 0.246424
  Epsilon (single)        : 1.000000
  Exp q0 % and q10 %      : 0.532505, 0.467495
  Natural q=0→10 updates  : 2977
  Waypoint hits           : 2977
  Goal hits               : 123
  Truncated episodes      : 58

[SHAPING] Episode 4700/7000
  Avg Reward              : 6400.000000
 Avg With Shaping Reward : 7213.073536
  Epsilon (q0, q10)       : 0.010000, 0.224305
  Epsilon (single)        : 1.000000
  Exp q0 % and q10 %      : 0.502540, 0.497460
  Natural q=0→10 updates  : 3071
  Waypoint hits           : 3071
  Goal hits               : 187
  Truncated episodes      : 61

[SHAPING] Episode 4800/7000
  Avg Reward              : 5700.000000
 Avg With Shaping Reward : 6431.861999
  Epsilon (q0, q10)       : 0.010000, 0.206018
  Epsilon (single)        : 1.000000
  Exp q0 % and q10 %      : 0.494390, 0.505610
  Natural q=0→10 updates  : 3156
  Waypoint hits           : 3156
  Goal hits               : 244
  Truncated episodes      : 65

[SHAPING] Episode 4900/7000
  Avg Reward              : 7100.000000
 Avg With Shaping Reward : 7899.559987
  Epsilon (q0, q10)       : 0.010000, 0.188467
  Epsilon (single)        : 1.000000
  Exp q0 % and q10 %      : 0.487685, 0.512315
  Natural q=0→10 updates  : 3245
  Waypoint hits           : 3245
  Goal hits               : 315
  Truncated episodes      : 65

[SHAPING] Episode 5000/7000
  Avg Reward              : 5900.000000
 Avg With Shaping Reward : 6488.245974
  Epsilon (q0, q10)       : 0.010000, 0.175368
  Epsilon (single)        : 1.000000
  Exp q0 % and q10 %      : 0.506655, 0.493345
  Natural q=0→10 updates  : 3317
  Waypoint hits           : 3317
  Goal hits               : 374
  Truncated episodes      : 65

[SHAPING] Episode 5100/7000
  Avg Reward              : 5000.000000
 Avg With Shaping Reward : 5569.031496
  Epsilon (q0, q10)       : 0.010000, 0.164820
  Epsilon (single)        : 1.000000
  Exp q0 % and q10 %      : 0.549435, 0.450565
  Natural q=0→10 updates  : 3379
  Waypoint hits           : 3379
  Goal hits               : 424
  Truncated episodes      : 65

[SHAPING] Episode 5200/7000
  Avg Reward              : 4400.000000
 Avg With Shaping Reward : 4882.218551
  Epsilon (q0, q10)       : 0.010000, 0.155684
  Epsilon (single)        : 1.000000
  Exp q0 % and q10 %      : 0.585025, 0.414975
  Natural q=0→10 updates  : 3436
  Waypoint hits           : 3436
  Goal hits               : 468
  Truncated episodes      : 66

[SHAPING] Episode 5300/7000
  Avg Reward              : 6600.000000
 Avg With Shaping Reward : 7228.474410
  Epsilon (q0, q10)       : 0.010000, 0.144863
  Epsilon (single)        : 1.000000
  Exp q0 % and q10 %      : 0.625515, 0.374485
  Natural q=0→10 updates  : 3508
  Waypoint hits           : 3508
  Goal hits               : 534
  Truncated episodes      : 66

[SHAPING] Episode 5400/7000
  Avg Reward              : 3700.000000
 Avg With Shaping Reward : 4049.226763
  Epsilon (q0, q10)       : 0.010000, 0.137244
  Epsilon (single)        : 1.000000
  Exp q0 % and q10 %      : 0.651290, 0.348710
  Natural q=0→10 updates  : 3562
  Waypoint hits           : 3562
  Goal hits               : 571
  Truncated episodes      : 66

[SHAPING] Episode 5500/7000
  Avg Reward              : 5800.000000
 Avg With Shaping Reward : 6568.153962
  Epsilon (q0, q10)       : 0.010000, 0.125803
  Epsilon (single)        : 1.000000
  Exp q0 % and q10 %      : 0.669300, 0.330700
  Natural q=0→10 updates  : 3649
  Waypoint hits           : 3649
  Goal hits               : 629
  Truncated episodes      : 73

[SHAPING] Episode 5600/7000
  Avg Reward              : 4700.000000
 Avg With Shaping Reward : 5037.724542
  Epsilon (q0, q10)       : 0.010000, 0.119665
  Epsilon (single)        : 1.000000
  Exp q0 % and q10 %      : 0.690405, 0.309595
  Natural q=0→10 updates  : 3699
  Waypoint hits           : 3699
  Goal hits               : 676
  Truncated episodes      : 73

[SHAPING] Episode 5700/7000
  Avg Reward              : 3200.000000
 Avg With Shaping Reward : 3238.510280
  Epsilon (q0, q10)       : 0.010000, 0.115431
  Epsilon (single)        : 1.000000
  Exp q0 % and q10 %      : 0.703045, 0.296955
  Natural q=0→10 updates  : 3735
  Waypoint hits           : 3735
  Goal hits               : 708
  Truncated episodes      : 73

[SHAPING] Episode 5800/7000
  Avg Reward              : 4200.000000
 Avg With Shaping Reward : 4585.072294
  Epsilon (q0, q10)       : 0.010000, 0.109689
  Epsilon (single)        : 1.000000
  Exp q0 % and q10 %      : 0.693385, 0.306615
  Natural q=0→10 updates  : 3786
  Waypoint hits           : 3786
  Goal hits               : 750
  Truncated episodes      : 75

[SHAPING] Episode 5900/7000
  Avg Reward              : 6900.000000
 Avg With Shaping Reward : 7677.536356
  Epsilon (q0, q10)       : 0.010000, 0.100847
  Epsilon (single)        : 1.000000
  Exp q0 % and q10 %      : 0.676515, 0.323485
  Natural q=0→10 updates  : 3870
  Waypoint hits           : 3870
  Goal hits               : 819
  Truncated episodes      : 75

[SHAPING] Episode 6000/7000
  Avg Reward              : 9100.000000
 Avg With Shaping Reward : 10051.259791
  Epsilon (q0, q10)       : 0.010000, 0.091887
  Epsilon (single)        : 1.000000
  Exp q0 % and q10 %      : 0.665420, 0.334580
  Natural q=0→10 updates  : 3963
  Waypoint hits           : 3963
  Goal hits               : 910
  Truncated episodes      : 75

[SHAPING] Episode 6100/7000
  Avg Reward              : 7600.000000
 Avg With Shaping Reward : 8540.228289
  Epsilon (q0, q10)       : 0.010000, 0.083389
  Epsilon (single)        : 1.000000
  Exp q0 % and q10 %      : 0.646245, 0.353755
  Natural q=0→10 updates  : 4060
  Waypoint hits           : 4060
  Goal hits               : 986
  Truncated episodes      : 75

[SHAPING] Episode 6200/7000
  Avg Reward              : 8900.000000
 Avg With Shaping Reward : 9909.190927
  Epsilon (q0, q10)       : 0.010000, 0.075449
  Epsilon (single)        : 1.000000
  Exp q0 % and q10 %      : 0.641070, 0.358930
  Natural q=0→10 updates  : 4160
  Waypoint hits           : 4160
  Goal hits               : 1075
  Truncated episodes      : 75

[SHAPING] Episode 6300/7000
  Avg Reward              : 6800.000000
 Avg With Shaping Reward : 7502.399248
  Epsilon (q0, q10)       : 0.010000, 0.070276
  Epsilon (single)        : 1.000000
  Exp q0 % and q10 %      : 0.635015, 0.364985
  Natural q=0→10 updates  : 4231
  Waypoint hits           : 4231
  Goal hits               : 1143
  Truncated episodes      : 75

[SHAPING] Episode 6400/7000
  Avg Reward              : 1000.000000
 Avg With Shaping Reward : 1107.903490
  Epsilon (q0, q10)       : 0.010000, 0.068130
  Epsilon (single)        : 1.000000
  Exp q0 % and q10 %      : 0.648605, 0.351395
  Natural q=0→10 updates  : 4262
  Waypoint hits           : 4262
  Goal hits               : 1153
  Truncated episodes      : 75

[SHAPING] Episode 6500/7000
  Avg Reward              : 3600.000000
 Avg With Shaping Reward : 3960.905564
  Epsilon (q0, q10)       : 0.010000, 0.064096
  Epsilon (single)        : 1.000000
  Exp q0 % and q10 %      : 0.639445, 0.360555
  Natural q=0→10 updates  : 4323
  Waypoint hits           : 4323
  Goal hits               : 1189
  Truncated episodes      : 75

[SHAPING] Episode 6600/7000
  Avg Reward              : 6200.000000
 Avg With Shaping Reward : 6889.163823
  Epsilon (q0, q10)       : 0.010000, 0.058812
  Epsilon (single)        : 1.000000
  Exp q0 % and q10 %      : 0.626860, 0.373140
  Natural q=0→10 updates  : 4409
  Waypoint hits           : 4409
  Goal hits               : 1251
  Truncated episodes      : 75

[SHAPING] Episode 6700/7000
  Avg Reward              : 7000.000000
 Avg With Shaping Reward : 7743.860196
  Epsilon (q0, q10)       : 0.010000, 0.054669
  Epsilon (single)        : 1.000000
  Exp q0 % and q10 %      : 0.641280, 0.358720
  Natural q=0→10 updates  : 4482
  Waypoint hits           : 4482
  Goal hits               : 1321
  Truncated episodes      : 80

[SHAPING] Episode 6800/7000
  Avg Reward              : 4800.000000
 Avg With Shaping Reward : 5349.842780
  Epsilon (q0, q10)       : 0.010000, 0.051125
  Epsilon (single)        : 1.000000
  Exp q0 % and q10 %      : 0.665130, 0.334870
  Natural q=0→10 updates  : 4549
  Waypoint hits           : 4549
  Goal hits               : 1369
  Truncated episodes      : 90

[SHAPING] Episode 6900/7000
  Avg Reward              : 7000.000000
 Avg With Shaping Reward : 7845.176032
  Epsilon (q0, q10)       : 0.010000, 0.046582
  Epsilon (single)        : 1.000000
  Exp q0 % and q10 %      : 0.664910, 0.335090
  Natural q=0→10 updates  : 4642
  Waypoint hits           : 4642
  Goal hits               : 1439
  Truncated episodes      : 90

[SHAPING] Episode 7000/7000
  Avg Reward              : 6900.000000
 Avg With Shaping Reward : 7568.207983
  Epsilon (q0, q10)       : 0.010000, 0.043128
  Epsilon (single)        : 1.000000
  Exp q0 % and q10 %      : 0.673100, 0.326900
  Natural q=0→10 updates  : 4719
  Waypoint hits           : 4719
  Goal hits               : 1508
  Truncated episodes      : 90

