
=== NEW RUN ===
episodes=8000, shaping=True, K=1.0, goal_reward=10000.0, gamma=0.99
waypoints={'g1': (5, 8), 'g2': (6, 4)}
automaton_states=['q1', 'q2'], initial=q1, accepting=['q3']

[Episode 1/8000 | last 1]
success rate                : 0.0% (cumulative 0.0%)
synthetic task reward       : 0.000
shaping reward              : -2425.135
learning reward             : -2425.135
episode length              : 98.0
abstract changes / episode  : 8.0
completed cycles / episode   : 0.00
automaton changes / episode  : 0.00
automaton changes in window  : none
epsilon (next episode)       : 0.99960
replay buffer                : 98 samples [q1: 100.0%, q2: 0.0%]
state visits in window        : q1: 99, q2: 0
state visits cumulative       : q1: 99, q2: 0
state entries in window       : q1: 1, q2: 0
state entries cumulative      : q1: 1, q2: 0
transitions cumulative       : none
Gym endings cumulative       : terminated=1, truncated=0
Best policy updated at episode 1: mean learning reward=-2425.135

[Episode 100/8000 | last 100]
success rate                : 0.0% (cumulative 0.0%)
synthetic task reward       : 0.000
shaping reward              : -3228.189
learning reward             : -3228.189
episode length              : 94.4
abstract changes / episode  : 12.8
completed cycles / episode   : 0.00
automaton changes / episode  : 0.25
automaton changes in window  : q1->q2: 25
epsilon (next episode)       : 0.96078
replay buffer                : 9442 samples [q1: 86.6%, q2: 13.4%]
state visits in window        : q1: 8251, q2: 1291
state visits cumulative       : q1: 8251, q2: 1291
state entries in window       : q1: 100, q2: 25
state entries cumulative      : q1: 100, q2: 25
transitions cumulative       : q1->q2: 25
Gym endings cumulative       : terminated=100, truncated=0

[Episode 200/8000 | last 100]
success rate                : 0.0% (cumulative 0.0%)
synthetic task reward       : 0.000
shaping reward              : -2985.855
learning reward             : -2985.855
episode length              : 94.2
abstract changes / episode  : 12.7
completed cycles / episode   : 0.00
automaton changes / episode  : 0.28
automaton changes in window  : q1->q2: 28
epsilon (next episode)       : 0.92310
replay buffer                : 18860 samples [q1: 85.4%, q2: 14.6%]
state visits in window        : q1: 8008, q2: 1510
state visits cumulative       : q1: 16259, q2: 2801
state entries in window       : q1: 100, q2: 28
state entries cumulative      : q1: 200, q2: 53
transitions cumulative       : q1->q2: 53
Gym endings cumulative       : terminated=200, truncated=0

[Episode 300/8000 | last 100]
success rate                : 2.0% (cumulative 0.7%)
synthetic task reward       : 200.000
shaping reward              : -3506.599
learning reward             : -3306.599
episode length              : 98.9
abstract changes / episode  : 12.9
completed cycles / episode   : 0.02
automaton changes / episode  : 0.27
automaton changes in window  : q1->q2: 25, q2->q1: 2
epsilon (next episode)       : 0.88690
replay buffer                : 28747 samples [q1: 86.0%, q2: 14.0%]
state visits in window        : q1: 8687, q2: 1300
state visits cumulative       : q1: 24946, q2: 4101
state entries in window       : q1: 102, q2: 25
state entries cumulative      : q1: 302, q2: 78
transitions cumulative       : q1->q2: 78, q2->q1: 2
Gym endings cumulative       : terminated=300, truncated=0

[Episode 400/8000 | last 100]
success rate                : 1.0% (cumulative 0.8%)
synthetic task reward       : 100.000
shaping reward              : -3066.939
learning reward             : -2966.939
episode length              : 98.8
abstract changes / episode  : 12.8
completed cycles / episode   : 0.01
automaton changes / episode  : 0.30
automaton changes in window  : q1->q2: 29, q2->q1: 1
epsilon (next episode)       : 0.85212
replay buffer                : 38627 samples [q1: 85.6%, q2: 14.4%]
state visits in window        : q1: 8410, q2: 1570
state visits cumulative       : q1: 33356, q2: 5671
state entries in window       : q1: 101, q2: 29
state entries cumulative      : q1: 403, q2: 107
transitions cumulative       : q1->q2: 107, q2->q1: 3
Gym endings cumulative       : terminated=400, truncated=0

[Episode 500/8000 | last 100]
success rate                : 0.0% (cumulative 0.6%)
synthetic task reward       : 0.000
shaping reward              : -2506.247
learning reward             : -2506.247
episode length              : 104.2
abstract changes / episode  : 12.8
completed cycles / episode   : 0.00
automaton changes / episode  : 0.35
automaton changes in window  : q1->q2: 35
epsilon (next episode)       : 0.81870
replay buffer                : 49052 samples [q1: 84.6%, q2: 15.4%]
state visits in window        : q1: 8509, q2: 2016
state visits cumulative       : q1: 41865, q2: 7687
state entries in window       : q1: 100, q2: 35
state entries cumulative      : q1: 503, q2: 142
transitions cumulative       : q1->q2: 142, q2->q1: 3
Gym endings cumulative       : terminated=500, truncated=0

[Episode 600/8000 | last 100]
success rate                : 0.0% (cumulative 0.5%)
synthetic task reward       : 0.000
shaping reward              : -2993.558
learning reward             : -2993.558
episode length              : 103.3
abstract changes / episode  : 12.9
completed cycles / episode   : 0.00
automaton changes / episode  : 0.29
automaton changes in window  : q1->q2: 29
epsilon (next episode)       : 0.78659
replay buffer                : 59378 samples [q1: 84.6%, q2: 15.4%]
state visits in window        : q1: 8813, q2: 1613
state visits cumulative       : q1: 50678, q2: 9300
state entries in window       : q1: 100, q2: 29
state entries cumulative      : q1: 603, q2: 171
transitions cumulative       : q1->q2: 171, q2->q1: 3
Gym endings cumulative       : terminated=600, truncated=0

[Episode 700/8000 | last 100]
success rate                : 0.0% (cumulative 0.4%)
synthetic task reward       : 0.000
shaping reward              : -3503.718
learning reward             : -3503.718
episode length              : 105.3
abstract changes / episode  : 12.9
completed cycles / episode   : 0.00
automaton changes / episode  : 0.24
automaton changes in window  : q1->q2: 24
epsilon (next episode)       : 0.75574
replay buffer                : 69913 samples [q1: 84.9%, q2: 15.1%]
state visits in window        : q1: 9153, q2: 1482
state visits cumulative       : q1: 59831, q2: 10782
state entries in window       : q1: 100, q2: 24
state entries cumulative      : q1: 703, q2: 195
transitions cumulative       : q1->q2: 195, q2->q1: 3
Gym endings cumulative       : terminated=700, truncated=0

[Episode 800/8000 | last 100]
success rate                : 2.0% (cumulative 0.6%)
synthetic task reward       : 200.000
shaping reward              : -2330.464
learning reward             : -2130.464
episode length              : 104.0
abstract changes / episode  : 12.9
completed cycles / episode   : 0.02
automaton changes / episode  : 0.40
automaton changes in window  : q1->q2: 38, q2->q1: 2
epsilon (next episode)       : 0.72610
replay buffer                : 80315 samples [q1: 84.0%, q2: 16.0%]
state visits in window        : q1: 8216, q2: 2286
state visits cumulative       : q1: 68047, q2: 13068
state entries in window       : q1: 102, q2: 38
state entries cumulative      : q1: 805, q2: 233
transitions cumulative       : q1->q2: 233, q2->q1: 5
Gym endings cumulative       : terminated=800, truncated=0
Best policy updated at episode 800: mean learning reward=-2130.464

[Episode 900/8000 | last 100]
success rate                : 1.0% (cumulative 0.7%)
synthetic task reward       : 100.000
shaping reward              : -3337.640
learning reward             : -3237.640
episode length              : 112.6
abstract changes / episode  : 13.0
completed cycles / episode   : 0.01
automaton changes / episode  : 0.26
automaton changes in window  : q1->q2: 25, q2->q1: 1
epsilon (next episode)       : 0.69763
replay buffer                : 91573 samples [q1: 83.7%, q2: 16.3%]
state visits in window        : q1: 9279, q2: 2079
state visits cumulative       : q1: 77326, q2: 15147
state entries in window       : q1: 101, q2: 25
state entries cumulative      : q1: 906, q2: 258
transitions cumulative       : q1->q2: 258, q2->q1: 6
Gym endings cumulative       : terminated=900, truncated=0

[Episode 1000/8000 | last 100]
success rate                : 0.0% (cumulative 0.6%)
synthetic task reward       : 0.000
shaping reward              : -3483.938
learning reward             : -3483.938
episode length              : 110.6
abstract changes / episode  : 12.9
completed cycles / episode   : 0.00
automaton changes / episode  : 0.23
automaton changes in window  : q1->q2: 23
epsilon (next episode)       : 0.67027
replay buffer                : 102633 samples [q1: 83.8%, q2: 16.2%]
state visits in window        : q1: 9400, q2: 1760
state visits cumulative       : q1: 86726, q2: 16907
state entries in window       : q1: 100, q2: 23
state entries cumulative      : q1: 1006, q2: 281
transitions cumulative       : q1->q2: 281, q2->q1: 6
Gym endings cumulative       : terminated=1000, truncated=0

[Episode 1100/8000 | last 100]
success rate                : 0.0% (cumulative 0.5%)
synthetic task reward       : 0.000
shaping reward              : -3116.918
learning reward             : -3116.918
episode length              : 115.5
abstract changes / episode  : 13.3
completed cycles / episode   : 0.00
automaton changes / episode  : 0.28
automaton changes in window  : q1->q2: 28
epsilon (next episode)       : 0.64398
replay buffer                : 114184 samples [q1: 83.9%, q2: 16.1%]
state visits in window        : q1: 9825, q2: 1826
state visits cumulative       : q1: 96551, q2: 18733
state entries in window       : q1: 100, q2: 28
state entries cumulative      : q1: 1106, q2: 309
transitions cumulative       : q1->q2: 309, q2->q1: 6
Gym endings cumulative       : terminated=1100, truncated=0

[Episode 1200/8000 | last 100]
success rate                : 3.0% (cumulative 0.8%)
synthetic task reward       : 300.000
shaping reward              : -2005.845
learning reward             : -1705.845
episode length              : 111.8
abstract changes / episode  : 13.1
completed cycles / episode   : 0.03
automaton changes / episode  : 0.45
automaton changes in window  : q1->q2: 42, q2->q1: 3
epsilon (next episode)       : 0.61872
replay buffer                : 125364 samples [q1: 83.3%, q2: 16.7%]
state visits in window        : q1: 8775, q2: 2505
state visits cumulative       : q1: 105326, q2: 21238
state entries in window       : q1: 103, q2: 42
state entries cumulative      : q1: 1209, q2: 351
transitions cumulative       : q1->q2: 351, q2->q1: 9
Gym endings cumulative       : terminated=1200, truncated=0
Best policy updated at episode 1200: mean learning reward=-1705.845

[Episode 1300/8000 | last 100]
success rate                : 0.0% (cumulative 0.7%)
synthetic task reward       : 0.000
shaping reward              : -2099.632
learning reward             : -2099.632
episode length              : 117.7
abstract changes / episode  : 13.6
completed cycles / episode   : 0.00
automaton changes / episode  : 0.35
automaton changes in window  : q1->q2: 35
epsilon (next episode)       : 0.59446
replay buffer                : 137136 samples [q1: 83.0%, q2: 17.0%]
state visits in window        : q1: 9482, q2: 2390
state visits cumulative       : q1: 114808, q2: 23628
state entries in window       : q1: 100, q2: 35
state entries cumulative      : q1: 1309, q2: 386
transitions cumulative       : q1->q2: 386, q2->q1: 9
Gym endings cumulative       : terminated=1300, truncated=0

[Episode 1400/8000 | last 100]
success rate                : 1.0% (cumulative 0.7%)
synthetic task reward       : 100.000
shaping reward              : -1469.096
learning reward             : -1369.096
episode length              : 160.8
abstract changes / episode  : 13.5
completed cycles / episode   : 0.01
automaton changes / episode  : 0.43
automaton changes in window  : q1->q2: 42, q2->q1: 1
epsilon (next episode)       : 0.57115
replay buffer                : 153213 samples [q1: 79.8%, q2: 20.2%]
state visits in window        : q1: 8480, q2: 7697
state visits cumulative       : q1: 123288, q2: 31325
state entries in window       : q1: 101, q2: 42
state entries cumulative      : q1: 1410, q2: 428
transitions cumulative       : q1->q2: 428, q2->q1: 10
Gym endings cumulative       : terminated=1399, truncated=1
Best policy updated at episode 1400: mean learning reward=-1369.096

[Episode 1500/8000 | last 100]
success rate                : 0.0% (cumulative 0.7%)
synthetic task reward       : 0.000
shaping reward              : 257.453
learning reward             : 257.453
episode length              : 114.6
abstract changes / episode  : 13.2
completed cycles / episode   : 0.00
automaton changes / episode  : 0.60
automaton changes in window  : q1->q2: 60
epsilon (next episode)       : 0.54875
replay buffer                : 164676 samples [q1: 78.9%, q2: 21.1%]
state visits in window        : q1: 7682, q2: 3881
state visits cumulative       : q1: 130970, q2: 35206
state entries in window       : q1: 100, q2: 60
state entries cumulative      : q1: 1510, q2: 488
transitions cumulative       : q1->q2: 488, q2->q1: 10
Gym endings cumulative       : terminated=1499, truncated=1
Best policy updated at episode 1500: mean learning reward=257.453

[Episode 1600/8000 | last 100]
success rate                : 1.0% (cumulative 0.7%)
synthetic task reward       : 100.000
shaping reward              : -1026.485
learning reward             : -926.485
episode length              : 131.8
abstract changes / episode  : 13.9
completed cycles / episode   : 0.01
automaton changes / episode  : 0.49
automaton changes in window  : q1->q2: 48, q2->q1: 1
epsilon (next episode)       : 0.52722
replay buffer                : 177854 samples [q1: 78.8%, q2: 21.2%]
state visits in window        : q1: 10187, q2: 3091
state visits cumulative       : q1: 141157, q2: 38297
state entries in window       : q1: 101, q2: 48
state entries cumulative      : q1: 1611, q2: 536
transitions cumulative       : q1->q2: 536, q2->q1: 11
Gym endings cumulative       : terminated=1599, truncated=1

[Episode 1700/8000 | last 100]
success rate                : 2.0% (cumulative 0.8%)
synthetic task reward       : 200.000
shaping reward              : -1645.526
learning reward             : -1445.526
episode length              : 144.4
abstract changes / episode  : 14.0
completed cycles / episode   : 0.02
automaton changes / episode  : 0.40
automaton changes in window  : q1->q2: 38, q2->q1: 2
epsilon (next episode)       : 0.50655
replay buffer                : 192290 samples [q1: 79.0%, q2: 21.0%]
state visits in window        : q1: 11908, q2: 2628
state visits cumulative       : q1: 153065, q2: 40925
state entries in window       : q1: 102, q2: 38
state entries cumulative      : q1: 1713, q2: 574
transitions cumulative       : q1->q2: 574, q2->q1: 13
Gym endings cumulative       : terminated=1699, truncated=1

[Episode 1800/8000 | last 100]
success rate                : 0.0% (cumulative 0.7%)
synthetic task reward       : 0.000
shaping reward              : -1320.699
learning reward             : -1320.699
episode length              : 140.7
abstract changes / episode  : 14.3
completed cycles / episode   : 0.00
automaton changes / episode  : 0.42
automaton changes in window  : q1->q2: 42
epsilon (next episode)       : 0.48668
replay buffer                : 206363 samples [q1: 79.1%, q2: 20.9%]
state visits in window        : q1: 11301, q2: 2872
state visits cumulative       : q1: 164366, q2: 43797
state entries in window       : q1: 100, q2: 42
state entries cumulative      : q1: 1813, q2: 616
transitions cumulative       : q1->q2: 616, q2->q1: 13
Gym endings cumulative       : terminated=1799, truncated=1

[Episode 1900/8000 | last 100]
success rate                : 5.0% (cumulative 0.9%)
synthetic task reward       : 500.000
shaping reward              : -860.824
learning reward             : -360.824
episode length              : 153.8
abstract changes / episode  : 14.2
completed cycles / episode   : 0.05
automaton changes / episode  : 0.57
automaton changes in window  : q1->q2: 52, q2->q1: 5
epsilon (next episode)       : 0.46760
replay buffer                : 221742 samples [q1: 78.7%, q2: 21.3%]
state visits in window        : q1: 11406, q2: 4073
state visits cumulative       : q1: 175772, q2: 47870
state entries in window       : q1: 105, q2: 52
state entries cumulative      : q1: 1918, q2: 668
transitions cumulative       : q1->q2: 668, q2->q1: 18
Gym endings cumulative       : terminated=1899, truncated=1

[Episode 2000/8000 | last 100]
success rate                : 5.0% (cumulative 1.1%)
synthetic task reward       : 500.000
shaping reward              : -295.085
learning reward             : 204.915
episode length              : 170.5
abstract changes / episode  : 14.8
completed cycles / episode   : 0.05
automaton changes / episode  : 0.64
automaton changes in window  : q1->q2: 59, q2->q1: 5
epsilon (next episode)       : 0.44926
replay buffer                : 238796 samples [q1: 78.0%, q2: 22.0%]
state visits in window        : q1: 11723, q2: 5431
state visits cumulative       : q1: 187495, q2: 53301
state entries in window       : q1: 105, q2: 59
state entries cumulative      : q1: 2023, q2: 727
transitions cumulative       : q1->q2: 727, q2->q1: 23
Gym endings cumulative       : terminated=1999, truncated=1

[Episode 2100/8000 | last 100]
success rate                : 7.0% (cumulative 1.4%)
synthetic task reward       : 700.000
shaping reward              : -241.839
learning reward             : 458.161
episode length              : 190.7
abstract changes / episode  : 14.8
completed cycles / episode   : 0.07
automaton changes / episode  : 0.68
automaton changes in window  : q1->q2: 61, q2->q1: 7
epsilon (next episode)       : 0.43164
replay buffer                : 257865 samples [q1: 77.1%, q2: 22.9%]
state visits in window        : q1: 12552, q2: 6617
state visits cumulative       : q1: 200047, q2: 59918
state entries in window       : q1: 107, q2: 61
state entries cumulative      : q1: 2130, q2: 788
transitions cumulative       : q1->q2: 788, q2->q1: 30
Gym endings cumulative       : terminated=2099, truncated=1
Best policy updated at episode 2100: mean learning reward=458.161

[Episode 2200/8000 | last 100]
success rate                : 12.0% (cumulative 1.9%)
synthetic task reward       : 1200.000
shaping reward              : -698.292
learning reward             : 501.708
episode length              : 219.2
abstract changes / episode  : 15.6
completed cycles / episode   : 0.12
automaton changes / episode  : 0.77
automaton changes in window  : q1->q2: 65, q2->q1: 12
epsilon (next episode)       : 0.41471
replay buffer                : 279780 samples [q1: 75.1%, q2: 24.9%]
state visits in window        : q1: 11445, q2: 10570
state visits cumulative       : q1: 211492, q2: 70488
state entries in window       : q1: 112, q2: 65
state entries cumulative      : q1: 2242, q2: 853
transitions cumulative       : q1->q2: 853, q2->q1: 42
Gym endings cumulative       : terminated=2199, truncated=1
Best policy updated at episode 2200: mean learning reward=501.708

[Episode 2300/8000 | last 100]
success rate                : 12.0% (cumulative 2.3%)
synthetic task reward       : 1200.000
shaping reward              : 48.996
learning reward             : 1248.996
episode length              : 197.0
abstract changes / episode  : 15.9
completed cycles / episode   : 0.12
automaton changes / episode  : 0.82
automaton changes in window  : q1->q2: 70, q2->q1: 12
epsilon (next episode)       : 0.39845
replay buffer                : 299477 samples [q1: 74.1%, q2: 25.9%]
state visits in window        : q1: 11743, q2: 8054
state visits cumulative       : q1: 223235, q2: 78542
state entries in window       : q1: 112, q2: 70
state entries cumulative      : q1: 2354, q2: 923
transitions cumulative       : q1->q2: 923, q2->q1: 54
Gym endings cumulative       : terminated=2299, truncated=1
Best policy updated at episode 2300: mean learning reward=1248.996

[Episode 2400/8000 | last 100]
success rate                : 14.0% (cumulative 2.8%)
synthetic task reward       : 1400.000
shaping reward              : -454.906
learning reward             : 945.094
episode length              : 220.7
abstract changes / episode  : 16.6
completed cycles / episode   : 0.14
automaton changes / episode  : 0.78
automaton changes in window  : q1->q2: 64, q2->q1: 14
epsilon (next episode)       : 0.38282
replay buffer                : 300000 samples [q1: 72.3%, q2: 27.7%]
state visits in window        : q1: 13484, q2: 8690
state visits cumulative       : q1: 236719, q2: 87232
state entries in window       : q1: 114, q2: 64
state entries cumulative      : q1: 2468, q2: 987
transitions cumulative       : q1->q2: 987, q2->q1: 68
Gym endings cumulative       : terminated=2399, truncated=1

[Episode 2500/8000 | last 100]
success rate                : 16.0% (cumulative 3.4%)
synthetic task reward       : 1800.000
shaping reward              : -650.682
learning reward             : 1149.318
episode length              : 228.0
abstract changes / episode  : 17.5
completed cycles / episode   : 0.18
automaton changes / episode  : 0.86
automaton changes in window  : q1->q2: 68, q2->q1: 18
epsilon (next episode)       : 0.36781
replay buffer                : 300000 samples [q1: 70.4%, q2: 29.6%]
state visits in window        : q1: 13862, q2: 9037
state visits cumulative       : q1: 250581, q2: 96269
state entries in window       : q1: 118, q2: 68
state entries cumulative      : q1: 2586, q2: 1055
transitions cumulative       : q1->q2: 1055, q2->q1: 86
Gym endings cumulative       : terminated=2499, truncated=1

[Episode 2600/8000 | last 100]
success rate                : 19.0% (cumulative 4.0%)
synthetic task reward       : 1900.000
shaping reward              : -239.548
learning reward             : 1660.452
episode length              : 223.6
abstract changes / episode  : 17.9
completed cycles / episode   : 0.19
automaton changes / episode  : 0.93
automaton changes in window  : q1->q2: 74, q2->q1: 19
epsilon (next episode)       : 0.35338
replay buffer                : 300000 samples [q1: 68.1%, q2: 31.9%]
state visits in window        : q1: 11818, q2: 10638
state visits cumulative       : q1: 262399, q2: 106907
state entries in window       : q1: 119, q2: 74
state entries cumulative      : q1: 2705, q2: 1129
transitions cumulative       : q1->q2: 1129, q2->q1: 105
Gym endings cumulative       : terminated=2599, truncated=1
Best policy updated at episode 2600: mean learning reward=1660.452

[Episode 2700/8000 | last 100]
success rate                : 32.0% (cumulative 5.0%)
synthetic task reward       : 3200.000
shaping reward              : -1197.388
learning reward             : 2002.612
episode length              : 281.4
abstract changes / episode  : 20.4
completed cycles / episode   : 0.32
automaton changes / episode  : 1.08
automaton changes in window  : q1->q2: 76, q2->q1: 32
epsilon (next episode)       : 0.33952
replay buffer                : 300000 samples [q1: 66.0%, q2: 34.0%]
state visits in window        : q1: 16572, q2: 11663
state visits cumulative       : q1: 278971, q2: 118570
state entries in window       : q1: 132, q2: 76
state entries cumulative      : q1: 2837, q2: 1205
transitions cumulative       : q1->q2: 1205, q2->q1: 137
Gym endings cumulative       : terminated=2699, truncated=1
Best policy updated at episode 2700: mean learning reward=2002.612

[Episode 2800/8000 | last 100]
success rate                : 42.0% (cumulative 6.3%)
synthetic task reward       : 4600.000
shaping reward              : -1416.635
learning reward             : 3183.365
episode length              : 379.7
abstract changes / episode  : 25.4
completed cycles / episode   : 0.46
automaton changes / episode  : 1.31
automaton changes in window  : q1->q2: 85, q2->q1: 46
epsilon (next episode)       : 0.32621
replay buffer                : 300000 samples [q1: 62.0%, q2: 38.0%]
state visits in window        : q1: 19349, q2: 18720
state visits cumulative       : q1: 298320, q2: 137290
state entries in window       : q1: 146, q2: 85
state entries cumulative      : q1: 2983, q2: 1290
transitions cumulative       : q1->q2: 1290, q2->q1: 183
Gym endings cumulative       : terminated=2799, truncated=1
Best policy updated at episode 2800: mean learning reward=3183.365

[Episode 2900/8000 | last 100]
success rate                : 38.0% (cumulative 7.4%)
synthetic task reward       : 4700.000
shaping reward              : -859.646
learning reward             : 3840.354
episode length              : 334.6
abstract changes / episode  : 24.7
completed cycles / episode   : 0.47
automaton changes / episode  : 1.38
automaton changes in window  : q1->q2: 91, q2->q1: 47
epsilon (next episode)       : 0.31341
replay buffer                : 300000 samples [q1: 61.3%, q2: 38.7%]
state visits in window        : q1: 18523, q2: 15033
state visits cumulative       : q1: 316843, q2: 152323
state entries in window       : q1: 147, q2: 91
state entries cumulative      : q1: 3130, q2: 1381
transitions cumulative       : q1->q2: 1381, q2->q1: 230
Gym endings cumulative       : terminated=2899, truncated=1
Best policy updated at episode 2900: mean learning reward=3840.354

[Episode 3000/8000 | last 100]
success rate                : 42.0% (cumulative 8.6%)
synthetic task reward       : 5000.000
shaping reward              : -1269.876
learning reward             : 3730.124
episode length              : 479.4
abstract changes / episode  : 34.3
completed cycles / episode   : 0.50
automaton changes / episode  : 1.41
automaton changes in window  : q1->q2: 91, q2->q1: 50
epsilon (next episode)       : 0.30112
replay buffer                : 300000 samples [q1: 57.4%, q2: 42.6%]
state visits in window        : q1: 26380, q2: 21657
state visits cumulative       : q1: 343223, q2: 173980
state entries in window       : q1: 150, q2: 91
state entries cumulative      : q1: 3280, q2: 1472
transitions cumulative       : q1->q2: 1472, q2->q1: 280
Gym endings cumulative       : terminated=2999, truncated=1

[Episode 3100/8000 | last 100]
success rate                : 55.0% (cumulative 10.1%)
synthetic task reward       : 9800.000
shaping reward              : -470.404
learning reward             : 9329.596
episode length              : 771.7
abstract changes / episode  : 53.4
completed cycles / episode   : 0.98
automaton changes / episode  : 2.49
automaton changes in window  : q1->q2: 151, q2->q1: 98
epsilon (next episode)       : 0.28931
replay buffer                : 300000 samples [q1: 56.9%, q2: 43.1%]
state visits in window        : q1: 46765, q2: 30508
state visits cumulative       : q1: 389988, q2: 204488
state entries in window       : q1: 198, q2: 151
state entries cumulative      : q1: 3478, q2: 1623
transitions cumulative       : q1->q2: 1623, q2->q1: 378
Gym endings cumulative       : terminated=3098, truncated=2
Best policy updated at episode 3100: mean learning reward=9329.596

[Episode 3200/8000 | last 100]
success rate                : 61.0% (cumulative 11.7%)
synthetic task reward       : 12500.000
shaping reward              : 818.897
learning reward             : 13318.897
episode length              : 972.3
abstract changes / episode  : 66.1
completed cycles / episode   : 1.25
automaton changes / episode  : 3.16
automaton changes in window  : q1->q2: 191, q2->q1: 125
epsilon (next episode)       : 0.27797
replay buffer                : 300000 samples [q1: 54.0%, q2: 46.0%]
state visits in window        : q1: 47648, q2: 49681
state visits cumulative       : q1: 437636, q2: 254169
state entries in window       : q1: 225, q2: 191
state entries cumulative      : q1: 3703, q2: 1814
transitions cumulative       : q1->q2: 1814, q2->q1: 503
Gym endings cumulative       : terminated=3198, truncated=2
Best policy updated at episode 3200: mean learning reward=13318.897

[Episode 3300/8000 | last 100]
success rate                : 72.0% (cumulative 13.5%)
synthetic task reward       : 20100.000
shaping reward              : 485.481
learning reward             : 20585.481
episode length              : 1250.9
abstract changes / episode  : 90.3
completed cycles / episode   : 2.01
automaton changes / episode  : 4.67
automaton changes in window  : q1->q2: 266, q2->q1: 201
epsilon (next episode)       : 0.26706
replay buffer                : 300000 samples [q1: 54.2%, q2: 45.8%]
state visits in window        : q1: 67675, q2: 57511
state visits cumulative       : q1: 505311, q2: 311680
state entries in window       : q1: 301, q2: 266
state entries cumulative      : q1: 4004, q2: 2080
transitions cumulative       : q1->q2: 2080, q2->q1: 704
Gym endings cumulative       : terminated=3297, truncated=3
Best policy updated at episode 3300: mean learning reward=20585.481

[Episode 3400/8000 | last 100]
success rate                : 74.0% (cumulative 15.3%)
synthetic task reward       : 34100.000
shaping reward              : 235.899
learning reward             : 34335.899
episode length              : 1636.8
abstract changes / episode  : 113.6
completed cycles / episode   : 3.41
automaton changes / episode  : 7.43
automaton changes in window  : q1->q2: 402, q2->q1: 341
epsilon (next episode)       : 0.25659
replay buffer                : 300000 samples [q1: 56.3%, q2: 43.7%]
state visits in window        : q1: 95309, q2: 68472
state visits cumulative       : q1: 600620, q2: 380152
state entries in window       : q1: 441, q2: 402
state entries cumulative      : q1: 4445, q2: 2482
transitions cumulative       : q1->q2: 2482, q2->q1: 1045
Gym endings cumulative       : terminated=3393, truncated=7
Best policy updated at episode 3400: mean learning reward=34335.899

[Episode 3500/8000 | last 100]
success rate                : 81.0% (cumulative 17.1%)
synthetic task reward       : 42400.000
shaping reward              : -191.711
learning reward             : 42208.289
episode length              : 1817.5
abstract changes / episode  : 127.1
completed cycles / episode   : 4.24
automaton changes / episode  : 9.02
automaton changes in window  : q1->q2: 478, q2->q1: 424
epsilon (next episode)       : 0.24653
replay buffer                : 300000 samples [q1: 58.4%, q2: 41.6%]
state visits in window        : q1: 107962, q2: 73893
state visits cumulative       : q1: 708582, q2: 454045
state entries in window       : q1: 524, q2: 478
state entries cumulative      : q1: 4969, q2: 2960
transitions cumulative       : q1->q2: 2960, q2->q1: 1469
Gym endings cumulative       : terminated=3480, truncated=20
Best policy updated at episode 3500: mean learning reward=42208.289

[Episode 3600/8000 | last 100]
success rate                : 77.0% (cumulative 18.8%)
synthetic task reward       : 48600.000
shaping reward              : 1214.442
learning reward             : 49814.442
episode length              : 2141.5
abstract changes / episode  : 145.9
completed cycles / episode   : 4.86
automaton changes / episode  : 10.38
automaton changes in window  : q1->q2: 552, q2->q1: 486
epsilon (next episode)       : 0.23686
replay buffer                : 300000 samples [q1: 58.1%, q2: 41.9%]
state visits in window        : q1: 121749, q2: 92503
state visits cumulative       : q1: 830331, q2: 546548
state entries in window       : q1: 586, q2: 552
state entries cumulative      : q1: 5555, q2: 3512
transitions cumulative       : q1->q2: 3512, q2->q1: 1955
Gym endings cumulative       : terminated=3561, truncated=39
Best policy updated at episode 3600: mean learning reward=49814.442

[Episode 3700/8000 | last 100]
success rate                : 85.0% (cumulative 20.6%)
synthetic task reward       : 60400.000
shaping reward              : 738.503
learning reward             : 61138.503
episode length              : 2459.0
abstract changes / episode  : 166.0
completed cycles / episode   : 6.04
automaton changes / episode  : 12.69
automaton changes in window  : q1->q2: 665, q2->q1: 604
epsilon (next episode)       : 0.22757
replay buffer                : 300000 samples [q1: 59.7%, q2: 40.3%]
state visits in window        : q1: 147292, q2: 98711
state visits cumulative       : q1: 977623, q2: 645259
state entries in window       : q1: 704, q2: 665
state entries cumulative      : q1: 6259, q2: 4177
transitions cumulative       : q1->q2: 4177, q2->q1: 2559
Gym endings cumulative       : terminated=3643, truncated=57
Best policy updated at episode 3700: mean learning reward=61138.503

[Episode 3800/8000 | last 100]
success rate                : 81.0% (cumulative 22.2%)
synthetic task reward       : 65000.000
shaping reward              : 48.208
learning reward             : 65048.208
episode length              : 2191.3
abstract changes / episode  : 151.8
completed cycles / episode   : 6.50
automaton changes / episode  : 13.52
automaton changes in window  : q1->q2: 702, q2->q1: 650
epsilon (next episode)       : 0.21865
replay buffer                : 300000 samples [q1: 63.8%, q2: 36.2%]
state visits in window        : q1: 140770, q2: 78458
state visits cumulative       : q1: 1118393, q2: 723717
state entries in window       : q1: 750, q2: 702
state entries cumulative      : q1: 7009, q2: 4879
transitions cumulative       : q1->q2: 4879, q2->q1: 3209
Gym endings cumulative       : terminated=3728, truncated=72
Best policy updated at episode 3800: mean learning reward=65048.208

[Episode 3900/8000 | last 100]
success rate                : 98.0% (cumulative 24.1%)
synthetic task reward       : 101000.000
shaping reward              : 735.103
learning reward             : 101735.103
episode length              : 3147.4
abstract changes / episode  : 205.1
completed cycles / episode   : 10.10
automaton changes / episode  : 20.71
automaton changes in window  : q1->q2: 1061, q2->q1: 1010
epsilon (next episode)       : 0.21007
replay buffer                : 300000 samples [q1: 57.6%, q2: 42.4%]
state visits in window        : q1: 181677, q2: 133159
state visits cumulative       : q1: 1300070, q2: 856876
state entries in window       : q1: 1110, q2: 1061
state entries cumulative      : q1: 8119, q2: 5940
transitions cumulative       : q1->q2: 5940, q2->q1: 4219
Gym endings cumulative       : terminated=3793, truncated=107
Best policy updated at episode 3900: mean learning reward=101735.103

[Episode 4000/8000 | last 100]
success rate                : 92.0% (cumulative 25.8%)
synthetic task reward       : 113200.000
shaping reward              : 619.744
learning reward             : 113819.744
episode length              : 3319.3
abstract changes / episode  : 214.4
completed cycles / episode   : 11.32
automaton changes / episode  : 23.10
automaton changes in window  : q1->q2: 1178, q2->q1: 1132
epsilon (next episode)       : 0.20183
replay buffer                : 300000 samples [q1: 57.0%, q2: 43.0%]
state visits in window        : q1: 189982, q2: 142048
state visits cumulative       : q1: 1490052, q2: 998924
state entries in window       : q1: 1232, q2: 1178
state entries cumulative      : q1: 9351, q2: 7118
transitions cumulative       : q1->q2: 7118, q2->q1: 5351
Gym endings cumulative       : terminated=3850, truncated=150
Best policy updated at episode 4000: mean learning reward=113819.744

[Episode 4100/8000 | last 100]
success rate                : 95.0% (cumulative 27.5%)
synthetic task reward       : 108100.000
shaping reward              : 1381.474
learning reward             : 109481.474
episode length              : 3050.4
abstract changes / episode  : 202.6
completed cycles / episode   : 10.81
automaton changes / episode  : 22.22
automaton changes in window  : q1->q2: 1141, q2->q1: 1081
epsilon (next episode)       : 0.19392
replay buffer                : 300000 samples [q1: 57.1%, q2: 42.9%]
state visits in window        : q1: 173772, q2: 131370
state visits cumulative       : q1: 1663824, q2: 1130294
state entries in window       : q1: 1181, q2: 1141
state entries cumulative      : q1: 10532, q2: 8259
transitions cumulative       : q1->q2: 8259, q2->q1: 6432
Gym endings cumulative       : terminated=3921, truncated=179

[Episode 4200/8000 | last 100]
success rate                : 85.0% (cumulative 28.9%)
synthetic task reward       : 92000.000
shaping reward              : 500.368
learning reward             : 92500.368
episode length              : 2649.3
abstract changes / episode  : 173.5
completed cycles / episode   : 9.20
automaton changes / episode  : 18.89
automaton changes in window  : q1->q2: 969, q2->q1: 920
epsilon (next episode)       : 0.18631
replay buffer                : 300000 samples [q1: 57.1%, q2: 42.9%]
state visits in window        : q1: 151453, q2: 113578
state visits cumulative       : q1: 1815277, q2: 1243872
state entries in window       : q1: 1020, q2: 969
state entries cumulative      : q1: 11552, q2: 9228
transitions cumulative       : q1->q2: 9228, q2->q1: 7352
Gym endings cumulative       : terminated=3995, truncated=205

[Episode 4300/8000 | last 100]
success rate                : 90.0% (cumulative 30.3%)
synthetic task reward       : 98000.000
shaping reward              : 669.574
learning reward             : 98669.574
episode length              : 2942.6
abstract changes / episode  : 199.4
completed cycles / episode   : 9.80
automaton changes / episode  : 20.12
automaton changes in window  : q1->q2: 1032, q2->q1: 980
epsilon (next episode)       : 0.17900
replay buffer                : 300000 samples [q1: 55.8%, q2: 44.2%]
state visits in window        : q1: 164952, q2: 129412
state visits cumulative       : q1: 1980229, q2: 1373284
state entries in window       : q1: 1080, q2: 1032
state entries cumulative      : q1: 12632, q2: 10260
transitions cumulative       : q1->q2: 10260, q2->q1: 8332
Gym endings cumulative       : terminated=4061, truncated=239

[Episode 4400/8000 | last 100]
success rate                : 91.0% (cumulative 31.7%)
synthetic task reward       : 108700.000
shaping reward              : 969.551
learning reward             : 109669.551
episode length              : 3056.2
abstract changes / episode  : 199.9
completed cycles / episode   : 10.87
automaton changes / episode  : 22.26
automaton changes in window  : q1->q2: 1139, q2->q1: 1087
epsilon (next episode)       : 0.17198
replay buffer                : 300000 samples [q1: 55.8%, q2: 44.2%]
state visits in window        : q1: 170754, q2: 134964
state visits cumulative       : q1: 2150983, q2: 1508248
state entries in window       : q1: 1187, q2: 1139
state entries cumulative      : q1: 13819, q2: 11399
transitions cumulative       : q1->q2: 11399, q2->q1: 9419
Gym endings cumulative       : terminated=4124, truncated=276

[Episode 4500/8000 | last 100]
success rate                : 89.0% (cumulative 33.0%)
synthetic task reward       : 157100.000
shaping reward              : 1550.255
learning reward             : 158650.255
episode length              : 3788.2
abstract changes / episode  : 240.1
completed cycles / episode   : 15.71
automaton changes / episode  : 31.91
automaton changes in window  : q1->q2: 1620, q2->q1: 1571
epsilon (next episode)       : 0.16524
replay buffer                : 300000 samples [q1: 58.8%, q2: 41.2%]
state visits in window        : q1: 217453, q2: 161471
state visits cumulative       : q1: 2368436, q2: 1669719
state entries in window       : q1: 1671, q2: 1620
state entries cumulative      : q1: 15490, q2: 13019
transitions cumulative       : q1->q2: 13019, q2->q1: 10990
Gym endings cumulative       : terminated=4164, truncated=337
Best policy updated at episode 4500: mean learning reward=158650.255

[Episode 4600/8000 | last 100]
success rate                : 94.0% (cumulative 34.3%)
synthetic task reward       : 156400.000
shaping reward              : 472.407
learning reward             : 156872.407
episode length              : 3687.8
abstract changes / episode  : 232.5
completed cycles / episode   : 15.64
automaton changes / episode  : 31.66
automaton changes in window  : q1->q2: 1602, q2->q1: 1564
epsilon (next episode)       : 0.15876
replay buffer                : 300000 samples [q1: 55.3%, q2: 44.7%]
state visits in window        : q1: 206375, q2: 162501
state visits cumulative       : q1: 2574811, q2: 1832220
state entries in window       : q1: 1664, q2: 1602
state entries cumulative      : q1: 17154, q2: 14621
transitions cumulative       : q1->q2: 14621, q2->q1: 12554
Gym endings cumulative       : terminated=4208, truncated=393

[Episode 4700/8000 | last 100]
success rate                : 95.0% (cumulative 35.6%)
synthetic task reward       : 144600.000
shaping reward              : 1320.756
learning reward             : 145920.756
episode length              : 3542.4
abstract changes / episode  : 206.9
completed cycles / episode   : 14.46
automaton changes / episode  : 29.44
automaton changes in window  : q1->q2: 1498, q2->q1: 1446
epsilon (next episode)       : 0.15253
replay buffer                : 300000 samples [q1: 54.3%, q2: 45.7%]
state visits in window        : q1: 188681, q2: 165659
state visits cumulative       : q1: 2763492, q2: 1997879
state entries in window       : q1: 1546, q2: 1498
state entries cumulative      : q1: 18700, q2: 16119
transitions cumulative       : q1->q2: 16119, q2->q1: 14000
Gym endings cumulative       : terminated=4259, truncated=442

[Episode 4800/8000 | last 100]
success rate                : 92.0% (cumulative 36.8%)
synthetic task reward       : 166200.000
shaping reward              : 1902.918
learning reward             : 168102.918
episode length              : 3950.4
abstract changes / episode  : 238.5
completed cycles / episode   : 16.62
automaton changes / episode  : 33.75
automaton changes in window  : q1->q2: 1713, q2->q1: 1662
epsilon (next episode)       : 0.14655
replay buffer                : 300000 samples [q1: 53.3%, q2: 46.7%]
state visits in window        : q1: 210963, q2: 184177
state visits cumulative       : q1: 2974455, q2: 2182056
state entries in window       : q1: 1762, q2: 1713
state entries cumulative      : q1: 20462, q2: 17832
transitions cumulative       : q1->q2: 17832, q2->q1: 15662
Gym endings cumulative       : terminated=4295, truncated=506
Best policy updated at episode 4800: mean learning reward=168102.918

[Episode 4900/8000 | last 100]
success rate                : 86.0% (cumulative 37.8%)
synthetic task reward       : 126300.000
shaping reward              : 862.572
learning reward             : 127162.572
episode length              : 3184.3
abstract changes / episode  : 199.3
completed cycles / episode   : 12.63
automaton changes / episode  : 25.70
automaton changes in window  : q1->q2: 1307, q2->q1: 1263
epsilon (next episode)       : 0.14080
replay buffer                : 300000 samples [q1: 54.6%, q2: 45.4%]
state visits in window        : q1: 174193, q2: 144342
state visits cumulative       : q1: 3148648, q2: 2326398
state entries in window       : q1: 1363, q2: 1307
state entries cumulative      : q1: 21825, q2: 19139
transitions cumulative       : q1->q2: 19139, q2->q1: 16925
Gym endings cumulative       : terminated=4352, truncated=549

[Episode 5000/8000 | last 100]
success rate                : 80.0% (cumulative 38.6%)
synthetic task reward       : 107700.000
shaping reward              : 450.064
learning reward             : 108150.064
episode length              : 2957.7
abstract changes / episode  : 188.8
completed cycles / episode   : 10.77
automaton changes / episode  : 21.98
automaton changes in window  : q1->q2: 1121, q2->q1: 1077
epsilon (next episode)       : 0.13528
replay buffer                : 300000 samples [q1: 53.7%, q2: 46.3%]
state visits in window        : q1: 158861, q2: 137005
state visits cumulative       : q1: 3307509, q2: 2463403
state entries in window       : q1: 1177, q2: 1121
state entries cumulative      : q1: 23002, q2: 20260
transitions cumulative       : q1->q2: 20260, q2->q1: 18002
Gym endings cumulative       : terminated=4409, truncated=592

[Episode 5100/8000 | last 100]
success rate                : 91.0% (cumulative 39.6%)
synthetic task reward       : 105900.000
shaping reward              : 22.811
learning reward             : 105922.811
episode length              : 3019.5
abstract changes / episode  : 202.1
completed cycles / episode   : 10.59
automaton changes / episode  : 21.55
automaton changes in window  : q1->q2: 1096, q2->q1: 1059
epsilon (next episode)       : 0.12998
replay buffer                : 300000 samples [q1: 56.8%, q2: 43.2%]
state visits in window        : q1: 171525, q2: 130529
state visits cumulative       : q1: 3479034, q2: 2593932
state entries in window       : q1: 1159, q2: 1096
state entries cumulative      : q1: 24161, q2: 21356
transitions cumulative       : q1->q2: 21356, q2->q1: 19061
Gym endings cumulative       : terminated=4468, truncated=633

[Episode 5200/8000 | last 100]
success rate                : 88.0% (cumulative 40.6%)
synthetic task reward       : 82600.000
shaping reward              : -55.934
learning reward             : 82544.066
episode length              : 2435.6
abstract changes / episode  : 147.7
completed cycles / episode   : 8.26
automaton changes / episode  : 16.97
automaton changes in window  : q1->q2: 871, q2->q1: 826
epsilon (next episode)       : 0.12488
replay buffer                : 300000 samples [q1: 56.6%, q2: 43.4%]
state visits in window        : q1: 137996, q2: 105665
state visits cumulative       : q1: 3617030, q2: 2699597
state entries in window       : q1: 926, q2: 871
state entries cumulative      : q1: 25087, q2: 22227
transitions cumulative       : q1->q2: 22227, q2->q1: 19887
Gym endings cumulative       : terminated=4545, truncated=656

[Episode 5300/8000 | last 100]
success rate                : 83.0% (cumulative 41.4%)
synthetic task reward       : 87900.000
shaping reward              : -1129.813
learning reward             : 86770.187
episode length              : 2371.0
abstract changes / episode  : 155.3
completed cycles / episode   : 8.79
automaton changes / episode  : 17.82
automaton changes in window  : q1->q2: 903, q2->q1: 879
epsilon (next episode)       : 0.11998
replay buffer                : 300000 samples [q1: 58.8%, q2: 41.2%]
state visits in window        : q1: 138213, q2: 98984
state visits cumulative       : q1: 3755243, q2: 2798581
state entries in window       : q1: 979, q2: 903
state entries cumulative      : q1: 26066, q2: 23130
transitions cumulative       : q1->q2: 23130, q2->q1: 20766
Gym endings cumulative       : terminated=4615, truncated=686

[Episode 5400/8000 | last 100]
success rate                : 94.0% (cumulative 42.3%)
synthetic task reward       : 68600.000
shaping reward              : -888.042
learning reward             : 67711.958
episode length              : 2230.2
abstract changes / episode  : 149.2
completed cycles / episode   : 6.86
automaton changes / episode  : 14.13
automaton changes in window  : q1->q2: 727, q2->q1: 686
epsilon (next episode)       : 0.11528
replay buffer                : 300000 samples [q1: 60.1%, q2: 39.9%]
state visits in window        : q1: 129885, q2: 93230
state visits cumulative       : q1: 3885128, q2: 2891811
state entries in window       : q1: 786, q2: 727
state entries cumulative      : q1: 26852, q2: 23857
transitions cumulative       : q1->q2: 23857, q2->q1: 21452
Gym endings cumulative       : terminated=4700, truncated=701

[Episode 5500/8000 | last 100]
success rate                : 99.0% (cumulative 43.4%)
synthetic task reward       : 130800.000
shaping reward              : 950.777
learning reward             : 131750.777
episode length              : 3489.1
abstract changes / episode  : 223.4
completed cycles / episode   : 13.08
automaton changes / episode  : 26.61
automaton changes in window  : q1->q2: 1353, q2->q1: 1308
epsilon (next episode)       : 0.11075
replay buffer                : 300000 samples [q1: 56.1%, q2: 43.9%]
state visits in window        : q1: 197706, q2: 151305
state visits cumulative       : q1: 4082834, q2: 3043116
state entries in window       : q1: 1408, q2: 1353
state entries cumulative      : q1: 28260, q2: 25210
transitions cumulative       : q1->q2: 25210, q2->q1: 22760
Gym endings cumulative       : terminated=4756, truncated=745

[Episode 5600/8000 | last 100]
success rate                : 98.0% (cumulative 44.3%)
synthetic task reward       : 88300.000
shaping reward              : -2173.398
learning reward             : 86126.602
episode length              : 2239.2
abstract changes / episode  : 148.8
completed cycles / episode   : 8.83
automaton changes / episode  : 17.94
automaton changes in window  : q1->q2: 911, q2->q1: 883
epsilon (next episode)       : 0.10641
replay buffer                : 300000 samples [q1: 58.5%, q2: 41.5%]
state visits in window        : q1: 130055, q2: 93965
state visits cumulative       : q1: 4212889, q2: 3137081
state entries in window       : q1: 983, q2: 911
state entries cumulative      : q1: 29243, q2: 26121
transitions cumulative       : q1->q2: 26121, q2->q1: 23643
Gym endings cumulative       : terminated=4836, truncated=765

[Episode 5700/8000 | last 100]
success rate                : 98.0% (cumulative 45.3%)
synthetic task reward       : 141200.000
shaping reward              : 834.850
learning reward             : 142034.850
episode length              : 3659.1
abstract changes / episode  : 234.6
completed cycles / episode   : 14.12
automaton changes / episode  : 28.69
automaton changes in window  : q1->q2: 1457, q2->q1: 1412
epsilon (next episode)       : 0.10224
replay buffer                : 300000 samples [q1: 56.8%, q2: 43.2%]
state visits in window        : q1: 212605, q2: 153406
state visits cumulative       : q1: 4425494, q2: 3290487
state entries in window       : q1: 1512, q2: 1457
state entries cumulative      : q1: 30755, q2: 27578
transitions cumulative       : q1->q2: 27578, q2->q1: 25055
Gym endings cumulative       : terminated=4884, truncated=817

[Episode 5800/8000 | last 100]
success rate                : 97.0% (cumulative 46.2%)
synthetic task reward       : 166500.000
shaping reward              : 1063.026
learning reward             : 167563.026
episode length              : 3960.1
abstract changes / episode  : 249.3
completed cycles / episode   : 16.65
automaton changes / episode  : 33.68
automaton changes in window  : q1->q2: 1703, q2->q1: 1665
epsilon (next episode)       : 0.09823
replay buffer                : 300000 samples [q1: 52.5%, q2: 47.5%]
state visits in window        : q1: 207876, q2: 188230
state visits cumulative       : q1: 4633370, q2: 3478717
state entries in window       : q1: 1765, q2: 1703
state entries cumulative      : q1: 32520, q2: 29281
transitions cumulative       : q1->q2: 29281, q2->q1: 26720
Gym endings cumulative       : terminated=4920, truncated=881

[Episode 5900/8000 | last 100]
success rate                : 97.0% (cumulative 47.0%)
synthetic task reward       : 142300.000
shaping reward              : 861.119
learning reward             : 143161.119
episode length              : 3367.7
abstract changes / episode  : 208.9
completed cycles / episode   : 14.23
automaton changes / episode  : 28.89
automaton changes in window  : q1->q2: 1466, q2->q1: 1423
epsilon (next episode)       : 0.09438
replay buffer                : 300000 samples [q1: 55.0%, q2: 45.0%]
state visits in window        : q1: 185006, q2: 151862
state visits cumulative       : q1: 4818376, q2: 3630579
state entries in window       : q1: 1523, q2: 1466
state entries cumulative      : q1: 34043, q2: 30747
transitions cumulative       : q1->q2: 30747, q2->q1: 28143
Gym endings cumulative       : terminated=4975, truncated=926

[Episode 6000/8000 | last 100]
success rate                : 98.0% (cumulative 47.9%)
synthetic task reward       : 161700.000
shaping reward              : 1303.036
learning reward             : 163003.036
episode length              : 3833.7
abstract changes / episode  : 239.7
completed cycles / episode   : 16.17
automaton changes / episode  : 32.78
automaton changes in window  : q1->q2: 1661, q2->q1: 1617
epsilon (next episode)       : 0.09067
replay buffer                : 300000 samples [q1: 53.8%, q2: 46.2%]
state visits in window        : q1: 210811, q2: 172654
state visits cumulative       : q1: 5029187, q2: 3803233
state entries in window       : q1: 1717, q2: 1661
state entries cumulative      : q1: 35760, q2: 32408
transitions cumulative       : q1->q2: 32408, q2->q1: 29760
Gym endings cumulative       : terminated=5018, truncated=983

[Episode 6100/8000 | last 100]
success rate                : 96.0% (cumulative 48.7%)
synthetic task reward       : 168900.000
shaping reward              : 1018.917
learning reward             : 169918.917
episode length              : 3784.1
abstract changes / episode  : 238.3
completed cycles / episode   : 16.89
automaton changes / episode  : 34.24
automaton changes in window  : q1->q2: 1735, q2->q1: 1689
epsilon (next episode)       : 0.08712
replay buffer                : 300000 samples [q1: 55.5%, q2: 44.5%]
state visits in window        : q1: 211485, q2: 167027
state visits cumulative       : q1: 5240672, q2: 3970260
state entries in window       : q1: 1789, q2: 1735
state entries cumulative      : q1: 37549, q2: 34143
transitions cumulative       : q1->q2: 34143, q2->q1: 31449
Gym endings cumulative       : terminated=5063, truncated=1038
Best policy updated at episode 6100: mean learning reward=169918.917

[Episode 6200/8000 | last 100]
success rate                : 96.0% (cumulative 49.4%)
synthetic task reward       : 166600.000
shaping reward              : 1098.378
learning reward             : 167698.378
episode length              : 3746.7
abstract changes / episode  : 236.5
completed cycles / episode   : 16.66
automaton changes / episode  : 33.72
automaton changes in window  : q1->q2: 1706, q2->q1: 1666
epsilon (next episode)       : 0.08370
replay buffer                : 300000 samples [q1: 57.6%, q2: 42.4%]
state visits in window        : q1: 216708, q2: 158064
state visits cumulative       : q1: 5457380, q2: 4128324
state entries in window       : q1: 1766, q2: 1706
state entries cumulative      : q1: 39315, q2: 35849
transitions cumulative       : q1->q2: 35849, q2->q1: 33115
Gym endings cumulative       : terminated=5102, truncated=1099

[Episode 6300/8000 | last 100]
success rate                : 94.0% (cumulative 50.1%)
synthetic task reward       : 177100.000
shaping reward              : 1812.138
learning reward             : 178912.138
episode length              : 4039.9
abstract changes / episode  : 255.0
completed cycles / episode   : 17.71
automaton changes / episode  : 35.86
automaton changes in window  : q1->q2: 1815, q2->q1: 1771
epsilon (next episode)       : 0.08042
replay buffer                : 300000 samples [q1: 56.2%, q2: 43.8%]
state visits in window        : q1: 225416, q2: 178678
state visits cumulative       : q1: 5682796, q2: 4307002
state entries in window       : q1: 1871, q2: 1815
state entries cumulative      : q1: 41186, q2: 37664
transitions cumulative       : q1->q2: 37664, q2->q1: 34886
Gym endings cumulative       : terminated=5134, truncated=1167
Best policy updated at episode 6300: mean learning reward=178912.138

[Episode 6400/8000 | last 100]
success rate                : 95.0% (cumulative 50.8%)
synthetic task reward       : 135900.000
shaping reward              : 112.364
learning reward             : 136012.364
episode length              : 3326.7
abstract changes / episode  : 215.2
completed cycles / episode   : 13.59
automaton changes / episode  : 27.52
automaton changes in window  : q1->q2: 1393, q2->q1: 1359
epsilon (next episode)       : 0.07727
replay buffer                : 300000 samples [q1: 58.1%, q2: 41.9%]
state visits in window        : q1: 194929, q2: 137839
state visits cumulative       : q1: 5877725, q2: 4444841
state entries in window       : q1: 1459, q2: 1393
state entries cumulative      : q1: 42645, q2: 39057
transitions cumulative       : q1->q2: 39057, q2->q1: 36245
Gym endings cumulative       : terminated=5190, truncated=1211

[Episode 6500/8000 | last 100]
success rate                : 96.0% (cumulative 51.5%)
synthetic task reward       : 168500.000
shaping reward              : 1349.176
learning reward             : 169849.176
episode length              : 4015.3
abstract changes / episode  : 255.7
completed cycles / episode   : 16.85
automaton changes / episode  : 34.11
automaton changes in window  : q1->q2: 1726, q2->q1: 1685
epsilon (next episode)       : 0.07423
replay buffer                : 300000 samples [q1: 54.0%, q2: 46.0%]
state visits in window        : q1: 219738, q2: 181889
state visits cumulative       : q1: 6097463, q2: 4626730
state entries in window       : q1: 1785, q2: 1726
state entries cumulative      : q1: 44430, q2: 40783
transitions cumulative       : q1->q2: 40783, q2->q1: 37930
Gym endings cumulative       : terminated=5229, truncated=1272

[Episode 6600/8000 | last 100]
success rate                : 94.0% (cumulative 52.2%)
synthetic task reward       : 80400.000
shaping reward              : -1552.828
learning reward             : 78847.172
episode length              : 2331.2
abstract changes / episode  : 153.6
completed cycles / episode   : 8.04
automaton changes / episode  : 16.35
automaton changes in window  : q1->q2: 831, q2->q1: 804
epsilon (next episode)       : 0.07132
replay buffer                : 300000 samples [q1: 56.0%, q2: 44.0%]
state visits in window        : q1: 131480, q2: 101741
state visits cumulative       : q1: 6228943, q2: 4728471
state entries in window       : q1: 904, q2: 831
state entries cumulative      : q1: 45334, q2: 41614
transitions cumulative       : q1->q2: 41614, q2->q1: 38734
Gym endings cumulative       : terminated=5309, truncated=1292

[Episode 6700/8000 | last 100]
success rate                : 96.0% (cumulative 52.8%)
synthetic task reward       : 95800.000
shaping reward              : 299.044
learning reward             : 96099.044
episode length              : 2705.5
abstract changes / episode  : 178.2
completed cycles / episode   : 9.58
automaton changes / episode  : 19.67
automaton changes in window  : q1->q2: 1009, q2->q1: 958
epsilon (next episode)       : 0.06853
replay buffer                : 300000 samples [q1: 57.4%, q2: 42.6%]
state visits in window        : q1: 154569, q2: 116078
state visits cumulative       : q1: 6383512, q2: 4844549
state entries in window       : q1: 1058, q2: 1009
state entries cumulative      : q1: 46392, q2: 42623
transitions cumulative       : q1->q2: 42623, q2->q1: 39692
Gym endings cumulative       : terminated=5387, truncated=1314

[Episode 6800/8000 | last 100]
success rate                : 96.0% (cumulative 53.5%)
synthetic task reward       : 99200.000
shaping reward              : -1002.296
learning reward             : 98197.704
episode length              : 2794.5
abstract changes / episode  : 186.2
completed cycles / episode   : 9.92
automaton changes / episode  : 20.18
automaton changes in window  : q1->q2: 1026, q2->q1: 992
epsilon (next episode)       : 0.06584
replay buffer                : 300000 samples [q1: 56.6%, q2: 43.4%]
state visits in window        : q1: 158627, q2: 120925
state visits cumulative       : q1: 6542139, q2: 4965474
state entries in window       : q1: 1092, q2: 1026
state entries cumulative      : q1: 47484, q2: 43649
transitions cumulative       : q1->q2: 43649, q2->q1: 40684
Gym endings cumulative       : terminated=5457, truncated=1344

[Episode 6900/8000 | last 100]
success rate                : 95.0% (cumulative 54.1%)
synthetic task reward       : 110300.000
shaping reward              : 190.087
learning reward             : 110490.087
episode length              : 3043.0
abstract changes / episode  : 199.8
completed cycles / episode   : 11.03
automaton changes / episode  : 22.52
automaton changes in window  : q1->q2: 1149, q2->q1: 1103
epsilon (next episode)       : 0.06326
replay buffer                : 300000 samples [q1: 55.9%, q2: 44.1%]
state visits in window        : q1: 170479, q2: 133919
state visits cumulative       : q1: 6712618, q2: 5099393
state entries in window       : q1: 1203, q2: 1149
state entries cumulative      : q1: 48687, q2: 44798
transitions cumulative       : q1->q2: 44798, q2->q1: 41787
Gym endings cumulative       : terminated=5520, truncated=1381

[Episode 7000/8000 | last 100]
success rate                : 97.0% (cumulative 54.7%)
synthetic task reward       : 140700.000
shaping reward              : 493.124
learning reward             : 141193.124
episode length              : 3367.7
abstract changes / episode  : 218.7
completed cycles / episode   : 14.07
automaton changes / episode  : 28.51
automaton changes in window  : q1->q2: 1444, q2->q1: 1407
epsilon (next episode)       : 0.06078
replay buffer                : 300000 samples [q1: 55.9%, q2: 44.1%]
state visits in window        : q1: 186218, q2: 150647
state visits cumulative       : q1: 6898836, q2: 5250040
state entries in window       : q1: 1507, q2: 1444
state entries cumulative      : q1: 50194, q2: 46242
transitions cumulative       : q1->q2: 46242, q2->q1: 43194
Gym endings cumulative       : terminated=5574, truncated=1427

[Episode 7100/8000 | last 100]
success rate                : 91.0% (cumulative 55.2%)
synthetic task reward       : 89700.000
shaping reward              : -681.126
learning reward             : 89018.874
episode length              : 2562.9
abstract changes / episode  : 153.3
completed cycles / episode   : 8.97
automaton changes / episode  : 18.25
automaton changes in window  : q1->q2: 928, q2->q1: 897
epsilon (next episode)       : 0.05839
replay buffer                : 300000 samples [q1: 54.4%, q2: 45.6%]
state visits in window        : q1: 138856, q2: 117537
state visits cumulative       : q1: 7037692, q2: 5367577
state entries in window       : q1: 997, q2: 928
state entries cumulative      : q1: 51191, q2: 47170
transitions cumulative       : q1->q2: 47170, q2->q1: 44091
Gym endings cumulative       : terminated=5645, truncated=1456

[Episode 7200/8000 | last 100]
success rate                : 58.0% (cumulative 55.2%)
synthetic task reward       : 27500.000
shaping reward              : -2779.396
learning reward             : 24720.604
episode length              : 908.1
abstract changes / episode  : 54.8
completed cycles / episode   : 2.75
automaton changes / episode  : 5.76
automaton changes in window  : q1->q2: 301, q2->q1: 275
epsilon (next episode)       : 0.05610
replay buffer                : 300000 samples [q1: 53.5%, q2: 46.5%]
state visits in window        : q1: 50160, q2: 40749
state visits cumulative       : q1: 7087852, q2: 5408326
state entries in window       : q1: 375, q2: 301
state entries cumulative      : q1: 51566, q2: 47471
transitions cumulative       : q1->q2: 47471, q2->q1: 44366
Gym endings cumulative       : terminated=5741, truncated=1460

[Episode 7300/8000 | last 100]
success rate                : 94.0% (cumulative 55.8%)
synthetic task reward       : 77100.000
shaping reward              : -823.648
learning reward             : 76276.352
episode length              : 2624.8
abstract changes / episode  : 153.1
completed cycles / episode   : 7.71
automaton changes / episode  : 15.72
automaton changes in window  : q1->q2: 801, q2->q1: 771
epsilon (next episode)       : 0.05390
replay buffer                : 300000 samples [q1: 53.5%, q2: 46.5%]
state visits in window        : q1: 140462, q2: 122122
state visits cumulative       : q1: 7228314, q2: 5530448
state entries in window       : q1: 871, q2: 801
state entries cumulative      : q1: 52437, q2: 48272
transitions cumulative       : q1->q2: 48272, q2->q1: 45137
Gym endings cumulative       : terminated=5813, truncated=1488

[Episode 7400/8000 | last 100]
success rate                : 88.0% (cumulative 56.2%)
synthetic task reward       : 83500.000
shaping reward              : -307.815
learning reward             : 83192.185
episode length              : 2633.5
abstract changes / episode  : 155.2
completed cycles / episode   : 8.35
automaton changes / episode  : 17.07
automaton changes in window  : q1->q2: 872, q2->q1: 835
epsilon (next episode)       : 0.05179
replay buffer                : 300000 samples [q1: 54.7%, q2: 45.3%]
state visits in window        : q1: 145266, q2: 118187
state visits cumulative       : q1: 7373580, q2: 5648635
state entries in window       : q1: 935, q2: 872
state entries cumulative      : q1: 53372, q2: 49144
transitions cumulative       : q1->q2: 49144, q2->q1: 45972
Gym endings cumulative       : terminated=5885, truncated=1516

[Episode 7500/8000 | last 100]
success rate                : 96.0% (cumulative 56.7%)
synthetic task reward       : 124300.000
shaping reward              : 928.421
learning reward             : 125228.421
episode length              : 3191.9
abstract changes / episode  : 186.4
completed cycles / episode   : 12.43
automaton changes / episode  : 25.36
automaton changes in window  : q1->q2: 1293, q2->q1: 1243
epsilon (next episode)       : 0.04976
replay buffer                : 300000 samples [q1: 51.4%, q2: 48.6%]
state visits in window        : q1: 165258, q2: 154036
state visits cumulative       : q1: 7538838, q2: 5802671
state entries in window       : q1: 1343, q2: 1293
state entries cumulative      : q1: 54715, q2: 50437
transitions cumulative       : q1->q2: 50437, q2->q1: 47215
Gym endings cumulative       : terminated=5945, truncated=1556

[Episode 7600/8000 | last 100]
success rate                : 98.0% (cumulative 57.3%)
synthetic task reward       : 94300.000
shaping reward              : -193.091
learning reward             : 94106.909
episode length              : 2625.5
abstract changes / episode  : 151.3
completed cycles / episode   : 9.43
automaton changes / episode  : 19.35
automaton changes in window  : q1->q2: 992, q2->q1: 943
epsilon (next episode)       : 0.04781
replay buffer                : 300000 samples [q1: 55.1%, q2: 44.9%]
state visits in window        : q1: 145438, q2: 117210
state visits cumulative       : q1: 7684276, q2: 5919881
state entries in window       : q1: 1043, q2: 992
state entries cumulative      : q1: 55758, q2: 51429
transitions cumulative       : q1->q2: 51429, q2->q1: 48158
Gym endings cumulative       : terminated=6022, truncated=1579

[Episode 7700/8000 | last 100]
success rate                : 93.0% (cumulative 57.7%)
synthetic task reward       : 85900.000
shaping reward              : -1145.782
learning reward             : 84754.218
episode length              : 2106.9
abstract changes / episode  : 130.9
completed cycles / episode   : 8.59
automaton changes / episode  : 17.48
automaton changes in window  : q1->q2: 889, q2->q1: 859
epsilon (next episode)       : 0.04593
replay buffer                : 300000 samples [q1: 54.0%, q2: 46.0%]
state visits in window        : q1: 117752, q2: 93040
state visits cumulative       : q1: 7802028, q2: 6012921
state entries in window       : q1: 959, q2: 889
state entries cumulative      : q1: 56717, q2: 52318
transitions cumulative       : q1->q2: 52318, q2->q1: 49017
Gym endings cumulative       : terminated=6095, truncated=1606

[Episode 7800/8000 | last 100]
success rate                : 89.0% (cumulative 58.1%)
synthetic task reward       : 112000.000
shaping reward              : 1033.155
learning reward             : 113033.155
episode length              : 2699.5
abstract changes / episode  : 167.5
completed cycles / episode   : 11.20
automaton changes / episode  : 22.95
automaton changes in window  : q1->q2: 1175, q2->q1: 1120
epsilon (next episode)       : 0.04413
replay buffer                : 300000 samples [q1: 56.0%, q2: 44.0%]
state visits in window        : q1: 150090, q2: 119964
state visits cumulative       : q1: 7952118, q2: 6132885
state entries in window       : q1: 1220, q2: 1175
state entries cumulative      : q1: 57937, q2: 53493
transitions cumulative       : q1->q2: 53493, q2->q1: 50137
Gym endings cumulative       : terminated=6166, truncated=1635

[Episode 7900/8000 | last 100]
success rate                : 96.0% (cumulative 58.6%)
synthetic task reward       : 156500.000
shaping reward              : 724.552
learning reward             : 157224.552
episode length              : 3491.2
abstract changes / episode  : 218.7
completed cycles / episode   : 15.65
automaton changes / episode  : 31.68
automaton changes in window  : q1->q2: 1603, q2->q1: 1565
epsilon (next episode)       : 0.04240
replay buffer                : 300000 samples [q1: 53.2%, q2: 46.8%]
state visits in window        : q1: 183869, q2: 165351
state visits cumulative       : q1: 8135987, q2: 6298236
state entries in window       : q1: 1665, q2: 1603
state entries cumulative      : q1: 59602, q2: 55096
transitions cumulative       : q1->q2: 55096, q2->q1: 51702
Gym endings cumulative       : terminated=6216, truncated=1685

[Episode 8000/8000 | last 100]
success rate                : 48.0% (cumulative 58.5%)
synthetic task reward       : 56900.000
shaping reward              : 1624.736
learning reward             : 58524.736
episode length              : 1339.5
abstract changes / episode  : 85.0
completed cycles / episode   : 5.69
automaton changes / episode  : 12.14
automaton changes in window  : q1->q2: 645, q2->q1: 569
epsilon (next episode)       : 0.04074
replay buffer                : 300000 samples [q1: 53.7%, q2: 46.3%]
state visits in window        : q1: 69289, q2: 64756
state visits cumulative       : q1: 8205276, q2: 6362992
state entries in window       : q1: 669, q2: 645
state entries cumulative      : q1: 60271, q2: 55741
transitions cumulative       : q1->q2: 55741, q2->q1: 52271
Gym endings cumulative       : terminated=6301, truncated=1700
Last policy saved after episode 8000. Best policy: episode 6300, mean learning reward=178912.138
