
=== NEW RUN ===
episodes=8000, shaping=True, K=1.0, goal_reward=10000.0, gamma=0.99
inter_level_shaping=True, inter_level_K=1.0
formula=F(wp1 & X(F(wp2 & X(F(goal)))))
waypoints={'wp1': (1, 8), 'wp2': (5, 6), 'goal': (8, 8)}
dfa_states=[1, 2, 3, 4], pre_trace=1, accepting=[4]

[Episode 1/8000 | last 1]
success rate                : 0.0% (cumulative 0.0%)
synthetic task reward       : 0.000
shaping reward              : -1652.635
learning reward             : -1652.635
episode length              : 123.0
abstract changes / episode  : 14.0
DFA transitions / episode   : 0.00
DFA transitions in window   : none
epsilon (next episode)       : 0.99960
replay buffer                : 123 samples [1: 100.0%, 2: 0.0%, 3: 0.0%, 4: 0.0%]
DFA state visits in window   : 1: 124, 2: 0, 3: 0, 4: 0
DFA state visits cumulative  : 1: 124, 2: 0, 3: 0, 4: 0
DFA state entries in window  : 1: 1, 2: 0, 3: 0, 4: 0
DFA state entries cumulative : 1: 1, 2: 0, 3: 0, 4: 0
transitions cumulative       : none
accepted directly from s0    : 0
Gym endings cumulative       : terminated=1, truncated=0
Best policy updated at episode 1: mean learning reward=-1652.635

[Episode 100/8000 | last 100]
success rate                : 0.0% (cumulative 0.0%)
synthetic task reward       : 0.000
shaping reward              : -1537.405
learning reward             : -1537.405
episode length              : 90.8
abstract changes / episode  : 13.1
DFA transitions / episode   : 0.05
DFA transitions in window   : 1->2: 5
epsilon (next episode)       : 0.96078
replay buffer                : 9076 samples [1: 98.5%, 2: 1.5%, 3: 0.0%, 4: 0.0%]
DFA state visits in window   : 1: 9038, 2: 138, 3: 0, 4: 0
DFA state visits cumulative  : 1: 9038, 2: 138, 3: 0, 4: 0
DFA state entries in window  : 1: 100, 2: 5, 3: 0, 4: 0
DFA state entries cumulative : 1: 100, 2: 5, 3: 0, 4: 0
transitions cumulative       : 1->2: 5
accepted directly from s0    : 0
Gym endings cumulative       : terminated=100, truncated=0
Best policy updated at episode 100: mean learning reward=-1537.405

[Episode 200/8000 | last 100]
success rate                : 0.0% (cumulative 0.0%)
synthetic task reward       : 0.000
shaping reward              : -1509.606
learning reward             : -1509.606
episode length              : 98.1
abstract changes / episode  : 12.7
DFA transitions / episode   : 0.01
DFA transitions in window   : 1->2: 1
epsilon (next episode)       : 0.92310
replay buffer                : 18886 samples [1: 99.2%, 2: 0.8%, 3: 0.0%, 4: 0.0%]
DFA state visits in window   : 1: 9889, 2: 21, 3: 0, 4: 0
DFA state visits cumulative  : 1: 18927, 2: 159, 3: 0, 4: 0
DFA state entries in window  : 1: 100, 2: 1, 3: 0, 4: 0
DFA state entries cumulative : 1: 200, 2: 6, 3: 0, 4: 0
transitions cumulative       : 1->2: 6
accepted directly from s0    : 0
Gym endings cumulative       : terminated=200, truncated=0
Best policy updated at episode 200: mean learning reward=-1509.606

[Episode 300/8000 | last 100]
success rate                : 0.0% (cumulative 0.0%)
synthetic task reward       : 0.000
shaping reward              : -1548.157
learning reward             : -1548.157
episode length              : 97.9
abstract changes / episode  : 13.1
DFA transitions / episode   : 0.02
DFA transitions in window   : 1->2: 2
epsilon (next episode)       : 0.88690
replay buffer                : 28677 samples [1: 99.3%, 2: 0.7%, 3: 0.0%, 4: 0.0%]
DFA state visits in window   : 1: 9847, 2: 44, 3: 0, 4: 0
DFA state visits cumulative  : 1: 28774, 2: 203, 3: 0, 4: 0
DFA state entries in window  : 1: 100, 2: 2, 3: 0, 4: 0
DFA state entries cumulative : 1: 300, 2: 8, 3: 0, 4: 0
transitions cumulative       : 1->2: 8
accepted directly from s0    : 0
Gym endings cumulative       : terminated=300, truncated=0

[Episode 400/8000 | last 100]
success rate                : 0.0% (cumulative 0.0%)
synthetic task reward       : 0.000
shaping reward              : -1461.939
learning reward             : -1461.939
episode length              : 103.3
abstract changes / episode  : 12.6
DFA transitions / episode   : 0.02
DFA transitions in window   : 1->2: 2
epsilon (next episode)       : 0.85212
replay buffer                : 39011 samples [1: 99.4%, 2: 0.6%, 3: 0.0%, 4: 0.0%]
DFA state visits in window   : 1: 10385, 2: 49, 3: 0, 4: 0
DFA state visits cumulative  : 1: 39159, 2: 252, 3: 0, 4: 0
DFA state entries in window  : 1: 100, 2: 2, 3: 0, 4: 0
DFA state entries cumulative : 1: 400, 2: 10, 3: 0, 4: 0
transitions cumulative       : 1->2: 10
accepted directly from s0    : 0
Gym endings cumulative       : terminated=400, truncated=0
Best policy updated at episode 400: mean learning reward=-1461.939

[Episode 500/8000 | last 100]
success rate                : 0.0% (cumulative 0.0%)
synthetic task reward       : 0.000
shaping reward              : -1457.515
learning reward             : -1457.515
episode length              : 100.6
abstract changes / episode  : 12.5
DFA transitions / episode   : 0.03
DFA transitions in window   : 1->2: 3
epsilon (next episode)       : 0.81870
replay buffer                : 49070 samples [1: 99.3%, 2: 0.7%, 3: 0.0%, 4: 0.0%]
DFA state visits in window   : 1: 10076, 2: 83, 3: 0, 4: 0
DFA state visits cumulative  : 1: 49235, 2: 335, 3: 0, 4: 0
DFA state entries in window  : 1: 100, 2: 3, 3: 0, 4: 0
DFA state entries cumulative : 1: 500, 2: 13, 3: 0, 4: 0
transitions cumulative       : 1->2: 13
accepted directly from s0    : 0
Gym endings cumulative       : terminated=500, truncated=0
Best policy updated at episode 500: mean learning reward=-1457.515

[Episode 600/8000 | last 100]
success rate                : 0.0% (cumulative 0.0%)
synthetic task reward       : 0.000
shaping reward              : -1540.030
learning reward             : -1540.030
episode length              : 109.4
abstract changes / episode  : 13.1
DFA transitions / episode   : 0.02
DFA transitions in window   : 1->2: 2
epsilon (next episode)       : 0.78659
replay buffer                : 60008 samples [1: 99.3%, 2: 0.7%, 3: 0.0%, 4: 0.0%]
DFA state visits in window   : 1: 10958, 2: 80, 3: 0, 4: 0
DFA state visits cumulative  : 1: 60193, 2: 415, 3: 0, 4: 0
DFA state entries in window  : 1: 100, 2: 2, 3: 0, 4: 0
DFA state entries cumulative : 1: 600, 2: 15, 3: 0, 4: 0
transitions cumulative       : 1->2: 15
accepted directly from s0    : 0
Gym endings cumulative       : terminated=600, truncated=0

[Episode 700/8000 | last 100]
success rate                : 0.0% (cumulative 0.0%)
synthetic task reward       : 0.000
shaping reward              : -1402.638
learning reward             : -1402.638
episode length              : 118.5
abstract changes / episode  : 12.4
DFA transitions / episode   : 0.05
DFA transitions in window   : 1->2: 5
epsilon (next episode)       : 0.75574
replay buffer                : 71859 samples [1: 99.3%, 2: 0.7%, 3: 0.0%, 4: 0.0%]
DFA state visits in window   : 1: 11817, 2: 134, 3: 0, 4: 0
DFA state visits cumulative  : 1: 72010, 2: 549, 3: 0, 4: 0
DFA state entries in window  : 1: 100, 2: 5, 3: 0, 4: 0
DFA state entries cumulative : 1: 700, 2: 20, 3: 0, 4: 0
transitions cumulative       : 1->2: 20
accepted directly from s0    : 0
Gym endings cumulative       : terminated=700, truncated=0
Best policy updated at episode 700: mean learning reward=-1402.638

[Episode 800/8000 | last 100]
success rate                : 0.0% (cumulative 0.0%)
synthetic task reward       : 0.000
shaping reward              : -1511.151
learning reward             : -1511.151
episode length              : 122.4
abstract changes / episode  : 13.2
DFA transitions / episode   : 0.03
DFA transitions in window   : 1->2: 3
epsilon (next episode)       : 0.72610
replay buffer                : 84102 samples [1: 99.3%, 2: 0.7%, 3: 0.0%, 4: 0.0%]
DFA state visits in window   : 1: 12292, 2: 51, 3: 0, 4: 0
DFA state visits cumulative  : 1: 84302, 2: 600, 3: 0, 4: 0
DFA state entries in window  : 1: 100, 2: 3, 3: 0, 4: 0
DFA state entries cumulative : 1: 800, 2: 23, 3: 0, 4: 0
transitions cumulative       : 1->2: 23
accepted directly from s0    : 0
Gym endings cumulative       : terminated=800, truncated=0

[Episode 900/8000 | last 100]
success rate                : 0.0% (cumulative 0.0%)
synthetic task reward       : 0.000
shaping reward              : -1516.725
learning reward             : -1516.725
episode length              : 125.5
abstract changes / episode  : 13.1
DFA transitions / episode   : 0.03
DFA transitions in window   : 1->2: 3
epsilon (next episode)       : 0.69763
replay buffer                : 96648 samples [1: 99.3%, 2: 0.7%, 3: 0.0%, 4: 0.0%]
DFA state visits in window   : 1: 12530, 2: 116, 3: 0, 4: 0
DFA state visits cumulative  : 1: 96832, 2: 716, 3: 0, 4: 0
DFA state entries in window  : 1: 100, 2: 3, 3: 0, 4: 0
DFA state entries cumulative : 1: 900, 2: 26, 3: 0, 4: 0
transitions cumulative       : 1->2: 26
accepted directly from s0    : 0
Gym endings cumulative       : terminated=900, truncated=0

[Episode 1000/8000 | last 100]
success rate                : 0.0% (cumulative 0.0%)
synthetic task reward       : 0.000
shaping reward              : -1536.410
learning reward             : -1536.410
episode length              : 140.3
abstract changes / episode  : 13.5
DFA transitions / episode   : 0.03
DFA transitions in window   : 1->2: 3
epsilon (next episode)       : 0.67027
replay buffer                : 110675 samples [1: 99.3%, 2: 0.7%, 3: 0.0%, 4: 0.0%]
DFA state visits in window   : 1: 14009, 2: 118, 3: 0, 4: 0
DFA state visits cumulative  : 1: 110841, 2: 834, 3: 0, 4: 0
DFA state entries in window  : 1: 100, 2: 3, 3: 0, 4: 0
DFA state entries cumulative : 1: 1000, 2: 29, 3: 0, 4: 0
transitions cumulative       : 1->2: 29
accepted directly from s0    : 0
Gym endings cumulative       : terminated=1000, truncated=0

[Episode 1100/8000 | last 100]
success rate                : 0.0% (cumulative 0.0%)
synthetic task reward       : 0.000
shaping reward              : -1513.800
learning reward             : -1513.800
episode length              : 146.0
abstract changes / episode  : 13.2
DFA transitions / episode   : 0.02
DFA transitions in window   : 1->2: 2
epsilon (next episode)       : 0.64398
replay buffer                : 125276 samples [1: 99.2%, 2: 0.8%, 3: 0.0%, 4: 0.0%]
DFA state visits in window   : 1: 14559, 2: 142, 3: 0, 4: 0
DFA state visits cumulative  : 1: 125400, 2: 976, 3: 0, 4: 0
DFA state entries in window  : 1: 100, 2: 2, 3: 0, 4: 0
DFA state entries cumulative : 1: 1100, 2: 31, 3: 0, 4: 0
transitions cumulative       : 1->2: 31
accepted directly from s0    : 0
Gym endings cumulative       : terminated=1100, truncated=0

[Episode 1200/8000 | last 100]
success rate                : 0.0% (cumulative 0.0%)
synthetic task reward       : 0.000
shaping reward              : -1632.555
learning reward             : -1632.555
episode length              : 180.0
abstract changes / episode  : 14.0
DFA transitions / episode   : 0.04
DFA transitions in window   : 1->2: 4
epsilon (next episode)       : 0.61872
replay buffer                : 143276 samples [1: 99.2%, 2: 0.8%, 3: 0.0%, 4: 0.0%]
DFA state visits in window   : 1: 17896, 2: 204, 3: 0, 4: 0
DFA state visits cumulative  : 1: 143296, 2: 1180, 3: 0, 4: 0
DFA state entries in window  : 1: 100, 2: 4, 3: 0, 4: 0
DFA state entries cumulative : 1: 1200, 2: 35, 3: 0, 4: 0
transitions cumulative       : 1->2: 35
accepted directly from s0    : 0
Gym endings cumulative       : terminated=1200, truncated=0

[Episode 1300/8000 | last 100]
success rate                : 0.0% (cumulative 0.0%)
synthetic task reward       : 0.000
shaping reward              : -1727.480
learning reward             : -1727.480
episode length              : 183.9
abstract changes / episode  : 14.8
DFA transitions / episode   : 0.00
DFA transitions in window   : none
epsilon (next episode)       : 0.59446
replay buffer                : 161671 samples [1: 99.3%, 2: 0.7%, 3: 0.0%, 4: 0.0%]
DFA state visits in window   : 1: 18495, 2: 0, 3: 0, 4: 0
DFA state visits cumulative  : 1: 161791, 2: 1180, 3: 0, 4: 0
DFA state entries in window  : 1: 100, 2: 0, 3: 0, 4: 0
DFA state entries cumulative : 1: 1300, 2: 35, 3: 0, 4: 0
transitions cumulative       : 1->2: 35
accepted directly from s0    : 0
Gym endings cumulative       : terminated=1300, truncated=0

[Episode 1400/8000 | last 100]
success rate                : 0.0% (cumulative 0.0%)
synthetic task reward       : 0.000
shaping reward              : -1639.062
learning reward             : -1639.062
episode length              : 144.4
abstract changes / episode  : 13.8
DFA transitions / episode   : 0.00
DFA transitions in window   : none
epsilon (next episode)       : 0.57115
replay buffer                : 176111 samples [1: 99.3%, 2: 0.7%, 3: 0.0%, 4: 0.0%]
DFA state visits in window   : 1: 14540, 2: 0, 3: 0, 4: 0
DFA state visits cumulative  : 1: 176331, 2: 1180, 3: 0, 4: 0
DFA state entries in window  : 1: 100, 2: 0, 3: 0, 4: 0
DFA state entries cumulative : 1: 1400, 2: 35, 3: 0, 4: 0
transitions cumulative       : 1->2: 35
accepted directly from s0    : 0
Gym endings cumulative       : terminated=1400, truncated=0

[Episode 1500/8000 | last 100]
success rate                : 0.0% (cumulative 0.0%)
synthetic task reward       : 0.000
shaping reward              : -1539.446
learning reward             : -1539.446
episode length              : 118.8
abstract changes / episode  : 12.8
DFA transitions / episode   : 0.00
DFA transitions in window   : none
epsilon (next episode)       : 0.54875
replay buffer                : 187989 samples [1: 99.4%, 2: 0.6%, 3: 0.0%, 4: 0.0%]
DFA state visits in window   : 1: 11978, 2: 0, 3: 0, 4: 0
DFA state visits cumulative  : 1: 188309, 2: 1180, 3: 0, 4: 0
DFA state entries in window  : 1: 100, 2: 0, 3: 0, 4: 0
DFA state entries cumulative : 1: 1500, 2: 35, 3: 0, 4: 0
transitions cumulative       : 1->2: 35
accepted directly from s0    : 0
Gym endings cumulative       : terminated=1500, truncated=0

[Episode 1600/8000 | last 100]
success rate                : 0.0% (cumulative 0.0%)
synthetic task reward       : 0.000
shaping reward              : -1581.231
learning reward             : -1581.231
episode length              : 152.5
abstract changes / episode  : 13.1
DFA transitions / episode   : 0.00
DFA transitions in window   : none
epsilon (next episode)       : 0.52722
replay buffer                : 203240 samples [1: 99.4%, 2: 0.6%, 3: 0.0%, 4: 0.0%]
DFA state visits in window   : 1: 15351, 2: 0, 3: 0, 4: 0
DFA state visits cumulative  : 1: 203660, 2: 1180, 3: 0, 4: 0
DFA state entries in window  : 1: 100, 2: 0, 3: 0, 4: 0
DFA state entries cumulative : 1: 1600, 2: 35, 3: 0, 4: 0
transitions cumulative       : 1->2: 35
accepted directly from s0    : 0
Gym endings cumulative       : terminated=1596, truncated=4

[Episode 1700/8000 | last 100]
success rate                : 0.0% (cumulative 0.0%)
synthetic task reward       : 0.000
shaping reward              : -1540.054
learning reward             : -1540.054
episode length              : 170.0
abstract changes / episode  : 12.8
DFA transitions / episode   : 0.00
DFA transitions in window   : none
epsilon (next episode)       : 0.50655
replay buffer                : 220236 samples [1: 99.5%, 2: 0.5%, 3: 0.0%, 4: 0.0%]
DFA state visits in window   : 1: 17096, 2: 0, 3: 0, 4: 0
DFA state visits cumulative  : 1: 220756, 2: 1180, 3: 0, 4: 0
DFA state entries in window  : 1: 100, 2: 0, 3: 0, 4: 0
DFA state entries cumulative : 1: 1700, 2: 35, 3: 0, 4: 0
transitions cumulative       : 1->2: 35
accepted directly from s0    : 0
Gym endings cumulative       : terminated=1690, truncated=10

[Episode 1800/8000 | last 100]
success rate                : 0.0% (cumulative 0.0%)
synthetic task reward       : 0.000
shaping reward              : -1568.693
learning reward             : -1568.693
episode length              : 163.4
abstract changes / episode  : 13.2
DFA transitions / episode   : 0.00
DFA transitions in window   : none
epsilon (next episode)       : 0.48668
replay buffer                : 236573 samples [1: 99.5%, 2: 0.5%, 3: 0.0%, 4: 0.0%]
DFA state visits in window   : 1: 16437, 2: 0, 3: 0, 4: 0
DFA state visits cumulative  : 1: 237193, 2: 1180, 3: 0, 4: 0
DFA state entries in window  : 1: 100, 2: 0, 3: 0, 4: 0
DFA state entries cumulative : 1: 1800, 2: 35, 3: 0, 4: 0
transitions cumulative       : 1->2: 35
accepted directly from s0    : 0
Gym endings cumulative       : terminated=1787, truncated=13

[Episode 1900/8000 | last 100]
success rate                : 0.0% (cumulative 0.0%)
synthetic task reward       : 0.000
shaping reward              : -1660.657
learning reward             : -1660.657
episode length              : 208.7
abstract changes / episode  : 14.3
DFA transitions / episode   : 0.00
DFA transitions in window   : none
epsilon (next episode)       : 0.46760
replay buffer                : 257439 samples [1: 99.6%, 2: 0.4%, 3: 0.0%, 4: 0.0%]
DFA state visits in window   : 1: 20966, 2: 0, 3: 0, 4: 0
DFA state visits cumulative  : 1: 258159, 2: 1180, 3: 0, 4: 0
DFA state entries in window  : 1: 100, 2: 0, 3: 0, 4: 0
DFA state entries cumulative : 1: 1900, 2: 35, 3: 0, 4: 0
transitions cumulative       : 1->2: 35
accepted directly from s0    : 0
Gym endings cumulative       : terminated=1881, truncated=19

[Episode 2000/8000 | last 100]
success rate                : 0.0% (cumulative 0.0%)
synthetic task reward       : 0.000
shaping reward              : -1829.612
learning reward             : -1829.612
episode length              : 372.2
abstract changes / episode  : 18.1
DFA transitions / episode   : 0.09
DFA transitions in window   : 1->2: 9
epsilon (next episode)       : 0.44926
replay buffer                : 294661 samples [1: 99.3%, 2: 0.7%, 3: 0.0%, 4: 0.0%]
DFA state visits in window   : 1: 36435, 2: 887, 3: 0, 4: 0
DFA state visits cumulative  : 1: 294594, 2: 2067, 3: 0, 4: 0
DFA state entries in window  : 1: 100, 2: 9, 3: 0, 4: 0
DFA state entries cumulative : 1: 2000, 2: 44, 3: 0, 4: 0
transitions cumulative       : 1->2: 44
accepted directly from s0    : 0
Gym endings cumulative       : terminated=1975, truncated=25

[Episode 2100/8000 | last 100]
success rate                : 0.0% (cumulative 0.0%)
synthetic task reward       : 0.000
shaping reward              : -1688.815
learning reward             : -1688.815
episode length              : 282.8
abstract changes / episode  : 16.0
DFA transitions / episode   : 0.03
DFA transitions in window   : 1->2: 3
epsilon (next episode)       : 0.43164
replay buffer                : 300000 samples [1: 99.4%, 2: 0.6%, 3: 0.0%, 4: 0.0%]
DFA state visits in window   : 1: 28320, 2: 63, 3: 0, 4: 0
DFA state visits cumulative  : 1: 322914, 2: 2130, 3: 0, 4: 0
DFA state entries in window  : 1: 100, 2: 3, 3: 0, 4: 0
DFA state entries cumulative : 1: 2100, 2: 47, 3: 0, 4: 0
transitions cumulative       : 1->2: 47
accepted directly from s0    : 0
Gym endings cumulative       : terminated=2073, truncated=27

[Episode 2200/8000 | last 100]
success rate                : 0.0% (cumulative 0.0%)
synthetic task reward       : 0.000
shaping reward              : -1643.857
learning reward             : -1643.857
episode length              : 335.4
abstract changes / episode  : 17.7
DFA transitions / episode   : 0.13
DFA transitions in window   : 1->2: 13
epsilon (next episode)       : 0.41471
replay buffer                : 300000 samples [1: 99.2%, 2: 0.8%, 3: 0.0%, 4: 0.0%]
DFA state visits in window   : 1: 32815, 2: 830, 3: 0, 4: 0
DFA state visits cumulative  : 1: 355729, 2: 2960, 3: 0, 4: 0
DFA state entries in window  : 1: 100, 2: 13, 3: 0, 4: 0
DFA state entries cumulative : 1: 2200, 2: 60, 3: 0, 4: 0
transitions cumulative       : 1->2: 60
accepted directly from s0    : 0
Gym endings cumulative       : terminated=2171, truncated=29

[Episode 2300/8000 | last 100]
success rate                : 0.0% (cumulative 0.0%)
synthetic task reward       : 0.000
shaping reward              : -2289.462
learning reward             : -2289.462
episode length              : 476.0
abstract changes / episode  : 23.9
DFA transitions / episode   : 0.05
DFA transitions in window   : 1->2: 5
epsilon (next episode)       : 0.39845
replay buffer                : 300000 samples [1: 99.0%, 2: 1.0%, 3: 0.0%, 4: 0.0%]
DFA state visits in window   : 1: 47009, 2: 690, 3: 0, 4: 0
DFA state visits cumulative  : 1: 402738, 2: 3650, 3: 0, 4: 0
DFA state entries in window  : 1: 100, 2: 5, 3: 0, 4: 0
DFA state entries cumulative : 1: 2300, 2: 65, 3: 0, 4: 0
transitions cumulative       : 1->2: 65
accepted directly from s0    : 0
Gym endings cumulative       : terminated=2259, truncated=41

[Episode 2400/8000 | last 100]
success rate                : 0.0% (cumulative 0.0%)
synthetic task reward       : 0.000
shaping reward              : -1801.859
learning reward             : -1801.859
episode length              : 434.9
abstract changes / episode  : 21.0
DFA transitions / episode   : 0.31
DFA transitions in window   : 1->2: 31
epsilon (next episode)       : 0.38282
replay buffer                : 300000 samples [1: 98.0%, 2: 2.0%, 3: 0.0%, 4: 0.0%]
DFA state visits in window   : 1: 39847, 2: 3739, 3: 0, 4: 0
DFA state visits cumulative  : 1: 442585, 2: 7389, 3: 0, 4: 0
DFA state entries in window  : 1: 100, 2: 31, 3: 0, 4: 0
DFA state entries cumulative : 1: 2400, 2: 96, 3: 0, 4: 0
transitions cumulative       : 1->2: 96
accepted directly from s0    : 0
Gym endings cumulative       : terminated=2351, truncated=49

[Episode 2500/8000 | last 100]
success rate                : 0.0% (cumulative 0.0%)
synthetic task reward       : 0.000
shaping reward              : -1277.618
learning reward             : -1277.618
episode length              : 287.4
abstract changes / episode  : 15.0
DFA transitions / episode   : 0.16
DFA transitions in window   : 1->2: 16
epsilon (next episode)       : 0.36781
replay buffer                : 300000 samples [1: 97.4%, 2: 2.6%, 3: 0.0%, 4: 0.0%]
DFA state visits in window   : 1: 27180, 2: 1661, 3: 0, 4: 0
DFA state visits cumulative  : 1: 469765, 2: 9050, 3: 0, 4: 0
DFA state entries in window  : 1: 100, 2: 16, 3: 0, 4: 0
DFA state entries cumulative : 1: 2500, 2: 112, 3: 0, 4: 0
transitions cumulative       : 1->2: 112
accepted directly from s0    : 0
Gym endings cumulative       : terminated=2450, truncated=50
Best policy updated at episode 2500: mean learning reward=-1277.618

[Episode 2600/8000 | last 100]
success rate                : 0.0% (cumulative 0.0%)
synthetic task reward       : 0.000
shaping reward              : -1365.221
learning reward             : -1365.221
episode length              : 310.5
abstract changes / episode  : 16.2
DFA transitions / episode   : 0.21
DFA transitions in window   : 1->2: 21
epsilon (next episode)       : 0.35338
replay buffer                : 300000 samples [1: 96.5%, 2: 3.5%, 3: 0.0%, 4: 0.0%]
DFA state visits in window   : 1: 28273, 2: 2877, 3: 0, 4: 0
DFA state visits cumulative  : 1: 498038, 2: 11927, 3: 0, 4: 0
DFA state entries in window  : 1: 100, 2: 21, 3: 0, 4: 0
DFA state entries cumulative : 1: 2600, 2: 133, 3: 0, 4: 0
transitions cumulative       : 1->2: 133
accepted directly from s0    : 0
Gym endings cumulative       : terminated=2549, truncated=51

[Episode 2700/8000 | last 100]
success rate                : 0.0% (cumulative 0.0%)
synthetic task reward       : 0.000
shaping reward              : -1509.736
learning reward             : -1509.736
episode length              : 356.4
abstract changes / episode  : 18.4
DFA transitions / episode   : 0.37
DFA transitions in window   : 1->2: 31, 2->3: 6
epsilon (next episode)       : 0.33952
replay buffer                : 300000 samples [1: 94.2%, 2: 5.5%, 3: 0.2%, 4: 0.0%]
DFA state visits in window   : 1: 29042, 2: 5954, 3: 740, 4: 0
DFA state visits cumulative  : 1: 527080, 2: 17881, 3: 740, 4: 0
DFA state entries in window  : 1: 100, 2: 31, 3: 6, 4: 0
DFA state entries cumulative : 1: 2700, 2: 164, 3: 6, 4: 0
transitions cumulative       : 1->2: 164, 2->3: 6
accepted directly from s0    : 0
Gym endings cumulative       : terminated=2648, truncated=52

[Episode 2800/8000 | last 100]
success rate                : 0.0% (cumulative 0.0%)
synthetic task reward       : 0.000
shaping reward              : -1413.299
learning reward             : -1413.299
episode length              : 392.4
abstract changes / episode  : 17.9
DFA transitions / episode   : 0.37
DFA transitions in window   : 1->2: 31, 2->3: 6
epsilon (next episode)       : 0.32621
replay buffer                : 300000 samples [1: 90.5%, 2: 8.8%, 3: 0.7%, 4: 0.0%]
DFA state visits in window   : 1: 27372, 2: 10617, 3: 1351, 4: 0
DFA state visits cumulative  : 1: 554452, 2: 28498, 3: 2091, 4: 0
DFA state entries in window  : 1: 100, 2: 31, 3: 6, 4: 0
DFA state entries cumulative : 1: 2800, 2: 195, 3: 12, 4: 0
transitions cumulative       : 1->2: 195, 2->3: 12
accepted directly from s0    : 0
Gym endings cumulative       : terminated=2741, truncated=59

[Episode 2900/8000 | last 100]
success rate                : 0.0% (cumulative 0.0%)
synthetic task reward       : 0.000
shaping reward              : -1682.848
learning reward             : -1682.848
episode length              : 443.8
abstract changes / episode  : 20.6
DFA transitions / episode   : 0.49
DFA transitions in window   : 1->2: 33, 2->3: 16
epsilon (next episode)       : 0.31341
replay buffer                : 300000 samples [1: 86.4%, 2: 11.9%, 3: 1.7%, 4: 0.0%]
DFA state visits in window   : 1: 31998, 2: 9493, 3: 2985, 4: 0
DFA state visits cumulative  : 1: 586450, 2: 37991, 3: 5076, 4: 0
DFA state entries in window  : 1: 100, 2: 33, 3: 16, 4: 0
DFA state entries cumulative : 1: 2900, 2: 228, 3: 28, 4: 0
transitions cumulative       : 1->2: 228, 2->3: 28
accepted directly from s0    : 0
Gym endings cumulative       : terminated=2831, truncated=69

[Episode 3000/8000 | last 100]
success rate                : 5.0% (cumulative 0.2%)
synthetic task reward       : 500.000
shaping reward              : -1537.353
learning reward             : -1037.353
episode length              : 425.1
abstract changes / episode  : 19.5
DFA transitions / episode   : 0.48
DFA transitions in window   : 1->2: 32, 2->3: 11, 3->4: 5
epsilon (next episode)       : 0.30112
replay buffer                : 300000 samples [1: 83.6%, 2: 14.0%, 3: 2.4%, 4: 0.0%]
DFA state visits in window   : 1: 33194, 2: 7213, 3: 2197, 4: 5
DFA state visits cumulative  : 1: 619644, 2: 45204, 3: 7273, 4: 5
DFA state entries in window  : 1: 100, 2: 32, 3: 11, 4: 5
DFA state entries cumulative : 1: 3000, 2: 260, 3: 39, 4: 5
transitions cumulative       : 1->2: 260, 2->3: 39, 3->4: 5
accepted directly from s0    : 0
Gym endings cumulative       : terminated=2917, truncated=78
Best policy updated at episode 3000: mean learning reward=-1037.353

[Episode 3100/8000 | last 100]
success rate                : 3.0% (cumulative 0.3%)
synthetic task reward       : 300.000
shaping reward              : -1555.604
learning reward             : -1255.604
episode length              : 394.9
abstract changes / episode  : 20.7
DFA transitions / episode   : 0.64
DFA transitions in window   : 1->2: 46, 2->3: 15, 3->4: 3
epsilon (next episode)       : 0.28931
replay buffer                : 300000 samples [1: 80.6%, 2: 16.5%, 3: 2.8%, 4: 0.0%]
DFA state visits in window   : 1: 29868, 2: 8466, 3: 1250, 4: 3
DFA state visits cumulative  : 1: 649512, 2: 53670, 3: 8523, 4: 8
DFA state entries in window  : 1: 100, 2: 46, 3: 15, 4: 3
DFA state entries cumulative : 1: 3100, 2: 306, 3: 54, 4: 8
transitions cumulative       : 1->2: 306, 2->3: 54, 3->4: 8
accepted directly from s0    : 0
Gym endings cumulative       : terminated=3005, truncated=87

[Episode 3200/8000 | last 100]
success rate                : 6.0% (cumulative 0.4%)
synthetic task reward       : 600.000
shaping reward              : -1687.297
learning reward             : -1087.297
episode length              : 417.2
abstract changes / episode  : 23.6
DFA transitions / episode   : 0.80
DFA transitions in window   : 1->2: 55, 2->3: 19, 3->4: 6
epsilon (next episode)       : 0.27797
replay buffer                : 300000 samples [1: 76.6%, 2: 19.6%, 3: 3.8%, 4: 0.0%]
DFA state visits in window   : 1: 26245, 2: 12717, 3: 2853, 4: 6
DFA state visits cumulative  : 1: 675757, 2: 66387, 3: 11376, 4: 14
DFA state entries in window  : 1: 100, 2: 55, 3: 19, 4: 6
DFA state entries cumulative : 1: 3200, 2: 361, 3: 73, 4: 14
transitions cumulative       : 1->2: 361, 2->3: 73, 3->4: 14
accepted directly from s0    : 0
Gym endings cumulative       : terminated=3091, truncated=95

[Episode 3300/8000 | last 100]
success rate                : 6.0% (cumulative 0.6%)
synthetic task reward       : 600.000
shaping reward              : -2107.026
learning reward             : -1507.026
episode length              : 477.9
abstract changes / episode  : 26.4
DFA transitions / episode   : 0.78
DFA transitions in window   : 1->2: 53, 2->3: 19, 3->4: 6
epsilon (next episode)       : 0.26706
replay buffer                : 300000 samples [1: 72.7%, 2: 22.0%, 3: 5.3%, 4: 0.0%]
DFA state visits in window   : 1: 33027, 2: 10283, 3: 4569, 4: 6
DFA state visits cumulative  : 1: 708784, 2: 76670, 3: 15945, 4: 20
DFA state entries in window  : 1: 100, 2: 53, 3: 19, 4: 6
DFA state entries cumulative : 1: 3300, 2: 414, 3: 92, 4: 20
transitions cumulative       : 1->2: 414, 2->3: 92, 3->4: 20
accepted directly from s0    : 0
Gym endings cumulative       : terminated=3177, truncated=103

[Episode 3400/8000 | last 100]
success rate                : 14.0% (cumulative 1.0%)
synthetic task reward       : 1400.000
shaping reward              : -2015.136
learning reward             : -615.136
episode length              : 511.1
abstract changes / episode  : 29.2
DFA transitions / episode   : 1.34
DFA transitions in window   : 1->2: 73, 2->3: 47, 3->4: 14
epsilon (next episode)       : 0.25659
replay buffer                : 300000 samples [1: 67.6%, 2: 24.7%, 3: 7.8%, 4: 0.0%]
DFA state visits in window   : 1: 25854, 2: 17192, 3: 8153, 4: 14
DFA state visits cumulative  : 1: 734638, 2: 93862, 3: 24098, 4: 34
DFA state entries in window  : 1: 100, 2: 73, 3: 47, 4: 14
DFA state entries cumulative : 1: 3400, 2: 487, 3: 139, 4: 34
transitions cumulative       : 1->2: 487, 2->3: 139, 3->4: 34
accepted directly from s0    : 0
Gym endings cumulative       : terminated=3249, truncated=117
Best policy updated at episode 3400: mean learning reward=-615.136

[Episode 3500/8000 | last 100]
success rate                : 11.0% (cumulative 1.3%)
synthetic task reward       : 1100.000
shaping reward              : -2164.204
learning reward             : -1064.204
episode length              : 493.7
abstract changes / episode  : 29.5
DFA transitions / episode   : 1.02
DFA transitions in window   : 1->2: 62, 2->3: 29, 3->4: 11
epsilon (next episode)       : 0.24653
replay buffer                : 300000 samples [1: 66.0%, 2: 24.8%, 3: 9.1%, 4: 0.0%]
DFA state visits in window   : 1: 30206, 2: 13253, 3: 6003, 4: 11
DFA state visits cumulative  : 1: 764844, 2: 107115, 3: 30101, 4: 45
DFA state entries in window  : 1: 100, 2: 62, 3: 29, 4: 11
DFA state entries cumulative : 1: 3500, 2: 549, 3: 168, 4: 45
transitions cumulative       : 1->2: 549, 2->3: 168, 3->4: 45
accepted directly from s0    : 0
Gym endings cumulative       : terminated=3321, truncated=134

[Episode 3600/8000 | last 100]
success rate                : 19.0% (cumulative 1.8%)
synthetic task reward       : 1900.000
shaping reward              : -2452.135
learning reward             : -552.135
episode length              : 479.5
abstract changes / episode  : 33.9
DFA transitions / episode   : 1.39
DFA transitions in window   : 1->2: 82, 2->3: 38, 3->4: 19
epsilon (next episode)       : 0.23686
replay buffer                : 300000 samples [1: 61.5%, 2: 28.5%, 3: 10.0%, 4: 0.0%]
DFA state visits in window   : 1: 21017, 2: 20518, 3: 6499, 4: 19
DFA state visits cumulative  : 1: 785861, 2: 127633, 3: 36600, 4: 64
DFA state entries in window  : 1: 100, 2: 82, 3: 38, 4: 19
DFA state entries cumulative : 1: 3600, 2: 631, 3: 206, 4: 64
transitions cumulative       : 1->2: 631, 2->3: 206, 3->4: 64
accepted directly from s0    : 0
Gym endings cumulative       : terminated=3395, truncated=141
Best policy updated at episode 3600: mean learning reward=-552.135

[Episode 3700/8000 | last 100]
success rate                : 25.0% (cumulative 2.4%)
synthetic task reward       : 2500.000
shaping reward              : -2266.110
learning reward             : 233.890
episode length              : 508.3
abstract changes / episode  : 33.7
DFA transitions / episode   : 1.72
DFA transitions in window   : 1->2: 89, 2->3: 58, 3->4: 25
epsilon (next episode)       : 0.22757
replay buffer                : 300000 samples [1: 54.4%, 2: 32.6%, 3: 13.0%, 4: 0.0%]
DFA state visits in window   : 1: 19456, 2: 21029, 3: 10416, 4: 25
DFA state visits cumulative  : 1: 805317, 2: 148662, 3: 47016, 4: 89
DFA state entries in window  : 1: 100, 2: 89, 3: 58, 4: 25
DFA state entries cumulative : 1: 3700, 2: 720, 3: 264, 4: 89
transitions cumulative       : 1->2: 720, 2->3: 264, 3->4: 89
accepted directly from s0    : 0
Gym endings cumulative       : terminated=3460, truncated=151
Best policy updated at episode 3700: mean learning reward=233.890

[Episode 3800/8000 | last 100]
success rate                : 41.0% (cumulative 3.4%)
synthetic task reward       : 4100.000
shaping reward              : -1969.214
learning reward             : 2130.786
episode length              : 477.5
abstract changes / episode  : 31.1
DFA transitions / episode   : 1.81
DFA transitions in window   : 1->2: 79, 2->3: 61, 3->4: 41
epsilon (next episode)       : 0.21865
replay buffer                : 300000 samples [1: 51.4%, 2: 33.8%, 3: 14.9%, 4: 0.0%]
DFA state visits in window   : 1: 21778, 2: 16943, 3: 9086, 4: 41
DFA state visits cumulative  : 1: 827095, 2: 165605, 3: 56102, 4: 130
DFA state entries in window  : 1: 100, 2: 79, 3: 61, 4: 41
DFA state entries cumulative : 1: 3800, 2: 799, 3: 325, 4: 130
transitions cumulative       : 1->2: 799, 2->3: 325, 3->4: 130
accepted directly from s0    : 0
Gym endings cumulative       : terminated=3505, truncated=165
Best policy updated at episode 3800: mean learning reward=2130.786

[Episode 3900/8000 | last 100]
success rate                : 32.0% (cumulative 4.2%)
synthetic task reward       : 3200.000
shaping reward              : -2130.879
learning reward             : 1069.121
episode length              : 454.0
abstract changes / episode  : 31.8
DFA transitions / episode   : 1.77
DFA transitions in window   : 1->2: 82, 2->3: 63, 3->4: 32
epsilon (next episode)       : 0.21007
replay buffer                : 300000 samples [1: 47.0%, 2: 36.2%, 3: 16.8%, 4: 0.0%]
DFA state visits in window   : 1: 18197, 2: 17347, 3: 9922, 4: 32
DFA state visits cumulative  : 1: 845292, 2: 182952, 3: 66024, 4: 162
DFA state entries in window  : 1: 100, 2: 82, 3: 63, 4: 32
DFA state entries cumulative : 1: 3900, 2: 881, 3: 388, 4: 162
transitions cumulative       : 1->2: 881, 2->3: 388, 3->4: 162
accepted directly from s0    : 0
Gym endings cumulative       : terminated=3565, truncated=173

[Episode 4000/8000 | last 100]
success rate                : 37.0% (cumulative 5.0%)
synthetic task reward       : 3700.000
shaping reward              : -1457.060
learning reward             : 2242.940
episode length              : 309.5
abstract changes / episode  : 22.5
DFA transitions / episode   : 1.53
DFA transitions in window   : 1->2: 63, 2->3: 53, 3->4: 37
epsilon (next episode)       : 0.20183
replay buffer                : 300000 samples [1: 46.5%, 2: 36.1%, 3: 17.4%, 4: 0.0%]
DFA state visits in window   : 1: 15962, 2: 9896, 3: 5159, 4: 37
DFA state visits cumulative  : 1: 861254, 2: 192848, 3: 71183, 4: 199
DFA state entries in window  : 1: 100, 2: 63, 3: 53, 4: 37
DFA state entries cumulative : 1: 4000, 2: 944, 3: 441, 4: 199
transitions cumulative       : 1->2: 944, 2->3: 441, 3->4: 199
accepted directly from s0    : 0
Gym endings cumulative       : terminated=3625, truncated=176
Best policy updated at episode 4000: mean learning reward=2242.940

[Episode 4100/8000 | last 100]
success rate                : 33.0% (cumulative 5.7%)
synthetic task reward       : 3300.000
shaping reward              : -1527.710
learning reward             : 1772.290
episode length              : 334.1
abstract changes / episode  : 23.7
DFA transitions / episode   : 1.43
DFA transitions in window   : 1->2: 61, 2->3: 49, 3->4: 33
epsilon (next episode)       : 0.19392
replay buffer                : 300000 samples [1: 47.2%, 2: 35.9%, 3: 16.9%, 4: 0.0%]
DFA state visits in window   : 1: 18712, 2: 9804, 3: 4963, 4: 33
DFA state visits cumulative  : 1: 879966, 2: 202652, 3: 76146, 4: 232
DFA state entries in window  : 1: 100, 2: 61, 3: 49, 4: 33
DFA state entries cumulative : 1: 4100, 2: 1005, 3: 490, 4: 232
transitions cumulative       : 1->2: 1005, 2->3: 490, 3->4: 232
accepted directly from s0    : 0
Gym endings cumulative       : terminated=3690, truncated=178

[Episode 4200/8000 | last 100]
success rate                : 45.0% (cumulative 6.6%)
synthetic task reward       : 4500.000
shaping reward              : -1622.156
learning reward             : 2877.844
episode length              : 396.2
abstract changes / episode  : 28.6
DFA transitions / episode   : 2.02
DFA transitions in window   : 1->2: 89, 2->3: 68, 3->4: 45
epsilon (next episode)       : 0.18631
replay buffer                : 300000 samples [1: 45.1%, 2: 37.0%, 3: 17.9%, 4: 0.0%]
DFA state visits in window   : 1: 18056, 2: 13928, 3: 7694, 4: 45
DFA state visits cumulative  : 1: 898022, 2: 216580, 3: 83840, 4: 277
DFA state entries in window  : 1: 100, 2: 89, 3: 68, 4: 45
DFA state entries cumulative : 1: 4200, 2: 1094, 3: 558, 4: 277
transitions cumulative       : 1->2: 1094, 2->3: 558, 3->4: 277
accepted directly from s0    : 0
Gym endings cumulative       : terminated=3742, truncated=181
Best policy updated at episode 4200: mean learning reward=2877.844

[Episode 4300/8000 | last 100]
success rate                : 38.0% (cumulative 7.3%)
synthetic task reward       : 3800.000
shaping reward              : -1691.099
learning reward             : 2108.901
episode length              : 440.1
abstract changes / episode  : 25.9
DFA transitions / episode   : 1.44
DFA transitions in window   : 1->2: 59, 2->3: 47, 3->4: 38
epsilon (next episode)       : 0.17900
replay buffer                : 300000 samples [1: 48.7%, 2: 33.8%, 3: 17.5%, 4: 0.0%]
DFA state visits in window   : 1: 30741, 2: 9037, 3: 4290, 4: 38
DFA state visits cumulative  : 1: 928763, 2: 225617, 3: 88130, 4: 315
DFA state entries in window  : 1: 100, 2: 59, 3: 47, 4: 38
DFA state entries cumulative : 1: 4300, 2: 1153, 3: 605, 4: 315
transitions cumulative       : 1->2: 1153, 2->3: 605, 3->4: 315
accepted directly from s0    : 0
Gym endings cumulative       : terminated=3796, truncated=189

[Episode 4400/8000 | last 100]
success rate                : 41.0% (cumulative 8.1%)
synthetic task reward       : 4100.000
shaping reward              : -1779.243
learning reward             : 2320.757
episode length              : 369.1
abstract changes / episode  : 27.0
DFA transitions / episode   : 1.46
DFA transitions in window   : 1->2: 58, 2->3: 47, 3->4: 41
epsilon (next episode)       : 0.17198
replay buffer                : 300000 samples [1: 51.8%, 2: 31.0%, 3: 17.2%, 4: 0.0%]
DFA state visits in window   : 1: 24192, 2: 8643, 3: 4133, 4: 41
DFA state visits cumulative  : 1: 952955, 2: 234260, 3: 92263, 4: 356
DFA state entries in window  : 1: 100, 2: 58, 3: 47, 4: 41
DFA state entries cumulative : 1: 4400, 2: 1211, 3: 652, 4: 356
transitions cumulative       : 1->2: 1211, 2->3: 652, 3->4: 356
accepted directly from s0    : 0
Gym endings cumulative       : terminated=3851, truncated=193

[Episode 4500/8000 | last 100]
success rate                : 51.0% (cumulative 9.0%)
synthetic task reward       : 5100.000
shaping reward              : -1635.109
learning reward             : 3464.891
episode length              : 412.3
abstract changes / episode  : 27.6
DFA transitions / episode   : 1.70
DFA transitions in window   : 1->2: 65, 2->3: 54, 3->4: 51
epsilon (next episode)       : 0.16524
replay buffer                : 300000 samples [1: 55.6%, 2: 29.4%, 3: 15.0%, 4: 0.0%]
DFA state visits in window   : 1: 29306, 2: 8734, 3: 3237, 4: 51
DFA state visits cumulative  : 1: 982261, 2: 242994, 3: 95500, 4: 407
DFA state entries in window  : 1: 100, 2: 65, 3: 54, 4: 51
DFA state entries cumulative : 1: 4500, 2: 1276, 3: 706, 4: 407
transitions cumulative       : 1->2: 1276, 2->3: 706, 3->4: 407
accepted directly from s0    : 0
Gym endings cumulative       : terminated=3892, truncated=201
Best policy updated at episode 4500: mean learning reward=3464.891

[Episode 4600/8000 | last 100]
success rate                : 34.0% (cumulative 9.6%)
synthetic task reward       : 3400.000
shaping reward              : -1923.283
learning reward             : 1476.717
episode length              : 443.4
abstract changes / episode  : 28.7
DFA transitions / episode   : 1.36
DFA transitions in window   : 1->2: 63, 2->3: 39, 3->4: 34
epsilon (next episode)       : 0.15876
replay buffer                : 300000 samples [1: 59.5%, 2: 27.4%, 3: 13.1%, 4: 0.0%]
DFA state visits in window   : 1: 29668, 2: 11522, 3: 3214, 4: 34
DFA state visits cumulative  : 1: 1011929, 2: 254516, 3: 98714, 4: 441
DFA state entries in window  : 1: 100, 2: 63, 3: 39, 4: 34
DFA state entries cumulative : 1: 4600, 2: 1339, 3: 745, 4: 441
transitions cumulative       : 1->2: 1339, 2->3: 745, 3->4: 441
accepted directly from s0    : 0
Gym endings cumulative       : terminated=3953, truncated=206

[Episode 4700/8000 | last 100]
success rate                : 60.0% (cumulative 10.7%)
synthetic task reward       : 6000.000
shaping reward              : -1212.211
learning reward             : 4787.789
episode length              : 349.1
abstract changes / episode  : 24.8
DFA transitions / episode   : 2.06
DFA transitions in window   : 1->2: 77, 2->3: 69, 3->4: 60
epsilon (next episode)       : 0.15253
replay buffer                : 300000 samples [1: 61.5%, 2: 26.9%, 3: 11.5%, 4: 0.0%]
DFA state visits in window   : 1: 20943, 2: 10785, 3: 3218, 4: 60
DFA state visits cumulative  : 1: 1032872, 2: 265301, 3: 101932, 4: 501
DFA state entries in window  : 1: 100, 2: 77, 3: 69, 4: 60
DFA state entries cumulative : 1: 4700, 2: 1416, 3: 814, 4: 501
transitions cumulative       : 1->2: 1416, 2->3: 814, 3->4: 501
accepted directly from s0    : 0
Gym endings cumulative       : terminated=3991, truncated=208
Best policy updated at episode 4700: mean learning reward=4787.789

[Episode 4800/8000 | last 100]
success rate                : 59.0% (cumulative 11.7%)
synthetic task reward       : 5900.000
shaping reward              : -1277.211
learning reward             : 4622.789
episode length              : 358.4
abstract changes / episode  : 25.8
DFA transitions / episode   : 2.10
DFA transitions in window   : 1->2: 79, 2->3: 72, 3->4: 59
epsilon (next episode)       : 0.14655
replay buffer                : 300000 samples [1: 62.8%, 2: 26.3%, 3: 10.9%, 4: 0.0%]
DFA state visits in window   : 1: 22304, 2: 9790, 3: 3784, 4: 59
DFA state visits cumulative  : 1: 1055176, 2: 275091, 3: 105716, 4: 560
DFA state entries in window  : 1: 100, 2: 79, 3: 72, 4: 59
DFA state entries cumulative : 1: 4800, 2: 1495, 3: 886, 4: 560
transitions cumulative       : 1->2: 1495, 2->3: 886, 3->4: 560
accepted directly from s0    : 0
Gym endings cumulative       : terminated=4031, truncated=209

[Episode 4900/8000 | last 100]
success rate                : 67.0% (cumulative 12.8%)
synthetic task reward       : 6700.000
shaping reward              : -1156.775
learning reward             : 5543.225
episode length              : 352.4
abstract changes / episode  : 25.1
DFA transitions / episode   : 2.27
DFA transitions in window   : 1->2: 83, 2->3: 77, 3->4: 67
epsilon (next episode)       : 0.14080
replay buffer                : 300000 samples [1: 63.6%, 2: 25.7%, 3: 10.6%, 4: 0.0%]
DFA state visits in window   : 1: 21661, 2: 9332, 3: 4280, 4: 67
DFA state visits cumulative  : 1: 1076837, 2: 284423, 3: 109996, 4: 627
DFA state entries in window  : 1: 100, 2: 83, 3: 77, 4: 67
DFA state entries cumulative : 1: 4900, 2: 1578, 3: 963, 4: 627
transitions cumulative       : 1->2: 1578, 2->3: 963, 3->4: 627
accepted directly from s0    : 0
Gym endings cumulative       : terminated=4063, truncated=210
Best policy updated at episode 4900: mean learning reward=5543.225

[Episode 5000/8000 | last 100]
success rate                : 41.0% (cumulative 13.4%)
synthetic task reward       : 4100.000
shaping reward              : -1438.386
learning reward             : 2661.614
episode length              : 403.6
abstract changes / episode  : 25.2
DFA transitions / episode   : 1.81
DFA transitions in window   : 1->2: 80, 2->3: 60, 3->4: 41
epsilon (next episode)       : 0.13528
replay buffer                : 300000 samples [1: 65.6%, 2: 24.8%, 3: 9.6%, 4: 0.0%]
DFA state visits in window   : 1: 25191, 2: 10777, 3: 4450, 4: 41
DFA state visits cumulative  : 1: 1102028, 2: 295200, 3: 114446, 4: 668
DFA state entries in window  : 1: 100, 2: 80, 3: 60, 4: 41
DFA state entries cumulative : 1: 5000, 2: 1658, 3: 1023, 4: 668
transitions cumulative       : 1->2: 1658, 2->3: 1023, 3->4: 668
accepted directly from s0    : 0
Gym endings cumulative       : terminated=4118, truncated=214

[Episode 5100/8000 | last 100]
success rate                : 42.0% (cumulative 13.9%)
synthetic task reward       : 4200.000
shaping reward              : -1627.545
learning reward             : 2572.455
episode length              : 387.4
abstract changes / episode  : 28.3
DFA transitions / episode   : 1.98
DFA transitions in window   : 1->2: 86, 2->3: 70, 3->4: 42
epsilon (next episode)       : 0.12998
replay buffer                : 300000 samples [1: 63.2%, 2: 26.6%, 3: 10.2%, 4: 0.0%]
DFA state visits in window   : 1: 20167, 2: 13352, 3: 5274, 4: 42
DFA state visits cumulative  : 1: 1122195, 2: 308552, 3: 119720, 4: 710
DFA state entries in window  : 1: 100, 2: 86, 3: 70, 4: 42
DFA state entries cumulative : 1: 5100, 2: 1744, 3: 1093, 4: 710
transitions cumulative       : 1->2: 1744, 2->3: 1093, 3->4: 710
accepted directly from s0    : 0
Gym endings cumulative       : terminated=4172, truncated=218

[Episode 5200/8000 | last 100]
success rate                : 54.0% (cumulative 14.7%)
synthetic task reward       : 5400.000
shaping reward              : -1223.138
learning reward             : 4176.862
episode length              : 354.8
abstract changes / episode  : 24.7
DFA transitions / episode   : 2.03
DFA transitions in window   : 1->2: 77, 2->3: 72, 3->4: 54
epsilon (next episode)       : 0.12488
replay buffer                : 300000 samples [1: 61.3%, 2: 27.6%, 3: 11.1%, 4: 0.0%]
DFA state visits in window   : 1: 19193, 2: 9981, 3: 6350, 4: 54
DFA state visits cumulative  : 1: 1141388, 2: 318533, 3: 126070, 4: 764
DFA state entries in window  : 1: 100, 2: 77, 3: 72, 4: 54
DFA state entries cumulative : 1: 5200, 2: 1821, 3: 1165, 4: 764
transitions cumulative       : 1->2: 1821, 2->3: 1165, 3->4: 764
accepted directly from s0    : 0
Gym endings cumulative       : terminated=4215, truncated=221

[Episode 5300/8000 | last 100]
success rate                : 64.0% (cumulative 15.6%)
synthetic task reward       : 6400.000
shaping reward              : -1450.706
learning reward             : 4949.294
episode length              : 410.8
abstract changes / episode  : 27.4
DFA transitions / episode   : 2.18
DFA transitions in window   : 1->2: 82, 2->3: 72, 3->4: 64
epsilon (next episode)       : 0.11998
replay buffer                : 300000 samples [1: 59.7%, 2: 28.7%, 3: 11.6%, 4: 0.0%]
DFA state visits in window   : 1: 24419, 2: 12040, 3: 4658, 4: 64
DFA state visits cumulative  : 1: 1165807, 2: 330573, 3: 130728, 4: 828
DFA state entries in window  : 1: 100, 2: 82, 3: 72, 4: 64
DFA state entries cumulative : 1: 5300, 2: 1903, 3: 1237, 4: 828
transitions cumulative       : 1->2: 1903, 2->3: 1237, 3->4: 828
accepted directly from s0    : 0
Gym endings cumulative       : terminated=4245, truncated=227

[Episode 5400/8000 | last 100]
success rate                : 76.0% (cumulative 16.7%)
synthetic task reward       : 7600.000
shaping reward              : -849.932
learning reward             : 6750.068
episode length              : 335.4
abstract changes / episode  : 22.8
DFA transitions / episode   : 2.43
DFA transitions in window   : 1->2: 85, 2->3: 82, 3->4: 76
epsilon (next episode)       : 0.11528
replay buffer                : 300000 samples [1: 58.9%, 2: 29.0%, 3: 12.1%, 4: 0.0%]
DFA state visits in window   : 1: 18846, 2: 10318, 3: 4404, 4: 76
DFA state visits cumulative  : 1: 1184653, 2: 340891, 3: 135132, 4: 904
DFA state entries in window  : 1: 100, 2: 85, 3: 82, 4: 76
DFA state entries cumulative : 1: 5400, 2: 1988, 3: 1319, 4: 904
transitions cumulative       : 1->2: 1988, 2->3: 1319, 3->4: 904
accepted directly from s0    : 0
Gym endings cumulative       : terminated=4265, truncated=231
Best policy updated at episode 5400: mean learning reward=6750.068

[Episode 5500/8000 | last 100]
success rate                : 66.0% (cumulative 17.6%)
synthetic task reward       : 6600.000
shaping reward              : -746.438
learning reward             : 5853.562
episode length              : 264.7
abstract changes / episode  : 20.0
DFA transitions / episode   : 2.13
DFA transitions in window   : 1->2: 76, 2->3: 71, 3->4: 66
epsilon (next episode)       : 0.11075
replay buffer                : 300000 samples [1: 58.6%, 2: 28.7%, 3: 12.7%, 4: 0.0%]
DFA state visits in window   : 1: 16615, 2: 6365, 3: 3526, 4: 66
DFA state visits cumulative  : 1: 1201268, 2: 347256, 3: 138658, 4: 970
DFA state entries in window  : 1: 100, 2: 76, 3: 71, 4: 66
DFA state entries cumulative : 1: 5500, 2: 2064, 3: 1390, 4: 970
transitions cumulative       : 1->2: 2064, 2->3: 1390, 3->4: 970
accepted directly from s0    : 0
Gym endings cumulative       : terminated=4298, truncated=232

[Episode 5600/8000 | last 100]
success rate                : 78.0% (cumulative 18.7%)
synthetic task reward       : 7800.000
shaping reward              : -679.813
learning reward             : 7120.187
episode length              : 297.4
abstract changes / episode  : 22.1
DFA transitions / episode   : 2.63
DFA transitions in window   : 1->2: 95, 2->3: 90, 3->4: 78
epsilon (next episode)       : 0.10641
replay buffer                : 300000 samples [1: 58.2%, 2: 28.7%, 3: 13.1%, 4: 0.0%]
DFA state visits in window   : 1: 16502, 2: 9021, 3: 4243, 4: 78
DFA state visits cumulative  : 1: 1217770, 2: 356277, 3: 142901, 4: 1048
DFA state entries in window  : 1: 100, 2: 95, 3: 90, 4: 78
DFA state entries cumulative : 1: 5600, 2: 2159, 3: 1480, 4: 1048
transitions cumulative       : 1->2: 2159, 2->3: 1480, 3->4: 1048
accepted directly from s0    : 0
Gym endings cumulative       : terminated=4319, truncated=233
Best policy updated at episode 5600: mean learning reward=7120.187

[Episode 5700/8000 | last 100]
success rate                : 76.0% (cumulative 19.7%)
synthetic task reward       : 7600.000
shaping reward              : -813.558
learning reward             : 6786.442
episode length              : 316.2
abstract changes / episode  : 22.9
DFA transitions / episode   : 2.53
DFA transitions in window   : 1->2: 92, 2->3: 85, 3->4: 76
epsilon (next episode)       : 0.10224
replay buffer                : 300000 samples [1: 57.6%, 2: 29.4%, 3: 13.1%, 4: 0.0%]
DFA state visits in window   : 1: 18862, 2: 9518, 3: 3265, 4: 76
DFA state visits cumulative  : 1: 1236632, 2: 365795, 3: 146166, 4: 1124
DFA state entries in window  : 1: 100, 2: 92, 3: 85, 4: 76
DFA state entries cumulative : 1: 5700, 2: 2251, 3: 1565, 4: 1124
transitions cumulative       : 1->2: 2251, 2->3: 1565, 3->4: 1124
accepted directly from s0    : 0
Gym endings cumulative       : terminated=4343, truncated=233

[Episode 5800/8000 | last 100]
success rate                : 60.0% (cumulative 20.4%)
synthetic task reward       : 6000.000
shaping reward              : -1224.869
learning reward             : 4775.131
episode length              : 335.8
abstract changes / episode  : 24.9
DFA transitions / episode   : 2.04
DFA transitions in window   : 1->2: 77, 2->3: 67, 3->4: 60
epsilon (next episode)       : 0.09823
replay buffer                : 300000 samples [1: 57.8%, 2: 29.7%, 3: 12.5%, 4: 0.0%]
DFA state visits in window   : 1: 20347, 2: 10122, 3: 3154, 4: 60
DFA state visits cumulative  : 1: 1256979, 2: 375917, 3: 149320, 4: 1184
DFA state entries in window  : 1: 100, 2: 77, 3: 67, 4: 60
DFA state entries cumulative : 1: 5800, 2: 2328, 3: 1632, 4: 1184
transitions cumulative       : 1->2: 2328, 2->3: 1632, 3->4: 1184
accepted directly from s0    : 0
Gym endings cumulative       : terminated=4382, truncated=234

[Episode 5900/8000 | last 100]
success rate                : 46.0% (cumulative 20.8%)
synthetic task reward       : 4600.000
shaping reward              : -1686.001
learning reward             : 2913.999
episode length              : 393.9
abstract changes / episode  : 26.2
DFA transitions / episode   : 1.56
DFA transitions in window   : 1->2: 60, 2->3: 50, 3->4: 46
epsilon (next episode)       : 0.09438
replay buffer                : 300000 samples [1: 59.3%, 2: 28.6%, 3: 12.0%, 4: 0.0%]
DFA state visits in window   : 1: 28941, 2: 7607, 3: 2900, 4: 46
DFA state visits cumulative  : 1: 1285920, 2: 383524, 3: 152220, 4: 1230
DFA state entries in window  : 1: 100, 2: 60, 3: 50, 4: 46
DFA state entries cumulative : 1: 5900, 2: 2388, 3: 1682, 4: 1230
transitions cumulative       : 1->2: 2388, 2->3: 1682, 3->4: 1230
accepted directly from s0    : 0
Gym endings cumulative       : terminated=4431, truncated=239

[Episode 6000/8000 | last 100]
success rate                : 76.0% (cumulative 21.8%)
synthetic task reward       : 7600.000
shaping reward              : -819.013
learning reward             : 6780.987
episode length              : 305.4
abstract changes / episode  : 22.2
DFA transitions / episode   : 2.40
DFA transitions in window   : 1->2: 83, 2->3: 81, 3->4: 76
epsilon (next episode)       : 0.09067
replay buffer                : 300000 samples [1: 60.4%, 2: 27.7%, 3: 11.9%, 4: 0.0%]
DFA state visits in window   : 1: 18936, 2: 8290, 3: 3342, 4: 76
DFA state visits cumulative  : 1: 1304856, 2: 391814, 3: 155562, 4: 1306
DFA state entries in window  : 1: 100, 2: 83, 3: 81, 4: 76
DFA state entries cumulative : 1: 6000, 2: 2471, 3: 1763, 4: 1306
transitions cumulative       : 1->2: 2471, 2->3: 1763, 3->4: 1306
accepted directly from s0    : 0
Gym endings cumulative       : terminated=4454, truncated=240

[Episode 6100/8000 | last 100]
success rate                : 70.0% (cumulative 22.6%)
synthetic task reward       : 7000.000
shaping reward              : -909.740
learning reward             : 6090.260
episode length              : 309.2
abstract changes / episode  : 22.8
DFA transitions / episode   : 2.34
DFA transitions in window   : 1->2: 88, 2->3: 76, 3->4: 70
epsilon (next episode)       : 0.08712
replay buffer                : 300000 samples [1: 61.1%, 2: 28.0%, 3: 11.0%, 4: 0.0%]
DFA state visits in window   : 1: 17873, 2: 10057, 3: 3016, 4: 70
DFA state visits cumulative  : 1: 1322729, 2: 401871, 3: 158578, 4: 1376
DFA state entries in window  : 1: 100, 2: 88, 3: 76, 4: 70
DFA state entries cumulative : 1: 6100, 2: 2559, 3: 1839, 4: 1376
transitions cumulative       : 1->2: 2559, 2->3: 1839, 3->4: 1376
accepted directly from s0    : 0
Gym endings cumulative       : terminated=4484, truncated=240

[Episode 6200/8000 | last 100]
success rate                : 75.0% (cumulative 23.4%)
synthetic task reward       : 7500.000
shaping reward              : -881.170
learning reward             : 6618.830
episode length              : 314.4
abstract changes / episode  : 23.4
DFA transitions / episode   : 2.45
DFA transitions in window   : 1->2: 87, 2->3: 83, 3->4: 75
epsilon (next episode)       : 0.08370
replay buffer                : 300000 samples [1: 61.2%, 2: 27.8%, 3: 11.0%, 4: 0.0%]
DFA state visits in window   : 1: 19528, 2: 7832, 3: 4101, 4: 75
DFA state visits cumulative  : 1: 1342257, 2: 409703, 3: 162679, 4: 1451
DFA state entries in window  : 1: 100, 2: 87, 3: 83, 4: 75
DFA state entries cumulative : 1: 6200, 2: 2646, 3: 1922, 4: 1451
transitions cumulative       : 1->2: 2646, 2->3: 1922, 3->4: 1451
accepted directly from s0    : 0
Gym endings cumulative       : terminated=4508, truncated=241

[Episode 6300/8000 | last 100]
success rate                : 76.0% (cumulative 24.2%)
synthetic task reward       : 7600.000
shaping reward              : -810.958
learning reward             : 6789.042
episode length              : 320.8
abstract changes / episode  : 23.0
DFA transitions / episode   : 2.47
DFA transitions in window   : 1->2: 89, 2->3: 82, 3->4: 76
epsilon (next episode)       : 0.08042
replay buffer                : 300000 samples [1: 61.0%, 2: 27.5%, 3: 11.5%, 4: 0.0%]
DFA state visits in window   : 1: 17635, 2: 9619, 3: 4849, 4: 76
DFA state visits cumulative  : 1: 1359892, 2: 419322, 3: 167528, 4: 1527
DFA state entries in window  : 1: 100, 2: 89, 3: 82, 4: 76
DFA state entries cumulative : 1: 6300, 2: 2735, 3: 2004, 4: 1527
transitions cumulative       : 1->2: 2735, 2->3: 2004, 3->4: 1527
accepted directly from s0    : 0
Gym endings cumulative       : terminated=4528, truncated=245

[Episode 6400/8000 | last 100]
success rate                : 75.0% (cumulative 25.0%)
synthetic task reward       : 7500.000
shaping reward              : -937.532
learning reward             : 6562.468
episode length              : 313.4
abstract changes / episode  : 24.2
DFA transitions / episode   : 2.55
DFA transitions in window   : 1->2: 96, 2->3: 84, 3->4: 75
epsilon (next episode)       : 0.07727
replay buffer                : 300000 samples [1: 59.9%, 2: 28.8%, 3: 11.4%, 4: 0.0%]
DFA state visits in window   : 1: 15510, 2: 12218, 3: 3637, 4: 75
DFA state visits cumulative  : 1: 1375402, 2: 431540, 3: 171165, 4: 1602
DFA state entries in window  : 1: 100, 2: 96, 3: 84, 4: 75
DFA state entries cumulative : 1: 6400, 2: 2831, 3: 2088, 4: 1602
transitions cumulative       : 1->2: 2831, 2->3: 2088, 3->4: 1602
accepted directly from s0    : 0
Gym endings cumulative       : terminated=4550, truncated=248

[Episode 6500/8000 | last 100]
success rate                : 70.0% (cumulative 25.7%)
synthetic task reward       : 7000.000
shaping reward              : -1268.607
learning reward             : 5731.393
episode length              : 349.4
abstract changes / episode  : 27.1
DFA transitions / episode   : 2.34
DFA transitions in window   : 1->2: 84, 2->3: 80, 3->4: 70
epsilon (next episode)       : 0.07423
replay buffer                : 300000 samples [1: 60.7%, 2: 28.6%, 3: 10.7%, 4: 0.0%]
DFA state visits in window   : 1: 21899, 2: 9539, 3: 3534, 4: 70
DFA state visits cumulative  : 1: 1397301, 2: 441079, 3: 174699, 4: 1672
DFA state entries in window  : 1: 100, 2: 84, 3: 80, 4: 70
DFA state entries cumulative : 1: 6500, 2: 2915, 3: 2168, 4: 1672
transitions cumulative       : 1->2: 2915, 2->3: 2168, 3->4: 1672
accepted directly from s0    : 0
Gym endings cumulative       : terminated=4579, truncated=249

[Episode 6600/8000 | last 100]
success rate                : 72.0% (cumulative 26.4%)
synthetic task reward       : 7200.000
shaping reward              : -832.028
learning reward             : 6367.972
episode length              : 302.4
abstract changes / episode  : 22.3
DFA transitions / episode   : 2.29
DFA transitions in window   : 1->2: 79, 2->3: 78, 3->4: 72
epsilon (next episode)       : 0.07132
replay buffer                : 300000 samples [1: 61.0%, 2: 28.3%, 3: 10.7%, 4: 0.0%]
DFA state visits in window   : 1: 19084, 2: 8097, 3: 3088, 4: 72
DFA state visits cumulative  : 1: 1416385, 2: 449176, 3: 177787, 4: 1744
DFA state entries in window  : 1: 100, 2: 79, 3: 78, 4: 72
DFA state entries cumulative : 1: 6600, 2: 2994, 3: 2246, 4: 1744
transitions cumulative       : 1->2: 2994, 2->3: 2246, 3->4: 1744
accepted directly from s0    : 0
Gym endings cumulative       : terminated=4606, truncated=250

[Episode 6700/8000 | last 100]
success rate                : 62.0% (cumulative 27.0%)
synthetic task reward       : 6200.000
shaping reward              : -961.126
learning reward             : 5238.874
episode length              : 289.7
abstract changes / episode  : 22.3
DFA transitions / episode   : 2.00
DFA transitions in window   : 1->2: 71, 2->3: 67, 3->4: 62
epsilon (next episode)       : 0.06853
replay buffer                : 300000 samples [1: 62.1%, 2: 27.4%, 3: 10.5%, 4: 0.0%]
DFA state visits in window   : 1: 20541, 2: 6389, 3: 2082, 4: 62
DFA state visits cumulative  : 1: 1436926, 2: 455565, 3: 179869, 4: 1806
DFA state entries in window  : 1: 100, 2: 71, 3: 67, 4: 62
DFA state entries cumulative : 1: 6700, 2: 3065, 3: 2313, 4: 1806
transitions cumulative       : 1->2: 3065, 2->3: 2313, 3->4: 1806
accepted directly from s0    : 0
Gym endings cumulative       : terminated=4643, truncated=251

[Episode 6800/8000 | last 100]
success rate                : 46.0% (cumulative 27.2%)
synthetic task reward       : 4600.000
shaping reward              : -813.768
learning reward             : 3786.232
episode length              : 232.0
abstract changes / episode  : 18.6
DFA transitions / episode   : 1.66
DFA transitions in window   : 1->2: 65, 2->3: 55, 3->4: 46
epsilon (next episode)       : 0.06584
replay buffer                : 300000 samples [1: 62.2%, 2: 27.4%, 3: 10.4%, 4: 0.0%]
DFA state visits in window   : 1: 15178, 2: 6003, 3: 2069, 4: 46
DFA state visits cumulative  : 1: 1452104, 2: 461568, 3: 181938, 4: 1852
DFA state entries in window  : 1: 100, 2: 65, 3: 55, 4: 46
DFA state entries cumulative : 1: 6800, 2: 3130, 3: 2368, 4: 1852
transitions cumulative       : 1->2: 3130, 2->3: 2368, 3->4: 1852
accepted directly from s0    : 0
Gym endings cumulative       : terminated=4697, truncated=251

[Episode 6900/8000 | last 100]
success rate                : 50.0% (cumulative 27.6%)
synthetic task reward       : 5000.000
shaping reward              : -1014.461
learning reward             : 3985.539
episode length              : 283.3
abstract changes / episode  : 20.2
DFA transitions / episode   : 1.73
DFA transitions in window   : 1->2: 65, 2->3: 58, 3->4: 50
epsilon (next episode)       : 0.06326
replay buffer                : 300000 samples [1: 61.3%, 2: 28.0%, 3: 10.6%, 4: 0.0%]
DFA state visits in window   : 1: 19434, 2: 6479, 3: 2468, 4: 50
DFA state visits cumulative  : 1: 1471538, 2: 468047, 3: 184406, 4: 1902
DFA state entries in window  : 1: 100, 2: 65, 3: 58, 4: 50
DFA state entries cumulative : 1: 6900, 2: 3195, 3: 2426, 4: 1902
transitions cumulative       : 1->2: 3195, 2->3: 2426, 3->4: 1902
accepted directly from s0    : 0
Gym endings cumulative       : terminated=4746, truncated=252

[Episode 7000/8000 | last 100]
success rate                : 28.0% (cumulative 27.6%)
synthetic task reward       : 2800.000
shaping reward              : -1343.549
learning reward             : 1456.451
episode length              : 352.8
abstract changes / episode  : 20.3
DFA transitions / episode   : 1.12
DFA transitions in window   : 1->2: 45, 2->3: 39, 3->4: 28
epsilon (next episode)       : 0.06078
replay buffer                : 300000 samples [1: 63.6%, 2: 25.8%, 3: 10.6%, 4: 0.0%]
DFA state visits in window   : 1: 28193, 2: 3516, 3: 3647, 4: 28
DFA state visits cumulative  : 1: 1499731, 2: 471563, 3: 188053, 4: 1930
DFA state entries in window  : 1: 100, 2: 45, 3: 39, 4: 28
DFA state entries cumulative : 1: 7000, 2: 3240, 3: 2465, 4: 1930
transitions cumulative       : 1->2: 3240, 2->3: 2465, 3->4: 1930
accepted directly from s0    : 0
Gym endings cumulative       : terminated=4811, truncated=259

[Episode 7100/8000 | last 100]
success rate                : 64.0% (cumulative 28.1%)
synthetic task reward       : 6400.000
shaping reward              : -1276.008
learning reward             : 5123.992
episode length              : 358.2
abstract changes / episode  : 26.6
DFA transitions / episode   : 2.30
DFA transitions in window   : 1->2: 87, 2->3: 79, 3->4: 64
epsilon (next episode)       : 0.05839
replay buffer                : 300000 samples [1: 62.7%, 2: 25.8%, 3: 11.5%, 4: 0.0%]
DFA state visits in window   : 1: 19020, 2: 10327, 3: 6506, 4: 64
DFA state visits cumulative  : 1: 1518751, 2: 481890, 3: 194559, 4: 1994
DFA state entries in window  : 1: 100, 2: 87, 3: 79, 4: 64
DFA state entries cumulative : 1: 7100, 2: 3327, 3: 2544, 4: 1994
transitions cumulative       : 1->2: 3327, 2->3: 2544, 3->4: 1994
accepted directly from s0    : 0
Gym endings cumulative       : terminated=4846, truncated=260

[Episode 7200/8000 | last 100]
success rate                : 32.0% (cumulative 28.1%)
synthetic task reward       : 3200.000
shaping reward              : -2201.198
learning reward             : 998.802
episode length              : 437.9
abstract changes / episode  : 32.5
DFA transitions / episode   : 1.56
DFA transitions in window   : 1->2: 77, 2->3: 47, 3->4: 32
epsilon (next episode)       : 0.05610
replay buffer                : 300000 samples [1: 62.9%, 2: 26.4%, 3: 10.6%, 4: 0.0%]
DFA state visits in window   : 1: 26495, 2: 13679, 3: 3687, 4: 32
DFA state visits cumulative  : 1: 1545246, 2: 495569, 3: 198246, 4: 2026
DFA state entries in window  : 1: 100, 2: 77, 3: 47, 4: 32
DFA state entries cumulative : 1: 7200, 2: 3404, 3: 2591, 4: 2026
transitions cumulative       : 1->2: 3404, 2->3: 2591, 3->4: 2026
accepted directly from s0    : 0
Gym endings cumulative       : terminated=4903, truncated=271

[Episode 7300/8000 | last 100]
success rate                : 57.0% (cumulative 28.5%)
synthetic task reward       : 5700.000
shaping reward              : -1447.408
learning reward             : 4252.592
episode length              : 362.6
abstract changes / episode  : 27.5
DFA transitions / episode   : 2.05
DFA transitions in window   : 1->2: 78, 2->3: 70, 3->4: 57
epsilon (next episode)       : 0.05390
replay buffer                : 300000 samples [1: 64.5%, 2: 24.7%, 3: 10.8%, 4: 0.0%]
DFA state visits in window   : 1: 21911, 2: 9186, 3: 5210, 4: 57
DFA state visits cumulative  : 1: 1567157, 2: 504755, 3: 203456, 4: 2083
DFA state entries in window  : 1: 100, 2: 78, 3: 70, 4: 57
DFA state entries cumulative : 1: 7300, 2: 3482, 3: 2661, 4: 2083
transitions cumulative       : 1->2: 3482, 2->3: 2661, 3->4: 2083
accepted directly from s0    : 0
Gym endings cumulative       : terminated=4944, truncated=273

[Episode 7400/8000 | last 100]
success rate                : 56.0% (cumulative 28.9%)
synthetic task reward       : 5600.000
shaping reward              : -1221.656
learning reward             : 4378.344
episode length              : 327.0
abstract changes / episode  : 24.3
DFA transitions / episode   : 1.95
DFA transitions in window   : 1->2: 75, 2->3: 64, 3->4: 56
epsilon (next episode)       : 0.05179
replay buffer                : 300000 samples [1: 64.4%, 2: 24.8%, 3: 10.8%, 4: 0.0%]
DFA state visits in window   : 1: 20150, 2: 9404, 3: 3189, 4: 56
DFA state visits cumulative  : 1: 1587307, 2: 514159, 3: 206645, 4: 2139
DFA state entries in window  : 1: 100, 2: 75, 3: 64, 4: 56
DFA state entries cumulative : 1: 7400, 2: 3557, 3: 2725, 4: 2139
transitions cumulative       : 1->2: 3557, 2->3: 2725, 3->4: 2139
accepted directly from s0    : 0
Gym endings cumulative       : terminated=4986, truncated=275

[Episode 7500/8000 | last 100]
success rate                : 63.0% (cumulative 29.4%)
synthetic task reward       : 6300.000
shaping reward              : -1377.067
learning reward             : 4922.933
episode length              : 333.0
abstract changes / episode  : 25.9
DFA transitions / episode   : 2.08
DFA transitions in window   : 1->2: 76, 2->3: 69, 3->4: 63
epsilon (next episode)       : 0.04976
replay buffer                : 300000 samples [1: 63.7%, 2: 25.6%, 3: 10.7%, 4: 0.0%]
DFA state visits in window   : 1: 18724, 2: 11493, 3: 3124, 4: 63
DFA state visits cumulative  : 1: 1606031, 2: 525652, 3: 209769, 4: 2202
DFA state entries in window  : 1: 100, 2: 76, 3: 69, 4: 63
DFA state entries cumulative : 1: 7500, 2: 3633, 3: 2794, 4: 2202
transitions cumulative       : 1->2: 3633, 2->3: 2794, 3->4: 2202
accepted directly from s0    : 0
Gym endings cumulative       : terminated=5021, truncated=277

[Episode 7600/8000 | last 100]
success rate                : 61.0% (cumulative 29.8%)
synthetic task reward       : 6100.000
shaping reward              : -1113.643
learning reward             : 4986.357
episode length              : 287.8
abstract changes / episode  : 21.7
DFA transitions / episode   : 1.88
DFA transitions in window   : 1->2: 64, 2->3: 63, 3->4: 61
epsilon (next episode)       : 0.04781
replay buffer                : 300000 samples [1: 63.6%, 2: 25.3%, 3: 11.1%, 4: 0.0%]
DFA state visits in window   : 1: 20060, 2: 5437, 3: 3325, 4: 61
DFA state visits cumulative  : 1: 1626091, 2: 531089, 3: 213094, 4: 2263
DFA state entries in window  : 1: 100, 2: 64, 3: 63, 4: 61
DFA state entries cumulative : 1: 7600, 2: 3697, 3: 2857, 4: 2263
transitions cumulative       : 1->2: 3697, 2->3: 2857, 3->4: 2263
accepted directly from s0    : 0
Gym endings cumulative       : terminated=5060, truncated=277

[Episode 7700/8000 | last 100]
success rate                : 72.0% (cumulative 30.3%)
synthetic task reward       : 7200.000
shaping reward              : -1063.028
learning reward             : 6136.972
episode length              : 348.4
abstract changes / episode  : 24.4
DFA transitions / episode   : 2.24
DFA transitions in window   : 1->2: 79, 2->3: 73, 3->4: 72
epsilon (next episode)       : 0.04593
replay buffer                : 300000 samples [1: 63.8%, 2: 25.1%, 3: 11.1%, 4: 0.0%]
DFA state visits in window   : 1: 22847, 2: 8693, 3: 3324, 4: 72
DFA state visits cumulative  : 1: 1648938, 2: 539782, 3: 216418, 4: 2335
DFA state entries in window  : 1: 100, 2: 79, 3: 73, 4: 72
DFA state entries cumulative : 1: 7700, 2: 3776, 3: 2930, 4: 2335
transitions cumulative       : 1->2: 3776, 2->3: 2930, 3->4: 2335
accepted directly from s0    : 0
Gym endings cumulative       : terminated=5086, truncated=279

[Episode 7800/8000 | last 100]
success rate                : 70.0% (cumulative 30.8%)
synthetic task reward       : 7000.000
shaping reward              : -835.247
learning reward             : 6164.753
episode length              : 310.5
abstract changes / episode  : 21.4
DFA transitions / episode   : 2.22
DFA transitions in window   : 1->2: 80, 2->3: 72, 3->4: 70
epsilon (next episode)       : 0.04413
replay buffer                : 300000 samples [1: 62.1%, 2: 26.4%, 3: 11.4%, 4: 0.0%]
DFA state visits in window   : 1: 18818, 2: 9185, 3: 3078, 4: 70
DFA state visits cumulative  : 1: 1667756, 2: 548967, 3: 219496, 4: 2405
DFA state entries in window  : 1: 100, 2: 80, 3: 72, 4: 70
DFA state entries cumulative : 1: 7800, 2: 3856, 3: 3002, 4: 2405
transitions cumulative       : 1->2: 3856, 2->3: 3002, 3->4: 2405
accepted directly from s0    : 0
Gym endings cumulative       : terminated=5113, truncated=282

[Episode 7900/8000 | last 100]
success rate                : 68.0% (cumulative 31.3%)
synthetic task reward       : 6800.000
shaping reward              : -1015.556
learning reward             : 5784.444
episode length              : 313.5
abstract changes / episode  : 23.2
DFA transitions / episode   : 2.25
DFA transitions in window   : 1->2: 83, 2->3: 74, 3->4: 68
epsilon (next episode)       : 0.04240
replay buffer                : 300000 samples [1: 60.2%, 2: 28.7%, 3: 11.1%, 4: 0.0%]
DFA state visits in window   : 1: 17719, 2: 10657, 3: 3010, 4: 68
DFA state visits cumulative  : 1: 1685475, 2: 559624, 3: 222506, 4: 2473
DFA state entries in window  : 1: 100, 2: 83, 3: 74, 4: 68
DFA state entries cumulative : 1: 7900, 2: 3939, 3: 3076, 4: 2473
transitions cumulative       : 1->2: 3939, 2->3: 3076, 3->4: 2473
accepted directly from s0    : 0
Gym endings cumulative       : terminated=5145, truncated=282

[Episode 8000/8000 | last 100]
success rate                : 81.0% (cumulative 31.9%)
synthetic task reward       : 8100.000
shaping reward              : -1022.841
learning reward             : 7077.159
episode length              : 362.2
abstract changes / episode  : 25.5
DFA transitions / episode   : 2.55
DFA transitions in window   : 1->2: 88, 2->3: 86, 3->4: 81
epsilon (next episode)       : 0.04074
replay buffer                : 300000 samples [1: 59.8%, 2: 29.4%, 3: 10.8%, 4: 0.0%]
DFA state visits in window   : 1: 17326, 2: 13670, 3: 5246, 4: 81
DFA state visits cumulative  : 1: 1702801, 2: 573294, 3: 227752, 4: 2554
DFA state entries in window  : 1: 100, 2: 88, 3: 86, 4: 81
DFA state entries cumulative : 1: 8000, 2: 4027, 3: 3162, 4: 2554
transitions cumulative       : 1->2: 4027, 2->3: 3162, 3->4: 2554
accepted directly from s0    : 0
Gym endings cumulative       : terminated=5162, truncated=284
Last policy saved after episode 8000. Best policy: episode 5600, mean learning reward=7120.187
