
=== NEW RUN ===
episodes=8000, shaping=False, K=1.0, goal_reward=10000.0, gamma=0.99
inter_level_shaping=False, inter_level_K=0.0
formula=F(wp1 & X(F(g1)))
waypoints={'wp1': (1, 8), 'g1': (8, 8)}
dfa_states=[1, 2, 3], pre_trace=1, accepting=[3]

[Episode 1/8000 | last 1]
success rate                : 0.0% (cumulative 0.0%)
synthetic task reward       : 0.000
shaping reward              : 0.000
learning reward             : 0.000
episode length              : 103.0
abstract changes / episode  : 14.0
DFA transitions / episode   : 0.00
DFA transitions in window   : none
epsilon (next episode)       : 0.99960
replay buffer                : 103 samples [1: 100.0%, 2: 0.0%, 3: 0.0%]
DFA state visits in window   : 1: 104, 2: 0, 3: 0
DFA state visits cumulative  : 1: 104, 2: 0, 3: 0
DFA state entries in window  : 1: 1, 2: 0, 3: 0
DFA state entries cumulative : 1: 1, 2: 0, 3: 0
transitions cumulative       : none
accepted directly from s0    : 0
Gym endings cumulative       : terminated=1, truncated=0
Best policy updated at episode 1: mean learning reward=0.000

[Episode 100/8000 | last 100]
success rate                : 0.0% (cumulative 0.0%)
synthetic task reward       : 0.000
shaping reward              : 0.000
learning reward             : 0.000
episode length              : 91.3
abstract changes / episode  : 12.9
DFA transitions / episode   : 0.00
DFA transitions in window   : none
epsilon (next episode)       : 0.96078
replay buffer                : 9131 samples [1: 100.0%, 2: 0.0%, 3: 0.0%]
DFA state visits in window   : 1: 9231, 2: 0, 3: 0
DFA state visits cumulative  : 1: 9231, 2: 0, 3: 0
DFA state entries in window  : 1: 100, 2: 0, 3: 0
DFA state entries cumulative : 1: 100, 2: 0, 3: 0
transitions cumulative       : none
accepted directly from s0    : 0
Gym endings cumulative       : terminated=100, truncated=0

[Episode 200/8000 | last 100]
success rate                : 0.0% (cumulative 0.0%)
synthetic task reward       : 0.000
shaping reward              : 0.000
learning reward             : 0.000
episode length              : 89.5
abstract changes / episode  : 12.7
DFA transitions / episode   : 0.02
DFA transitions in window   : 1->2: 2
epsilon (next episode)       : 0.92310
replay buffer                : 18079 samples [1: 99.7%, 2: 0.3%, 3: 0.0%]
DFA state visits in window   : 1: 8990, 2: 58, 3: 0
DFA state visits cumulative  : 1: 18221, 2: 58, 3: 0
DFA state entries in window  : 1: 100, 2: 2, 3: 0
DFA state entries cumulative : 1: 200, 2: 2, 3: 0
transitions cumulative       : 1->2: 2
accepted directly from s0    : 0
Gym endings cumulative       : terminated=200, truncated=0

[Episode 300/8000 | last 100]
success rate                : 0.0% (cumulative 0.0%)
synthetic task reward       : 0.000
shaping reward              : 0.000
learning reward             : 0.000
episode length              : 93.4
abstract changes / episode  : 12.8
DFA transitions / episode   : 0.03
DFA transitions in window   : 1->2: 3
epsilon (next episode)       : 0.88690
replay buffer                : 27419 samples [1: 99.4%, 2: 0.6%, 3: 0.0%]
DFA state visits in window   : 1: 9324, 2: 116, 3: 0
DFA state visits cumulative  : 1: 27545, 2: 174, 3: 0
DFA state entries in window  : 1: 100, 2: 3, 3: 0
DFA state entries cumulative : 1: 300, 2: 5, 3: 0
transitions cumulative       : 1->2: 5
accepted directly from s0    : 0
Gym endings cumulative       : terminated=300, truncated=0

[Episode 400/8000 | last 100]
success rate                : 0.0% (cumulative 0.0%)
synthetic task reward       : 0.000
shaping reward              : 0.000
learning reward             : 0.000
episode length              : 99.1
abstract changes / episode  : 12.7
DFA transitions / episode   : 0.03
DFA transitions in window   : 1->2: 3
epsilon (next episode)       : 0.85212
replay buffer                : 37326 samples [1: 99.3%, 2: 0.7%, 3: 0.0%]
DFA state visits in window   : 1: 9898, 2: 109, 3: 0
DFA state visits cumulative  : 1: 37443, 2: 283, 3: 0
DFA state entries in window  : 1: 100, 2: 3, 3: 0
DFA state entries cumulative : 1: 400, 2: 8, 3: 0
transitions cumulative       : 1->2: 8
accepted directly from s0    : 0
Gym endings cumulative       : terminated=400, truncated=0

[Episode 500/8000 | last 100]
success rate                : 0.0% (cumulative 0.0%)
synthetic task reward       : 0.000
shaping reward              : 0.000
learning reward             : 0.000
episode length              : 93.8
abstract changes / episode  : 12.6
DFA transitions / episode   : 0.02
DFA transitions in window   : 1->2: 2
epsilon (next episode)       : 0.81870
replay buffer                : 46709 samples [1: 99.3%, 2: 0.7%, 3: 0.0%]
DFA state visits in window   : 1: 9418, 2: 65, 3: 0
DFA state visits cumulative  : 1: 46861, 2: 348, 3: 0
DFA state entries in window  : 1: 100, 2: 2, 3: 0
DFA state entries cumulative : 1: 500, 2: 10, 3: 0
transitions cumulative       : 1->2: 10
accepted directly from s0    : 0
Gym endings cumulative       : terminated=500, truncated=0

[Episode 600/8000 | last 100]
success rate                : 0.0% (cumulative 0.0%)
synthetic task reward       : 0.000
shaping reward              : 0.000
learning reward             : 0.000
episode length              : 97.6
abstract changes / episode  : 13.0
DFA transitions / episode   : 0.00
DFA transitions in window   : none
epsilon (next episode)       : 0.78659
replay buffer                : 56472 samples [1: 99.4%, 2: 0.6%, 3: 0.0%]
DFA state visits in window   : 1: 9863, 2: 0, 3: 0
DFA state visits cumulative  : 1: 56724, 2: 348, 3: 0
DFA state entries in window  : 1: 100, 2: 0, 3: 0
DFA state entries cumulative : 1: 600, 2: 10, 3: 0
transitions cumulative       : 1->2: 10
accepted directly from s0    : 0
Gym endings cumulative       : terminated=600, truncated=0

[Episode 700/8000 | last 100]
success rate                : 0.0% (cumulative 0.0%)
synthetic task reward       : 0.000
shaping reward              : 0.000
learning reward             : 0.000
episode length              : 100.3
abstract changes / episode  : 12.7
DFA transitions / episode   : 0.00
DFA transitions in window   : none
epsilon (next episode)       : 0.75574
replay buffer                : 66504 samples [1: 99.5%, 2: 0.5%, 3: 0.0%]
DFA state visits in window   : 1: 10132, 2: 0, 3: 0
DFA state visits cumulative  : 1: 66856, 2: 348, 3: 0
DFA state entries in window  : 1: 100, 2: 0, 3: 0
DFA state entries cumulative : 1: 700, 2: 10, 3: 0
transitions cumulative       : 1->2: 10
accepted directly from s0    : 0
Gym endings cumulative       : terminated=700, truncated=0

[Episode 800/8000 | last 100]
success rate                : 0.0% (cumulative 0.0%)
synthetic task reward       : 0.000
shaping reward              : 0.000
learning reward             : 0.000
episode length              : 94.7
abstract changes / episode  : 12.1
DFA transitions / episode   : 0.04
DFA transitions in window   : 1->2: 4
epsilon (next episode)       : 0.72610
replay buffer                : 75969 samples [1: 99.5%, 2: 0.5%, 3: 0.0%]
DFA state visits in window   : 1: 9484, 2: 81, 3: 0
DFA state visits cumulative  : 1: 76340, 2: 429, 3: 0
DFA state entries in window  : 1: 100, 2: 4, 3: 0
DFA state entries cumulative : 1: 800, 2: 14, 3: 0
transitions cumulative       : 1->2: 14
accepted directly from s0    : 0
Gym endings cumulative       : terminated=800, truncated=0

[Episode 900/8000 | last 100]
success rate                : 0.0% (cumulative 0.0%)
synthetic task reward       : 0.000
shaping reward              : 0.000
learning reward             : 0.000
episode length              : 106.1
abstract changes / episode  : 12.1
DFA transitions / episode   : 0.01
DFA transitions in window   : 1->2: 1
epsilon (next episode)       : 0.69763
replay buffer                : 86577 samples [1: 99.5%, 2: 0.5%, 3: 0.0%]
DFA state visits in window   : 1: 10679, 2: 29, 3: 0
DFA state visits cumulative  : 1: 87019, 2: 458, 3: 0
DFA state entries in window  : 1: 100, 2: 1, 3: 0
DFA state entries cumulative : 1: 900, 2: 15, 3: 0
transitions cumulative       : 1->2: 15
accepted directly from s0    : 0
Gym endings cumulative       : terminated=900, truncated=0

[Episode 1000/8000 | last 100]
success rate                : 0.0% (cumulative 0.0%)
synthetic task reward       : 0.000
shaping reward              : 0.000
learning reward             : 0.000
episode length              : 123.7
abstract changes / episode  : 12.2
DFA transitions / episode   : 0.02
DFA transitions in window   : 1->2: 2
epsilon (next episode)       : 0.67027
replay buffer                : 98944 samples [1: 99.5%, 2: 0.5%, 3: 0.0%]
DFA state visits in window   : 1: 12374, 2: 93, 3: 0
DFA state visits cumulative  : 1: 99393, 2: 551, 3: 0
DFA state entries in window  : 1: 100, 2: 2, 3: 0
DFA state entries cumulative : 1: 1000, 2: 17, 3: 0
transitions cumulative       : 1->2: 17
accepted directly from s0    : 0
Gym endings cumulative       : terminated=1000, truncated=0

[Episode 1100/8000 | last 100]
success rate                : 0.0% (cumulative 0.0%)
synthetic task reward       : 0.000
shaping reward              : 0.000
learning reward             : 0.000
episode length              : 122.6
abstract changes / episode  : 12.1
DFA transitions / episode   : 0.04
DFA transitions in window   : 1->2: 4
epsilon (next episode)       : 0.64398
replay buffer                : 111206 samples [1: 99.4%, 2: 0.6%, 3: 0.0%]
DFA state visits in window   : 1: 12188, 2: 174, 3: 0
DFA state visits cumulative  : 1: 111581, 2: 725, 3: 0
DFA state entries in window  : 1: 100, 2: 4, 3: 0
DFA state entries cumulative : 1: 1100, 2: 21, 3: 0
transitions cumulative       : 1->2: 21
accepted directly from s0    : 0
Gym endings cumulative       : terminated=1100, truncated=0

[Episode 1200/8000 | last 100]
success rate                : 0.0% (cumulative 0.0%)
synthetic task reward       : 0.000
shaping reward              : 0.000
learning reward             : 0.000
episode length              : 124.0
abstract changes / episode  : 11.3
DFA transitions / episode   : 0.07
DFA transitions in window   : 1->2: 7
epsilon (next episode)       : 0.61872
replay buffer                : 123601 samples [1: 99.3%, 2: 0.7%, 3: 0.0%]
DFA state visits in window   : 1: 12315, 2: 180, 3: 0
DFA state visits cumulative  : 1: 123896, 2: 905, 3: 0
DFA state entries in window  : 1: 100, 2: 7, 3: 0
DFA state entries cumulative : 1: 1200, 2: 28, 3: 0
transitions cumulative       : 1->2: 28
accepted directly from s0    : 0
Gym endings cumulative       : terminated=1200, truncated=0

[Episode 1300/8000 | last 100]
success rate                : 0.0% (cumulative 0.0%)
synthetic task reward       : 0.000
shaping reward              : 0.000
learning reward             : 0.000
episode length              : 119.7
abstract changes / episode  : 12.3
DFA transitions / episode   : 0.09
DFA transitions in window   : 1->2: 9
epsilon (next episode)       : 0.59446
replay buffer                : 135568 samples [1: 99.1%, 2: 0.9%, 3: 0.0%]
DFA state visits in window   : 1: 11736, 2: 331, 3: 0
DFA state visits cumulative  : 1: 135632, 2: 1236, 3: 0
DFA state entries in window  : 1: 100, 2: 9, 3: 0
DFA state entries cumulative : 1: 1300, 2: 37, 3: 0
transitions cumulative       : 1->2: 37
accepted directly from s0    : 0
Gym endings cumulative       : terminated=1300, truncated=0

[Episode 1400/8000 | last 100]
success rate                : 0.0% (cumulative 0.0%)
synthetic task reward       : 0.000
shaping reward              : 0.000
learning reward             : 0.000
episode length              : 128.2
abstract changes / episode  : 13.2
DFA transitions / episode   : 0.01
DFA transitions in window   : 1->2: 1
epsilon (next episode)       : 0.57115
replay buffer                : 148390 samples [1: 99.1%, 2: 0.9%, 3: 0.0%]
DFA state visits in window   : 1: 12756, 2: 166, 3: 0
DFA state visits cumulative  : 1: 148388, 2: 1402, 3: 0
DFA state entries in window  : 1: 100, 2: 1, 3: 0
DFA state entries cumulative : 1: 1400, 2: 38, 3: 0
transitions cumulative       : 1->2: 38
accepted directly from s0    : 0
Gym endings cumulative       : terminated=1400, truncated=0

[Episode 1500/8000 | last 100]
success rate                : 0.0% (cumulative 0.0%)
synthetic task reward       : 0.000
shaping reward              : 0.000
learning reward             : 0.000
episode length              : 165.0
abstract changes / episode  : 13.6
DFA transitions / episode   : 0.03
DFA transitions in window   : 1->2: 3
epsilon (next episode)       : 0.54875
replay buffer                : 164891 samples [1: 99.1%, 2: 0.9%, 3: 0.0%]
DFA state visits in window   : 1: 16475, 2: 126, 3: 0
DFA state visits cumulative  : 1: 164863, 2: 1528, 3: 0
DFA state entries in window  : 1: 100, 2: 3, 3: 0
DFA state entries cumulative : 1: 1500, 2: 41, 3: 0
transitions cumulative       : 1->2: 41
accepted directly from s0    : 0
Gym endings cumulative       : terminated=1500, truncated=0

[Episode 1600/8000 | last 100]
success rate                : 0.0% (cumulative 0.0%)
synthetic task reward       : 0.000
shaping reward              : 0.000
learning reward             : 0.000
episode length              : 170.4
abstract changes / episode  : 13.1
DFA transitions / episode   : 0.03
DFA transitions in window   : 1->2: 3
epsilon (next episode)       : 0.52722
replay buffer                : 181936 samples [1: 99.1%, 2: 0.9%, 3: 0.0%]
DFA state visits in window   : 1: 17042, 2: 103, 3: 0
DFA state visits cumulative  : 1: 181905, 2: 1631, 3: 0
DFA state entries in window  : 1: 100, 2: 3, 3: 0
DFA state entries cumulative : 1: 1600, 2: 44, 3: 0
transitions cumulative       : 1->2: 44
accepted directly from s0    : 0
Gym endings cumulative       : terminated=1600, truncated=0

[Episode 1700/8000 | last 100]
success rate                : 0.0% (cumulative 0.0%)
synthetic task reward       : 0.000
shaping reward              : 0.000
learning reward             : 0.000
episode length              : 219.4
abstract changes / episode  : 15.6
DFA transitions / episode   : 0.08
DFA transitions in window   : 1->2: 8
epsilon (next episode)       : 0.50655
replay buffer                : 203880 samples [1: 98.9%, 2: 1.1%, 3: 0.0%]
DFA state visits in window   : 1: 21477, 2: 567, 3: 0
DFA state visits cumulative  : 1: 203382, 2: 2198, 3: 0
DFA state entries in window  : 1: 100, 2: 8, 3: 0
DFA state entries cumulative : 1: 1700, 2: 52, 3: 0
transitions cumulative       : 1->2: 52
accepted directly from s0    : 0
Gym endings cumulative       : terminated=1700, truncated=0

[Episode 1800/8000 | last 100]
success rate                : 0.0% (cumulative 0.0%)
synthetic task reward       : 0.000
shaping reward              : 0.000
learning reward             : 0.000
episode length              : 168.8
abstract changes / episode  : 12.7
DFA transitions / episode   : 0.01
DFA transitions in window   : 1->2: 1
epsilon (next episode)       : 0.48668
replay buffer                : 220762 samples [1: 99.0%, 2: 1.0%, 3: 0.0%]
DFA state visits in window   : 1: 16964, 2: 18, 3: 0
DFA state visits cumulative  : 1: 220346, 2: 2216, 3: 0
DFA state entries in window  : 1: 100, 2: 1, 3: 0
DFA state entries cumulative : 1: 1800, 2: 53, 3: 0
transitions cumulative       : 1->2: 53
accepted directly from s0    : 0
Gym endings cumulative       : terminated=1797, truncated=3

[Episode 1900/8000 | last 100]
success rate                : 0.0% (cumulative 0.0%)
synthetic task reward       : 0.000
shaping reward              : 0.000
learning reward             : 0.000
episode length              : 240.8
abstract changes / episode  : 14.1
DFA transitions / episode   : 0.03
DFA transitions in window   : 1->2: 3
epsilon (next episode)       : 0.46760
replay buffer                : 244843 samples [1: 99.0%, 2: 1.0%, 3: 0.0%]
DFA state visits in window   : 1: 23881, 2: 300, 3: 0
DFA state visits cumulative  : 1: 244227, 2: 2516, 3: 0
DFA state entries in window  : 1: 100, 2: 3, 3: 0
DFA state entries cumulative : 1: 1900, 2: 56, 3: 0
transitions cumulative       : 1->2: 56
accepted directly from s0    : 0
Gym endings cumulative       : terminated=1895, truncated=5

[Episode 2000/8000 | last 100]
success rate                : 0.0% (cumulative 0.0%)
synthetic task reward       : 0.000
shaping reward              : 0.000
learning reward             : 0.000
episode length              : 208.0
abstract changes / episode  : 15.5
DFA transitions / episode   : 0.00
DFA transitions in window   : none
epsilon (next episode)       : 0.44926
replay buffer                : 265644 samples [1: 99.1%, 2: 0.9%, 3: 0.0%]
DFA state visits in window   : 1: 20901, 2: 0, 3: 0
DFA state visits cumulative  : 1: 265128, 2: 2516, 3: 0
DFA state entries in window  : 1: 100, 2: 0, 3: 0
DFA state entries cumulative : 1: 2000, 2: 56, 3: 0
transitions cumulative       : 1->2: 56
accepted directly from s0    : 0
Gym endings cumulative       : terminated=1991, truncated=9

[Episode 2100/8000 | last 100]
success rate                : 0.0% (cumulative 0.0%)
synthetic task reward       : 0.000
shaping reward              : 0.000
learning reward             : 0.000
episode length              : 231.5
abstract changes / episode  : 16.0
DFA transitions / episode   : 0.00
DFA transitions in window   : none
epsilon (next episode)       : 0.43164
replay buffer                : 288797 samples [1: 99.1%, 2: 0.9%, 3: 0.0%]
DFA state visits in window   : 1: 23253, 2: 0, 3: 0
DFA state visits cumulative  : 1: 288381, 2: 2516, 3: 0
DFA state entries in window  : 1: 100, 2: 0, 3: 0
DFA state entries cumulative : 1: 2100, 2: 56, 3: 0
transitions cumulative       : 1->2: 56
accepted directly from s0    : 0
Gym endings cumulative       : terminated=2086, truncated=14

[Episode 2200/8000 | last 100]
success rate                : 0.0% (cumulative 0.0%)
synthetic task reward       : 0.000
shaping reward              : 0.000
learning reward             : 0.000
episode length              : 222.1
abstract changes / episode  : 15.2
DFA transitions / episode   : 0.00
DFA transitions in window   : none
epsilon (next episode)       : 0.41471
replay buffer                : 300000 samples [1: 99.2%, 2: 0.8%, 3: 0.0%]
DFA state visits in window   : 1: 22306, 2: 0, 3: 0
DFA state visits cumulative  : 1: 310687, 2: 2516, 3: 0
DFA state entries in window  : 1: 100, 2: 0, 3: 0
DFA state entries cumulative : 1: 2200, 2: 56, 3: 0
transitions cumulative       : 1->2: 56
accepted directly from s0    : 0
Gym endings cumulative       : terminated=2183, truncated=17

[Episode 2300/8000 | last 100]
success rate                : 0.0% (cumulative 0.0%)
synthetic task reward       : 0.000
shaping reward              : 0.000
learning reward             : 0.000
episode length              : 284.7
abstract changes / episode  : 16.4
DFA transitions / episode   : 0.03
DFA transitions in window   : 1->2: 3
epsilon (next episode)       : 0.39845
replay buffer                : 300000 samples [1: 99.2%, 2: 0.8%, 3: 0.0%]
DFA state visits in window   : 1: 28289, 2: 277, 3: 0
DFA state visits cumulative  : 1: 338976, 2: 2793, 3: 0
DFA state entries in window  : 1: 100, 2: 3, 3: 0
DFA state entries cumulative : 1: 2300, 2: 59, 3: 0
transitions cumulative       : 1->2: 59
accepted directly from s0    : 0
Gym endings cumulative       : terminated=2281, truncated=19

[Episode 2400/8000 | last 100]
success rate                : 0.0% (cumulative 0.0%)
synthetic task reward       : 0.000
shaping reward              : 0.000
learning reward             : 0.000
episode length              : 398.9
abstract changes / episode  : 18.5
DFA transitions / episode   : 0.05
DFA transitions in window   : 1->2: 5
epsilon (next episode)       : 0.38282
replay buffer                : 300000 samples [1: 98.6%, 2: 1.4%, 3: 0.0%]
DFA state visits in window   : 1: 37965, 2: 2030, 3: 0
DFA state visits cumulative  : 1: 376941, 2: 4823, 3: 0
DFA state entries in window  : 1: 100, 2: 5, 3: 0
DFA state entries cumulative : 1: 2400, 2: 64, 3: 0
transitions cumulative       : 1->2: 64
accepted directly from s0    : 0
Gym endings cumulative       : terminated=2366, truncated=34

[Episode 2500/8000 | last 100]
success rate                : 0.0% (cumulative 0.0%)
synthetic task reward       : 0.000
shaping reward              : 0.000
learning reward             : 0.000
episode length              : 215.6
abstract changes / episode  : 18.4
DFA transitions / episode   : 0.00
DFA transitions in window   : none
epsilon (next episode)       : 0.36781
replay buffer                : 300000 samples [1: 98.6%, 2: 1.4%, 3: 0.0%]
DFA state visits in window   : 1: 21659, 2: 0, 3: 0
DFA state visits cumulative  : 1: 398600, 2: 4823, 3: 0
DFA state entries in window  : 1: 100, 2: 0, 3: 0
DFA state entries cumulative : 1: 2500, 2: 64, 3: 0
transitions cumulative       : 1->2: 64
accepted directly from s0    : 0
Gym endings cumulative       : terminated=2464, truncated=36

[Episode 2600/8000 | last 100]
success rate                : 0.0% (cumulative 0.0%)
synthetic task reward       : 0.000
shaping reward              : 0.000
learning reward             : 0.000
episode length              : 344.6
abstract changes / episode  : 22.1
DFA transitions / episode   : 0.03
DFA transitions in window   : 1->2: 3
epsilon (next episode)       : 0.35338
replay buffer                : 300000 samples [1: 98.8%, 2: 1.2%, 3: 0.0%]
DFA state visits in window   : 1: 34426, 2: 138, 3: 0
DFA state visits cumulative  : 1: 433026, 2: 4961, 3: 0
DFA state entries in window  : 1: 100, 2: 3, 3: 0
DFA state entries cumulative : 1: 2600, 2: 67, 3: 0
transitions cumulative       : 1->2: 67
accepted directly from s0    : 0
Gym endings cumulative       : terminated=2561, truncated=39

[Episode 2700/8000 | last 100]
success rate                : 0.0% (cumulative 0.0%)
synthetic task reward       : 0.000
shaping reward              : 0.000
learning reward             : 0.000
episode length              : 283.2
abstract changes / episode  : 16.5
DFA transitions / episode   : 0.02
DFA transitions in window   : 1->2: 2
epsilon (next episode)       : 0.33952
replay buffer                : 300000 samples [1: 98.7%, 2: 1.3%, 3: 0.0%]
DFA state visits in window   : 1: 27861, 2: 558, 3: 0
DFA state visits cumulative  : 1: 460887, 2: 5519, 3: 0
DFA state entries in window  : 1: 100, 2: 2, 3: 0
DFA state entries cumulative : 1: 2700, 2: 69, 3: 0
transitions cumulative       : 1->2: 69
accepted directly from s0    : 0
Gym endings cumulative       : terminated=2655, truncated=45

[Episode 2800/8000 | last 100]
success rate                : 0.0% (cumulative 0.0%)
synthetic task reward       : 0.000
shaping reward              : 0.000
learning reward             : 0.000
episode length              : 290.2
abstract changes / episode  : 17.0
DFA transitions / episode   : 0.00
DFA transitions in window   : none
epsilon (next episode)       : 0.32621
replay buffer                : 300000 samples [1: 98.8%, 2: 1.2%, 3: 0.0%]
DFA state visits in window   : 1: 29125, 2: 0, 3: 0
DFA state visits cumulative  : 1: 490012, 2: 5519, 3: 0
DFA state entries in window  : 1: 100, 2: 0, 3: 0
DFA state entries cumulative : 1: 2800, 2: 69, 3: 0
transitions cumulative       : 1->2: 69
accepted directly from s0    : 0
Gym endings cumulative       : terminated=2753, truncated=47

[Episode 2900/8000 | last 100]
success rate                : 0.0% (cumulative 0.0%)
synthetic task reward       : 0.000
shaping reward              : 0.000
learning reward             : 0.000
episode length              : 143.9
abstract changes / episode  : 13.3
DFA transitions / episode   : 0.05
DFA transitions in window   : 1->2: 5
epsilon (next episode)       : 0.31341
replay buffer                : 300000 samples [1: 98.8%, 2: 1.2%, 3: 0.0%]
DFA state visits in window   : 1: 14316, 2: 178, 3: 0
DFA state visits cumulative  : 1: 504328, 2: 5697, 3: 0
DFA state entries in window  : 1: 100, 2: 5, 3: 0
DFA state entries cumulative : 1: 2900, 2: 74, 3: 0
transitions cumulative       : 1->2: 74
accepted directly from s0    : 0
Gym endings cumulative       : terminated=2853, truncated=47

[Episode 3000/8000 | last 100]
success rate                : 0.0% (cumulative 0.0%)
synthetic task reward       : 0.000
shaping reward              : 0.000
learning reward             : 0.000
episode length              : 107.2
abstract changes / episode  : 12.8
DFA transitions / episode   : 0.01
DFA transitions in window   : 1->2: 1
epsilon (next episode)       : 0.30112
replay buffer                : 300000 samples [1: 98.8%, 2: 1.2%, 3: 0.0%]
DFA state visits in window   : 1: 10798, 2: 23, 3: 0
DFA state visits cumulative  : 1: 515126, 2: 5720, 3: 0
DFA state entries in window  : 1: 100, 2: 1, 3: 0
DFA state entries cumulative : 1: 3000, 2: 75, 3: 0
transitions cumulative       : 1->2: 75
accepted directly from s0    : 0
Gym endings cumulative       : terminated=2953, truncated=47

[Episode 3100/8000 | last 100]
success rate                : 0.0% (cumulative 0.0%)
synthetic task reward       : 0.000
shaping reward              : 0.000
learning reward             : 0.000
episode length              : 104.2
abstract changes / episode  : 12.9
DFA transitions / episode   : 0.06
DFA transitions in window   : 1->2: 6
epsilon (next episode)       : 0.28931
replay buffer                : 300000 samples [1: 98.8%, 2: 1.2%, 3: 0.0%]
DFA state visits in window   : 1: 10398, 2: 117, 3: 0
DFA state visits cumulative  : 1: 525524, 2: 5837, 3: 0
DFA state entries in window  : 1: 100, 2: 6, 3: 0
DFA state entries cumulative : 1: 3100, 2: 81, 3: 0
transitions cumulative       : 1->2: 81
accepted directly from s0    : 0
Gym endings cumulative       : terminated=3053, truncated=47

[Episode 3200/8000 | last 100]
success rate                : 0.0% (cumulative 0.0%)
synthetic task reward       : 0.000
shaping reward              : 0.000
learning reward             : 0.000
episode length              : 95.8
abstract changes / episode  : 12.9
DFA transitions / episode   : 0.03
DFA transitions in window   : 1->2: 3
epsilon (next episode)       : 0.27797
replay buffer                : 300000 samples [1: 98.9%, 2: 1.1%, 3: 0.0%]
DFA state visits in window   : 1: 9611, 2: 74, 3: 0
DFA state visits cumulative  : 1: 535135, 2: 5911, 3: 0
DFA state entries in window  : 1: 100, 2: 3, 3: 0
DFA state entries cumulative : 1: 3200, 2: 84, 3: 0
transitions cumulative       : 1->2: 84
accepted directly from s0    : 0
Gym endings cumulative       : terminated=3153, truncated=47

[Episode 3300/8000 | last 100]
success rate                : 0.0% (cumulative 0.0%)
synthetic task reward       : 0.000
shaping reward              : 0.000
learning reward             : 0.000
episode length              : 99.2
abstract changes / episode  : 12.7
DFA transitions / episode   : 0.02
DFA transitions in window   : 1->2: 2
epsilon (next episode)       : 0.26706
replay buffer                : 300000 samples [1: 98.9%, 2: 1.1%, 3: 0.0%]
DFA state visits in window   : 1: 9959, 2: 56, 3: 0
DFA state visits cumulative  : 1: 545094, 2: 5967, 3: 0
DFA state entries in window  : 1: 100, 2: 2, 3: 0
DFA state entries cumulative : 1: 3300, 2: 86, 3: 0
transitions cumulative       : 1->2: 86
accepted directly from s0    : 0
Gym endings cumulative       : terminated=3252, truncated=48

[Episode 3400/8000 | last 100]
success rate                : 0.0% (cumulative 0.0%)
synthetic task reward       : 0.000
shaping reward              : 0.000
learning reward             : 0.000
episode length              : 91.3
abstract changes / episode  : 12.6
DFA transitions / episode   : 0.02
DFA transitions in window   : 1->2: 2
epsilon (next episode)       : 0.25659
replay buffer                : 300000 samples [1: 98.8%, 2: 1.2%, 3: 0.0%]
DFA state visits in window   : 1: 9198, 2: 35, 3: 0
DFA state visits cumulative  : 1: 554292, 2: 6002, 3: 0
DFA state entries in window  : 1: 100, 2: 2, 3: 0
DFA state entries cumulative : 1: 3400, 2: 88, 3: 0
transitions cumulative       : 1->2: 88
accepted directly from s0    : 0
Gym endings cumulative       : terminated=3352, truncated=48

[Episode 3500/8000 | last 100]
success rate                : 0.0% (cumulative 0.0%)
synthetic task reward       : 0.000
shaping reward              : 0.000
learning reward             : 0.000
episode length              : 91.5
abstract changes / episode  : 12.4
DFA transitions / episode   : 0.01
DFA transitions in window   : 1->2: 1
epsilon (next episode)       : 0.24653
replay buffer                : 300000 samples [1: 98.8%, 2: 1.2%, 3: 0.0%]
DFA state visits in window   : 1: 9226, 2: 23, 3: 0
DFA state visits cumulative  : 1: 563518, 2: 6025, 3: 0
DFA state entries in window  : 1: 100, 2: 1, 3: 0
DFA state entries cumulative : 1: 3500, 2: 89, 3: 0
transitions cumulative       : 1->2: 89
accepted directly from s0    : 0
Gym endings cumulative       : terminated=3452, truncated=48

[Episode 3600/8000 | last 100]
success rate                : 0.0% (cumulative 0.0%)
synthetic task reward       : 0.000
shaping reward              : 0.000
learning reward             : 0.000
episode length              : 88.7
abstract changes / episode  : 12.7
DFA transitions / episode   : 0.01
DFA transitions in window   : 1->2: 1
epsilon (next episode)       : 0.23686
replay buffer                : 300000 samples [1: 98.8%, 2: 1.2%, 3: 0.0%]
DFA state visits in window   : 1: 8960, 2: 13, 3: 0
DFA state visits cumulative  : 1: 572478, 2: 6038, 3: 0
DFA state entries in window  : 1: 100, 2: 1, 3: 0
DFA state entries cumulative : 1: 3600, 2: 90, 3: 0
transitions cumulative       : 1->2: 90
accepted directly from s0    : 0
Gym endings cumulative       : terminated=3552, truncated=48

[Episode 3700/8000 | last 100]
success rate                : 0.0% (cumulative 0.0%)
synthetic task reward       : 0.000
shaping reward              : 0.000
learning reward             : 0.000
episode length              : 85.0
abstract changes / episode  : 12.8
DFA transitions / episode   : 0.02
DFA transitions in window   : 1->2: 2
epsilon (next episode)       : 0.22757
replay buffer                : 300000 samples [1: 98.8%, 2: 1.2%, 3: 0.0%]
DFA state visits in window   : 1: 8554, 2: 41, 3: 0
DFA state visits cumulative  : 1: 581032, 2: 6079, 3: 0
DFA state entries in window  : 1: 100, 2: 2, 3: 0
DFA state entries cumulative : 1: 3700, 2: 92, 3: 0
transitions cumulative       : 1->2: 92
accepted directly from s0    : 0
Gym endings cumulative       : terminated=3652, truncated=48

[Episode 3800/8000 | last 100]
success rate                : 0.0% (cumulative 0.0%)
synthetic task reward       : 0.000
shaping reward              : 0.000
learning reward             : 0.000
episode length              : 89.9
abstract changes / episode  : 12.7
DFA transitions / episode   : 0.00
DFA transitions in window   : none
epsilon (next episode)       : 0.21865
replay buffer                : 300000 samples [1: 98.8%, 2: 1.2%, 3: 0.0%]
DFA state visits in window   : 1: 9087, 2: 0, 3: 0
DFA state visits cumulative  : 1: 590119, 2: 6079, 3: 0
DFA state entries in window  : 1: 100, 2: 0, 3: 0
DFA state entries cumulative : 1: 3800, 2: 92, 3: 0
transitions cumulative       : 1->2: 92
accepted directly from s0    : 0
Gym endings cumulative       : terminated=3752, truncated=48

[Episode 3900/8000 | last 100]
success rate                : 0.0% (cumulative 0.0%)
synthetic task reward       : 0.000
shaping reward              : 0.000
learning reward             : 0.000
episode length              : 91.2
abstract changes / episode  : 12.6
DFA transitions / episode   : 0.05
DFA transitions in window   : 1->2: 5
epsilon (next episode)       : 0.21007
replay buffer                : 300000 samples [1: 98.8%, 2: 1.2%, 3: 0.0%]
DFA state visits in window   : 1: 9117, 2: 98, 3: 0
DFA state visits cumulative  : 1: 599236, 2: 6177, 3: 0
DFA state entries in window  : 1: 100, 2: 5, 3: 0
DFA state entries cumulative : 1: 3900, 2: 97, 3: 0
transitions cumulative       : 1->2: 97
accepted directly from s0    : 0
Gym endings cumulative       : terminated=3852, truncated=48

[Episode 4000/8000 | last 100]
success rate                : 0.0% (cumulative 0.0%)
synthetic task reward       : 0.000
shaping reward              : 0.000
learning reward             : 0.000
episode length              : 90.7
abstract changes / episode  : 12.6
DFA transitions / episode   : 0.02
DFA transitions in window   : 1->2: 2
epsilon (next episode)       : 0.20183
replay buffer                : 300000 samples [1: 98.8%, 2: 1.2%, 3: 0.0%]
DFA state visits in window   : 1: 9128, 2: 41, 3: 0
DFA state visits cumulative  : 1: 608364, 2: 6218, 3: 0
DFA state entries in window  : 1: 100, 2: 2, 3: 0
DFA state entries cumulative : 1: 4000, 2: 99, 3: 0
transitions cumulative       : 1->2: 99
accepted directly from s0    : 0
Gym endings cumulative       : terminated=3952, truncated=48

[Episode 4100/8000 | last 100]
success rate                : 0.0% (cumulative 0.0%)
synthetic task reward       : 0.000
shaping reward              : 0.000
learning reward             : 0.000
episode length              : 98.0
abstract changes / episode  : 12.6
DFA transitions / episode   : 0.00
DFA transitions in window   : none
epsilon (next episode)       : 0.19392
replay buffer                : 300000 samples [1: 98.8%, 2: 1.2%, 3: 0.0%]
DFA state visits in window   : 1: 9895, 2: 0, 3: 0
DFA state visits cumulative  : 1: 618259, 2: 6218, 3: 0
DFA state entries in window  : 1: 100, 2: 0, 3: 0
DFA state entries cumulative : 1: 4100, 2: 99, 3: 0
transitions cumulative       : 1->2: 99
accepted directly from s0    : 0
Gym endings cumulative       : terminated=4051, truncated=49

[Episode 4200/8000 | last 100]
success rate                : 0.0% (cumulative 0.0%)
synthetic task reward       : 0.000
shaping reward              : 0.000
learning reward             : 0.000
episode length              : 90.7
abstract changes / episode  : 13.0
DFA transitions / episode   : 0.02
DFA transitions in window   : 1->2: 2
epsilon (next episode)       : 0.18631
replay buffer                : 300000 samples [1: 98.8%, 2: 1.2%, 3: 0.0%]
DFA state visits in window   : 1: 9118, 2: 55, 3: 0
DFA state visits cumulative  : 1: 627377, 2: 6273, 3: 0
DFA state entries in window  : 1: 100, 2: 2, 3: 0
DFA state entries cumulative : 1: 4200, 2: 101, 3: 0
transitions cumulative       : 1->2: 101
accepted directly from s0    : 0
Gym endings cumulative       : terminated=4151, truncated=49

[Episode 4300/8000 | last 100]
success rate                : 0.0% (cumulative 0.0%)
synthetic task reward       : 0.000
shaping reward              : 0.000
learning reward             : 0.000
episode length              : 90.7
abstract changes / episode  : 12.2
DFA transitions / episode   : 0.06
DFA transitions in window   : 1->2: 6
epsilon (next episode)       : 0.17900
replay buffer                : 300000 samples [1: 98.8%, 2: 1.2%, 3: 0.0%]
DFA state visits in window   : 1: 9053, 2: 119, 3: 0
DFA state visits cumulative  : 1: 636430, 2: 6392, 3: 0
DFA state entries in window  : 1: 100, 2: 6, 3: 0
DFA state entries cumulative : 1: 4300, 2: 107, 3: 0
transitions cumulative       : 1->2: 107
accepted directly from s0    : 0
Gym endings cumulative       : terminated=4251, truncated=49

[Episode 4400/8000 | last 100]
success rate                : 0.0% (cumulative 0.0%)
synthetic task reward       : 0.000
shaping reward              : 0.000
learning reward             : 0.000
episode length              : 93.9
abstract changes / episode  : 12.4
DFA transitions / episode   : 0.02
DFA transitions in window   : 1->2: 2
epsilon (next episode)       : 0.17198
replay buffer                : 300000 samples [1: 99.5%, 2: 0.5%, 3: 0.0%]
DFA state visits in window   : 1: 9456, 2: 34, 3: 0
DFA state visits cumulative  : 1: 645886, 2: 6426, 3: 0
DFA state entries in window  : 1: 100, 2: 2, 3: 0
DFA state entries cumulative : 1: 4400, 2: 109, 3: 0
transitions cumulative       : 1->2: 109
accepted directly from s0    : 0
Gym endings cumulative       : terminated=4351, truncated=49

[Episode 4500/8000 | last 100]
success rate                : 0.0% (cumulative 0.0%)
synthetic task reward       : 0.000
shaping reward              : 0.000
learning reward             : 0.000
episode length              : 87.5
abstract changes / episode  : 12.4
DFA transitions / episode   : 0.04
DFA transitions in window   : 1->2: 4
epsilon (next episode)       : 0.16524
replay buffer                : 300000 samples [1: 99.4%, 2: 0.6%, 3: 0.0%]
DFA state visits in window   : 1: 8722, 2: 130, 3: 0
DFA state visits cumulative  : 1: 654608, 2: 6556, 3: 0
DFA state entries in window  : 1: 100, 2: 4, 3: 0
DFA state entries cumulative : 1: 4500, 2: 113, 3: 0
transitions cumulative       : 1->2: 113
accepted directly from s0    : 0
Gym endings cumulative       : terminated=4451, truncated=49

[Episode 4600/8000 | last 100]
success rate                : 0.0% (cumulative 0.0%)
synthetic task reward       : 0.000
shaping reward              : 0.000
learning reward             : 0.000
episode length              : 99.8
abstract changes / episode  : 12.5
DFA transitions / episode   : 0.04
DFA transitions in window   : 1->2: 4
epsilon (next episode)       : 0.15876
replay buffer                : 300000 samples [1: 99.4%, 2: 0.6%, 3: 0.0%]
DFA state visits in window   : 1: 9985, 2: 96, 3: 0
DFA state visits cumulative  : 1: 664593, 2: 6652, 3: 0
DFA state entries in window  : 1: 100, 2: 4, 3: 0
DFA state entries cumulative : 1: 4600, 2: 117, 3: 0
transitions cumulative       : 1->2: 117
accepted directly from s0    : 0
Gym endings cumulative       : terminated=4550, truncated=50

[Episode 4700/8000 | last 100]
success rate                : 0.0% (cumulative 0.0%)
synthetic task reward       : 0.000
shaping reward              : 0.000
learning reward             : 0.000
episode length              : 87.0
abstract changes / episode  : 12.4
DFA transitions / episode   : 0.01
DFA transitions in window   : 1->2: 1
epsilon (next episode)       : 0.15253
replay buffer                : 300000 samples [1: 99.4%, 2: 0.6%, 3: 0.0%]
DFA state visits in window   : 1: 8776, 2: 20, 3: 0
DFA state visits cumulative  : 1: 673369, 2: 6672, 3: 0
DFA state entries in window  : 1: 100, 2: 1, 3: 0
DFA state entries cumulative : 1: 4700, 2: 118, 3: 0
transitions cumulative       : 1->2: 118
accepted directly from s0    : 0
Gym endings cumulative       : terminated=4650, truncated=50

[Episode 4800/8000 | last 100]
success rate                : 0.0% (cumulative 0.0%)
synthetic task reward       : 0.000
shaping reward              : 0.000
learning reward             : 0.000
episode length              : 87.0
abstract changes / episode  : 12.5
DFA transitions / episode   : 0.03
DFA transitions in window   : 1->2: 3
epsilon (next episode)       : 0.14655
replay buffer                : 300000 samples [1: 99.4%, 2: 0.6%, 3: 0.0%]
DFA state visits in window   : 1: 8715, 2: 86, 3: 0
DFA state visits cumulative  : 1: 682084, 2: 6758, 3: 0
DFA state entries in window  : 1: 100, 2: 3, 3: 0
DFA state entries cumulative : 1: 4800, 2: 121, 3: 0
transitions cumulative       : 1->2: 121
accepted directly from s0    : 0
Gym endings cumulative       : terminated=4750, truncated=50

[Episode 4900/8000 | last 100]
success rate                : 0.0% (cumulative 0.0%)
synthetic task reward       : 0.000
shaping reward              : 0.000
learning reward             : 0.000
episode length              : 87.9
abstract changes / episode  : 12.6
DFA transitions / episode   : 0.01
DFA transitions in window   : 1->2: 1
epsilon (next episode)       : 0.14080
replay buffer                : 300000 samples [1: 99.4%, 2: 0.6%, 3: 0.0%]
DFA state visits in window   : 1: 8870, 2: 19, 3: 0
DFA state visits cumulative  : 1: 690954, 2: 6777, 3: 0
DFA state entries in window  : 1: 100, 2: 1, 3: 0
DFA state entries cumulative : 1: 4900, 2: 122, 3: 0
transitions cumulative       : 1->2: 122
accepted directly from s0    : 0
Gym endings cumulative       : terminated=4850, truncated=50

[Episode 5000/8000 | last 100]
success rate                : 0.0% (cumulative 0.0%)
synthetic task reward       : 0.000
shaping reward              : 0.000
learning reward             : 0.000
episode length              : 90.5
abstract changes / episode  : 12.7
DFA transitions / episode   : 0.00
DFA transitions in window   : none
epsilon (next episode)       : 0.13528
replay buffer                : 300000 samples [1: 99.4%, 2: 0.6%, 3: 0.0%]
DFA state visits in window   : 1: 9146, 2: 0, 3: 0
DFA state visits cumulative  : 1: 700100, 2: 6777, 3: 0
DFA state entries in window  : 1: 100, 2: 0, 3: 0
DFA state entries cumulative : 1: 5000, 2: 122, 3: 0
transitions cumulative       : 1->2: 122
accepted directly from s0    : 0
Gym endings cumulative       : terminated=4950, truncated=50

[Episode 5100/8000 | last 100]
success rate                : 0.0% (cumulative 0.0%)
synthetic task reward       : 0.000
shaping reward              : 0.000
learning reward             : 0.000
episode length              : 88.1
abstract changes / episode  : 12.7
DFA transitions / episode   : 0.01
DFA transitions in window   : 1->2: 1
epsilon (next episode)       : 0.12998
replay buffer                : 300000 samples [1: 99.4%, 2: 0.6%, 3: 0.0%]
DFA state visits in window   : 1: 8890, 2: 22, 3: 0
DFA state visits cumulative  : 1: 708990, 2: 6799, 3: 0
DFA state entries in window  : 1: 100, 2: 1, 3: 0
DFA state entries cumulative : 1: 5100, 2: 123, 3: 0
transitions cumulative       : 1->2: 123
accepted directly from s0    : 0
Gym endings cumulative       : terminated=5050, truncated=50

[Episode 5200/8000 | last 100]
success rate                : 0.0% (cumulative 0.0%)
synthetic task reward       : 0.000
shaping reward              : 0.000
learning reward             : 0.000
episode length              : 86.3
abstract changes / episode  : 12.6
DFA transitions / episode   : 0.01
DFA transitions in window   : 1->2: 1
epsilon (next episode)       : 0.12488
replay buffer                : 300000 samples [1: 99.4%, 2: 0.6%, 3: 0.0%]
DFA state visits in window   : 1: 8705, 2: 22, 3: 0
DFA state visits cumulative  : 1: 717695, 2: 6821, 3: 0
DFA state entries in window  : 1: 100, 2: 1, 3: 0
DFA state entries cumulative : 1: 5200, 2: 124, 3: 0
transitions cumulative       : 1->2: 124
accepted directly from s0    : 0
Gym endings cumulative       : terminated=5150, truncated=50

[Episode 5300/8000 | last 100]
success rate                : 0.0% (cumulative 0.0%)
synthetic task reward       : 0.000
shaping reward              : 0.000
learning reward             : 0.000
episode length              : 92.7
abstract changes / episode  : 12.3
DFA transitions / episode   : 0.01
DFA transitions in window   : 1->2: 1
epsilon (next episode)       : 0.11998
replay buffer                : 300000 samples [1: 99.4%, 2: 0.6%, 3: 0.0%]
DFA state visits in window   : 1: 9356, 2: 15, 3: 0
DFA state visits cumulative  : 1: 727051, 2: 6836, 3: 0
DFA state entries in window  : 1: 100, 2: 1, 3: 0
DFA state entries cumulative : 1: 5300, 2: 125, 3: 0
transitions cumulative       : 1->2: 125
accepted directly from s0    : 0
Gym endings cumulative       : terminated=5250, truncated=50

[Episode 5400/8000 | last 100]
success rate                : 0.0% (cumulative 0.0%)
synthetic task reward       : 0.000
shaping reward              : 0.000
learning reward             : 0.000
episode length              : 100.2
abstract changes / episode  : 12.7
DFA transitions / episode   : 0.00
DFA transitions in window   : none
epsilon (next episode)       : 0.11528
replay buffer                : 300000 samples [1: 99.6%, 2: 0.4%, 3: 0.0%]
DFA state visits in window   : 1: 10121, 2: 0, 3: 0
DFA state visits cumulative  : 1: 737172, 2: 6836, 3: 0
DFA state entries in window  : 1: 100, 2: 0, 3: 0
DFA state entries cumulative : 1: 5400, 2: 125, 3: 0
transitions cumulative       : 1->2: 125
accepted directly from s0    : 0
Gym endings cumulative       : terminated=5349, truncated=51

[Episode 5500/8000 | last 100]
success rate                : 0.0% (cumulative 0.0%)
synthetic task reward       : 0.000
shaping reward              : 0.000
learning reward             : 0.000
episode length              : 94.6
abstract changes / episode  : 12.5
DFA transitions / episode   : 0.01
DFA transitions in window   : 1->2: 1
epsilon (next episode)       : 0.11075
replay buffer                : 300000 samples [1: 99.6%, 2: 0.4%, 3: 0.0%]
DFA state visits in window   : 1: 9538, 2: 18, 3: 0
DFA state visits cumulative  : 1: 746710, 2: 6854, 3: 0
DFA state entries in window  : 1: 100, 2: 1, 3: 0
DFA state entries cumulative : 1: 5500, 2: 126, 3: 0
transitions cumulative       : 1->2: 126
accepted directly from s0    : 0
Gym endings cumulative       : terminated=5449, truncated=51

[Episode 5600/8000 | last 100]
success rate                : 0.0% (cumulative 0.0%)
synthetic task reward       : 0.000
shaping reward              : 0.000
learning reward             : 0.000
episode length              : 85.8
abstract changes / episode  : 12.4
DFA transitions / episode   : 0.01
DFA transitions in window   : 1->2: 1
epsilon (next episode)       : 0.10641
replay buffer                : 300000 samples [1: 99.6%, 2: 0.4%, 3: 0.0%]
DFA state visits in window   : 1: 8670, 2: 13, 3: 0
DFA state visits cumulative  : 1: 755380, 2: 6867, 3: 0
DFA state entries in window  : 1: 100, 2: 1, 3: 0
DFA state entries cumulative : 1: 5600, 2: 127, 3: 0
transitions cumulative       : 1->2: 127
accepted directly from s0    : 0
Gym endings cumulative       : terminated=5549, truncated=51

[Episode 5700/8000 | last 100]
success rate                : 0.0% (cumulative 0.0%)
synthetic task reward       : 0.000
shaping reward              : 0.000
learning reward             : 0.000
episode length              : 90.0
abstract changes / episode  : 12.5
DFA transitions / episode   : 0.02
DFA transitions in window   : 1->2: 2
epsilon (next episode)       : 0.10224
replay buffer                : 300000 samples [1: 99.6%, 2: 0.4%, 3: 0.0%]
DFA state visits in window   : 1: 9061, 2: 38, 3: 0
DFA state visits cumulative  : 1: 764441, 2: 6905, 3: 0
DFA state entries in window  : 1: 100, 2: 2, 3: 0
DFA state entries cumulative : 1: 5700, 2: 129, 3: 0
transitions cumulative       : 1->2: 129
accepted directly from s0    : 0
Gym endings cumulative       : terminated=5649, truncated=51

[Episode 5800/8000 | last 100]
success rate                : 0.0% (cumulative 0.0%)
synthetic task reward       : 0.000
shaping reward              : 0.000
learning reward             : 0.000
episode length              : 89.0
abstract changes / episode  : 12.7
DFA transitions / episode   : 0.02
DFA transitions in window   : 1->2: 2
epsilon (next episode)       : 0.09823
replay buffer                : 300000 samples [1: 99.5%, 2: 0.5%, 3: 0.0%]
DFA state visits in window   : 1: 8954, 2: 46, 3: 0
DFA state visits cumulative  : 1: 773395, 2: 6951, 3: 0
DFA state entries in window  : 1: 100, 2: 2, 3: 0
DFA state entries cumulative : 1: 5800, 2: 131, 3: 0
transitions cumulative       : 1->2: 131
accepted directly from s0    : 0
Gym endings cumulative       : terminated=5749, truncated=51

[Episode 5900/8000 | last 100]
success rate                : 0.0% (cumulative 0.0%)
synthetic task reward       : 0.000
shaping reward              : 0.000
learning reward             : 0.000
episode length              : 93.3
abstract changes / episode  : 12.5
DFA transitions / episode   : 0.01
DFA transitions in window   : 1->2: 1
epsilon (next episode)       : 0.09438
replay buffer                : 300000 samples [1: 99.5%, 2: 0.5%, 3: 0.0%]
DFA state visits in window   : 1: 9410, 2: 18, 3: 0
DFA state visits cumulative  : 1: 782805, 2: 6969, 3: 0
DFA state entries in window  : 1: 100, 2: 1, 3: 0
DFA state entries cumulative : 1: 5900, 2: 132, 3: 0
transitions cumulative       : 1->2: 132
accepted directly from s0    : 0
Gym endings cumulative       : terminated=5849, truncated=51

[Episode 6000/8000 | last 100]
success rate                : 0.0% (cumulative 0.0%)
synthetic task reward       : 0.000
shaping reward              : 0.000
learning reward             : 0.000
episode length              : 93.2
abstract changes / episode  : 12.7
DFA transitions / episode   : 0.04
DFA transitions in window   : 1->2: 4
epsilon (next episode)       : 0.09067
replay buffer                : 300000 samples [1: 99.5%, 2: 0.5%, 3: 0.0%]
DFA state visits in window   : 1: 9346, 2: 77, 3: 0
DFA state visits cumulative  : 1: 792151, 2: 7046, 3: 0
DFA state entries in window  : 1: 100, 2: 4, 3: 0
DFA state entries cumulative : 1: 6000, 2: 136, 3: 0
transitions cumulative       : 1->2: 136
accepted directly from s0    : 0
Gym endings cumulative       : terminated=5949, truncated=51

[Episode 6100/8000 | last 100]
success rate                : 0.0% (cumulative 0.0%)
synthetic task reward       : 0.000
shaping reward              : 0.000
learning reward             : 0.000
episode length              : 90.7
abstract changes / episode  : 12.3
DFA transitions / episode   : 0.03
DFA transitions in window   : 1->2: 3
epsilon (next episode)       : 0.08712
replay buffer                : 300000 samples [1: 99.5%, 2: 0.5%, 3: 0.0%]
DFA state visits in window   : 1: 9065, 2: 102, 3: 0
DFA state visits cumulative  : 1: 801216, 2: 7148, 3: 0
DFA state entries in window  : 1: 100, 2: 3, 3: 0
DFA state entries cumulative : 1: 6100, 2: 139, 3: 0
transitions cumulative       : 1->2: 139
accepted directly from s0    : 0
Gym endings cumulative       : terminated=6049, truncated=51

[Episode 6200/8000 | last 100]
success rate                : 0.0% (cumulative 0.0%)
synthetic task reward       : 0.000
shaping reward              : 0.000
learning reward             : 0.000
episode length              : 94.5
abstract changes / episode  : 12.6
DFA transitions / episode   : 0.01
DFA transitions in window   : 1->2: 1
epsilon (next episode)       : 0.08370
replay buffer                : 300000 samples [1: 99.5%, 2: 0.5%, 3: 0.0%]
DFA state visits in window   : 1: 9538, 2: 13, 3: 0
DFA state visits cumulative  : 1: 810754, 2: 7161, 3: 0
DFA state entries in window  : 1: 100, 2: 1, 3: 0
DFA state entries cumulative : 1: 6200, 2: 140, 3: 0
transitions cumulative       : 1->2: 140
accepted directly from s0    : 0
Gym endings cumulative       : terminated=6149, truncated=51

[Episode 6300/8000 | last 100]
success rate                : 0.0% (cumulative 0.0%)
synthetic task reward       : 0.000
shaping reward              : 0.000
learning reward             : 0.000
episode length              : 90.3
abstract changes / episode  : 12.7
DFA transitions / episode   : 0.01
DFA transitions in window   : 1->2: 1
epsilon (next episode)       : 0.08042
replay buffer                : 300000 samples [1: 99.5%, 2: 0.5%, 3: 0.0%]
DFA state visits in window   : 1: 9117, 2: 11, 3: 0
DFA state visits cumulative  : 1: 819871, 2: 7172, 3: 0
DFA state entries in window  : 1: 100, 2: 1, 3: 0
DFA state entries cumulative : 1: 6300, 2: 141, 3: 0
transitions cumulative       : 1->2: 141
accepted directly from s0    : 0
Gym endings cumulative       : terminated=6249, truncated=51

[Episode 6400/8000 | last 100]
success rate                : 0.0% (cumulative 0.0%)
synthetic task reward       : 0.000
shaping reward              : 0.000
learning reward             : 0.000
episode length              : 87.2
abstract changes / episode  : 12.4
DFA transitions / episode   : 0.02
DFA transitions in window   : 1->2: 2
epsilon (next episode)       : 0.07727
replay buffer                : 300000 samples [1: 99.6%, 2: 0.4%, 3: 0.0%]
DFA state visits in window   : 1: 8784, 2: 35, 3: 0
DFA state visits cumulative  : 1: 828655, 2: 7207, 3: 0
DFA state entries in window  : 1: 100, 2: 2, 3: 0
DFA state entries cumulative : 1: 6400, 2: 143, 3: 0
transitions cumulative       : 1->2: 143
accepted directly from s0    : 0
Gym endings cumulative       : terminated=6349, truncated=51

[Episode 6500/8000 | last 100]
success rate                : 0.0% (cumulative 0.0%)
synthetic task reward       : 0.000
shaping reward              : 0.000
learning reward             : 0.000
episode length              : 90.9
abstract changes / episode  : 12.5
DFA transitions / episode   : 0.00
DFA transitions in window   : none
epsilon (next episode)       : 0.07423
replay buffer                : 300000 samples [1: 99.6%, 2: 0.4%, 3: 0.0%]
DFA state visits in window   : 1: 9194, 2: 0, 3: 0
DFA state visits cumulative  : 1: 837849, 2: 7207, 3: 0
DFA state entries in window  : 1: 100, 2: 0, 3: 0
DFA state entries cumulative : 1: 6500, 2: 143, 3: 0
transitions cumulative       : 1->2: 143
accepted directly from s0    : 0
Gym endings cumulative       : terminated=6449, truncated=51

[Episode 6600/8000 | last 100]
success rate                : 0.0% (cumulative 0.0%)
synthetic task reward       : 0.000
shaping reward              : 0.000
learning reward             : 0.000
episode length              : 89.0
abstract changes / episode  : 12.9
DFA transitions / episode   : 0.03
DFA transitions in window   : 1->2: 3
epsilon (next episode)       : 0.07132
replay buffer                : 300000 samples [1: 99.6%, 2: 0.4%, 3: 0.0%]
DFA state visits in window   : 1: 8915, 2: 85, 3: 0
DFA state visits cumulative  : 1: 846764, 2: 7292, 3: 0
DFA state entries in window  : 1: 100, 2: 3, 3: 0
DFA state entries cumulative : 1: 6600, 2: 146, 3: 0
transitions cumulative       : 1->2: 146
accepted directly from s0    : 0
Gym endings cumulative       : terminated=6549, truncated=51

[Episode 6700/8000 | last 100]
success rate                : 0.0% (cumulative 0.0%)
synthetic task reward       : 0.000
shaping reward              : 0.000
learning reward             : 0.000
episode length              : 92.5
abstract changes / episode  : 12.6
DFA transitions / episode   : 0.01
DFA transitions in window   : 1->2: 1
epsilon (next episode)       : 0.06853
replay buffer                : 300000 samples [1: 99.6%, 2: 0.4%, 3: 0.0%]
DFA state visits in window   : 1: 9337, 2: 16, 3: 0
DFA state visits cumulative  : 1: 856101, 2: 7308, 3: 0
DFA state entries in window  : 1: 100, 2: 1, 3: 0
DFA state entries cumulative : 1: 6700, 2: 147, 3: 0
transitions cumulative       : 1->2: 147
accepted directly from s0    : 0
Gym endings cumulative       : terminated=6649, truncated=51

[Episode 6800/8000 | last 100]
success rate                : 0.0% (cumulative 0.0%)
synthetic task reward       : 0.000
shaping reward              : 0.000
learning reward             : 0.000
episode length              : 92.1
abstract changes / episode  : 12.8
DFA transitions / episode   : 0.02
DFA transitions in window   : 1->2: 2
epsilon (next episode)       : 0.06584
replay buffer                : 300000 samples [1: 99.6%, 2: 0.4%, 3: 0.0%]
DFA state visits in window   : 1: 9267, 2: 45, 3: 0
DFA state visits cumulative  : 1: 865368, 2: 7353, 3: 0
DFA state entries in window  : 1: 100, 2: 2, 3: 0
DFA state entries cumulative : 1: 6800, 2: 149, 3: 0
transitions cumulative       : 1->2: 149
accepted directly from s0    : 0
Gym endings cumulative       : terminated=6749, truncated=51

[Episode 6900/8000 | last 100]
success rate                : 0.0% (cumulative 0.0%)
synthetic task reward       : 0.000
shaping reward              : 0.000
learning reward             : 0.000
episode length              : 88.0
abstract changes / episode  : 12.5
DFA transitions / episode   : 0.02
DFA transitions in window   : 1->2: 2
epsilon (next episode)       : 0.06326
replay buffer                : 300000 samples [1: 99.6%, 2: 0.4%, 3: 0.0%]
DFA state visits in window   : 1: 8844, 2: 61, 3: 0
DFA state visits cumulative  : 1: 874212, 2: 7414, 3: 0
DFA state entries in window  : 1: 100, 2: 2, 3: 0
DFA state entries cumulative : 1: 6900, 2: 151, 3: 0
transitions cumulative       : 1->2: 151
accepted directly from s0    : 0
Gym endings cumulative       : terminated=6849, truncated=51

[Episode 7000/8000 | last 100]
success rate                : 0.0% (cumulative 0.0%)
synthetic task reward       : 0.000
shaping reward              : 0.000
learning reward             : 0.000
episode length              : 93.4
abstract changes / episode  : 12.4
DFA transitions / episode   : 0.01
DFA transitions in window   : 1->2: 1
epsilon (next episode)       : 0.06078
replay buffer                : 300000 samples [1: 99.6%, 2: 0.4%, 3: 0.0%]
DFA state visits in window   : 1: 9422, 2: 17, 3: 0
DFA state visits cumulative  : 1: 883634, 2: 7431, 3: 0
DFA state entries in window  : 1: 100, 2: 1, 3: 0
DFA state entries cumulative : 1: 7000, 2: 152, 3: 0
transitions cumulative       : 1->2: 152
accepted directly from s0    : 0
Gym endings cumulative       : terminated=6949, truncated=51

[Episode 7100/8000 | last 100]
success rate                : 0.0% (cumulative 0.0%)
synthetic task reward       : 0.000
shaping reward              : 0.000
learning reward             : 0.000
episode length              : 84.2
abstract changes / episode  : 12.6
DFA transitions / episode   : 0.00
DFA transitions in window   : none
epsilon (next episode)       : 0.05839
replay buffer                : 300000 samples [1: 99.6%, 2: 0.4%, 3: 0.0%]
DFA state visits in window   : 1: 8524, 2: 0, 3: 0
DFA state visits cumulative  : 1: 892158, 2: 7431, 3: 0
DFA state entries in window  : 1: 100, 2: 0, 3: 0
DFA state entries cumulative : 1: 7100, 2: 152, 3: 0
transitions cumulative       : 1->2: 152
accepted directly from s0    : 0
Gym endings cumulative       : terminated=7049, truncated=51

[Episode 7200/8000 | last 100]
success rate                : 0.0% (cumulative 0.0%)
synthetic task reward       : 0.000
shaping reward              : 0.000
learning reward             : 0.000
episode length              : 87.6
abstract changes / episode  : 12.5
DFA transitions / episode   : 0.01
DFA transitions in window   : 1->2: 1
epsilon (next episode)       : 0.05610
replay buffer                : 300000 samples [1: 99.6%, 2: 0.4%, 3: 0.0%]
DFA state visits in window   : 1: 8842, 2: 22, 3: 0
DFA state visits cumulative  : 1: 901000, 2: 7453, 3: 0
DFA state entries in window  : 1: 100, 2: 1, 3: 0
DFA state entries cumulative : 1: 7200, 2: 153, 3: 0
transitions cumulative       : 1->2: 153
accepted directly from s0    : 0
Gym endings cumulative       : terminated=7149, truncated=51

[Episode 7300/8000 | last 100]
success rate                : 0.0% (cumulative 0.0%)
synthetic task reward       : 0.000
shaping reward              : 0.000
learning reward             : 0.000
episode length              : 91.0
abstract changes / episode  : 12.5
DFA transitions / episode   : 0.01
DFA transitions in window   : 1->2: 1
epsilon (next episode)       : 0.05390
replay buffer                : 300000 samples [1: 99.6%, 2: 0.4%, 3: 0.0%]
DFA state visits in window   : 1: 9174, 2: 21, 3: 0
DFA state visits cumulative  : 1: 910174, 2: 7474, 3: 0
DFA state entries in window  : 1: 100, 2: 1, 3: 0
DFA state entries cumulative : 1: 7300, 2: 154, 3: 0
transitions cumulative       : 1->2: 154
accepted directly from s0    : 0
Gym endings cumulative       : terminated=7249, truncated=51

[Episode 7400/8000 | last 100]
success rate                : 0.0% (cumulative 0.0%)
synthetic task reward       : 0.000
shaping reward              : 0.000
learning reward             : 0.000
episode length              : 90.5
abstract changes / episode  : 12.7
DFA transitions / episode   : 0.04
DFA transitions in window   : 1->2: 4
epsilon (next episode)       : 0.05179
replay buffer                : 300000 samples [1: 99.6%, 2: 0.4%, 3: 0.0%]
DFA state visits in window   : 1: 9066, 2: 83, 3: 0
DFA state visits cumulative  : 1: 919240, 2: 7557, 3: 0
DFA state entries in window  : 1: 100, 2: 4, 3: 0
DFA state entries cumulative : 1: 7400, 2: 158, 3: 0
transitions cumulative       : 1->2: 158
accepted directly from s0    : 0
Gym endings cumulative       : terminated=7349, truncated=51

[Episode 7500/8000 | last 100]
success rate                : 0.0% (cumulative 0.0%)
synthetic task reward       : 0.000
shaping reward              : 0.000
learning reward             : 0.000
episode length              : 87.0
abstract changes / episode  : 12.8
DFA transitions / episode   : 0.00
DFA transitions in window   : none
epsilon (next episode)       : 0.04976
replay buffer                : 300000 samples [1: 99.6%, 2: 0.4%, 3: 0.0%]
DFA state visits in window   : 1: 8803, 2: 0, 3: 0
DFA state visits cumulative  : 1: 928043, 2: 7557, 3: 0
DFA state entries in window  : 1: 100, 2: 0, 3: 0
DFA state entries cumulative : 1: 7500, 2: 158, 3: 0
transitions cumulative       : 1->2: 158
accepted directly from s0    : 0
Gym endings cumulative       : terminated=7449, truncated=51

[Episode 7600/8000 | last 100]
success rate                : 0.0% (cumulative 0.0%)
synthetic task reward       : 0.000
shaping reward              : 0.000
learning reward             : 0.000
episode length              : 98.4
abstract changes / episode  : 12.5
DFA transitions / episode   : 0.01
DFA transitions in window   : 1->2: 1
epsilon (next episode)       : 0.04781
replay buffer                : 300000 samples [1: 99.6%, 2: 0.4%, 3: 0.0%]
DFA state visits in window   : 1: 9914, 2: 24, 3: 0
DFA state visits cumulative  : 1: 937957, 2: 7581, 3: 0
DFA state entries in window  : 1: 100, 2: 1, 3: 0
DFA state entries cumulative : 1: 7600, 2: 159, 3: 0
transitions cumulative       : 1->2: 159
accepted directly from s0    : 0
Gym endings cumulative       : terminated=7548, truncated=52

[Episode 7700/8000 | last 100]
success rate                : 0.0% (cumulative 0.0%)
synthetic task reward       : 0.000
shaping reward              : 0.000
learning reward             : 0.000
episode length              : 86.5
abstract changes / episode  : 12.6
DFA transitions / episode   : 0.00
DFA transitions in window   : none
epsilon (next episode)       : 0.04593
replay buffer                : 300000 samples [1: 99.6%, 2: 0.4%, 3: 0.0%]
DFA state visits in window   : 1: 8752, 2: 0, 3: 0
DFA state visits cumulative  : 1: 946709, 2: 7581, 3: 0
DFA state entries in window  : 1: 100, 2: 0, 3: 0
DFA state entries cumulative : 1: 7700, 2: 159, 3: 0
transitions cumulative       : 1->2: 159
accepted directly from s0    : 0
Gym endings cumulative       : terminated=7648, truncated=52

[Episode 7800/8000 | last 100]
success rate                : 0.0% (cumulative 0.0%)
synthetic task reward       : 0.000
shaping reward              : 0.000
learning reward             : 0.000
episode length              : 92.7
abstract changes / episode  : 12.1
DFA transitions / episode   : 0.05
DFA transitions in window   : 1->2: 5
epsilon (next episode)       : 0.04413
replay buffer                : 300000 samples [1: 99.6%, 2: 0.4%, 3: 0.0%]
DFA state visits in window   : 1: 9283, 2: 90, 3: 0
DFA state visits cumulative  : 1: 955992, 2: 7671, 3: 0
DFA state entries in window  : 1: 100, 2: 5, 3: 0
DFA state entries cumulative : 1: 7800, 2: 164, 3: 0
transitions cumulative       : 1->2: 164
accepted directly from s0    : 0
Gym endings cumulative       : terminated=7748, truncated=52

[Episode 7900/8000 | last 100]
success rate                : 0.0% (cumulative 0.0%)
synthetic task reward       : 0.000
shaping reward              : 0.000
learning reward             : 0.000
episode length              : 88.9
abstract changes / episode  : 12.7
DFA transitions / episode   : 0.01
DFA transitions in window   : 1->2: 1
epsilon (next episode)       : 0.04240
replay buffer                : 300000 samples [1: 99.7%, 2: 0.3%, 3: 0.0%]
DFA state visits in window   : 1: 8968, 2: 21, 3: 0
DFA state visits cumulative  : 1: 964960, 2: 7692, 3: 0
DFA state entries in window  : 1: 100, 2: 1, 3: 0
DFA state entries cumulative : 1: 7900, 2: 165, 3: 0
transitions cumulative       : 1->2: 165
accepted directly from s0    : 0
Gym endings cumulative       : terminated=7848, truncated=52

[Episode 8000/8000 | last 100]
success rate                : 0.0% (cumulative 0.0%)
synthetic task reward       : 0.000
shaping reward              : 0.000
learning reward             : 0.000
episode length              : 85.6
abstract changes / episode  : 12.6
DFA transitions / episode   : 0.00
DFA transitions in window   : none
epsilon (next episode)       : 0.04074
replay buffer                : 300000 samples [1: 99.7%, 2: 0.3%, 3: 0.0%]
DFA state visits in window   : 1: 8662, 2: 0, 3: 0
DFA state visits cumulative  : 1: 973622, 2: 7692, 3: 0
DFA state entries in window  : 1: 100, 2: 0, 3: 0
DFA state entries cumulative : 1: 8000, 2: 165, 3: 0
transitions cumulative       : 1->2: 165
accepted directly from s0    : 0
Gym endings cumulative       : terminated=7948, truncated=52
Last policy saved after episode 8000. Best policy: episode 1, mean learning reward=0.000
