=== NEW RUN (Shaping: True, Multi-Eps: True) ===
===Trajectory: [(1, 8), (8, 8)]===
----------------------------------------------------------------------------------------------------
[SHAPING | MULTI EPS] Episode 100/8000
Avg Reward                  : 0.000000
Avg Total Reward            : -1395.167082
Epsilon Decay               : q0(WP1): 0.9048, q1(Goal): 1.0000
Buffer Fractions            : q0(WP1): 98.99%, q1(Goal): 1.01%
Hits (Cumulative)           : WP1: 3, Goal: 0
----------------------------------------------------------------------------------------------------

----------------------------------------------------------------------------------------------------
[SHAPING | MULTI EPS] Episode 200/8000
Avg Reward                  : 0.000000
Avg Total Reward            : -1410.648016
Epsilon Decay               : q0(WP1): 0.8186, q1(Goal): 1.0000
Buffer Fractions            : q0(WP1): 98.92%, q1(Goal): 1.08%
Hits (Cumulative)           : WP1: 8, Goal: 0
----------------------------------------------------------------------------------------------------

----------------------------------------------------------------------------------------------------
[SHAPING | MULTI EPS] Episode 300/8000
Avg Reward                  : 0.000000
Avg Total Reward            : -1413.885310
Epsilon Decay               : q0(WP1): 0.7407, q1(Goal): 1.0000
Buffer Fractions            : q0(WP1): 99.02%, q1(Goal): 0.98%
Hits (Cumulative)           : WP1: 10, Goal: 0
----------------------------------------------------------------------------------------------------

----------------------------------------------------------------------------------------------------
[SHAPING | MULTI EPS] Episode 400/8000
Avg Reward                  : 0.000000
Avg Total Reward            : -1451.806062
Epsilon Decay               : q0(WP1): 0.6702, q1(Goal): 1.0000
Buffer Fractions            : q0(WP1): 98.92%, q1(Goal): 1.08%
Hits (Cumulative)           : WP1: 13, Goal: 0
----------------------------------------------------------------------------------------------------

----------------------------------------------------------------------------------------------------
[SHAPING | MULTI EPS] Episode 500/8000
Avg Reward                  : 0.000000
Avg Total Reward            : -1496.972517
Epsilon Decay               : q0(WP1): 0.6064, q1(Goal): 1.0000
Buffer Fractions            : q0(WP1): 99.04%, q1(Goal): 0.96%
Hits (Cumulative)           : WP1: 15, Goal: 0
----------------------------------------------------------------------------------------------------

----------------------------------------------------------------------------------------------------
[SHAPING | MULTI EPS] Episode 600/8000
Avg Reward                  : 0.000000
Avg Total Reward            : -1436.029779
Epsilon Decay               : q0(WP1): 0.5486, q1(Goal): 1.0000
Buffer Fractions            : q0(WP1): 98.87%, q1(Goal): 1.13%
Hits (Cumulative)           : WP1: 23, Goal: 0
----------------------------------------------------------------------------------------------------

----------------------------------------------------------------------------------------------------
[SHAPING | MULTI EPS] Episode 700/8000
Avg Reward                  : 0.000000
Avg Total Reward            : -1215.043600
Epsilon Decay               : q0(WP1): 0.4964, q1(Goal): 1.0000
Buffer Fractions            : q0(WP1): 98.08%, q1(Goal): 1.92%
Hits (Cumulative)           : WP1: 41, Goal: 0
----------------------------------------------------------------------------------------------------

----------------------------------------------------------------------------------------------------
[SHAPING | MULTI EPS] Episode 800/8000
Avg Reward                  : 0.000000
Avg Total Reward            : -1336.953763
Epsilon Decay               : q0(WP1): 0.4491, q1(Goal): 1.0000
Buffer Fractions            : q0(WP1): 97.39%, q1(Goal): 2.61%
Hits (Cumulative)           : WP1: 63, Goal: 0
----------------------------------------------------------------------------------------------------

----------------------------------------------------------------------------------------------------
[SHAPING | MULTI EPS] Episode 900/8000
Avg Reward                  : 0.000000
Avg Total Reward            : -1567.410301
Epsilon Decay               : q0(WP1): 0.4064, q1(Goal): 1.0000
Buffer Fractions            : q0(WP1): 97.62%, q1(Goal): 2.38%
Hits (Cumulative)           : WP1: 73, Goal: 0
----------------------------------------------------------------------------------------------------

----------------------------------------------------------------------------------------------------
[SHAPING | MULTI EPS] Episode 1000/8000
Avg Reward                  : 0.000000
Avg Total Reward            : -1195.267457
Epsilon Decay               : q0(WP1): 0.3677, q1(Goal): 1.0000
Buffer Fractions            : q0(WP1): 97.81%, q1(Goal): 2.19%
Hits (Cumulative)           : WP1: 83, Goal: 0
----------------------------------------------------------------------------------------------------

----------------------------------------------------------------------------------------------------
[SHAPING | MULTI EPS] Episode 1100/8000
Avg Reward                  : 0.000000
Avg Total Reward            : -824.695268
Epsilon Decay               : q0(WP1): 0.3327, q1(Goal): 1.0000
Buffer Fractions            : q0(WP1): 97.90%, q1(Goal): 2.10%
Hits (Cumulative)           : WP1: 99, Goal: 0
----------------------------------------------------------------------------------------------------

----------------------------------------------------------------------------------------------------
[SHAPING | MULTI EPS] Episode 1200/8000
Avg Reward                  : 0.000000
Avg Total Reward            : -1333.759588
Epsilon Decay               : q0(WP1): 0.3010, q1(Goal): 1.0000
Buffer Fractions            : q0(WP1): 97.66%, q1(Goal): 2.34%
Hits (Cumulative)           : WP1: 127, Goal: 0
----------------------------------------------------------------------------------------------------

----------------------------------------------------------------------------------------------------
[SHAPING | MULTI EPS] Episode 1300/8000
Avg Reward                  : 0.000000
Avg Total Reward            : -925.333736
Epsilon Decay               : q0(WP1): 0.2724, q1(Goal): 1.0000
Buffer Fractions            : q0(WP1): 97.08%, q1(Goal): 2.92%
Hits (Cumulative)           : WP1: 176, Goal: 0
----------------------------------------------------------------------------------------------------

----------------------------------------------------------------------------------------------------
[SHAPING | MULTI EPS] Episode 1400/8000
Avg Reward                  : 0.000000
Avg Total Reward            : -1154.711676
Epsilon Decay               : q0(WP1): 0.2464, q1(Goal): 1.0000
Buffer Fractions            : q0(WP1): 96.64%, q1(Goal): 3.36%
Hits (Cumulative)           : WP1: 221, Goal: 0
----------------------------------------------------------------------------------------------------

----------------------------------------------------------------------------------------------------
[SHAPING | MULTI EPS] Episode 1500/8000
Avg Reward                  : 0.000000
Avg Total Reward            : -1155.219937
Epsilon Decay               : q0(WP1): 0.2230, q1(Goal): 1.0000
Buffer Fractions            : q0(WP1): 95.74%, q1(Goal): 4.26%
Hits (Cumulative)           : WP1: 273, Goal: 0
----------------------------------------------------------------------------------------------------

----------------------------------------------------------------------------------------------------
[SHAPING | MULTI EPS] Episode 1600/8000
Avg Reward                  : 0.000000
Avg Total Reward            : -1094.723279
Epsilon Decay               : q0(WP1): 0.2017, q1(Goal): 1.0000
Buffer Fractions            : q0(WP1): 94.55%, q1(Goal): 5.45%
Hits (Cumulative)           : WP1: 344, Goal: 0
----------------------------------------------------------------------------------------------------

----------------------------------------------------------------------------------------------------
[SHAPING | MULTI EPS] Episode 1700/8000
Avg Reward                  : 0.000000
Avg Total Reward            : -947.926003
Epsilon Decay               : q0(WP1): 0.1825, q1(Goal): 1.0000
Buffer Fractions            : q0(WP1): 93.93%, q1(Goal): 6.07%
Hits (Cumulative)           : WP1: 400, Goal: 0
----------------------------------------------------------------------------------------------------

----------------------------------------------------------------------------------------------------
[SHAPING | MULTI EPS] Episode 1800/8000
Avg Reward                  : 0.000000
Avg Total Reward            : -1096.815724
Epsilon Decay               : q0(WP1): 0.1652, q1(Goal): 1.0000
Buffer Fractions            : q0(WP1): 92.48%, q1(Goal): 7.52%
Hits (Cumulative)           : WP1: 471, Goal: 0
----------------------------------------------------------------------------------------------------

----------------------------------------------------------------------------------------------------
[SHAPING | MULTI EPS] Episode 1900/8000
Avg Reward                  : 0.000000
Avg Total Reward            : -1014.703118
Epsilon Decay               : q0(WP1): 0.1494, q1(Goal): 1.0000
Buffer Fractions            : q0(WP1): 91.09%, q1(Goal): 8.91%
Hits (Cumulative)           : WP1: 534, Goal: 0
----------------------------------------------------------------------------------------------------

----------------------------------------------------------------------------------------------------
[SHAPING | MULTI EPS] Episode 2000/8000
Avg Reward                  : 0.000000
Avg Total Reward            : -1188.596926
Epsilon Decay               : q0(WP1): 0.1352, q1(Goal): 1.0000
Buffer Fractions            : q0(WP1): 88.97%, q1(Goal): 11.03%
Hits (Cumulative)           : WP1: 624, Goal: 0
----------------------------------------------------------------------------------------------------

----------------------------------------------------------------------------------------------------
[SHAPING | MULTI EPS] Episode 2100/8000
Avg Reward                  : 0.000000
Avg Total Reward            : -1380.680992
Epsilon Decay               : q0(WP1): 0.1223, q1(Goal): 1.0000
Buffer Fractions            : q0(WP1): 86.98%, q1(Goal): 13.03%
Hits (Cumulative)           : WP1: 720, Goal: 0
----------------------------------------------------------------------------------------------------

----------------------------------------------------------------------------------------------------
[SHAPING | MULTI EPS] Episode 2200/8000
Avg Reward                  : 0.000000
Avg Total Reward            : -1297.323726
Epsilon Decay               : q0(WP1): 0.1107, q1(Goal): 1.0000
Buffer Fractions            : q0(WP1): 84.98%, q1(Goal): 15.02%
Hits (Cumulative)           : WP1: 820, Goal: 0
----------------------------------------------------------------------------------------------------

----------------------------------------------------------------------------------------------------
[SHAPING | MULTI EPS] Episode 2300/8000
Avg Reward                  : 0.000000
Avg Total Reward            : -1362.193227
Epsilon Decay               : q0(WP1): 0.1001, q1(Goal): 1.0000
Buffer Fractions            : q0(WP1): 82.85%, q1(Goal): 17.15%
Hits (Cumulative)           : WP1: 918, Goal: 0
----------------------------------------------------------------------------------------------------

----------------------------------------------------------------------------------------------------
[SHAPING | MULTI EPS] Episode 2400/8000
Avg Reward                  : 0.000000
Avg Total Reward            : -1312.302786
Epsilon Decay               : q0(WP1): 0.0906, q1(Goal): 1.0000
Buffer Fractions            : q0(WP1): 80.88%, q1(Goal): 19.12%
Hits (Cumulative)           : WP1: 1017, Goal: 0
----------------------------------------------------------------------------------------------------

----------------------------------------------------------------------------------------------------
[SHAPING | MULTI EPS] Episode 2500/8000
Avg Reward                  : 0.000000
Avg Total Reward            : -1261.825815
Epsilon Decay               : q0(WP1): 0.0820, q1(Goal): 1.0000
Buffer Fractions            : q0(WP1): 78.95%, q1(Goal): 21.05%
Hits (Cumulative)           : WP1: 1116, Goal: 0
----------------------------------------------------------------------------------------------------

----------------------------------------------------------------------------------------------------
[SHAPING | MULTI EPS] Episode 2600/8000
Avg Reward                  : 0.000000
Avg Total Reward            : -1211.413685
Epsilon Decay               : q0(WP1): 0.0800, q1(Goal): 0.9185
Buffer Fractions            : q0(WP1): 77.22%, q1(Goal): 22.78%
Hits (Cumulative)           : WP1: 1212, Goal: 0
----------------------------------------------------------------------------------------------------

----------------------------------------------------------------------------------------------------
[SHAPING | MULTI EPS] Episode 2700/8000
Avg Reward                  : 0.000000
Avg Total Reward            : -1210.418529
Epsilon Decay               : q0(WP1): 0.0800, q1(Goal): 0.8344
Buffer Fractions            : q0(WP1): 75.25%, q1(Goal): 24.75%
Hits (Cumulative)           : WP1: 1308, Goal: 0
----------------------------------------------------------------------------------------------------

----------------------------------------------------------------------------------------------------
[SHAPING | MULTI EPS] Episode 2800/8000
Avg Reward                  : 0.000000
Avg Total Reward            : -1331.701323
Epsilon Decay               : q0(WP1): 0.0800, q1(Goal): 0.7648
Buffer Fractions            : q0(WP1): 73.66%, q1(Goal): 26.34%
Hits (Cumulative)           : WP1: 1395, Goal: 0
----------------------------------------------------------------------------------------------------

----------------------------------------------------------------------------------------------------
[SHAPING | MULTI EPS] Episode 2900/8000
Avg Reward                  : 0.000000
Avg Total Reward            : -1154.038511
Epsilon Decay               : q0(WP1): 0.0800, q1(Goal): 0.6934
Buffer Fractions            : q0(WP1): 71.39%, q1(Goal): 28.61%
Hits (Cumulative)           : WP1: 1493, Goal: 0
----------------------------------------------------------------------------------------------------

----------------------------------------------------------------------------------------------------
[SHAPING | MULTI EPS] Episode 3000/8000
Avg Reward                  : 0.000000
Avg Total Reward            : -1262.541494
Epsilon Decay               : q0(WP1): 0.0800, q1(Goal): 0.6299
Buffer Fractions            : q0(WP1): 69.09%, q1(Goal): 30.91%
Hits (Cumulative)           : WP1: 1589, Goal: 0
----------------------------------------------------------------------------------------------------

----------------------------------------------------------------------------------------------------
[SHAPING | MULTI EPS] Episode 3100/8000
Avg Reward                  : 0.000000
Avg Total Reward            : -1347.603132
Epsilon Decay               : q0(WP1): 0.0800, q1(Goal): 0.5728
Buffer Fractions            : q0(WP1): 66.56%, q1(Goal): 33.44%
Hits (Cumulative)           : WP1: 1684, Goal: 0
----------------------------------------------------------------------------------------------------

----------------------------------------------------------------------------------------------------
[SHAPING | MULTI EPS] Episode 3200/8000
Avg Reward                  : 0.000000
Avg Total Reward            : -1512.433751
Epsilon Decay               : q0(WP1): 0.0800, q1(Goal): 0.5188
Buffer Fractions            : q0(WP1): 62.49%, q1(Goal): 37.51%
Hits (Cumulative)           : WP1: 1783, Goal: 0
----------------------------------------------------------------------------------------------------

----------------------------------------------------------------------------------------------------
[SHAPING | MULTI EPS] Episode 3300/8000
Avg Reward                  : 0.000000
Avg Total Reward            : -1643.581098
Epsilon Decay               : q0(WP1): 0.0800, q1(Goal): 0.4722
Buffer Fractions            : q0(WP1): 60.27%, q1(Goal): 39.73%
Hits (Cumulative)           : WP1: 1877, Goal: 0
----------------------------------------------------------------------------------------------------

----------------------------------------------------------------------------------------------------
[SHAPING | MULTI EPS] Episode 3400/8000
Avg Reward                  : 100.000000
Avg Total Reward            : -1488.896308
Epsilon Decay               : q0(WP1): 0.0800, q1(Goal): 0.4389
Buffer Fractions            : q0(WP1): 56.71%, q1(Goal): 43.29%
Hits (Cumulative)           : WP1: 1950, Goal: 1
----------------------------------------------------------------------------------------------------

----------------------------------------------------------------------------------------------------
[SHAPING | MULTI EPS] Episode 3500/8000
Avg Reward                  : 600.000000
Avg Total Reward            : -1105.117783
Epsilon Decay               : q0(WP1): 0.0800, q1(Goal): 0.4068
Buffer Fractions            : q0(WP1): 54.95%, q1(Goal): 45.05%
Hits (Cumulative)           : WP1: 2026, Goal: 7
----------------------------------------------------------------------------------------------------

----------------------------------------------------------------------------------------------------
[SHAPING | MULTI EPS] Episode 3600/8000
Avg Reward                  : 800.000000
Avg Total Reward            : -633.969071
Epsilon Decay               : q0(WP1): 0.0800, q1(Goal): 0.3763
Buffer Fractions            : q0(WP1): 55.03%, q1(Goal): 44.97%
Hits (Cumulative)           : WP1: 2104, Goal: 15
----------------------------------------------------------------------------------------------------

----------------------------------------------------------------------------------------------------
[SHAPING | MULTI EPS] Episode 3700/8000
Avg Reward                  : 1700.000000
Avg Total Reward            : 469.093980
Epsilon Decay               : q0(WP1): 0.0800, q1(Goal): 0.3452
Buffer Fractions            : q0(WP1): 54.58%, q1(Goal): 45.42%
Hits (Cumulative)           : WP1: 2190, Goal: 32
----------------------------------------------------------------------------------------------------

----------------------------------------------------------------------------------------------------
[SHAPING | MULTI EPS] Episode 3800/8000
Avg Reward                  : 1100.000000
Avg Total Reward            : -272.260627
Epsilon Decay               : q0(WP1): 0.0800, q1(Goal): 0.3136
Buffer Fractions            : q0(WP1): 54.25%, q1(Goal): 45.75%
Hits (Cumulative)           : WP1: 2286, Goal: 43
----------------------------------------------------------------------------------------------------

----------------------------------------------------------------------------------------------------
[SHAPING | MULTI EPS] Episode 3900/8000
Avg Reward                  : 1800.000000
Avg Total Reward            : 274.789342
Epsilon Decay               : q0(WP1): 0.0800, q1(Goal): 0.2860
Buffer Fractions            : q0(WP1): 54.80%, q1(Goal): 45.20%
Hits (Cumulative)           : WP1: 2378, Goal: 61
----------------------------------------------------------------------------------------------------

----------------------------------------------------------------------------------------------------
[SHAPING | MULTI EPS] Episode 4000/8000
Avg Reward                  : 2000.000000
Avg Total Reward            : 645.914867
Epsilon Decay               : q0(WP1): 0.0800, q1(Goal): 0.2611
Buffer Fractions            : q0(WP1): 56.62%, q1(Goal): 43.38%
Hits (Cumulative)           : WP1: 2469, Goal: 81
----------------------------------------------------------------------------------------------------

----------------------------------------------------------------------------------------------------
[SHAPING | MULTI EPS] Episode 4100/8000
Avg Reward                  : 1900.000000
Avg Total Reward            : 510.041837
Epsilon Decay               : q0(WP1): 0.0800, q1(Goal): 0.2391
Buffer Fractions            : q0(WP1): 57.05%, q1(Goal): 42.95%
Hits (Cumulative)           : WP1: 2557, Goal: 100
----------------------------------------------------------------------------------------------------

----------------------------------------------------------------------------------------------------
[SHAPING | MULTI EPS] Episode 4200/8000
Avg Reward                  : 1800.000000
Avg Total Reward            : 395.510730
Epsilon Decay               : q0(WP1): 0.0800, q1(Goal): 0.2188
Buffer Fractions            : q0(WP1): 56.47%, q1(Goal): 43.53%
Hits (Cumulative)           : WP1: 2646, Goal: 118
----------------------------------------------------------------------------------------------------

----------------------------------------------------------------------------------------------------
[SHAPING | MULTI EPS] Episode 4300/8000
Avg Reward                  : 2900.000000
Avg Total Reward            : 1689.986173
Epsilon Decay               : q0(WP1): 0.0800, q1(Goal): 0.2003
Buffer Fractions            : q0(WP1): 57.62%, q1(Goal): 42.38%
Hits (Cumulative)           : WP1: 2734, Goal: 147
----------------------------------------------------------------------------------------------------

----------------------------------------------------------------------------------------------------
[SHAPING | MULTI EPS] Episode 4400/8000
Avg Reward                  : 3600.000000
Avg Total Reward            : 2483.257332
Epsilon Decay               : q0(WP1): 0.0800, q1(Goal): 0.1834
Buffer Fractions            : q0(WP1): 57.89%, q1(Goal): 42.11%
Hits (Cumulative)           : WP1: 2822, Goal: 183
----------------------------------------------------------------------------------------------------

----------------------------------------------------------------------------------------------------
[SHAPING | MULTI EPS] Episode 4500/8000
Avg Reward                  : 4100.000000
Avg Total Reward            : 2921.827679
Epsilon Decay               : q0(WP1): 0.0800, q1(Goal): 0.1675
Buffer Fractions            : q0(WP1): 56.65%, q1(Goal): 43.35%
Hits (Cumulative)           : WP1: 2913, Goal: 224
----------------------------------------------------------------------------------------------------

----------------------------------------------------------------------------------------------------
[SHAPING | MULTI EPS] Episode 4600/8000
Avg Reward                  : 3700.000000
Avg Total Reward            : 2440.658382
Epsilon Decay               : q0(WP1): 0.0800, q1(Goal): 0.1552
Buffer Fractions            : q0(WP1): 54.75%, q1(Goal): 45.25%
Hits (Cumulative)           : WP1: 2989, Goal: 261
----------------------------------------------------------------------------------------------------

----------------------------------------------------------------------------------------------------
[SHAPING | MULTI EPS] Episode 4700/8000
Avg Reward                  : 5300.000000
Avg Total Reward            : 4186.865113
Epsilon Decay               : q0(WP1): 0.0800, q1(Goal): 0.1433
Buffer Fractions            : q0(WP1): 54.41%, q1(Goal): 45.59%
Hits (Cumulative)           : WP1: 3069, Goal: 314
----------------------------------------------------------------------------------------------------

----------------------------------------------------------------------------------------------------
[SHAPING | MULTI EPS] Episode 4800/8000
Avg Reward                  : 3000.000000
Avg Total Reward            : 1871.868610
Epsilon Decay               : q0(WP1): 0.0800, q1(Goal): 0.1359
Buffer Fractions            : q0(WP1): 55.80%, q1(Goal): 44.20%
Hits (Cumulative)           : WP1: 3122, Goal: 344
----------------------------------------------------------------------------------------------------

----------------------------------------------------------------------------------------------------
[SHAPING | MULTI EPS] Episode 4900/8000
Avg Reward                  : 3000.000000
Avg Total Reward            : 1772.236264
Epsilon Decay               : q0(WP1): 0.0800, q1(Goal): 0.1289
Buffer Fractions            : q0(WP1): 58.56%, q1(Goal): 41.44%
Hits (Cumulative)           : WP1: 3175, Goal: 374
----------------------------------------------------------------------------------------------------

----------------------------------------------------------------------------------------------------
[SHAPING | MULTI EPS] Episode 5000/8000
Avg Reward                  : 5500.000000
Avg Total Reward            : 4560.870925
Epsilon Decay               : q0(WP1): 0.0800, q1(Goal): 0.1184
Buffer Fractions            : q0(WP1): 58.65%, q1(Goal): 41.35%
Hits (Cumulative)           : WP1: 3260, Goal: 429
----------------------------------------------------------------------------------------------------

----------------------------------------------------------------------------------------------------
[SHAPING | MULTI EPS] Episode 5100/8000
Avg Reward                  : 7100.000000
Avg Total Reward            : 6407.049699
Epsilon Decay               : q0(WP1): 0.0800, q1(Goal): 0.1083
Buffer Fractions            : q0(WP1): 58.75%, q1(Goal): 41.25%
Hits (Cumulative)           : WP1: 3349, Goal: 500
----------------------------------------------------------------------------------------------------

----------------------------------------------------------------------------------------------------
[SHAPING | MULTI EPS] Episode 5200/8000
Avg Reward                  : 7700.000000
Avg Total Reward            : 7045.128783
Epsilon Decay               : q0(WP1): 0.0800, q1(Goal): 0.0988
Buffer Fractions            : q0(WP1): 58.67%, q1(Goal): 41.33%
Hits (Cumulative)           : WP1: 3440, Goal: 577
----------------------------------------------------------------------------------------------------

----------------------------------------------------------------------------------------------------
[SHAPING | MULTI EPS] Episode 5300/8000
Avg Reward                  : 7800.000000
Avg Total Reward            : 7026.673603
Epsilon Decay               : q0(WP1): 0.0800, q1(Goal): 0.0903
Buffer Fractions            : q0(WP1): 58.95%, q1(Goal): 41.05%
Hits (Cumulative)           : WP1: 3530, Goal: 655
----------------------------------------------------------------------------------------------------

----------------------------------------------------------------------------------------------------
[SHAPING | MULTI EPS] Episode 5400/8000
Avg Reward                  : 7500.000000
Avg Total Reward            : 6750.818294
Epsilon Decay               : q0(WP1): 0.0800, q1(Goal): 0.0827
Buffer Fractions            : q0(WP1): 59.38%, q1(Goal): 40.62%
Hits (Cumulative)           : WP1: 3618, Goal: 730
----------------------------------------------------------------------------------------------------

----------------------------------------------------------------------------------------------------
[SHAPING | MULTI EPS] Episode 5500/8000
Avg Reward                  : 8900.000000
Avg Total Reward            : 8346.558563
Epsilon Decay               : q0(WP1): 0.0800, q1(Goal): 0.0800
Buffer Fractions            : q0(WP1): 59.17%, q1(Goal): 40.83%
Hits (Cumulative)           : WP1: 3714, Goal: 819
----------------------------------------------------------------------------------------------------

----------------------------------------------------------------------------------------------------
[SHAPING | MULTI EPS] Episode 5600/8000
Avg Reward                  : 9700.000000
Avg Total Reward            : 9224.192366
Epsilon Decay               : q0(WP1): 0.0800, q1(Goal): 0.0800
Buffer Fractions            : q0(WP1): 59.05%, q1(Goal): 40.95%
Hits (Cumulative)           : WP1: 3813, Goal: 916
----------------------------------------------------------------------------------------------------

----------------------------------------------------------------------------------------------------
[SHAPING | MULTI EPS] Episode 5700/8000
Avg Reward                  : 8800.000000
Avg Total Reward            : 8209.147087
Epsilon Decay               : q0(WP1): 0.0800, q1(Goal): 0.0800
Buffer Fractions            : q0(WP1): 59.59%, q1(Goal): 40.41%
Hits (Cumulative)           : WP1: 3904, Goal: 1004
----------------------------------------------------------------------------------------------------

----------------------------------------------------------------------------------------------------
[SHAPING | MULTI EPS] Episode 5800/8000
Avg Reward                  : 4800.000000
Avg Total Reward            : 3741.505031
Epsilon Decay               : q0(WP1): 0.0800, q1(Goal): 0.0800
Buffer Fractions            : q0(WP1): 60.88%, q1(Goal): 39.12%
Hits (Cumulative)           : WP1: 3965, Goal: 1052
----------------------------------------------------------------------------------------------------

----------------------------------------------------------------------------------------------------
[SHAPING | MULTI EPS] Episode 5900/8000
Avg Reward                  : 8000.000000
Avg Total Reward            : 7279.728913
Epsilon Decay               : q0(WP1): 0.0800, q1(Goal): 0.0800
Buffer Fractions            : q0(WP1): 61.94%, q1(Goal): 38.06%
Hits (Cumulative)           : WP1: 4050, Goal: 1132
----------------------------------------------------------------------------------------------------

----------------------------------------------------------------------------------------------------
[SHAPING | MULTI EPS] Episode 6000/8000
Avg Reward                  : 7900.000000
Avg Total Reward            : 7120.209431
Epsilon Decay               : q0(WP1): 0.0800, q1(Goal): 0.0800
Buffer Fractions            : q0(WP1): 61.21%, q1(Goal): 38.79%
Hits (Cumulative)           : WP1: 4133, Goal: 1211
----------------------------------------------------------------------------------------------------

----------------------------------------------------------------------------------------------------
[SHAPING | MULTI EPS] Episode 6100/8000
Avg Reward                  : 6300.000000
Avg Total Reward            : 5382.151077
Epsilon Decay               : q0(WP1): 0.0800, q1(Goal): 0.0800
Buffer Fractions            : q0(WP1): 60.83%, q1(Goal): 39.17%
Hits (Cumulative)           : WP1: 4203, Goal: 1274
----------------------------------------------------------------------------------------------------

----------------------------------------------------------------------------------------------------
[SHAPING | MULTI EPS] Episode 6200/8000
Avg Reward                  : 8300.000000
Avg Total Reward            : 7511.849886
Epsilon Decay               : q0(WP1): 0.0800, q1(Goal): 0.0800
Buffer Fractions            : q0(WP1): 59.97%, q1(Goal): 40.03%
Hits (Cumulative)           : WP1: 4291, Goal: 1357
----------------------------------------------------------------------------------------------------

----------------------------------------------------------------------------------------------------
[SHAPING | MULTI EPS] Episode 6300/8000
Avg Reward                  : 8400.000000
Avg Total Reward            : 7625.678683
Epsilon Decay               : q0(WP1): 0.0800, q1(Goal): 0.0800
Buffer Fractions            : q0(WP1): 60.47%, q1(Goal): 39.53%
Hits (Cumulative)           : WP1: 4384, Goal: 1441
----------------------------------------------------------------------------------------------------

----------------------------------------------------------------------------------------------------
[SHAPING | MULTI EPS] Episode 6400/8000
Avg Reward                  : 7600.000000
Avg Total Reward            : 6845.463783
Epsilon Decay               : q0(WP1): 0.0800, q1(Goal): 0.0800
Buffer Fractions            : q0(WP1): 61.00%, q1(Goal): 39.00%
Hits (Cumulative)           : WP1: 4473, Goal: 1517
----------------------------------------------------------------------------------------------------

----------------------------------------------------------------------------------------------------
[SHAPING | MULTI EPS] Episode 6500/8000
Avg Reward                  : 6200.000000
Avg Total Reward            : 5275.038218
Epsilon Decay               : q0(WP1): 0.0800, q1(Goal): 0.0800
Buffer Fractions            : q0(WP1): 61.92%, q1(Goal): 38.08%
Hits (Cumulative)           : WP1: 4553, Goal: 1579
----------------------------------------------------------------------------------------------------

----------------------------------------------------------------------------------------------------
[SHAPING | MULTI EPS] Episode 6600/8000
Avg Reward                  : 6400.000000
Avg Total Reward            : 5371.831941
Epsilon Decay               : q0(WP1): 0.0800, q1(Goal): 0.0800
Buffer Fractions            : q0(WP1): 62.96%, q1(Goal): 37.04%
Hits (Cumulative)           : WP1: 4626, Goal: 1643
----------------------------------------------------------------------------------------------------

----------------------------------------------------------------------------------------------------
[SHAPING | MULTI EPS] Episode 6700/8000
Avg Reward                  : 8900.000000
Avg Total Reward            : 8144.251340
Epsilon Decay               : q0(WP1): 0.0800, q1(Goal): 0.0800
Buffer Fractions            : q0(WP1): 64.34%, q1(Goal): 35.66%
Hits (Cumulative)           : WP1: 4717, Goal: 1732
----------------------------------------------------------------------------------------------------

----------------------------------------------------------------------------------------------------
[SHAPING | MULTI EPS] Episode 6800/8000
Avg Reward                  : 7500.000000
Avg Total Reward            : 6763.281304
Epsilon Decay               : q0(WP1): 0.0800, q1(Goal): 0.0800
Buffer Fractions            : q0(WP1): 64.70%, q1(Goal): 35.30%
Hits (Cumulative)           : WP1: 4804, Goal: 1807
----------------------------------------------------------------------------------------------------

----------------------------------------------------------------------------------------------------
[SHAPING | MULTI EPS] Episode 6900/8000
Avg Reward                  : 7300.000000
Avg Total Reward            : 6504.741296
Epsilon Decay               : q0(WP1): 0.0800, q1(Goal): 0.0800
Buffer Fractions            : q0(WP1): 64.41%, q1(Goal): 35.59%
Hits (Cumulative)           : WP1: 4887, Goal: 1880
----------------------------------------------------------------------------------------------------

----------------------------------------------------------------------------------------------------
[SHAPING | MULTI EPS] Episode 7000/8000
Avg Reward                  : 7000.000000
Avg Total Reward            : 6216.398388
Epsilon Decay               : q0(WP1): 0.0800, q1(Goal): 0.0800
Buffer Fractions            : q0(WP1): 63.64%, q1(Goal): 36.36%
Hits (Cumulative)           : WP1: 4973, Goal: 1950
----------------------------------------------------------------------------------------------------

----------------------------------------------------------------------------------------------------
[SHAPING | MULTI EPS] Episode 7100/8000
Avg Reward                  : 7900.000000
Avg Total Reward            : 7226.588991
Epsilon Decay               : q0(WP1): 0.0800, q1(Goal): 0.0800
Buffer Fractions            : q0(WP1): 63.08%, q1(Goal): 36.92%
Hits (Cumulative)           : WP1: 5066, Goal: 2029
----------------------------------------------------------------------------------------------------

----------------------------------------------------------------------------------------------------
[SHAPING | MULTI EPS] Episode 7200/8000
Avg Reward                  : 7900.000000
Avg Total Reward            : 7113.546638
Epsilon Decay               : q0(WP1): 0.0800, q1(Goal): 0.0800
Buffer Fractions            : q0(WP1): 63.33%, q1(Goal): 36.67%
Hits (Cumulative)           : WP1: 5155, Goal: 2108
----------------------------------------------------------------------------------------------------

----------------------------------------------------------------------------------------------------
[SHAPING | MULTI EPS] Episode 7300/8000
Avg Reward                  : 7500.000000
Avg Total Reward            : 6648.634639
Epsilon Decay               : q0(WP1): 0.0800, q1(Goal): 0.0800
Buffer Fractions            : q0(WP1): 62.71%, q1(Goal): 37.29%
Hits (Cumulative)           : WP1: 5238, Goal: 2183
----------------------------------------------------------------------------------------------------

----------------------------------------------------------------------------------------------------
[SHAPING | MULTI EPS] Episode 7400/8000
Avg Reward                  : 8600.000000
Avg Total Reward            : 7899.845802
Epsilon Decay               : q0(WP1): 0.0800, q1(Goal): 0.0800
Buffer Fractions            : q0(WP1): 63.09%, q1(Goal): 36.91%
Hits (Cumulative)           : WP1: 5328, Goal: 2269
----------------------------------------------------------------------------------------------------

----------------------------------------------------------------------------------------------------
[SHAPING | MULTI EPS] Episode 7500/8000
Avg Reward                  : 9200.000000
Avg Total Reward            : 8547.371141
Epsilon Decay               : q0(WP1): 0.0800, q1(Goal): 0.0800
Buffer Fractions            : q0(WP1): 62.42%, q1(Goal): 37.58%
Hits (Cumulative)           : WP1: 5425, Goal: 2361
----------------------------------------------------------------------------------------------------

----------------------------------------------------------------------------------------------------
[SHAPING | MULTI EPS] Episode 7600/8000
Avg Reward                  : 7000.000000
Avg Total Reward            : 6051.853881
Epsilon Decay               : q0(WP1): 0.0800, q1(Goal): 0.0800
Buffer Fractions            : q0(WP1): 62.13%, q1(Goal): 37.87%
Hits (Cumulative)           : WP1: 5506, Goal: 2431
----------------------------------------------------------------------------------------------------

----------------------------------------------------------------------------------------------------
[SHAPING | MULTI EPS] Episode 7700/8000
Avg Reward                  : 2700.000000
Avg Total Reward            : 1737.276704
Epsilon Decay               : q0(WP1): 0.0800, q1(Goal): 0.0800
Buffer Fractions            : q0(WP1): 63.09%, q1(Goal): 36.91%
Hits (Cumulative)           : WP1: 5561, Goal: 2458
----------------------------------------------------------------------------------------------------

----------------------------------------------------------------------------------------------------
[SHAPING | MULTI EPS] Episode 7800/8000
Avg Reward                  : 3100.000000
Avg Total Reward            : 1954.352779
Epsilon Decay               : q0(WP1): 0.0800, q1(Goal): 0.0800
Buffer Fractions            : q0(WP1): 63.99%, q1(Goal): 36.01%
Hits (Cumulative)           : WP1: 5611, Goal: 2489
----------------------------------------------------------------------------------------------------

----------------------------------------------------------------------------------------------------
[SHAPING | MULTI EPS] Episode 7900/8000
Avg Reward                  : 6200.000000
Avg Total Reward            : 5042.456012
Epsilon Decay               : q0(WP1): 0.0800, q1(Goal): 0.0800
Buffer Fractions            : q0(WP1): 63.86%, q1(Goal): 36.14%
Hits (Cumulative)           : WP1: 5687, Goal: 2551
----------------------------------------------------------------------------------------------------

----------------------------------------------------------------------------------------------------
[SHAPING | MULTI EPS] Episode 8000/8000
Avg Reward                  : 5900.000000
Avg Total Reward            : 4883.732902
Epsilon Decay               : q0(WP1): 0.0800, q1(Goal): 0.0800
Buffer Fractions            : q0(WP1): 64.05%, q1(Goal): 35.95%
Hits (Cumulative)           : WP1: 5770, Goal: 2610
----------------------------------------------------------------------------------------------------

