=== NEW RUN (Shaping: True, Multi-Eps: True) ===
===Trajectory: [(1, 8), (5, 6), (8, 8)]===
----------------------------------------------------------------------------------------------------
[SHAPING | MULTI EPS] Episode 100/10000
Avg Reward                  : 0.000000
Avg Total Reward            : -350.787390
Epsilon Decay               : q0(WP1): 0.9048, q1(WP2): 1.0000, q2(Goal): 1.0000
Buffer Fractions            : q0(WP1): 99.79%, q1(WP2): 0.21%, q2(Goal): 0.00%
Hits (Cumulative)           : WP1: 1, WP2: 0, Goal: 0
----------------------------------------------------------------------------------------------------

----------------------------------------------------------------------------------------------------
[SHAPING | MULTI EPS] Episode 200/10000
Avg Reward                  : 0.000000
Avg Total Reward            : -310.147353
Epsilon Decay               : q0(WP1): 0.8186, q1(WP2): 1.0000, q2(Goal): 1.0000
Buffer Fractions            : q0(WP1): 99.71%, q1(WP2): 0.29%, q2(Goal): 0.00%
Hits (Cumulative)           : WP1: 3, WP2: 0, Goal: 0
----------------------------------------------------------------------------------------------------

----------------------------------------------------------------------------------------------------
[SHAPING | MULTI EPS] Episode 300/10000
Avg Reward                  : 0.000000
Avg Total Reward            : -298.462602
Epsilon Decay               : q0(WP1): 0.7407, q1(WP2): 1.0000, q2(Goal): 1.0000
Buffer Fractions            : q0(WP1): 99.42%, q1(WP2): 0.58%, q2(Goal): 0.00%
Hits (Cumulative)           : WP1: 8, WP2: 0, Goal: 0
----------------------------------------------------------------------------------------------------

----------------------------------------------------------------------------------------------------
[SHAPING | MULTI EPS] Episode 400/10000
Avg Reward                  : 0.000000
Avg Total Reward            : -266.571024
Epsilon Decay               : q0(WP1): 0.6702, q1(WP2): 1.0000, q2(Goal): 1.0000
Buffer Fractions            : q0(WP1): 99.33%, q1(WP2): 0.67%, q2(Goal): 0.00%
Hits (Cumulative)           : WP1: 13, WP2: 0, Goal: 0
----------------------------------------------------------------------------------------------------

----------------------------------------------------------------------------------------------------
[SHAPING | MULTI EPS] Episode 500/10000
Avg Reward                  : 0.000000
Avg Total Reward            : -225.301646
Epsilon Decay               : q0(WP1): 0.6064, q1(WP2): 1.0000, q2(Goal): 1.0000
Buffer Fractions            : q0(WP1): 99.11%, q1(WP2): 0.89%, q2(Goal): 0.00%
Hits (Cumulative)           : WP1: 21, WP2: 0, Goal: 0
----------------------------------------------------------------------------------------------------

----------------------------------------------------------------------------------------------------
[SHAPING | MULTI EPS] Episode 600/10000
Avg Reward                  : 0.000000
Avg Total Reward            : -215.924378
Epsilon Decay               : q0(WP1): 0.5486, q1(WP2): 1.0000, q2(Goal): 1.0000
Buffer Fractions            : q0(WP1): 98.97%, q1(WP2): 1.03%, q2(Goal): 0.00%
Hits (Cumulative)           : WP1: 29, WP2: 0, Goal: 0
----------------------------------------------------------------------------------------------------

----------------------------------------------------------------------------------------------------
[SHAPING | MULTI EPS] Episode 700/10000
Avg Reward                  : 0.000000
Avg Total Reward            : -213.593136
Epsilon Decay               : q0(WP1): 0.4964, q1(WP2): 1.0000, q2(Goal): 1.0000
Buffer Fractions            : q0(WP1): 98.98%, q1(WP2): 1.02%, q2(Goal): 0.00%
Hits (Cumulative)           : WP1: 34, WP2: 0, Goal: 0
----------------------------------------------------------------------------------------------------

----------------------------------------------------------------------------------------------------
[SHAPING | MULTI EPS] Episode 800/10000
Avg Reward                  : 0.000000
Avg Total Reward            : -200.389681
Epsilon Decay               : q0(WP1): 0.4491, q1(WP2): 1.0000, q2(Goal): 1.0000
Buffer Fractions            : q0(WP1): 99.01%, q1(WP2): 0.99%, q2(Goal): 0.00%
Hits (Cumulative)           : WP1: 38, WP2: 0, Goal: 0
----------------------------------------------------------------------------------------------------

----------------------------------------------------------------------------------------------------
[SHAPING | MULTI EPS] Episode 900/10000
Avg Reward                  : 0.000000
Avg Total Reward            : -170.016631
Epsilon Decay               : q0(WP1): 0.4064, q1(WP2): 1.0000, q2(Goal): 1.0000
Buffer Fractions            : q0(WP1): 98.98%, q1(WP2): 1.02%, q2(Goal): 0.00%
Hits (Cumulative)           : WP1: 44, WP2: 0, Goal: 0
----------------------------------------------------------------------------------------------------

----------------------------------------------------------------------------------------------------
[SHAPING | MULTI EPS] Episode 1000/10000
Avg Reward                  : 0.000000
Avg Total Reward            : -73.481117
Epsilon Decay               : q0(WP1): 0.3677, q1(WP2): 1.0000, q2(Goal): 1.0000
Buffer Fractions            : q0(WP1): 98.74%, q1(WP2): 1.26%, q2(Goal): 0.00%
Hits (Cumulative)           : WP1: 56, WP2: 0, Goal: 0
----------------------------------------------------------------------------------------------------

----------------------------------------------------------------------------------------------------
[SHAPING | MULTI EPS] Episode 1100/10000
Avg Reward                  : 0.000000
Avg Total Reward            : -82.913220
Epsilon Decay               : q0(WP1): 0.3327, q1(WP2): 1.0000, q2(Goal): 1.0000
Buffer Fractions            : q0(WP1): 98.38%, q1(WP2): 1.62%, q2(Goal): 0.00%
Hits (Cumulative)           : WP1: 73, WP2: 0, Goal: 0
----------------------------------------------------------------------------------------------------

----------------------------------------------------------------------------------------------------
[SHAPING | MULTI EPS] Episode 1200/10000
Avg Reward                  : 0.000000
Avg Total Reward            : 82.374366
Epsilon Decay               : q0(WP1): 0.3010, q1(WP2): 1.0000, q2(Goal): 1.0000
Buffer Fractions            : q0(WP1): 97.87%, q1(WP2): 2.13%, q2(Goal): 0.00%
Hits (Cumulative)           : WP1: 105, WP2: 0, Goal: 0
----------------------------------------------------------------------------------------------------

----------------------------------------------------------------------------------------------------
[SHAPING | MULTI EPS] Episode 1300/10000
Avg Reward                  : 0.000000
Avg Total Reward            : 182.069755
Epsilon Decay               : q0(WP1): 0.2724, q1(WP2): 1.0000, q2(Goal): 1.0000
Buffer Fractions            : q0(WP1): 97.30%, q1(WP2): 2.70%, q2(Goal): 0.00%
Hits (Cumulative)           : WP1: 138, WP2: 0, Goal: 0
----------------------------------------------------------------------------------------------------

----------------------------------------------------------------------------------------------------
[SHAPING | MULTI EPS] Episode 1400/10000
Avg Reward                  : 0.000000
Avg Total Reward            : 161.449488
Epsilon Decay               : q0(WP1): 0.2464, q1(WP2): 1.0000, q2(Goal): 1.0000
Buffer Fractions            : q0(WP1): 96.82%, q1(WP2): 3.18%, q2(Goal): 0.00%
Hits (Cumulative)           : WP1: 174, WP2: 0, Goal: 0
----------------------------------------------------------------------------------------------------

----------------------------------------------------------------------------------------------------
[SHAPING | MULTI EPS] Episode 1500/10000
Avg Reward                  : 0.000000
Avg Total Reward            : 124.060394
Epsilon Decay               : q0(WP1): 0.2230, q1(WP2): 1.0000, q2(Goal): 1.0000
Buffer Fractions            : q0(WP1): 96.37%, q1(WP2): 3.63%, q2(Goal): 0.00%
Hits (Cumulative)           : WP1: 211, WP2: 0, Goal: 0
----------------------------------------------------------------------------------------------------

----------------------------------------------------------------------------------------------------
[SHAPING | MULTI EPS] Episode 1600/10000
Avg Reward                  : 0.000000
Avg Total Reward            : 203.336287
Epsilon Decay               : q0(WP1): 0.2017, q1(WP2): 1.0000, q2(Goal): 1.0000
Buffer Fractions            : q0(WP1): 95.66%, q1(WP2): 4.34%, q2(Goal): 0.00%
Hits (Cumulative)           : WP1: 261, WP2: 0, Goal: 0
----------------------------------------------------------------------------------------------------

----------------------------------------------------------------------------------------------------
[SHAPING | MULTI EPS] Episode 1700/10000
Avg Reward                  : 0.000000
Avg Total Reward            : 113.840188
Epsilon Decay               : q0(WP1): 0.1825, q1(WP2): 1.0000, q2(Goal): 1.0000
Buffer Fractions            : q0(WP1): 94.91%, q1(WP2): 5.09%, q2(Goal): 0.00%
Hits (Cumulative)           : WP1: 311, WP2: 0, Goal: 0
----------------------------------------------------------------------------------------------------

----------------------------------------------------------------------------------------------------
[SHAPING | MULTI EPS] Episode 1800/10000
Avg Reward                  : 0.000000
Avg Total Reward            : 227.297862
Epsilon Decay               : q0(WP1): 0.1652, q1(WP2): 1.0000, q2(Goal): 1.0000
Buffer Fractions            : q0(WP1): 94.24%, q1(WP2): 5.76%, q2(Goal): 0.00%
Hits (Cumulative)           : WP1: 373, WP2: 0, Goal: 0
----------------------------------------------------------------------------------------------------

----------------------------------------------------------------------------------------------------
[SHAPING | MULTI EPS] Episode 1900/10000
Avg Reward                  : 0.000000
Avg Total Reward            : 233.900065
Epsilon Decay               : q0(WP1): 0.1494, q1(WP2): 1.0000, q2(Goal): 1.0000
Buffer Fractions            : q0(WP1): 93.52%, q1(WP2): 6.48%, q2(Goal): 0.00%
Hits (Cumulative)           : WP1: 439, WP2: 0, Goal: 0
----------------------------------------------------------------------------------------------------

----------------------------------------------------------------------------------------------------
[SHAPING | MULTI EPS] Episode 2000/10000
Avg Reward                  : 0.000000
Avg Total Reward            : 239.237817
Epsilon Decay               : q0(WP1): 0.1352, q1(WP2): 1.0000, q2(Goal): 1.0000
Buffer Fractions            : q0(WP1): 92.56%, q1(WP2): 7.44%, q2(Goal): 0.00%
Hits (Cumulative)           : WP1: 509, WP2: 0, Goal: 0
----------------------------------------------------------------------------------------------------

----------------------------------------------------------------------------------------------------
[SHAPING | MULTI EPS] Episode 2100/10000
Avg Reward                  : 0.000000
Avg Total Reward            : 249.159522
Epsilon Decay               : q0(WP1): 0.1223, q1(WP2): 1.0000, q2(Goal): 1.0000
Buffer Fractions            : q0(WP1): 91.52%, q1(WP2): 8.48%, q2(Goal): 0.00%
Hits (Cumulative)           : WP1: 581, WP2: 0, Goal: 0
----------------------------------------------------------------------------------------------------

----------------------------------------------------------------------------------------------------
[SHAPING | MULTI EPS] Episode 2200/10000
Avg Reward                  : 0.000000
Avg Total Reward            : 234.533009
Epsilon Decay               : q0(WP1): 0.1107, q1(WP2): 1.0000, q2(Goal): 1.0000
Buffer Fractions            : q0(WP1): 90.36%, q1(WP2): 9.64%, q2(Goal): 0.00%
Hits (Cumulative)           : WP1: 653, WP2: 0, Goal: 0
----------------------------------------------------------------------------------------------------

----------------------------------------------------------------------------------------------------
[SHAPING | MULTI EPS] Episode 2300/10000
Avg Reward                  : 0.000000
Avg Total Reward            : 243.896313
Epsilon Decay               : q0(WP1): 0.1001, q1(WP2): 1.0000, q2(Goal): 1.0000
Buffer Fractions            : q0(WP1): 89.41%, q1(WP2): 10.59%, q2(Goal): 0.00%
Hits (Cumulative)           : WP1: 719, WP2: 0, Goal: 0
----------------------------------------------------------------------------------------------------

----------------------------------------------------------------------------------------------------
[SHAPING | MULTI EPS] Episode 2400/10000
Avg Reward                  : 0.000000
Avg Total Reward            : 228.374461
Epsilon Decay               : q0(WP1): 0.0906, q1(WP2): 1.0000, q2(Goal): 1.0000
Buffer Fractions            : q0(WP1): 88.37%, q1(WP2): 11.63%, q2(Goal): 0.00%
Hits (Cumulative)           : WP1: 789, WP2: 0, Goal: 0
----------------------------------------------------------------------------------------------------

----------------------------------------------------------------------------------------------------
[SHAPING | MULTI EPS] Episode 2500/10000
Avg Reward                  : 0.000000
Avg Total Reward            : 240.882502
Epsilon Decay               : q0(WP1): 0.0820, q1(WP2): 1.0000, q2(Goal): 1.0000
Buffer Fractions            : q0(WP1): 87.27%, q1(WP2): 12.73%, q2(Goal): 0.00%
Hits (Cumulative)           : WP1: 857, WP2: 0, Goal: 0
----------------------------------------------------------------------------------------------------

----------------------------------------------------------------------------------------------------
[SHAPING | MULTI EPS] Episode 2600/10000
Avg Reward                  : 0.000000
Avg Total Reward            : 243.623054
Epsilon Decay               : q0(WP1): 0.0800, q1(WP2): 0.9399, q2(Goal): 1.0000
Buffer Fractions            : q0(WP1): 86.13%, q1(WP2): 13.87%, q2(Goal): 0.00%
Hits (Cumulative)           : WP1: 929, WP2: 0, Goal: 0
----------------------------------------------------------------------------------------------------

----------------------------------------------------------------------------------------------------
[SHAPING | MULTI EPS] Episode 2700/10000
Avg Reward                  : 0.000000
Avg Total Reward            : 225.158933
Epsilon Decay               : q0(WP1): 0.0800, q1(WP2): 0.8606, q2(Goal): 1.0000
Buffer Fractions            : q0(WP1): 84.06%, q1(WP2): 15.94%, q2(Goal): 0.00%
Hits (Cumulative)           : WP1: 1017, WP2: 0, Goal: 0
----------------------------------------------------------------------------------------------------

----------------------------------------------------------------------------------------------------
[SHAPING | MULTI EPS] Episode 2800/10000
Avg Reward                  : 0.000000
Avg Total Reward            : 221.604534
Epsilon Decay               : q0(WP1): 0.0800, q1(WP2): 0.7913, q2(Goal): 1.0000
Buffer Fractions            : q0(WP1): 82.45%, q1(WP2): 17.55%, q2(Goal): 0.00%
Hits (Cumulative)           : WP1: 1101, WP2: 0, Goal: 0
----------------------------------------------------------------------------------------------------

----------------------------------------------------------------------------------------------------
[SHAPING | MULTI EPS] Episode 2900/10000
Avg Reward                  : 0.000000
Avg Total Reward            : 233.472956
Epsilon Decay               : q0(WP1): 0.0800, q1(WP2): 0.7253, q2(Goal): 1.0000
Buffer Fractions            : q0(WP1): 81.03%, q1(WP2): 18.97%, q2(Goal): 0.00%
Hits (Cumulative)           : WP1: 1188, WP2: 0, Goal: 0
----------------------------------------------------------------------------------------------------

----------------------------------------------------------------------------------------------------
[SHAPING | MULTI EPS] Episode 3000/10000
Avg Reward                  : 0.000000
Avg Total Reward            : 231.808725
Epsilon Decay               : q0(WP1): 0.0800, q1(WP2): 0.6702, q2(Goal): 1.0000
Buffer Fractions            : q0(WP1): 79.27%, q1(WP2): 20.72%, q2(Goal): 0.01%
Hits (Cumulative)           : WP1: 1267, WP2: 1, Goal: 0
----------------------------------------------------------------------------------------------------

----------------------------------------------------------------------------------------------------
[SHAPING | MULTI EPS] Episode 3100/10000
Avg Reward                  : 0.000000
Avg Total Reward            : 224.236188
Epsilon Decay               : q0(WP1): 0.0800, q1(WP2): 0.6162, q2(Goal): 1.0000
Buffer Fractions            : q0(WP1): 77.45%, q1(WP2): 22.54%, q2(Goal): 0.01%
Hits (Cumulative)           : WP1: 1351, WP2: 1, Goal: 0
----------------------------------------------------------------------------------------------------

----------------------------------------------------------------------------------------------------
[SHAPING | MULTI EPS] Episode 3200/10000
Avg Reward                  : 0.000000
Avg Total Reward            : 206.713360
Epsilon Decay               : q0(WP1): 0.0800, q1(WP2): 0.5614, q2(Goal): 1.0000
Buffer Fractions            : q0(WP1): 74.56%, q1(WP2): 25.42%, q2(Goal): 0.03%
Hits (Cumulative)           : WP1: 1444, WP2: 2, Goal: 0
----------------------------------------------------------------------------------------------------

----------------------------------------------------------------------------------------------------
[SHAPING | MULTI EPS] Episode 3300/10000
Avg Reward                  : 0.000000
Avg Total Reward            : 198.808363
Epsilon Decay               : q0(WP1): 0.0800, q1(WP2): 0.5115, q2(Goal): 1.0000
Buffer Fractions            : q0(WP1): 70.48%, q1(WP2): 29.43%, q2(Goal): 0.10%
Hits (Cumulative)           : WP1: 1537, WP2: 6, Goal: 0
----------------------------------------------------------------------------------------------------

----------------------------------------------------------------------------------------------------
[SHAPING | MULTI EPS] Episode 3400/10000
Avg Reward                  : 0.000000
Avg Total Reward            : 198.001044
Epsilon Decay               : q0(WP1): 0.0800, q1(WP2): 0.4670, q2(Goal): 1.0000
Buffer Fractions            : q0(WP1): 66.13%, q1(WP2): 33.54%, q2(Goal): 0.32%
Hits (Cumulative)           : WP1: 1628, WP2: 16, Goal: 0
----------------------------------------------------------------------------------------------------

----------------------------------------------------------------------------------------------------
[SHAPING | MULTI EPS] Episode 3500/10000
Avg Reward                  : 0.000000
Avg Total Reward            : 205.799936
Epsilon Decay               : q0(WP1): 0.0800, q1(WP2): 0.4247, q2(Goal): 1.0000
Buffer Fractions            : q0(WP1): 61.48%, q1(WP2): 38.00%, q2(Goal): 0.53%
Hits (Cumulative)           : WP1: 1723, WP2: 24, Goal: 0
----------------------------------------------------------------------------------------------------

----------------------------------------------------------------------------------------------------
[SHAPING | MULTI EPS] Episode 3600/10000
Avg Reward                  : 0.000000
Avg Total Reward            : 179.274600
Epsilon Decay               : q0(WP1): 0.0800, q1(WP2): 0.3924, q2(Goal): 1.0000
Buffer Fractions            : q0(WP1): 57.25%, q1(WP2): 41.81%, q2(Goal): 0.95%
Hits (Cumulative)           : WP1: 1802, WP2: 39, Goal: 0
----------------------------------------------------------------------------------------------------

----------------------------------------------------------------------------------------------------
[SHAPING | MULTI EPS] Episode 3700/10000
Avg Reward                  : 0.000000
Avg Total Reward            : 222.896274
Epsilon Decay               : q0(WP1): 0.0800, q1(WP2): 0.3575, q2(Goal): 1.0000
Buffer Fractions            : q0(WP1): 51.85%, q1(WP2): 46.40%, q2(Goal): 1.74%
Hits (Cumulative)           : WP1: 1895, WP2: 72, Goal: 0
----------------------------------------------------------------------------------------------------

----------------------------------------------------------------------------------------------------
[SHAPING | MULTI EPS] Episode 3800/10000
Avg Reward                  : 0.000000
Avg Total Reward            : 220.286176
Epsilon Decay               : q0(WP1): 0.0800, q1(WP2): 0.3264, q2(Goal): 1.0000
Buffer Fractions            : q0(WP1): 48.28%, q1(WP2): 49.00%, q2(Goal): 2.71%
Hits (Cumulative)           : WP1: 1986, WP2: 112, Goal: 0
----------------------------------------------------------------------------------------------------

----------------------------------------------------------------------------------------------------
[SHAPING | MULTI EPS] Episode 3900/10000
Avg Reward                  : 0.000000
Avg Total Reward            : 236.094304
Epsilon Decay               : q0(WP1): 0.0800, q1(WP2): 0.2995, q2(Goal): 1.0000
Buffer Fractions            : q0(WP1): 43.35%, q1(WP2): 53.32%, q2(Goal): 3.33%
Hits (Cumulative)           : WP1: 2072, WP2: 141, Goal: 0
----------------------------------------------------------------------------------------------------

----------------------------------------------------------------------------------------------------
[SHAPING | MULTI EPS] Episode 4000/10000
Avg Reward                  : 0.000000
Avg Total Reward            : 221.694914
Epsilon Decay               : q0(WP1): 0.0800, q1(WP2): 0.2737, q2(Goal): 1.0000
Buffer Fractions            : q0(WP1): 40.19%, q1(WP2): 55.68%, q2(Goal): 4.13%
Hits (Cumulative)           : WP1: 2162, WP2: 178, Goal: 0
----------------------------------------------------------------------------------------------------

----------------------------------------------------------------------------------------------------
[SHAPING | MULTI EPS] Episode 4100/10000
Avg Reward                  : 0.000000
Avg Total Reward            : 262.714746
Epsilon Decay               : q0(WP1): 0.0800, q1(WP2): 0.2489, q2(Goal): 1.0000
Buffer Fractions            : q0(WP1): 38.68%, q1(WP2): 55.09%, q2(Goal): 6.23%
Hits (Cumulative)           : WP1: 2257, WP2: 262, Goal: 0
----------------------------------------------------------------------------------------------------

----------------------------------------------------------------------------------------------------
[SHAPING | MULTI EPS] Episode 4200/10000
Avg Reward                  : 0.000000
Avg Total Reward            : 264.910278
Epsilon Decay               : q0(WP1): 0.0800, q1(WP2): 0.2259, q2(Goal): 1.0000
Buffer Fractions            : q0(WP1): 37.88%, q1(WP2): 54.02%, q2(Goal): 8.11%
Hits (Cumulative)           : WP1: 2354, WP2: 346, Goal: 0
----------------------------------------------------------------------------------------------------

----------------------------------------------------------------------------------------------------
[SHAPING | MULTI EPS] Episode 4300/10000
Avg Reward                  : 0.000000
Avg Total Reward            : 286.891922
Epsilon Decay               : q0(WP1): 0.0800, q1(WP2): 0.2050, q2(Goal): 1.0000
Buffer Fractions            : q0(WP1): 36.41%, q1(WP2): 53.82%, q2(Goal): 9.78%
Hits (Cumulative)           : WP1: 2451, WP2: 431, Goal: 0
----------------------------------------------------------------------------------------------------

----------------------------------------------------------------------------------------------------
[SHAPING | MULTI EPS] Episode 4400/10000
Avg Reward                  : 0.000000
Avg Total Reward            : 254.667184
Epsilon Decay               : q0(WP1): 0.0800, q1(WP2): 0.1872, q2(Goal): 1.0000
Buffer Fractions            : q0(WP1): 36.53%, q1(WP2): 52.33%, q2(Goal): 11.14%
Hits (Cumulative)           : WP1: 2542, WP2: 516, Goal: 0
----------------------------------------------------------------------------------------------------

----------------------------------------------------------------------------------------------------
[SHAPING | MULTI EPS] Episode 4500/10000
Avg Reward                  : 0.000000
Avg Total Reward            : 249.341605
Epsilon Decay               : q0(WP1): 0.0800, q1(WP2): 0.1707, q2(Goal): 1.0000
Buffer Fractions            : q0(WP1): 37.00%, q1(WP2): 50.58%, q2(Goal): 12.42%
Hits (Cumulative)           : WP1: 2634, WP2: 605, Goal: 0
----------------------------------------------------------------------------------------------------

----------------------------------------------------------------------------------------------------
[SHAPING | MULTI EPS] Episode 4600/10000
Avg Reward                  : 0.000000
Avg Total Reward            : 209.731697
Epsilon Decay               : q0(WP1): 0.0800, q1(WP2): 0.1571, q2(Goal): 1.0000
Buffer Fractions            : q0(WP1): 38.03%, q1(WP2): 48.10%, q2(Goal): 13.87%
Hits (Cumulative)           : WP1: 2717, WP2: 685, Goal: 0
----------------------------------------------------------------------------------------------------

----------------------------------------------------------------------------------------------------
[SHAPING | MULTI EPS] Episode 4700/10000
Avg Reward                  : 0.000000
Avg Total Reward            : 171.577759
Epsilon Decay               : q0(WP1): 0.0800, q1(WP2): 0.1444, q2(Goal): 1.0000
Buffer Fractions            : q0(WP1): 40.43%, q1(WP2): 44.65%, q2(Goal): 14.92%
Hits (Cumulative)           : WP1: 2801, WP2: 761, Goal: 0
----------------------------------------------------------------------------------------------------

----------------------------------------------------------------------------------------------------
[SHAPING | MULTI EPS] Episode 4800/10000
Avg Reward                  : 0.000000
Avg Total Reward            : 240.882938
Epsilon Decay               : q0(WP1): 0.0800, q1(WP2): 0.1317, q2(Goal): 1.0000
Buffer Fractions            : q0(WP1): 42.36%, q1(WP2): 41.21%, q2(Goal): 16.43%
Hits (Cumulative)           : WP1: 2893, WP2: 851, Goal: 0
----------------------------------------------------------------------------------------------------

----------------------------------------------------------------------------------------------------
[SHAPING | MULTI EPS] Episode 4900/10000
Avg Reward                  : 0.000000
Avg Total Reward            : 235.815480
Epsilon Decay               : q0(WP1): 0.0800, q1(WP2): 0.1201, q2(Goal): 1.0000
Buffer Fractions            : q0(WP1): 43.75%, q1(WP2): 39.35%, q2(Goal): 16.90%
Hits (Cumulative)           : WP1: 2985, WP2: 942, Goal: 0
----------------------------------------------------------------------------------------------------

----------------------------------------------------------------------------------------------------
[SHAPING | MULTI EPS] Episode 5000/10000
Avg Reward                  : 0.000000
Avg Total Reward            : 251.868878
Epsilon Decay               : q0(WP1): 0.0800, q1(WP2): 0.1102, q2(Goal): 1.0000
Buffer Fractions            : q0(WP1): 44.96%, q1(WP2): 37.65%, q2(Goal): 17.40%
Hits (Cumulative)           : WP1: 3071, WP2: 1025, Goal: 0
----------------------------------------------------------------------------------------------------

----------------------------------------------------------------------------------------------------
[SHAPING | MULTI EPS] Episode 5100/10000
Avg Reward                  : 0.000000
Avg Total Reward            : 253.277114
Epsilon Decay               : q0(WP1): 0.0800, q1(WP2): 0.1012, q2(Goal): 1.0000
Buffer Fractions            : q0(WP1): 47.13%, q1(WP2): 35.35%, q2(Goal): 17.51%
Hits (Cumulative)           : WP1: 3157, WP2: 1107, Goal: 0
----------------------------------------------------------------------------------------------------

----------------------------------------------------------------------------------------------------
[SHAPING | MULTI EPS] Episode 5200/10000
Avg Reward                  : 0.000000
Avg Total Reward            : 178.365979
Epsilon Decay               : q0(WP1): 0.0800, q1(WP2): 0.0933, q2(Goal): 1.0000
Buffer Fractions            : q0(WP1): 48.40%, q1(WP2): 33.93%, q2(Goal): 17.66%
Hits (Cumulative)           : WP1: 3238, WP2: 1182, Goal: 0
----------------------------------------------------------------------------------------------------

----------------------------------------------------------------------------------------------------
[SHAPING | MULTI EPS] Episode 5300/10000
Avg Reward                  : 0.000000
Avg Total Reward            : 154.140620
Epsilon Decay               : q0(WP1): 0.0800, q1(WP2): 0.0865, q2(Goal): 1.0000
Buffer Fractions            : q0(WP1): 48.72%, q1(WP2): 33.83%, q2(Goal): 17.45%
Hits (Cumulative)           : WP1: 3313, WP2: 1250, Goal: 0
----------------------------------------------------------------------------------------------------

----------------------------------------------------------------------------------------------------
[SHAPING | MULTI EPS] Episode 5400/10000
Avg Reward                  : 0.000000
Avg Total Reward            : 248.381671
Epsilon Decay               : q0(WP1): 0.0800, q1(WP2): 0.0800, q2(Goal): 0.9714
Buffer Fractions            : q0(WP1): 48.72%, q1(WP2): 33.66%, q2(Goal): 17.62%
Hits (Cumulative)           : WP1: 3409, WP2: 1342, Goal: 0
----------------------------------------------------------------------------------------------------

----------------------------------------------------------------------------------------------------
[SHAPING | MULTI EPS] Episode 5500/10000
Avg Reward                  : 0.000000
Avg Total Reward            : 165.582899
Epsilon Decay               : q0(WP1): 0.0800, q1(WP2): 0.0800, q2(Goal): 0.8985
Buffer Fractions            : q0(WP1): 49.67%, q1(WP2): 33.04%, q2(Goal): 17.29%
Hits (Cumulative)           : WP1: 3489, WP2: 1420, Goal: 0
----------------------------------------------------------------------------------------------------

----------------------------------------------------------------------------------------------------
[SHAPING | MULTI EPS] Episode 5600/10000
Avg Reward                  : 0.000000
Avg Total Reward            : 116.003758
Epsilon Decay               : q0(WP1): 0.0800, q1(WP2): 0.0800, q2(Goal): 0.8427
Buffer Fractions            : q0(WP1): 50.55%, q1(WP2): 32.24%, q2(Goal): 17.21%
Hits (Cumulative)           : WP1: 3556, WP2: 1484, Goal: 0
----------------------------------------------------------------------------------------------------

----------------------------------------------------------------------------------------------------
[SHAPING | MULTI EPS] Episode 5700/10000
Avg Reward                  : 0.000000
Avg Total Reward            : 167.749206
Epsilon Decay               : q0(WP1): 0.0800, q1(WP2): 0.0800, q2(Goal): 0.7857
Buffer Fractions            : q0(WP1): 51.52%, q1(WP2): 31.77%, q2(Goal): 16.71%
Hits (Cumulative)           : WP1: 3633, WP2: 1554, Goal: 0
----------------------------------------------------------------------------------------------------

----------------------------------------------------------------------------------------------------
[SHAPING | MULTI EPS] Episode 5800/10000
Avg Reward                  : 0.000000
Avg Total Reward            : 249.670202
Epsilon Decay               : q0(WP1): 0.0800, q1(WP2): 0.0800, q2(Goal): 0.7363
Buffer Fractions            : q0(WP1): 51.55%, q1(WP2): 31.92%, q2(Goal): 16.53%
Hits (Cumulative)           : WP1: 3712, WP2: 1619, Goal: 0
----------------------------------------------------------------------------------------------------

----------------------------------------------------------------------------------------------------
[SHAPING | MULTI EPS] Episode 5900/10000
Avg Reward                  : 0.000000
Avg Total Reward            : 230.810340
Epsilon Decay               : q0(WP1): 0.0800, q1(WP2): 0.0800, q2(Goal): 0.6844
Buffer Fractions            : q0(WP1): 51.38%, q1(WP2): 32.29%, q2(Goal): 16.33%
Hits (Cumulative)           : WP1: 3794, WP2: 1692, Goal: 0
----------------------------------------------------------------------------------------------------

----------------------------------------------------------------------------------------------------
[SHAPING | MULTI EPS] Episode 6000/10000
Avg Reward                  : 0.000000
Avg Total Reward            : 230.873419
Epsilon Decay               : q0(WP1): 0.0800, q1(WP2): 0.0800, q2(Goal): 0.6261
Buffer Fractions            : q0(WP1): 50.38%, q1(WP2): 32.30%, q2(Goal): 17.32%
Hits (Cumulative)           : WP1: 3884, WP2: 1781, Goal: 0
----------------------------------------------------------------------------------------------------

----------------------------------------------------------------------------------------------------
[SHAPING | MULTI EPS] Episode 6100/10000
Avg Reward                  : 0.000000
Avg Total Reward            : 209.044285
Epsilon Decay               : q0(WP1): 0.0800, q1(WP2): 0.0800, q2(Goal): 0.5797
Buffer Fractions            : q0(WP1): 51.59%, q1(WP2): 29.46%, q2(Goal): 18.95%
Hits (Cumulative)           : WP1: 3965, WP2: 1858, Goal: 0
----------------------------------------------------------------------------------------------------

----------------------------------------------------------------------------------------------------
[SHAPING | MULTI EPS] Episode 6200/10000
Avg Reward                  : 0.000000
Avg Total Reward            : 33.760340
Epsilon Decay               : q0(WP1): 0.0800, q1(WP2): 0.0800, q2(Goal): 0.5503
Buffer Fractions            : q0(WP1): 53.89%, q1(WP2): 26.47%, q2(Goal): 19.64%
Hits (Cumulative)           : WP1: 4019, WP2: 1910, Goal: 0
----------------------------------------------------------------------------------------------------

----------------------------------------------------------------------------------------------------
[SHAPING | MULTI EPS] Episode 6300/10000
Avg Reward                  : 0.000000
Avg Total Reward            : 58.523502
Epsilon Decay               : q0(WP1): 0.0800, q1(WP2): 0.0800, q2(Goal): 0.5282
Buffer Fractions            : q0(WP1): 54.78%, q1(WP2): 25.96%, q2(Goal): 19.26%
Hits (Cumulative)           : WP1: 4074, WP2: 1951, Goal: 0
----------------------------------------------------------------------------------------------------

----------------------------------------------------------------------------------------------------
[SHAPING | MULTI EPS] Episode 6400/10000
Avg Reward                  : 0.000000
Avg Total Reward            : 110.576799
Epsilon Decay               : q0(WP1): 0.0800, q1(WP2): 0.0800, q2(Goal): 0.5136
Buffer Fractions            : q0(WP1): 54.09%, q1(WP2): 27.55%, q2(Goal): 18.35%
Hits (Cumulative)           : WP1: 4141, WP2: 1979, Goal: 0
----------------------------------------------------------------------------------------------------

----------------------------------------------------------------------------------------------------
[SHAPING | MULTI EPS] Episode 6500/10000
Avg Reward                  : 200.000000
Avg Total Reward            : 357.650714
Epsilon Decay               : q0(WP1): 0.0800, q1(WP2): 0.0800, q2(Goal): 0.4959
Buffer Fractions            : q0(WP1): 51.30%, q1(WP2): 31.06%, q2(Goal): 17.64%
Hits (Cumulative)           : WP1: 4217, WP2: 2014, Goal: 2
----------------------------------------------------------------------------------------------------

----------------------------------------------------------------------------------------------------
[SHAPING | MULTI EPS] Episode 6600/10000
Avg Reward                  : 200.000000
Avg Total Reward            : 369.260443
Epsilon Decay               : q0(WP1): 0.0800, q1(WP2): 0.0800, q2(Goal): 0.4736
Buffer Fractions            : q0(WP1): 50.81%, q1(WP2): 31.46%, q2(Goal): 17.73%
Hits (Cumulative)           : WP1: 4288, WP2: 2060, Goal: 4
----------------------------------------------------------------------------------------------------

----------------------------------------------------------------------------------------------------
[SHAPING | MULTI EPS] Episode 6700/10000
Avg Reward                  : 300.000000
Avg Total Reward            : 649.062280
Epsilon Decay               : q0(WP1): 0.0800, q1(WP2): 0.0800, q2(Goal): 0.4438
Buffer Fractions            : q0(WP1): 49.54%, q1(WP2): 32.43%, q2(Goal): 18.02%
Hits (Cumulative)           : WP1: 4379, WP2: 2125, Goal: 7
----------------------------------------------------------------------------------------------------

----------------------------------------------------------------------------------------------------
[SHAPING | MULTI EPS] Episode 6800/10000
Avg Reward                  : 1200.000000
Avg Total Reward            : 1540.765720
Epsilon Decay               : q0(WP1): 0.0800, q1(WP2): 0.0800, q2(Goal): 0.4163
Buffer Fractions            : q0(WP1): 48.93%, q1(WP2): 33.51%, q2(Goal): 17.56%
Hits (Cumulative)           : WP1: 4453, WP2: 2189, Goal: 19
----------------------------------------------------------------------------------------------------

----------------------------------------------------------------------------------------------------
[SHAPING | MULTI EPS] Episode 6900/10000
Avg Reward                  : 1400.000000
Avg Total Reward            : 1911.295969
Epsilon Decay               : q0(WP1): 0.0800, q1(WP2): 0.0800, q2(Goal): 0.3850
Buffer Fractions            : q0(WP1): 44.36%, q1(WP2): 35.22%, q2(Goal): 20.42%
Hits (Cumulative)           : WP1: 4535, WP2: 2267, Goal: 33
----------------------------------------------------------------------------------------------------

----------------------------------------------------------------------------------------------------
[SHAPING | MULTI EPS] Episode 7000/10000
Avg Reward                  : 1800.000000
Avg Total Reward            : 2383.896035
Epsilon Decay               : q0(WP1): 0.0800, q1(WP2): 0.0800, q2(Goal): 0.3512
Buffer Fractions            : q0(WP1): 40.10%, q1(WP2): 33.25%, q2(Goal): 26.65%
Hits (Cumulative)           : WP1: 4629, WP2: 2359, Goal: 51
----------------------------------------------------------------------------------------------------

----------------------------------------------------------------------------------------------------
[SHAPING | MULTI EPS] Episode 7100/10000
Avg Reward                  : 2900.000000
Avg Total Reward            : 3507.435434
Epsilon Decay               : q0(WP1): 0.0800, q1(WP2): 0.0800, q2(Goal): 0.3238
Buffer Fractions            : q0(WP1): 39.07%, q1(WP2): 28.86%, q2(Goal): 32.07%
Hits (Cumulative)           : WP1: 4713, WP2: 2440, Goal: 80
----------------------------------------------------------------------------------------------------

----------------------------------------------------------------------------------------------------
[SHAPING | MULTI EPS] Episode 7200/10000
Avg Reward                  : 2500.000000
Avg Total Reward            : 3119.843183
Epsilon Decay               : q0(WP1): 0.0800, q1(WP2): 0.0800, q2(Goal): 0.2986
Buffer Fractions            : q0(WP1): 38.22%, q1(WP2): 27.18%, q2(Goal): 34.60%
Hits (Cumulative)           : WP1: 4801, WP2: 2521, Goal: 105
----------------------------------------------------------------------------------------------------

----------------------------------------------------------------------------------------------------
[SHAPING | MULTI EPS] Episode 7300/10000
Avg Reward                  : 3000.000000
Avg Total Reward            : 3451.672854
Epsilon Decay               : q0(WP1): 0.0800, q1(WP2): 0.0800, q2(Goal): 0.2809
Buffer Fractions            : q0(WP1): 38.74%, q1(WP2): 25.42%, q2(Goal): 35.85%
Hits (Cumulative)           : WP1: 4865, WP2: 2582, Goal: 135
----------------------------------------------------------------------------------------------------

----------------------------------------------------------------------------------------------------
[SHAPING | MULTI EPS] Episode 7400/10000
Avg Reward                  : 5000.000000
Avg Total Reward            : 5592.354373
Epsilon Decay               : q0(WP1): 0.0800, q1(WP2): 0.0800, q2(Goal): 0.2625
Buffer Fractions            : q0(WP1): 39.53%, q1(WP2): 24.64%, q2(Goal): 35.83%
Hits (Cumulative)           : WP1: 4943, WP2: 2650, Goal: 185
----------------------------------------------------------------------------------------------------

----------------------------------------------------------------------------------------------------
[SHAPING | MULTI EPS] Episode 7500/10000
Avg Reward                  : 6300.000000
Avg Total Reward            : 7092.151892
Epsilon Decay               : q0(WP1): 0.0800, q1(WP2): 0.0800, q2(Goal): 0.2399
Buffer Fractions            : q0(WP1): 37.90%, q1(WP2): 23.76%, q2(Goal): 38.34%
Hits (Cumulative)           : WP1: 5036, WP2: 2740, Goal: 248
----------------------------------------------------------------------------------------------------

----------------------------------------------------------------------------------------------------
[SHAPING | MULTI EPS] Episode 7600/10000
Avg Reward                  : 5500.000000
Avg Total Reward            : 6171.364136
Epsilon Decay               : q0(WP1): 0.0800, q1(WP2): 0.0800, q2(Goal): 0.2239
Buffer Fractions            : q0(WP1): 38.16%, q1(WP2): 24.39%, q2(Goal): 37.45%
Hits (Cumulative)           : WP1: 5122, WP2: 2809, Goal: 303
----------------------------------------------------------------------------------------------------

----------------------------------------------------------------------------------------------------
[SHAPING | MULTI EPS] Episode 7700/10000
Avg Reward                  : 6400.000000
Avg Total Reward            : 7084.873696
Epsilon Decay               : q0(WP1): 0.0800, q1(WP2): 0.0800, q2(Goal): 0.2077
Buffer Fractions            : q0(WP1): 40.41%, q1(WP2): 25.31%, q2(Goal): 34.28%
Hits (Cumulative)           : WP1: 5203, WP2: 2884, Goal: 367
----------------------------------------------------------------------------------------------------

----------------------------------------------------------------------------------------------------
[SHAPING | MULTI EPS] Episode 7800/10000
Avg Reward                  : 8200.000000
Avg Total Reward            : 9112.928777
Epsilon Decay               : q0(WP1): 0.0800, q1(WP2): 0.0800, q2(Goal): 0.1898
Buffer Fractions            : q0(WP1): 41.73%, q1(WP2): 26.24%, q2(Goal): 32.03%
Hits (Cumulative)           : WP1: 5296, WP2: 2974, Goal: 449
----------------------------------------------------------------------------------------------------

----------------------------------------------------------------------------------------------------
[SHAPING | MULTI EPS] Episode 7900/10000
Avg Reward                  : 7200.000000
Avg Total Reward            : 8031.221665
Epsilon Decay               : q0(WP1): 0.0800, q1(WP2): 0.0800, q2(Goal): 0.1747
Buffer Fractions            : q0(WP1): 42.95%, q1(WP2): 27.61%, q2(Goal): 29.44%
Hits (Cumulative)           : WP1: 5386, WP2: 3057, Goal: 521
----------------------------------------------------------------------------------------------------

----------------------------------------------------------------------------------------------------
[SHAPING | MULTI EPS] Episode 8000/10000
Avg Reward                  : 8000.000000
Avg Total Reward            : 8859.059894
Epsilon Decay               : q0(WP1): 0.0800, q1(WP2): 0.0800, q2(Goal): 0.1606
Buffer Fractions            : q0(WP1): 43.80%, q1(WP2): 28.90%, q2(Goal): 27.31%
Hits (Cumulative)           : WP1: 5480, WP2: 3141, Goal: 601
----------------------------------------------------------------------------------------------------

----------------------------------------------------------------------------------------------------
[SHAPING | MULTI EPS] Episode 8100/10000
Avg Reward                  : 6700.000000
Avg Total Reward            : 7420.541276
Epsilon Decay               : q0(WP1): 0.0800, q1(WP2): 0.0800, q2(Goal): 0.1496
Buffer Fractions            : q0(WP1): 44.90%, q1(WP2): 29.73%, q2(Goal): 25.36%
Hits (Cumulative)           : WP1: 5567, WP2: 3212, Goal: 668
----------------------------------------------------------------------------------------------------

----------------------------------------------------------------------------------------------------
[SHAPING | MULTI EPS] Episode 8200/10000
Avg Reward                  : 8900.000000
Avg Total Reward            : 9846.459334
Epsilon Decay               : q0(WP1): 0.0800, q1(WP2): 0.0800, q2(Goal): 0.1367
Buffer Fractions            : q0(WP1): 45.22%, q1(WP2): 30.77%, q2(Goal): 24.01%
Hits (Cumulative)           : WP1: 5662, WP2: 3302, Goal: 757
----------------------------------------------------------------------------------------------------

----------------------------------------------------------------------------------------------------
[SHAPING | MULTI EPS] Episode 8300/10000
Avg Reward                  : 8600.000000
Avg Total Reward            : 9489.830654
Epsilon Decay               : q0(WP1): 0.0800, q1(WP2): 0.0800, q2(Goal): 0.1253
Buffer Fractions            : q0(WP1): 45.71%, q1(WP2): 31.47%, q2(Goal): 22.81%
Hits (Cumulative)           : WP1: 5749, WP2: 3389, Goal: 843
----------------------------------------------------------------------------------------------------

----------------------------------------------------------------------------------------------------
[SHAPING | MULTI EPS] Episode 8400/10000
Avg Reward                  : 6300.000000
Avg Total Reward            : 7010.796443
Epsilon Decay               : q0(WP1): 0.0800, q1(WP2): 0.0800, q2(Goal): 0.1172
Buffer Fractions            : q0(WP1): 48.17%, q1(WP2): 32.28%, q2(Goal): 19.54%
Hits (Cumulative)           : WP1: 5838, WP2: 3456, Goal: 906
----------------------------------------------------------------------------------------------------

----------------------------------------------------------------------------------------------------
[SHAPING | MULTI EPS] Episode 8500/10000
Avg Reward                  : 5700.000000
Avg Total Reward            : 6243.962059
Epsilon Decay               : q0(WP1): 0.0800, q1(WP2): 0.0800, q2(Goal): 0.1106
Buffer Fractions            : q0(WP1): 50.59%, q1(WP2): 32.02%, q2(Goal): 17.39%
Hits (Cumulative)           : WP1: 5906, WP2: 3514, Goal: 963
----------------------------------------------------------------------------------------------------

----------------------------------------------------------------------------------------------------
[SHAPING | MULTI EPS] Episode 8600/10000
Avg Reward                  : 6100.000000
Avg Total Reward            : 6697.611686
Epsilon Decay               : q0(WP1): 0.0800, q1(WP2): 0.0800, q2(Goal): 0.1040
Buffer Fractions            : q0(WP1): 53.63%, q1(WP2): 29.90%, q2(Goal): 16.47%
Hits (Cumulative)           : WP1: 5971, WP2: 3575, Goal: 1024
----------------------------------------------------------------------------------------------------

----------------------------------------------------------------------------------------------------
[SHAPING | MULTI EPS] Episode 8700/10000
Avg Reward                  : 8700.000000
Avg Total Reward            : 9633.797618
Epsilon Decay               : q0(WP1): 0.0800, q1(WP2): 0.0800, q2(Goal): 0.0952
Buffer Fractions            : q0(WP1): 53.21%, q1(WP2): 30.96%, q2(Goal): 15.83%
Hits (Cumulative)           : WP1: 6067, WP2: 3664, Goal: 1111
----------------------------------------------------------------------------------------------------

----------------------------------------------------------------------------------------------------
[SHAPING | MULTI EPS] Episode 8800/10000
Avg Reward                  : 8400.000000
Avg Total Reward            : 9279.965746
Epsilon Decay               : q0(WP1): 0.0800, q1(WP2): 0.0800, q2(Goal): 0.0875
Buffer Fractions            : q0(WP1): 54.22%, q1(WP2): 30.68%, q2(Goal): 15.10%
Hits (Cumulative)           : WP1: 6152, WP2: 3748, Goal: 1195
----------------------------------------------------------------------------------------------------

----------------------------------------------------------------------------------------------------
[SHAPING | MULTI EPS] Episode 8900/10000
Avg Reward                  : 8800.000000
Avg Total Reward            : 9734.017938
Epsilon Decay               : q0(WP1): 0.0800, q1(WP2): 0.0800, q2(Goal): 0.0800
Buffer Fractions            : q0(WP1): 54.84%, q1(WP2): 30.51%, q2(Goal): 14.66%
Hits (Cumulative)           : WP1: 6246, WP2: 3837, Goal: 1283
----------------------------------------------------------------------------------------------------

----------------------------------------------------------------------------------------------------
[SHAPING | MULTI EPS] Episode 9000/10000
Avg Reward                  : 7400.000000
Avg Total Reward            : 8189.008623
Epsilon Decay               : q0(WP1): 0.0800, q1(WP2): 0.0800, q2(Goal): 0.0800
Buffer Fractions            : q0(WP1): 56.52%, q1(WP2): 29.11%, q2(Goal): 14.37%
Hits (Cumulative)           : WP1: 6328, WP2: 3915, Goal: 1357
----------------------------------------------------------------------------------------------------

----------------------------------------------------------------------------------------------------
[SHAPING | MULTI EPS] Episode 9100/10000
Avg Reward                  : 6600.000000
Avg Total Reward            : 7330.820553
Epsilon Decay               : q0(WP1): 0.0800, q1(WP2): 0.0800, q2(Goal): 0.0800
Buffer Fractions            : q0(WP1): 57.60%, q1(WP2): 27.79%, q2(Goal): 14.61%
Hits (Cumulative)           : WP1: 6403, WP2: 3987, Goal: 1423
----------------------------------------------------------------------------------------------------

----------------------------------------------------------------------------------------------------
[SHAPING | MULTI EPS] Episode 9200/10000
Avg Reward                  : 7400.000000
Avg Total Reward            : 8187.667336
Epsilon Decay               : q0(WP1): 0.0800, q1(WP2): 0.0800, q2(Goal): 0.0800
Buffer Fractions            : q0(WP1): 58.53%, q1(WP2): 27.34%, q2(Goal): 14.13%
Hits (Cumulative)           : WP1: 6488, WP2: 4062, Goal: 1497
----------------------------------------------------------------------------------------------------

----------------------------------------------------------------------------------------------------
[SHAPING | MULTI EPS] Episode 9300/10000
Avg Reward                  : 8600.000000
Avg Total Reward            : 9480.158684
Epsilon Decay               : q0(WP1): 0.0800, q1(WP2): 0.0800, q2(Goal): 0.0800
Buffer Fractions            : q0(WP1): 58.92%, q1(WP2): 27.40%, q2(Goal): 13.67%
Hits (Cumulative)           : WP1: 6577, WP2: 4148, Goal: 1583
----------------------------------------------------------------------------------------------------

----------------------------------------------------------------------------------------------------
[SHAPING | MULTI EPS] Episode 9400/10000
Avg Reward                  : 8000.000000
Avg Total Reward            : 8839.302324
Epsilon Decay               : q0(WP1): 0.0800, q1(WP2): 0.0800, q2(Goal): 0.0800
Buffer Fractions            : q0(WP1): 59.64%, q1(WP2): 26.87%, q2(Goal): 13.49%
Hits (Cumulative)           : WP1: 6665, WP2: 4229, Goal: 1663
----------------------------------------------------------------------------------------------------

----------------------------------------------------------------------------------------------------
[SHAPING | MULTI EPS] Episode 9500/10000
Avg Reward                  : 8600.000000
Avg Total Reward            : 9524.503887
Epsilon Decay               : q0(WP1): 0.0800, q1(WP2): 0.0800, q2(Goal): 0.0800
Buffer Fractions            : q0(WP1): 57.71%, q1(WP2): 28.11%, q2(Goal): 14.18%
Hits (Cumulative)           : WP1: 6762, WP2: 4318, Goal: 1749
----------------------------------------------------------------------------------------------------

----------------------------------------------------------------------------------------------------
[SHAPING | MULTI EPS] Episode 9600/10000
Avg Reward                  : 9000.000000
Avg Total Reward            : 9971.957315
Epsilon Decay               : q0(WP1): 0.0800, q1(WP2): 0.0800, q2(Goal): 0.0800
Buffer Fractions            : q0(WP1): 55.91%, q1(WP2): 28.79%, q2(Goal): 15.30%
Hits (Cumulative)           : WP1: 6860, WP2: 4411, Goal: 1839
----------------------------------------------------------------------------------------------------

----------------------------------------------------------------------------------------------------
[SHAPING | MULTI EPS] Episode 9700/10000
Avg Reward                  : 6900.000000
Avg Total Reward            : 7594.682870
Epsilon Decay               : q0(WP1): 0.0800, q1(WP2): 0.0800, q2(Goal): 0.0800
Buffer Fractions            : q0(WP1): 56.22%, q1(WP2): 28.46%, q2(Goal): 15.32%
Hits (Cumulative)           : WP1: 6941, WP2: 4484, Goal: 1908
----------------------------------------------------------------------------------------------------

----------------------------------------------------------------------------------------------------
[SHAPING | MULTI EPS] Episode 9800/10000
Avg Reward                  : 8300.000000
Avg Total Reward            : 9174.312941
Epsilon Decay               : q0(WP1): 0.0800, q1(WP2): 0.0800, q2(Goal): 0.0800
Buffer Fractions            : q0(WP1): 56.29%, q1(WP2): 28.46%, q2(Goal): 15.25%
Hits (Cumulative)           : WP1: 7028, WP2: 4568, Goal: 1991
----------------------------------------------------------------------------------------------------

----------------------------------------------------------------------------------------------------
[SHAPING | MULTI EPS] Episode 9900/10000
Avg Reward                  : 6900.000000
Avg Total Reward            : 7674.193303
Epsilon Decay               : q0(WP1): 0.0800, q1(WP2): 0.0800, q2(Goal): 0.0800
Buffer Fractions            : q0(WP1): 56.46%, q1(WP2): 28.73%, q2(Goal): 14.81%
Hits (Cumulative)           : WP1: 7114, WP2: 4641, Goal: 2060
----------------------------------------------------------------------------------------------------

----------------------------------------------------------------------------------------------------
[SHAPING | MULTI EPS] Episode 10000/10000
Avg Reward                  : 2700.000000
Avg Total Reward            : 2957.940423
Epsilon Decay               : q0(WP1): 0.0800, q1(WP2): 0.0800, q2(Goal): 0.0800
Buffer Fractions            : q0(WP1): 62.53%, q1(WP2): 25.02%, q2(Goal): 12.45%
Hits (Cumulative)           : WP1: 7146, WP2: 4670, Goal: 2087
----------------------------------------------------------------------------------------------------

