
=== NEW RUN ===
episodes=8000, shaping=True, K=1.0, goal_reward=10000.0, gamma=0.99
training_shaping_gamma=False
inter_level_shaping=False, inter_level_K=0.0
formula=F(wp1 & X(F(g1)))
waypoints={'wp1': (1, 8), 'g1': (8, 8)}
dfa_states=[1, 2, 3], pre_trace=1, accepting=[3]

[Episode 1/8000 | last 1]
success rate                : 0.0% (cumulative 0.0%)
synthetic task reward       : 0.000
shaping reward              : -349.271
learning reward             : -349.271
episode length              : 103.0
abstract changes / episode  : 14.0
DFA transitions / episode   : 0.00
DFA transitions in window   : none
epsilon (next episode)       : 0.99960
replay buffer                : 103 samples [1: 100.0%, 2: 0.0%, 3: 0.0%]
DFA state visits in window   : 1: 104, 2: 0, 3: 0
DFA state visits cumulative  : 1: 104, 2: 0, 3: 0
DFA state entries in window  : 1: 1, 2: 0, 3: 0
DFA state entries cumulative : 1: 1, 2: 0, 3: 0
transitions cumulative       : none
accepted directly from s0    : 0
Gym endings cumulative       : terminated=1, truncated=0
Best policy updated at episode 1: mean learning reward=-349.271

[Episode 100/8000 | last 100]
success rate                : 0.0% (cumulative 0.0%)
synthetic task reward       : 0.000
shaping reward              : -306.408
learning reward             : -306.408
episode length              : 90.6
abstract changes / episode  : 12.7
DFA transitions / episode   : 0.01
DFA transitions in window   : 1->2: 1
epsilon (next episode)       : 0.96078
replay buffer                : 9063 samples [1: 99.8%, 2: 0.2%, 3: 0.0%]
DFA state visits in window   : 1: 9148, 2: 15, 3: 0
DFA state visits cumulative  : 1: 9148, 2: 15, 3: 0
DFA state entries in window  : 1: 100, 2: 1, 3: 0
DFA state entries cumulative : 1: 100, 2: 1, 3: 0
transitions cumulative       : 1->2: 1
accepted directly from s0    : 0
Gym endings cumulative       : terminated=100, truncated=0
Best policy updated at episode 100: mean learning reward=-306.408

[Episode 200/8000 | last 100]
success rate                : 0.0% (cumulative 0.0%)
synthetic task reward       : 0.000
shaping reward              : -298.539
learning reward             : -298.539
episode length              : 94.0
abstract changes / episode  : 12.7
DFA transitions / episode   : 0.01
DFA transitions in window   : 1->2: 1
epsilon (next episode)       : 0.92310
replay buffer                : 18466 samples [1: 99.8%, 2: 0.2%, 3: 0.0%]
DFA state visits in window   : 1: 9473, 2: 30, 3: 0
DFA state visits cumulative  : 1: 18621, 2: 45, 3: 0
DFA state entries in window  : 1: 100, 2: 1, 3: 0
DFA state entries cumulative : 1: 200, 2: 2, 3: 0
transitions cumulative       : 1->2: 2
accepted directly from s0    : 0
Gym endings cumulative       : terminated=200, truncated=0
Best policy updated at episode 200: mean learning reward=-298.539

[Episode 300/8000 | last 100]
success rate                : 0.0% (cumulative 0.0%)
synthetic task reward       : 0.000
shaping reward              : -284.715
learning reward             : -284.715
episode length              : 92.9
abstract changes / episode  : 12.9
DFA transitions / episode   : 0.04
DFA transitions in window   : 1->2: 4
epsilon (next episode)       : 0.88690
replay buffer                : 27755 samples [1: 99.6%, 2: 0.4%, 3: 0.0%]
DFA state visits in window   : 1: 9317, 2: 72, 3: 0
DFA state visits cumulative  : 1: 27938, 2: 117, 3: 0
DFA state entries in window  : 1: 100, 2: 4, 3: 0
DFA state entries cumulative : 1: 300, 2: 6, 3: 0
transitions cumulative       : 1->2: 6
accepted directly from s0    : 0
Gym endings cumulative       : terminated=300, truncated=0
Best policy updated at episode 300: mean learning reward=-284.715

[Episode 400/8000 | last 100]
success rate                : 0.0% (cumulative 0.0%)
synthetic task reward       : 0.000
shaping reward              : -285.646
learning reward             : -285.646
episode length              : 98.4
abstract changes / episode  : 12.8
DFA transitions / episode   : 0.01
DFA transitions in window   : 1->2: 1
epsilon (next episode)       : 0.85212
replay buffer                : 37593 samples [1: 99.7%, 2: 0.3%, 3: 0.0%]
DFA state visits in window   : 1: 9927, 2: 11, 3: 0
DFA state visits cumulative  : 1: 37865, 2: 128, 3: 0
DFA state entries in window  : 1: 100, 2: 1, 3: 0
DFA state entries cumulative : 1: 400, 2: 7, 3: 0
transitions cumulative       : 1->2: 7
accepted directly from s0    : 0
Gym endings cumulative       : terminated=400, truncated=0

[Episode 500/8000 | last 100]
success rate                : 0.0% (cumulative 0.0%)
synthetic task reward       : 0.000
shaping reward              : -278.039
learning reward             : -278.039
episode length              : 103.5
abstract changes / episode  : 12.9
DFA transitions / episode   : 0.02
DFA transitions in window   : 1->2: 2
epsilon (next episode)       : 0.81870
replay buffer                : 47945 samples [1: 99.7%, 2: 0.3%, 3: 0.0%]
DFA state visits in window   : 1: 10416, 2: 36, 3: 0
DFA state visits cumulative  : 1: 48281, 2: 164, 3: 0
DFA state entries in window  : 1: 100, 2: 2, 3: 0
DFA state entries cumulative : 1: 500, 2: 9, 3: 0
transitions cumulative       : 1->2: 9
accepted directly from s0    : 0
Gym endings cumulative       : terminated=500, truncated=0
Best policy updated at episode 500: mean learning reward=-278.039

[Episode 600/8000 | last 100]
success rate                : 0.0% (cumulative 0.0%)
synthetic task reward       : 0.000
shaping reward              : -245.370
learning reward             : -245.370
episode length              : 107.9
abstract changes / episode  : 12.8
DFA transitions / episode   : 0.06
DFA transitions in window   : 1->2: 6
epsilon (next episode)       : 0.78659
replay buffer                : 58734 samples [1: 99.6%, 2: 0.4%, 3: 0.0%]
DFA state visits in window   : 1: 10778, 2: 111, 3: 0
DFA state visits cumulative  : 1: 59059, 2: 275, 3: 0
DFA state entries in window  : 1: 100, 2: 6, 3: 0
DFA state entries cumulative : 1: 600, 2: 15, 3: 0
transitions cumulative       : 1->2: 15
accepted directly from s0    : 0
Gym endings cumulative       : terminated=600, truncated=0
Best policy updated at episode 600: mean learning reward=-245.370

[Episode 700/8000 | last 100]
success rate                : 0.0% (cumulative 0.0%)
synthetic task reward       : 0.000
shaping reward              : -252.273
learning reward             : -252.273
episode length              : 107.8
abstract changes / episode  : 12.5
DFA transitions / episode   : 0.04
DFA transitions in window   : 1->2: 4
epsilon (next episode)       : 0.75574
replay buffer                : 69512 samples [1: 99.4%, 2: 0.6%, 3: 0.0%]
DFA state visits in window   : 1: 10749, 2: 129, 3: 0
DFA state visits cumulative  : 1: 69808, 2: 404, 3: 0
DFA state entries in window  : 1: 100, 2: 4, 3: 0
DFA state entries cumulative : 1: 700, 2: 19, 3: 0
transitions cumulative       : 1->2: 19
accepted directly from s0    : 0
Gym endings cumulative       : terminated=700, truncated=0

[Episode 800/8000 | last 100]
success rate                : 0.0% (cumulative 0.0%)
synthetic task reward       : 0.000
shaping reward              : -204.327
learning reward             : -204.327
episode length              : 124.9
abstract changes / episode  : 12.8
DFA transitions / episode   : 0.09
DFA transitions in window   : 1->2: 9
epsilon (next episode)       : 0.72610
replay buffer                : 82002 samples [1: 99.2%, 2: 0.8%, 3: 0.0%]
DFA state visits in window   : 1: 12288, 2: 302, 3: 0
DFA state visits cumulative  : 1: 82096, 2: 706, 3: 0
DFA state entries in window  : 1: 100, 2: 9, 3: 0
DFA state entries cumulative : 1: 800, 2: 28, 3: 0
transitions cumulative       : 1->2: 28
accepted directly from s0    : 0
Gym endings cumulative       : terminated=800, truncated=0
Best policy updated at episode 800: mean learning reward=-204.327

[Episode 900/8000 | last 100]
success rate                : 0.0% (cumulative 0.0%)
synthetic task reward       : 0.000
shaping reward              : -227.644
learning reward             : -227.644
episode length              : 130.2
abstract changes / episode  : 13.1
DFA transitions / episode   : 0.07
DFA transitions in window   : 1->2: 7
epsilon (next episode)       : 0.69763
replay buffer                : 95026 samples [1: 99.0%, 2: 1.0%, 3: 0.0%]
DFA state visits in window   : 1: 12839, 2: 285, 3: 0
DFA state visits cumulative  : 1: 94935, 2: 991, 3: 0
DFA state entries in window  : 1: 100, 2: 7, 3: 0
DFA state entries cumulative : 1: 900, 2: 35, 3: 0
transitions cumulative       : 1->2: 35
accepted directly from s0    : 0
Gym endings cumulative       : terminated=900, truncated=0

[Episode 1000/8000 | last 100]
success rate                : 0.0% (cumulative 0.0%)
synthetic task reward       : 0.000
shaping reward              : -279.387
learning reward             : -279.387
episode length              : 128.7
abstract changes / episode  : 13.2
DFA transitions / episode   : 0.02
DFA transitions in window   : 1->2: 2
epsilon (next episode)       : 0.67027
replay buffer                : 107896 samples [1: 99.0%, 2: 1.0%, 3: 0.0%]
DFA state visits in window   : 1: 12877, 2: 93, 3: 0
DFA state visits cumulative  : 1: 107812, 2: 1084, 3: 0
DFA state entries in window  : 1: 100, 2: 2, 3: 0
DFA state entries cumulative : 1: 1000, 2: 37, 3: 0
transitions cumulative       : 1->2: 37
accepted directly from s0    : 0
Gym endings cumulative       : terminated=1000, truncated=0

[Episode 1100/8000 | last 100]
success rate                : 0.0% (cumulative 0.0%)
synthetic task reward       : 0.000
shaping reward              : -256.342
learning reward             : -256.342
episode length              : 161.6
abstract changes / episode  : 13.6
DFA transitions / episode   : 0.05
DFA transitions in window   : 1->2: 5
epsilon (next episode)       : 0.64398
replay buffer                : 124056 samples [1: 99.0%, 2: 1.0%, 3: 0.0%]
DFA state visits in window   : 1: 16017, 2: 243, 3: 0
DFA state visits cumulative  : 1: 123829, 2: 1327, 3: 0
DFA state entries in window  : 1: 100, 2: 5, 3: 0
DFA state entries cumulative : 1: 1100, 2: 42, 3: 0
transitions cumulative       : 1->2: 42
accepted directly from s0    : 0
Gym endings cumulative       : terminated=1099, truncated=1

[Episode 1200/8000 | last 100]
success rate                : 0.0% (cumulative 0.0%)
synthetic task reward       : 0.000
shaping reward              : -321.128
learning reward             : -321.128
episode length              : 169.7
abstract changes / episode  : 13.8
DFA transitions / episode   : 0.00
DFA transitions in window   : none
epsilon (next episode)       : 0.61872
replay buffer                : 141029 samples [1: 99.1%, 2: 0.9%, 3: 0.0%]
DFA state visits in window   : 1: 17073, 2: 0, 3: 0
DFA state visits cumulative  : 1: 140902, 2: 1327, 3: 0
DFA state entries in window  : 1: 100, 2: 0, 3: 0
DFA state entries cumulative : 1: 1200, 2: 42, 3: 0
transitions cumulative       : 1->2: 42
accepted directly from s0    : 0
Gym endings cumulative       : terminated=1198, truncated=2

[Episode 1300/8000 | last 100]
success rate                : 0.0% (cumulative 0.0%)
synthetic task reward       : 0.000
shaping reward              : -314.967
learning reward             : -314.967
episode length              : 127.1
abstract changes / episode  : 13.1
DFA transitions / episode   : 0.00
DFA transitions in window   : none
epsilon (next episode)       : 0.59446
replay buffer                : 153738 samples [1: 99.2%, 2: 0.8%, 3: 0.0%]
DFA state visits in window   : 1: 12809, 2: 0, 3: 0
DFA state visits cumulative  : 1: 153711, 2: 1327, 3: 0
DFA state entries in window  : 1: 100, 2: 0, 3: 0
DFA state entries cumulative : 1: 1300, 2: 42, 3: 0
transitions cumulative       : 1->2: 42
accepted directly from s0    : 0
Gym endings cumulative       : terminated=1298, truncated=2

[Episode 1400/8000 | last 100]
success rate                : 0.0% (cumulative 0.0%)
synthetic task reward       : 0.000
shaping reward              : -313.202
learning reward             : -313.202
episode length              : 116.4
abstract changes / episode  : 13.1
DFA transitions / episode   : 0.00
DFA transitions in window   : none
epsilon (next episode)       : 0.57115
replay buffer                : 165379 samples [1: 99.2%, 2: 0.8%, 3: 0.0%]
DFA state visits in window   : 1: 11741, 2: 0, 3: 0
DFA state visits cumulative  : 1: 165452, 2: 1327, 3: 0
DFA state entries in window  : 1: 100, 2: 0, 3: 0
DFA state entries cumulative : 1: 1400, 2: 42, 3: 0
transitions cumulative       : 1->2: 42
accepted directly from s0    : 0
Gym endings cumulative       : terminated=1398, truncated=2

[Episode 1500/8000 | last 100]
success rate                : 0.0% (cumulative 0.0%)
synthetic task reward       : 0.000
shaping reward              : -307.856
learning reward             : -307.856
episode length              : 161.8
abstract changes / episode  : 13.7
DFA transitions / episode   : 0.00
DFA transitions in window   : none
epsilon (next episode)       : 0.54875
replay buffer                : 181563 samples [1: 99.3%, 2: 0.7%, 3: 0.0%]
DFA state visits in window   : 1: 16284, 2: 0, 3: 0
DFA state visits cumulative  : 1: 181736, 2: 1327, 3: 0
DFA state entries in window  : 1: 100, 2: 0, 3: 0
DFA state entries cumulative : 1: 1500, 2: 42, 3: 0
transitions cumulative       : 1->2: 42
accepted directly from s0    : 0
Gym endings cumulative       : terminated=1494, truncated=6

[Episode 1600/8000 | last 100]
success rate                : 0.0% (cumulative 0.0%)
synthetic task reward       : 0.000
shaping reward              : -313.334
learning reward             : -313.334
episode length              : 145.1
abstract changes / episode  : 12.9
DFA transitions / episode   : 0.00
DFA transitions in window   : none
epsilon (next episode)       : 0.52722
replay buffer                : 196068 samples [1: 99.3%, 2: 0.7%, 3: 0.0%]
DFA state visits in window   : 1: 14605, 2: 0, 3: 0
DFA state visits cumulative  : 1: 196341, 2: 1327, 3: 0
DFA state entries in window  : 1: 100, 2: 0, 3: 0
DFA state entries cumulative : 1: 1600, 2: 42, 3: 0
transitions cumulative       : 1->2: 42
accepted directly from s0    : 0
Gym endings cumulative       : terminated=1591, truncated=9

[Episode 1700/8000 | last 100]
success rate                : 0.0% (cumulative 0.0%)
synthetic task reward       : 0.000
shaping reward              : -310.543
learning reward             : -310.543
episode length              : 183.1
abstract changes / episode  : 13.4
DFA transitions / episode   : 0.00
DFA transitions in window   : none
epsilon (next episode)       : 0.50655
replay buffer                : 214378 samples [1: 99.4%, 2: 0.6%, 3: 0.0%]
DFA state visits in window   : 1: 18410, 2: 0, 3: 0
DFA state visits cumulative  : 1: 214751, 2: 1327, 3: 0
DFA state entries in window  : 1: 100, 2: 0, 3: 0
DFA state entries cumulative : 1: 1700, 2: 42, 3: 0
transitions cumulative       : 1->2: 42
accepted directly from s0    : 0
Gym endings cumulative       : terminated=1687, truncated=13

[Episode 1800/8000 | last 100]
success rate                : 0.0% (cumulative 0.0%)
synthetic task reward       : 0.000
shaping reward              : -207.409
learning reward             : -207.409
episode length              : 162.8
abstract changes / episode  : 13.4
DFA transitions / episode   : 0.06
DFA transitions in window   : 1->2: 6
epsilon (next episode)       : 0.48668
replay buffer                : 230654 samples [1: 99.3%, 2: 0.7%, 3: 0.0%]
DFA state visits in window   : 1: 16115, 2: 261, 3: 0
DFA state visits cumulative  : 1: 230866, 2: 1588, 3: 0
DFA state entries in window  : 1: 100, 2: 6, 3: 0
DFA state entries cumulative : 1: 1800, 2: 48, 3: 0
transitions cumulative       : 1->2: 48
accepted directly from s0    : 0
Gym endings cumulative       : terminated=1784, truncated=16

[Episode 1900/8000 | last 100]
success rate                : 0.0% (cumulative 0.0%)
synthetic task reward       : 0.000
shaping reward              : -65.212
learning reward             : -65.212
episode length              : 127.6
abstract changes / episode  : 12.7
DFA transitions / episode   : 0.07
DFA transitions in window   : 1->2: 7
epsilon (next episode)       : 0.46760
replay buffer                : 243412 samples [1: 99.3%, 2: 0.7%, 3: 0.0%]
DFA state visits in window   : 1: 12738, 2: 120, 3: 0
DFA state visits cumulative  : 1: 243604, 2: 1708, 3: 0
DFA state entries in window  : 1: 100, 2: 7, 3: 0
DFA state entries cumulative : 1: 1900, 2: 55, 3: 0
transitions cumulative       : 1->2: 55
accepted directly from s0    : 0
Gym endings cumulative       : terminated=1883, truncated=17
Best policy updated at episode 1900: mean learning reward=-65.212

[Episode 2000/8000 | last 100]
success rate                : 0.0% (cumulative 0.0%)
synthetic task reward       : 0.000
shaping reward              : -107.093
learning reward             : -107.093
episode length              : 136.7
abstract changes / episode  : 13.3
DFA transitions / episode   : 0.05
DFA transitions in window   : 1->2: 5
epsilon (next episode)       : 0.44926
replay buffer                : 257085 samples [1: 99.3%, 2: 0.7%, 3: 0.0%]
DFA state visits in window   : 1: 13615, 2: 158, 3: 0
DFA state visits cumulative  : 1: 257219, 2: 1866, 3: 0
DFA state entries in window  : 1: 100, 2: 5, 3: 0
DFA state entries cumulative : 1: 2000, 2: 60, 3: 0
transitions cumulative       : 1->2: 60
accepted directly from s0    : 0
Gym endings cumulative       : terminated=1982, truncated=18

[Episode 2100/8000 | last 100]
success rate                : 0.0% (cumulative 0.0%)
synthetic task reward       : 0.000
shaping reward              : -57.412
learning reward             : -57.412
episode length              : 139.8
abstract changes / episode  : 13.0
DFA transitions / episode   : 0.05
DFA transitions in window   : 1->2: 5
epsilon (next episode)       : 0.43164
replay buffer                : 271068 samples [1: 99.3%, 2: 0.7%, 3: 0.0%]
DFA state visits in window   : 1: 13941, 2: 142, 3: 0
DFA state visits cumulative  : 1: 271160, 2: 2008, 3: 0
DFA state entries in window  : 1: 100, 2: 5, 3: 0
DFA state entries cumulative : 1: 2100, 2: 65, 3: 0
transitions cumulative       : 1->2: 65
accepted directly from s0    : 0
Gym endings cumulative       : terminated=2082, truncated=18
Best policy updated at episode 2100: mean learning reward=-57.412

[Episode 2200/8000 | last 100]
success rate                : 0.0% (cumulative 0.0%)
synthetic task reward       : 0.000
shaping reward              : -46.059
learning reward             : -46.059
episode length              : 168.1
abstract changes / episode  : 14.1
DFA transitions / episode   : 0.03
DFA transitions in window   : 1->2: 3
epsilon (next episode)       : 0.41471
replay buffer                : 287875 samples [1: 99.3%, 2: 0.7%, 3: 0.0%]
DFA state visits in window   : 1: 16772, 2: 135, 3: 0
DFA state visits cumulative  : 1: 287932, 2: 2143, 3: 0
DFA state entries in window  : 1: 100, 2: 3, 3: 0
DFA state entries cumulative : 1: 2200, 2: 68, 3: 0
transitions cumulative       : 1->2: 68
accepted directly from s0    : 0
Gym endings cumulative       : terminated=2182, truncated=18
Best policy updated at episode 2200: mean learning reward=-46.059

[Episode 2300/8000 | last 100]
success rate                : 0.0% (cumulative 0.0%)
synthetic task reward       : 0.000
shaping reward              : 60.072
learning reward             : 60.072
episode length              : 171.2
abstract changes / episode  : 13.8
DFA transitions / episode   : 0.18
DFA transitions in window   : 1->2: 18
epsilon (next episode)       : 0.39845
replay buffer                : 300000 samples [1: 99.1%, 2: 0.9%, 3: 0.0%]
DFA state visits in window   : 1: 16565, 2: 654, 3: 0
DFA state visits cumulative  : 1: 304497, 2: 2797, 3: 0
DFA state entries in window  : 1: 100, 2: 18, 3: 0
DFA state entries cumulative : 1: 2300, 2: 86, 3: 0
transitions cumulative       : 1->2: 86
accepted directly from s0    : 0
Gym endings cumulative       : terminated=2282, truncated=18
Best policy updated at episode 2300: mean learning reward=60.072

[Episode 2400/8000 | last 100]
success rate                : 0.0% (cumulative 0.0%)
synthetic task reward       : 0.000
shaping reward              : -10.950
learning reward             : -10.950
episode length              : 177.8
abstract changes / episode  : 15.0
DFA transitions / episode   : 0.14
DFA transitions in window   : 1->2: 14
epsilon (next episode)       : 0.38282
replay buffer                : 300000 samples [1: 98.9%, 2: 1.1%, 3: 0.0%]
DFA state visits in window   : 1: 17146, 2: 736, 3: 0
DFA state visits cumulative  : 1: 321643, 2: 3533, 3: 0
DFA state entries in window  : 1: 100, 2: 14, 3: 0
DFA state entries cumulative : 1: 2400, 2: 100, 3: 0
transitions cumulative       : 1->2: 100
accepted directly from s0    : 0
Gym endings cumulative       : terminated=2382, truncated=18

[Episode 2500/8000 | last 100]
success rate                : 0.0% (cumulative 0.0%)
synthetic task reward       : 0.000
shaping reward              : 46.599
learning reward             : 46.599
episode length              : 181.0
abstract changes / episode  : 15.3
DFA transitions / episode   : 0.21
DFA transitions in window   : 1->2: 21
epsilon (next episode)       : 0.36781
replay buffer                : 300000 samples [1: 98.5%, 2: 1.5%, 3: 0.0%]
DFA state visits in window   : 1: 16995, 2: 1202, 3: 0
DFA state visits cumulative  : 1: 338638, 2: 4735, 3: 0
DFA state entries in window  : 1: 100, 2: 21, 3: 0
DFA state entries cumulative : 1: 2500, 2: 121, 3: 0
transitions cumulative       : 1->2: 121
accepted directly from s0    : 0
Gym endings cumulative       : terminated=2482, truncated=18

[Episode 2600/8000 | last 100]
success rate                : 0.0% (cumulative 0.0%)
synthetic task reward       : 0.000
shaping reward              : 124.643
learning reward             : 124.643
episode length              : 188.8
abstract changes / episode  : 14.8
DFA transitions / episode   : 0.24
DFA transitions in window   : 1->2: 24
epsilon (next episode)       : 0.35338
replay buffer                : 300000 samples [1: 98.2%, 2: 1.8%, 3: 0.0%]
DFA state visits in window   : 1: 17841, 2: 1138, 3: 0
DFA state visits cumulative  : 1: 356479, 2: 5873, 3: 0
DFA state entries in window  : 1: 100, 2: 24, 3: 0
DFA state entries cumulative : 1: 2600, 2: 145, 3: 0
transitions cumulative       : 1->2: 145
accepted directly from s0    : 0
Gym endings cumulative       : terminated=2582, truncated=18
Best policy updated at episode 2600: mean learning reward=124.643

[Episode 2700/8000 | last 100]
success rate                : 1.0% (cumulative 0.0%)
synthetic task reward       : 100.000
shaping reward              : 167.260
learning reward             : 267.260
episode length              : 169.2
abstract changes / episode  : 14.1
DFA transitions / episode   : 0.35
DFA transitions in window   : 1->2: 34, 2->3: 1
epsilon (next episode)       : 0.33952
replay buffer                : 300000 samples [1: 97.5%, 2: 2.5%, 3: 0.0%]
DFA state visits in window   : 1: 14772, 2: 2251, 3: 1
DFA state visits cumulative  : 1: 371251, 2: 8124, 3: 1
DFA state entries in window  : 1: 100, 2: 34, 3: 1
DFA state entries cumulative : 1: 2700, 2: 179, 3: 1
transitions cumulative       : 1->2: 179, 2->3: 1
accepted directly from s0    : 0
Gym endings cumulative       : terminated=2681, truncated=18
Best policy updated at episode 2700: mean learning reward=267.260

[Episode 2800/8000 | last 100]
success rate                : 2.0% (cumulative 0.1%)
synthetic task reward       : 200.000
shaping reward              : 118.292
learning reward             : 318.292
episode length              : 217.6
abstract changes / episode  : 17.3
DFA transitions / episode   : 0.26
DFA transitions in window   : 1->2: 24, 2->3: 2
epsilon (next episode)       : 0.32621
replay buffer                : 300000 samples [1: 96.7%, 2: 3.3%, 3: 0.0%]
DFA state visits in window   : 1: 18775, 2: 3087, 3: 2
DFA state visits cumulative  : 1: 390026, 2: 11211, 3: 3
DFA state entries in window  : 1: 100, 2: 24, 3: 2
DFA state entries cumulative : 1: 2800, 2: 203, 3: 3
transitions cumulative       : 1->2: 203, 2->3: 3
accepted directly from s0    : 0
Gym endings cumulative       : terminated=2779, truncated=18
Best policy updated at episode 2800: mean learning reward=318.292

[Episode 2900/8000 | last 100]
success rate                : 2.0% (cumulative 0.2%)
synthetic task reward       : 200.000
shaping reward              : 32.372
learning reward             : 232.372
episode length              : 183.8
abstract changes / episode  : 17.1
DFA transitions / episode   : 0.22
DFA transitions in window   : 1->2: 20, 2->3: 2
epsilon (next episode)       : 0.31341
replay buffer                : 300000 samples [1: 96.2%, 2: 3.8%, 3: 0.0%]
DFA state visits in window   : 1: 16835, 2: 1642, 3: 2
DFA state visits cumulative  : 1: 406861, 2: 12853, 3: 5
DFA state entries in window  : 1: 100, 2: 20, 3: 2
DFA state entries cumulative : 1: 2900, 2: 223, 3: 5
transitions cumulative       : 1->2: 223, 2->3: 5
accepted directly from s0    : 0
Gym endings cumulative       : terminated=2877, truncated=18

[Episode 3000/8000 | last 100]
success rate                : 2.0% (cumulative 0.2%)
synthetic task reward       : 200.000
shaping reward              : 92.628
learning reward             : 292.628
episode length              : 215.8
abstract changes / episode  : 19.2
DFA transitions / episode   : 0.28
DFA transitions in window   : 1->2: 26, 2->3: 2
epsilon (next episode)       : 0.30112
replay buffer                : 300000 samples [1: 95.5%, 2: 4.5%, 3: 0.0%]
DFA state visits in window   : 1: 19410, 2: 2271, 3: 2
DFA state visits cumulative  : 1: 426271, 2: 15124, 3: 7
DFA state entries in window  : 1: 100, 2: 26, 3: 2
DFA state entries cumulative : 1: 3000, 2: 249, 3: 7
transitions cumulative       : 1->2: 249, 2->3: 7
accepted directly from s0    : 0
Gym endings cumulative       : terminated=2975, truncated=18

[Episode 3100/8000 | last 100]
success rate                : 0.0% (cumulative 0.2%)
synthetic task reward       : 0.000
shaping reward              : 150.510
learning reward             : 150.510
episode length              : 220.8
abstract changes / episode  : 17.1
DFA transitions / episode   : 0.26
DFA transitions in window   : 1->2: 26
epsilon (next episode)       : 0.28931
replay buffer                : 300000 samples [1: 94.8%, 2: 5.2%, 3: 0.0%]
DFA state visits in window   : 1: 20102, 2: 2074, 3: 0
DFA state visits cumulative  : 1: 446373, 2: 17198, 3: 7
DFA state entries in window  : 1: 100, 2: 26, 3: 0
DFA state entries cumulative : 1: 3100, 2: 275, 3: 7
transitions cumulative       : 1->2: 275, 2->3: 7
accepted directly from s0    : 0
Gym endings cumulative       : terminated=3074, truncated=19

[Episode 3200/8000 | last 100]
success rate                : 1.0% (cumulative 0.2%)
synthetic task reward       : 100.000
shaping reward              : 250.814
learning reward             : 350.814
episode length              : 246.3
abstract changes / episode  : 17.5
DFA transitions / episode   : 0.28
DFA transitions in window   : 1->2: 27, 2->3: 1
epsilon (next episode)       : 0.27797
replay buffer                : 300000 samples [1: 93.8%, 2: 6.2%, 3: 0.0%]
DFA state visits in window   : 1: 21846, 2: 2886, 3: 1
DFA state visits cumulative  : 1: 468219, 2: 20084, 3: 8
DFA state entries in window  : 1: 100, 2: 27, 3: 1
DFA state entries cumulative : 1: 3200, 2: 302, 3: 8
transitions cumulative       : 1->2: 302, 2->3: 8
accepted directly from s0    : 0
Gym endings cumulative       : terminated=3170, truncated=22
Best policy updated at episode 3200: mean learning reward=350.814

[Episode 3300/8000 | last 100]
success rate                : 7.0% (cumulative 0.5%)
synthetic task reward       : 700.000
shaping reward              : 333.009
learning reward             : 1033.009
episode length              : 222.1
abstract changes / episode  : 18.0
DFA transitions / episode   : 0.56
DFA transitions in window   : 1->2: 49, 2->3: 7
epsilon (next episode)       : 0.26706
replay buffer                : 300000 samples [1: 92.1%, 2: 7.9%, 3: 0.0%]
DFA state visits in window   : 1: 17056, 2: 5250, 3: 7
DFA state visits cumulative  : 1: 485275, 2: 25334, 3: 15
DFA state entries in window  : 1: 100, 2: 49, 3: 7
DFA state entries cumulative : 1: 3300, 2: 351, 3: 15
transitions cumulative       : 1->2: 351, 2->3: 15
accepted directly from s0    : 0
Gym endings cumulative       : terminated=3263, truncated=22
Best policy updated at episode 3300: mean learning reward=1033.009

[Episode 3400/8000 | last 100]
success rate                : 8.0% (cumulative 0.7%)
synthetic task reward       : 800.000
shaping reward              : 314.116
learning reward             : 1114.116
episode length              : 282.2
abstract changes / episode  : 23.0
DFA transitions / episode   : 0.57
DFA transitions in window   : 1->2: 49, 2->3: 8
epsilon (next episode)       : 0.25659
replay buffer                : 300000 samples [1: 90.3%, 2: 9.7%, 3: 0.0%]
DFA state visits in window   : 1: 22515, 2: 5800, 3: 8
DFA state visits cumulative  : 1: 507790, 2: 31134, 3: 23
DFA state entries in window  : 1: 100, 2: 49, 3: 8
DFA state entries cumulative : 1: 3400, 2: 400, 3: 23
transitions cumulative       : 1->2: 400, 2->3: 23
accepted directly from s0    : 0
Gym endings cumulative       : terminated=3352, truncated=25
Best policy updated at episode 3400: mean learning reward=1114.116

[Episode 3500/8000 | last 100]
success rate                : 21.0% (cumulative 1.3%)
synthetic task reward       : 2100.000
shaping reward              : 508.368
learning reward             : 2608.368
episode length              : 255.2
abstract changes / episode  : 21.2
DFA transitions / episode   : 0.88
DFA transitions in window   : 1->2: 67, 2->3: 21
epsilon (next episode)       : 0.24653
replay buffer                : 300000 samples [1: 87.8%, 2: 12.2%, 3: 0.0%]
DFA state visits in window   : 1: 17812, 2: 7790, 3: 21
DFA state visits cumulative  : 1: 525602, 2: 38924, 3: 44
DFA state entries in window  : 1: 100, 2: 67, 3: 21
DFA state entries cumulative : 1: 3500, 2: 467, 3: 44
transitions cumulative       : 1->2: 467, 2->3: 44
accepted directly from s0    : 0
Gym endings cumulative       : terminated=3431, truncated=25
Best policy updated at episode 3500: mean learning reward=2608.368

[Episode 3600/8000 | last 100]
success rate                : 10.0% (cumulative 1.5%)
synthetic task reward       : 1000.000
shaping reward              : 470.577
learning reward             : 1470.577
episode length              : 282.3
abstract changes / episode  : 25.0
DFA transitions / episode   : 0.89
DFA transitions in window   : 1->2: 79, 2->3: 10
epsilon (next episode)       : 0.23686
replay buffer                : 300000 samples [1: 84.4%, 2: 15.6%, 3: 0.0%]
DFA state visits in window   : 1: 17899, 2: 10423, 3: 10
DFA state visits cumulative  : 1: 543501, 2: 49347, 3: 54
DFA state entries in window  : 1: 100, 2: 79, 3: 10
DFA state entries cumulative : 1: 3600, 2: 546, 3: 54
transitions cumulative       : 1->2: 546, 2->3: 54
accepted directly from s0    : 0
Gym endings cumulative       : terminated=3521, truncated=25

[Episode 3700/8000 | last 100]
success rate                : 12.0% (cumulative 1.8%)
synthetic task reward       : 1200.000
shaping reward              : 385.862
learning reward             : 1585.862
episode length              : 270.8
abstract changes / episode  : 23.5
DFA transitions / episode   : 0.74
DFA transitions in window   : 1->2: 62, 2->3: 12
epsilon (next episode)       : 0.22757
replay buffer                : 300000 samples [1: 82.0%, 2: 18.0%, 3: 0.0%]
DFA state visits in window   : 1: 19003, 2: 8167, 3: 12
DFA state visits cumulative  : 1: 562504, 2: 57514, 3: 66
DFA state entries in window  : 1: 100, 2: 62, 3: 12
DFA state entries cumulative : 1: 3700, 2: 608, 3: 66
transitions cumulative       : 1->2: 608, 2->3: 66
accepted directly from s0    : 0
Gym endings cumulative       : terminated=3609, truncated=25

[Episode 3800/8000 | last 100]
success rate                : 29.0% (cumulative 2.5%)
synthetic task reward       : 2900.000
shaping reward              : 594.406
learning reward             : 3494.406
episode length              : 270.0
abstract changes / episode  : 23.4
DFA transitions / episode   : 1.10
DFA transitions in window   : 1->2: 81, 2->3: 29
epsilon (next episode)       : 0.21865
replay buffer                : 300000 samples [1: 79.3%, 2: 20.7%, 3: 0.0%]
DFA state visits in window   : 1: 17163, 2: 9904, 3: 29
DFA state visits cumulative  : 1: 579667, 2: 67418, 3: 95
DFA state entries in window  : 1: 100, 2: 81, 3: 29
DFA state entries cumulative : 1: 3800, 2: 689, 3: 95
transitions cumulative       : 1->2: 689, 2->3: 95
accepted directly from s0    : 0
Gym endings cumulative       : terminated=3680, truncated=25
Best policy updated at episode 3800: mean learning reward=3494.406

[Episode 3900/8000 | last 100]
success rate                : 26.0% (cumulative 3.1%)
synthetic task reward       : 2600.000
shaping reward              : 568.013
learning reward             : 3168.013
episode length              : 243.2
abstract changes / episode  : 21.7
DFA transitions / episode   : 1.04
DFA transitions in window   : 1->2: 78, 2->3: 26
epsilon (next episode)       : 0.21007
replay buffer                : 300000 samples [1: 77.1%, 2: 22.9%, 3: 0.0%]
DFA state visits in window   : 1: 15578, 2: 8811, 3: 26
DFA state visits cumulative  : 1: 595245, 2: 76229, 3: 121
DFA state entries in window  : 1: 100, 2: 78, 3: 26
DFA state entries cumulative : 1: 3900, 2: 767, 3: 121
transitions cumulative       : 1->2: 767, 2->3: 121
accepted directly from s0    : 0
Gym endings cumulative       : terminated=3754, truncated=25

[Episode 4000/8000 | last 100]
success rate                : 32.0% (cumulative 3.8%)
synthetic task reward       : 3200.000
shaping reward              : 601.690
learning reward             : 3801.690
episode length              : 267.1
abstract changes / episode  : 23.0
DFA transitions / episode   : 1.12
DFA transitions in window   : 1->2: 80, 2->3: 32
epsilon (next episode)       : 0.20183
replay buffer                : 300000 samples [1: 75.1%, 2: 24.9%, 3: 0.0%]
DFA state visits in window   : 1: 17373, 2: 9401, 3: 32
DFA state visits cumulative  : 1: 612618, 2: 85630, 3: 153
DFA state entries in window  : 1: 100, 2: 80, 3: 32
DFA state entries cumulative : 1: 4000, 2: 847, 3: 153
transitions cumulative       : 1->2: 847, 2->3: 153
accepted directly from s0    : 0
Gym endings cumulative       : terminated=3822, truncated=25
Best policy updated at episode 4000: mean learning reward=3801.690

[Episode 4100/8000 | last 100]
success rate                : 53.0% (cumulative 5.0%)
synthetic task reward       : 5300.000
shaping reward              : 696.987
learning reward             : 5996.987
episode length              : 259.9
abstract changes / episode  : 22.2
DFA transitions / episode   : 1.35
DFA transitions in window   : 1->2: 82, 2->3: 53
epsilon (next episode)       : 0.19392
replay buffer                : 300000 samples [1: 73.1%, 2: 26.9%, 3: 0.0%]
DFA state visits in window   : 1: 17258, 2: 8775, 3: 53
DFA state visits cumulative  : 1: 629876, 2: 94405, 3: 206
DFA state entries in window  : 1: 100, 2: 82, 3: 53
DFA state entries cumulative : 1: 4100, 2: 929, 3: 206
transitions cumulative       : 1->2: 929, 2->3: 206
accepted directly from s0    : 0
Gym endings cumulative       : terminated=3869, truncated=25
Best policy updated at episode 4100: mean learning reward=5996.987

[Episode 4200/8000 | last 100]
success rate                : 50.0% (cumulative 6.1%)
synthetic task reward       : 5000.000
shaping reward              : 688.010
learning reward             : 5688.010
episode length              : 262.2
abstract changes / episode  : 21.6
DFA transitions / episode   : 1.33
DFA transitions in window   : 1->2: 83, 2->3: 50
epsilon (next episode)       : 0.18631
replay buffer                : 300000 samples [1: 71.0%, 2: 29.0%, 3: 0.0%]
DFA state visits in window   : 1: 17485, 2: 8787, 3: 50
DFA state visits cumulative  : 1: 647361, 2: 103192, 3: 256
DFA state entries in window  : 1: 100, 2: 83, 3: 50
DFA state entries cumulative : 1: 4200, 2: 1012, 3: 256
transitions cumulative       : 1->2: 1012, 2->3: 256
accepted directly from s0    : 0
Gym endings cumulative       : terminated=3919, truncated=25

[Episode 4300/8000 | last 100]
success rate                : 45.0% (cumulative 7.0%)
synthetic task reward       : 4500.000
shaping reward              : 382.599
learning reward             : 4882.599
episode length              : 235.3
abstract changes / episode  : 18.3
DFA transitions / episode   : 1.00
DFA transitions in window   : 1->2: 55, 2->3: 45
epsilon (next episode)       : 0.17900
replay buffer                : 300000 samples [1: 69.8%, 2: 30.2%, 3: 0.0%]
DFA state visits in window   : 1: 17631, 2: 5954, 3: 45
DFA state visits cumulative  : 1: 664992, 2: 109146, 3: 301
DFA state entries in window  : 1: 100, 2: 55, 3: 45
DFA state entries cumulative : 1: 4300, 2: 1067, 3: 301
transitions cumulative       : 1->2: 1067, 2->3: 301
accepted directly from s0    : 0
Gym endings cumulative       : terminated=3974, truncated=25

[Episode 4400/8000 | last 100]
success rate                : 46.0% (cumulative 7.9%)
synthetic task reward       : 4600.000
shaping reward              : 482.182
learning reward             : 5082.182
episode length              : 233.2
abstract changes / episode  : 20.3
DFA transitions / episode   : 1.10
DFA transitions in window   : 1->2: 64, 2->3: 46
epsilon (next episode)       : 0.17198
replay buffer                : 300000 samples [1: 68.8%, 2: 31.2%, 3: 0.0%]
DFA state visits in window   : 1: 16589, 2: 6780, 3: 46
DFA state visits cumulative  : 1: 681581, 2: 115926, 3: 347
DFA state entries in window  : 1: 100, 2: 64, 3: 46
DFA state entries cumulative : 1: 4400, 2: 1131, 3: 347
transitions cumulative       : 1->2: 1131, 2->3: 347
accepted directly from s0    : 0
Gym endings cumulative       : terminated=4028, truncated=25

[Episode 4500/8000 | last 100]
success rate                : 62.0% (cumulative 9.1%)
synthetic task reward       : 6200.000
shaping reward              : 752.681
learning reward             : 6952.681
episode length              : 285.8
abstract changes / episode  : 23.4
DFA transitions / episode   : 1.43
DFA transitions in window   : 1->2: 81, 2->3: 62
epsilon (next episode)       : 0.16524
replay buffer                : 300000 samples [1: 68.2%, 2: 31.8%, 3: 0.0%]
DFA state visits in window   : 1: 20453, 2: 8160, 3: 62
DFA state visits cumulative  : 1: 702034, 2: 124086, 3: 409
DFA state entries in window  : 1: 100, 2: 81, 3: 62
DFA state entries cumulative : 1: 4500, 2: 1212, 3: 409
transitions cumulative       : 1->2: 1212, 2->3: 409
accepted directly from s0    : 0
Gym endings cumulative       : terminated=4066, truncated=25
Best policy updated at episode 4500: mean learning reward=6952.681

[Episode 4600/8000 | last 100]
success rate                : 78.0% (cumulative 10.6%)
synthetic task reward       : 7800.000
shaping reward              : 876.779
learning reward             : 8676.779
episode length              : 265.2
abstract changes / episode  : 23.5
DFA transitions / episode   : 1.66
DFA transitions in window   : 1->2: 88, 2->3: 78
epsilon (next episode)       : 0.15876
replay buffer                : 300000 samples [1: 67.3%, 2: 32.7%, 3: 0.0%]
DFA state visits in window   : 1: 17466, 2: 9077, 3: 78
DFA state visits cumulative  : 1: 719500, 2: 133163, 3: 487
DFA state entries in window  : 1: 100, 2: 88, 3: 78
DFA state entries cumulative : 1: 4600, 2: 1300, 3: 487
transitions cumulative       : 1->2: 1300, 2->3: 487
accepted directly from s0    : 0
Gym endings cumulative       : terminated=4088, truncated=25
Best policy updated at episode 4600: mean learning reward=8676.779

[Episode 4700/8000 | last 100]
success rate                : 76.0% (cumulative 12.0%)
synthetic task reward       : 7600.000
shaping reward              : 894.281
learning reward             : 8494.281
episode length              : 264.9
abstract changes / episode  : 23.2
DFA transitions / episode   : 1.69
DFA transitions in window   : 1->2: 93, 2->3: 76
epsilon (next episode)       : 0.15253
replay buffer                : 300000 samples [1: 67.5%, 2: 32.5%, 3: 0.0%]
DFA state visits in window   : 1: 17127, 2: 9390, 3: 76
DFA state visits cumulative  : 1: 736627, 2: 142553, 3: 563
DFA state entries in window  : 1: 100, 2: 93, 3: 76
DFA state entries cumulative : 1: 4700, 2: 1393, 3: 563
transitions cumulative       : 1->2: 1393, 2->3: 563
accepted directly from s0    : 0
Gym endings cumulative       : terminated=4112, truncated=25

[Episode 4800/8000 | last 100]
success rate                : 77.0% (cumulative 13.3%)
synthetic task reward       : 7700.000
shaping reward              : 902.853
learning reward             : 8602.853
episode length              : 276.1
abstract changes / episode  : 22.0
DFA transitions / episode   : 1.68
DFA transitions in window   : 1->2: 91, 2->3: 77
epsilon (next episode)       : 0.14655
replay buffer                : 300000 samples [1: 67.3%, 2: 32.7%, 3: 0.0%]
DFA state visits in window   : 1: 18824, 2: 8804, 3: 77
DFA state visits cumulative  : 1: 755451, 2: 151357, 3: 640
DFA state entries in window  : 1: 100, 2: 91, 3: 77
DFA state entries cumulative : 1: 4800, 2: 1484, 3: 640
transitions cumulative       : 1->2: 1484, 2->3: 640
accepted directly from s0    : 0
Gym endings cumulative       : terminated=4133, truncated=27

[Episode 4900/8000 | last 100]
success rate                : 78.0% (cumulative 14.7%)
synthetic task reward       : 7800.000
shaping reward              : 954.090
learning reward             : 8754.090
episode length              : 257.6
abstract changes / episode  : 21.4
DFA transitions / episode   : 1.75
DFA transitions in window   : 1->2: 97, 2->3: 78
epsilon (next episode)       : 0.14080
replay buffer                : 300000 samples [1: 67.2%, 2: 32.8%, 3: 0.0%]
DFA state visits in window   : 1: 16132, 2: 9646, 3: 78
DFA state visits cumulative  : 1: 771583, 2: 161003, 3: 718
DFA state entries in window  : 1: 100, 2: 97, 3: 78
DFA state entries cumulative : 1: 4900, 2: 1581, 3: 718
transitions cumulative       : 1->2: 1581, 2->3: 718
accepted directly from s0    : 0
Gym endings cumulative       : terminated=4155, truncated=27
Best policy updated at episode 4900: mean learning reward=8754.090

[Episode 5000/8000 | last 100]
success rate                : 83.0% (cumulative 16.0%)
synthetic task reward       : 8300.000
shaping reward              : 977.234
learning reward             : 9277.234
episode length              : 251.7
abstract changes / episode  : 21.7
DFA transitions / episode   : 1.79
DFA transitions in window   : 1->2: 96, 2->3: 83
epsilon (next episode)       : 0.13528
replay buffer                : 300000 samples [1: 67.1%, 2: 32.9%, 3: 0.0%]
DFA state visits in window   : 1: 15913, 2: 9270, 3: 83
DFA state visits cumulative  : 1: 787496, 2: 170273, 3: 801
DFA state entries in window  : 1: 100, 2: 96, 3: 83
DFA state entries cumulative : 1: 5000, 2: 1677, 3: 801
transitions cumulative       : 1->2: 1677, 2->3: 801
accepted directly from s0    : 0
Gym endings cumulative       : terminated=4172, truncated=27
Best policy updated at episode 5000: mean learning reward=9277.234

[Episode 5100/8000 | last 100]
success rate                : 76.0% (cumulative 17.2%)
synthetic task reward       : 7600.000
shaping reward              : 930.124
learning reward             : 8530.124
episode length              : 250.6
abstract changes / episode  : 19.6
DFA transitions / episode   : 1.67
DFA transitions in window   : 1->2: 91, 2->3: 76
epsilon (next episode)       : 0.12998
replay buffer                : 300000 samples [1: 67.0%, 2: 33.0%, 3: 0.0%]
DFA state visits in window   : 1: 16242, 2: 8842, 3: 76
DFA state visits cumulative  : 1: 803738, 2: 179115, 3: 877
DFA state entries in window  : 1: 100, 2: 91, 3: 76
DFA state entries cumulative : 1: 5100, 2: 1768, 3: 877
transitions cumulative       : 1->2: 1768, 2->3: 877
accepted directly from s0    : 0
Gym endings cumulative       : terminated=4196, truncated=27

[Episode 5200/8000 | last 100]
success rate                : 77.0% (cumulative 18.3%)
synthetic task reward       : 7700.000
shaping reward              : 829.483
learning reward             : 8529.483
episode length              : 234.0
abstract changes / episode  : 18.9
DFA transitions / episode   : 1.56
DFA transitions in window   : 1->2: 79, 2->3: 77
epsilon (next episode)       : 0.12488
replay buffer                : 300000 samples [1: 67.2%, 2: 32.8%, 3: 0.0%]
DFA state visits in window   : 1: 16130, 2: 7291, 3: 77
DFA state visits cumulative  : 1: 819868, 2: 186406, 3: 954
DFA state entries in window  : 1: 100, 2: 79, 3: 77
DFA state entries cumulative : 1: 5200, 2: 1847, 3: 954
transitions cumulative       : 1->2: 1847, 2->3: 954
accepted directly from s0    : 0
Gym endings cumulative       : terminated=4219, truncated=27

[Episode 5300/8000 | last 100]
success rate                : 73.0% (cumulative 19.4%)
synthetic task reward       : 7300.000
shaping reward              : 776.139
learning reward             : 8076.139
episode length              : 221.1
abstract changes / episode  : 18.7
DFA transitions / episode   : 1.51
DFA transitions in window   : 1->2: 78, 2->3: 73
epsilon (next episode)       : 0.11998
replay buffer                : 300000 samples [1: 67.3%, 2: 32.7%, 3: 0.0%]
DFA state visits in window   : 1: 14624, 2: 7509, 3: 73
DFA state visits cumulative  : 1: 834492, 2: 193915, 3: 1027
DFA state entries in window  : 1: 100, 2: 78, 3: 73
DFA state entries cumulative : 1: 5300, 2: 1925, 3: 1027
transitions cumulative       : 1->2: 1925, 2->3: 1027
accepted directly from s0    : 0
Gym endings cumulative       : terminated=4245, truncated=28

[Episode 5400/8000 | last 100]
success rate                : 70.0% (cumulative 20.3%)
synthetic task reward       : 7000.000
shaping reward              : 761.641
learning reward             : 7761.641
episode length              : 231.1
abstract changes / episode  : 19.5
DFA transitions / episode   : 1.48
DFA transitions in window   : 1->2: 78, 2->3: 70
epsilon (next episode)       : 0.11528
replay buffer                : 300000 samples [1: 67.4%, 2: 32.6%, 3: 0.0%]
DFA state visits in window   : 1: 15612, 2: 7525, 3: 70
DFA state visits cumulative  : 1: 850104, 2: 201440, 3: 1097
DFA state entries in window  : 1: 100, 2: 78, 3: 70
DFA state entries cumulative : 1: 5400, 2: 2003, 3: 1097
transitions cumulative       : 1->2: 2003, 2->3: 1097
accepted directly from s0    : 0
Gym endings cumulative       : terminated=4274, truncated=29

[Episode 5500/8000 | last 100]
success rate                : 87.0% (cumulative 21.5%)
synthetic task reward       : 8700.000
shaping reward              : 964.137
learning reward             : 9664.137
episode length              : 273.2
abstract changes / episode  : 21.9
DFA transitions / episode   : 1.79
DFA transitions in window   : 1->2: 92, 2->3: 87
epsilon (next episode)       : 0.11075
replay buffer                : 300000 samples [1: 66.8%, 2: 33.2%, 3: 0.0%]
DFA state visits in window   : 1: 18610, 2: 8728, 3: 87
DFA state visits cumulative  : 1: 868714, 2: 210168, 3: 1184
DFA state entries in window  : 1: 100, 2: 92, 3: 87
DFA state entries cumulative : 1: 5500, 2: 2095, 3: 1184
transitions cumulative       : 1->2: 2095, 2->3: 1184
accepted directly from s0    : 0
Gym endings cumulative       : terminated=4287, truncated=29
Best policy updated at episode 5500: mean learning reward=9664.137

[Episode 5600/8000 | last 100]
success rate                : 88.0% (cumulative 22.7%)
synthetic task reward       : 8800.000
shaping reward              : 975.141
learning reward             : 9775.141
episode length              : 244.1
abstract changes / episode  : 19.3
DFA transitions / episode   : 1.80
DFA transitions in window   : 1->2: 92, 2->3: 88
epsilon (next episode)       : 0.10641
replay buffer                : 300000 samples [1: 66.1%, 2: 33.9%, 3: 0.0%]
DFA state visits in window   : 1: 15203, 2: 9223, 3: 88
DFA state visits cumulative  : 1: 883917, 2: 219391, 3: 1272
DFA state entries in window  : 1: 100, 2: 92, 3: 88
DFA state entries cumulative : 1: 5600, 2: 2187, 3: 1272
transitions cumulative       : 1->2: 2187, 2->3: 1272
accepted directly from s0    : 0
Gym endings cumulative       : terminated=4298, truncated=30
Best policy updated at episode 5600: mean learning reward=9775.141

[Episode 5700/8000 | last 100]
success rate                : 78.0% (cumulative 23.7%)
synthetic task reward       : 7800.000
shaping reward              : 898.279
learning reward             : 8698.279
episode length              : 233.9
abstract changes / episode  : 18.5
DFA transitions / episode   : 1.66
DFA transitions in window   : 1->2: 88, 2->3: 78
epsilon (next episode)       : 0.10224
replay buffer                : 300000 samples [1: 65.3%, 2: 34.7%, 3: 0.0%]
DFA state visits in window   : 1: 14570, 2: 8845, 3: 78
DFA state visits cumulative  : 1: 898487, 2: 228236, 3: 1350
DFA state entries in window  : 1: 100, 2: 88, 3: 78
DFA state entries cumulative : 1: 5700, 2: 2275, 3: 1350
transitions cumulative       : 1->2: 2275, 2->3: 1350
accepted directly from s0    : 0
Gym endings cumulative       : terminated=4320, truncated=30

[Episode 5800/8000 | last 100]
success rate                : 67.0% (cumulative 24.4%)
synthetic task reward       : 6700.000
shaping reward              : 835.174
learning reward             : 7535.174
episode length              : 254.5
abstract changes / episode  : 19.3
DFA transitions / episode   : 1.52
DFA transitions in window   : 1->2: 85, 2->3: 67
epsilon (next episode)       : 0.09823
replay buffer                : 300000 samples [1: 65.4%, 2: 34.6%, 3: 0.0%]
DFA state visits in window   : 1: 16947, 2: 8537, 3: 67
DFA state visits cumulative  : 1: 915434, 2: 236773, 3: 1417
DFA state entries in window  : 1: 100, 2: 85, 3: 67
DFA state entries cumulative : 1: 5800, 2: 2360, 3: 1417
transitions cumulative       : 1->2: 2360, 2->3: 1417
accepted directly from s0    : 0
Gym endings cumulative       : terminated=4353, truncated=30

[Episode 5900/8000 | last 100]
success rate                : 45.0% (cumulative 24.8%)
synthetic task reward       : 4500.000
shaping reward              : 616.430
learning reward             : 5116.430
episode length              : 264.6
abstract changes / episode  : 21.4
DFA transitions / episode   : 1.14
DFA transitions in window   : 1->2: 69, 2->3: 45
epsilon (next episode)       : 0.09438
replay buffer                : 300000 samples [1: 66.4%, 2: 33.6%, 3: 0.0%]
DFA state visits in window   : 1: 20058, 2: 6453, 3: 45
DFA state visits cumulative  : 1: 935492, 2: 243226, 3: 1462
DFA state entries in window  : 1: 100, 2: 69, 3: 45
DFA state entries cumulative : 1: 5900, 2: 2429, 3: 1462
transitions cumulative       : 1->2: 2429, 2->3: 1462
accepted directly from s0    : 0
Gym endings cumulative       : terminated=4408, truncated=30

[Episode 6000/8000 | last 100]
success rate                : 71.0% (cumulative 25.6%)
synthetic task reward       : 7100.000
shaping reward              : 801.289
learning reward             : 7901.289
episode length              : 262.2
abstract changes / episode  : 21.0
DFA transitions / episode   : 1.51
DFA transitions in window   : 1->2: 80, 2->3: 71
epsilon (next episode)       : 0.09067
replay buffer                : 300000 samples [1: 66.6%, 2: 33.4%, 3: 0.0%]
DFA state visits in window   : 1: 18794, 2: 7460, 3: 71
DFA state visits cumulative  : 1: 954286, 2: 250686, 3: 1533
DFA state entries in window  : 1: 100, 2: 80, 3: 71
DFA state entries cumulative : 1: 6000, 2: 2509, 3: 1533
transitions cumulative       : 1->2: 2509, 2->3: 1533
accepted directly from s0    : 0
Gym endings cumulative       : terminated=4437, truncated=30

[Episode 6100/8000 | last 100]
success rate                : 80.0% (cumulative 26.4%)
synthetic task reward       : 8000.000
shaping reward              : 938.594
learning reward             : 8938.594
episode length              : 305.5
abstract changes / episode  : 21.8
DFA transitions / episode   : 1.74
DFA transitions in window   : 1->2: 94, 2->3: 80
epsilon (next episode)       : 0.08712
replay buffer                : 300000 samples [1: 67.6%, 2: 32.4%, 3: 0.0%]
DFA state visits in window   : 1: 21969, 2: 8600, 3: 80
DFA state visits cumulative  : 1: 976255, 2: 259286, 3: 1613
DFA state entries in window  : 1: 100, 2: 94, 3: 80
DFA state entries cumulative : 1: 6100, 2: 2603, 3: 1613
transitions cumulative       : 1->2: 2603, 2->3: 1613
accepted directly from s0    : 0
Gym endings cumulative       : terminated=4454, truncated=33

[Episode 6200/8000 | last 100]
success rate                : 66.0% (cumulative 27.1%)
synthetic task reward       : 6600.000
shaping reward              : 813.296
learning reward             : 7413.296
episode length              : 249.2
abstract changes / episode  : 20.7
DFA transitions / episode   : 1.55
DFA transitions in window   : 1->2: 89, 2->3: 66
epsilon (next episode)       : 0.08370
replay buffer                : 300000 samples [1: 67.5%, 2: 32.5%, 3: 0.0%]
DFA state visits in window   : 1: 15586, 2: 9363, 3: 66
DFA state visits cumulative  : 1: 991841, 2: 268649, 3: 1679
DFA state entries in window  : 1: 100, 2: 89, 3: 66
DFA state entries cumulative : 1: 6200, 2: 2692, 3: 1679
transitions cumulative       : 1->2: 2692, 2->3: 1679
accepted directly from s0    : 0
Gym endings cumulative       : terminated=4488, truncated=33

[Episode 6300/8000 | last 100]
success rate                : 74.0% (cumulative 27.8%)
synthetic task reward       : 7400.000
shaping reward              : 893.429
learning reward             : 8293.429
episode length              : 223.3
abstract changes / episode  : 19.4
DFA transitions / episode   : 1.64
DFA transitions in window   : 1->2: 90, 2->3: 74
epsilon (next episode)       : 0.08042
replay buffer                : 300000 samples [1: 67.2%, 2: 32.8%, 3: 0.0%]
DFA state visits in window   : 1: 13456, 2: 8898, 3: 74
DFA state visits cumulative  : 1: 1005297, 2: 277547, 3: 1753
DFA state entries in window  : 1: 100, 2: 90, 3: 74
DFA state entries cumulative : 1: 6300, 2: 2782, 3: 1753
transitions cumulative       : 1->2: 2782, 2->3: 1753
accepted directly from s0    : 0
Gym endings cumulative       : terminated=4514, truncated=33

[Episode 6400/8000 | last 100]
success rate                : 76.0% (cumulative 28.6%)
synthetic task reward       : 7600.000
shaping reward              : 917.225
learning reward             : 8517.225
episode length              : 220.1
abstract changes / episode  : 20.1
DFA transitions / episode   : 1.71
DFA transitions in window   : 1->2: 95, 2->3: 76
epsilon (next episode)       : 0.07727
replay buffer                : 300000 samples [1: 66.5%, 2: 33.5%, 3: 0.0%]
DFA state visits in window   : 1: 13132, 2: 8898, 3: 76
DFA state visits cumulative  : 1: 1018429, 2: 286445, 3: 1829
DFA state entries in window  : 1: 100, 2: 95, 3: 76
DFA state entries cumulative : 1: 6400, 2: 2877, 3: 1829
transitions cumulative       : 1->2: 2877, 2->3: 1829
accepted directly from s0    : 0
Gym endings cumulative       : terminated=4538, truncated=33

[Episode 6500/8000 | last 100]
success rate                : 77.0% (cumulative 29.3%)
synthetic task reward       : 7700.000
shaping reward              : 985.087
learning reward             : 8685.087
episode length              : 217.0
abstract changes / episode  : 19.6
DFA transitions / episode   : 1.76
DFA transitions in window   : 1->2: 99, 2->3: 77
epsilon (next episode)       : 0.07423
replay buffer                : 300000 samples [1: 65.9%, 2: 34.1%, 3: 0.0%]
DFA state visits in window   : 1: 12574, 2: 9150, 3: 77
DFA state visits cumulative  : 1: 1031003, 2: 295595, 3: 1906
DFA state entries in window  : 1: 100, 2: 99, 3: 77
DFA state entries cumulative : 1: 6500, 2: 2976, 3: 1906
transitions cumulative       : 1->2: 2976, 2->3: 1906
accepted directly from s0    : 0
Gym endings cumulative       : terminated=4561, truncated=33

[Episode 6600/8000 | last 100]
success rate                : 74.0% (cumulative 30.0%)
synthetic task reward       : 7400.000
shaping reward              : 890.971
learning reward             : 8290.971
episode length              : 235.7
abstract changes / episode  : 20.5
DFA transitions / episode   : 1.65
DFA transitions in window   : 1->2: 91, 2->3: 74
epsilon (next episode)       : 0.07132
replay buffer                : 300000 samples [1: 65.8%, 2: 34.2%, 3: 0.0%]
DFA state visits in window   : 1: 15451, 2: 8143, 3: 74
DFA state visits cumulative  : 1: 1046454, 2: 303738, 3: 1980
DFA state entries in window  : 1: 100, 2: 91, 3: 74
DFA state entries cumulative : 1: 6600, 2: 3067, 3: 1980
transitions cumulative       : 1->2: 3067, 2->3: 1980
accepted directly from s0    : 0
Gym endings cumulative       : terminated=4587, truncated=33

[Episode 6700/8000 | last 100]
success rate                : 71.0% (cumulative 30.6%)
synthetic task reward       : 7100.000
shaping reward              : 828.802
learning reward             : 7928.802
episode length              : 272.5
abstract changes / episode  : 23.6
DFA transitions / episode   : 1.55
DFA transitions in window   : 1->2: 84, 2->3: 71
epsilon (next episode)       : 0.06853
replay buffer                : 300000 samples [1: 66.0%, 2: 34.0%, 3: 0.0%]
DFA state visits in window   : 1: 19240, 2: 8037, 3: 71
DFA state visits cumulative  : 1: 1065694, 2: 311775, 3: 2051
DFA state entries in window  : 1: 100, 2: 84, 3: 71
DFA state entries cumulative : 1: 6700, 2: 3151, 3: 2051
transitions cumulative       : 1->2: 3151, 2->3: 2051
accepted directly from s0    : 0
Gym endings cumulative       : terminated=4615, truncated=34

[Episode 6800/8000 | last 100]
success rate                : 77.0% (cumulative 31.3%)
synthetic task reward       : 7700.000
shaping reward              : 917.321
learning reward             : 8617.321
episode length              : 240.6
abstract changes / episode  : 19.9
DFA transitions / episode   : 1.69
DFA transitions in window   : 1->2: 92, 2->3: 77
epsilon (next episode)       : 0.06584
replay buffer                : 300000 samples [1: 66.1%, 2: 33.9%, 3: 0.0%]
DFA state visits in window   : 1: 15598, 2: 8484, 3: 77
DFA state visits cumulative  : 1: 1081292, 2: 320259, 3: 2128
DFA state entries in window  : 1: 100, 2: 92, 3: 77
DFA state entries cumulative : 1: 6800, 2: 3243, 3: 2128
transitions cumulative       : 1->2: 3243, 2->3: 2128
accepted directly from s0    : 0
Gym endings cumulative       : terminated=4638, truncated=34

[Episode 6900/8000 | last 100]
success rate                : 77.0% (cumulative 32.0%)
synthetic task reward       : 7700.000
shaping reward              : 849.926
learning reward             : 8549.926
episode length              : 234.6
abstract changes / episode  : 17.7
DFA transitions / episode   : 1.64
DFA transitions in window   : 1->2: 87, 2->3: 77
epsilon (next episode)       : 0.06326
replay buffer                : 300000 samples [1: 66.7%, 2: 33.3%, 3: 0.0%]
DFA state visits in window   : 1: 15888, 2: 7591, 3: 77
DFA state visits cumulative  : 1: 1097180, 2: 327850, 3: 2205
DFA state entries in window  : 1: 100, 2: 87, 3: 77
DFA state entries cumulative : 1: 6900, 2: 3330, 3: 2205
transitions cumulative       : 1->2: 3330, 2->3: 2205
accepted directly from s0    : 0
Gym endings cumulative       : terminated=4661, truncated=34

[Episode 7000/8000 | last 100]
success rate                : 86.0% (cumulative 32.7%)
synthetic task reward       : 8600.000
shaping reward              : 989.375
learning reward             : 9589.375
episode length              : 246.5
abstract changes / episode  : 19.6
DFA transitions / episode   : 1.82
DFA transitions in window   : 1->2: 96, 2->3: 86
epsilon (next episode)       : 0.06078
replay buffer                : 300000 samples [1: 66.5%, 2: 33.5%, 3: 0.0%]
DFA state visits in window   : 1: 16056, 2: 8608, 3: 86
DFA state visits cumulative  : 1: 1113236, 2: 336458, 3: 2291
DFA state entries in window  : 1: 100, 2: 96, 3: 86
DFA state entries cumulative : 1: 7000, 2: 3426, 3: 2291
transitions cumulative       : 1->2: 3426, 2->3: 2291
accepted directly from s0    : 0
Gym endings cumulative       : terminated=4675, truncated=34

[Episode 7100/8000 | last 100]
success rate                : 86.0% (cumulative 33.5%)
synthetic task reward       : 8600.000
shaping reward              : 1007.136
learning reward             : 9607.136
episode length              : 272.6
abstract changes / episode  : 21.0
DFA transitions / episode   : 1.84
DFA transitions in window   : 1->2: 98, 2->3: 86
epsilon (next episode)       : 0.05839
replay buffer                : 300000 samples [1: 65.8%, 2: 34.2%, 3: 0.0%]
DFA state visits in window   : 1: 18099, 2: 9177, 3: 86
DFA state visits cumulative  : 1: 1131335, 2: 345635, 3: 2377
DFA state entries in window  : 1: 100, 2: 98, 3: 86
DFA state entries cumulative : 1: 7100, 2: 3524, 3: 2377
transitions cumulative       : 1->2: 3524, 2->3: 2377
accepted directly from s0    : 0
Gym endings cumulative       : terminated=4689, truncated=34

[Episode 7200/8000 | last 100]
success rate                : 78.0% (cumulative 34.1%)
synthetic task reward       : 7800.000
shaping reward              : 897.940
learning reward             : 8697.940
episode length              : 206.8
abstract changes / episode  : 17.8
DFA transitions / episode   : 1.69
DFA transitions in window   : 1->2: 91, 2->3: 78
epsilon (next episode)       : 0.05610
replay buffer                : 300000 samples [1: 64.6%, 2: 35.4%, 3: 0.0%]
DFA state visits in window   : 1: 12328, 2: 8373, 3: 78
DFA state visits cumulative  : 1: 1143663, 2: 354008, 3: 2455
DFA state entries in window  : 1: 100, 2: 91, 3: 78
DFA state entries cumulative : 1: 7200, 2: 3615, 3: 2455
transitions cumulative       : 1->2: 3615, 2->3: 2455
accepted directly from s0    : 0
Gym endings cumulative       : terminated=4711, truncated=34

[Episode 7300/8000 | last 100]
success rate                : 85.0% (cumulative 34.8%)
synthetic task reward       : 8500.000
shaping reward              : 987.626
learning reward             : 9487.626
episode length              : 236.4
abstract changes / episode  : 19.6
DFA transitions / episode   : 1.81
DFA transitions in window   : 1->2: 96, 2->3: 85
epsilon (next episode)       : 0.05390
replay buffer                : 300000 samples [1: 64.5%, 2: 35.5%, 3: 0.0%]
DFA state visits in window   : 1: 15274, 2: 8386, 3: 85
DFA state visits cumulative  : 1: 1158937, 2: 362394, 3: 2540
DFA state entries in window  : 1: 100, 2: 96, 3: 85
DFA state entries cumulative : 1: 7300, 2: 3711, 3: 2540
transitions cumulative       : 1->2: 3711, 2->3: 2540
accepted directly from s0    : 0
Gym endings cumulative       : terminated=4726, truncated=34

[Episode 7400/8000 | last 100]
success rate                : 78.0% (cumulative 35.4%)
synthetic task reward       : 7800.000
shaping reward              : 914.632
learning reward             : 8714.632
episode length              : 251.9
abstract changes / episode  : 21.5
DFA transitions / episode   : 1.67
DFA transitions in window   : 1->2: 89, 2->3: 78
epsilon (next episode)       : 0.05179
replay buffer                : 300000 samples [1: 64.1%, 2: 35.9%, 3: 0.0%]
DFA state visits in window   : 1: 17236, 2: 7973, 3: 78
DFA state visits cumulative  : 1: 1176173, 2: 370367, 3: 2618
DFA state entries in window  : 1: 100, 2: 89, 3: 78
DFA state entries cumulative : 1: 7400, 2: 3800, 3: 2618
transitions cumulative       : 1->2: 3800, 2->3: 2618
accepted directly from s0    : 0
Gym endings cumulative       : terminated=4747, truncated=35

[Episode 7500/8000 | last 100]
success rate                : 55.0% (cumulative 35.6%)
synthetic task reward       : 5500.000
shaping reward              : 893.210
learning reward             : 6393.210
episode length              : 234.6
abstract changes / episode  : 22.1
DFA transitions / episode   : 1.50
DFA transitions in window   : 1->2: 95, 2->3: 55
epsilon (next episode)       : 0.04976
replay buffer                : 300000 samples [1: 64.4%, 2: 35.6%, 3: 0.0%]
DFA state visits in window   : 1: 14541, 2: 8965, 3: 55
DFA state visits cumulative  : 1: 1190714, 2: 379332, 3: 2673
DFA state entries in window  : 1: 100, 2: 95, 3: 55
DFA state entries cumulative : 1: 7500, 2: 3895, 3: 2673
transitions cumulative       : 1->2: 3895, 2->3: 2673
accepted directly from s0    : 0
Gym endings cumulative       : terminated=4792, truncated=35

[Episode 7600/8000 | last 100]
success rate                : 70.0% (cumulative 36.1%)
synthetic task reward       : 7000.000
shaping reward              : 895.617
learning reward             : 7895.617
episode length              : 261.4
abstract changes / episode  : 22.2
DFA transitions / episode   : 1.62
DFA transitions in window   : 1->2: 92, 2->3: 70
epsilon (next episode)       : 0.04781
replay buffer                : 300000 samples [1: 64.8%, 2: 35.2%, 3: 0.0%]
DFA state visits in window   : 1: 17038, 2: 9134, 3: 70
DFA state visits cumulative  : 1: 1207752, 2: 388466, 3: 2743
DFA state entries in window  : 1: 100, 2: 92, 3: 70
DFA state entries cumulative : 1: 7600, 2: 3987, 3: 2743
transitions cumulative       : 1->2: 3987, 2->3: 2743
accepted directly from s0    : 0
Gym endings cumulative       : terminated=4821, truncated=36

[Episode 7700/8000 | last 100]
success rate                : 74.0% (cumulative 36.6%)
synthetic task reward       : 7400.000
shaping reward              : 925.776
learning reward             : 8325.776
episode length              : 234.3
abstract changes / episode  : 20.1
DFA transitions / episode   : 1.70
DFA transitions in window   : 1->2: 96, 2->3: 74
epsilon (next episode)       : 0.04593
replay buffer                : 300000 samples [1: 65.0%, 2: 35.0%, 3: 0.0%]
DFA state visits in window   : 1: 14106, 2: 9350, 3: 74
DFA state visits cumulative  : 1: 1221858, 2: 397816, 3: 2817
DFA state entries in window  : 1: 100, 2: 96, 3: 74
DFA state entries cumulative : 1: 7700, 2: 4083, 3: 2817
transitions cumulative       : 1->2: 4083, 2->3: 2817
accepted directly from s0    : 0
Gym endings cumulative       : terminated=4847, truncated=36

[Episode 7800/8000 | last 100]
success rate                : 64.0% (cumulative 36.9%)
synthetic task reward       : 6400.000
shaping reward              : 809.947
learning reward             : 7209.947
episode length              : 241.6
abstract changes / episode  : 21.2
DFA transitions / episode   : 1.58
DFA transitions in window   : 1->2: 94, 2->3: 64
epsilon (next episode)       : 0.04413
replay buffer                : 300000 samples [1: 64.7%, 2: 35.3%, 3: 0.0%]
DFA state visits in window   : 1: 14755, 2: 9445, 3: 64
DFA state visits cumulative  : 1: 1236613, 2: 407261, 3: 2881
DFA state entries in window  : 1: 100, 2: 94, 3: 64
DFA state entries cumulative : 1: 7800, 2: 4177, 3: 2881
transitions cumulative       : 1->2: 4177, 2->3: 2881
accepted directly from s0    : 0
Gym endings cumulative       : terminated=4883, truncated=36

[Episode 7900/8000 | last 100]
success rate                : 79.0% (cumulative 37.5%)
synthetic task reward       : 7900.000
shaping reward              : 922.955
learning reward             : 8822.955
episode length              : 246.5
abstract changes / episode  : 20.0
DFA transitions / episode   : 1.71
DFA transitions in window   : 1->2: 92, 2->3: 79
epsilon (next episode)       : 0.04240
replay buffer                : 300000 samples [1: 64.4%, 2: 35.6%, 3: 0.0%]
DFA state visits in window   : 1: 15832, 2: 8835, 3: 79
DFA state visits cumulative  : 1: 1252445, 2: 416096, 3: 2960
DFA state entries in window  : 1: 100, 2: 92, 3: 79
DFA state entries cumulative : 1: 7900, 2: 4269, 3: 2960
transitions cumulative       : 1->2: 4269, 2->3: 2960
accepted directly from s0    : 0
Gym endings cumulative       : terminated=4904, truncated=36

[Episode 8000/8000 | last 100]
success rate                : 88.0% (cumulative 38.1%)
synthetic task reward       : 8800.000
shaping reward              : 964.713
learning reward             : 9764.713
episode length              : 234.9
abstract changes / episode  : 19.6
DFA transitions / episode   : 1.82
DFA transitions in window   : 1->2: 94, 2->3: 88
epsilon (next episode)       : 0.04074
replay buffer                : 300000 samples [1: 64.2%, 2: 35.8%, 3: 0.0%]
DFA state visits in window   : 1: 14950, 2: 8553, 3: 88
DFA state visits cumulative  : 1: 1267395, 2: 424649, 3: 3048
DFA state entries in window  : 1: 100, 2: 94, 3: 88
DFA state entries cumulative : 1: 8000, 2: 4363, 3: 3048
transitions cumulative       : 1->2: 4363, 2->3: 3048
accepted directly from s0    : 0
Gym endings cumulative       : terminated=4916, truncated=36
Last policy saved after episode 8000. Best policy: episode 5600, mean learning reward=9775.141
