
=== NEW RUN ===
episodes=8000, shaping=True, K=1.0, goal_reward=10000.0, gamma=0.99
formula=F(wp1 & X(F(g1)))
waypoints={'wp1': (1, 8), 'g1': (9, 8)}
dfa_states=[1, 2, 3], pre_trace=1, accepting=[3]

[Episode 1/8000 | last 1]
success rate                : 0.0% (cumulative 0.0%)
synthetic task reward       : 0.000
shaping reward              : -1406.843
learning reward             : -1406.843
episode length              : 86.0
abstract changes / episode  : 12.0
DFA transitions / episode   : 0.00
DFA transitions in window   : none
epsilon (next episode)       : 0.99960
replay buffer                : 86 samples [1: 100.0%, 2: 0.0%, 3: 0.0%]
DFA state visits in window   : 1: 87, 2: 0, 3: 0
DFA state visits cumulative  : 1: 87, 2: 0, 3: 0
DFA state entries in window  : 1: 1, 2: 0, 3: 0
DFA state entries cumulative : 1: 1, 2: 0, 3: 0
transitions cumulative       : none
accepted directly from s0    : 0
Gym endings cumulative       : terminated=1, truncated=0
Best policy updated at episode 1: mean learning reward=-1406.843

[Episode 100/8000 | last 100]
success rate                : 0.0% (cumulative 0.0%)
synthetic task reward       : 0.000
shaping reward              : -1443.552
learning reward             : -1443.552
episode length              : 93.4
abstract changes / episode  : 13.0
DFA transitions / episode   : 0.02
DFA transitions in window   : 1->2: 2
epsilon (next episode)       : 0.96078
replay buffer                : 9341 samples [1: 99.5%, 2: 0.5%, 3: 0.0%]
DFA state visits in window   : 1: 9394, 2: 47, 3: 0
DFA state visits cumulative  : 1: 9394, 2: 47, 3: 0
DFA state entries in window  : 1: 100, 2: 2, 3: 0
DFA state entries cumulative : 1: 100, 2: 2, 3: 0
transitions cumulative       : 1->2: 2
accepted directly from s0    : 0
Gym endings cumulative       : terminated=100, truncated=0

[Episode 200/8000 | last 100]
success rate                : 0.0% (cumulative 0.0%)
synthetic task reward       : 0.000
shaping reward              : -1407.691
learning reward             : -1407.691
episode length              : 94.0
abstract changes / episode  : 12.8
DFA transitions / episode   : 0.02
DFA transitions in window   : 1->2: 2
epsilon (next episode)       : 0.92310
replay buffer                : 18742 samples [1: 99.6%, 2: 0.4%, 3: 0.0%]
DFA state visits in window   : 1: 9461, 2: 40, 3: 0
DFA state visits cumulative  : 1: 18855, 2: 87, 3: 0
DFA state entries in window  : 1: 100, 2: 2, 3: 0
DFA state entries cumulative : 1: 200, 2: 4, 3: 0
transitions cumulative       : 1->2: 4
accepted directly from s0    : 0
Gym endings cumulative       : terminated=200, truncated=0

[Episode 300/8000 | last 100]
success rate                : 0.0% (cumulative 0.0%)
synthetic task reward       : 0.000
shaping reward              : -1419.317
learning reward             : -1419.317
episode length              : 95.4
abstract changes / episode  : 12.9
DFA transitions / episode   : 0.04
DFA transitions in window   : 1->2: 4
epsilon (next episode)       : 0.88690
replay buffer                : 28280 samples [1: 99.4%, 2: 0.6%, 3: 0.0%]
DFA state visits in window   : 1: 9553, 2: 85, 3: 0
DFA state visits cumulative  : 1: 28408, 2: 172, 3: 0
DFA state entries in window  : 1: 100, 2: 4, 3: 0
DFA state entries cumulative : 1: 300, 2: 8, 3: 0
transitions cumulative       : 1->2: 8
accepted directly from s0    : 0
Gym endings cumulative       : terminated=300, truncated=0

[Episode 400/8000 | last 100]
success rate                : 0.0% (cumulative 0.0%)
synthetic task reward       : 0.000
shaping reward              : -1385.108
learning reward             : -1385.108
episode length              : 101.8
abstract changes / episode  : 12.8
DFA transitions / episode   : 0.05
DFA transitions in window   : 1->2: 5
epsilon (next episode)       : 0.85212
replay buffer                : 38458 samples [1: 99.3%, 2: 0.7%, 3: 0.0%]
DFA state visits in window   : 1: 10154, 2: 124, 3: 0
DFA state visits cumulative  : 1: 38562, 2: 296, 3: 0
DFA state entries in window  : 1: 100, 2: 5, 3: 0
DFA state entries cumulative : 1: 400, 2: 13, 3: 0
transitions cumulative       : 1->2: 13
accepted directly from s0    : 0
Gym endings cumulative       : terminated=400, truncated=0
Best policy updated at episode 400: mean learning reward=-1385.108

[Episode 500/8000 | last 100]
success rate                : 0.0% (cumulative 0.0%)
synthetic task reward       : 0.000
shaping reward              : -1421.446
learning reward             : -1421.446
episode length              : 107.5
abstract changes / episode  : 13.1
DFA transitions / episode   : 0.03
DFA transitions in window   : 1->2: 3
epsilon (next episode)       : 0.81870
replay buffer                : 49213 samples [1: 99.2%, 2: 0.8%, 3: 0.0%]
DFA state visits in window   : 1: 10753, 2: 102, 3: 0
DFA state visits cumulative  : 1: 49315, 2: 398, 3: 0
DFA state entries in window  : 1: 100, 2: 3, 3: 0
DFA state entries cumulative : 1: 500, 2: 16, 3: 0
transitions cumulative       : 1->2: 16
accepted directly from s0    : 0
Gym endings cumulative       : terminated=500, truncated=0

[Episode 600/8000 | last 100]
success rate                : 0.0% (cumulative 0.0%)
synthetic task reward       : 0.000
shaping reward              : -1401.768
learning reward             : -1401.768
episode length              : 108.4
abstract changes / episode  : 12.8
DFA transitions / episode   : 0.03
DFA transitions in window   : 1->2: 3
epsilon (next episode)       : 0.78659
replay buffer                : 60055 samples [1: 99.2%, 2: 0.8%, 3: 0.0%]
DFA state visits in window   : 1: 10853, 2: 89, 3: 0
DFA state visits cumulative  : 1: 60168, 2: 487, 3: 0
DFA state entries in window  : 1: 100, 2: 3, 3: 0
DFA state entries cumulative : 1: 600, 2: 19, 3: 0
transitions cumulative       : 1->2: 19
accepted directly from s0    : 0
Gym endings cumulative       : terminated=600, truncated=0

[Episode 700/8000 | last 100]
success rate                : 0.0% (cumulative 0.0%)
synthetic task reward       : 0.000
shaping reward              : -1342.452
learning reward             : -1342.452
episode length              : 110.5
abstract changes / episode  : 12.4
DFA transitions / episode   : 0.06
DFA transitions in window   : 1->2: 6
epsilon (next episode)       : 0.75574
replay buffer                : 71100 samples [1: 99.2%, 2: 0.8%, 3: 0.0%]
DFA state visits in window   : 1: 11006, 2: 139, 3: 0
DFA state visits cumulative  : 1: 71174, 2: 626, 3: 0
DFA state entries in window  : 1: 100, 2: 6, 3: 0
DFA state entries cumulative : 1: 700, 2: 25, 3: 0
transitions cumulative       : 1->2: 25
accepted directly from s0    : 0
Gym endings cumulative       : terminated=700, truncated=0
Best policy updated at episode 700: mean learning reward=-1342.452

[Episode 800/8000 | last 100]
success rate                : 0.0% (cumulative 0.0%)
synthetic task reward       : 0.000
shaping reward              : -1359.278
learning reward             : -1359.278
episode length              : 117.9
abstract changes / episode  : 12.3
DFA transitions / episode   : 0.04
DFA transitions in window   : 1->2: 4
epsilon (next episode)       : 0.72610
replay buffer                : 82886 samples [1: 99.2%, 2: 0.8%, 3: 0.0%]
DFA state visits in window   : 1: 11806, 2: 80, 3: 0
DFA state visits cumulative  : 1: 82980, 2: 706, 3: 0
DFA state entries in window  : 1: 100, 2: 4, 3: 0
DFA state entries cumulative : 1: 800, 2: 29, 3: 0
transitions cumulative       : 1->2: 29
accepted directly from s0    : 0
Gym endings cumulative       : terminated=800, truncated=0

[Episode 900/8000 | last 100]
success rate                : 0.0% (cumulative 0.0%)
synthetic task reward       : 0.000
shaping reward              : -1363.683
learning reward             : -1363.683
episode length              : 129.3
abstract changes / episode  : 12.8
DFA transitions / episode   : 0.07
DFA transitions in window   : 1->2: 7
epsilon (next episode)       : 0.69763
replay buffer                : 95814 samples [1: 99.1%, 2: 0.9%, 3: 0.0%]
DFA state visits in window   : 1: 12839, 2: 189, 3: 0
DFA state visits cumulative  : 1: 95819, 2: 895, 3: 0
DFA state entries in window  : 1: 100, 2: 7, 3: 0
DFA state entries cumulative : 1: 900, 2: 36, 3: 0
transitions cumulative       : 1->2: 36
accepted directly from s0    : 0
Gym endings cumulative       : terminated=900, truncated=0

[Episode 1000/8000 | last 100]
success rate                : 0.0% (cumulative 0.0%)
synthetic task reward       : 0.000
shaping reward              : -1396.385
learning reward             : -1396.385
episode length              : 136.7
abstract changes / episode  : 13.0
DFA transitions / episode   : 0.05
DFA transitions in window   : 1->2: 5
epsilon (next episode)       : 0.67027
replay buffer                : 109481 samples [1: 99.0%, 2: 1.0%, 3: 0.0%]
DFA state visits in window   : 1: 13539, 2: 228, 3: 0
DFA state visits cumulative  : 1: 109358, 2: 1123, 3: 0
DFA state entries in window  : 1: 100, 2: 5, 3: 0
DFA state entries cumulative : 1: 1000, 2: 41, 3: 0
transitions cumulative       : 1->2: 41
accepted directly from s0    : 0
Gym endings cumulative       : terminated=1000, truncated=0

[Episode 1100/8000 | last 100]
success rate                : 0.0% (cumulative 0.0%)
synthetic task reward       : 0.000
shaping reward              : -1421.573
learning reward             : -1421.573
episode length              : 135.9
abstract changes / episode  : 12.9
DFA transitions / episode   : 0.04
DFA transitions in window   : 1->2: 4
epsilon (next episode)       : 0.64398
replay buffer                : 123074 samples [1: 99.0%, 2: 1.0%, 3: 0.0%]
DFA state visits in window   : 1: 13539, 2: 154, 3: 0
DFA state visits cumulative  : 1: 122897, 2: 1277, 3: 0
DFA state entries in window  : 1: 100, 2: 4, 3: 0
DFA state entries cumulative : 1: 1100, 2: 45, 3: 0
transitions cumulative       : 1->2: 45
accepted directly from s0    : 0
Gym endings cumulative       : terminated=1100, truncated=0

[Episode 1200/8000 | last 100]
success rate                : 0.0% (cumulative 0.0%)
synthetic task reward       : 0.000
shaping reward              : -1513.309
learning reward             : -1513.309
episode length              : 158.9
abstract changes / episode  : 13.8
DFA transitions / episode   : 0.01
DFA transitions in window   : 1->2: 1
epsilon (next episode)       : 0.61872
replay buffer                : 138963 samples [1: 99.1%, 2: 0.9%, 3: 0.0%]
DFA state visits in window   : 1: 15955, 2: 34, 3: 0
DFA state visits cumulative  : 1: 138852, 2: 1311, 3: 0
DFA state entries in window  : 1: 100, 2: 1, 3: 0
DFA state entries cumulative : 1: 1200, 2: 46, 3: 0
transitions cumulative       : 1->2: 46
accepted directly from s0    : 0
Gym endings cumulative       : terminated=1200, truncated=0

[Episode 1300/8000 | last 100]
success rate                : 0.0% (cumulative 0.0%)
synthetic task reward       : 0.000
shaping reward              : -1446.654
learning reward             : -1446.654
episode length              : 142.8
abstract changes / episode  : 13.0
DFA transitions / episode   : 0.00
DFA transitions in window   : none
epsilon (next episode)       : 0.59446
replay buffer                : 153241 samples [1: 99.2%, 2: 0.8%, 3: 0.0%]
DFA state visits in window   : 1: 14378, 2: 0, 3: 0
DFA state visits cumulative  : 1: 153230, 2: 1311, 3: 0
DFA state entries in window  : 1: 100, 2: 0, 3: 0
DFA state entries cumulative : 1: 1300, 2: 46, 3: 0
transitions cumulative       : 1->2: 46
accepted directly from s0    : 0
Gym endings cumulative       : terminated=1299, truncated=1

[Episode 1400/8000 | last 100]
success rate                : 0.0% (cumulative 0.0%)
synthetic task reward       : 0.000
shaping reward              : -1478.429
learning reward             : -1478.429
episode length              : 154.7
abstract changes / episode  : 13.3
DFA transitions / episode   : 0.00
DFA transitions in window   : none
epsilon (next episode)       : 0.57115
replay buffer                : 168709 samples [1: 99.3%, 2: 0.7%, 3: 0.0%]
DFA state visits in window   : 1: 15568, 2: 0, 3: 0
DFA state visits cumulative  : 1: 168798, 2: 1311, 3: 0
DFA state entries in window  : 1: 100, 2: 0, 3: 0
DFA state entries cumulative : 1: 1400, 2: 46, 3: 0
transitions cumulative       : 1->2: 46
accepted directly from s0    : 0
Gym endings cumulative       : terminated=1399, truncated=1

[Episode 1500/8000 | last 100]
success rate                : 0.0% (cumulative 0.0%)
synthetic task reward       : 0.000
shaping reward              : -1470.619
learning reward             : -1470.619
episode length              : 149.1
abstract changes / episode  : 13.9
DFA transitions / episode   : 0.07
DFA transitions in window   : 1->2: 7
epsilon (next episode)       : 0.54875
replay buffer                : 183617 samples [1: 99.1%, 2: 0.9%, 3: 0.0%]
DFA state visits in window   : 1: 14656, 2: 352, 3: 0
DFA state visits cumulative  : 1: 183454, 2: 1663, 3: 0
DFA state entries in window  : 1: 100, 2: 7, 3: 0
DFA state entries cumulative : 1: 1500, 2: 53, 3: 0
transitions cumulative       : 1->2: 53
accepted directly from s0    : 0
Gym endings cumulative       : terminated=1498, truncated=2

[Episode 1600/8000 | last 100]
success rate                : 0.0% (cumulative 0.0%)
synthetic task reward       : 0.000
shaping reward              : -1546.710
learning reward             : -1546.710
episode length              : 208.3
abstract changes / episode  : 14.6
DFA transitions / episode   : 0.04
DFA transitions in window   : 1->2: 4
epsilon (next episode)       : 0.52722
replay buffer                : 204443 samples [1: 99.1%, 2: 0.9%, 3: 0.0%]
DFA state visits in window   : 1: 20746, 2: 180, 3: 0
DFA state visits cumulative  : 1: 204200, 2: 1843, 3: 0
DFA state entries in window  : 1: 100, 2: 4, 3: 0
DFA state entries cumulative : 1: 1600, 2: 57, 3: 0
transitions cumulative       : 1->2: 57
accepted directly from s0    : 0
Gym endings cumulative       : terminated=1595, truncated=5

[Episode 1700/8000 | last 100]
success rate                : 0.0% (cumulative 0.0%)
synthetic task reward       : 0.000
shaping reward              : -1591.995
learning reward             : -1591.995
episode length              : 242.2
abstract changes / episode  : 15.3
DFA transitions / episode   : 0.08
DFA transitions in window   : 1->2: 8
epsilon (next episode)       : 0.50655
replay buffer                : 228668 samples [1: 99.0%, 2: 1.0%, 3: 0.0%]
DFA state visits in window   : 1: 23794, 2: 531, 3: 0
DFA state visits cumulative  : 1: 227994, 2: 2374, 3: 0
DFA state entries in window  : 1: 100, 2: 8, 3: 0
DFA state entries cumulative : 1: 1700, 2: 65, 3: 0
transitions cumulative       : 1->2: 65
accepted directly from s0    : 0
Gym endings cumulative       : terminated=1692, truncated=8

[Episode 1800/8000 | last 100]
success rate                : 0.0% (cumulative 0.0%)
synthetic task reward       : 0.000
shaping reward              : -1656.226
learning reward             : -1656.226
episode length              : 327.9
abstract changes / episode  : 16.1
DFA transitions / episode   : 0.03
DFA transitions in window   : 1->2: 3
epsilon (next episode)       : 0.48668
replay buffer                : 261459 samples [1: 99.0%, 2: 1.0%, 3: 0.0%]
DFA state visits in window   : 1: 32682, 2: 209, 3: 0
DFA state visits cumulative  : 1: 260676, 2: 2583, 3: 0
DFA state entries in window  : 1: 100, 2: 3, 3: 0
DFA state entries cumulative : 1: 1800, 2: 68, 3: 0
transitions cumulative       : 1->2: 68
accepted directly from s0    : 0
Gym endings cumulative       : terminated=1784, truncated=16

[Episode 1900/8000 | last 100]
success rate                : 0.0% (cumulative 0.0%)
synthetic task reward       : 0.000
shaping reward              : -1907.383
learning reward             : -1907.383
episode length              : 366.3
abstract changes / episode  : 18.5
DFA transitions / episode   : 0.02
DFA transitions in window   : 1->2: 2
epsilon (next episode)       : 0.46760
replay buffer                : 298090 samples [1: 99.1%, 2: 0.9%, 3: 0.0%]
DFA state visits in window   : 1: 36581, 2: 150, 3: 0
DFA state visits cumulative  : 1: 297257, 2: 2733, 3: 0
DFA state entries in window  : 1: 100, 2: 2, 3: 0
DFA state entries cumulative : 1: 1900, 2: 70, 3: 0
transitions cumulative       : 1->2: 70
accepted directly from s0    : 0
Gym endings cumulative       : terminated=1879, truncated=21

[Episode 2000/8000 | last 100]
success rate                : 0.0% (cumulative 0.0%)
synthetic task reward       : 0.000
shaping reward              : -1999.301
learning reward             : -1999.301
episode length              : 392.4
abstract changes / episode  : 19.9
DFA transitions / episode   : 0.02
DFA transitions in window   : 1->2: 2
epsilon (next episode)       : 0.44926
replay buffer                : 300000 samples [1: 99.1%, 2: 0.9%, 3: 0.0%]
DFA state visits in window   : 1: 38975, 2: 361, 3: 0
DFA state visits cumulative  : 1: 336232, 2: 3094, 3: 0
DFA state entries in window  : 1: 100, 2: 2, 3: 0
DFA state entries cumulative : 1: 2000, 2: 72, 3: 0
transitions cumulative       : 1->2: 72
accepted directly from s0    : 0
Gym endings cumulative       : terminated=1970, truncated=30

[Episode 2100/8000 | last 100]
success rate                : 0.0% (cumulative 0.0%)
synthetic task reward       : 0.000
shaping reward              : -1820.982
learning reward             : -1820.982
episode length              : 361.1
abstract changes / episode  : 18.5
DFA transitions / episode   : 0.12
DFA transitions in window   : 1->2: 12
epsilon (next episode)       : 0.43164
replay buffer                : 300000 samples [1: 98.8%, 2: 1.2%, 3: 0.0%]
DFA state visits in window   : 1: 34985, 2: 1227, 3: 0
DFA state visits cumulative  : 1: 371217, 2: 4321, 3: 0
DFA state entries in window  : 1: 100, 2: 12, 3: 0
DFA state entries cumulative : 1: 2100, 2: 84, 3: 0
transitions cumulative       : 1->2: 84
accepted directly from s0    : 0
Gym endings cumulative       : terminated=2060, truncated=40

[Episode 2200/8000 | last 100]
success rate                : 0.0% (cumulative 0.0%)
synthetic task reward       : 0.000
shaping reward              : -1680.794
learning reward             : -1680.794
episode length              : 349.2
abstract changes / episode  : 17.6
DFA transitions / episode   : 0.15
DFA transitions in window   : 1->2: 15
epsilon (next episode)       : 0.41471
replay buffer                : 300000 samples [1: 98.2%, 2: 1.8%, 3: 0.0%]
DFA state visits in window   : 1: 32640, 2: 2385, 3: 0
DFA state visits cumulative  : 1: 403857, 2: 6706, 3: 0
DFA state entries in window  : 1: 100, 2: 15, 3: 0
DFA state entries cumulative : 1: 2200, 2: 99, 3: 0
transitions cumulative       : 1->2: 99
accepted directly from s0    : 0
Gym endings cumulative       : terminated=2153, truncated=47

[Episode 2300/8000 | last 100]
success rate                : 0.0% (cumulative 0.0%)
synthetic task reward       : 0.000
shaping reward              : -1466.526
learning reward             : -1466.526
episode length              : 276.3
abstract changes / episode  : 16.6
DFA transitions / episode   : 0.32
DFA transitions in window   : 1->2: 32
epsilon (next episode)       : 0.39845
replay buffer                : 300000 samples [1: 96.0%, 2: 4.0%, 3: 0.0%]
DFA state visits in window   : 1: 21059, 2: 6672, 3: 0
DFA state visits cumulative  : 1: 424916, 2: 13378, 3: 0
DFA state entries in window  : 1: 100, 2: 32, 3: 0
DFA state entries cumulative : 1: 2300, 2: 131, 3: 0
transitions cumulative       : 1->2: 131
accepted directly from s0    : 0
Gym endings cumulative       : terminated=2250, truncated=50

[Episode 2400/8000 | last 100]
success rate                : 0.0% (cumulative 0.0%)
synthetic task reward       : 0.000
shaping reward              : -1585.008
learning reward             : -1585.008
episode length              : 343.7
abstract changes / episode  : 17.2
DFA transitions / episode   : 0.20
DFA transitions in window   : 1->2: 20
epsilon (next episode)       : 0.38282
replay buffer                : 300000 samples [1: 95.1%, 2: 4.9%, 3: 0.0%]
DFA state visits in window   : 1: 31612, 2: 2856, 3: 0
DFA state visits cumulative  : 1: 456528, 2: 16234, 3: 0
DFA state entries in window  : 1: 100, 2: 20, 3: 0
DFA state entries cumulative : 1: 2400, 2: 151, 3: 0
transitions cumulative       : 1->2: 151
accepted directly from s0    : 0
Gym endings cumulative       : terminated=2340, truncated=60

[Episode 2500/8000 | last 100]
success rate                : 0.0% (cumulative 0.0%)
synthetic task reward       : 0.000
shaping reward              : -1548.934
learning reward             : -1548.934
episode length              : 355.1
abstract changes / episode  : 17.3
DFA transitions / episode   : 0.19
DFA transitions in window   : 1->2: 19
epsilon (next episode)       : 0.36781
replay buffer                : 300000 samples [1: 94.5%, 2: 5.5%, 3: 0.0%]
DFA state visits in window   : 1: 33297, 2: 2308, 3: 0
DFA state visits cumulative  : 1: 489825, 2: 18542, 3: 0
DFA state entries in window  : 1: 100, 2: 19, 3: 0
DFA state entries cumulative : 1: 2500, 2: 170, 3: 0
transitions cumulative       : 1->2: 170
accepted directly from s0    : 0
Gym endings cumulative       : terminated=2432, truncated=68

[Episode 2600/8000 | last 100]
success rate                : 0.0% (cumulative 0.0%)
synthetic task reward       : 0.000
shaping reward              : -1704.059
learning reward             : -1704.059
episode length              : 472.0
abstract changes / episode  : 19.3
DFA transitions / episode   : 0.25
DFA transitions in window   : 1->2: 25
epsilon (next episode)       : 0.35338
replay buffer                : 300000 samples [1: 93.0%, 2: 7.0%, 3: 0.0%]
DFA state visits in window   : 1: 42224, 2: 5073, 3: 0
DFA state visits cumulative  : 1: 532049, 2: 23615, 3: 0
DFA state entries in window  : 1: 100, 2: 25, 3: 0
DFA state entries cumulative : 1: 2600, 2: 195, 3: 0
transitions cumulative       : 1->2: 195
accepted directly from s0    : 0
Gym endings cumulative       : terminated=2523, truncated=77

[Episode 2700/8000 | last 100]
success rate                : 0.0% (cumulative 0.0%)
synthetic task reward       : 0.000
shaping reward              : -1588.252
learning reward             : -1588.252
episode length              : 465.6
abstract changes / episode  : 18.5
DFA transitions / episode   : 0.26
DFA transitions in window   : 1->2: 26
epsilon (next episode)       : 0.33952
replay buffer                : 300000 samples [1: 91.0%, 2: 9.0%, 3: 0.0%]
DFA state visits in window   : 1: 40308, 2: 6354, 3: 0
DFA state visits cumulative  : 1: 572357, 2: 29969, 3: 0
DFA state entries in window  : 1: 100, 2: 26, 3: 0
DFA state entries cumulative : 1: 2700, 2: 221, 3: 0
transitions cumulative       : 1->2: 221
accepted directly from s0    : 0
Gym endings cumulative       : terminated=2609, truncated=91

[Episode 2800/8000 | last 100]
success rate                : 0.0% (cumulative 0.0%)
synthetic task reward       : 0.000
shaping reward              : -1594.253
learning reward             : -1594.253
episode length              : 601.7
abstract changes / episode  : 18.9
DFA transitions / episode   : 0.18
DFA transitions in window   : 1->2: 18
epsilon (next episode)       : 0.32621
replay buffer                : 300000 samples [1: 89.4%, 2: 10.6%, 3: 0.0%]
DFA state visits in window   : 1: 54303, 2: 5964, 3: 0
DFA state visits cumulative  : 1: 626660, 2: 35933, 3: 0
DFA state entries in window  : 1: 100, 2: 18, 3: 0
DFA state entries cumulative : 1: 2800, 2: 239, 3: 0
transitions cumulative       : 1->2: 239
accepted directly from s0    : 0
Gym endings cumulative       : terminated=2687, truncated=113

[Episode 2900/8000 | last 100]
success rate                : 0.0% (cumulative 0.0%)
synthetic task reward       : 0.000
shaping reward              : -1432.098
learning reward             : -1432.098
episode length              : 668.8
abstract changes / episode  : 17.6
DFA transitions / episode   : 0.18
DFA transitions in window   : 1->2: 18
epsilon (next episode)       : 0.31341
replay buffer                : 300000 samples [1: 89.5%, 2: 10.5%, 3: 0.0%]
DFA state visits in window   : 1: 61411, 2: 5573, 3: 0
DFA state visits cumulative  : 1: 688071, 2: 41506, 3: 0
DFA state entries in window  : 1: 100, 2: 18, 3: 0
DFA state entries cumulative : 1: 2900, 2: 257, 3: 0
transitions cumulative       : 1->2: 257
accepted directly from s0    : 0
Gym endings cumulative       : terminated=2749, truncated=151

[Episode 3000/8000 | last 100]
success rate                : 2.0% (cumulative 0.1%)
synthetic task reward       : 200.000
shaping reward              : -1400.996
learning reward             : -1200.996
episode length              : 628.3
abstract changes / episode  : 18.0
DFA transitions / episode   : 0.36
DFA transitions in window   : 1->2: 34, 2->3: 2
epsilon (next episode)       : 0.30112
replay buffer                : 300000 samples [1: 89.8%, 2: 10.2%, 3: 0.0%]
DFA state visits in window   : 1: 56132, 2: 6795, 3: 2
DFA state visits cumulative  : 1: 744203, 2: 48301, 3: 2
DFA state entries in window  : 1: 100, 2: 34, 3: 2
DFA state entries cumulative : 1: 3000, 2: 291, 3: 2
transitions cumulative       : 1->2: 291, 2->3: 2
accepted directly from s0    : 0
Gym endings cumulative       : terminated=2817, truncated=181
Best policy updated at episode 3000: mean learning reward=-1200.996

[Episode 3100/8000 | last 100]
success rate                : 4.0% (cumulative 0.2%)
synthetic task reward       : 400.000
shaping reward              : -1174.323
learning reward             : -774.323
episode length              : 575.2
abstract changes / episode  : 15.9
DFA transitions / episode   : 0.30
DFA transitions in window   : 1->2: 26, 2->3: 4
epsilon (next episode)       : 0.28931
replay buffer                : 300000 samples [1: 90.3%, 2: 9.7%, 3: 0.0%]
DFA state visits in window   : 1: 53520, 2: 4092, 3: 4
DFA state visits cumulative  : 1: 797723, 2: 52393, 3: 6
DFA state entries in window  : 1: 100, 2: 26, 3: 4
DFA state entries cumulative : 1: 3100, 2: 317, 3: 6
transitions cumulative       : 1->2: 317, 2->3: 6
accepted directly from s0    : 0
Gym endings cumulative       : terminated=2886, truncated=208
Best policy updated at episode 3100: mean learning reward=-774.323

[Episode 3200/8000 | last 100]
success rate                : 4.0% (cumulative 0.3%)
synthetic task reward       : 400.000
shaping reward              : -1297.620
learning reward             : -897.620
episode length              : 413.0
abstract changes / episode  : 17.7
DFA transitions / episode   : 0.39
DFA transitions in window   : 1->2: 35, 2->3: 4
epsilon (next episode)       : 0.27797
replay buffer                : 300000 samples [1: 91.0%, 2: 9.0%, 3: 0.0%]
DFA state visits in window   : 1: 37959, 2: 3437, 3: 4
DFA state visits cumulative  : 1: 835682, 2: 55830, 3: 10
DFA state entries in window  : 1: 100, 2: 35, 3: 4
DFA state entries cumulative : 1: 3200, 2: 352, 3: 10
transitions cumulative       : 1->2: 352, 2->3: 10
accepted directly from s0    : 0
Gym endings cumulative       : terminated=2975, truncated=215

[Episode 3300/8000 | last 100]
success rate                : 2.0% (cumulative 0.4%)
synthetic task reward       : 200.000
shaping reward              : -1196.683
learning reward             : -996.683
episode length              : 252.8
abstract changes / episode  : 15.4
DFA transitions / episode   : 0.30
DFA transitions in window   : 1->2: 28, 2->3: 2
epsilon (next episode)       : 0.26706
replay buffer                : 300000 samples [1: 90.7%, 2: 9.3%, 3: 0.0%]
DFA state visits in window   : 1: 21836, 2: 3546, 3: 2
DFA state visits cumulative  : 1: 857518, 2: 59376, 3: 12
DFA state entries in window  : 1: 100, 2: 28, 3: 2
DFA state entries cumulative : 1: 3300, 2: 380, 3: 12
transitions cumulative       : 1->2: 380, 2->3: 12
accepted directly from s0    : 0
Gym endings cumulative       : terminated=3072, truncated=216

[Episode 3400/8000 | last 100]
success rate                : 4.0% (cumulative 0.5%)
synthetic task reward       : 400.000
shaping reward              : -1182.316
learning reward             : -782.316
episode length              : 266.1
abstract changes / episode  : 14.9
DFA transitions / episode   : 0.34
DFA transitions in window   : 1->2: 30, 2->3: 4
epsilon (next episode)       : 0.25659
replay buffer                : 300000 samples [1: 90.9%, 2: 9.1%, 3: 0.0%]
DFA state visits in window   : 1: 23356, 2: 3347, 3: 4
DFA state visits cumulative  : 1: 880874, 2: 62723, 3: 16
DFA state entries in window  : 1: 100, 2: 30, 3: 4
DFA state entries cumulative : 1: 3400, 2: 410, 3: 16
transitions cumulative       : 1->2: 410, 2->3: 16
accepted directly from s0    : 0
Gym endings cumulative       : terminated=3168, truncated=216

[Episode 3500/8000 | last 100]
success rate                : 2.0% (cumulative 0.5%)
synthetic task reward       : 200.000
shaping reward              : -1043.769
learning reward             : -843.769
episode length              : 257.5
abstract changes / episode  : 13.7
DFA transitions / episode   : 0.29
DFA transitions in window   : 1->2: 27, 2->3: 2
epsilon (next episode)       : 0.24653
replay buffer                : 300000 samples [1: 90.6%, 2: 9.4%, 3: 0.0%]
DFA state visits in window   : 1: 23454, 2: 2392, 3: 2
DFA state visits cumulative  : 1: 904328, 2: 65115, 3: 18
DFA state entries in window  : 1: 100, 2: 27, 3: 2
DFA state entries cumulative : 1: 3500, 2: 437, 3: 18
transitions cumulative       : 1->2: 437, 2->3: 18
accepted directly from s0    : 0
Gym endings cumulative       : terminated=3266, truncated=216

[Episode 3600/8000 | last 100]
success rate                : 12.0% (cumulative 0.8%)
synthetic task reward       : 1200.000
shaping reward              : -1166.817
learning reward             : 33.183
episode length              : 276.6
abstract changes / episode  : 17.6
DFA transitions / episode   : 0.68
DFA transitions in window   : 1->2: 56, 2->3: 12
epsilon (next episode)       : 0.23686
replay buffer                : 300000 samples [1: 88.9%, 2: 11.1%, 3: 0.0%]
DFA state visits in window   : 1: 21377, 2: 6374, 3: 12
DFA state visits cumulative  : 1: 925705, 2: 71489, 3: 30
DFA state entries in window  : 1: 100, 2: 56, 3: 12
DFA state entries cumulative : 1: 3600, 2: 493, 3: 30
transitions cumulative       : 1->2: 493, 2->3: 30
accepted directly from s0    : 0
Gym endings cumulative       : terminated=3354, truncated=216
Best policy updated at episode 3600: mean learning reward=33.183

[Episode 3700/8000 | last 100]
success rate                : 20.0% (cumulative 1.4%)
synthetic task reward       : 2000.000
shaping reward              : -1284.992
learning reward             : 715.008
episode length              : 325.1
abstract changes / episode  : 21.4
DFA transitions / episode   : 0.99
DFA transitions in window   : 1->2: 79, 2->3: 20
epsilon (next episode)       : 0.22757
replay buffer                : 300000 samples [1: 86.6%, 2: 13.4%, 3: 0.0%]
DFA state visits in window   : 1: 22255, 2: 10335, 3: 20
DFA state visits cumulative  : 1: 947960, 2: 81824, 3: 50
DFA state entries in window  : 1: 100, 2: 79, 3: 20
DFA state entries cumulative : 1: 3700, 2: 572, 3: 50
transitions cumulative       : 1->2: 572, 2->3: 50
accepted directly from s0    : 0
Gym endings cumulative       : terminated=3434, truncated=216
Best policy updated at episode 3700: mean learning reward=715.008

[Episode 3800/8000 | last 100]
success rate                : 18.0% (cumulative 1.8%)
synthetic task reward       : 1800.000
shaping reward              : -1488.870
learning reward             : 311.130
episode length              : 335.2
abstract changes / episode  : 23.4
DFA transitions / episode   : 0.99
DFA transitions in window   : 1->2: 81, 2->3: 18
epsilon (next episode)       : 0.21865
replay buffer                : 300000 samples [1: 85.0%, 2: 15.0%, 3: 0.0%]
DFA state visits in window   : 1: 23870, 2: 9731, 3: 18
DFA state visits cumulative  : 1: 971830, 2: 91555, 3: 68
DFA state entries in window  : 1: 100, 2: 81, 3: 18
DFA state entries cumulative : 1: 3800, 2: 653, 3: 68
transitions cumulative       : 1->2: 653, 2->3: 68
accepted directly from s0    : 0
Gym endings cumulative       : terminated=3516, truncated=216

[Episode 3900/8000 | last 100]
success rate                : 21.0% (cumulative 2.3%)
synthetic task reward       : 2100.000
shaping reward              : -1296.314
learning reward             : 803.686
episode length              : 321.5
abstract changes / episode  : 22.2
DFA transitions / episode   : 1.03
DFA transitions in window   : 1->2: 82, 2->3: 21
epsilon (next episode)       : 0.21007
replay buffer                : 300000 samples [1: 82.3%, 2: 17.7%, 3: 0.0%]
DFA state visits in window   : 1: 22080, 2: 10150, 3: 21
DFA state visits cumulative  : 1: 993910, 2: 101705, 3: 89
DFA state entries in window  : 1: 100, 2: 82, 3: 21
DFA state entries cumulative : 1: 3900, 2: 735, 3: 89
transitions cumulative       : 1->2: 735, 2->3: 89
accepted directly from s0    : 0
Gym endings cumulative       : terminated=3595, truncated=216
Best policy updated at episode 3900: mean learning reward=803.686

[Episode 4000/8000 | last 100]
success rate                : 32.0% (cumulative 3.0%)
synthetic task reward       : 3200.000
shaping reward              : -1123.524
learning reward             : 2076.476
episode length              : 279.1
abstract changes / episode  : 20.8
DFA transitions / episode   : 1.20
DFA transitions in window   : 1->2: 88, 2->3: 32
epsilon (next episode)       : 0.20183
replay buffer                : 300000 samples [1: 79.5%, 2: 20.5%, 3: 0.0%]
DFA state visits in window   : 1: 17017, 2: 10962, 3: 32
DFA state visits cumulative  : 1: 1010927, 2: 112667, 3: 121
DFA state entries in window  : 1: 100, 2: 88, 3: 32
DFA state entries cumulative : 1: 4000, 2: 823, 3: 121
transitions cumulative       : 1->2: 823, 2->3: 121
accepted directly from s0    : 0
Gym endings cumulative       : terminated=3663, truncated=216
Best policy updated at episode 4000: mean learning reward=2076.476

[Episode 4100/8000 | last 100]
success rate                : 54.0% (cumulative 4.3%)
synthetic task reward       : 5400.000
shaping reward              : -950.778
learning reward             : 4449.222
episode length              : 271.2
abstract changes / episode  : 20.4
DFA transitions / episode   : 1.45
DFA transitions in window   : 1->2: 91, 2->3: 54
epsilon (next episode)       : 0.19392
replay buffer                : 300000 samples [1: 76.1%, 2: 23.9%, 3: 0.0%]
DFA state visits in window   : 1: 15540, 2: 11628, 3: 54
DFA state visits cumulative  : 1: 1026467, 2: 124295, 3: 175
DFA state entries in window  : 1: 100, 2: 91, 3: 54
DFA state entries cumulative : 1: 4100, 2: 914, 3: 175
transitions cumulative       : 1->2: 914, 2->3: 175
accepted directly from s0    : 0
Gym endings cumulative       : terminated=3709, truncated=216
Best policy updated at episode 4100: mean learning reward=4449.222

[Episode 4200/8000 | last 100]
success rate                : 64.0% (cumulative 5.7%)
synthetic task reward       : 6400.000
shaping reward              : -949.952
learning reward             : 5450.048
episode length              : 268.9
abstract changes / episode  : 21.2
DFA transitions / episode   : 1.64
DFA transitions in window   : 1->2: 100, 2->3: 64
epsilon (next episode)       : 0.18631
replay buffer                : 300000 samples [1: 72.8%, 2: 27.2%, 3: 0.0%]
DFA state visits in window   : 1: 14545, 2: 12380, 3: 64
DFA state visits cumulative  : 1: 1041012, 2: 136675, 3: 239
DFA state entries in window  : 1: 100, 2: 100, 3: 64
DFA state entries cumulative : 1: 4200, 2: 1014, 3: 239
transitions cumulative       : 1->2: 1014, 2->3: 239
accepted directly from s0    : 0
Gym endings cumulative       : terminated=3745, truncated=216
Best policy updated at episode 4200: mean learning reward=5450.048

[Episode 4300/8000 | last 100]
success rate                : 62.0% (cumulative 7.0%)
synthetic task reward       : 6200.000
shaping reward              : -1037.089
learning reward             : 5162.911
episode length              : 272.7
abstract changes / episode  : 21.6
DFA transitions / episode   : 1.57
DFA transitions in window   : 1->2: 95, 2->3: 62
epsilon (next episode)       : 0.17900
replay buffer                : 300000 samples [1: 69.9%, 2: 30.1%, 3: 0.0%]
DFA state visits in window   : 1: 15148, 2: 12161, 3: 62
DFA state visits cumulative  : 1: 1056160, 2: 148836, 3: 301
DFA state entries in window  : 1: 100, 2: 95, 3: 62
DFA state entries cumulative : 1: 4300, 2: 1109, 3: 301
transitions cumulative       : 1->2: 1109, 2->3: 301
accepted directly from s0    : 0
Gym endings cumulative       : terminated=3783, truncated=216

[Episode 4400/8000 | last 100]
success rate                : 77.0% (cumulative 8.6%)
synthetic task reward       : 7700.000
shaping reward              : -1018.977
learning reward             : 6681.023
episode length              : 280.4
abstract changes / episode  : 21.6
DFA transitions / episode   : 1.69
DFA transitions in window   : 1->2: 92, 2->3: 77
epsilon (next episode)       : 0.17198
replay buffer                : 300000 samples [1: 67.3%, 2: 32.7%, 3: 0.0%]
DFA state visits in window   : 1: 16915, 2: 11148, 3: 77
DFA state visits cumulative  : 1: 1073075, 2: 159984, 3: 378
DFA state entries in window  : 1: 100, 2: 92, 3: 77
DFA state entries cumulative : 1: 4400, 2: 1201, 3: 378
transitions cumulative       : 1->2: 1201, 2->3: 378
accepted directly from s0    : 0
Gym endings cumulative       : terminated=3806, truncated=216
Best policy updated at episode 4400: mean learning reward=6681.023

[Episode 4500/8000 | last 100]
success rate                : 71.0% (cumulative 10.0%)
synthetic task reward       : 7100.000
shaping reward              : -935.859
learning reward             : 6164.141
episode length              : 251.9
abstract changes / episode  : 20.5
DFA transitions / episode   : 1.59
DFA transitions in window   : 1->2: 88, 2->3: 71
epsilon (next episode)       : 0.16524
replay buffer                : 300000 samples [1: 64.7%, 2: 35.3%, 3: 0.0%]
DFA state visits in window   : 1: 14878, 2: 10339, 3: 71
DFA state visits cumulative  : 1: 1087953, 2: 170323, 3: 449
DFA state entries in window  : 1: 100, 2: 88, 3: 71
DFA state entries cumulative : 1: 4500, 2: 1289, 3: 449
transitions cumulative       : 1->2: 1289, 2->3: 449
accepted directly from s0    : 0
Gym endings cumulative       : terminated=3835, truncated=216

[Episode 4600/8000 | last 100]
success rate                : 76.0% (cumulative 11.4%)
synthetic task reward       : 7600.000
shaping reward              : -957.834
learning reward             : 6642.166
episode length              : 243.9
abstract changes / episode  : 20.6
DFA transitions / episode   : 1.66
DFA transitions in window   : 1->2: 90, 2->3: 76
epsilon (next episode)       : 0.15876
replay buffer                : 300000 samples [1: 62.3%, 2: 37.7%, 3: 0.0%]
DFA state visits in window   : 1: 13389, 2: 11021, 3: 76
DFA state visits cumulative  : 1: 1101342, 2: 181344, 3: 525
DFA state entries in window  : 1: 100, 2: 90, 3: 76
DFA state entries cumulative : 1: 4600, 2: 1379, 3: 525
transitions cumulative       : 1->2: 1379, 2->3: 525
accepted directly from s0    : 0
Gym endings cumulative       : terminated=3859, truncated=216

[Episode 4700/8000 | last 100]
success rate                : 78.0% (cumulative 12.8%)
synthetic task reward       : 7800.000
shaping reward              : -857.510
learning reward             : 6942.490
episode length              : 256.6
abstract changes / episode  : 20.2
DFA transitions / episode   : 1.68
DFA transitions in window   : 1->2: 90, 2->3: 78
epsilon (next episode)       : 0.15253
replay buffer                : 300000 samples [1: 61.4%, 2: 38.6%, 3: 0.0%]
DFA state visits in window   : 1: 15491, 2: 10186, 3: 78
DFA state visits cumulative  : 1: 1116833, 2: 191530, 3: 603
DFA state entries in window  : 1: 100, 2: 90, 3: 78
DFA state entries cumulative : 1: 4700, 2: 1469, 3: 603
transitions cumulative       : 1->2: 1469, 2->3: 603
accepted directly from s0    : 0
Gym endings cumulative       : terminated=3881, truncated=216
Best policy updated at episode 4700: mean learning reward=6942.490

[Episode 4800/8000 | last 100]
success rate                : 73.0% (cumulative 14.1%)
synthetic task reward       : 7300.000
shaping reward              : -937.416
learning reward             : 6362.584
episode length              : 252.7
abstract changes / episode  : 20.3
DFA transitions / episode   : 1.62
DFA transitions in window   : 1->2: 89, 2->3: 73
epsilon (next episode)       : 0.14655
replay buffer                : 300000 samples [1: 60.4%, 2: 39.6%, 3: 0.0%]
DFA state visits in window   : 1: 14936, 2: 10361, 3: 73
DFA state visits cumulative  : 1: 1131769, 2: 201891, 3: 676
DFA state entries in window  : 1: 100, 2: 89, 3: 73
DFA state entries cumulative : 1: 4800, 2: 1558, 3: 676
transitions cumulative       : 1->2: 1558, 2->3: 676
accepted directly from s0    : 0
Gym endings cumulative       : terminated=3908, truncated=216

[Episode 4900/8000 | last 100]
success rate                : 82.0% (cumulative 15.5%)
synthetic task reward       : 8200.000
shaping reward              : -868.974
learning reward             : 7331.026
episode length              : 254.0
abstract changes / episode  : 20.0
DFA transitions / episode   : 1.68
DFA transitions in window   : 1->2: 86, 2->3: 82
epsilon (next episode)       : 0.14080
replay buffer                : 300000 samples [1: 59.7%, 2: 40.3%, 3: 0.0%]
DFA state visits in window   : 1: 16070, 2: 9345, 3: 82
DFA state visits cumulative  : 1: 1147839, 2: 211236, 3: 758
DFA state entries in window  : 1: 100, 2: 86, 3: 82
DFA state entries cumulative : 1: 4900, 2: 1644, 3: 758
transitions cumulative       : 1->2: 1644, 2->3: 758
accepted directly from s0    : 0
Gym endings cumulative       : terminated=3926, truncated=216
Best policy updated at episode 4900: mean learning reward=7331.026

[Episode 5000/8000 | last 100]
success rate                : 69.0% (cumulative 16.5%)
synthetic task reward       : 6900.000
shaping reward              : -912.982
learning reward             : 5987.018
episode length              : 238.5
abstract changes / episode  : 19.3
DFA transitions / episode   : 1.51
DFA transitions in window   : 1->2: 82, 2->3: 69
epsilon (next episode)       : 0.13528
replay buffer                : 300000 samples [1: 59.0%, 2: 41.0%, 3: 0.0%]
DFA state visits in window   : 1: 14725, 2: 9154, 3: 69
DFA state visits cumulative  : 1: 1162564, 2: 220390, 3: 827
DFA state entries in window  : 1: 100, 2: 82, 3: 69
DFA state entries cumulative : 1: 5000, 2: 1726, 3: 827
transitions cumulative       : 1->2: 1726, 2->3: 827
accepted directly from s0    : 0
Gym endings cumulative       : terminated=3956, truncated=217

[Episode 5100/8000 | last 100]
success rate                : 71.0% (cumulative 17.6%)
synthetic task reward       : 7100.000
shaping reward              : -885.868
learning reward             : 6214.132
episode length              : 241.4
abstract changes / episode  : 19.4
DFA transitions / episode   : 1.56
DFA transitions in window   : 1->2: 85, 2->3: 71
epsilon (next episode)       : 0.12998
replay buffer                : 300000 samples [1: 58.6%, 2: 41.4%, 3: 0.0%]
DFA state visits in window   : 1: 14108, 2: 10060, 3: 71
DFA state visits cumulative  : 1: 1176672, 2: 230450, 3: 898
DFA state entries in window  : 1: 100, 2: 85, 3: 71
DFA state entries cumulative : 1: 5100, 2: 1811, 3: 898
transitions cumulative       : 1->2: 1811, 2->3: 898
accepted directly from s0    : 0
Gym endings cumulative       : terminated=3985, truncated=217

[Episode 5200/8000 | last 100]
success rate                : 53.0% (cumulative 18.3%)
synthetic task reward       : 5300.000
shaping reward              : -1126.703
learning reward             : 4173.297
episode length              : 263.9
abstract changes / episode  : 19.1
DFA transitions / episode   : 1.19
DFA transitions in window   : 1->2: 66, 2->3: 53
epsilon (next episode)       : 0.12488
replay buffer                : 300000 samples [1: 59.7%, 2: 40.3%, 3: 0.0%]
DFA state visits in window   : 1: 19507, 2: 6930, 3: 53
DFA state visits cumulative  : 1: 1196179, 2: 237380, 3: 951
DFA state entries in window  : 1: 100, 2: 66, 3: 53
DFA state entries cumulative : 1: 5200, 2: 1877, 3: 951
transitions cumulative       : 1->2: 1877, 2->3: 951
accepted directly from s0    : 0
Gym endings cumulative       : terminated=4032, truncated=217

[Episode 5300/8000 | last 100]
success rate                : 58.0% (cumulative 19.0%)
synthetic task reward       : 5800.000
shaping reward              : -998.830
learning reward             : 4801.170
episode length              : 224.0
abstract changes / episode  : 17.8
DFA transitions / episode   : 1.27
DFA transitions in window   : 1->2: 69, 2->3: 58
epsilon (next episode)       : 0.11998
replay buffer                : 300000 samples [1: 60.4%, 2: 39.6%, 3: 0.0%]
DFA state visits in window   : 1: 14446, 2: 7994, 3: 58
DFA state visits cumulative  : 1: 1210625, 2: 245374, 3: 1009
DFA state entries in window  : 1: 100, 2: 69, 3: 58
DFA state entries cumulative : 1: 5300, 2: 1946, 3: 1009
transitions cumulative       : 1->2: 1946, 2->3: 1009
accepted directly from s0    : 0
Gym endings cumulative       : terminated=4074, truncated=217

[Episode 5400/8000 | last 100]
success rate                : 71.0% (cumulative 20.0%)
synthetic task reward       : 7100.000
shaping reward              : -795.082
learning reward             : 6304.918
episode length              : 238.7
abstract changes / episode  : 18.4
DFA transitions / episode   : 1.55
DFA transitions in window   : 1->2: 84, 2->3: 71
epsilon (next episode)       : 0.11528
replay buffer                : 300000 samples [1: 61.0%, 2: 39.0%, 3: 0.0%]
DFA state visits in window   : 1: 14611, 2: 9287, 3: 71
DFA state visits cumulative  : 1: 1225236, 2: 254661, 3: 1080
DFA state entries in window  : 1: 100, 2: 84, 3: 71
DFA state entries cumulative : 1: 5400, 2: 2030, 3: 1080
transitions cumulative       : 1->2: 2030, 2->3: 1080
accepted directly from s0    : 0
Gym endings cumulative       : terminated=4103, truncated=217

[Episode 5500/8000 | last 100]
success rate                : 63.0% (cumulative 20.8%)
synthetic task reward       : 6300.000
shaping reward              : -1040.267
learning reward             : 5259.733
episode length              : 258.9
abstract changes / episode  : 20.6
DFA transitions / episode   : 1.45
DFA transitions in window   : 1->2: 82, 2->3: 63
epsilon (next episode)       : 0.11075
replay buffer                : 300000 samples [1: 61.8%, 2: 38.2%, 3: 0.0%]
DFA state visits in window   : 1: 16883, 2: 9039, 3: 63
DFA state visits cumulative  : 1: 1242119, 2: 263700, 3: 1143
DFA state entries in window  : 1: 100, 2: 82, 3: 63
DFA state entries cumulative : 1: 5500, 2: 2112, 3: 1143
transitions cumulative       : 1->2: 2112, 2->3: 1143
accepted directly from s0    : 0
Gym endings cumulative       : terminated=4139, truncated=218

[Episode 5600/8000 | last 100]
success rate                : 61.0% (cumulative 21.5%)
synthetic task reward       : 6100.000
shaping reward              : -1184.790
learning reward             : 4915.210
episode length              : 277.3
abstract changes / episode  : 21.3
DFA transitions / episode   : 1.34
DFA transitions in window   : 1->2: 73, 2->3: 61
epsilon (next episode)       : 0.10641
replay buffer                : 300000 samples [1: 63.0%, 2: 37.0%, 3: 0.0%]
DFA state visits in window   : 1: 20445, 2: 7320, 3: 61
DFA state visits cumulative  : 1: 1262564, 2: 271020, 3: 1204
DFA state entries in window  : 1: 100, 2: 73, 3: 61
DFA state entries cumulative : 1: 5600, 2: 2185, 3: 1204
transitions cumulative       : 1->2: 2185, 2->3: 1204
accepted directly from s0    : 0
Gym endings cumulative       : terminated=4177, truncated=219

[Episode 5700/8000 | last 100]
success rate                : 68.0% (cumulative 22.3%)
synthetic task reward       : 6800.000
shaping reward              : -962.151
learning reward             : 5837.849
episode length              : 251.4
abstract changes / episode  : 20.3
DFA transitions / episode   : 1.53
DFA transitions in window   : 1->2: 85, 2->3: 68
epsilon (next episode)       : 0.10224
replay buffer                : 300000 samples [1: 64.0%, 2: 36.0%, 3: 0.0%]
DFA state visits in window   : 1: 17617, 2: 7559, 3: 68
DFA state visits cumulative  : 1: 1280181, 2: 278579, 3: 1272
DFA state entries in window  : 1: 100, 2: 85, 3: 68
DFA state entries cumulative : 1: 5700, 2: 2270, 3: 1272
transitions cumulative       : 1->2: 2270, 2->3: 1272
accepted directly from s0    : 0
Gym endings cumulative       : terminated=4209, truncated=219

[Episode 5800/8000 | last 100]
success rate                : 78.0% (cumulative 23.3%)
synthetic task reward       : 7800.000
shaping reward              : -830.989
learning reward             : 6969.011
episode length              : 259.6
abstract changes / episode  : 20.0
DFA transitions / episode   : 1.71
DFA transitions in window   : 1->2: 93, 2->3: 78
epsilon (next episode)       : 0.09823
replay buffer                : 300000 samples [1: 64.9%, 2: 35.1%, 3: 0.0%]
DFA state visits in window   : 1: 17226, 2: 8756, 3: 78
DFA state visits cumulative  : 1: 1297407, 2: 287335, 3: 1350
DFA state entries in window  : 1: 100, 2: 93, 3: 78
DFA state entries cumulative : 1: 5800, 2: 2363, 3: 1350
transitions cumulative       : 1->2: 2363, 2->3: 1350
accepted directly from s0    : 0
Gym endings cumulative       : terminated=4231, truncated=219

[Episode 5900/8000 | last 100]
success rate                : 78.0% (cumulative 24.2%)
synthetic task reward       : 7800.000
shaping reward              : -800.479
learning reward             : 6999.521
episode length              : 246.2
abstract changes / episode  : 19.5
DFA transitions / episode   : 1.67
DFA transitions in window   : 1->2: 89, 2->3: 78
epsilon (next episode)       : 0.09438
replay buffer                : 300000 samples [1: 65.4%, 2: 34.6%, 3: 0.0%]
DFA state visits in window   : 1: 16178, 2: 8460, 3: 78
DFA state visits cumulative  : 1: 1313585, 2: 295795, 3: 1428
DFA state entries in window  : 1: 100, 2: 89, 3: 78
DFA state entries cumulative : 1: 5900, 2: 2452, 3: 1428
transitions cumulative       : 1->2: 2452, 2->3: 1428
accepted directly from s0    : 0
Gym endings cumulative       : terminated=4253, truncated=219

[Episode 6000/8000 | last 100]
success rate                : 79.0% (cumulative 25.1%)
synthetic task reward       : 7900.000
shaping reward              : -785.782
learning reward             : 7114.218
episode length              : 245.4
abstract changes / episode  : 19.0
DFA transitions / episode   : 1.66
DFA transitions in window   : 1->2: 87, 2->3: 79
epsilon (next episode)       : 0.09067
replay buffer                : 300000 samples [1: 65.9%, 2: 34.1%, 3: 0.0%]
DFA state visits in window   : 1: 15996, 2: 8561, 3: 79
DFA state visits cumulative  : 1: 1329581, 2: 304356, 3: 1507
DFA state entries in window  : 1: 100, 2: 87, 3: 79
DFA state entries cumulative : 1: 6000, 2: 2539, 3: 1507
transitions cumulative       : 1->2: 2539, 2->3: 1507
accepted directly from s0    : 0
Gym endings cumulative       : terminated=4274, truncated=219

[Episode 6100/8000 | last 100]
success rate                : 79.0% (cumulative 26.0%)
synthetic task reward       : 7900.000
shaping reward              : -668.055
learning reward             : 7231.945
episode length              : 217.2
abstract changes / episode  : 17.4
DFA transitions / episode   : 1.65
DFA transitions in window   : 1->2: 86, 2->3: 79
epsilon (next episode)       : 0.08712
replay buffer                : 300000 samples [1: 65.9%, 2: 34.1%, 3: 0.0%]
DFA state visits in window   : 1: 13682, 2: 8059, 3: 79
DFA state visits cumulative  : 1: 1343263, 2: 312415, 3: 1586
DFA state entries in window  : 1: 100, 2: 86, 3: 79
DFA state entries cumulative : 1: 6100, 2: 2625, 3: 1586
transitions cumulative       : 1->2: 2625, 2->3: 1586
accepted directly from s0    : 0
Gym endings cumulative       : terminated=4295, truncated=219

[Episode 6200/8000 | last 100]
success rate                : 71.0% (cumulative 26.7%)
synthetic task reward       : 7100.000
shaping reward              : -831.818
learning reward             : 6268.182
episode length              : 242.0
abstract changes / episode  : 19.2
DFA transitions / episode   : 1.56
DFA transitions in window   : 1->2: 85, 2->3: 71
epsilon (next episode)       : 0.08370
replay buffer                : 300000 samples [1: 66.4%, 2: 33.6%, 3: 0.0%]
DFA state visits in window   : 1: 16146, 2: 8085, 3: 71
DFA state visits cumulative  : 1: 1359409, 2: 320500, 3: 1657
DFA state entries in window  : 1: 100, 2: 85, 3: 71
DFA state entries cumulative : 1: 6200, 2: 2710, 3: 1657
transitions cumulative       : 1->2: 2710, 2->3: 1657
accepted directly from s0    : 0
Gym endings cumulative       : terminated=4324, truncated=219

[Episode 6300/8000 | last 100]
success rate                : 56.0% (cumulative 27.2%)
synthetic task reward       : 5600.000
shaping reward              : -1015.041
learning reward             : 4584.959
episode length              : 231.3
abstract changes / episode  : 19.9
DFA transitions / episode   : 1.37
DFA transitions in window   : 1->2: 81, 2->3: 56
epsilon (next episode)       : 0.08042
replay buffer                : 300000 samples [1: 66.7%, 2: 33.3%, 3: 0.0%]
DFA state visits in window   : 1: 15155, 2: 8020, 3: 56
DFA state visits cumulative  : 1: 1374564, 2: 328520, 3: 1713
DFA state entries in window  : 1: 100, 2: 81, 3: 56
DFA state entries cumulative : 1: 6300, 2: 2791, 3: 1713
transitions cumulative       : 1->2: 2791, 2->3: 1713
accepted directly from s0    : 0
Gym endings cumulative       : terminated=4368, truncated=219

[Episode 6400/8000 | last 100]
success rate                : 44.0% (cumulative 27.5%)
synthetic task reward       : 4400.000
shaping reward              : -1097.679
learning reward             : 3302.321
episode length              : 231.6
abstract changes / episode  : 19.6
DFA transitions / episode   : 1.16
DFA transitions in window   : 1->2: 72, 2->3: 44
epsilon (next episode)       : 0.07727
replay buffer                : 300000 samples [1: 66.7%, 2: 33.3%, 3: 0.0%]
DFA state visits in window   : 1: 16428, 2: 6783, 3: 44
DFA state visits cumulative  : 1: 1390992, 2: 335303, 3: 1757
DFA state entries in window  : 1: 100, 2: 72, 3: 44
DFA state entries cumulative : 1: 6400, 2: 2863, 3: 1757
transitions cumulative       : 1->2: 2863, 2->3: 1757
accepted directly from s0    : 0
Gym endings cumulative       : terminated=4424, truncated=219

[Episode 6500/8000 | last 100]
success rate                : 47.0% (cumulative 27.8%)
synthetic task reward       : 4700.000
shaping reward              : -1329.968
learning reward             : 3370.032
episode length              : 263.2
abstract changes / episode  : 21.5
DFA transitions / episode   : 1.12
DFA transitions in window   : 1->2: 65, 2->3: 47
epsilon (next episode)       : 0.07423
replay buffer                : 300000 samples [1: 67.4%, 2: 32.6%, 3: 0.0%]
DFA state visits in window   : 1: 19840, 2: 6535, 3: 47
DFA state visits cumulative  : 1: 1410832, 2: 341838, 3: 1804
DFA state entries in window  : 1: 100, 2: 65, 3: 47
DFA state entries cumulative : 1: 6500, 2: 2928, 3: 1804
transitions cumulative       : 1->2: 2928, 2->3: 1804
accepted directly from s0    : 0
Gym endings cumulative       : terminated=4477, truncated=219

[Episode 6600/8000 | last 100]
success rate                : 40.0% (cumulative 27.9%)
synthetic task reward       : 4000.000
shaping reward              : -1149.310
learning reward             : 2850.690
episode length              : 251.1
abstract changes / episode  : 19.4
DFA transitions / episode   : 1.07
DFA transitions in window   : 1->2: 67, 2->3: 40
epsilon (next episode)       : 0.07132
replay buffer                : 300000 samples [1: 68.5%, 2: 31.5%, 3: 0.0%]
DFA state visits in window   : 1: 18617, 2: 6552, 3: 40
DFA state visits cumulative  : 1: 1429449, 2: 348390, 3: 1844
DFA state entries in window  : 1: 100, 2: 67, 3: 40
DFA state entries cumulative : 1: 6600, 2: 2995, 3: 1844
transitions cumulative       : 1->2: 2995, 2->3: 1844
accepted directly from s0    : 0
Gym endings cumulative       : terminated=4537, truncated=219

[Episode 6700/8000 | last 100]
success rate                : 54.0% (cumulative 28.3%)
synthetic task reward       : 5400.000
shaping reward              : -861.919
learning reward             : 4538.081
episode length              : 238.3
abstract changes / episode  : 19.1
DFA transitions / episode   : 1.44
DFA transitions in window   : 1->2: 90, 2->3: 54
epsilon (next episode)       : 0.06853
replay buffer                : 300000 samples [1: 68.4%, 2: 31.6%, 3: 0.0%]
DFA state visits in window   : 1: 14219, 2: 9655, 3: 54
DFA state visits cumulative  : 1: 1443668, 2: 358045, 3: 1898
DFA state entries in window  : 1: 100, 2: 90, 3: 54
DFA state entries cumulative : 1: 6700, 2: 3085, 3: 1898
transitions cumulative       : 1->2: 3085, 2->3: 1898
accepted directly from s0    : 0
Gym endings cumulative       : terminated=4583, truncated=219

[Episode 6800/8000 | last 100]
success rate                : 79.0% (cumulative 29.1%)
synthetic task reward       : 7900.000
shaping reward              : -736.853
learning reward             : 7163.147
episode length              : 246.5
abstract changes / episode  : 19.5
DFA transitions / episode   : 1.79
DFA transitions in window   : 1->2: 100, 2->3: 79
epsilon (next episode)       : 0.06584
replay buffer                : 300000 samples [1: 66.7%, 2: 33.3%, 3: 0.0%]
DFA state visits in window   : 1: 13670, 2: 10997, 3: 79
DFA state visits cumulative  : 1: 1457338, 2: 369042, 3: 1977
DFA state entries in window  : 1: 100, 2: 100, 3: 79
DFA state entries cumulative : 1: 6800, 2: 3185, 3: 1977
transitions cumulative       : 1->2: 3185, 2->3: 1977
accepted directly from s0    : 0
Gym endings cumulative       : terminated=4604, truncated=219

[Episode 6900/8000 | last 100]
success rate                : 76.0% (cumulative 29.8%)
synthetic task reward       : 7600.000
shaping reward              : -752.875
learning reward             : 6847.125
episode length              : 231.5
abstract changes / episode  : 18.6
DFA transitions / episode   : 1.63
DFA transitions in window   : 1->2: 87, 2->3: 76
epsilon (next episode)       : 0.06326
replay buffer                : 300000 samples [1: 66.2%, 2: 33.8%, 3: 0.0%]
DFA state visits in window   : 1: 15126, 2: 8047, 3: 76
DFA state visits cumulative  : 1: 1472464, 2: 377089, 3: 2053
DFA state entries in window  : 1: 100, 2: 87, 3: 76
DFA state entries cumulative : 1: 6900, 2: 3272, 3: 2053
transitions cumulative       : 1->2: 3272, 2->3: 2053
accepted directly from s0    : 0
Gym endings cumulative       : terminated=4628, truncated=219

[Episode 7000/8000 | last 100]
success rate                : 86.0% (cumulative 30.6%)
synthetic task reward       : 8600.000
shaping reward              : -690.790
learning reward             : 7909.210
episode length              : 232.9
abstract changes / episode  : 18.4
DFA transitions / episode   : 1.74
DFA transitions in window   : 1->2: 88, 2->3: 86
epsilon (next episode)       : 0.06078
replay buffer                : 300000 samples [1: 66.0%, 2: 34.0%, 3: 0.0%]
DFA state visits in window   : 1: 14821, 2: 8480, 3: 86
DFA state visits cumulative  : 1: 1487285, 2: 385569, 3: 2139
DFA state entries in window  : 1: 100, 2: 88, 3: 86
DFA state entries cumulative : 1: 7000, 2: 3360, 3: 2139
transitions cumulative       : 1->2: 3360, 2->3: 2139
accepted directly from s0    : 0
Gym endings cumulative       : terminated=4642, truncated=219
Best policy updated at episode 7000: mean learning reward=7909.210

[Episode 7100/8000 | last 100]
success rate                : 66.0% (cumulative 31.1%)
synthetic task reward       : 6600.000
shaping reward              : -909.319
learning reward             : 5690.681
episode length              : 244.3
abstract changes / episode  : 19.1
DFA transitions / episode   : 1.46
DFA transitions in window   : 1->2: 80, 2->3: 66
epsilon (next episode)       : 0.05839
replay buffer                : 300000 samples [1: 66.1%, 2: 33.9%, 3: 0.0%]
DFA state visits in window   : 1: 16553, 2: 7916, 3: 66
DFA state visits cumulative  : 1: 1503838, 2: 393485, 3: 2205
DFA state entries in window  : 1: 100, 2: 80, 3: 66
DFA state entries cumulative : 1: 7100, 2: 3440, 3: 2205
transitions cumulative       : 1->2: 3440, 2->3: 2205
accepted directly from s0    : 0
Gym endings cumulative       : terminated=4676, truncated=219

[Episode 7200/8000 | last 100]
success rate                : 67.0% (cumulative 31.6%)
synthetic task reward       : 6700.000
shaping reward              : -794.240
learning reward             : 5905.760
episode length              : 236.7
abstract changes / episode  : 17.7
DFA transitions / episode   : 1.44
DFA transitions in window   : 1->2: 77, 2->3: 67
epsilon (next episode)       : 0.05610
replay buffer                : 300000 samples [1: 66.2%, 2: 33.8%, 3: 0.0%]
DFA state visits in window   : 1: 16491, 2: 7216, 3: 67
DFA state visits cumulative  : 1: 1520329, 2: 400701, 3: 2272
DFA state entries in window  : 1: 100, 2: 77, 3: 67
DFA state entries cumulative : 1: 7200, 2: 3517, 3: 2272
transitions cumulative       : 1->2: 3517, 2->3: 2272
accepted directly from s0    : 0
Gym endings cumulative       : terminated=4709, truncated=219

[Episode 7300/8000 | last 100]
success rate                : 61.0% (cumulative 32.0%)
synthetic task reward       : 6100.000
shaping reward              : -965.023
learning reward             : 5134.977
episode length              : 254.0
abstract changes / episode  : 19.8
DFA transitions / episode   : 1.41
DFA transitions in window   : 1->2: 80, 2->3: 61
epsilon (next episode)       : 0.05390
replay buffer                : 300000 samples [1: 66.8%, 2: 33.2%, 3: 0.0%]
DFA state visits in window   : 1: 17680, 2: 7763, 3: 61
DFA state visits cumulative  : 1: 1538009, 2: 408464, 3: 2333
DFA state entries in window  : 1: 100, 2: 80, 3: 61
DFA state entries cumulative : 1: 7300, 2: 3597, 3: 2333
transitions cumulative       : 1->2: 3597, 2->3: 2333
accepted directly from s0    : 0
Gym endings cumulative       : terminated=4748, truncated=219

[Episode 7400/8000 | last 100]
success rate                : 70.0% (cumulative 32.5%)
synthetic task reward       : 7000.000
shaping reward              : -803.048
learning reward             : 6196.952
episode length              : 239.8
abstract changes / episode  : 18.3
DFA transitions / episode   : 1.52
DFA transitions in window   : 1->2: 82, 2->3: 70
epsilon (next episode)       : 0.05179
replay buffer                : 300000 samples [1: 66.8%, 2: 33.2%, 3: 0.0%]
DFA state visits in window   : 1: 15546, 2: 8467, 3: 70
DFA state visits cumulative  : 1: 1553555, 2: 416931, 3: 2403
DFA state entries in window  : 1: 100, 2: 82, 3: 70
DFA state entries cumulative : 1: 7400, 2: 3679, 3: 2403
transitions cumulative       : 1->2: 3679, 2->3: 2403
accepted directly from s0    : 0
Gym endings cumulative       : terminated=4778, truncated=219

[Episode 7500/8000 | last 100]
success rate                : 69.0% (cumulative 33.0%)
synthetic task reward       : 6900.000
shaping reward              : -842.681
learning reward             : 6057.319
episode length              : 215.2
abstract changes / episode  : 17.6
DFA transitions / episode   : 1.41
DFA transitions in window   : 1->2: 72, 2->3: 69
epsilon (next episode)       : 0.04976
replay buffer                : 300000 samples [1: 66.6%, 2: 33.4%, 3: 0.0%]
DFA state visits in window   : 1: 14172, 2: 7384, 3: 69
DFA state visits cumulative  : 1: 1567727, 2: 424315, 3: 2472
DFA state entries in window  : 1: 100, 2: 72, 3: 69
DFA state entries cumulative : 1: 7500, 2: 3751, 3: 2472
transitions cumulative       : 1->2: 3751, 2->3: 2472
accepted directly from s0    : 0
Gym endings cumulative       : terminated=4809, truncated=219

[Episode 7600/8000 | last 100]
success rate                : 64.0% (cumulative 33.4%)
synthetic task reward       : 6400.000
shaping reward              : -846.699
learning reward             : 5553.301
episode length              : 203.9
abstract changes / episode  : 17.3
DFA transitions / episode   : 1.35
DFA transitions in window   : 1->2: 71, 2->3: 64
epsilon (next episode)       : 0.04781
replay buffer                : 300000 samples [1: 66.6%, 2: 33.4%, 3: 0.0%]
DFA state visits in window   : 1: 13004, 2: 7419, 3: 64
DFA state visits cumulative  : 1: 1580731, 2: 431734, 3: 2536
DFA state entries in window  : 1: 100, 2: 71, 3: 64
DFA state entries cumulative : 1: 7600, 2: 3822, 3: 2536
transitions cumulative       : 1->2: 3822, 2->3: 2536
accepted directly from s0    : 0
Gym endings cumulative       : terminated=4845, truncated=219

[Episode 7700/8000 | last 100]
success rate                : 48.0% (cumulative 33.6%)
synthetic task reward       : 4800.000
shaping reward              : -1143.188
learning reward             : 3656.812
episode length              : 221.3
abstract changes / episode  : 18.2
DFA transitions / episode   : 1.07
DFA transitions in window   : 1->2: 59, 2->3: 48
epsilon (next episode)       : 0.04593
replay buffer                : 300000 samples [1: 66.4%, 2: 33.6%, 3: 0.0%]
DFA state visits in window   : 1: 16359, 2: 5825, 3: 48
DFA state visits cumulative  : 1: 1597090, 2: 437559, 3: 2584
DFA state entries in window  : 1: 100, 2: 59, 3: 48
DFA state entries cumulative : 1: 7700, 2: 3881, 3: 2584
transitions cumulative       : 1->2: 3881, 2->3: 2584
accepted directly from s0    : 0
Gym endings cumulative       : terminated=4897, truncated=219

[Episode 7800/8000 | last 100]
success rate                : 48.0% (cumulative 33.7%)
synthetic task reward       : 4800.000
shaping reward              : -898.934
learning reward             : 3901.066
episode length              : 201.5
abstract changes / episode  : 16.0
DFA transitions / episode   : 1.20
DFA transitions in window   : 1->2: 72, 2->3: 48
epsilon (next episode)       : 0.04413
replay buffer                : 300000 samples [1: 65.9%, 2: 34.1%, 3: 0.0%]
DFA state visits in window   : 1: 13061, 2: 7138, 3: 48
DFA state visits cumulative  : 1: 1610151, 2: 444697, 3: 2632
DFA state entries in window  : 1: 100, 2: 72, 3: 48
DFA state entries cumulative : 1: 7800, 2: 3953, 3: 2632
transitions cumulative       : 1->2: 3953, 2->3: 2632
accepted directly from s0    : 0
Gym endings cumulative       : terminated=4949, truncated=219

[Episode 7900/8000 | last 100]
success rate                : 41.0% (cumulative 33.8%)
synthetic task reward       : 4100.000
shaping reward              : -895.255
learning reward             : 3204.745
episode length              : 203.4
abstract changes / episode  : 15.2
DFA transitions / episode   : 1.08
DFA transitions in window   : 1->2: 67, 2->3: 41
epsilon (next episode)       : 0.04240
replay buffer                : 300000 samples [1: 65.7%, 2: 34.3%, 3: 0.0%]
DFA state visits in window   : 1: 14296, 2: 6105, 3: 41
DFA state visits cumulative  : 1: 1624447, 2: 450802, 3: 2673
DFA state entries in window  : 1: 100, 2: 67, 3: 41
DFA state entries cumulative : 1: 7900, 2: 4020, 3: 2673
transitions cumulative       : 1->2: 4020, 2->3: 2673
accepted directly from s0    : 0
Gym endings cumulative       : terminated=5008, truncated=219

[Episode 8000/8000 | last 100]
success rate                : 67.0% (cumulative 34.2%)
synthetic task reward       : 6700.000
shaping reward              : -776.406
learning reward             : 5923.594
episode length              : 220.5
abstract changes / episode  : 17.3
DFA transitions / episode   : 1.43
DFA transitions in window   : 1->2: 76, 2->3: 67
epsilon (next episode)       : 0.04074
replay buffer                : 300000 samples [1: 66.0%, 2: 34.0%, 3: 0.0%]
DFA state visits in window   : 1: 14974, 2: 7113, 3: 67
DFA state visits cumulative  : 1: 1639421, 2: 457915, 3: 2740
DFA state entries in window  : 1: 100, 2: 76, 3: 67
DFA state entries cumulative : 1: 8000, 2: 4096, 3: 2740
transitions cumulative       : 1->2: 4096, 2->3: 2740
accepted directly from s0    : 0
Gym endings cumulative       : terminated=5041, truncated=219
Last policy saved after episode 8000. Best policy: episode 7000, mean learning reward=7909.210
