
=== NEW RUN ===
episodes=8000, shaping=False, K=1.0, goal_reward=10000.0, gamma=0.99
waypoints={'g1': (5, 10), 'g2': (6, 0)}
automaton_states=['q1', 'q2'], initial=q1, accepting=['q3']

[Episode 1/8000 | last 1]
success rate                : 0.0% (cumulative 0.0%)
synthetic task reward       : 0.000
shaping reward              : 0.000
learning reward             : 0.000
episode length              : 71.0
abstract changes / episode  : 12.0
completed cycles / episode   : 0.00
automaton changes / episode  : 0.00
automaton changes in window  : none
epsilon (next episode)       : 0.99960
replay buffer                : 71 samples [q1: 100.0%, q2: 0.0%]
state visits in window        : q1: 72, q2: 0
state visits cumulative       : q1: 72, q2: 0
state entries in window       : q1: 1, q2: 0
state entries cumulative      : q1: 1, q2: 0
transitions cumulative       : none
Gym endings cumulative       : terminated=1, truncated=0
Best policy updated at episode 1: mean learning reward=0.000

[Episode 100/8000 | last 100]
success rate                : 2.0% (cumulative 2.0%)
synthetic task reward       : 200.000
shaping reward              : 0.000
learning reward             : 200.000
episode length              : 96.2
abstract changes / episode  : 12.9
completed cycles / episode   : 0.02
automaton changes / episode  : 0.38
automaton changes in window  : q1->q2: 36, q2->q1: 2
epsilon (next episode)       : 0.96078
replay buffer                : 9617 samples [q1: 73.1%, q2: 26.9%]
state visits in window        : q1: 7092, q2: 2625
state visits cumulative       : q1: 7092, q2: 2625
state entries in window       : q1: 102, q2: 36
state entries cumulative      : q1: 102, q2: 36
transitions cumulative       : q1->q2: 36, q2->q1: 2
Gym endings cumulative       : terminated=100, truncated=0
Best policy updated at episode 100: mean learning reward=200.000

[Episode 200/8000 | last 100]
success rate                : 6.0% (cumulative 4.0%)
synthetic task reward       : 600.000
shaping reward              : 0.000
learning reward             : 600.000
episode length              : 93.3
abstract changes / episode  : 12.6
completed cycles / episode   : 0.06
automaton changes / episode  : 0.45
automaton changes in window  : q1->q2: 39, q2->q1: 6
epsilon (next episode)       : 0.92310
replay buffer                : 18951 samples [q1: 72.2%, q2: 27.8%]
state visits in window        : q1: 6721, q2: 2713
state visits cumulative       : q1: 13813, q2: 5338
state entries in window       : q1: 106, q2: 39
state entries cumulative      : q1: 208, q2: 75
transitions cumulative       : q1->q2: 75, q2->q1: 8
Gym endings cumulative       : terminated=200, truncated=0
Best policy updated at episode 200: mean learning reward=600.000

[Episode 300/8000 | last 100]
success rate                : 6.0% (cumulative 4.7%)
synthetic task reward       : 600.000
shaping reward              : 0.000
learning reward             : 600.000
episode length              : 91.2
abstract changes / episode  : 12.7
completed cycles / episode   : 0.06
automaton changes / episode  : 0.50
automaton changes in window  : q1->q2: 44, q2->q1: 6
epsilon (next episode)       : 0.88690
replay buffer                : 28066 samples [q1: 70.5%, q2: 29.5%]
state visits in window        : q1: 6169, q2: 3046
state visits cumulative       : q1: 19982, q2: 8384
state entries in window       : q1: 106, q2: 44
state entries cumulative      : q1: 314, q2: 119
transitions cumulative       : q1->q2: 119, q2->q1: 14
Gym endings cumulative       : terminated=300, truncated=0

[Episode 400/8000 | last 100]
success rate                : 3.0% (cumulative 4.2%)
synthetic task reward       : 300.000
shaping reward              : 0.000
learning reward             : 300.000
episode length              : 88.9
abstract changes / episode  : 12.5
completed cycles / episode   : 0.03
automaton changes / episode  : 0.42
automaton changes in window  : q1->q2: 39, q2->q1: 3
epsilon (next episode)       : 0.85212
replay buffer                : 36957 samples [q1: 70.2%, q2: 29.8%]
state visits in window        : q1: 6217, q2: 2774
state visits cumulative       : q1: 26199, q2: 11158
state entries in window       : q1: 103, q2: 39
state entries cumulative      : q1: 417, q2: 158
transitions cumulative       : q1->q2: 158, q2->q1: 17
Gym endings cumulative       : terminated=400, truncated=0

[Episode 500/8000 | last 100]
success rate                : 8.0% (cumulative 5.0%)
synthetic task reward       : 800.000
shaping reward              : 0.000
learning reward             : 800.000
episode length              : 89.1
abstract changes / episode  : 12.2
completed cycles / episode   : 0.08
automaton changes / episode  : 0.49
automaton changes in window  : q1->q2: 41, q2->q1: 8
epsilon (next episode)       : 0.81870
replay buffer                : 45867 samples [q1: 69.8%, q2: 30.2%]
state visits in window        : q1: 6123, q2: 2887
state visits cumulative       : q1: 32322, q2: 14045
state entries in window       : q1: 108, q2: 41
state entries cumulative      : q1: 525, q2: 199
transitions cumulative       : q1->q2: 199, q2->q1: 25
Gym endings cumulative       : terminated=500, truncated=0
Best policy updated at episode 500: mean learning reward=800.000

[Episode 600/8000 | last 100]
success rate                : 9.0% (cumulative 5.7%)
synthetic task reward       : 900.000
shaping reward              : 0.000
learning reward             : 900.000
episode length              : 93.5
abstract changes / episode  : 12.4
completed cycles / episode   : 0.09
automaton changes / episode  : 0.49
automaton changes in window  : q1->q2: 40, q2->q1: 9
epsilon (next episode)       : 0.78659
replay buffer                : 55222 samples [q1: 69.8%, q2: 30.2%]
state visits in window        : q1: 6610, q2: 2845
state visits cumulative       : q1: 38932, q2: 16890
state entries in window       : q1: 109, q2: 40
state entries cumulative      : q1: 634, q2: 239
transitions cumulative       : q1->q2: 239, q2->q1: 34
Gym endings cumulative       : terminated=600, truncated=0
Best policy updated at episode 600: mean learning reward=900.000

[Episode 700/8000 | last 100]
success rate                : 18.0% (cumulative 7.4%)
synthetic task reward       : 1800.000
shaping reward              : 0.000
learning reward             : 1800.000
episode length              : 97.8
abstract changes / episode  : 12.5
completed cycles / episode   : 0.18
automaton changes / episode  : 0.70
automaton changes in window  : q1->q2: 52, q2->q1: 18
epsilon (next episode)       : 0.75574
replay buffer                : 65007 samples [q1: 68.4%, q2: 31.6%]
state visits in window        : q1: 6013, q2: 3872
state visits cumulative       : q1: 44945, q2: 20762
state entries in window       : q1: 118, q2: 52
state entries cumulative      : q1: 752, q2: 291
transitions cumulative       : q1->q2: 291, q2->q1: 52
Gym endings cumulative       : terminated=700, truncated=0
Best policy updated at episode 700: mean learning reward=1800.000

[Episode 800/8000 | last 100]
success rate                : 14.0% (cumulative 8.2%)
synthetic task reward       : 1400.000
shaping reward              : 0.000
learning reward             : 1400.000
episode length              : 95.9
abstract changes / episode  : 12.5
completed cycles / episode   : 0.14
automaton changes / episode  : 0.61
automaton changes in window  : q1->q2: 47, q2->q1: 14
epsilon (next episode)       : 0.72610
replay buffer                : 74597 samples [q1: 67.9%, q2: 32.1%]
state visits in window        : q1: 6227, q2: 3463
state visits cumulative       : q1: 51172, q2: 24225
state entries in window       : q1: 114, q2: 47
state entries cumulative      : q1: 866, q2: 338
transitions cumulative       : q1->q2: 338, q2->q1: 66
Gym endings cumulative       : terminated=800, truncated=0

[Episode 900/8000 | last 100]
success rate                : 15.0% (cumulative 9.0%)
synthetic task reward       : 1500.000
shaping reward              : 0.000
learning reward             : 1500.000
episode length              : 95.5
abstract changes / episode  : 12.3
completed cycles / episode   : 0.15
automaton changes / episode  : 0.60
automaton changes in window  : q1->q2: 45, q2->q1: 15
epsilon (next episode)       : 0.69763
replay buffer                : 84148 samples [q1: 67.9%, q2: 32.1%]
state visits in window        : q1: 6525, q2: 3126
state visits cumulative       : q1: 57697, q2: 27351
state entries in window       : q1: 115, q2: 45
state entries cumulative      : q1: 981, q2: 383
transitions cumulative       : q1->q2: 383, q2->q1: 81
Gym endings cumulative       : terminated=900, truncated=0

[Episode 1000/8000 | last 100]
success rate                : 22.0% (cumulative 10.3%)
synthetic task reward       : 2200.000
shaping reward              : 0.000
learning reward             : 2200.000
episode length              : 98.0
abstract changes / episode  : 12.4
completed cycles / episode   : 0.22
automaton changes / episode  : 0.67
automaton changes in window  : q1->q2: 45, q2->q1: 22
epsilon (next episode)       : 0.67027
replay buffer                : 93948 samples [q1: 67.7%, q2: 32.3%]
state visits in window        : q1: 6555, q2: 3345
state visits cumulative       : q1: 64252, q2: 30696
state entries in window       : q1: 122, q2: 45
state entries cumulative      : q1: 1103, q2: 428
transitions cumulative       : q1->q2: 428, q2->q1: 103
Gym endings cumulative       : terminated=1000, truncated=0
Best policy updated at episode 1000: mean learning reward=2200.000

[Episode 1100/8000 | last 100]
success rate                : 20.0% (cumulative 11.2%)
synthetic task reward       : 2000.000
shaping reward              : 0.000
learning reward             : 2000.000
episode length              : 101.4
abstract changes / episode  : 12.6
completed cycles / episode   : 0.20
automaton changes / episode  : 0.68
automaton changes in window  : q1->q2: 48, q2->q1: 20
epsilon (next episode)       : 0.64398
replay buffer                : 104087 samples [q1: 67.4%, q2: 32.6%]
state visits in window        : q1: 6623, q2: 3616
state visits cumulative       : q1: 70875, q2: 34312
state entries in window       : q1: 120, q2: 48
state entries cumulative      : q1: 1223, q2: 476
transitions cumulative       : q1->q2: 476, q2->q1: 123
Gym endings cumulative       : terminated=1100, truncated=0

[Episode 1200/8000 | last 100]
success rate                : 26.0% (cumulative 12.4%)
synthetic task reward       : 2600.000
shaping reward              : 0.000
learning reward             : 2600.000
episode length              : 108.4
abstract changes / episode  : 12.4
completed cycles / episode   : 0.26
automaton changes / episode  : 0.74
automaton changes in window  : q1->q2: 48, q2->q1: 26
epsilon (next episode)       : 0.61872
replay buffer                : 114931 samples [q1: 67.5%, q2: 32.5%]
state visits in window        : q1: 7575, q2: 3369
state visits cumulative       : q1: 78450, q2: 37681
state entries in window       : q1: 126, q2: 48
state entries cumulative      : q1: 1349, q2: 524
transitions cumulative       : q1->q2: 524, q2->q1: 149
Gym endings cumulative       : terminated=1200, truncated=0
Best policy updated at episode 1200: mean learning reward=2600.000

[Episode 1300/8000 | last 100]
success rate                : 32.0% (cumulative 13.9%)
synthetic task reward       : 3200.000
shaping reward              : 0.000
learning reward             : 3200.000
episode length              : 108.4
abstract changes / episode  : 12.4
completed cycles / episode   : 0.32
automaton changes / episode  : 0.76
automaton changes in window  : q1->q2: 44, q2->q1: 32
epsilon (next episode)       : 0.59446
replay buffer                : 125772 samples [q1: 67.8%, q2: 32.2%]
state visits in window        : q1: 7724, q2: 3217
state visits cumulative       : q1: 86174, q2: 40898
state entries in window       : q1: 132, q2: 44
state entries cumulative      : q1: 1481, q2: 568
transitions cumulative       : q1->q2: 568, q2->q1: 181
Gym endings cumulative       : terminated=1300, truncated=0
Best policy updated at episode 1300: mean learning reward=3200.000

[Episode 1400/8000 | last 100]
success rate                : 19.0% (cumulative 14.3%)
synthetic task reward       : 1900.000
shaping reward              : 0.000
learning reward             : 1900.000
episode length              : 118.9
abstract changes / episode  : 12.7
completed cycles / episode   : 0.19
automaton changes / episode  : 0.52
automaton changes in window  : q1->q2: 33, q2->q1: 19
epsilon (next episode)       : 0.57115
replay buffer                : 137662 samples [q1: 68.8%, q2: 31.2%]
state visits in window        : q1: 9529, q2: 2461
state visits cumulative       : q1: 95703, q2: 43359
state entries in window       : q1: 119, q2: 33
state entries cumulative      : q1: 1600, q2: 601
transitions cumulative       : q1->q2: 601, q2->q1: 200
Gym endings cumulative       : terminated=1400, truncated=0

[Episode 1500/8000 | last 100]
success rate                : 34.0% (cumulative 15.6%)
synthetic task reward       : 3400.000
shaping reward              : 0.000
learning reward             : 3400.000
episode length              : 116.3
abstract changes / episode  : 12.5
completed cycles / episode   : 0.34
automaton changes / episode  : 0.83
automaton changes in window  : q1->q2: 49, q2->q1: 34
epsilon (next episode)       : 0.54875
replay buffer                : 149292 samples [q1: 68.9%, q2: 31.1%]
state visits in window        : q1: 8251, q2: 3479
state visits cumulative       : q1: 103954, q2: 46838
state entries in window       : q1: 134, q2: 49
state entries cumulative      : q1: 1734, q2: 650
transitions cumulative       : q1->q2: 650, q2->q1: 234
Gym endings cumulative       : terminated=1500, truncated=0
Best policy updated at episode 1500: mean learning reward=3400.000

[Episode 1600/8000 | last 100]
success rate                : 32.0% (cumulative 16.6%)
synthetic task reward       : 3200.000
shaping reward              : 0.000
learning reward             : 3200.000
episode length              : 121.9
abstract changes / episode  : 12.3
completed cycles / episode   : 0.32
automaton changes / episode  : 0.84
automaton changes in window  : q1->q2: 52, q2->q1: 32
epsilon (next episode)       : 0.52722
replay buffer                : 161478 samples [q1: 69.0%, q2: 31.0%]
state visits in window        : q1: 8581, q2: 3705
state visits cumulative       : q1: 112535, q2: 50543
state entries in window       : q1: 132, q2: 52
state entries cumulative      : q1: 1866, q2: 702
transitions cumulative       : q1->q2: 702, q2->q1: 266
Gym endings cumulative       : terminated=1600, truncated=0

[Episode 1700/8000 | last 100]
success rate                : 47.0% (cumulative 18.4%)
synthetic task reward       : 4700.000
shaping reward              : 0.000
learning reward             : 4700.000
episode length              : 117.1
abstract changes / episode  : 12.8
completed cycles / episode   : 0.47
automaton changes / episode  : 1.14
automaton changes in window  : q1->q2: 67, q2->q1: 47
epsilon (next episode)       : 0.50655
replay buffer                : 173186 samples [q1: 68.2%, q2: 31.8%]
state visits in window        : q1: 6804, q2: 5004
state visits cumulative       : q1: 119339, q2: 55547
state entries in window       : q1: 147, q2: 67
state entries cumulative      : q1: 2013, q2: 769
transitions cumulative       : q1->q2: 769, q2->q1: 313
Gym endings cumulative       : terminated=1700, truncated=0
Best policy updated at episode 1700: mean learning reward=4700.000

[Episode 1800/8000 | last 100]
success rate                : 40.0% (cumulative 19.6%)
synthetic task reward       : 4000.000
shaping reward              : 0.000
learning reward             : 4000.000
episode length              : 129.3
abstract changes / episode  : 12.8
completed cycles / episode   : 0.40
automaton changes / episode  : 0.98
automaton changes in window  : q1->q2: 58, q2->q1: 40
epsilon (next episode)       : 0.48668
replay buffer                : 186112 samples [q1: 68.0%, q2: 32.0%]
state visits in window        : q1: 8485, q2: 4541
state visits cumulative       : q1: 127824, q2: 60088
state entries in window       : q1: 140, q2: 58
state entries cumulative      : q1: 2153, q2: 827
transitions cumulative       : q1->q2: 827, q2->q1: 353
Gym endings cumulative       : terminated=1800, truncated=0

[Episode 1900/8000 | last 100]
success rate                : 37.0% (cumulative 20.5%)
synthetic task reward       : 3700.000
shaping reward              : 0.000
learning reward             : 3700.000
episode length              : 148.0
abstract changes / episode  : 13.2
completed cycles / episode   : 0.37
automaton changes / episode  : 0.86
automaton changes in window  : q1->q2: 49, q2->q1: 37
epsilon (next episode)       : 0.46760
replay buffer                : 200908 samples [q1: 68.3%, q2: 31.7%]
state visits in window        : q1: 10835, q2: 4061
state visits cumulative       : q1: 138659, q2: 64149
state entries in window       : q1: 137, q2: 49
state entries cumulative      : q1: 2290, q2: 876
transitions cumulative       : q1->q2: 876, q2->q1: 390
Gym endings cumulative       : terminated=1900, truncated=0

[Episode 2000/8000 | last 100]
success rate                : 49.0% (cumulative 21.9%)
synthetic task reward       : 4900.000
shaping reward              : 0.000
learning reward             : 4900.000
episode length              : 150.4
abstract changes / episode  : 14.0
completed cycles / episode   : 0.49
automaton changes / episode  : 1.11
automaton changes in window  : q1->q2: 62, q2->q1: 49
epsilon (next episode)       : 0.44926
replay buffer                : 215950 samples [q1: 68.3%, q2: 31.7%]
state visits in window        : q1: 10303, q2: 4839
state visits cumulative       : q1: 148962, q2: 68988
state entries in window       : q1: 149, q2: 62
state entries cumulative      : q1: 2439, q2: 938
transitions cumulative       : q1->q2: 938, q2->q1: 439
Gym endings cumulative       : terminated=2000, truncated=0
Best policy updated at episode 2000: mean learning reward=4900.000

[Episode 2100/8000 | last 100]
success rate                : 48.0% (cumulative 23.2%)
synthetic task reward       : 4800.000
shaping reward              : 0.000
learning reward             : 4800.000
episode length              : 150.4
abstract changes / episode  : 13.7
completed cycles / episode   : 0.48
automaton changes / episode  : 1.11
automaton changes in window  : q1->q2: 63, q2->q1: 48
epsilon (next episode)       : 0.43164
replay buffer                : 230991 samples [q1: 68.2%, q2: 31.8%]
state visits in window        : q1: 10090, q2: 5051
state visits cumulative       : q1: 159052, q2: 74039
state entries in window       : q1: 148, q2: 63
state entries cumulative      : q1: 2587, q2: 1001
transitions cumulative       : q1->q2: 1001, q2->q1: 487
Gym endings cumulative       : terminated=2100, truncated=0

[Episode 2200/8000 | last 100]
success rate                : 57.0% (cumulative 24.7%)
synthetic task reward       : 5700.000
shaping reward              : 0.000
learning reward             : 5700.000
episode length              : 148.1
abstract changes / episode  : 13.2
completed cycles / episode   : 0.57
automaton changes / episode  : 1.24
automaton changes in window  : q1->q2: 67, q2->q1: 57
epsilon (next episode)       : 0.41471
replay buffer                : 245801 samples [q1: 68.0%, q2: 32.0%]
state visits in window        : q1: 9688, q2: 5222
state visits cumulative       : q1: 168740, q2: 79261
state entries in window       : q1: 157, q2: 67
state entries cumulative      : q1: 2744, q2: 1068
transitions cumulative       : q1->q2: 1068, q2->q1: 544
Gym endings cumulative       : terminated=2200, truncated=0
Best policy updated at episode 2200: mean learning reward=5700.000

[Episode 2300/8000 | last 100]
success rate                : 55.0% (cumulative 26.0%)
synthetic task reward       : 5500.000
shaping reward              : 0.000
learning reward             : 5500.000
episode length              : 138.1
abstract changes / episode  : 12.9
completed cycles / episode   : 0.55
automaton changes / episode  : 1.16
automaton changes in window  : q1->q2: 61, q2->q1: 55
epsilon (next episode)       : 0.39845
replay buffer                : 259613 samples [q1: 67.9%, q2: 32.1%]
state visits in window        : q1: 9432, q2: 4480
state visits cumulative       : q1: 178172, q2: 83741
state entries in window       : q1: 155, q2: 61
state entries cumulative      : q1: 2899, q2: 1129
transitions cumulative       : q1->q2: 1129, q2->q1: 599
Gym endings cumulative       : terminated=2300, truncated=0

[Episode 2400/8000 | last 100]
success rate                : 45.0% (cumulative 26.8%)
synthetic task reward       : 4500.000
shaping reward              : 0.000
learning reward             : 4500.000
episode length              : 136.4
abstract changes / episode  : 13.2
completed cycles / episode   : 0.45
automaton changes / episode  : 1.14
automaton changes in window  : q1->q2: 69, q2->q1: 45
epsilon (next episode)       : 0.38282
replay buffer                : 273252 samples [q1: 67.8%, q2: 32.2%]
state visits in window        : q1: 8888, q2: 4851
state visits cumulative       : q1: 187060, q2: 88592
state entries in window       : q1: 145, q2: 69
state entries cumulative      : q1: 3044, q2: 1198
transitions cumulative       : q1->q2: 1198, q2->q1: 644
Gym endings cumulative       : terminated=2400, truncated=0

[Episode 2500/8000 | last 100]
success rate                : 57.0% (cumulative 28.0%)
synthetic task reward       : 5700.000
shaping reward              : 0.000
learning reward             : 5700.000
episode length              : 152.1
abstract changes / episode  : 14.4
completed cycles / episode   : 0.57
automaton changes / episode  : 1.32
automaton changes in window  : q1->q2: 75, q2->q1: 57
epsilon (next episode)       : 0.36781
replay buffer                : 288464 samples [q1: 67.6%, q2: 32.4%]
state visits in window        : q1: 9746, q2: 5566
state visits cumulative       : q1: 196806, q2: 94158
state entries in window       : q1: 157, q2: 75
state entries cumulative      : q1: 3201, q2: 1273
transitions cumulative       : q1->q2: 1273, q2->q1: 701
Gym endings cumulative       : terminated=2500, truncated=0

[Episode 2600/8000 | last 100]
success rate                : 70.0% (cumulative 29.7%)
synthetic task reward       : 7000.000
shaping reward              : 0.000
learning reward             : 7000.000
episode length              : 160.6
abstract changes / episode  : 14.6
completed cycles / episode   : 0.70
automaton changes / episode  : 1.49
automaton changes in window  : q1->q2: 79, q2->q1: 70
epsilon (next episode)       : 0.35338
replay buffer                : 300000 samples [q1: 67.2%, q2: 32.8%]
state visits in window        : q1: 9792, q2: 6372
state visits cumulative       : q1: 206598, q2: 100530
state entries in window       : q1: 170, q2: 79
state entries cumulative      : q1: 3371, q2: 1352
transitions cumulative       : q1->q2: 1352, q2->q1: 771
Gym endings cumulative       : terminated=2600, truncated=0
Best policy updated at episode 2600: mean learning reward=7000.000

[Episode 2700/8000 | last 100]
success rate                : 68.0% (cumulative 31.1%)
synthetic task reward       : 6800.000
shaping reward              : 0.000
learning reward             : 6800.000
episode length              : 158.1
abstract changes / episode  : 14.0
completed cycles / episode   : 0.68
automaton changes / episode  : 1.45
automaton changes in window  : q1->q2: 77, q2->q1: 68
epsilon (next episode)       : 0.33952
replay buffer                : 300000 samples [q1: 66.4%, q2: 33.6%]
state visits in window        : q1: 9326, q2: 6586
state visits cumulative       : q1: 215924, q2: 107116
state entries in window       : q1: 168, q2: 77
state entries cumulative      : q1: 3539, q2: 1429
transitions cumulative       : q1->q2: 1429, q2->q1: 839
Gym endings cumulative       : terminated=2700, truncated=0

[Episode 2800/8000 | last 100]
success rate                : 64.0% (cumulative 32.2%)
synthetic task reward       : 6400.000
shaping reward              : 0.000
learning reward             : 6400.000
episode length              : 165.7
abstract changes / episode  : 14.4
completed cycles / episode   : 0.64
automaton changes / episode  : 1.40
automaton changes in window  : q1->q2: 76, q2->q1: 64
epsilon (next episode)       : 0.32621
replay buffer                : 300000 samples [q1: 66.0%, q2: 34.0%]
state visits in window        : q1: 10100, q2: 6565
state visits cumulative       : q1: 226024, q2: 113681
state entries in window       : q1: 164, q2: 76
state entries cumulative      : q1: 3703, q2: 1505
transitions cumulative       : q1->q2: 1505, q2->q1: 903
Gym endings cumulative       : terminated=2800, truncated=0

[Episode 2900/8000 | last 100]
success rate                : 70.0% (cumulative 33.6%)
synthetic task reward       : 7000.000
shaping reward              : 0.000
learning reward             : 7000.000
episode length              : 165.9
abstract changes / episode  : 14.7
completed cycles / episode   : 0.70
automaton changes / episode  : 1.48
automaton changes in window  : q1->q2: 78, q2->q1: 70
epsilon (next episode)       : 0.31341
replay buffer                : 300000 samples [q1: 65.1%, q2: 34.9%]
state visits in window        : q1: 8971, q2: 7719
state visits cumulative       : q1: 234995, q2: 121400
state entries in window       : q1: 170, q2: 78
state entries cumulative      : q1: 3873, q2: 1583
transitions cumulative       : q1->q2: 1583, q2->q1: 973
Gym endings cumulative       : terminated=2900, truncated=0

[Episode 3000/8000 | last 100]
success rate                : 77.0% (cumulative 35.0%)
synthetic task reward       : 7700.000
shaping reward              : 0.000
learning reward             : 7700.000
episode length              : 180.5
abstract changes / episode  : 15.2
completed cycles / episode   : 0.77
automaton changes / episode  : 1.58
automaton changes in window  : q1->q2: 81, q2->q1: 77
epsilon (next episode)       : 0.30112
replay buffer                : 300000 samples [q1: 64.7%, q2: 35.3%]
state visits in window        : q1: 10645, q2: 7509
state visits cumulative       : q1: 245640, q2: 128909
state entries in window       : q1: 177, q2: 81
state entries cumulative      : q1: 4050, q2: 1664
transitions cumulative       : q1->q2: 1664, q2->q1: 1050
Gym endings cumulative       : terminated=3000, truncated=0
Best policy updated at episode 3000: mean learning reward=7700.000

[Episode 3100/8000 | last 100]
success rate                : 67.0% (cumulative 36.0%)
synthetic task reward       : 6700.000
shaping reward              : 0.000
learning reward             : 6700.000
episode length              : 165.4
abstract changes / episode  : 14.1
completed cycles / episode   : 0.67
automaton changes / episode  : 1.41
automaton changes in window  : q1->q2: 74, q2->q1: 67
epsilon (next episode)       : 0.28931
replay buffer                : 300000 samples [q1: 64.4%, q2: 35.6%]
state visits in window        : q1: 9836, q2: 6803
state visits cumulative       : q1: 255476, q2: 135712
state entries in window       : q1: 167, q2: 74
state entries cumulative      : q1: 4217, q2: 1738
transitions cumulative       : q1->q2: 1738, q2->q1: 1117
Gym endings cumulative       : terminated=3100, truncated=0

[Episode 3200/8000 | last 100]
success rate                : 61.0% (cumulative 36.8%)
synthetic task reward       : 6100.000
shaping reward              : 0.000
learning reward             : 6100.000
episode length              : 165.4
abstract changes / episode  : 15.5
completed cycles / episode   : 0.61
automaton changes / episode  : 1.29
automaton changes in window  : q1->q2: 68, q2->q1: 61
epsilon (next episode)       : 0.27797
replay buffer                : 300000 samples [q1: 64.5%, q2: 35.5%]
state visits in window        : q1: 11114, q2: 5530
state visits cumulative       : q1: 266590, q2: 141242
state entries in window       : q1: 161, q2: 68
state entries cumulative      : q1: 4378, q2: 1806
transitions cumulative       : q1->q2: 1806, q2->q1: 1178
Gym endings cumulative       : terminated=3200, truncated=0

[Episode 3300/8000 | last 100]
success rate                : 68.0% (cumulative 37.8%)
synthetic task reward       : 6900.000
shaping reward              : 0.000
learning reward             : 6900.000
episode length              : 161.7
abstract changes / episode  : 14.7
completed cycles / episode   : 0.69
automaton changes / episode  : 1.44
automaton changes in window  : q1->q2: 75, q2->q1: 69
epsilon (next episode)       : 0.26706
replay buffer                : 300000 samples [q1: 64.3%, q2: 35.7%]
state visits in window        : q1: 10634, q2: 5631
state visits cumulative       : q1: 277224, q2: 146873
state entries in window       : q1: 169, q2: 75
state entries cumulative      : q1: 4547, q2: 1881
transitions cumulative       : q1->q2: 1881, q2->q1: 1247
Gym endings cumulative       : terminated=3300, truncated=0

[Episode 3400/8000 | last 100]
success rate                : 77.0% (cumulative 38.9%)
synthetic task reward       : 7700.000
shaping reward              : 0.000
learning reward             : 7700.000
episode length              : 161.4
abstract changes / episode  : 14.9
completed cycles / episode   : 0.77
automaton changes / episode  : 1.56
automaton changes in window  : q1->q2: 79, q2->q1: 77
epsilon (next episode)       : 0.25659
replay buffer                : 300000 samples [q1: 63.4%, q2: 36.6%]
state visits in window        : q1: 9913, q2: 6326
state visits cumulative       : q1: 287137, q2: 153199
state entries in window       : q1: 177, q2: 79
state entries cumulative      : q1: 4724, q2: 1960
transitions cumulative       : q1->q2: 1960, q2->q1: 1324
Gym endings cumulative       : terminated=3400, truncated=0

[Episode 3500/8000 | last 100]
success rate                : 84.0% (cumulative 40.2%)
synthetic task reward       : 8400.000
shaping reward              : 0.000
learning reward             : 8400.000
episode length              : 149.4
abstract changes / episode  : 14.1
completed cycles / episode   : 0.84
automaton changes / episode  : 1.69
automaton changes in window  : q1->q2: 85, q2->q1: 84
epsilon (next episode)       : 0.24653
replay buffer                : 300000 samples [q1: 62.5%, q2: 37.5%]
state visits in window        : q1: 8055, q2: 6988
state visits cumulative       : q1: 295192, q2: 160187
state entries in window       : q1: 184, q2: 85
state entries cumulative      : q1: 4908, q2: 2045
transitions cumulative       : q1->q2: 2045, q2->q1: 1408
Gym endings cumulative       : terminated=3500, truncated=0
Best policy updated at episode 3500: mean learning reward=8400.000

[Episode 3600/8000 | last 100]
success rate                : 74.0% (cumulative 41.1%)
synthetic task reward       : 7400.000
shaping reward              : 0.000
learning reward             : 7400.000
episode length              : 158.2
abstract changes / episode  : 14.9
completed cycles / episode   : 0.74
automaton changes / episode  : 1.52
automaton changes in window  : q1->q2: 78, q2->q1: 74
epsilon (next episode)       : 0.23686
replay buffer                : 300000 samples [q1: 62.2%, q2: 37.8%]
state visits in window        : q1: 9596, q2: 6323
state visits cumulative       : q1: 304788, q2: 166510
state entries in window       : q1: 174, q2: 78
state entries cumulative      : q1: 5082, q2: 2123
transitions cumulative       : q1->q2: 2123, q2->q1: 1482
Gym endings cumulative       : terminated=3600, truncated=0

[Episode 3700/8000 | last 100]
success rate                : 76.0% (cumulative 42.1%)
synthetic task reward       : 7600.000
shaping reward              : 0.000
learning reward             : 7600.000
episode length              : 156.4
abstract changes / episode  : 14.7
completed cycles / episode   : 0.76
automaton changes / episode  : 1.65
automaton changes in window  : q1->q2: 89, q2->q1: 76
epsilon (next episode)       : 0.22757
replay buffer                : 300000 samples [q1: 62.0%, q2: 38.0%]
state visits in window        : q1: 8966, q2: 6772
state visits cumulative       : q1: 313754, q2: 173282
state entries in window       : q1: 176, q2: 89
state entries cumulative      : q1: 5258, q2: 2212
transitions cumulative       : q1->q2: 2212, q2->q1: 1558
Gym endings cumulative       : terminated=3700, truncated=0

[Episode 3800/8000 | last 100]
success rate                : 90.0% (cumulative 43.3%)
synthetic task reward       : 9000.000
shaping reward              : 0.000
learning reward             : 9000.000
episode length              : 151.4
abstract changes / episode  : 14.2
completed cycles / episode   : 0.90
automaton changes / episode  : 1.81
automaton changes in window  : q1->q2: 91, q2->q1: 90
epsilon (next episode)       : 0.21865
replay buffer                : 300000 samples [q1: 61.2%, q2: 38.8%]
state visits in window        : q1: 8748, q2: 6488
state visits cumulative       : q1: 322502, q2: 179770
state entries in window       : q1: 190, q2: 91
state entries cumulative      : q1: 5448, q2: 2303
transitions cumulative       : q1->q2: 2303, q2->q1: 1648
Gym endings cumulative       : terminated=3800, truncated=0
Best policy updated at episode 3800: mean learning reward=9000.000

[Episode 3900/8000 | last 100]
success rate                : 82.0% (cumulative 44.3%)
synthetic task reward       : 8200.000
shaping reward              : 0.000
learning reward             : 8200.000
episode length              : 167.5
abstract changes / episode  : 15.5
completed cycles / episode   : 0.82
automaton changes / episode  : 1.65
automaton changes in window  : q1->q2: 83, q2->q1: 82
epsilon (next episode)       : 0.21007
replay buffer                : 300000 samples [q1: 60.9%, q2: 39.1%]
state visits in window        : q1: 10531, q2: 6321
state visits cumulative       : q1: 333033, q2: 186091
state entries in window       : q1: 182, q2: 83
state entries cumulative      : q1: 5630, q2: 2386
transitions cumulative       : q1->q2: 2386, q2->q1: 1730
Gym endings cumulative       : terminated=3900, truncated=0

[Episode 4000/8000 | last 100]
success rate                : 86.0% (cumulative 45.4%)
synthetic task reward       : 8700.000
shaping reward              : 0.000
learning reward             : 8700.000
episode length              : 159.1
abstract changes / episode  : 15.0
completed cycles / episode   : 0.87
automaton changes / episode  : 1.75
automaton changes in window  : q1->q2: 88, q2->q1: 87
epsilon (next episode)       : 0.20183
replay buffer                : 300000 samples [q1: 60.6%, q2: 39.4%]
state visits in window        : q1: 9691, q2: 6318
state visits cumulative       : q1: 342724, q2: 192409
state entries in window       : q1: 187, q2: 88
state entries cumulative      : q1: 5817, q2: 2474
transitions cumulative       : q1->q2: 2474, q2->q1: 1817
Gym endings cumulative       : terminated=4000, truncated=0

[Episode 4100/8000 | last 100]
success rate                : 85.0% (cumulative 46.3%)
synthetic task reward       : 8600.000
shaping reward              : 0.000
learning reward             : 8600.000
episode length              : 171.0
abstract changes / episode  : 16.1
completed cycles / episode   : 0.86
automaton changes / episode  : 1.75
automaton changes in window  : q1->q2: 89, q2->q1: 86
epsilon (next episode)       : 0.19392
replay buffer                : 300000 samples [q1: 60.7%, q2: 39.3%]
state visits in window        : q1: 11109, q2: 6088
state visits cumulative       : q1: 353833, q2: 198497
state entries in window       : q1: 186, q2: 89
state entries cumulative      : q1: 6003, q2: 2563
transitions cumulative       : q1->q2: 2563, q2->q1: 1903
Gym endings cumulative       : terminated=4100, truncated=0

[Episode 4200/8000 | last 100]
success rate                : 81.0% (cumulative 47.2%)
synthetic task reward       : 8200.000
shaping reward              : 0.000
learning reward             : 8200.000
episode length              : 165.3
abstract changes / episode  : 15.8
completed cycles / episode   : 0.82
automaton changes / episode  : 1.67
automaton changes in window  : q1->q2: 85, q2->q1: 82
epsilon (next episode)       : 0.18631
replay buffer                : 300000 samples [q1: 60.2%, q2: 39.8%]
state visits in window        : q1: 10332, q2: 6303
state visits cumulative       : q1: 364165, q2: 204800
state entries in window       : q1: 182, q2: 85
state entries cumulative      : q1: 6185, q2: 2648
transitions cumulative       : q1->q2: 2648, q2->q1: 1985
Gym endings cumulative       : terminated=4200, truncated=0

[Episode 4300/8000 | last 100]
success rate                : 90.0% (cumulative 48.2%)
synthetic task reward       : 9000.000
shaping reward              : 0.000
learning reward             : 9000.000
episode length              : 159.6
abstract changes / episode  : 15.3
completed cycles / episode   : 0.90
automaton changes / episode  : 1.82
automaton changes in window  : q1->q2: 92, q2->q1: 90
epsilon (next episode)       : 0.17900
replay buffer                : 300000 samples [q1: 60.0%, q2: 40.0%]
state visits in window        : q1: 9621, q2: 6438
state visits cumulative       : q1: 373786, q2: 211238
state entries in window       : q1: 190, q2: 92
state entries cumulative      : q1: 6375, q2: 2740
transitions cumulative       : q1->q2: 2740, q2->q1: 2075
Gym endings cumulative       : terminated=4300, truncated=0

[Episode 4400/8000 | last 100]
success rate                : 91.0% (cumulative 49.1%)
synthetic task reward       : 9100.000
shaping reward              : 0.000
learning reward             : 9100.000
episode length              : 142.8
abstract changes / episode  : 14.5
completed cycles / episode   : 0.91
automaton changes / episode  : 1.83
automaton changes in window  : q1->q2: 92, q2->q1: 91
epsilon (next episode)       : 0.17198
replay buffer                : 300000 samples [q1: 59.7%, q2: 40.3%]
state visits in window        : q1: 8120, q2: 6263
state visits cumulative       : q1: 381906, q2: 217501
state entries in window       : q1: 191, q2: 92
state entries cumulative      : q1: 6566, q2: 2832
transitions cumulative       : q1->q2: 2832, q2->q1: 2166
Gym endings cumulative       : terminated=4400, truncated=0
Best policy updated at episode 4400: mean learning reward=9100.000

[Episode 4500/8000 | last 100]
success rate                : 90.0% (cumulative 50.0%)
synthetic task reward       : 9000.000
shaping reward              : 0.000
learning reward             : 9000.000
episode length              : 138.8
abstract changes / episode  : 13.8
completed cycles / episode   : 0.90
automaton changes / episode  : 1.83
automaton changes in window  : q1->q2: 93, q2->q1: 90
epsilon (next episode)       : 0.16524
replay buffer                : 300000 samples [q1: 59.7%, q2: 40.3%]
state visits in window        : q1: 7928, q2: 6053
state visits cumulative       : q1: 389834, q2: 223554
state entries in window       : q1: 190, q2: 93
state entries cumulative      : q1: 6756, q2: 2925
transitions cumulative       : q1->q2: 2925, q2->q1: 2256
Gym endings cumulative       : terminated=4500, truncated=0

[Episode 4600/8000 | last 100]
success rate                : 96.0% (cumulative 51.0%)
synthetic task reward       : 9600.000
shaping reward              : 0.000
learning reward             : 9600.000
episode length              : 144.9
abstract changes / episode  : 14.5
completed cycles / episode   : 0.96
automaton changes / episode  : 1.93
automaton changes in window  : q1->q2: 97, q2->q1: 96
epsilon (next episode)       : 0.15876
replay buffer                : 300000 samples [q1: 59.4%, q2: 40.6%]
state visits in window        : q1: 8303, q2: 6292
state visits cumulative       : q1: 398137, q2: 229846
state entries in window       : q1: 196, q2: 97
state entries cumulative      : q1: 6952, q2: 3022
transitions cumulative       : q1->q2: 3022, q2->q1: 2352
Gym endings cumulative       : terminated=4600, truncated=0
Best policy updated at episode 4600: mean learning reward=9600.000

[Episode 4700/8000 | last 100]
success rate                : 96.0% (cumulative 52.0%)
synthetic task reward       : 9600.000
shaping reward              : 0.000
learning reward             : 9600.000
episode length              : 143.3
abstract changes / episode  : 14.4
completed cycles / episode   : 0.96
automaton changes / episode  : 1.94
automaton changes in window  : q1->q2: 98, q2->q1: 96
epsilon (next episode)       : 0.15253
replay buffer                : 300000 samples [q1: 59.2%, q2: 40.8%]
state visits in window        : q1: 8107, q2: 6319
state visits cumulative       : q1: 406244, q2: 236165
state entries in window       : q1: 196, q2: 98
state entries cumulative      : q1: 7148, q2: 3120
transitions cumulative       : q1->q2: 3120, q2->q1: 2448
Gym endings cumulative       : terminated=4700, truncated=0

[Episode 4800/8000 | last 100]
success rate                : 94.0% (cumulative 52.9%)
synthetic task reward       : 9400.000
shaping reward              : 0.000
learning reward             : 9400.000
episode length              : 135.5
abstract changes / episode  : 14.5
completed cycles / episode   : 0.94
automaton changes / episode  : 1.90
automaton changes in window  : q1->q2: 96, q2->q1: 94
epsilon (next episode)       : 0.14655
replay buffer                : 300000 samples [q1: 59.5%, q2: 40.5%]
state visits in window        : q1: 7833, q2: 5820
state visits cumulative       : q1: 414077, q2: 241985
state entries in window       : q1: 194, q2: 96
state entries cumulative      : q1: 7342, q2: 3216
transitions cumulative       : q1->q2: 3216, q2->q1: 2542
Gym endings cumulative       : terminated=4800, truncated=0

[Episode 4900/8000 | last 100]
success rate                : 89.0% (cumulative 53.6%)
synthetic task reward       : 8900.000
shaping reward              : 0.000
learning reward             : 8900.000
episode length              : 123.5
abstract changes / episode  : 13.7
completed cycles / episode   : 0.89
automaton changes / episode  : 1.84
automaton changes in window  : q1->q2: 95, q2->q1: 89
epsilon (next episode)       : 0.14080
replay buffer                : 300000 samples [q1: 59.3%, q2: 40.7%]
state visits in window        : q1: 6561, q2: 5885
state visits cumulative       : q1: 420638, q2: 247870
state entries in window       : q1: 189, q2: 95
state entries cumulative      : q1: 7531, q2: 3311
transitions cumulative       : q1->q2: 3311, q2->q1: 2631
Gym endings cumulative       : terminated=4900, truncated=0

[Episode 5000/8000 | last 100]
success rate                : 93.0% (cumulative 54.4%)
synthetic task reward       : 9300.000
shaping reward              : 0.000
learning reward             : 9300.000
episode length              : 136.2
abstract changes / episode  : 14.7
completed cycles / episode   : 0.93
automaton changes / episode  : 1.87
automaton changes in window  : q1->q2: 94, q2->q1: 93
epsilon (next episode)       : 0.13528
replay buffer                : 300000 samples [q1: 59.2%, q2: 40.8%]
state visits in window        : q1: 7807, q2: 5914
state visits cumulative       : q1: 428445, q2: 253784
state entries in window       : q1: 193, q2: 94
state entries cumulative      : q1: 7724, q2: 3405
transitions cumulative       : q1->q2: 3405, q2->q1: 2724
Gym endings cumulative       : terminated=5000, truncated=0

[Episode 5100/8000 | last 100]
success rate                : 86.0% (cumulative 55.0%)
synthetic task reward       : 8600.000
shaping reward              : 0.000
learning reward             : 8600.000
episode length              : 128.9
abstract changes / episode  : 13.7
completed cycles / episode   : 0.86
automaton changes / episode  : 1.72
automaton changes in window  : q1->q2: 86, q2->q1: 86
epsilon (next episode)       : 0.12998
replay buffer                : 300000 samples [q1: 59.2%, q2: 40.8%]
state visits in window        : q1: 7771, q2: 5215
state visits cumulative       : q1: 436216, q2: 258999
state entries in window       : q1: 186, q2: 86
state entries cumulative      : q1: 7910, q2: 3491
transitions cumulative       : q1->q2: 3491, q2->q1: 2810
Gym endings cumulative       : terminated=5100, truncated=0

[Episode 5200/8000 | last 100]
success rate                : 89.0% (cumulative 55.7%)
synthetic task reward       : 8900.000
shaping reward              : 0.000
learning reward             : 8900.000
episode length              : 126.4
abstract changes / episode  : 13.8
completed cycles / episode   : 0.89
automaton changes / episode  : 1.81
automaton changes in window  : q1->q2: 92, q2->q1: 89
epsilon (next episode)       : 0.12488
replay buffer                : 300000 samples [q1: 58.7%, q2: 41.3%]
state visits in window        : q1: 7311, q2: 5429
state visits cumulative       : q1: 443527, q2: 264428
state entries in window       : q1: 189, q2: 92
state entries cumulative      : q1: 8099, q2: 3583
transitions cumulative       : q1->q2: 3583, q2->q1: 2899
Gym endings cumulative       : terminated=5200, truncated=0

[Episode 5300/8000 | last 100]
success rate                : 90.0% (cumulative 56.3%)
synthetic task reward       : 9000.000
shaping reward              : 0.000
learning reward             : 9000.000
episode length              : 128.2
abstract changes / episode  : 14.5
completed cycles / episode   : 0.90
automaton changes / episode  : 1.84
automaton changes in window  : q1->q2: 94, q2->q1: 90
epsilon (next episode)       : 0.11998
replay buffer                : 300000 samples [q1: 58.3%, q2: 41.7%]
state visits in window        : q1: 7166, q2: 5759
state visits cumulative       : q1: 450693, q2: 270187
state entries in window       : q1: 190, q2: 94
state entries cumulative      : q1: 8289, q2: 3677
transitions cumulative       : q1->q2: 3677, q2->q1: 2989
Gym endings cumulative       : terminated=5300, truncated=0

[Episode 5400/8000 | last 100]
success rate                : 85.0% (cumulative 56.9%)
synthetic task reward       : 8500.000
shaping reward              : 0.000
learning reward             : 8500.000
episode length              : 127.1
abstract changes / episode  : 14.3
completed cycles / episode   : 0.85
automaton changes / episode  : 1.73
automaton changes in window  : q1->q2: 88, q2->q1: 85
epsilon (next episode)       : 0.11528
replay buffer                : 300000 samples [q1: 58.2%, q2: 41.8%]
state visits in window        : q1: 7600, q2: 5206
state visits cumulative       : q1: 458293, q2: 275393
state entries in window       : q1: 185, q2: 88
state entries cumulative      : q1: 8474, q2: 3765
transitions cumulative       : q1->q2: 3765, q2->q1: 3074
Gym endings cumulative       : terminated=5400, truncated=0

[Episode 5500/8000 | last 100]
success rate                : 84.0% (cumulative 57.3%)
synthetic task reward       : 8400.000
shaping reward              : 0.000
learning reward             : 8400.000
episode length              : 116.1
abstract changes / episode  : 13.4
completed cycles / episode   : 0.84
automaton changes / episode  : 1.69
automaton changes in window  : q1->q2: 85, q2->q1: 84
epsilon (next episode)       : 0.11075
replay buffer                : 300000 samples [q1: 58.1%, q2: 41.9%]
state visits in window        : q1: 6666, q2: 5046
state visits cumulative       : q1: 464959, q2: 280439
state entries in window       : q1: 184, q2: 85
state entries cumulative      : q1: 8658, q2: 3850
transitions cumulative       : q1->q2: 3850, q2->q1: 3158
Gym endings cumulative       : terminated=5500, truncated=0

[Episode 5600/8000 | last 100]
success rate                : 86.0% (cumulative 57.9%)
synthetic task reward       : 8600.000
shaping reward              : 0.000
learning reward             : 8600.000
episode length              : 135.5
abstract changes / episode  : 14.0
completed cycles / episode   : 0.86
automaton changes / episode  : 1.75
automaton changes in window  : q1->q2: 89, q2->q1: 86
epsilon (next episode)       : 0.10641
replay buffer                : 300000 samples [q1: 58.3%, q2: 41.7%]
state visits in window        : q1: 8234, q2: 5412
state visits cumulative       : q1: 473193, q2: 285851
state entries in window       : q1: 186, q2: 89
state entries cumulative      : q1: 8844, q2: 3939
transitions cumulative       : q1->q2: 3939, q2->q1: 3244
Gym endings cumulative       : terminated=5600, truncated=0

[Episode 5700/8000 | last 100]
success rate                : 91.0% (cumulative 58.4%)
synthetic task reward       : 9100.000
shaping reward              : 0.000
learning reward             : 9100.000
episode length              : 150.5
abstract changes / episode  : 15.1
completed cycles / episode   : 0.91
automaton changes / episode  : 1.87
automaton changes in window  : q1->q2: 96, q2->q1: 91
epsilon (next episode)       : 0.10224
replay buffer                : 300000 samples [q1: 58.1%, q2: 41.9%]
state visits in window        : q1: 8272, q2: 6874
state visits cumulative       : q1: 481465, q2: 292725
state entries in window       : q1: 191, q2: 96
state entries cumulative      : q1: 9035, q2: 4035
transitions cumulative       : q1->q2: 4035, q2->q1: 3335
Gym endings cumulative       : terminated=5700, truncated=0

[Episode 5800/8000 | last 100]
success rate                : 95.0% (cumulative 59.1%)
synthetic task reward       : 9500.000
shaping reward              : 0.000
learning reward             : 9500.000
episode length              : 142.7
abstract changes / episode  : 14.6
completed cycles / episode   : 0.95
automaton changes / episode  : 1.92
automaton changes in window  : q1->q2: 97, q2->q1: 95
epsilon (next episode)       : 0.09823
replay buffer                : 300000 samples [q1: 57.8%, q2: 42.2%]
state visits in window        : q1: 7283, q2: 7087
state visits cumulative       : q1: 488748, q2: 299812
state entries in window       : q1: 195, q2: 97
state entries cumulative      : q1: 9230, q2: 4132
transitions cumulative       : q1->q2: 4132, q2->q1: 3430
Gym endings cumulative       : terminated=5800, truncated=0

[Episode 5900/8000 | last 100]
success rate                : 89.0% (cumulative 59.6%)
synthetic task reward       : 8900.000
shaping reward              : 0.000
learning reward             : 8900.000
episode length              : 135.7
abstract changes / episode  : 14.1
completed cycles / episode   : 0.89
automaton changes / episode  : 1.79
automaton changes in window  : q1->q2: 90, q2->q1: 89
epsilon (next episode)       : 0.09438
replay buffer                : 300000 samples [q1: 57.7%, q2: 42.3%]
state visits in window        : q1: 7879, q2: 5790
state visits cumulative       : q1: 496627, q2: 305602
state entries in window       : q1: 189, q2: 90
state entries cumulative      : q1: 9419, q2: 4222
transitions cumulative       : q1->q2: 4222, q2->q1: 3519
Gym endings cumulative       : terminated=5900, truncated=0

[Episode 6000/8000 | last 100]
success rate                : 87.0% (cumulative 60.0%)
synthetic task reward       : 8700.000
shaping reward              : 0.000
learning reward             : 8700.000
episode length              : 144.3
abstract changes / episode  : 14.3
completed cycles / episode   : 0.87
automaton changes / episode  : 1.76
automaton changes in window  : q1->q2: 89, q2->q1: 87
epsilon (next episode)       : 0.09067
replay buffer                : 300000 samples [q1: 57.8%, q2: 42.2%]
state visits in window        : q1: 8903, q2: 5628
state visits cumulative       : q1: 505530, q2: 311230
state entries in window       : q1: 187, q2: 89
state entries cumulative      : q1: 9606, q2: 4311
transitions cumulative       : q1->q2: 4311, q2->q1: 3606
Gym endings cumulative       : terminated=5999, truncated=1

[Episode 6100/8000 | last 100]
success rate                : 94.0% (cumulative 60.6%)
synthetic task reward       : 9500.000
shaping reward              : 0.000
learning reward             : 9500.000
episode length              : 160.0
abstract changes / episode  : 14.9
completed cycles / episode   : 0.95
automaton changes / episode  : 1.93
automaton changes in window  : q1->q2: 98, q2->q1: 95
epsilon (next episode)       : 0.08712
replay buffer                : 300000 samples [q1: 57.1%, q2: 42.9%]
state visits in window        : q1: 7980, q2: 8123
state visits cumulative       : q1: 513510, q2: 319353
state entries in window       : q1: 195, q2: 98
state entries cumulative      : q1: 9801, q2: 4409
transitions cumulative       : q1->q2: 4409, q2->q1: 3701
Gym endings cumulative       : terminated=6099, truncated=1

[Episode 6200/8000 | last 100]
success rate                : 93.0% (cumulative 61.1%)
synthetic task reward       : 9300.000
shaping reward              : 0.000
learning reward             : 9300.000
episode length              : 140.4
abstract changes / episode  : 13.8
completed cycles / episode   : 0.93
automaton changes / episode  : 1.90
automaton changes in window  : q1->q2: 97, q2->q1: 93
epsilon (next episode)       : 0.08370
replay buffer                : 300000 samples [q1: 56.4%, q2: 43.6%]
state visits in window        : q1: 6686, q2: 7459
state visits cumulative       : q1: 520196, q2: 326812
state entries in window       : q1: 193, q2: 97
state entries cumulative      : q1: 9994, q2: 4506
transitions cumulative       : q1->q2: 4506, q2->q1: 3794
Gym endings cumulative       : terminated=6199, truncated=1

[Episode 6300/8000 | last 100]
success rate                : 82.0% (cumulative 61.4%)
synthetic task reward       : 8200.000
shaping reward              : 0.000
learning reward             : 8200.000
episode length              : 116.6
abstract changes / episode  : 13.7
completed cycles / episode   : 0.82
automaton changes / episode  : 1.81
automaton changes in window  : q1->q2: 99, q2->q1: 82
epsilon (next episode)       : 0.08042
replay buffer                : 300000 samples [q1: 55.6%, q2: 44.4%]
state visits in window        : q1: 5392, q2: 6365
state visits cumulative       : q1: 525588, q2: 333177
state entries in window       : q1: 182, q2: 99
state entries cumulative      : q1: 10176, q2: 4605
transitions cumulative       : q1->q2: 4605, q2->q1: 3876
Gym endings cumulative       : terminated=6299, truncated=1

[Episode 6400/8000 | last 100]
success rate                : 94.0% (cumulative 62.0%)
synthetic task reward       : 9400.000
shaping reward              : 0.000
learning reward             : 9400.000
episode length              : 137.2
abstract changes / episode  : 14.2
completed cycles / episode   : 0.94
automaton changes / episode  : 1.88
automaton changes in window  : q1->q2: 94, q2->q1: 94
epsilon (next episode)       : 0.07727
replay buffer                : 300000 samples [q1: 55.6%, q2: 44.4%]
state visits in window        : q1: 8215, q2: 5608
state visits cumulative       : q1: 533803, q2: 338785
state entries in window       : q1: 194, q2: 94
state entries cumulative      : q1: 10370, q2: 4699
transitions cumulative       : q1->q2: 4699, q2->q1: 3970
Gym endings cumulative       : terminated=6399, truncated=1

[Episode 6500/8000 | last 100]
success rate                : 97.0% (cumulative 62.5%)
synthetic task reward       : 9700.000
shaping reward              : 0.000
learning reward             : 9700.000
episode length              : 132.9
abstract changes / episode  : 14.0
completed cycles / episode   : 0.97
automaton changes / episode  : 1.95
automaton changes in window  : q1->q2: 98, q2->q1: 97
epsilon (next episode)       : 0.07423
replay buffer                : 300000 samples [q1: 55.4%, q2: 44.6%]
state visits in window        : q1: 7691, q2: 5698
state visits cumulative       : q1: 541494, q2: 344483
state entries in window       : q1: 197, q2: 98
state entries cumulative      : q1: 10567, q2: 4797
transitions cumulative       : q1->q2: 4797, q2->q1: 4067
Gym endings cumulative       : terminated=6499, truncated=1
Best policy updated at episode 6500: mean learning reward=9700.000

[Episode 6600/8000 | last 100]
success rate                : 98.0% (cumulative 63.0%)
synthetic task reward       : 9800.000
shaping reward              : 0.000
learning reward             : 9800.000
episode length              : 119.8
abstract changes / episode  : 13.5
completed cycles / episode   : 0.98
automaton changes / episode  : 1.97
automaton changes in window  : q1->q2: 99, q2->q1: 98
epsilon (next episode)       : 0.07132
replay buffer                : 300000 samples [q1: 55.2%, q2: 44.8%]
state visits in window        : q1: 6165, q2: 5920
state visits cumulative       : q1: 547659, q2: 350403
state entries in window       : q1: 198, q2: 99
state entries cumulative      : q1: 10765, q2: 4896
transitions cumulative       : q1->q2: 4896, q2->q1: 4165
Gym endings cumulative       : terminated=6599, truncated=1
Best policy updated at episode 6600: mean learning reward=9800.000

[Episode 6700/8000 | last 100]
success rate                : 99.0% (cumulative 63.6%)
synthetic task reward       : 9900.000
shaping reward              : 0.000
learning reward             : 9900.000
episode length              : 133.2
abstract changes / episode  : 14.3
completed cycles / episode   : 0.99
automaton changes / episode  : 1.98
automaton changes in window  : q1->q2: 99, q2->q1: 99
epsilon (next episode)       : 0.06853
replay buffer                : 300000 samples [q1: 55.2%, q2: 44.8%]
state visits in window        : q1: 7608, q2: 5808
state visits cumulative       : q1: 555267, q2: 356211
state entries in window       : q1: 199, q2: 99
state entries cumulative      : q1: 10964, q2: 4995
transitions cumulative       : q1->q2: 4995, q2->q1: 4264
Gym endings cumulative       : terminated=6699, truncated=1
Best policy updated at episode 6700: mean learning reward=9900.000

[Episode 6800/8000 | last 100]
success rate                : 94.0% (cumulative 64.0%)
synthetic task reward       : 9400.000
shaping reward              : 0.000
learning reward             : 9400.000
episode length              : 136.8
abstract changes / episode  : 14.3
completed cycles / episode   : 0.94
automaton changes / episode  : 1.90
automaton changes in window  : q1->q2: 96, q2->q1: 94
epsilon (next episode)       : 0.06584
replay buffer                : 300000 samples [q1: 55.4%, q2: 44.6%]
state visits in window        : q1: 8159, q2: 5623
state visits cumulative       : q1: 563426, q2: 361834
state entries in window       : q1: 194, q2: 96
state entries cumulative      : q1: 11158, q2: 5091
transitions cumulative       : q1->q2: 5091, q2->q1: 4358
Gym endings cumulative       : terminated=6799, truncated=1

[Episode 6900/8000 | last 100]
success rate                : 100.0% (cumulative 64.5%)
synthetic task reward       : 10000.000
shaping reward              : 0.000
learning reward             : 10000.000
episode length              : 126.5
abstract changes / episode  : 13.3
completed cycles / episode   : 1.00
automaton changes / episode  : 2.00
automaton changes in window  : q1->q2: 100, q2->q1: 100
epsilon (next episode)       : 0.06326
replay buffer                : 300000 samples [q1: 55.2%, q2: 44.8%]
state visits in window        : q1: 6526, q2: 6222
state visits cumulative       : q1: 569952, q2: 368056
state entries in window       : q1: 200, q2: 100
state entries cumulative      : q1: 11358, q2: 5191
transitions cumulative       : q1->q2: 5191, q2->q1: 4458
Gym endings cumulative       : terminated=6899, truncated=1
Best policy updated at episode 6900: mean learning reward=10000.000

[Episode 7000/8000 | last 100]
success rate                : 97.0% (cumulative 65.0%)
synthetic task reward       : 9700.000
shaping reward              : 0.000
learning reward             : 9700.000
episode length              : 127.4
abstract changes / episode  : 13.4
completed cycles / episode   : 0.97
automaton changes / episode  : 1.95
automaton changes in window  : q1->q2: 98, q2->q1: 97
epsilon (next episode)       : 0.06078
replay buffer                : 300000 samples [q1: 55.0%, q2: 45.0%]
state visits in window        : q1: 6760, q2: 6078
state visits cumulative       : q1: 576712, q2: 374134
state entries in window       : q1: 197, q2: 98
state entries cumulative      : q1: 11555, q2: 5289
transitions cumulative       : q1->q2: 5289, q2->q1: 4555
Gym endings cumulative       : terminated=6999, truncated=1

[Episode 7100/8000 | last 100]
success rate                : 98.0% (cumulative 65.5%)
synthetic task reward       : 9800.000
shaping reward              : 0.000
learning reward             : 9800.000
episode length              : 116.5
abstract changes / episode  : 13.5
completed cycles / episode   : 0.98
automaton changes / episode  : 1.97
automaton changes in window  : q1->q2: 99, q2->q1: 98
epsilon (next episode)       : 0.05839
replay buffer                : 300000 samples [q1: 54.7%, q2: 45.3%]
state visits in window        : q1: 5970, q2: 5783
state visits cumulative       : q1: 582682, q2: 379917
state entries in window       : q1: 198, q2: 99
state entries cumulative      : q1: 11753, q2: 5388
transitions cumulative       : q1->q2: 5388, q2->q1: 4653
Gym endings cumulative       : terminated=7099, truncated=1

[Episode 7200/8000 | last 100]
success rate                : 95.0% (cumulative 65.9%)
synthetic task reward       : 9500.000
shaping reward              : 0.000
learning reward             : 9500.000
episode length              : 126.9
abstract changes / episode  : 14.1
completed cycles / episode   : 0.95
automaton changes / episode  : 1.93
automaton changes in window  : q1->q2: 98, q2->q1: 95
epsilon (next episode)       : 0.05610
replay buffer                : 300000 samples [q1: 54.8%, q2: 45.2%]
state visits in window        : q1: 7053, q2: 5733
state visits cumulative       : q1: 589735, q2: 385650
state entries in window       : q1: 195, q2: 98
state entries cumulative      : q1: 11948, q2: 5486
transitions cumulative       : q1->q2: 5486, q2->q1: 4748
Gym endings cumulative       : terminated=7199, truncated=1

[Episode 7300/8000 | last 100]
success rate                : 96.0% (cumulative 66.3%)
synthetic task reward       : 9600.000
shaping reward              : 0.000
learning reward             : 9600.000
episode length              : 142.2
abstract changes / episode  : 14.5
completed cycles / episode   : 0.96
automaton changes / episode  : 1.94
automaton changes in window  : q1->q2: 98, q2->q1: 96
epsilon (next episode)       : 0.05390
replay buffer                : 300000 samples [q1: 54.8%, q2: 45.2%]
state visits in window        : q1: 8312, q2: 6006
state visits cumulative       : q1: 598047, q2: 391656
state entries in window       : q1: 196, q2: 98
state entries cumulative      : q1: 12144, q2: 5584
transitions cumulative       : q1->q2: 5584, q2->q1: 4844
Gym endings cumulative       : terminated=7299, truncated=1

[Episode 7400/8000 | last 100]
success rate                : 99.0% (cumulative 66.7%)
synthetic task reward       : 9900.000
shaping reward              : 0.000
learning reward             : 9900.000
episode length              : 137.3
abstract changes / episode  : 14.3
completed cycles / episode   : 0.99
automaton changes / episode  : 1.99
automaton changes in window  : q1->q2: 100, q2->q1: 99
epsilon (next episode)       : 0.05179
replay buffer                : 300000 samples [q1: 54.4%, q2: 45.6%]
state visits in window        : q1: 7207, q2: 6627
state visits cumulative       : q1: 605254, q2: 398283
state entries in window       : q1: 199, q2: 100
state entries cumulative      : q1: 12343, q2: 5684
transitions cumulative       : q1->q2: 5684, q2->q1: 4943
Gym endings cumulative       : terminated=7399, truncated=1

[Episode 7500/8000 | last 100]
success rate                : 94.0% (cumulative 67.1%)
synthetic task reward       : 9400.000
shaping reward              : 0.000
learning reward             : 9400.000
episode length              : 128.1
abstract changes / episode  : 14.2
completed cycles / episode   : 0.94
automaton changes / episode  : 1.92
automaton changes in window  : q1->q2: 98, q2->q1: 94
epsilon (next episode)       : 0.04976
replay buffer                : 300000 samples [q1: 54.3%, q2: 45.7%]
state visits in window        : q1: 6925, q2: 5980
state visits cumulative       : q1: 612179, q2: 404263
state entries in window       : q1: 194, q2: 98
state entries cumulative      : q1: 12537, q2: 5782
transitions cumulative       : q1->q2: 5782, q2->q1: 5037
Gym endings cumulative       : terminated=7499, truncated=1

[Episode 7600/8000 | last 100]
success rate                : 78.0% (cumulative 67.2%)
synthetic task reward       : 7800.000
shaping reward              : 0.000
learning reward             : 7800.000
episode length              : 135.3
abstract changes / episode  : 15.5
completed cycles / episode   : 0.78
automaton changes / episode  : 1.65
automaton changes in window  : q1->q2: 87, q2->q1: 78
epsilon (next episode)       : 0.04781
replay buffer                : 300000 samples [q1: 54.5%, q2: 45.5%]
state visits in window        : q1: 8314, q2: 5315
state visits cumulative       : q1: 620493, q2: 409578
state entries in window       : q1: 178, q2: 87
state entries cumulative      : q1: 12715, q2: 5869
transitions cumulative       : q1->q2: 5869, q2->q1: 5115
Gym endings cumulative       : terminated=7599, truncated=1

[Episode 7700/8000 | last 100]
success rate                : 77.0% (cumulative 67.4%)
synthetic task reward       : 7700.000
shaping reward              : 0.000
learning reward             : 7700.000
episode length              : 163.4
abstract changes / episode  : 16.5
completed cycles / episode   : 0.77
automaton changes / episode  : 1.56
automaton changes in window  : q1->q2: 79, q2->q1: 77
epsilon (next episode)       : 0.04593
replay buffer                : 300000 samples [q1: 55.1%, q2: 44.9%]
state visits in window        : q1: 11238, q2: 5206
state visits cumulative       : q1: 631731, q2: 414784
state entries in window       : q1: 177, q2: 79
state entries cumulative      : q1: 12892, q2: 5948
transitions cumulative       : q1->q2: 5948, q2->q1: 5192
Gym endings cumulative       : terminated=7699, truncated=1

[Episode 7800/8000 | last 100]
success rate                : 88.0% (cumulative 67.6%)
synthetic task reward       : 8800.000
shaping reward              : 0.000
learning reward             : 8800.000
episode length              : 138.0
abstract changes / episode  : 14.6
completed cycles / episode   : 0.88
automaton changes / episode  : 1.78
automaton changes in window  : q1->q2: 90, q2->q1: 88
epsilon (next episode)       : 0.04413
replay buffer                : 300000 samples [q1: 55.0%, q2: 45.0%]
state visits in window        : q1: 8245, q2: 5651
state visits cumulative       : q1: 639976, q2: 420435
state entries in window       : q1: 188, q2: 90
state entries cumulative      : q1: 13080, q2: 6038
transitions cumulative       : q1->q2: 6038, q2->q1: 5280
Gym endings cumulative       : terminated=7799, truncated=1

[Episode 7900/8000 | last 100]
success rate                : 82.0% (cumulative 67.8%)
synthetic task reward       : 8200.000
shaping reward              : 0.000
learning reward             : 8200.000
episode length              : 141.0
abstract changes / episode  : 14.8
completed cycles / episode   : 0.82
automaton changes / episode  : 1.65
automaton changes in window  : q1->q2: 83, q2->q1: 82
epsilon (next episode)       : 0.04240
replay buffer                : 300000 samples [q1: 55.4%, q2: 44.6%]
state visits in window        : q1: 9060, q2: 5136
state visits cumulative       : q1: 649036, q2: 425571
state entries in window       : q1: 182, q2: 83
state entries cumulative      : q1: 13262, q2: 6121
transitions cumulative       : q1->q2: 6121, q2->q1: 5362
Gym endings cumulative       : terminated=7899, truncated=1

[Episode 8000/8000 | last 100]
success rate                : 87.0% (cumulative 68.0%)
synthetic task reward       : 8700.000
shaping reward              : 0.000
learning reward             : 8700.000
episode length              : 133.6
abstract changes / episode  : 14.3
completed cycles / episode   : 0.87
automaton changes / episode  : 1.78
automaton changes in window  : q1->q2: 91, q2->q1: 87
epsilon (next episode)       : 0.04074
replay buffer                : 300000 samples [q1: 55.8%, q2: 44.2%]
state visits in window        : q1: 7924, q2: 5531
state visits cumulative       : q1: 656960, q2: 431102
state entries in window       : q1: 187, q2: 91
state entries cumulative      : q1: 13449, q2: 6212
transitions cumulative       : q1->q2: 6212, q2->q1: 5449
Gym endings cumulative       : terminated=7999, truncated=1
Last policy saved after episode 8000. Best policy: episode 6900, mean learning reward=10000.000
