
=== NEW MULTI-EPSILON RUN ===
episodes=8000, shaping=True, K=1.0, goal_reward=10000.0, gamma=0.99
training_shaping_gamma=False, shaping_formula=K*(Phi(next)-Phi(state))
network=Classic DDQN, output_heads=1
epsilon_strategy=visited
epsilon_min=0.08, epsilon_unlock_threshold=0.081
inter_level_shaping=False, inter_level_K=0.0
formula=F(wp1 & X(F(g1)))
waypoints={'wp1': (1, 8), 'g1': (8, 8)}
dfa_states=[1, 2, 3], pre_trace=1, accepting=[3]

[Episode 1/8000 | last 1]
success rate                : 0.0% (cumulative 0.0%)
synthetic task reward       : 0.000
shaping reward              : -263.265
learning reward             : -263.265
episode length              : 66.0
abstract changes / episode  : 13.0
DFA transitions / episode   : 0.00
DFA transitions in window   : none
epsilons (next episode)      : 1: 0.99900, 2: 1.00000, 3: 1.00000
replay buffer                : 66 samples [1: 100.0%, 2: 0.0%, 3: 0.0%]
DFA state visits in window   : 1: 67, 2: 0, 3: 0
DFA state visits cumulative  : 1: 67, 2: 0, 3: 0
DFA state entries in window  : 1: 1, 2: 0, 3: 0
DFA state entries cumulative : 1: 1, 2: 0, 3: 0
transitions cumulative       : none
accepted directly from s0    : 0
Gym endings cumulative       : terminated=1, truncated=0
Best policy updated at episode 1: mean learning reward=-263.265

[Episode 100/8000 | last 100]
success rate                : 0.0% (cumulative 0.0%)
synthetic task reward       : 0.000
shaping reward              : -296.494
learning reward             : -296.494
episode length              : 89.0
abstract changes / episode  : 12.7
DFA transitions / episode   : 0.03
DFA transitions in window   : 1->2: 3
epsilons (next episode)      : 1: 0.90479, 2: 0.99700, 3: 1.00000
replay buffer                : 8902 samples [1: 99.4%, 2: 0.6%, 3: 0.0%]
DFA state visits in window   : 1: 8943, 2: 59, 3: 0
DFA state visits cumulative  : 1: 8943, 2: 59, 3: 0
DFA state entries in window  : 1: 100, 2: 3, 3: 0
DFA state entries cumulative : 1: 100, 2: 3, 3: 0
transitions cumulative       : 1->2: 3
accepted directly from s0    : 0
Gym endings cumulative       : terminated=100, truncated=0

[Episode 200/8000 | last 100]
success rate                : 0.0% (cumulative 0.0%)
synthetic task reward       : 0.000
shaping reward              : -267.237
learning reward             : -267.237
episode length              : 106.2
abstract changes / episode  : 12.8
DFA transitions / episode   : 0.01
DFA transitions in window   : 1->2: 1
epsilons (next episode)      : 1: 0.81865, 2: 0.99601, 3: 1.00000
replay buffer                : 19524 samples [1: 99.6%, 2: 0.4%, 3: 0.0%]
DFA state visits in window   : 1: 10700, 2: 22, 3: 0
DFA state visits cumulative  : 1: 19643, 2: 81, 3: 0
DFA state entries in window  : 1: 100, 2: 1, 3: 0
DFA state entries cumulative : 1: 200, 2: 4, 3: 0
transitions cumulative       : 1->2: 4
accepted directly from s0    : 0
Gym endings cumulative       : terminated=199, truncated=1

[Episode 300/8000 | last 100]
success rate                : 0.0% (cumulative 0.0%)
synthetic task reward       : 0.000
shaping reward              : -231.477
learning reward             : -231.477
episode length              : 101.3
abstract changes / episode  : 12.9
DFA transitions / episode   : 0.06
DFA transitions in window   : 1->2: 6
epsilons (next episode)      : 1: 0.74071, 2: 0.99004, 3: 1.00000
replay buffer                : 29651 samples [1: 99.4%, 2: 0.6%, 3: 0.0%]
DFA state visits in window   : 1: 10107, 2: 120, 3: 0
DFA state visits cumulative  : 1: 29750, 2: 201, 3: 0
DFA state entries in window  : 1: 100, 2: 6, 3: 0
DFA state entries cumulative : 1: 300, 2: 10, 3: 0
transitions cumulative       : 1->2: 10
accepted directly from s0    : 0
Gym endings cumulative       : terminated=299, truncated=1
Best policy updated at episode 300: mean learning reward=-231.477

[Episode 400/8000 | last 100]
success rate                : 0.0% (cumulative 0.0%)
synthetic task reward       : 0.000
shaping reward              : -172.281
learning reward             : -172.281
episode length              : 127.0
abstract changes / episode  : 12.4
DFA transitions / episode   : 0.07
DFA transitions in window   : 1->2: 7
epsilons (next episode)      : 1: 0.67019, 2: 0.98314, 3: 1.00000
replay buffer                : 42352 samples [1: 98.8%, 2: 1.2%, 3: 0.0%]
DFA state visits in window   : 1: 12495, 2: 306, 3: 0
DFA state visits cumulative  : 1: 42245, 2: 507, 3: 0
DFA state entries in window  : 1: 100, 2: 7, 3: 0
DFA state entries cumulative : 1: 400, 2: 17, 3: 0
transitions cumulative       : 1->2: 17
accepted directly from s0    : 0
Gym endings cumulative       : terminated=399, truncated=1
Best policy updated at episode 400: mean learning reward=-172.281

[Episode 500/8000 | last 100]
success rate                : 0.0% (cumulative 0.0%)
synthetic task reward       : 0.000
shaping reward              : -213.133
learning reward             : -213.133
episode length              : 138.2
abstract changes / episode  : 12.6
DFA transitions / episode   : 0.03
DFA transitions in window   : 1->2: 3
epsilons (next episode)      : 1: 0.60638, 2: 0.98019, 3: 1.00000
replay buffer                : 56173 samples [1: 99.0%, 2: 1.0%, 3: 0.0%]
DFA state visits in window   : 1: 13860, 2: 61, 3: 0
DFA state visits cumulative  : 1: 56105, 2: 568, 3: 0
DFA state entries in window  : 1: 100, 2: 3, 3: 0
DFA state entries cumulative : 1: 500, 2: 20, 3: 0
transitions cumulative       : 1->2: 20
accepted directly from s0    : 0
Gym endings cumulative       : terminated=499, truncated=1

[Episode 600/8000 | last 100]
success rate                : 0.0% (cumulative 0.0%)
synthetic task reward       : 0.000
shaping reward              : -267.805
learning reward             : -267.805
episode length              : 175.7
abstract changes / episode  : 14.9
DFA transitions / episode   : 0.03
DFA transitions in window   : 1->2: 3
epsilons (next episode)      : 1: 0.54865, 2: 0.97725, 3: 1.00000
replay buffer                : 73743 samples [1: 99.1%, 2: 0.9%, 3: 0.0%]
DFA state visits in window   : 1: 17544, 2: 126, 3: 0
DFA state visits cumulative  : 1: 73649, 2: 694, 3: 0
DFA state entries in window  : 1: 100, 2: 3, 3: 0
DFA state entries cumulative : 1: 600, 2: 23, 3: 0
transitions cumulative       : 1->2: 23
accepted directly from s0    : 0
Gym endings cumulative       : terminated=599, truncated=1

[Episode 700/8000 | last 100]
success rate                : 0.0% (cumulative 0.0%)
synthetic task reward       : 0.000
shaping reward              : -303.233
learning reward             : -303.233
episode length              : 194.9
abstract changes / episode  : 15.7
DFA transitions / episode   : 0.00
DFA transitions in window   : none
epsilons (next episode)      : 1: 0.49641, 2: 0.97725, 3: 1.00000
replay buffer                : 93230 samples [1: 99.3%, 2: 0.7%, 3: 0.0%]
DFA state visits in window   : 1: 19587, 2: 0, 3: 0
DFA state visits cumulative  : 1: 93236, 2: 694, 3: 0
DFA state entries in window  : 1: 100, 2: 0, 3: 0
DFA state entries cumulative : 1: 700, 2: 23, 3: 0
transitions cumulative       : 1->2: 23
accepted directly from s0    : 0
Gym endings cumulative       : terminated=697, truncated=3

[Episode 800/8000 | last 100]
success rate                : 0.0% (cumulative 0.0%)
synthetic task reward       : 0.000
shaping reward              : -304.208
learning reward             : -304.208
episode length              : 272.1
abstract changes / episode  : 15.8
DFA transitions / episode   : 0.00
DFA transitions in window   : none
epsilons (next episode)      : 1: 0.44915, 2: 0.97725, 3: 1.00000
replay buffer                : 120445 samples [1: 99.4%, 2: 0.6%, 3: 0.0%]
DFA state visits in window   : 1: 27315, 2: 0, 3: 0
DFA state visits cumulative  : 1: 120551, 2: 694, 3: 0
DFA state entries in window  : 1: 100, 2: 0, 3: 0
DFA state entries cumulative : 1: 800, 2: 23, 3: 0
transitions cumulative       : 1->2: 23
accepted directly from s0    : 0
Gym endings cumulative       : terminated=785, truncated=15

[Episode 900/8000 | last 100]
success rate                : 0.0% (cumulative 0.0%)
synthetic task reward       : 0.000
shaping reward              : -232.534
learning reward             : -232.534
episode length              : 255.7
abstract changes / episode  : 15.9
DFA transitions / episode   : 0.00
DFA transitions in window   : none
epsilons (next episode)      : 1: 0.40639, 2: 0.97725, 3: 1.00000
replay buffer                : 146011 samples [1: 99.5%, 2: 0.5%, 3: 0.0%]
DFA state visits in window   : 1: 25666, 2: 0, 3: 0
DFA state visits cumulative  : 1: 146217, 2: 694, 3: 0
DFA state entries in window  : 1: 100, 2: 0, 3: 0
DFA state entries cumulative : 1: 900, 2: 23, 3: 0
transitions cumulative       : 1->2: 23
accepted directly from s0    : 0
Gym endings cumulative       : terminated=876, truncated=24

[Episode 1000/8000 | last 100]
success rate                : 0.0% (cumulative 0.0%)
synthetic task reward       : 0.000
shaping reward              : -73.015
learning reward             : -73.015
episode length              : 296.4
abstract changes / episode  : 20.6
DFA transitions / episode   : 0.04
DFA transitions in window   : 1->2: 4
epsilons (next episode)      : 1: 0.36770, 2: 0.97335, 3: 1.00000
replay buffer                : 175651 samples [1: 99.5%, 2: 0.5%, 3: 0.0%]
DFA state visits in window   : 1: 29545, 2: 195, 3: 0
DFA state visits cumulative  : 1: 175762, 2: 889, 3: 0
DFA state entries in window  : 1: 100, 2: 4, 3: 0
DFA state entries cumulative : 1: 1000, 2: 27, 3: 0
transitions cumulative       : 1->2: 27
accepted directly from s0    : 0
Gym endings cumulative       : terminated=969, truncated=31
Best policy updated at episode 1000: mean learning reward=-73.015

[Episode 1100/8000 | last 100]
success rate                : 0.0% (cumulative 0.0%)
synthetic task reward       : 0.000
shaping reward              : 35.553
learning reward             : 35.553
episode length              : 354.2
abstract changes / episode  : 26.1
DFA transitions / episode   : 0.34
DFA transitions in window   : 1->2: 34
epsilons (next episode)      : 1: 0.33269, 2: 0.94079, 3: 1.00000
replay buffer                : 211073 samples [1: 98.6%, 2: 1.4%, 3: 0.0%]
DFA state visits in window   : 1: 33361, 2: 2161, 3: 0
DFA state visits cumulative  : 1: 209123, 2: 3050, 3: 0
DFA state entries in window  : 1: 100, 2: 34, 3: 0
DFA state entries cumulative : 1: 1100, 2: 61, 3: 0
transitions cumulative       : 1->2: 61
accepted directly from s0    : 0
Gym endings cumulative       : terminated=1060, truncated=40
Best policy updated at episode 1100: mean learning reward=35.553

[Episode 1200/8000 | last 100]
success rate                : 0.0% (cumulative 0.0%)
synthetic task reward       : 0.000
shaping reward              : 168.448
learning reward             : 168.448
episode length              : 209.7
abstract changes / episode  : 17.2
DFA transitions / episode   : 0.52
DFA transitions in window   : 1->2: 52
epsilons (next episode)      : 1: 0.30101, 2: 0.89310, 3: 1.00000
replay buffer                : 232044 samples [1: 97.4%, 2: 2.6%, 3: 0.0%]
DFA state visits in window   : 1: 18053, 2: 3018, 3: 0
DFA state visits cumulative  : 1: 227176, 2: 6068, 3: 0
DFA state entries in window  : 1: 100, 2: 52, 3: 0
DFA state entries cumulative : 1: 1200, 2: 113, 3: 0
transitions cumulative       : 1->2: 113
accepted directly from s0    : 0
Gym endings cumulative       : terminated=1160, truncated=40
Best policy updated at episode 1200: mean learning reward=168.448

[Episode 1300/8000 | last 100]
success rate                : 0.0% (cumulative 0.0%)
synthetic task reward       : 0.000
shaping reward              : 210.885
learning reward             : 210.885
episode length              : 200.0
abstract changes / episode  : 15.6
DFA transitions / episode   : 0.61
DFA transitions in window   : 1->2: 61
epsilons (next episode)      : 1: 0.27235, 2: 0.84022, 3: 1.00000
replay buffer                : 252048 samples [1: 96.3%, 2: 3.7%, 3: 0.0%]
DFA state visits in window   : 1: 16673, 2: 3431, 3: 0
DFA state visits cumulative  : 1: 243849, 2: 9499, 3: 0
DFA state entries in window  : 1: 100, 2: 61, 3: 0
DFA state entries cumulative : 1: 1300, 2: 174, 3: 0
transitions cumulative       : 1->2: 174
accepted directly from s0    : 0
Gym endings cumulative       : terminated=1260, truncated=40
Best policy updated at episode 1300: mean learning reward=210.885

[Episode 1400/8000 | last 100]
success rate                : 0.0% (cumulative 0.0%)
synthetic task reward       : 0.000
shaping reward              : 261.095
learning reward             : 261.095
episode length              : 213.6
abstract changes / episode  : 16.8
DFA transitions / episode   : 0.77
DFA transitions in window   : 1->2: 77
epsilons (next episode)      : 1: 0.24642, 2: 0.77792, 3: 1.00000
replay buffer                : 273407 samples [1: 94.8%, 2: 5.2%, 3: 0.0%]
DFA state visits in window   : 1: 16396, 2: 5063, 3: 0
DFA state visits cumulative  : 1: 260245, 2: 14562, 3: 0
DFA state entries in window  : 1: 100, 2: 77, 3: 0
DFA state entries cumulative : 1: 1400, 2: 251, 3: 0
transitions cumulative       : 1->2: 251
accepted directly from s0    : 0
Gym endings cumulative       : terminated=1360, truncated=40
Best policy updated at episode 1400: mean learning reward=261.095

[Episode 1500/8000 | last 100]
success rate                : 0.0% (cumulative 0.0%)
synthetic task reward       : 0.000
shaping reward              : 282.839
learning reward             : 282.839
episode length              : 222.0
abstract changes / episode  : 17.0
DFA transitions / episode   : 0.78
DFA transitions in window   : 1->2: 78
epsilons (next episode)      : 1: 0.22296, 2: 0.71952, 3: 1.00000
replay buffer                : 295604 samples [1: 92.8%, 2: 7.2%, 3: 0.0%]
DFA state visits in window   : 1: 15351, 2: 6946, 3: 0
DFA state visits cumulative  : 1: 275596, 2: 21508, 3: 0
DFA state entries in window  : 1: 100, 2: 78, 3: 0
DFA state entries cumulative : 1: 1500, 2: 329, 3: 0
transitions cumulative       : 1->2: 329
accepted directly from s0    : 0
Gym endings cumulative       : terminated=1460, truncated=40
Best policy updated at episode 1500: mean learning reward=282.839

[Episode 1600/8000 | last 100]
success rate                : 0.0% (cumulative 0.0%)
synthetic task reward       : 0.000
shaping reward              : 303.699
learning reward             : 303.699
episode length              : 242.7
abstract changes / episode  : 18.3
DFA transitions / episode   : 0.93
DFA transitions in window   : 1->2: 93
epsilons (next episode)      : 1: 0.20173, 2: 0.65560, 3: 1.00000
replay buffer                : 300000 samples [1: 89.8%, 2: 10.2%, 3: 0.0%]
DFA state visits in window   : 1: 14673, 2: 9695, 3: 0
DFA state visits cumulative  : 1: 290269, 2: 31203, 3: 0
DFA state entries in window  : 1: 100, 2: 93, 3: 0
DFA state entries cumulative : 1: 1600, 2: 422, 3: 0
transitions cumulative       : 1->2: 422
accepted directly from s0    : 0
Gym endings cumulative       : terminated=1560, truncated=40
Best policy updated at episode 1600: mean learning reward=303.699

[Episode 1700/8000 | last 100]
success rate                : 0.0% (cumulative 0.0%)
synthetic task reward       : 0.000
shaping reward              : 327.979
learning reward             : 327.979
episode length              : 274.6
abstract changes / episode  : 20.4
DFA transitions / episode   : 0.97
DFA transitions in window   : 1->2: 97
epsilons (next episode)      : 1: 0.18253, 2: 0.59496, 3: 1.00000
replay buffer                : 300000 samples [1: 86.1%, 2: 13.9%, 3: 0.0%]
DFA state visits in window   : 1: 15993, 2: 11571, 3: 0
DFA state visits cumulative  : 1: 306262, 2: 42774, 3: 0
DFA state entries in window  : 1: 100, 2: 97, 3: 0
DFA state entries cumulative : 1: 1700, 2: 519, 3: 0
transitions cumulative       : 1->2: 519
accepted directly from s0    : 0
Gym endings cumulative       : terminated=1660, truncated=40
Best policy updated at episode 1700: mean learning reward=327.979

[Episode 1800/8000 | last 100]
success rate                : 0.0% (cumulative 0.0%)
synthetic task reward       : 0.000
shaping reward              : 333.865
learning reward             : 333.865
episode length              : 252.2
abstract changes / episode  : 19.4
DFA transitions / episode   : 0.99
DFA transitions in window   : 1->2: 99
epsilons (next episode)      : 1: 0.16515, 2: 0.53885, 3: 1.00000
replay buffer                : 300000 samples [1: 82.3%, 2: 17.7%, 3: 0.0%]
DFA state visits in window   : 1: 13799, 2: 11524, 3: 0
DFA state visits cumulative  : 1: 320061, 2: 54298, 3: 0
DFA state entries in window  : 1: 100, 2: 99, 3: 0
DFA state entries cumulative : 1: 1800, 2: 618, 3: 0
transitions cumulative       : 1->2: 618
accepted directly from s0    : 0
Gym endings cumulative       : terminated=1760, truncated=40
Best policy updated at episode 1800: mean learning reward=333.865

[Episode 1900/8000 | last 100]
success rate                : 0.0% (cumulative 0.0%)
synthetic task reward       : 0.000
shaping reward              : 312.909
learning reward             : 312.909
episode length              : 263.1
abstract changes / episode  : 19.7
DFA transitions / episode   : 0.94
DFA transitions in window   : 1->2: 94
epsilons (next episode)      : 1: 0.14943, 2: 0.49049, 3: 1.00000
replay buffer                : 300000 samples [1: 78.2%, 2: 21.8%, 3: 0.0%]
DFA state visits in window   : 1: 14010, 2: 12402, 3: 0
DFA state visits cumulative  : 1: 334071, 2: 66700, 3: 0
DFA state entries in window  : 1: 100, 2: 94, 3: 0
DFA state entries cumulative : 1: 1900, 2: 712, 3: 0
transitions cumulative       : 1->2: 712
accepted directly from s0    : 0
Gym endings cumulative       : terminated=1859, truncated=41

[Episode 2000/8000 | last 100]
success rate                : 0.0% (cumulative 0.0%)
synthetic task reward       : 0.000
shaping reward              : 291.801
learning reward             : 291.801
episode length              : 293.7
abstract changes / episode  : 22.0
DFA transitions / episode   : 0.91
DFA transitions in window   : 1->2: 91
epsilons (next episode)      : 1: 0.13520, 2: 0.44780, 3: 1.00000
replay buffer                : 300000 samples [1: 73.9%, 2: 26.1%, 3: 0.0%]
DFA state visits in window   : 1: 16334, 2: 13136, 3: 0
DFA state visits cumulative  : 1: 350405, 2: 79836, 3: 0
DFA state entries in window  : 1: 100, 2: 91, 3: 0
DFA state entries cumulative : 1: 2000, 2: 803, 3: 0
transitions cumulative       : 1->2: 803
accepted directly from s0    : 0
Gym endings cumulative       : terminated=1957, truncated=43

[Episode 2100/8000 | last 100]
success rate                : 2.0% (cumulative 0.1%)
synthetic task reward       : 200.000
shaping reward              : 358.126
learning reward             : 558.126
episode length              : 308.8
abstract changes / episode  : 24.4
DFA transitions / episode   : 0.91
DFA transitions in window   : 1->2: 89, 2->3: 2
epsilons (next episode)      : 1: 0.12233, 2: 0.40965, 3: 1.00000
replay buffer                : 300000 samples [1: 69.4%, 2: 30.6%, 3: 0.0%]
DFA state visits in window   : 1: 17537, 2: 13438, 3: 2
DFA state visits cumulative  : 1: 367942, 2: 93274, 3: 2
DFA state entries in window  : 1: 100, 2: 89, 3: 2
DFA state entries cumulative : 1: 2100, 2: 892, 3: 2
transitions cumulative       : 1->2: 892, 2->3: 2
accepted directly from s0    : 0
Gym endings cumulative       : terminated=2055, truncated=43
Best policy updated at episode 2100: mean learning reward=558.126

[Episode 2200/8000 | last 100]
success rate                : 13.0% (cumulative 0.7%)
synthetic task reward       : 1300.000
shaping reward              : 466.026
learning reward             : 1766.026
episode length              : 361.1
abstract changes / episode  : 28.1
DFA transitions / episode   : 1.01
DFA transitions in window   : 1->2: 88, 2->3: 13
epsilons (next episode)      : 1: 0.11068, 2: 0.37513, 3: 1.00000
replay buffer                : 300000 samples [1: 62.9%, 2: 37.1%, 3: 0.0%]
DFA state visits in window   : 1: 16009, 2: 20193, 3: 13
DFA state visits cumulative  : 1: 383951, 2: 113467, 3: 15
DFA state entries in window  : 1: 100, 2: 88, 3: 13
DFA state entries cumulative : 1: 2200, 2: 980, 3: 15
transitions cumulative       : 1->2: 980, 2->3: 15
accepted directly from s0    : 0
Gym endings cumulative       : terminated=2140, truncated=45
Best policy updated at episode 2200: mean learning reward=1766.026

[Episode 2300/8000 | last 100]
success rate                : 13.0% (cumulative 1.2%)
synthetic task reward       : 1300.000
shaping reward              : 539.475
learning reward             : 1839.475
episode length              : 401.5
abstract changes / episode  : 31.6
DFA transitions / episode   : 1.06
DFA transitions in window   : 1->2: 93, 2->3: 13
epsilons (next episode)      : 1: 0.10014, 2: 0.34180, 3: 1.00000
replay buffer                : 300000 samples [1: 57.9%, 2: 42.1%, 3: 0.0%]
DFA state visits in window   : 1: 20036, 2: 20197, 3: 13
DFA state visits cumulative  : 1: 403987, 2: 133664, 3: 28
DFA state entries in window  : 1: 100, 2: 93, 3: 13
DFA state entries cumulative : 1: 2300, 2: 1073, 3: 28
transitions cumulative       : 1->2: 1073, 2->3: 28
accepted directly from s0    : 0
Gym endings cumulative       : terminated=2225, truncated=47
Best policy updated at episode 2300: mean learning reward=1839.475

[Episode 2400/8000 | last 100]
success rate                : 21.0% (cumulative 2.0%)
synthetic task reward       : 2100.000
shaping reward              : 578.182
learning reward             : 2678.182
episode length              : 416.1
abstract changes / episode  : 33.7
DFA transitions / episode   : 1.21
DFA transitions in window   : 1->2: 100, 2->3: 21
epsilons (next episode)      : 1: 0.09061, 2: 0.30926, 3: 1.00000
replay buffer                : 300000 samples [1: 52.1%, 2: 47.9%, 3: 0.0%]
DFA state visits in window   : 1: 15377, 2: 26313, 3: 21
DFA state visits cumulative  : 1: 419364, 2: 159977, 3: 49
DFA state entries in window  : 1: 100, 2: 100, 3: 21
DFA state entries cumulative : 1: 2400, 2: 1173, 3: 49
transitions cumulative       : 1->2: 1173, 2->3: 49
accepted directly from s0    : 0
Gym endings cumulative       : terminated=2299, truncated=52
Best policy updated at episode 2400: mean learning reward=2678.182

[Episode 2500/8000 | last 100]
success rate                : 39.0% (cumulative 3.5%)
synthetic task reward       : 3900.000
shaping reward              : 725.639
learning reward             : 4625.639
episode length              : 509.7
abstract changes / episode  : 39.2
DFA transitions / episode   : 1.39
DFA transitions in window   : 1->2: 100, 2->3: 39
epsilons (next episode)      : 1: 0.08198, 2: 0.27981, 3: 1.00000
replay buffer                : 300000 samples [1: 46.3%, 2: 53.7%, 3: 0.0%]
DFA state visits in window   : 1: 14948, 2: 36081, 3: 39
DFA state visits cumulative  : 1: 434312, 2: 196058, 3: 88
DFA state entries in window  : 1: 100, 2: 100, 3: 39
DFA state entries cumulative : 1: 2500, 2: 1273, 3: 88
transitions cumulative       : 1->2: 1273, 2->3: 88
accepted directly from s0    : 0
Gym endings cumulative       : terminated=2351, truncated=61
Best policy updated at episode 2500: mean learning reward=4625.639

[Episode 2600/8000 | last 100]
success rate                : 62.0% (cumulative 5.8%)
synthetic task reward       : 6200.000
shaping reward              : 867.805
learning reward             : 7067.805
episode length              : 442.5
abstract changes / episode  : 35.0
DFA transitions / episode   : 1.61
DFA transitions in window   : 1->2: 99, 2->3: 62
epsilons (next episode)      : 1: 0.08000, 2: 0.25343, 3: 1.00000
replay buffer                : 300000 samples [1: 42.9%, 2: 57.1%, 3: 0.0%]
DFA state visits in window   : 1: 14584, 2: 29701, 3: 62
DFA state visits cumulative  : 1: 448896, 2: 225759, 3: 150
DFA state entries in window  : 1: 100, 2: 99, 3: 62
DFA state entries cumulative : 1: 2600, 2: 1372, 3: 150
transitions cumulative       : 1->2: 1372, 2->3: 150
accepted directly from s0    : 0
Gym endings cumulative       : terminated=2384, truncated=66
Best policy updated at episode 2600: mean learning reward=7067.805

[Episode 2700/8000 | last 100]
success rate                : 73.0% (cumulative 8.3%)
synthetic task reward       : 7300.000
shaping reward              : 896.906
learning reward             : 8196.906
episode length              : 379.7
abstract changes / episode  : 29.9
DFA transitions / episode   : 1.66
DFA transitions in window   : 1->2: 93, 2->3: 73
epsilons (next episode)      : 1: 0.08000, 2: 0.23091, 3: 1.00000
replay buffer                : 300000 samples [1: 41.4%, 2: 58.6%, 3: 0.0%]
DFA state visits in window   : 1: 15121, 2: 22877, 3: 73
DFA state visits cumulative  : 1: 464017, 2: 248636, 3: 223
DFA state entries in window  : 1: 100, 2: 93, 3: 73
DFA state entries cumulative : 1: 2700, 2: 1465, 3: 223
transitions cumulative       : 1->2: 1465, 2->3: 223
accepted directly from s0    : 0
Gym endings cumulative       : terminated=2407, truncated=70
Best policy updated at episode 2700: mean learning reward=8196.906

[Episode 2800/8000 | last 100]
success rate                : 79.0% (cumulative 10.8%)
synthetic task reward       : 7900.000
shaping reward              : 943.904
learning reward             : 8843.904
episode length              : 352.1
abstract changes / episode  : 27.9
DFA transitions / episode   : 1.69
DFA transitions in window   : 1->2: 90, 2->3: 79
epsilons (next episode)      : 1: 0.08000, 2: 0.21103, 3: 1.00000
replay buffer                : 300000 samples [1: 39.0%, 2: 61.0%, 3: 0.0%]
DFA state visits in window   : 1: 13418, 2: 21810, 3: 79
DFA state visits cumulative  : 1: 477435, 2: 270446, 3: 302
DFA state entries in window  : 1: 100, 2: 90, 3: 79
DFA state entries cumulative : 1: 2800, 2: 1555, 3: 302
transitions cumulative       : 1->2: 1555, 2->3: 302
accepted directly from s0    : 0
Gym endings cumulative       : terminated=2425, truncated=73
Best policy updated at episode 2800: mean learning reward=8843.904

[Episode 2900/8000 | last 100]
success rate                : 86.0% (cumulative 13.4%)
synthetic task reward       : 8600.000
shaping reward              : 997.835
learning reward             : 9597.835
episode length              : 310.8
abstract changes / episode  : 24.3
DFA transitions / episode   : 1.80
DFA transitions in window   : 1->2: 94, 2->3: 86
epsilons (next episode)      : 1: 0.08000, 2: 0.19208, 3: 1.00000
replay buffer                : 300000 samples [1: 38.5%, 2: 61.5%, 3: 0.0%]
DFA state visits in window   : 1: 13620, 2: 17472, 3: 86
DFA state visits cumulative  : 1: 491055, 2: 287918, 3: 388
DFA state entries in window  : 1: 100, 2: 94, 3: 86
DFA state entries cumulative : 1: 2900, 2: 1649, 3: 388
transitions cumulative       : 1->2: 1649, 2->3: 388
accepted directly from s0    : 0
Gym endings cumulative       : terminated=2437, truncated=75
Best policy updated at episode 2900: mean learning reward=9597.835

[Episode 3000/8000 | last 100]
success rate                : 91.0% (cumulative 16.0%)
synthetic task reward       : 9100.000
shaping reward              : 1009.946
learning reward             : 10109.946
episode length              : 304.7
abstract changes / episode  : 23.6
DFA transitions / episode   : 1.87
DFA transitions in window   : 1->2: 96, 2->3: 91
epsilons (next episode)      : 1: 0.08000, 2: 0.17449, 3: 1.00000
replay buffer                : 300000 samples [1: 38.2%, 2: 61.8%, 3: 0.0%]
DFA state visits in window   : 1: 13473, 2: 17009, 3: 91
DFA state visits cumulative  : 1: 504528, 2: 304927, 3: 479
DFA state entries in window  : 1: 100, 2: 96, 3: 91
DFA state entries cumulative : 1: 3000, 2: 1745, 3: 479
transitions cumulative       : 1->2: 1745, 2->3: 479
accepted directly from s0    : 0
Gym endings cumulative       : terminated=2446, truncated=75
Best policy updated at episode 3000: mean learning reward=10109.946

[Episode 3100/8000 | last 100]
success rate                : 93.0% (cumulative 18.5%)
synthetic task reward       : 9300.000
shaping reward              : 1034.753
learning reward             : 10334.753
episode length              : 299.0
abstract changes / episode  : 22.5
DFA transitions / episode   : 1.90
DFA transitions in window   : 1->2: 97, 2->3: 93
epsilons (next episode)      : 1: 0.08000, 2: 0.15835, 3: 1.00000
replay buffer                : 300000 samples [1: 38.2%, 2: 61.8%, 3: 0.0%]
DFA state visits in window   : 1: 14796, 2: 15114, 3: 93
DFA state visits cumulative  : 1: 519324, 2: 320041, 3: 572
DFA state entries in window  : 1: 100, 2: 97, 3: 93
DFA state entries cumulative : 1: 3100, 2: 1842, 3: 572
transitions cumulative       : 1->2: 1842, 2->3: 572
accepted directly from s0    : 0
Gym endings cumulative       : terminated=2453, truncated=75
Best policy updated at episode 3100: mean learning reward=10334.753

[Episode 3200/8000 | last 100]
success rate                : 84.0% (cumulative 20.5%)
synthetic task reward       : 8400.000
shaping reward              : 898.051
learning reward             : 9298.051
episode length              : 306.6
abstract changes / episode  : 22.3
DFA transitions / episode   : 1.71
DFA transitions in window   : 1->2: 87, 2->3: 84
epsilons (next episode)      : 1: 0.08000, 2: 0.14515, 3: 1.00000
replay buffer                : 300000 samples [1: 40.7%, 2: 59.3%, 3: 0.0%]
DFA state visits in window   : 1: 18800, 2: 11875, 3: 84
DFA state visits cumulative  : 1: 538124, 2: 331916, 3: 656
DFA state entries in window  : 1: 100, 2: 87, 3: 84
DFA state entries cumulative : 1: 3200, 2: 1929, 3: 656
transitions cumulative       : 1->2: 1929, 2->3: 656
accepted directly from s0    : 0
Gym endings cumulative       : terminated=2469, truncated=75

[Episode 3300/8000 | last 100]
success rate                : 97.0% (cumulative 22.8%)
synthetic task reward       : 9700.000
shaping reward              : 1074.038
learning reward             : 10774.038
episode length              : 273.0
abstract changes / episode  : 19.7
DFA transitions / episode   : 1.97
DFA transitions in window   : 1->2: 100, 2->3: 97
epsilons (next episode)      : 1: 0.08000, 2: 0.13133, 3: 1.00000
replay buffer                : 300000 samples [1: 42.3%, 2: 57.7%, 3: 0.0%]
DFA state visits in window   : 1: 14084, 2: 13218, 3: 97
DFA state visits cumulative  : 1: 552208, 2: 345134, 3: 753
DFA state entries in window  : 1: 100, 2: 100, 3: 97
DFA state entries cumulative : 1: 3300, 2: 2029, 3: 753
transitions cumulative       : 1->2: 2029, 2->3: 753
accepted directly from s0    : 0
Gym endings cumulative       : terminated=2471, truncated=76
Best policy updated at episode 3300: mean learning reward=10774.038

[Episode 3400/8000 | last 100]
success rate                : 89.0% (cumulative 24.8%)
synthetic task reward       : 8900.000
shaping reward              : 959.339
learning reward             : 9859.339
episode length              : 268.3
abstract changes / episode  : 21.4
DFA transitions / episode   : 1.83
DFA transitions in window   : 1->2: 94, 2->3: 89
epsilons (next episode)      : 1: 0.08000, 2: 0.11955, 3: 1.00000
replay buffer                : 300000 samples [1: 44.4%, 2: 55.6%, 3: 0.0%]
DFA state visits in window   : 1: 13517, 2: 13320, 3: 89
DFA state visits cumulative  : 1: 565725, 2: 358454, 3: 842
DFA state entries in window  : 1: 100, 2: 94, 3: 89
DFA state entries cumulative : 1: 3400, 2: 2123, 3: 842
transitions cumulative       : 1->2: 2123, 2->3: 842
accepted directly from s0    : 0
Gym endings cumulative       : terminated=2482, truncated=76

[Episode 3500/8000 | last 100]
success rate                : 92.0% (cumulative 26.7%)
synthetic task reward       : 9200.000
shaping reward              : 1001.348
learning reward             : 10201.348
episode length              : 249.7
abstract changes / episode  : 19.4
DFA transitions / episode   : 1.87
DFA transitions in window   : 1->2: 95, 2->3: 92
epsilons (next episode)      : 1: 0.08000, 2: 0.10871, 3: 1.00000
replay buffer                : 300000 samples [1: 46.2%, 2: 53.8%, 3: 0.0%]
DFA state visits in window   : 1: 13311, 2: 11670, 3: 92
DFA state visits cumulative  : 1: 579036, 2: 370124, 3: 934
DFA state entries in window  : 1: 100, 2: 95, 3: 92
DFA state entries cumulative : 1: 3500, 2: 2218, 3: 934
transitions cumulative       : 1->2: 2218, 2->3: 934
accepted directly from s0    : 0
Gym endings cumulative       : terminated=2490, truncated=76

[Episode 3600/8000 | last 100]
success rate                : 94.0% (cumulative 28.6%)
synthetic task reward       : 9400.000
shaping reward              : 1021.648
learning reward             : 10421.648
episode length              : 266.8
abstract changes / episode  : 19.8
DFA transitions / episode   : 1.88
DFA transitions in window   : 1->2: 94, 2->3: 94
epsilons (next episode)      : 1: 0.08000, 2: 0.09895, 3: 1.00000
replay buffer                : 300000 samples [1: 48.7%, 2: 51.3%, 3: 0.0%]
DFA state visits in window   : 1: 16220, 2: 10464, 3: 94
DFA state visits cumulative  : 1: 595256, 2: 380588, 3: 1028
DFA state entries in window  : 1: 100, 2: 94, 3: 94
DFA state entries cumulative : 1: 3600, 2: 2312, 3: 1028
transitions cumulative       : 1->2: 2312, 2->3: 1028
accepted directly from s0    : 0
Gym endings cumulative       : terminated=2496, truncated=76

[Episode 3700/8000 | last 100]
success rate                : 91.0% (cumulative 30.2%)
synthetic task reward       : 9100.000
shaping reward              : 997.450
learning reward             : 10097.450
episode length              : 269.7
abstract changes / episode  : 20.6
DFA transitions / episode   : 1.83
DFA transitions in window   : 1->2: 92, 2->3: 91
epsilons (next episode)      : 1: 0.08000, 2: 0.09025, 3: 1.00000
replay buffer                : 300000 samples [1: 50.3%, 2: 49.7%, 3: 0.0%]
DFA state visits in window   : 1: 15511, 2: 11469, 3: 91
DFA state visits cumulative  : 1: 610767, 2: 392057, 3: 1119
DFA state entries in window  : 1: 100, 2: 92, 3: 91
DFA state entries cumulative : 1: 3700, 2: 2404, 3: 1119
transitions cumulative       : 1->2: 2404, 2->3: 1119
accepted directly from s0    : 0
Gym endings cumulative       : terminated=2505, truncated=76

[Episode 3800/8000 | last 100]
success rate                : 94.0% (cumulative 31.9%)
synthetic task reward       : 9400.000
shaping reward              : 1022.597
learning reward             : 10422.597
episode length              : 280.5
abstract changes / episode  : 20.1
DFA transitions / episode   : 1.89
DFA transitions in window   : 1->2: 95, 2->3: 94
epsilons (next episode)      : 1: 0.08000, 2: 0.08206, 3: 1.00000
replay buffer                : 300000 samples [1: 52.5%, 2: 47.5%, 3: 0.0%]
DFA state visits in window   : 1: 17123, 2: 10930, 3: 94
DFA state visits cumulative  : 1: 627890, 2: 402987, 3: 1213
DFA state entries in window  : 1: 100, 2: 95, 3: 94
DFA state entries cumulative : 1: 3800, 2: 2499, 3: 1213
transitions cumulative       : 1->2: 2499, 2->3: 1213
accepted directly from s0    : 0
Gym endings cumulative       : terminated=2511, truncated=76

[Episode 3900/8000 | last 100]
success rate                : 92.0% (cumulative 33.5%)
synthetic task reward       : 9200.000
shaping reward              : 1000.334
learning reward             : 10200.334
episode length              : 261.9
abstract changes / episode  : 19.7
DFA transitions / episode   : 1.87
DFA transitions in window   : 1->2: 95, 2->3: 92
epsilons (next episode)      : 1: 0.08000, 2: 0.08000, 3: 1.00000
replay buffer                : 300000 samples [1: 53.5%, 2: 46.5%, 3: 0.0%]
DFA state visits in window   : 1: 14150, 2: 12053, 3: 92
DFA state visits cumulative  : 1: 642040, 2: 415040, 3: 1305
DFA state entries in window  : 1: 100, 2: 95, 3: 92
DFA state entries cumulative : 1: 3900, 2: 2594, 3: 1305
transitions cumulative       : 1->2: 2594, 2->3: 1305
accepted directly from s0    : 0
Gym endings cumulative       : terminated=2519, truncated=76

[Episode 4000/8000 | last 100]
success rate                : 83.0% (cumulative 34.7%)
synthetic task reward       : 8300.000
shaping reward              : 940.087
learning reward             : 9240.087
episode length              : 285.0
abstract changes / episode  : 22.3
DFA transitions / episode   : 1.70
DFA transitions in window   : 1->2: 87, 2->3: 83
epsilons (next episode)      : 1: 0.08000, 2: 0.08000, 3: 1.00000
replay buffer                : 300000 samples [1: 55.0%, 2: 45.0%, 3: 0.0%]
DFA state visits in window   : 1: 16735, 2: 11784, 3: 83
DFA state visits cumulative  : 1: 658775, 2: 426824, 3: 1388
DFA state entries in window  : 1: 100, 2: 87, 3: 83
DFA state entries cumulative : 1: 4000, 2: 2681, 3: 1388
transitions cumulative       : 1->2: 2681, 2->3: 1388
accepted directly from s0    : 0
Gym endings cumulative       : terminated=2535, truncated=77

[Episode 4100/8000 | last 100]
success rate                : 96.0% (cumulative 36.2%)
synthetic task reward       : 9600.000
shaping reward              : 1041.676
learning reward             : 10641.676
episode length              : 261.7
abstract changes / episode  : 19.4
DFA transitions / episode   : 1.93
DFA transitions in window   : 1->2: 97, 2->3: 96
epsilons (next episode)      : 1: 0.08000, 2: 0.08000, 3: 1.00000
replay buffer                : 300000 samples [1: 56.3%, 2: 43.7%, 3: 0.0%]
DFA state visits in window   : 1: 15834, 2: 10337, 3: 96
DFA state visits cumulative  : 1: 674609, 2: 437161, 3: 1484
DFA state entries in window  : 1: 100, 2: 97, 3: 96
DFA state entries cumulative : 1: 4100, 2: 2778, 3: 1484
transitions cumulative       : 1->2: 2778, 2->3: 1484
accepted directly from s0    : 0
Gym endings cumulative       : terminated=2539, truncated=77

[Episode 4200/8000 | last 100]
success rate                : 74.0% (cumulative 37.1%)
synthetic task reward       : 7400.000
shaping reward              : 851.437
learning reward             : 8251.437
episode length              : 244.2
abstract changes / episode  : 19.2
DFA transitions / episode   : 1.53
DFA transitions in window   : 1->2: 79, 2->3: 74
epsilons (next episode)      : 1: 0.08000, 2: 0.08000, 3: 1.00000
replay buffer                : 300000 samples [1: 57.6%, 2: 42.4%, 3: 0.0%]
DFA state visits in window   : 1: 15623, 2: 8826, 3: 74
DFA state visits cumulative  : 1: 690232, 2: 445987, 3: 1558
DFA state entries in window  : 1: 100, 2: 79, 3: 74
DFA state entries cumulative : 1: 4200, 2: 2857, 3: 1558
transitions cumulative       : 1->2: 2857, 2->3: 1558
accepted directly from s0    : 0
Gym endings cumulative       : terminated=2565, truncated=77

[Episode 4300/8000 | last 100]
success rate                : 86.0% (cumulative 38.2%)
synthetic task reward       : 8600.000
shaping reward              : 978.687
learning reward             : 9578.687
episode length              : 256.7
abstract changes / episode  : 20.2
DFA transitions / episode   : 1.78
DFA transitions in window   : 1->2: 92, 2->3: 86
epsilons (next episode)      : 1: 0.08000, 2: 0.08000, 3: 1.00000
replay buffer                : 300000 samples [1: 57.2%, 2: 42.8%, 3: 0.0%]
DFA state visits in window   : 1: 14459, 2: 11225, 3: 86
DFA state visits cumulative  : 1: 704691, 2: 457212, 3: 1644
DFA state entries in window  : 1: 100, 2: 92, 3: 86
DFA state entries cumulative : 1: 4300, 2: 2949, 3: 1644
transitions cumulative       : 1->2: 2949, 2->3: 1644
accepted directly from s0    : 0
Gym endings cumulative       : terminated=2579, truncated=77

[Episode 4400/8000 | last 100]
success rate                : 84.0% (cumulative 39.3%)
synthetic task reward       : 8400.000
shaping reward              : 949.437
learning reward             : 9349.437
episode length              : 261.3
abstract changes / episode  : 20.4
DFA transitions / episode   : 1.72
DFA transitions in window   : 1->2: 88, 2->3: 84
epsilons (next episode)      : 1: 0.08000, 2: 0.08000, 3: 1.00000
replay buffer                : 300000 samples [1: 57.7%, 2: 42.3%, 3: 0.0%]
DFA state visits in window   : 1: 15681, 2: 10461, 3: 84
DFA state visits cumulative  : 1: 720372, 2: 467673, 3: 1728
DFA state entries in window  : 1: 100, 2: 88, 3: 84
DFA state entries cumulative : 1: 4400, 2: 3037, 3: 1728
transitions cumulative       : 1->2: 3037, 2->3: 1728
accepted directly from s0    : 0
Gym endings cumulative       : terminated=2595, truncated=77

[Episode 4500/8000 | last 100]
success rate                : 52.0% (cumulative 39.6%)
synthetic task reward       : 5200.000
shaping reward              : 760.267
learning reward             : 5960.267
episode length              : 264.7
abstract changes / episode  : 21.0
DFA transitions / episode   : 1.32
DFA transitions in window   : 1->2: 80, 2->3: 52
epsilons (next episode)      : 1: 0.08000, 2: 0.08000, 3: 1.00000
replay buffer                : 300000 samples [1: 59.2%, 2: 40.8%, 3: 0.0%]
DFA state visits in window   : 1: 17982, 2: 8535, 3: 52
DFA state visits cumulative  : 1: 738354, 2: 476208, 3: 1780
DFA state entries in window  : 1: 100, 2: 80, 3: 52
DFA state entries cumulative : 1: 4500, 2: 3117, 3: 1780
transitions cumulative       : 1->2: 3117, 2->3: 1780
accepted directly from s0    : 0
Gym endings cumulative       : terminated=2643, truncated=77

[Episode 4600/8000 | last 100]
success rate                : 78.0% (cumulative 40.4%)
synthetic task reward       : 7800.000
shaping reward              : 864.022
learning reward             : 8664.022
episode length              : 265.1
abstract changes / episode  : 20.4
DFA transitions / episode   : 1.64
DFA transitions in window   : 1->2: 86, 2->3: 78
epsilons (next episode)      : 1: 0.08000, 2: 0.08000, 3: 1.00000
replay buffer                : 300000 samples [1: 60.2%, 2: 39.8%, 3: 0.0%]
DFA state visits in window   : 1: 16640, 2: 9887, 3: 78
DFA state visits cumulative  : 1: 754994, 2: 486095, 3: 1858
DFA state entries in window  : 1: 100, 2: 86, 3: 78
DFA state entries cumulative : 1: 4600, 2: 3203, 3: 1858
transitions cumulative       : 1->2: 3203, 2->3: 1858
accepted directly from s0    : 0
Gym endings cumulative       : terminated=2665, truncated=77

[Episode 4700/8000 | last 100]
success rate                : 87.0% (cumulative 41.4%)
synthetic task reward       : 8700.000
shaping reward              : 904.238
learning reward             : 9604.238
episode length              : 333.5
abstract changes / episode  : 24.5
DFA transitions / episode   : 1.74
DFA transitions in window   : 1->2: 87, 2->3: 87
epsilons (next episode)      : 1: 0.08000, 2: 0.08000, 3: 1.00000
replay buffer                : 300000 samples [1: 61.0%, 2: 39.0%, 3: 0.0%]
DFA state visits in window   : 1: 22383, 2: 10980, 3: 87
DFA state visits cumulative  : 1: 777377, 2: 497075, 3: 1945
DFA state entries in window  : 1: 100, 2: 87, 3: 87
DFA state entries cumulative : 1: 4700, 2: 3290, 3: 1945
transitions cumulative       : 1->2: 3290, 2->3: 1945
accepted directly from s0    : 0
Gym endings cumulative       : terminated=2678, truncated=77

[Episode 4800/8000 | last 100]
success rate                : 91.0% (cumulative 42.4%)
synthetic task reward       : 9100.000
shaping reward              : 998.033
learning reward             : 10098.033
episode length              : 283.0
abstract changes / episode  : 20.2
DFA transitions / episode   : 1.84
DFA transitions in window   : 1->2: 93, 2->3: 91
epsilons (next episode)      : 1: 0.08000, 2: 0.08000, 3: 1.00000
replay buffer                : 300000 samples [1: 61.7%, 2: 38.3%, 3: 0.0%]
DFA state visits in window   : 1: 18504, 2: 9802, 3: 91
DFA state visits cumulative  : 1: 795881, 2: 506877, 3: 2036
DFA state entries in window  : 1: 100, 2: 93, 3: 91
DFA state entries cumulative : 1: 4800, 2: 3383, 3: 2036
transitions cumulative       : 1->2: 3383, 2->3: 2036
accepted directly from s0    : 0
Gym endings cumulative       : terminated=2687, truncated=77

[Episode 4900/8000 | last 100]
success rate                : 84.0% (cumulative 43.3%)
synthetic task reward       : 8400.000
shaping reward              : 966.511
learning reward             : 9366.511
episode length              : 266.3
abstract changes / episode  : 19.7
DFA transitions / episode   : 1.76
DFA transitions in window   : 1->2: 92, 2->3: 84
epsilons (next episode)      : 1: 0.08000, 2: 0.08000, 3: 1.00000
replay buffer                : 300000 samples [1: 62.0%, 2: 38.0%, 3: 0.0%]
DFA state visits in window   : 1: 16905, 2: 9742, 3: 84
DFA state visits cumulative  : 1: 812786, 2: 516619, 3: 2120
DFA state entries in window  : 1: 100, 2: 92, 3: 84
DFA state entries cumulative : 1: 4900, 2: 3475, 3: 2120
transitions cumulative       : 1->2: 3475, 2->3: 2120
accepted directly from s0    : 0
Gym endings cumulative       : terminated=2703, truncated=77

[Episode 5000/8000 | last 100]
success rate                : 78.0% (cumulative 44.0%)
synthetic task reward       : 7800.000
shaping reward              : 947.454
learning reward             : 8747.454
episode length              : 267.6
abstract changes / episode  : 20.5
DFA transitions / episode   : 1.69
DFA transitions in window   : 1->2: 91, 2->3: 78
epsilons (next episode)      : 1: 0.08000, 2: 0.08000, 3: 1.00000
replay buffer                : 300000 samples [1: 62.2%, 2: 37.8%, 3: 0.0%]
DFA state visits in window   : 1: 15653, 2: 11132, 3: 78
DFA state visits cumulative  : 1: 828439, 2: 527751, 3: 2198
DFA state entries in window  : 1: 100, 2: 91, 3: 78
DFA state entries cumulative : 1: 5000, 2: 3566, 3: 2198
transitions cumulative       : 1->2: 3566, 2->3: 2198
accepted directly from s0    : 0
Gym endings cumulative       : terminated=2725, truncated=77

[Episode 5100/8000 | last 100]
success rate                : 61.0% (cumulative 44.3%)
synthetic task reward       : 6100.000
shaping reward              : 658.866
learning reward             : 6758.866
episode length              : 261.0
abstract changes / episode  : 19.8
DFA transitions / episode   : 1.27
DFA transitions in window   : 1->2: 66, 2->3: 61
epsilons (next episode)      : 1: 0.08000, 2: 0.08000, 3: 1.00000
replay buffer                : 300000 samples [1: 63.4%, 2: 36.6%, 3: 0.0%]
DFA state visits in window   : 1: 18674, 2: 7468, 3: 61
DFA state visits cumulative  : 1: 847113, 2: 535219, 3: 2259
DFA state entries in window  : 1: 100, 2: 66, 3: 61
DFA state entries cumulative : 1: 5100, 2: 3632, 3: 2259
transitions cumulative       : 1->2: 3632, 2->3: 2259
accepted directly from s0    : 0
Gym endings cumulative       : terminated=2764, truncated=77

[Episode 5200/8000 | last 100]
success rate                : 78.0% (cumulative 44.9%)
synthetic task reward       : 7800.000
shaping reward              : 855.189
learning reward             : 8655.189
episode length              : 313.4
abstract changes / episode  : 23.8
DFA transitions / episode   : 1.61
DFA transitions in window   : 1->2: 83, 2->3: 78
epsilons (next episode)      : 1: 0.08000, 2: 0.08000, 3: 1.00000
replay buffer                : 300000 samples [1: 64.4%, 2: 35.6%, 3: 0.0%]
DFA state visits in window   : 1: 22026, 2: 9336, 3: 78
DFA state visits cumulative  : 1: 869139, 2: 544555, 3: 2337
DFA state entries in window  : 1: 100, 2: 83, 3: 78
DFA state entries cumulative : 1: 5200, 2: 3715, 3: 2337
transitions cumulative       : 1->2: 3715, 2->3: 2337
accepted directly from s0    : 0
Gym endings cumulative       : terminated=2786, truncated=77

[Episode 5300/8000 | last 100]
success rate                : 90.0% (cumulative 45.8%)
synthetic task reward       : 9000.000
shaping reward              : 976.371
learning reward             : 9976.371
episode length              : 250.4
abstract changes / episode  : 19.0
DFA transitions / episode   : 1.82
DFA transitions in window   : 1->2: 92, 2->3: 90
epsilons (next episode)      : 1: 0.08000, 2: 0.08000, 3: 1.00000
replay buffer                : 300000 samples [1: 64.3%, 2: 35.7%, 3: 0.0%]
DFA state visits in window   : 1: 15448, 2: 9600, 3: 90
DFA state visits cumulative  : 1: 884587, 2: 554155, 3: 2427
DFA state entries in window  : 1: 100, 2: 92, 3: 90
DFA state entries cumulative : 1: 5300, 2: 3807, 3: 2427
transitions cumulative       : 1->2: 3807, 2->3: 2427
accepted directly from s0    : 0
Gym endings cumulative       : terminated=2796, truncated=77

[Episode 5400/8000 | last 100]
success rate                : 70.0% (cumulative 46.2%)
synthetic task reward       : 7000.000
shaping reward              : 810.422
learning reward             : 7810.422
episode length              : 234.7
abstract changes / episode  : 18.2
DFA transitions / episode   : 1.53
DFA transitions in window   : 1->2: 83, 2->3: 70
epsilons (next episode)      : 1: 0.08000, 2: 0.08000, 3: 1.00000
replay buffer                : 300000 samples [1: 64.6%, 2: 35.4%, 3: 0.0%]
DFA state visits in window   : 1: 14109, 2: 9395, 3: 70
DFA state visits cumulative  : 1: 898696, 2: 563550, 3: 2497
DFA state entries in window  : 1: 100, 2: 83, 3: 70
DFA state entries cumulative : 1: 5400, 2: 3890, 3: 2497
transitions cumulative       : 1->2: 3890, 2->3: 2497
accepted directly from s0    : 0
Gym endings cumulative       : terminated=2826, truncated=77

[Episode 5500/8000 | last 100]
success rate                : 86.0% (cumulative 47.0%)
synthetic task reward       : 8600.000
shaping reward              : 949.513
learning reward             : 9549.513
episode length              : 261.0
abstract changes / episode  : 20.0
DFA transitions / episode   : 1.77
DFA transitions in window   : 1->2: 91, 2->3: 86
epsilons (next episode)      : 1: 0.08000, 2: 0.08000, 3: 1.00000
replay buffer                : 300000 samples [1: 64.6%, 2: 35.4%, 3: 0.0%]
DFA state visits in window   : 1: 15824, 2: 10291, 3: 86
DFA state visits cumulative  : 1: 914520, 2: 573841, 3: 2583
DFA state entries in window  : 1: 100, 2: 91, 3: 86
DFA state entries cumulative : 1: 5500, 2: 3981, 3: 2583
transitions cumulative       : 1->2: 3981, 2->3: 2583
accepted directly from s0    : 0
Gym endings cumulative       : terminated=2840, truncated=77

[Episode 5600/8000 | last 100]
success rate                : 94.0% (cumulative 47.8%)
synthetic task reward       : 9400.000
shaping reward              : 1034.317
learning reward             : 10434.317
episode length              : 275.3
abstract changes / episode  : 19.4
DFA transitions / episode   : 1.89
DFA transitions in window   : 1->2: 95, 2->3: 94
epsilons (next episode)      : 1: 0.08000, 2: 0.08000, 3: 1.00000
replay buffer                : 300000 samples [1: 64.2%, 2: 35.8%, 3: 0.0%]
DFA state visits in window   : 1: 17585, 2: 9949, 3: 94
DFA state visits cumulative  : 1: 932105, 2: 583790, 3: 2677
DFA state entries in window  : 1: 100, 2: 95, 3: 94
DFA state entries cumulative : 1: 5600, 2: 4076, 3: 2677
transitions cumulative       : 1->2: 4076, 2->3: 2677
accepted directly from s0    : 0
Gym endings cumulative       : terminated=2846, truncated=77

[Episode 5700/8000 | last 100]
success rate                : 86.0% (cumulative 48.5%)
synthetic task reward       : 8600.000
shaping reward              : 931.715
learning reward             : 9531.715
episode length              : 264.2
abstract changes / episode  : 19.5
DFA transitions / episode   : 1.77
DFA transitions in window   : 1->2: 91, 2->3: 86
epsilons (next episode)      : 1: 0.08000, 2: 0.08000, 3: 1.00000
replay buffer                : 300000 samples [1: 64.2%, 2: 35.8%, 3: 0.0%]
DFA state visits in window   : 1: 16311, 2: 10120, 3: 86
DFA state visits cumulative  : 1: 948416, 2: 593910, 3: 2763
DFA state entries in window  : 1: 100, 2: 91, 3: 86
DFA state entries cumulative : 1: 5700, 2: 4167, 3: 2763
transitions cumulative       : 1->2: 4167, 2->3: 2763
accepted directly from s0    : 0
Gym endings cumulative       : terminated=2860, truncated=77

[Episode 5800/8000 | last 100]
success rate                : 85.0% (cumulative 49.1%)
synthetic task reward       : 8500.000
shaping reward              : 993.117
learning reward             : 9493.117
episode length              : 343.3
abstract changes / episode  : 25.5
DFA transitions / episode   : 1.83
DFA transitions in window   : 1->2: 98, 2->3: 85
epsilons (next episode)      : 1: 0.08000, 2: 0.08000, 3: 1.00000
replay buffer                : 300000 samples [1: 63.9%, 2: 36.1%, 3: 0.0%]
DFA state visits in window   : 1: 22330, 2: 12014, 3: 85
DFA state visits cumulative  : 1: 970746, 2: 605924, 3: 2848
DFA state entries in window  : 1: 100, 2: 98, 3: 85
DFA state entries cumulative : 1: 5800, 2: 4265, 3: 2848
transitions cumulative       : 1->2: 4265, 2->3: 2848
accepted directly from s0    : 0
Gym endings cumulative       : terminated=2875, truncated=77

[Episode 5900/8000 | last 100]
success rate                : 56.0% (cumulative 49.2%)
synthetic task reward       : 5600.000
shaping reward              : 654.044
learning reward             : 6254.044
episode length              : 347.5
abstract changes / episode  : 27.4
DFA transitions / episode   : 1.33
DFA transitions in window   : 1->2: 77, 2->3: 56
epsilons (next episode)      : 1: 0.08000, 2: 0.08000, 3: 1.00000
replay buffer                : 300000 samples [1: 64.4%, 2: 35.6%, 3: 0.0%]
DFA state visits in window   : 1: 23932, 2: 10864, 3: 56
DFA state visits cumulative  : 1: 994678, 2: 616788, 3: 2904
DFA state entries in window  : 1: 100, 2: 77, 3: 56
DFA state entries cumulative : 1: 5900, 2: 4342, 3: 2904
transitions cumulative       : 1->2: 4342, 2->3: 2904
accepted directly from s0    : 0
Gym endings cumulative       : terminated=2918, truncated=78

[Episode 6000/8000 | last 100]
success rate                : 58.0% (cumulative 49.4%)
synthetic task reward       : 5800.000
shaping reward              : 709.403
learning reward             : 6509.403
episode length              : 306.8
abstract changes / episode  : 23.9
DFA transitions / episode   : 1.33
DFA transitions in window   : 1->2: 75, 2->3: 58
epsilons (next episode)      : 1: 0.08000, 2: 0.08000, 3: 1.00000
replay buffer                : 300000 samples [1: 64.4%, 2: 35.6%, 3: 0.0%]
DFA state visits in window   : 1: 18173, 2: 12552, 3: 58
DFA state visits cumulative  : 1: 1012851, 2: 629340, 3: 2962
DFA state entries in window  : 1: 100, 2: 75, 3: 58
DFA state entries cumulative : 1: 6000, 2: 4417, 3: 2962
transitions cumulative       : 1->2: 4417, 2->3: 2962
accepted directly from s0    : 0
Gym endings cumulative       : terminated=2959, truncated=79

[Episode 6100/8000 | last 100]
success rate                : 62.0% (cumulative 49.6%)
synthetic task reward       : 6200.000
shaping reward              : 689.682
learning reward             : 6889.682
episode length              : 297.1
abstract changes / episode  : 24.0
DFA transitions / episode   : 1.43
DFA transitions in window   : 1->2: 81, 2->3: 62
epsilons (next episode)      : 1: 0.08000, 2: 0.08000, 3: 1.00000
replay buffer                : 300000 samples [1: 63.5%, 2: 36.5%, 3: 0.0%]
DFA state visits in window   : 1: 17296, 2: 12457, 3: 62
DFA state visits cumulative  : 1: 1030147, 2: 641797, 3: 3024
DFA state entries in window  : 1: 100, 2: 81, 3: 62
DFA state entries cumulative : 1: 6100, 2: 4498, 3: 3024
transitions cumulative       : 1->2: 4498, 2->3: 3024
accepted directly from s0    : 0
Gym endings cumulative       : terminated=2997, truncated=79

[Episode 6200/8000 | last 100]
success rate                : 67.0% (cumulative 49.9%)
synthetic task reward       : 6700.000
shaping reward              : 776.882
learning reward             : 7476.882
episode length              : 266.7
abstract changes / episode  : 20.1
DFA transitions / episode   : 1.47
DFA transitions in window   : 1->2: 80, 2->3: 67
epsilons (next episode)      : 1: 0.08000, 2: 0.08000, 3: 1.00000
replay buffer                : 300000 samples [1: 62.3%, 2: 37.7%, 3: 0.0%]
DFA state visits in window   : 1: 16133, 2: 10574, 3: 67
DFA state visits cumulative  : 1: 1046280, 2: 652371, 3: 3091
DFA state entries in window  : 1: 100, 2: 80, 3: 67
DFA state entries cumulative : 1: 6200, 2: 4578, 3: 3091
transitions cumulative       : 1->2: 4578, 2->3: 3091
accepted directly from s0    : 0
Gym endings cumulative       : terminated=3030, truncated=79

[Episode 6300/8000 | last 100]
success rate                : 76.0% (cumulative 50.3%)
synthetic task reward       : 7600.000
shaping reward              : 909.676
learning reward             : 8509.676
episode length              : 343.8
abstract changes / episode  : 23.3
DFA transitions / episode   : 1.66
DFA transitions in window   : 1->2: 90, 2->3: 76
epsilons (next episode)      : 1: 0.08000, 2: 0.08000, 3: 1.00000
replay buffer                : 300000 samples [1: 60.6%, 2: 39.4%, 3: 0.0%]
DFA state visits in window   : 1: 17048, 2: 17359, 3: 76
DFA state visits cumulative  : 1: 1063328, 2: 669730, 3: 3167
DFA state entries in window  : 1: 100, 2: 90, 3: 76
DFA state entries cumulative : 1: 6300, 2: 4668, 3: 3167
transitions cumulative       : 1->2: 4668, 2->3: 3167
accepted directly from s0    : 0
Gym endings cumulative       : terminated=3048, truncated=85

[Episode 6400/8000 | last 100]
success rate                : 76.0% (cumulative 50.7%)
synthetic task reward       : 7600.000
shaping reward              : 859.805
learning reward             : 8459.805
episode length              : 280.4
abstract changes / episode  : 21.6
DFA transitions / episode   : 1.63
DFA transitions in window   : 1->2: 87, 2->3: 76
epsilons (next episode)      : 1: 0.08000, 2: 0.08000, 3: 1.00000
replay buffer                : 300000 samples [1: 60.8%, 2: 39.2%, 3: 0.0%]
DFA state visits in window   : 1: 17302, 2: 10765, 3: 76
DFA state visits cumulative  : 1: 1080630, 2: 680495, 3: 3243
DFA state entries in window  : 1: 100, 2: 87, 3: 76
DFA state entries cumulative : 1: 6400, 2: 4755, 3: 3243
transitions cumulative       : 1->2: 4755, 2->3: 3243
accepted directly from s0    : 0
Gym endings cumulative       : terminated=3072, truncated=85

[Episode 6500/8000 | last 100]
success rate                : 72.0% (cumulative 51.0%)
synthetic task reward       : 7200.000
shaping reward              : 838.110
learning reward             : 8038.110
episode length              : 241.1
abstract changes / episode  : 19.4
DFA transitions / episode   : 1.59
DFA transitions in window   : 1->2: 87, 2->3: 72
epsilons (next episode)      : 1: 0.08000, 2: 0.08000, 3: 1.00000
replay buffer                : 300000 samples [1: 60.5%, 2: 39.5%, 3: 0.0%]
DFA state visits in window   : 1: 13801, 2: 10341, 3: 72
DFA state visits cumulative  : 1: 1094431, 2: 690836, 3: 3315
DFA state entries in window  : 1: 100, 2: 87, 3: 72
DFA state entries cumulative : 1: 6500, 2: 4842, 3: 3315
transitions cumulative       : 1->2: 4842, 2->3: 3315
accepted directly from s0    : 0
Gym endings cumulative       : terminated=3100, truncated=85

[Episode 6600/8000 | last 100]
success rate                : 83.0% (cumulative 51.5%)
synthetic task reward       : 8300.000
shaping reward              : 931.371
learning reward             : 9231.371
episode length              : 249.6
abstract changes / episode  : 19.5
DFA transitions / episode   : 1.75
DFA transitions in window   : 1->2: 92, 2->3: 83
epsilons (next episode)      : 1: 0.08000, 2: 0.08000, 3: 1.00000
replay buffer                : 300000 samples [1: 60.4%, 2: 39.6%, 3: 0.0%]
DFA state visits in window   : 1: 15057, 2: 9920, 3: 83
DFA state visits cumulative  : 1: 1109488, 2: 700756, 3: 3398
DFA state entries in window  : 1: 100, 2: 92, 3: 83
DFA state entries cumulative : 1: 6600, 2: 4934, 3: 3398
transitions cumulative       : 1->2: 4934, 2->3: 3398
accepted directly from s0    : 0
Gym endings cumulative       : terminated=3117, truncated=85

[Episode 6700/8000 | last 100]
success rate                : 61.0% (cumulative 51.6%)
synthetic task reward       : 6100.000
shaping reward              : 652.281
learning reward             : 6752.281
episode length              : 265.3
abstract changes / episode  : 20.6
DFA transitions / episode   : 1.37
DFA transitions in window   : 1->2: 76, 2->3: 61
epsilons (next episode)      : 1: 0.08000, 2: 0.08000, 3: 1.00000
replay buffer                : 300000 samples [1: 60.9%, 2: 39.1%, 3: 0.0%]
DFA state visits in window   : 1: 18110, 2: 8459, 3: 61
DFA state visits cumulative  : 1: 1127598, 2: 709215, 3: 3459
DFA state entries in window  : 1: 100, 2: 76, 3: 61
DFA state entries cumulative : 1: 6700, 2: 5010, 3: 3459
transitions cumulative       : 1->2: 5010, 2->3: 3459
accepted directly from s0    : 0
Gym endings cumulative       : terminated=3156, truncated=85

[Episode 6800/8000 | last 100]
success rate                : 70.0% (cumulative 51.9%)
synthetic task reward       : 7000.000
shaping reward              : 780.585
learning reward             : 7780.585
episode length              : 291.7
abstract changes / episode  : 22.1
DFA transitions / episode   : 1.48
DFA transitions in window   : 1->2: 78, 2->3: 70
epsilons (next episode)      : 1: 0.08000, 2: 0.08000, 3: 1.00000
replay buffer                : 300000 samples [1: 61.2%, 2: 38.8%, 3: 0.0%]
DFA state visits in window   : 1: 19715, 2: 9482, 3: 70
DFA state visits cumulative  : 1: 1147313, 2: 718697, 3: 3529
DFA state entries in window  : 1: 100, 2: 78, 3: 70
DFA state entries cumulative : 1: 6800, 2: 5088, 3: 3529
transitions cumulative       : 1->2: 5088, 2->3: 3529
accepted directly from s0    : 0
Gym endings cumulative       : terminated=3186, truncated=85

[Episode 6900/8000 | last 100]
success rate                : 80.0% (cumulative 52.3%)
synthetic task reward       : 8000.000
shaping reward              : 886.937
learning reward             : 8886.937
episode length              : 288.6
abstract changes / episode  : 21.1
DFA transitions / episode   : 1.71
DFA transitions in window   : 1->2: 91, 2->3: 80
epsilons (next episode)      : 1: 0.08000, 2: 0.08000, 3: 1.00000
replay buffer                : 300000 samples [1: 60.6%, 2: 39.4%, 3: 0.0%]
DFA state visits in window   : 1: 17622, 2: 11256, 3: 80
DFA state visits cumulative  : 1: 1164935, 2: 729953, 3: 3609
DFA state entries in window  : 1: 100, 2: 91, 3: 80
DFA state entries cumulative : 1: 6900, 2: 5179, 3: 3609
transitions cumulative       : 1->2: 5179, 2->3: 3609
accepted directly from s0    : 0
Gym endings cumulative       : terminated=3206, truncated=85

[Episode 7000/8000 | last 100]
success rate                : 90.0% (cumulative 52.8%)
synthetic task reward       : 9000.000
shaping reward              : 992.732
learning reward             : 9992.732
episode length              : 301.3
abstract changes / episode  : 21.6
DFA transitions / episode   : 1.83
DFA transitions in window   : 1->2: 93, 2->3: 90
epsilons (next episode)      : 1: 0.08000, 2: 0.08000, 3: 1.00000
replay buffer                : 300000 samples [1: 60.3%, 2: 39.7%, 3: 0.0%]
DFA state visits in window   : 1: 18860, 2: 11279, 3: 90
DFA state visits cumulative  : 1: 1183795, 2: 741232, 3: 3699
DFA state entries in window  : 1: 100, 2: 93, 3: 90
DFA state entries cumulative : 1: 7000, 2: 5272, 3: 3699
transitions cumulative       : 1->2: 5272, 2->3: 3699
accepted directly from s0    : 0
Gym endings cumulative       : terminated=3216, truncated=85

[Episode 7100/8000 | last 100]
success rate                : 87.0% (cumulative 53.3%)
synthetic task reward       : 8700.000
shaping reward              : 960.700
learning reward             : 9660.700
episode length              : 257.8
abstract changes / episode  : 18.7
DFA transitions / episode   : 1.78
DFA transitions in window   : 1->2: 91, 2->3: 87
epsilons (next episode)      : 1: 0.08000, 2: 0.08000, 3: 1.00000
replay buffer                : 300000 samples [1: 60.7%, 2: 39.3%, 3: 0.0%]
DFA state visits in window   : 1: 15738, 2: 10053, 3: 87
DFA state visits cumulative  : 1: 1199533, 2: 751285, 3: 3786
DFA state entries in window  : 1: 100, 2: 91, 3: 87
DFA state entries cumulative : 1: 7100, 2: 5363, 3: 3786
transitions cumulative       : 1->2: 5363, 2->3: 3786
accepted directly from s0    : 0
Gym endings cumulative       : terminated=3228, truncated=86

[Episode 7200/8000 | last 100]
success rate                : 70.0% (cumulative 53.6%)
synthetic task reward       : 7000.000
shaping reward              : 802.923
learning reward             : 7802.923
episode length              : 267.0
abstract changes / episode  : 19.8
DFA transitions / episode   : 1.49
DFA transitions in window   : 1->2: 79, 2->3: 70
epsilons (next episode)      : 1: 0.08000, 2: 0.08000, 3: 1.00000
replay buffer                : 300000 samples [1: 61.1%, 2: 38.9%, 3: 0.0%]
DFA state visits in window   : 1: 17617, 2: 9109, 3: 70
DFA state visits cumulative  : 1: 1217150, 2: 760394, 3: 3856
DFA state entries in window  : 1: 100, 2: 79, 3: 70
DFA state entries cumulative : 1: 7200, 2: 5442, 3: 3856
transitions cumulative       : 1->2: 5442, 2->3: 3856
accepted directly from s0    : 0
Gym endings cumulative       : terminated=3256, truncated=88

[Episode 7300/8000 | last 100]
success rate                : 77.0% (cumulative 53.9%)
synthetic task reward       : 7700.000
shaping reward              : 874.081
learning reward             : 8574.081
episode length              : 285.6
abstract changes / episode  : 21.4
DFA transitions / episode   : 1.59
DFA transitions in window   : 1->2: 82, 2->3: 77
epsilons (next episode)      : 1: 0.08000, 2: 0.08000, 3: 1.00000
replay buffer                : 300000 samples [1: 62.2%, 2: 37.8%, 3: 0.0%]
DFA state visits in window   : 1: 19492, 2: 9086, 3: 77
DFA state visits cumulative  : 1: 1236642, 2: 769480, 3: 3933
DFA state entries in window  : 1: 100, 2: 82, 3: 77
DFA state entries cumulative : 1: 7300, 2: 5524, 3: 3933
transitions cumulative       : 1->2: 5524, 2->3: 3933
accepted directly from s0    : 0
Gym endings cumulative       : terminated=3279, truncated=88

[Episode 7400/8000 | last 100]
success rate                : 75.0% (cumulative 54.2%)
synthetic task reward       : 7500.000
shaping reward              : 846.905
learning reward             : 8346.905
episode length              : 326.9
abstract changes / episode  : 24.5
DFA transitions / episode   : 1.61
DFA transitions in window   : 1->2: 86, 2->3: 75
epsilons (next episode)      : 1: 0.08000, 2: 0.08000, 3: 1.00000
replay buffer                : 300000 samples [1: 64.0%, 2: 36.0%, 3: 0.0%]
DFA state visits in window   : 1: 21592, 2: 11124, 3: 75
DFA state visits cumulative  : 1: 1258234, 2: 780604, 3: 4008
DFA state entries in window  : 1: 100, 2: 86, 3: 75
DFA state entries cumulative : 1: 7400, 2: 5610, 3: 4008
transitions cumulative       : 1->2: 5610, 2->3: 4008
accepted directly from s0    : 0
Gym endings cumulative       : terminated=3303, truncated=89

[Episode 7500/8000 | last 100]
success rate                : 77.0% (cumulative 54.5%)
synthetic task reward       : 7700.000
shaping reward              : 883.221
learning reward             : 8583.221
episode length              : 275.4
abstract changes / episode  : 22.3
DFA transitions / episode   : 1.61
DFA transitions in window   : 1->2: 84, 2->3: 77
epsilons (next episode)      : 1: 0.08000, 2: 0.08000, 3: 1.00000
replay buffer                : 300000 samples [1: 63.9%, 2: 36.1%, 3: 0.0%]
DFA state visits in window   : 1: 17221, 2: 10342, 3: 77
DFA state visits cumulative  : 1: 1275455, 2: 790946, 3: 4085
DFA state entries in window  : 1: 100, 2: 84, 3: 77
DFA state entries cumulative : 1: 7500, 2: 5694, 3: 4085
transitions cumulative       : 1->2: 5694, 2->3: 4085
accepted directly from s0    : 0
Gym endings cumulative       : terminated=3326, truncated=89

[Episode 7600/8000 | last 100]
success rate                : 67.0% (cumulative 54.6%)
synthetic task reward       : 6700.000
shaping reward              : 806.324
learning reward             : 7506.324
episode length              : 285.0
abstract changes / episode  : 23.2
DFA transitions / episode   : 1.51
DFA transitions in window   : 1->2: 84, 2->3: 67
epsilons (next episode)      : 1: 0.08000, 2: 0.08000, 3: 1.00000
replay buffer                : 300000 samples [1: 64.1%, 2: 35.9%, 3: 0.0%]
DFA state visits in window   : 1: 16981, 2: 11555, 3: 67
DFA state visits cumulative  : 1: 1292436, 2: 802501, 3: 4152
DFA state entries in window  : 1: 100, 2: 84, 3: 67
DFA state entries cumulative : 1: 7600, 2: 5778, 3: 4152
transitions cumulative       : 1->2: 5778, 2->3: 4152
accepted directly from s0    : 0
Gym endings cumulative       : terminated=3359, truncated=89

[Episode 7700/8000 | last 100]
success rate                : 77.0% (cumulative 54.9%)
synthetic task reward       : 7700.000
shaping reward              : 940.832
learning reward             : 8640.832
episode length              : 271.2
abstract changes / episode  : 21.2
DFA transitions / episode   : 1.70
DFA transitions in window   : 1->2: 93, 2->3: 77
epsilons (next episode)      : 1: 0.08000, 2: 0.08000, 3: 1.00000
replay buffer                : 300000 samples [1: 63.3%, 2: 36.7%, 3: 0.0%]
DFA state visits in window   : 1: 15229, 2: 11913, 3: 77
DFA state visits cumulative  : 1: 1307665, 2: 814414, 3: 4229
DFA state entries in window  : 1: 100, 2: 93, 3: 77
DFA state entries cumulative : 1: 7700, 2: 5871, 3: 4229
transitions cumulative       : 1->2: 5871, 2->3: 4229
accepted directly from s0    : 0
Gym endings cumulative       : terminated=3382, truncated=89

[Episode 7800/8000 | last 100]
success rate                : 76.0% (cumulative 55.2%)
synthetic task reward       : 7600.000
shaping reward              : 901.949
learning reward             : 8501.949
episode length              : 280.6
abstract changes / episode  : 23.3
DFA transitions / episode   : 1.67
DFA transitions in window   : 1->2: 91, 2->3: 76
epsilons (next episode)      : 1: 0.08000, 2: 0.08000, 3: 1.00000
replay buffer                : 300000 samples [1: 62.1%, 2: 37.9%, 3: 0.0%]
DFA state visits in window   : 1: 15579, 2: 12501, 3: 76
DFA state visits cumulative  : 1: 1323244, 2: 826915, 3: 4305
DFA state entries in window  : 1: 100, 2: 91, 3: 76
DFA state entries cumulative : 1: 7800, 2: 5962, 3: 4305
transitions cumulative       : 1->2: 5962, 2->3: 4305
accepted directly from s0    : 0
Gym endings cumulative       : terminated=3406, truncated=89

[Episode 7900/8000 | last 100]
success rate                : 78.0% (cumulative 55.5%)
synthetic task reward       : 7800.000
shaping reward              : 892.384
learning reward             : 8692.384
episode length              : 274.7
abstract changes / episode  : 21.5
DFA transitions / episode   : 1.68
DFA transitions in window   : 1->2: 90, 2->3: 78
epsilons (next episode)      : 1: 0.08000, 2: 0.08000, 3: 1.00000
replay buffer                : 300000 samples [1: 61.6%, 2: 38.4%, 3: 0.0%]
DFA state visits in window   : 1: 16079, 2: 11413, 3: 78
DFA state visits cumulative  : 1: 1339323, 2: 838328, 3: 4383
DFA state entries in window  : 1: 100, 2: 90, 3: 78
DFA state entries cumulative : 1: 7900, 2: 6052, 3: 4383
transitions cumulative       : 1->2: 6052, 2->3: 4383
accepted directly from s0    : 0
Gym endings cumulative       : terminated=3428, truncated=89

[Episode 8000/8000 | last 100]
success rate                : 73.0% (cumulative 55.7%)
synthetic task reward       : 7300.000
shaping reward              : 853.712
learning reward             : 8153.712
episode length              : 283.6
abstract changes / episode  : 20.6
DFA transitions / episode   : 1.58
DFA transitions in window   : 1->2: 85, 2->3: 73
epsilons (next episode)      : 1: 0.08000, 2: 0.08000, 3: 1.00000
replay buffer                : 300000 samples [1: 61.3%, 2: 38.7%, 3: 0.0%]
DFA state visits in window   : 1: 17403, 2: 10983, 3: 73
DFA state visits cumulative  : 1: 1356726, 2: 849311, 3: 4456
DFA state entries in window  : 1: 100, 2: 85, 3: 73
DFA state entries cumulative : 1: 8000, 2: 6137, 3: 4456
transitions cumulative       : 1->2: 6137, 2->3: 4456
accepted directly from s0    : 0
Gym endings cumulative       : terminated=3455, truncated=89
Last policy saved after episode 8000. Best policy: episode 3300, mean learning reward=10774.038
