
=== NEW MULTI-EPSILON RUN ===
episodes=8000, shaping=True, K=1.0, goal_reward=10000.0, gamma=0.99
training_shaping_gamma=False, shaping_formula=K*(Phi(next)-Phi(state))
network=Classic DDQN, output_heads=1
epsilon_strategy=visited
epsilon_min=0.08, epsilon_unlock_threshold=0.081
inter_level_shaping=False, inter_level_K=0.0
formula=F(wp1 & X(F(g1)))
waypoints={'wp1': (1, 8), 'g1': (8, 8)}
dfa_states=[1, 2, 3], pre_trace=1, accepting=[3]

[Episode 1/8000 | last 1]
success rate                : 0.0% (cumulative 0.0%)
synthetic task reward       : 0.000
shaping reward              : -349.271
learning reward             : -349.271
episode length              : 123.0
abstract changes / episode  : 14.0
DFA transitions / episode   : 0.00
DFA transitions in window   : none
epsilons (next episode)      : 1: 0.99900, 2: 1.00000, 3: 1.00000
replay buffer                : 123 samples [1: 100.0%, 2: 0.0%, 3: 0.0%]
DFA state visits in window   : 1: 124, 2: 0, 3: 0
DFA state visits cumulative  : 1: 124, 2: 0, 3: 0
DFA state entries in window  : 1: 1, 2: 0, 3: 0
DFA state entries cumulative : 1: 1, 2: 0, 3: 0
transitions cumulative       : none
accepted directly from s0    : 0
Gym endings cumulative       : terminated=1, truncated=0
Best policy updated at episode 1: mean learning reward=-349.271

[Episode 100/8000 | last 100]
success rate                : 0.0% (cumulative 0.0%)
synthetic task reward       : 0.000
shaping reward              : -299.178
learning reward             : -299.178
episode length              : 103.8
abstract changes / episode  : 13.2
DFA transitions / episode   : 0.04
DFA transitions in window   : 1->2: 4
epsilons (next episode)      : 1: 0.90479, 2: 0.99601, 3: 1.00000
replay buffer                : 10381 samples [1: 98.9%, 2: 1.1%, 3: 0.0%]
DFA state visits in window   : 1: 10367, 2: 114, 3: 0
DFA state visits cumulative  : 1: 10367, 2: 114, 3: 0
DFA state entries in window  : 1: 100, 2: 4, 3: 0
DFA state entries cumulative : 1: 100, 2: 4, 3: 0
transitions cumulative       : 1->2: 4
accepted directly from s0    : 0
Gym endings cumulative       : terminated=99, truncated=1
Best policy updated at episode 100: mean learning reward=-299.178

[Episode 200/8000 | last 100]
success rate                : 0.0% (cumulative 0.0%)
synthetic task reward       : 0.000
shaping reward              : -271.425
learning reward             : -271.425
episode length              : 94.5
abstract changes / episode  : 12.9
DFA transitions / episode   : 0.05
DFA transitions in window   : 1->2: 5
epsilons (next episode)      : 1: 0.81865, 2: 0.99104, 3: 1.00000
replay buffer                : 19830 samples [1: 98.9%, 2: 1.1%, 3: 0.0%]
DFA state visits in window   : 1: 9434, 2: 115, 3: 0
DFA state visits cumulative  : 1: 19801, 2: 229, 3: 0
DFA state entries in window  : 1: 100, 2: 5, 3: 0
DFA state entries cumulative : 1: 200, 2: 9, 3: 0
transitions cumulative       : 1->2: 9
accepted directly from s0    : 0
Gym endings cumulative       : terminated=199, truncated=1
Best policy updated at episode 200: mean learning reward=-271.425

[Episode 300/8000 | last 100]
success rate                : 0.0% (cumulative 0.0%)
synthetic task reward       : 0.000
shaping reward              : -222.617
learning reward             : -222.617
episode length              : 101.0
abstract changes / episode  : 12.5
DFA transitions / episode   : 0.08
DFA transitions in window   : 1->2: 8
epsilons (next episode)      : 1: 0.74071, 2: 0.98314, 3: 1.00000
replay buffer                : 29932 samples [1: 98.7%, 2: 1.3%, 3: 0.0%]
DFA state visits in window   : 1: 10033, 2: 169, 3: 0
DFA state visits cumulative  : 1: 29834, 2: 398, 3: 0
DFA state entries in window  : 1: 100, 2: 8, 3: 0
DFA state entries cumulative : 1: 300, 2: 17, 3: 0
transitions cumulative       : 1->2: 17
accepted directly from s0    : 0
Gym endings cumulative       : terminated=299, truncated=1
Best policy updated at episode 300: mean learning reward=-222.617

[Episode 400/8000 | last 100]
success rate                : 0.0% (cumulative 0.0%)
synthetic task reward       : 0.000
shaping reward              : -221.004
learning reward             : -221.004
episode length              : 106.1
abstract changes / episode  : 12.5
DFA transitions / episode   : 0.02
DFA transitions in window   : 1->2: 2
epsilons (next episode)      : 1: 0.67019, 2: 0.98117, 3: 1.00000
replay buffer                : 40540 samples [1: 99.0%, 2: 1.0%, 3: 0.0%]
DFA state visits in window   : 1: 10666, 2: 42, 3: 0
DFA state visits cumulative  : 1: 40500, 2: 440, 3: 0
DFA state entries in window  : 1: 100, 2: 2, 3: 0
DFA state entries cumulative : 1: 400, 2: 19, 3: 0
transitions cumulative       : 1->2: 19
accepted directly from s0    : 0
Gym endings cumulative       : terminated=399, truncated=1
Best policy updated at episode 400: mean learning reward=-221.004

[Episode 500/8000 | last 100]
success rate                : 0.0% (cumulative 0.0%)
synthetic task reward       : 0.000
shaping reward              : -153.752
learning reward             : -153.752
episode length              : 118.0
abstract changes / episode  : 11.6
DFA transitions / episode   : 0.02
DFA transitions in window   : 1->2: 2
epsilons (next episode)      : 1: 0.60638, 2: 0.97921, 3: 1.00000
replay buffer                : 52345 samples [1: 99.2%, 2: 0.8%, 3: 0.0%]
DFA state visits in window   : 1: 11882, 2: 23, 3: 0
DFA state visits cumulative  : 1: 52382, 2: 463, 3: 0
DFA state entries in window  : 1: 100, 2: 2, 3: 0
DFA state entries cumulative : 1: 500, 2: 21, 3: 0
transitions cumulative       : 1->2: 21
accepted directly from s0    : 0
Gym endings cumulative       : terminated=499, truncated=1
Best policy updated at episode 500: mean learning reward=-153.752

[Episode 600/8000 | last 100]
success rate                : 0.0% (cumulative 0.0%)
synthetic task reward       : 0.000
shaping reward              : -76.748
learning reward             : -76.748
episode length              : 152.3
abstract changes / episode  : 11.6
DFA transitions / episode   : 0.05
DFA transitions in window   : 1->2: 5
epsilons (next episode)      : 1: 0.54865, 2: 0.97432, 3: 1.00000
replay buffer                : 67580 samples [1: 99.1%, 2: 0.9%, 3: 0.0%]
DFA state visits in window   : 1: 15193, 2: 142, 3: 0
DFA state visits cumulative  : 1: 67575, 2: 605, 3: 0
DFA state entries in window  : 1: 100, 2: 5, 3: 0
DFA state entries cumulative : 1: 600, 2: 26, 3: 0
transitions cumulative       : 1->2: 26
accepted directly from s0    : 0
Gym endings cumulative       : terminated=599, truncated=1
Best policy updated at episode 600: mean learning reward=-76.748

[Episode 700/8000 | last 100]
success rate                : 0.0% (cumulative 0.0%)
synthetic task reward       : 0.000
shaping reward              : -171.453
learning reward             : -171.453
episode length              : 219.7
abstract changes / episode  : 14.4
DFA transitions / episode   : 0.06
DFA transitions in window   : 1->2: 6
epsilons (next episode)      : 1: 0.49641, 2: 0.96849, 3: 1.00000
replay buffer                : 89552 samples [1: 99.2%, 2: 0.8%, 3: 0.0%]
DFA state visits in window   : 1: 21885, 2: 187, 3: 0
DFA state visits cumulative  : 1: 89460, 2: 792, 3: 0
DFA state entries in window  : 1: 100, 2: 6, 3: 0
DFA state entries cumulative : 1: 700, 2: 32, 3: 0
transitions cumulative       : 1->2: 32
accepted directly from s0    : 0
Gym endings cumulative       : terminated=699, truncated=1

[Episode 800/8000 | last 100]
success rate                : 0.0% (cumulative 0.0%)
synthetic task reward       : 0.000
shaping reward              : -233.175
learning reward             : -233.175
episode length              : 296.9
abstract changes / episode  : 19.1
DFA transitions / episode   : 0.03
DFA transitions in window   : 1->2: 3
epsilons (next episode)      : 1: 0.44915, 2: 0.96559, 3: 1.00000
replay buffer                : 119245 samples [1: 99.2%, 2: 0.8%, 3: 0.0%]
DFA state visits in window   : 1: 29558, 2: 235, 3: 0
DFA state visits cumulative  : 1: 119018, 2: 1027, 3: 0
DFA state entries in window  : 1: 100, 2: 3, 3: 0
DFA state entries cumulative : 1: 800, 2: 35, 3: 0
transitions cumulative       : 1->2: 35
accepted directly from s0    : 0
Gym endings cumulative       : terminated=795, truncated=5

[Episode 900/8000 | last 100]
success rate                : 0.0% (cumulative 0.0%)
synthetic task reward       : 0.000
shaping reward              : -238.247
learning reward             : -238.247
episode length              : 337.6
abstract changes / episode  : 21.1
DFA transitions / episode   : 0.05
DFA transitions in window   : 1->2: 5
epsilons (next episode)      : 1: 0.40639, 2: 0.96077, 3: 1.00000
replay buffer                : 153006 samples [1: 99.2%, 2: 0.8%, 3: 0.0%]
DFA state visits in window   : 1: 33626, 2: 235, 3: 0
DFA state visits cumulative  : 1: 152644, 2: 1262, 3: 0
DFA state entries in window  : 1: 100, 2: 5, 3: 0
DFA state entries cumulative : 1: 900, 2: 40, 3: 0
transitions cumulative       : 1->2: 40
accepted directly from s0    : 0
Gym endings cumulative       : terminated=885, truncated=15

[Episode 1000/8000 | last 100]
success rate                : 0.0% (cumulative 0.0%)
synthetic task reward       : 0.000
shaping reward              : -89.696
learning reward             : -89.696
episode length              : 178.2
abstract changes / episode  : 15.1
DFA transitions / episode   : 0.16
DFA transitions in window   : 1->2: 16
epsilons (next episode)      : 1: 0.36770, 2: 0.94551, 3: 1.00000
replay buffer                : 170821 samples [1: 98.9%, 2: 1.1%, 3: 0.0%]
DFA state visits in window   : 1: 17237, 2: 678, 3: 0
DFA state visits cumulative  : 1: 169881, 2: 1940, 3: 0
DFA state entries in window  : 1: 100, 2: 16, 3: 0
DFA state entries cumulative : 1: 1000, 2: 56, 3: 0
transitions cumulative       : 1->2: 56
accepted directly from s0    : 0
Gym endings cumulative       : terminated=984, truncated=16

[Episode 1100/8000 | last 100]
success rate                : 0.0% (cumulative 0.0%)
synthetic task reward       : 0.000
shaping reward              : 50.725
learning reward             : 50.725
episode length              : 149.8
abstract changes / episode  : 13.8
DFA transitions / episode   : 0.31
DFA transitions in window   : 1->2: 31
epsilons (next episode)      : 1: 0.33269, 2: 0.91664, 3: 1.00000
replay buffer                : 185799 samples [1: 98.4%, 2: 1.6%, 3: 0.0%]
DFA state visits in window   : 1: 13879, 2: 1199, 3: 0
DFA state visits cumulative  : 1: 183760, 2: 3139, 3: 0
DFA state entries in window  : 1: 100, 2: 31, 3: 0
DFA state entries cumulative : 1: 1100, 2: 87, 3: 0
transitions cumulative       : 1->2: 87
accepted directly from s0    : 0
Gym endings cumulative       : terminated=1084, truncated=16
Best policy updated at episode 1100: mean learning reward=50.725

[Episode 1200/8000 | last 100]
success rate                : 0.0% (cumulative 0.0%)
synthetic task reward       : 0.000
shaping reward              : 124.064
learning reward             : 124.064
episode length              : 222.8
abstract changes / episode  : 17.4
DFA transitions / episode   : 0.35
DFA transitions in window   : 1->2: 35
epsilons (next episode)      : 1: 0.30101, 2: 0.88509, 3: 1.00000
replay buffer                : 208083 samples [1: 97.4%, 2: 2.6%, 3: 0.0%]
DFA state visits in window   : 1: 19982, 2: 2402, 3: 0
DFA state visits cumulative  : 1: 203742, 2: 5541, 3: 0
DFA state entries in window  : 1: 100, 2: 35, 3: 0
DFA state entries cumulative : 1: 1200, 2: 122, 3: 0
transitions cumulative       : 1->2: 122
accepted directly from s0    : 0
Gym endings cumulative       : terminated=1184, truncated=16
Best policy updated at episode 1200: mean learning reward=124.064

[Episode 1300/8000 | last 100]
success rate                : 0.0% (cumulative 0.0%)
synthetic task reward       : 0.000
shaping reward              : 104.416
learning reward             : 104.416
episode length              : 288.1
abstract changes / episode  : 22.6
DFA transitions / episode   : 0.37
DFA transitions in window   : 1->2: 37
epsilons (next episode)      : 1: 0.27235, 2: 0.85293, 3: 1.00000
replay buffer                : 236896 samples [1: 96.5%, 2: 3.5%, 3: 0.0%]
DFA state visits in window   : 1: 25910, 2: 3003, 3: 0
DFA state visits cumulative  : 1: 229652, 2: 8544, 3: 0
DFA state entries in window  : 1: 100, 2: 37, 3: 0
DFA state entries cumulative : 1: 1300, 2: 159, 3: 0
transitions cumulative       : 1->2: 159
accepted directly from s0    : 0
Gym endings cumulative       : terminated=1282, truncated=18

[Episode 1400/8000 | last 100]
success rate                : 0.0% (cumulative 0.0%)
synthetic task reward       : 0.000
shaping reward              : 167.768
learning reward             : 167.768
episode length              : 284.0
abstract changes / episode  : 21.1
DFA transitions / episode   : 0.53
DFA transitions in window   : 1->2: 53
epsilons (next episode)      : 1: 0.24642, 2: 0.80888, 3: 1.00000
replay buffer                : 265294 samples [1: 95.2%, 2: 4.8%, 3: 0.0%]
DFA state visits in window   : 1: 24183, 2: 4315, 3: 0
DFA state visits cumulative  : 1: 253835, 2: 12859, 3: 0
DFA state entries in window  : 1: 100, 2: 53, 3: 0
DFA state entries cumulative : 1: 1400, 2: 212, 3: 0
transitions cumulative       : 1->2: 212
accepted directly from s0    : 0
Gym endings cumulative       : terminated=1381, truncated=19
Best policy updated at episode 1400: mean learning reward=167.768

[Episode 1500/8000 | last 100]
success rate                : 0.0% (cumulative 0.0%)
synthetic task reward       : 0.000
shaping reward              : 188.645
learning reward             : 188.645
episode length              : 240.8
abstract changes / episode  : 19.9
DFA transitions / episode   : 0.51
DFA transitions in window   : 1->2: 51
epsilons (next episode)      : 1: 0.22296, 2: 0.76864, 3: 1.00000
replay buffer                : 289373 samples [1: 94.2%, 2: 5.8%, 3: 0.0%]
DFA state visits in window   : 1: 19990, 2: 4189, 3: 0
DFA state visits cumulative  : 1: 273825, 2: 17048, 3: 0
DFA state entries in window  : 1: 100, 2: 51, 3: 0
DFA state entries cumulative : 1: 1500, 2: 263, 3: 0
transitions cumulative       : 1->2: 263
accepted directly from s0    : 0
Gym endings cumulative       : terminated=1481, truncated=19
Best policy updated at episode 1500: mean learning reward=188.645

[Episode 1600/8000 | last 100]
success rate                : 0.0% (cumulative 0.0%)
synthetic task reward       : 0.000
shaping reward              : 282.471
learning reward             : 282.471
episode length              : 267.2
abstract changes / episode  : 21.2
DFA transitions / episode   : 0.73
DFA transitions in window   : 1->2: 73
epsilons (next episode)      : 1: 0.20173, 2: 0.71450, 3: 1.00000
replay buffer                : 300000 samples [1: 92.2%, 2: 7.8%, 3: 0.0%]
DFA state visits in window   : 1: 19971, 2: 6847, 3: 0
DFA state visits cumulative  : 1: 293796, 2: 23895, 3: 0
DFA state entries in window  : 1: 100, 2: 73, 3: 0
DFA state entries cumulative : 1: 1600, 2: 336, 3: 0
transitions cumulative       : 1->2: 336
accepted directly from s0    : 0
Gym endings cumulative       : terminated=1581, truncated=19
Best policy updated at episode 1600: mean learning reward=282.471

[Episode 1700/8000 | last 100]
success rate                : 0.0% (cumulative 0.0%)
synthetic task reward       : 0.000
shaping reward              : 298.851
learning reward             : 298.851
episode length              : 236.1
abstract changes / episode  : 18.1
DFA transitions / episode   : 0.74
DFA transitions in window   : 1->2: 74
epsilons (next episode)      : 1: 0.18253, 2: 0.66351, 3: 1.00000
replay buffer                : 300000 samples [1: 90.2%, 2: 9.8%, 3: 0.0%]
DFA state visits in window   : 1: 17317, 2: 6391, 3: 0
DFA state visits cumulative  : 1: 311113, 2: 30286, 3: 0
DFA state entries in window  : 1: 100, 2: 74, 3: 0
DFA state entries cumulative : 1: 1700, 2: 410, 3: 0
transitions cumulative       : 1->2: 410
accepted directly from s0    : 0
Gym endings cumulative       : terminated=1681, truncated=19
Best policy updated at episode 1700: mean learning reward=298.851

[Episode 1800/8000 | last 100]
success rate                : 0.0% (cumulative 0.0%)
synthetic task reward       : 0.000
shaping reward              : 317.225
learning reward             : 317.225
episode length              : 268.5
abstract changes / episode  : 19.3
DFA transitions / episode   : 0.90
DFA transitions in window   : 1->2: 90
epsilons (next episode)      : 1: 0.16515, 2: 0.60638, 3: 1.00000
replay buffer                : 300000 samples [1: 87.0%, 2: 13.0%, 3: 0.0%]
DFA state visits in window   : 1: 17089, 2: 9863, 3: 0
DFA state visits cumulative  : 1: 328202, 2: 40149, 3: 0
DFA state entries in window  : 1: 100, 2: 90, 3: 0
DFA state entries cumulative : 1: 1800, 2: 500, 3: 0
transitions cumulative       : 1->2: 500
accepted directly from s0    : 0
Gym endings cumulative       : terminated=1780, truncated=20
Best policy updated at episode 1800: mean learning reward=317.225

[Episode 1900/8000 | last 100]
success rate                : 0.0% (cumulative 0.0%)
synthetic task reward       : 0.000
shaping reward              : 325.448
learning reward             : 325.448
episode length              : 318.9
abstract changes / episode  : 21.9
DFA transitions / episode   : 0.97
DFA transitions in window   : 1->2: 97
epsilons (next episode)      : 1: 0.14943, 2: 0.55030, 3: 1.00000
replay buffer                : 300000 samples [1: 82.5%, 2: 17.5%, 3: 0.0%]
DFA state visits in window   : 1: 18170, 2: 13815, 3: 0
DFA state visits cumulative  : 1: 346372, 2: 53964, 3: 0
DFA state entries in window  : 1: 100, 2: 97, 3: 0
DFA state entries cumulative : 1: 1900, 2: 597, 3: 0
transitions cumulative       : 1->2: 597
accepted directly from s0    : 0
Gym endings cumulative       : terminated=1878, truncated=22
Best policy updated at episode 1900: mean learning reward=325.448

[Episode 2000/8000 | last 100]
success rate                : 0.0% (cumulative 0.0%)
synthetic task reward       : 0.000
shaping reward              : 318.280
learning reward             : 318.280
episode length              : 336.9
abstract changes / episode  : 22.8
DFA transitions / episode   : 0.93
DFA transitions in window   : 1->2: 93
epsilons (next episode)      : 1: 0.13520, 2: 0.50140, 3: 1.00000
replay buffer                : 300000 samples [1: 77.0%, 2: 23.0%, 3: 0.0%]
DFA state visits in window   : 1: 16989, 2: 16796, 3: 0
DFA state visits cumulative  : 1: 363361, 2: 70760, 3: 0
DFA state entries in window  : 1: 100, 2: 93, 3: 0
DFA state entries cumulative : 1: 2000, 2: 690, 3: 0
transitions cumulative       : 1->2: 690
accepted directly from s0    : 0
Gym endings cumulative       : terminated=1977, truncated=23

[Episode 2100/8000 | last 100]
success rate                : 0.0% (cumulative 0.0%)
synthetic task reward       : 0.000
shaping reward              : 320.834
learning reward             : 320.834
episode length              : 397.7
abstract changes / episode  : 24.8
DFA transitions / episode   : 0.99
DFA transitions in window   : 1->2: 99
epsilons (next episode)      : 1: 0.12233, 2: 0.45412, 3: 1.00000
replay buffer                : 300000 samples [1: 69.4%, 2: 30.6%, 3: 0.0%]
DFA state visits in window   : 1: 16181, 2: 23693, 3: 0
DFA state visits cumulative  : 1: 379542, 2: 94453, 3: 0
DFA state entries in window  : 1: 100, 2: 99, 3: 0
DFA state entries cumulative : 1: 2100, 2: 789, 3: 0
transitions cumulative       : 1->2: 789
accepted directly from s0    : 0
Gym endings cumulative       : terminated=2072, truncated=28

[Episode 2200/8000 | last 100]
success rate                : 3.0% (cumulative 0.1%)
synthetic task reward       : 300.000
shaping reward              : 389.286
learning reward             : 689.286
episode length              : 414.1
abstract changes / episode  : 26.7
DFA transitions / episode   : 1.01
DFA transitions in window   : 1->2: 98, 2->3: 3
epsilons (next episode)      : 1: 0.11068, 2: 0.41171, 3: 1.00000
replay buffer                : 300000 samples [1: 62.0%, 2: 38.0%, 3: 0.0%]
DFA state visits in window   : 1: 15320, 2: 26189, 3: 3
DFA state visits cumulative  : 1: 394862, 2: 120642, 3: 3
DFA state entries in window  : 1: 100, 2: 98, 3: 3
DFA state entries cumulative : 1: 2200, 2: 887, 3: 3
transitions cumulative       : 1->2: 887, 2->3: 3
accepted directly from s0    : 0
Gym endings cumulative       : terminated=2165, truncated=32
Best policy updated at episode 2200: mean learning reward=689.286

[Episode 2300/8000 | last 100]
success rate                : 6.0% (cumulative 0.4%)
synthetic task reward       : 600.000
shaping reward              : 444.252
learning reward             : 1044.252
episode length              : 353.9
abstract changes / episode  : 25.4
DFA transitions / episode   : 0.91
DFA transitions in window   : 1->2: 85, 2->3: 6
epsilons (next episode)      : 1: 0.10014, 2: 0.37814, 3: 1.00000
replay buffer                : 300000 samples [1: 56.9%, 2: 43.1%, 3: 0.0%]
DFA state visits in window   : 1: 15763, 2: 19718, 3: 6
DFA state visits cumulative  : 1: 410625, 2: 140360, 3: 9
DFA state entries in window  : 1: 100, 2: 85, 3: 6
DFA state entries cumulative : 1: 2300, 2: 972, 3: 9
transitions cumulative       : 1->2: 972, 2->3: 9
accepted directly from s0    : 0
Gym endings cumulative       : terminated=2258, truncated=33
Best policy updated at episode 2300: mean learning reward=1044.252

[Episode 2400/8000 | last 100]
success rate                : 11.0% (cumulative 0.8%)
synthetic task reward       : 1100.000
shaping reward              : 632.257
learning reward             : 1732.257
episode length              : 404.4
abstract changes / episode  : 28.2
DFA transitions / episode   : 1.05
DFA transitions in window   : 1->2: 94, 2->3: 11
epsilons (next episode)      : 1: 0.09061, 2: 0.34420, 3: 1.00000
replay buffer                : 300000 samples [1: 53.2%, 2: 46.8%, 3: 0.0%]
DFA state visits in window   : 1: 22756, 2: 17768, 3: 11
DFA state visits cumulative  : 1: 433381, 2: 158128, 3: 20
DFA state entries in window  : 1: 100, 2: 94, 3: 11
DFA state entries cumulative : 1: 2400, 2: 1066, 3: 20
transitions cumulative       : 1->2: 1066, 2->3: 20
accepted directly from s0    : 0
Gym endings cumulative       : terminated=2344, truncated=36
Best policy updated at episode 2400: mean learning reward=1732.257

[Episode 2500/8000 | last 100]
success rate                : 15.0% (cumulative 1.4%)
synthetic task reward       : 1500.000
shaping reward              : 656.081
learning reward             : 2156.081
episode length              : 369.5
abstract changes / episode  : 27.3
DFA transitions / episode   : 1.09
DFA transitions in window   : 1->2: 94, 2->3: 15
epsilons (next episode)      : 1: 0.08198, 2: 0.31330, 3: 1.00000
replay buffer                : 300000 samples [1: 48.6%, 2: 51.4%, 3: 0.0%]
DFA state visits in window   : 1: 13625, 2: 23412, 3: 15
DFA state visits cumulative  : 1: 447006, 2: 181540, 3: 35
DFA state entries in window  : 1: 100, 2: 94, 3: 15
DFA state entries cumulative : 1: 2500, 2: 1160, 3: 35
transitions cumulative       : 1->2: 1160, 2->3: 35
accepted directly from s0    : 0
Gym endings cumulative       : terminated=2426, truncated=39
Best policy updated at episode 2500: mean learning reward=2156.081

[Episode 2600/8000 | last 100]
success rate                : 18.0% (cumulative 2.0%)
synthetic task reward       : 1800.000
shaping reward              : 682.789
learning reward             : 2482.789
episode length              : 334.6
abstract changes / episode  : 25.8
DFA transitions / episode   : 1.14
DFA transitions in window   : 1->2: 96, 2->3: 18
epsilons (next episode)      : 1: 0.08000, 2: 0.28461, 3: 1.00000
replay buffer                : 300000 samples [1: 45.6%, 2: 54.4%, 3: 0.0%]
DFA state visits in window   : 1: 13770, 2: 19768, 3: 18
DFA state visits cumulative  : 1: 460776, 2: 201308, 3: 53
DFA state entries in window  : 1: 100, 2: 96, 3: 18
DFA state entries cumulative : 1: 2600, 2: 1256, 3: 53
transitions cumulative       : 1->2: 1256, 2->3: 53
accepted directly from s0    : 0
Gym endings cumulative       : terminated=2506, truncated=41
Best policy updated at episode 2600: mean learning reward=2482.789

[Episode 2700/8000 | last 100]
success rate                : 13.0% (cumulative 2.4%)
synthetic task reward       : 1300.000
shaping reward              : 585.209
learning reward             : 1885.209
episode length              : 321.1
abstract changes / episode  : 26.9
DFA transitions / episode   : 1.00
DFA transitions in window   : 1->2: 87, 2->3: 13
epsilons (next episode)      : 1: 0.08000, 2: 0.26089, 3: 1.00000
replay buffer                : 300000 samples [1: 44.1%, 2: 55.9%, 3: 0.0%]
DFA state visits in window   : 1: 14087, 2: 18105, 3: 13
DFA state visits cumulative  : 1: 474863, 2: 219413, 3: 66
DFA state entries in window  : 1: 100, 2: 87, 3: 13
DFA state entries cumulative : 1: 2700, 2: 1343, 3: 66
transitions cumulative       : 1->2: 1343, 2->3: 66
accepted directly from s0    : 0
Gym endings cumulative       : terminated=2592, truncated=42

[Episode 2800/8000 | last 100]
success rate                : 18.0% (cumulative 3.0%)
synthetic task reward       : 1800.000
shaping reward              : 529.055
learning reward             : 2329.055
episode length              : 299.2
abstract changes / episode  : 24.3
DFA transitions / episode   : 0.95
DFA transitions in window   : 1->2: 77, 2->3: 18
epsilons (next episode)      : 1: 0.08000, 2: 0.24154, 3: 1.00000
replay buffer                : 300000 samples [1: 43.0%, 2: 57.0%, 3: 0.0%]
DFA state visits in window   : 1: 12752, 2: 17246, 3: 18
DFA state visits cumulative  : 1: 487615, 2: 236659, 3: 84
DFA state entries in window  : 1: 100, 2: 77, 3: 18
DFA state entries cumulative : 1: 2800, 2: 1420, 3: 84
transitions cumulative       : 1->2: 1420, 2->3: 84
accepted directly from s0    : 0
Gym endings cumulative       : terminated=2673, truncated=43

[Episode 2900/8000 | last 100]
success rate                : 24.0% (cumulative 3.7%)
synthetic task reward       : 2400.000
shaping reward              : 503.932
learning reward             : 2903.932
episode length              : 318.6
abstract changes / episode  : 26.1
DFA transitions / episode   : 0.97
DFA transitions in window   : 1->2: 73, 2->3: 24
epsilons (next episode)      : 1: 0.08000, 2: 0.22453, 3: 1.00000
replay buffer                : 300000 samples [1: 43.5%, 2: 56.5%, 3: 0.0%]
DFA state visits in window   : 1: 15267, 2: 16673, 3: 24
DFA state visits cumulative  : 1: 502882, 2: 253332, 3: 108
DFA state entries in window  : 1: 100, 2: 73, 3: 24
DFA state entries cumulative : 1: 2900, 2: 1493, 3: 108
transitions cumulative       : 1->2: 1493, 2->3: 108
accepted directly from s0    : 0
Gym endings cumulative       : terminated=2749, truncated=43
Best policy updated at episode 2900: mean learning reward=2903.932

[Episode 3000/8000 | last 100]
success rate                : 28.0% (cumulative 4.5%)
synthetic task reward       : 2800.000
shaping reward              : 538.269
learning reward             : 3338.269
episode length              : 350.6
abstract changes / episode  : 25.2
DFA transitions / episode   : 1.03
DFA transitions in window   : 1->2: 75, 2->3: 28
epsilons (next episode)      : 1: 0.08000, 2: 0.20830, 3: 1.00000
replay buffer                : 300000 samples [1: 45.9%, 2: 54.1%, 3: 0.0%]
DFA state visits in window   : 1: 19971, 2: 15157, 3: 28
DFA state visits cumulative  : 1: 522853, 2: 268489, 3: 136
DFA state entries in window  : 1: 100, 2: 75, 3: 28
DFA state entries cumulative : 1: 3000, 2: 1568, 3: 136
transitions cumulative       : 1->2: 1568, 2->3: 136
accepted directly from s0    : 0
Gym endings cumulative       : terminated=2819, truncated=45
Best policy updated at episode 3000: mean learning reward=3338.269

[Episode 3100/8000 | last 100]
success rate                : 53.0% (cumulative 6.1%)
synthetic task reward       : 5300.000
shaping reward              : 726.992
learning reward             : 6026.992
episode length              : 393.7
abstract changes / episode  : 28.5
DFA transitions / episode   : 1.39
DFA transitions in window   : 1->2: 86, 2->3: 53
epsilons (next episode)      : 1: 0.08000, 2: 0.19113, 3: 1.00000
replay buffer                : 300000 samples [1: 47.4%, 2: 52.6%, 3: 0.0%]
DFA state visits in window   : 1: 19464, 2: 19953, 3: 53
DFA state visits cumulative  : 1: 542317, 2: 288442, 3: 189
DFA state entries in window  : 1: 100, 2: 86, 3: 53
DFA state entries cumulative : 1: 3100, 2: 1654, 3: 189
transitions cumulative       : 1->2: 1654, 2->3: 189
accepted directly from s0    : 0
Gym endings cumulative       : terminated=2863, truncated=48
Best policy updated at episode 3100: mean learning reward=6026.992

[Episode 3200/8000 | last 100]
success rate                : 79.0% (cumulative 8.4%)
synthetic task reward       : 7900.000
shaping reward              : 950.141
learning reward             : 8850.141
episode length              : 345.1
abstract changes / episode  : 24.7
DFA transitions / episode   : 1.75
DFA transitions in window   : 1->2: 96, 2->3: 79
epsilons (next episode)      : 1: 0.08000, 2: 0.17362, 3: 1.00000
replay buffer                : 300000 samples [1: 46.9%, 2: 53.1%, 3: 0.0%]
DFA state visits in window   : 1: 18705, 2: 15829, 3: 79
DFA state visits cumulative  : 1: 561022, 2: 304271, 3: 268
DFA state entries in window  : 1: 100, 2: 96, 3: 79
DFA state entries cumulative : 1: 3200, 2: 1750, 3: 268
transitions cumulative       : 1->2: 1750, 2->3: 268
accepted directly from s0    : 0
Gym endings cumulative       : terminated=2883, truncated=49
Best policy updated at episode 3200: mean learning reward=8850.141

[Episode 3300/8000 | last 100]
success rate                : 68.0% (cumulative 10.2%)
synthetic task reward       : 6800.000
shaping reward              : 807.114
learning reward             : 7607.114
episode length              : 308.4
abstract changes / episode  : 22.1
DFA transitions / episode   : 1.54
DFA transitions in window   : 1->2: 86, 2->3: 68
epsilons (next episode)      : 1: 0.08000, 2: 0.15931, 3: 1.00000
replay buffer                : 300000 samples [1: 47.9%, 2: 52.1%, 3: 0.0%]
DFA state visits in window   : 1: 17895, 2: 12981, 3: 68
DFA state visits cumulative  : 1: 578917, 2: 317252, 3: 336
DFA state entries in window  : 1: 100, 2: 86, 3: 68
DFA state entries cumulative : 1: 3300, 2: 1836, 3: 336
transitions cumulative       : 1->2: 1836, 2->3: 336
accepted directly from s0    : 0
Gym endings cumulative       : terminated=2915, truncated=49

[Episode 3400/8000 | last 100]
success rate                : 74.0% (cumulative 12.1%)
synthetic task reward       : 7400.000
shaping reward              : 871.622
learning reward             : 8271.622
episode length              : 314.5
abstract changes / episode  : 23.4
DFA transitions / episode   : 1.66
DFA transitions in window   : 1->2: 92, 2->3: 74
epsilons (next episode)      : 1: 0.08000, 2: 0.14530, 3: 1.00000
replay buffer                : 300000 samples [1: 49.9%, 2: 50.1%, 3: 0.0%]
DFA state visits in window   : 1: 17055, 2: 14423, 3: 74
DFA state visits cumulative  : 1: 595972, 2: 331675, 3: 410
DFA state entries in window  : 1: 100, 2: 92, 3: 74
DFA state entries cumulative : 1: 3400, 2: 1928, 3: 410
transitions cumulative       : 1->2: 1928, 2->3: 410
accepted directly from s0    : 0
Gym endings cumulative       : terminated=2941, truncated=49

[Episode 3500/8000 | last 100]
success rate                : 68.0% (cumulative 13.7%)
synthetic task reward       : 6800.000
shaping reward              : 777.790
learning reward             : 7577.790
episode length              : 311.3
abstract changes / episode  : 22.8
DFA transitions / episode   : 1.49
DFA transitions in window   : 1->2: 81, 2->3: 68
epsilons (next episode)      : 1: 0.08000, 2: 0.13399, 3: 1.00000
replay buffer                : 300000 samples [1: 51.9%, 2: 48.1%, 3: 0.0%]
DFA state visits in window   : 1: 18988, 2: 12172, 3: 68
DFA state visits cumulative  : 1: 614960, 2: 343847, 3: 478
DFA state entries in window  : 1: 100, 2: 81, 3: 68
DFA state entries cumulative : 1: 3500, 2: 2009, 3: 478
transitions cumulative       : 1->2: 2009, 2->3: 478
accepted directly from s0    : 0
Gym endings cumulative       : terminated=2972, truncated=50

[Episode 3600/8000 | last 100]
success rate                : 74.0% (cumulative 15.3%)
synthetic task reward       : 7400.000
shaping reward              : 855.702
learning reward             : 8255.702
episode length              : 348.9
abstract changes / episode  : 24.0
DFA transitions / episode   : 1.59
DFA transitions in window   : 1->2: 85, 2->3: 74
epsilons (next episode)      : 1: 0.08000, 2: 0.12306, 3: 1.00000
replay buffer                : 300000 samples [1: 54.3%, 2: 45.7%, 3: 0.0%]
DFA state visits in window   : 1: 22406, 2: 12508, 3: 74
DFA state visits cumulative  : 1: 637366, 2: 356355, 3: 552
DFA state entries in window  : 1: 100, 2: 85, 3: 74
DFA state entries cumulative : 1: 3600, 2: 2094, 3: 552
transitions cumulative       : 1->2: 2094, 2->3: 552
accepted directly from s0    : 0
Gym endings cumulative       : terminated=2995, truncated=53

[Episode 3700/8000 | last 100]
success rate                : 91.0% (cumulative 17.4%)
synthetic task reward       : 9100.000
shaping reward              : 1018.489
learning reward             : 10118.489
episode length              : 317.0
abstract changes / episode  : 21.8
DFA transitions / episode   : 1.87
DFA transitions in window   : 1->2: 96, 2->3: 91
epsilons (next episode)      : 1: 0.08000, 2: 0.11179, 3: 1.00000
replay buffer                : 300000 samples [1: 56.1%, 2: 43.9%, 3: 0.0%]
DFA state visits in window   : 1: 18994, 2: 12714, 3: 91
DFA state visits cumulative  : 1: 656360, 2: 369069, 3: 643
DFA state entries in window  : 1: 100, 2: 96, 3: 91
DFA state entries cumulative : 1: 3700, 2: 2190, 3: 643
transitions cumulative       : 1->2: 2190, 2->3: 643
accepted directly from s0    : 0
Gym endings cumulative       : terminated=3003, truncated=54
Best policy updated at episode 3700: mean learning reward=10118.489

[Episode 3800/8000 | last 100]
success rate                : 80.0% (cumulative 19.0%)
synthetic task reward       : 8000.000
shaping reward              : 893.533
learning reward             : 8893.533
episode length              : 317.8
abstract changes / episode  : 23.2
DFA transitions / episode   : 1.70
DFA transitions in window   : 1->2: 90, 2->3: 80
epsilons (next episode)      : 1: 0.08000, 2: 0.10217, 3: 1.00000
replay buffer                : 300000 samples [1: 57.3%, 2: 42.7%, 3: 0.0%]
DFA state visits in window   : 1: 18783, 2: 13021, 3: 80
DFA state visits cumulative  : 1: 675143, 2: 382090, 3: 723
DFA state entries in window  : 1: 100, 2: 90, 3: 80
DFA state entries cumulative : 1: 3800, 2: 2280, 3: 723
transitions cumulative       : 1->2: 2280, 2->3: 723
accepted directly from s0    : 0
Gym endings cumulative       : terminated=3023, truncated=54

[Episode 3900/8000 | last 100]
success rate                : 80.0% (cumulative 20.6%)
synthetic task reward       : 8000.000
shaping reward              : 908.259
learning reward             : 8908.259
episode length              : 317.6
abstract changes / episode  : 22.1
DFA transitions / episode   : 1.68
DFA transitions in window   : 1->2: 88, 2->3: 80
epsilons (next episode)      : 1: 0.08000, 2: 0.09356, 3: 1.00000
replay buffer                : 300000 samples [1: 57.6%, 2: 42.4%, 3: 0.0%]
DFA state visits in window   : 1: 19409, 2: 12374, 3: 80
DFA state visits cumulative  : 1: 694552, 2: 394464, 3: 803
DFA state entries in window  : 1: 100, 2: 88, 3: 80
DFA state entries cumulative : 1: 3900, 2: 2368, 3: 803
transitions cumulative       : 1->2: 2368, 2->3: 803
accepted directly from s0    : 0
Gym endings cumulative       : terminated=3041, truncated=56

[Episode 4000/8000 | last 100]
success rate                : 80.0% (cumulative 22.1%)
synthetic task reward       : 8000.000
shaping reward              : 880.857
learning reward             : 8880.857
episode length              : 277.9
abstract changes / episode  : 19.4
DFA transitions / episode   : 1.66
DFA transitions in window   : 1->2: 86, 2->3: 80
epsilons (next episode)      : 1: 0.08000, 2: 0.08584, 3: 1.00000
replay buffer                : 300000 samples [1: 58.9%, 2: 41.1%, 3: 0.0%]
DFA state visits in window   : 1: 18018, 2: 9790, 3: 80
DFA state visits cumulative  : 1: 712570, 2: 404254, 3: 883
DFA state entries in window  : 1: 100, 2: 86, 3: 80
DFA state entries cumulative : 1: 4000, 2: 2454, 3: 883
transitions cumulative       : 1->2: 2454, 2->3: 883
accepted directly from s0    : 0
Gym endings cumulative       : terminated=3061, truncated=56

[Episode 4100/8000 | last 100]
success rate                : 80.0% (cumulative 23.5%)
synthetic task reward       : 8000.000
shaping reward              : 917.091
learning reward             : 8917.091
episode length              : 277.9
abstract changes / episode  : 20.7
DFA transitions / episode   : 1.68
DFA transitions in window   : 1->2: 88, 2->3: 80
epsilons (next episode)      : 1: 0.08000, 2: 0.08000, 3: 1.00000
replay buffer                : 300000 samples [1: 60.0%, 2: 40.0%, 3: 0.0%]
DFA state visits in window   : 1: 16891, 2: 10918, 3: 80
DFA state visits cumulative  : 1: 729461, 2: 415172, 3: 963
DFA state entries in window  : 1: 100, 2: 88, 3: 80
DFA state entries cumulative : 1: 4100, 2: 2542, 3: 963
transitions cumulative       : 1->2: 2542, 2->3: 963
accepted directly from s0    : 0
Gym endings cumulative       : terminated=3081, truncated=56

[Episode 4200/8000 | last 100]
success rate                : 76.0% (cumulative 24.7%)
synthetic task reward       : 7600.000
shaping reward              : 870.631
learning reward             : 8470.631
episode length              : 285.1
abstract changes / episode  : 20.7
DFA transitions / episode   : 1.64
DFA transitions in window   : 1->2: 88, 2->3: 76
epsilons (next episode)      : 1: 0.08000, 2: 0.08000, 3: 1.00000
replay buffer                : 300000 samples [1: 60.8%, 2: 39.2%, 3: 0.0%]
DFA state visits in window   : 1: 18186, 2: 10344, 3: 76
DFA state visits cumulative  : 1: 747647, 2: 425516, 3: 1039
DFA state entries in window  : 1: 100, 2: 88, 3: 76
DFA state entries cumulative : 1: 4200, 2: 2630, 3: 1039
transitions cumulative       : 1->2: 2630, 2->3: 1039
accepted directly from s0    : 0
Gym endings cumulative       : terminated=3105, truncated=56

[Episode 4300/8000 | last 100]
success rate                : 60.0% (cumulative 25.6%)
synthetic task reward       : 6000.000
shaping reward              : 560.860
learning reward             : 6560.860
episode length              : 256.0
abstract changes / episode  : 18.4
DFA transitions / episode   : 1.22
DFA transitions in window   : 1->2: 62, 2->3: 60
epsilons (next episode)      : 1: 0.08000, 2: 0.08000, 3: 1.00000
replay buffer                : 300000 samples [1: 61.9%, 2: 38.1%, 3: 0.0%]
DFA state visits in window   : 1: 18142, 2: 7494, 3: 60
DFA state visits cumulative  : 1: 765789, 2: 433010, 3: 1099
DFA state entries in window  : 1: 100, 2: 62, 3: 60
DFA state entries cumulative : 1: 4300, 2: 2692, 3: 1099
transitions cumulative       : 1->2: 2692, 2->3: 1099
accepted directly from s0    : 0
Gym endings cumulative       : terminated=3145, truncated=56

[Episode 4400/8000 | last 100]
success rate                : 78.0% (cumulative 26.8%)
synthetic task reward       : 7800.000
shaping reward              : 835.703
learning reward             : 8635.703
episode length              : 264.0
abstract changes / episode  : 19.8
DFA transitions / episode   : 1.61
DFA transitions in window   : 1->2: 83, 2->3: 78
epsilons (next episode)      : 1: 0.08000, 2: 0.08000, 3: 1.00000
replay buffer                : 300000 samples [1: 62.4%, 2: 37.6%, 3: 0.0%]
DFA state visits in window   : 1: 16192, 2: 10234, 3: 78
DFA state visits cumulative  : 1: 781981, 2: 443244, 3: 1177
DFA state entries in window  : 1: 100, 2: 83, 3: 78
DFA state entries cumulative : 1: 4400, 2: 2775, 3: 1177
transitions cumulative       : 1->2: 2775, 2->3: 1177
accepted directly from s0    : 0
Gym endings cumulative       : terminated=3166, truncated=57

[Episode 4500/8000 | last 100]
success rate                : 73.0% (cumulative 27.8%)
synthetic task reward       : 7300.000
shaping reward              : 881.270
learning reward             : 8181.270
episode length              : 303.3
abstract changes / episode  : 23.7
DFA transitions / episode   : 1.63
DFA transitions in window   : 1->2: 90, 2->3: 73
epsilons (next episode)      : 1: 0.08000, 2: 0.08000, 3: 1.00000
replay buffer                : 300000 samples [1: 62.4%, 2: 37.6%, 3: 0.0%]
DFA state visits in window   : 1: 17725, 2: 12633, 3: 73
DFA state visits cumulative  : 1: 799706, 2: 455877, 3: 1250
DFA state entries in window  : 1: 100, 2: 90, 3: 73
DFA state entries cumulative : 1: 4500, 2: 2865, 3: 1250
transitions cumulative       : 1->2: 2865, 2->3: 1250
accepted directly from s0    : 0
Gym endings cumulative       : terminated=3193, truncated=57

[Episode 4600/8000 | last 100]
success rate                : 84.0% (cumulative 29.0%)
synthetic task reward       : 8400.000
shaping reward              : 977.701
learning reward             : 9377.701
episode length              : 358.2
abstract changes / episode  : 26.0
DFA transitions / episode   : 1.79
DFA transitions in window   : 1->2: 95, 2->3: 84
epsilons (next episode)      : 1: 0.08000, 2: 0.08000, 3: 1.00000
replay buffer                : 300000 samples [1: 61.9%, 2: 38.1%, 3: 0.0%]
DFA state visits in window   : 1: 21716, 2: 14124, 3: 84
DFA state visits cumulative  : 1: 821422, 2: 470001, 3: 1334
DFA state entries in window  : 1: 100, 2: 95, 3: 84
DFA state entries cumulative : 1: 4600, 2: 2960, 3: 1334
transitions cumulative       : 1->2: 2960, 2->3: 1334
accepted directly from s0    : 0
Gym endings cumulative       : terminated=3208, truncated=58

[Episode 4700/8000 | last 100]
success rate                : 82.0% (cumulative 30.1%)
synthetic task reward       : 8200.000
shaping reward              : 912.085
learning reward             : 9112.085
episode length              : 269.1
abstract changes / episode  : 20.5
DFA transitions / episode   : 1.73
DFA transitions in window   : 1->2: 91, 2->3: 82
epsilons (next episode)      : 1: 0.08000, 2: 0.08000, 3: 1.00000
replay buffer                : 300000 samples [1: 61.8%, 2: 38.2%, 3: 0.0%]
DFA state visits in window   : 1: 15575, 2: 11353, 3: 82
DFA state visits cumulative  : 1: 836997, 2: 481354, 3: 1416
DFA state entries in window  : 1: 100, 2: 91, 3: 82
DFA state entries cumulative : 1: 4700, 2: 3051, 3: 1416
transitions cumulative       : 1->2: 3051, 2->3: 1416
accepted directly from s0    : 0
Gym endings cumulative       : terminated=3226, truncated=58

[Episode 4800/8000 | last 100]
success rate                : 76.0% (cumulative 31.1%)
synthetic task reward       : 7600.000
shaping reward              : 888.617
learning reward             : 8488.617
episode length              : 300.9
abstract changes / episode  : 23.6
DFA transitions / episode   : 1.64
DFA transitions in window   : 1->2: 88, 2->3: 76
epsilons (next episode)      : 1: 0.08000, 2: 0.08000, 3: 1.00000
replay buffer                : 300000 samples [1: 62.2%, 2: 37.8%, 3: 0.0%]
DFA state visits in window   : 1: 19245, 2: 10873, 3: 76
DFA state visits cumulative  : 1: 856242, 2: 492227, 3: 1492
DFA state entries in window  : 1: 100, 2: 88, 3: 76
DFA state entries cumulative : 1: 4800, 2: 3139, 3: 1492
transitions cumulative       : 1->2: 3139, 2->3: 1492
accepted directly from s0    : 0
Gym endings cumulative       : terminated=3249, truncated=59

[Episode 4900/8000 | last 100]
success rate                : 85.0% (cumulative 32.2%)
synthetic task reward       : 8500.000
shaping reward              : 955.859
learning reward             : 9455.859
episode length              : 268.8
abstract changes / episode  : 22.2
DFA transitions / episode   : 1.76
DFA transitions in window   : 1->2: 91, 2->3: 85
epsilons (next episode)      : 1: 0.08000, 2: 0.08000, 3: 1.00000
replay buffer                : 300000 samples [1: 61.6%, 2: 38.4%, 3: 0.0%]
DFA state visits in window   : 1: 15060, 2: 11839, 3: 85
DFA state visits cumulative  : 1: 871302, 2: 504066, 3: 1577
DFA state entries in window  : 1: 100, 2: 91, 3: 85
DFA state entries cumulative : 1: 4900, 2: 3230, 3: 1577
transitions cumulative       : 1->2: 3230, 2->3: 1577
accepted directly from s0    : 0
Gym endings cumulative       : terminated=3264, truncated=59

[Episode 5000/8000 | last 100]
success rate                : 82.0% (cumulative 33.2%)
synthetic task reward       : 8200.000
shaping reward              : 960.392
learning reward             : 9160.392
episode length              : 260.3
abstract changes / episode  : 21.6
DFA transitions / episode   : 1.76
DFA transitions in window   : 1->2: 94, 2->3: 82
epsilons (next episode)      : 1: 0.08000, 2: 0.08000, 3: 1.00000
replay buffer                : 300000 samples [1: 61.2%, 2: 38.8%, 3: 0.0%]
DFA state visits in window   : 1: 14954, 2: 11094, 3: 82
DFA state visits cumulative  : 1: 886256, 2: 515160, 3: 1659
DFA state entries in window  : 1: 100, 2: 94, 3: 82
DFA state entries cumulative : 1: 5000, 2: 3324, 3: 1659
transitions cumulative       : 1->2: 3324, 2->3: 1659
accepted directly from s0    : 0
Gym endings cumulative       : terminated=3282, truncated=59

[Episode 5100/8000 | last 100]
success rate                : 78.0% (cumulative 34.1%)
synthetic task reward       : 7800.000
shaping reward              : 881.090
learning reward             : 8681.090
episode length              : 258.6
abstract changes / episode  : 20.3
DFA transitions / episode   : 1.64
DFA transitions in window   : 1->2: 86, 2->3: 78
epsilons (next episode)      : 1: 0.08000, 2: 0.08000, 3: 1.00000
replay buffer                : 300000 samples [1: 61.1%, 2: 38.9%, 3: 0.0%]
DFA state visits in window   : 1: 15755, 2: 10125, 3: 78
DFA state visits cumulative  : 1: 902011, 2: 525285, 3: 1737
DFA state entries in window  : 1: 100, 2: 86, 3: 78
DFA state entries cumulative : 1: 5100, 2: 3410, 3: 1737
transitions cumulative       : 1->2: 3410, 2->3: 1737
accepted directly from s0    : 0
Gym endings cumulative       : terminated=3304, truncated=59

[Episode 5200/8000 | last 100]
success rate                : 75.0% (cumulative 34.8%)
synthetic task reward       : 7500.000
shaping reward              : 792.610
learning reward             : 8292.610
episode length              : 242.2
abstract changes / episode  : 17.3
DFA transitions / episode   : 1.55
DFA transitions in window   : 1->2: 80, 2->3: 75
epsilons (next episode)      : 1: 0.08000, 2: 0.08000, 3: 1.00000
replay buffer                : 300000 samples [1: 61.0%, 2: 39.0%, 3: 0.0%]
DFA state visits in window   : 1: 15078, 2: 9164, 3: 75
DFA state visits cumulative  : 1: 917089, 2: 534449, 3: 1812
DFA state entries in window  : 1: 100, 2: 80, 3: 75
DFA state entries cumulative : 1: 5200, 2: 3490, 3: 1812
transitions cumulative       : 1->2: 3490, 2->3: 1812
accepted directly from s0    : 0
Gym endings cumulative       : terminated=3329, truncated=59

[Episode 5300/8000 | last 100]
success rate                : 86.0% (cumulative 35.8%)
synthetic task reward       : 8600.000
shaping reward              : 929.501
learning reward             : 9529.501
episode length              : 240.4
abstract changes / episode  : 18.0
DFA transitions / episode   : 1.74
DFA transitions in window   : 1->2: 88, 2->3: 86
epsilons (next episode)      : 1: 0.08000, 2: 0.08000, 3: 1.00000
replay buffer                : 300000 samples [1: 60.6%, 2: 39.4%, 3: 0.0%]
DFA state visits in window   : 1: 14057, 2: 9994, 3: 86
DFA state visits cumulative  : 1: 931146, 2: 544443, 3: 1898
DFA state entries in window  : 1: 100, 2: 88, 3: 86
DFA state entries cumulative : 1: 5300, 2: 3578, 3: 1898
transitions cumulative       : 1->2: 3578, 2->3: 1898
accepted directly from s0    : 0
Gym endings cumulative       : terminated=3343, truncated=59

[Episode 5400/8000 | last 100]
success rate                : 76.0% (cumulative 36.6%)
synthetic task reward       : 7600.000
shaping reward              : 891.441
learning reward             : 8491.441
episode length              : 266.3
abstract changes / episode  : 20.6
DFA transitions / episode   : 1.60
DFA transitions in window   : 1->2: 84, 2->3: 76
epsilons (next episode)      : 1: 0.08000, 2: 0.08000, 3: 1.00000
replay buffer                : 300000 samples [1: 60.1%, 2: 39.9%, 3: 0.0%]
DFA state visits in window   : 1: 17090, 2: 9561, 3: 76
DFA state visits cumulative  : 1: 948236, 2: 554004, 3: 1974
DFA state entries in window  : 1: 100, 2: 84, 3: 76
DFA state entries cumulative : 1: 5400, 2: 3662, 3: 1974
transitions cumulative       : 1->2: 3662, 2->3: 1974
accepted directly from s0    : 0
Gym endings cumulative       : terminated=3367, truncated=59

[Episode 5500/8000 | last 100]
success rate                : 80.0% (cumulative 37.3%)
synthetic task reward       : 8000.000
shaping reward              : 890.574
learning reward             : 8890.574
episode length              : 265.9
abstract changes / episode  : 20.4
DFA transitions / episode   : 1.65
DFA transitions in window   : 1->2: 85, 2->3: 80
epsilons (next episode)      : 1: 0.08000, 2: 0.08000, 3: 1.00000
replay buffer                : 300000 samples [1: 60.3%, 2: 39.7%, 3: 0.0%]
DFA state visits in window   : 1: 16718, 2: 9896, 3: 80
DFA state visits cumulative  : 1: 964954, 2: 563900, 3: 2054
DFA state entries in window  : 1: 100, 2: 85, 3: 80
DFA state entries cumulative : 1: 5500, 2: 3747, 3: 2054
transitions cumulative       : 1->2: 3747, 2->3: 2054
accepted directly from s0    : 0
Gym endings cumulative       : terminated=3387, truncated=59

[Episode 5600/8000 | last 100]
success rate                : 68.0% (cumulative 37.9%)
synthetic task reward       : 6800.000
shaping reward              : 726.663
learning reward             : 7526.663
episode length              : 259.5
abstract changes / episode  : 20.7
DFA transitions / episode   : 1.42
DFA transitions in window   : 1->2: 74, 2->3: 68
epsilons (next episode)      : 1: 0.08000, 2: 0.08000, 3: 1.00000
replay buffer                : 300000 samples [1: 61.0%, 2: 39.0%, 3: 0.0%]
DFA state visits in window   : 1: 17734, 2: 8247, 3: 68
DFA state visits cumulative  : 1: 982688, 2: 572147, 3: 2122
DFA state entries in window  : 1: 100, 2: 74, 3: 68
DFA state entries cumulative : 1: 5600, 2: 3821, 3: 2122
transitions cumulative       : 1->2: 3821, 2->3: 2122
accepted directly from s0    : 0
Gym endings cumulative       : terminated=3419, truncated=59

[Episode 5700/8000 | last 100]
success rate                : 72.0% (cumulative 38.5%)
synthetic task reward       : 7200.000
shaping reward              : 814.640
learning reward             : 8014.640
episode length              : 268.9
abstract changes / episode  : 20.9
DFA transitions / episode   : 1.58
DFA transitions in window   : 1->2: 86, 2->3: 72
epsilons (next episode)      : 1: 0.08000, 2: 0.08000, 3: 1.00000
replay buffer                : 300000 samples [1: 61.4%, 2: 38.6%, 3: 0.0%]
DFA state visits in window   : 1: 17114, 2: 9800, 3: 72
DFA state visits cumulative  : 1: 999802, 2: 581947, 3: 2194
DFA state entries in window  : 1: 100, 2: 86, 3: 72
DFA state entries cumulative : 1: 5700, 2: 3907, 3: 2194
transitions cumulative       : 1->2: 3907, 2->3: 2194
accepted directly from s0    : 0
Gym endings cumulative       : terminated=3447, truncated=59

[Episode 5800/8000 | last 100]
success rate                : 66.0% (cumulative 39.0%)
synthetic task reward       : 6600.000
shaping reward              : 755.172
learning reward             : 7355.172
episode length              : 281.1
abstract changes / episode  : 22.7
DFA transitions / episode   : 1.50
DFA transitions in window   : 1->2: 84, 2->3: 66
epsilons (next episode)      : 1: 0.08000, 2: 0.08000, 3: 1.00000
replay buffer                : 300000 samples [1: 61.6%, 2: 38.4%, 3: 0.0%]
DFA state visits in window   : 1: 17146, 2: 10996, 3: 66
DFA state visits cumulative  : 1: 1016948, 2: 592943, 3: 2260
DFA state entries in window  : 1: 100, 2: 84, 3: 66
DFA state entries cumulative : 1: 5800, 2: 3991, 3: 2260
transitions cumulative       : 1->2: 3991, 2->3: 2260
accepted directly from s0    : 0
Gym endings cumulative       : terminated=3481, truncated=59

[Episode 5900/8000 | last 100]
success rate                : 41.0% (cumulative 39.0%)
synthetic task reward       : 4100.000
shaping reward              : 457.593
learning reward             : 4557.593
episode length              : 370.0
abstract changes / episode  : 29.3
DFA transitions / episode   : 1.06
DFA transitions in window   : 1->2: 65, 2->3: 41
epsilons (next episode)      : 1: 0.08000, 2: 0.08000, 3: 1.00000
replay buffer                : 300000 samples [1: 60.8%, 2: 39.2%, 3: 0.0%]
DFA state visits in window   : 1: 20665, 2: 16398, 3: 41
DFA state visits cumulative  : 1: 1037613, 2: 609341, 3: 2301
DFA state entries in window  : 1: 100, 2: 65, 3: 41
DFA state entries cumulative : 1: 5900, 2: 4056, 3: 2301
transitions cumulative       : 1->2: 4056, 2->3: 2301
accepted directly from s0    : 0
Gym endings cumulative       : terminated=3535, truncated=64

[Episode 6000/8000 | last 100]
success rate                : 52.0% (cumulative 39.2%)
synthetic task reward       : 5200.000
shaping reward              : 825.907
learning reward             : 6025.907
episode length              : 348.0
abstract changes / episode  : 24.7
DFA transitions / episode   : 1.42
DFA transitions in window   : 1->2: 90, 2->3: 52
epsilons (next episode)      : 1: 0.08000, 2: 0.08000, 3: 1.00000
replay buffer                : 300000 samples [1: 62.0%, 2: 38.0%, 3: 0.0%]
DFA state visits in window   : 1: 23370, 2: 11478, 3: 52
DFA state visits cumulative  : 1: 1060983, 2: 620819, 3: 2353
DFA state entries in window  : 1: 100, 2: 90, 3: 52
DFA state entries cumulative : 1: 6000, 2: 4146, 3: 2353
transitions cumulative       : 1->2: 4146, 2->3: 2353
accepted directly from s0    : 0
Gym endings cumulative       : terminated=3581, truncated=66

[Episode 6100/8000 | last 100]
success rate                : 54.0% (cumulative 39.5%)
synthetic task reward       : 5400.000
shaping reward              : 745.198
learning reward             : 6145.198
episode length              : 261.8
abstract changes / episode  : 21.9
DFA transitions / episode   : 1.35
DFA transitions in window   : 1->2: 81, 2->3: 54
epsilons (next episode)      : 1: 0.08000, 2: 0.08000, 3: 1.00000
replay buffer                : 300000 samples [1: 62.3%, 2: 37.7%, 3: 0.0%]
DFA state visits in window   : 1: 16299, 2: 9925, 3: 54
DFA state visits cumulative  : 1: 1077282, 2: 630744, 3: 2407
DFA state entries in window  : 1: 100, 2: 81, 3: 54
DFA state entries cumulative : 1: 6100, 2: 4227, 3: 2407
transitions cumulative       : 1->2: 4227, 2->3: 2407
accepted directly from s0    : 0
Gym endings cumulative       : terminated=3627, truncated=66

[Episode 6200/8000 | last 100]
success rate                : 53.0% (cumulative 39.7%)
synthetic task reward       : 5300.000
shaping reward              : 734.833
learning reward             : 6034.833
episode length              : 316.6
abstract changes / episode  : 26.1
DFA transitions / episode   : 1.37
DFA transitions in window   : 1->2: 84, 2->3: 53
epsilons (next episode)      : 1: 0.08000, 2: 0.08000, 3: 1.00000
replay buffer                : 300000 samples [1: 61.1%, 2: 38.9%, 3: 0.0%]
DFA state visits in window   : 1: 16022, 2: 15690, 3: 53
DFA state visits cumulative  : 1: 1093304, 2: 646434, 3: 2460
DFA state entries in window  : 1: 100, 2: 84, 3: 53
DFA state entries cumulative : 1: 6200, 2: 4311, 3: 2460
transitions cumulative       : 1->2: 4311, 2->3: 2460
accepted directly from s0    : 0
Gym endings cumulative       : terminated=3674, truncated=66

[Episode 6300/8000 | last 100]
success rate                : 50.0% (cumulative 39.8%)
synthetic task reward       : 5000.000
shaping reward              : 763.024
learning reward             : 5763.024
episode length              : 259.9
abstract changes / episode  : 22.8
DFA transitions / episode   : 1.31
DFA transitions in window   : 1->2: 81, 2->3: 50
epsilons (next episode)      : 1: 0.08000, 2: 0.08000, 3: 1.00000
replay buffer                : 300000 samples [1: 60.8%, 2: 39.2%, 3: 0.0%]
DFA state visits in window   : 1: 14404, 2: 11635, 3: 50
DFA state visits cumulative  : 1: 1107708, 2: 658069, 3: 2510
DFA state entries in window  : 1: 100, 2: 81, 3: 50
DFA state entries cumulative : 1: 6300, 2: 4392, 3: 2510
transitions cumulative       : 1->2: 4392, 2->3: 2510
accepted directly from s0    : 0
Gym endings cumulative       : terminated=3724, truncated=66

[Episode 6400/8000 | last 100]
success rate                : 67.0% (cumulative 40.3%)
synthetic task reward       : 6700.000
shaping reward              : 827.941
learning reward             : 7527.941
episode length              : 284.5
abstract changes / episode  : 20.1
DFA transitions / episode   : 1.51
DFA transitions in window   : 1->2: 84, 2->3: 67
epsilons (next episode)      : 1: 0.08000, 2: 0.08000, 3: 1.00000
replay buffer                : 300000 samples [1: 60.9%, 2: 39.1%, 3: 0.0%]
DFA state visits in window   : 1: 18097, 2: 10386, 3: 67
DFA state visits cumulative  : 1: 1125805, 2: 668455, 3: 2577
DFA state entries in window  : 1: 100, 2: 84, 3: 67
DFA state entries cumulative : 1: 6400, 2: 4476, 3: 2577
transitions cumulative       : 1->2: 4476, 2->3: 2577
accepted directly from s0    : 0
Gym endings cumulative       : terminated=3757, truncated=66

[Episode 6500/8000 | last 100]
success rate                : 53.0% (cumulative 40.5%)
synthetic task reward       : 5300.000
shaping reward              : 768.314
learning reward             : 6068.314
episode length              : 275.7
abstract changes / episode  : 22.0
DFA transitions / episode   : 1.39
DFA transitions in window   : 1->2: 86, 2->3: 53
epsilons (next episode)      : 1: 0.08000, 2: 0.08000, 3: 1.00000
replay buffer                : 300000 samples [1: 60.7%, 2: 39.3%, 3: 0.0%]
DFA state visits in window   : 1: 16720, 2: 10895, 3: 53
DFA state visits cumulative  : 1: 1142525, 2: 679350, 3: 2630
DFA state entries in window  : 1: 100, 2: 86, 3: 53
DFA state entries cumulative : 1: 6500, 2: 4562, 3: 2630
transitions cumulative       : 1->2: 4562, 2->3: 2630
accepted directly from s0    : 0
Gym endings cumulative       : terminated=3804, truncated=66

[Episode 6600/8000 | last 100]
success rate                : 53.0% (cumulative 40.7%)
synthetic task reward       : 5300.000
shaping reward              : 698.618
learning reward             : 5998.618
episode length              : 249.8
abstract changes / episode  : 21.1
DFA transitions / episode   : 1.32
DFA transitions in window   : 1->2: 79, 2->3: 53
epsilons (next episode)      : 1: 0.08000, 2: 0.08000, 3: 1.00000
replay buffer                : 300000 samples [1: 60.1%, 2: 39.9%, 3: 0.0%]
DFA state visits in window   : 1: 14365, 2: 10662, 3: 53
DFA state visits cumulative  : 1: 1156890, 2: 690012, 3: 2683
DFA state entries in window  : 1: 100, 2: 79, 3: 53
DFA state entries cumulative : 1: 6600, 2: 4641, 3: 2683
transitions cumulative       : 1->2: 4641, 2->3: 2683
accepted directly from s0    : 0
Gym endings cumulative       : terminated=3851, truncated=66

[Episode 6700/8000 | last 100]
success rate                : 64.0% (cumulative 41.0%)
synthetic task reward       : 6400.000
shaping reward              : 824.262
learning reward             : 7224.262
episode length              : 252.6
abstract changes / episode  : 19.6
DFA transitions / episode   : 1.53
DFA transitions in window   : 1->2: 89, 2->3: 64
epsilons (next episode)      : 1: 0.08000, 2: 0.08000, 3: 1.00000
replay buffer                : 300000 samples [1: 59.3%, 2: 40.7%, 3: 0.0%]
DFA state visits in window   : 1: 15106, 2: 10188, 3: 64
DFA state visits cumulative  : 1: 1171996, 2: 700200, 3: 2747
DFA state entries in window  : 1: 100, 2: 89, 3: 64
DFA state entries cumulative : 1: 6700, 2: 4730, 3: 2747
transitions cumulative       : 1->2: 4730, 2->3: 2747
accepted directly from s0    : 0
Gym endings cumulative       : terminated=3887, truncated=66

[Episode 6800/8000 | last 100]
success rate                : 57.0% (cumulative 41.2%)
synthetic task reward       : 5700.000
shaping reward              : 692.964
learning reward             : 6392.964
episode length              : 275.3
abstract changes / episode  : 21.7
DFA transitions / episode   : 1.36
DFA transitions in window   : 1->2: 79, 2->3: 57
epsilons (next episode)      : 1: 0.08000, 2: 0.08000, 3: 1.00000
replay buffer                : 300000 samples [1: 59.8%, 2: 40.2%, 3: 0.0%]
DFA state visits in window   : 1: 18505, 2: 9071, 3: 57
DFA state visits cumulative  : 1: 1190501, 2: 709271, 3: 2804
DFA state entries in window  : 1: 100, 2: 79, 3: 57
DFA state entries cumulative : 1: 6800, 2: 4809, 3: 2804
transitions cumulative       : 1->2: 4809, 2->3: 2804
accepted directly from s0    : 0
Gym endings cumulative       : terminated=3930, truncated=66

[Episode 6900/8000 | last 100]
success rate                : 51.0% (cumulative 41.4%)
synthetic task reward       : 5100.000
shaping reward              : 678.214
learning reward             : 5778.214
episode length              : 279.7
abstract changes / episode  : 23.1
DFA transitions / episode   : 1.26
DFA transitions in window   : 1->2: 75, 2->3: 51
epsilons (next episode)      : 1: 0.08000, 2: 0.08000, 3: 1.00000
replay buffer                : 300000 samples [1: 61.3%, 2: 38.7%, 3: 0.0%]
DFA state visits in window   : 1: 18941, 2: 9081, 3: 51
DFA state visits cumulative  : 1: 1209442, 2: 718352, 3: 2855
DFA state entries in window  : 1: 100, 2: 75, 3: 51
DFA state entries cumulative : 1: 6900, 2: 4884, 3: 2855
transitions cumulative       : 1->2: 4884, 2->3: 2855
accepted directly from s0    : 0
Gym endings cumulative       : terminated=3979, truncated=66

[Episode 7000/8000 | last 100]
success rate                : 65.0% (cumulative 41.7%)
synthetic task reward       : 6500.000
shaping reward              : 870.825
learning reward             : 7370.825
episode length              : 317.0
abstract changes / episode  : 20.6
DFA transitions / episode   : 1.53
DFA transitions in window   : 1->2: 88, 2->3: 65
epsilons (next episode)      : 1: 0.08000, 2: 0.08000, 3: 1.00000
replay buffer                : 300000 samples [1: 61.6%, 2: 38.4%, 3: 0.0%]
DFA state visits in window   : 1: 20719, 2: 11015, 3: 65
DFA state visits cumulative  : 1: 1230161, 2: 729367, 3: 2920
DFA state entries in window  : 1: 100, 2: 88, 3: 65
DFA state entries cumulative : 1: 7000, 2: 4972, 3: 2920
transitions cumulative       : 1->2: 4972, 2->3: 2920
accepted directly from s0    : 0
Gym endings cumulative       : terminated=4009, truncated=71

[Episode 7100/8000 | last 100]
success rate                : 57.0% (cumulative 41.9%)
synthetic task reward       : 5700.000
shaping reward              : 706.194
learning reward             : 6406.194
episode length              : 344.7
abstract changes / episode  : 23.6
DFA transitions / episode   : 1.29
DFA transitions in window   : 1->2: 72, 2->3: 57
epsilons (next episode)      : 1: 0.08000, 2: 0.08000, 3: 1.00000
replay buffer                : 300000 samples [1: 62.3%, 2: 37.7%, 3: 0.0%]
DFA state visits in window   : 1: 25051, 2: 9459, 3: 57
DFA state visits cumulative  : 1: 1255212, 2: 738826, 3: 2977
DFA state entries in window  : 1: 100, 2: 72, 3: 57
DFA state entries cumulative : 1: 7100, 2: 5044, 3: 2977
transitions cumulative       : 1->2: 5044, 2->3: 2977
accepted directly from s0    : 0
Gym endings cumulative       : terminated=4047, truncated=76

[Episode 7200/8000 | last 100]
success rate                : 54.0% (cumulative 42.1%)
synthetic task reward       : 5400.000
shaping reward              : 612.568
learning reward             : 6012.568
episode length              : 323.9
abstract changes / episode  : 21.9
DFA transitions / episode   : 1.17
DFA transitions in window   : 1->2: 63, 2->3: 54
epsilons (next episode)      : 1: 0.08000, 2: 0.08000, 3: 1.00000
replay buffer                : 300000 samples [1: 64.1%, 2: 35.9%, 3: 0.0%]
DFA state visits in window   : 1: 24012, 2: 8422, 3: 54
DFA state visits cumulative  : 1: 1279224, 2: 747248, 3: 3031
DFA state entries in window  : 1: 100, 2: 63, 3: 54
DFA state entries cumulative : 1: 7200, 2: 5107, 3: 3031
transitions cumulative       : 1->2: 5107, 2->3: 3031
accepted directly from s0    : 0
Gym endings cumulative       : terminated=4093, truncated=76

[Episode 7300/8000 | last 100]
success rate                : 37.0% (cumulative 42.0%)
synthetic task reward       : 3700.000
shaping reward              : 421.466
learning reward             : 4121.466
episode length              : 339.9
abstract changes / episode  : 24.2
DFA transitions / episode   : 0.89
DFA transitions in window   : 1->2: 52, 2->3: 37
epsilons (next episode)      : 1: 0.08000, 2: 0.08000, 3: 1.00000
replay buffer                : 300000 samples [1: 67.8%, 2: 32.2%, 3: 0.0%]
DFA state visits in window   : 1: 28464, 2: 5591, 3: 37
DFA state visits cumulative  : 1: 1307688, 2: 752839, 3: 3068
DFA state entries in window  : 1: 100, 2: 52, 3: 37
DFA state entries cumulative : 1: 7300, 2: 5159, 3: 3068
transitions cumulative       : 1->2: 5159, 2->3: 3068
accepted directly from s0    : 0
Gym endings cumulative       : terminated=4153, truncated=79

[Episode 7400/8000 | last 100]
success rate                : 60.0% (cumulative 42.3%)
synthetic task reward       : 6000.000
shaping reward              : 679.934
learning reward             : 6679.934
episode length              : 298.3
abstract changes / episode  : 20.3
DFA transitions / episode   : 1.33
DFA transitions in window   : 1->2: 73, 2->3: 60
epsilons (next episode)      : 1: 0.08000, 2: 0.08000, 3: 1.00000
replay buffer                : 300000 samples [1: 68.7%, 2: 31.3%, 3: 0.0%]
DFA state visits in window   : 1: 21810, 2: 8057, 3: 60
DFA state visits cumulative  : 1: 1329498, 2: 760896, 3: 3128
DFA state entries in window  : 1: 100, 2: 73, 3: 60
DFA state entries cumulative : 1: 7400, 2: 5232, 3: 3128
transitions cumulative       : 1->2: 5232, 2->3: 3128
accepted directly from s0    : 0
Gym endings cumulative       : terminated=4193, truncated=79

[Episode 7500/8000 | last 100]
success rate                : 76.0% (cumulative 42.7%)
synthetic task reward       : 7600.000
shaping reward              : 864.498
learning reward             : 8464.498
episode length              : 294.8
abstract changes / episode  : 21.2
DFA transitions / episode   : 1.63
DFA transitions in window   : 1->2: 87, 2->3: 76
epsilons (next episode)      : 1: 0.08000, 2: 0.08000, 3: 1.00000
replay buffer                : 300000 samples [1: 69.5%, 2: 30.5%, 3: 0.0%]
DFA state visits in window   : 1: 20407, 2: 9096, 3: 76
DFA state visits cumulative  : 1: 1349905, 2: 769992, 3: 3204
DFA state entries in window  : 1: 100, 2: 87, 3: 76
DFA state entries cumulative : 1: 7500, 2: 5319, 3: 3204
transitions cumulative       : 1->2: 5319, 2->3: 3204
accepted directly from s0    : 0
Gym endings cumulative       : terminated=4217, truncated=79

[Episode 7600/8000 | last 100]
success rate                : 70.0% (cumulative 43.1%)
synthetic task reward       : 7000.000
shaping reward              : 824.507
learning reward             : 7824.507
episode length              : 352.5
abstract changes / episode  : 24.0
DFA transitions / episode   : 1.53
DFA transitions in window   : 1->2: 83, 2->3: 70
epsilons (next episode)      : 1: 0.08000, 2: 0.08000, 3: 1.00000
replay buffer                : 300000 samples [1: 71.4%, 2: 28.6%, 3: 0.0%]
DFA state visits in window   : 1: 26250, 2: 9029, 3: 70
DFA state visits cumulative  : 1: 1376155, 2: 779021, 3: 3274
DFA state entries in window  : 1: 100, 2: 83, 3: 70
DFA state entries cumulative : 1: 7600, 2: 5402, 3: 3274
transitions cumulative       : 1->2: 5402, 2->3: 3274
accepted directly from s0    : 0
Gym endings cumulative       : terminated=4246, truncated=80

[Episode 7700/8000 | last 100]
success rate                : 84.0% (cumulative 43.6%)
synthetic task reward       : 8400.000
shaping reward              : 953.363
learning reward             : 9353.363
episode length              : 308.0
abstract changes / episode  : 20.3
DFA transitions / episode   : 1.74
DFA transitions in window   : 1->2: 90, 2->3: 84
epsilons (next episode)      : 1: 0.08000, 2: 0.08000, 3: 1.00000
replay buffer                : 300000 samples [1: 72.1%, 2: 27.9%, 3: 0.0%]
DFA state visits in window   : 1: 21538, 2: 9282, 3: 84
DFA state visits cumulative  : 1: 1397693, 2: 788303, 3: 3358
DFA state entries in window  : 1: 100, 2: 90, 3: 84
DFA state entries cumulative : 1: 7700, 2: 5492, 3: 3358
transitions cumulative       : 1->2: 5492, 2->3: 3358
accepted directly from s0    : 0
Gym endings cumulative       : terminated=4262, truncated=80

[Episode 7800/8000 | last 100]
success rate                : 88.0% (cumulative 44.2%)
synthetic task reward       : 8800.000
shaping reward              : 983.376
learning reward             : 9783.376
episode length              : 258.7
abstract changes / episode  : 18.4
DFA transitions / episode   : 1.80
DFA transitions in window   : 1->2: 92, 2->3: 88
epsilons (next episode)      : 1: 0.08000, 2: 0.08000, 3: 1.00000
replay buffer                : 300000 samples [1: 71.4%, 2: 28.6%, 3: 0.0%]
DFA state visits in window   : 1: 16216, 2: 9662, 3: 88
DFA state visits cumulative  : 1: 1413909, 2: 797965, 3: 3446
DFA state entries in window  : 1: 100, 2: 92, 3: 88
DFA state entries cumulative : 1: 7800, 2: 5584, 3: 3446
transitions cumulative       : 1->2: 5584, 2->3: 3446
accepted directly from s0    : 0
Gym endings cumulative       : terminated=4274, truncated=80

[Episode 7900/8000 | last 100]
success rate                : 66.0% (cumulative 44.5%)
synthetic task reward       : 6600.000
shaping reward              : 874.558
learning reward             : 7474.558
episode length              : 311.5
abstract changes / episode  : 22.6
DFA transitions / episode   : 1.51
DFA transitions in window   : 1->2: 85, 2->3: 66
epsilons (next episode)      : 1: 0.08000, 2: 0.08000, 3: 1.00000
replay buffer                : 300000 samples [1: 72.6%, 2: 27.4%, 3: 0.0%]
DFA state visits in window   : 1: 22053, 2: 9132, 3: 66
DFA state visits cumulative  : 1: 1435962, 2: 807097, 3: 3512
DFA state entries in window  : 1: 100, 2: 85, 3: 66
DFA state entries cumulative : 1: 7900, 2: 5669, 3: 3512
transitions cumulative       : 1->2: 5669, 2->3: 3512
accepted directly from s0    : 0
Gym endings cumulative       : terminated=4308, truncated=80

[Episode 8000/8000 | last 100]
success rate                : 61.0% (cumulative 44.7%)
synthetic task reward       : 6100.000
shaping reward              : 693.553
learning reward             : 6793.553
episode length              : 315.8
abstract changes / episode  : 21.6
DFA transitions / episode   : 1.33
DFA transitions in window   : 1->2: 72, 2->3: 61
epsilons (next episode)      : 1: 0.08000, 2: 0.08000, 3: 1.00000
replay buffer                : 300000 samples [1: 72.6%, 2: 27.4%, 3: 0.0%]
DFA state visits in window   : 1: 22437, 2: 9177, 3: 61
DFA state visits cumulative  : 1: 1458399, 2: 816274, 3: 3573
DFA state entries in window  : 1: 100, 2: 72, 3: 61
DFA state entries cumulative : 1: 8000, 2: 5741, 3: 3573
transitions cumulative       : 1->2: 5741, 2->3: 3573
accepted directly from s0    : 0
Gym endings cumulative       : terminated=4347, truncated=80
Last policy saved after episode 8000. Best policy: episode 3700, mean learning reward=10118.489
